Energy-E_F (eV)    DOS (1/eV)    PDOS (1/eV)  of atom type C  H  
     -4.99000    237.27376    217.01743     20.25633
     -4.98000    266.67538    240.56550     26.10989
     -4.97000    384.95705    343.48889     41.46816
     -4.96000    475.97172    430.17211     45.79961
     -4.95000    409.33934    380.52485     28.81449
     -4.94000    303.04918    285.77155     17.27763
     -4.93000    279.40078    255.78101     23.61977
     -4.92000    258.32618    224.24125     34.08493
     -4.91000    181.12014    151.23992     29.88022
     -4.90000    126.94437    112.02552     14.91884
     -4.89000    155.79889    145.66436     10.13452
     -4.88000    242.61875    221.17067     21.44808
     -4.87000    284.09285    251.59885     32.49401
     -4.86000    242.00250    212.28332     29.71918
     -4.85000    161.03252    143.64674     17.38579
     -4.84000    103.65353     94.05686      9.59667
     -4.83000    202.40480    183.56842     18.83638
     -4.82000    325.13766    293.54793     31.58973
     -4.81000    264.43602    233.81034     30.62569
     -4.80000    132.52270    113.17169     19.35101
     -4.79000    101.99221     91.54009     10.45212
     -4.78000    206.35895    190.71490     15.64404
     -4.77000    291.53646    264.09115     27.44531
     -4.76000    255.75797    223.13342     32.62455
     -4.75000    175.46374    151.47899     23.98475
     -4.74000    155.17790    141.83864     13.33925
     -4.73000    162.83832    150.36515     12.47316
     -4.72000    185.40739    166.72361     18.68378
     -4.71000    276.53418    243.88758     32.64660
     -4.70000    278.83277    246.72019     32.11259
     -4.69000    177.41196    159.74037     17.67159
     -4.68000    115.79388    104.55666     11.23722
     -4.67000    128.01990    115.73499     12.28491
     -4.66000    260.30007    233.92258     26.37749
     -4.65000    323.00905    286.71165     36.29740
     -4.64000    216.42675    190.79913     25.62762
     -4.63000    123.19091    111.01218     12.17873
     -4.62000    128.37583    118.07048     10.30534
     -4.61000    201.74663    180.08001     21.66662
     -4.60000    280.94314    248.28967     32.65347
     -4.59000    272.52440    242.31517     30.20923
     -4.58000    177.77964    161.81248     15.96716
     -4.57000    133.95884    123.03138     10.92747
     -4.56000    168.95173    146.90653     22.04520
     -4.55000    234.56497    204.64925     29.91573
     -4.54000    292.56910    261.64210     30.92700
     -4.53000    312.20352    276.02051     36.18301
     -4.52000    285.42176    243.30467     42.11708
     -4.51000    286.65818    239.58563     47.07255
     -4.50000    304.23323    256.40547     47.82776
     -4.49000    355.97553    308.90985     47.06568
     -4.48000    361.63212    319.26811     42.36400
     -4.47000    266.05050    232.82552     33.22498
     -4.46000    177.96648    153.98170     23.98478
     -4.45000    272.43452    236.15416     36.28037
     -4.44000    391.03677    335.65064     55.38612
     -4.43000    296.42515    257.28482     39.14033
     -4.42000    214.10804    193.38598     20.72206
     -4.41000    264.23493    237.14735     27.08758
     -4.40000    300.05595    263.39435     36.66160
     -4.39000    274.24785    232.00810     42.23974
     -4.38000    272.86182    231.42635     41.43547
     -4.37000    292.05358    261.06213     30.99145
     -4.36000    287.08890    264.48923     22.59967
     -4.35000    281.88319    248.40077     33.48241
     -4.34000    287.11739    243.17068     43.94671
     -4.33000    248.85259    213.08434     35.76825
     -4.32000    256.63692    228.97108     27.66585
     -4.31000    324.58464    291.63403     32.95060
     -4.30000    336.92293    297.65854     39.26439
     -4.29000    277.79900    243.23088     34.56813
     -4.28000    278.08978    243.70848     34.38130
     -4.27000    282.88287    247.57254     35.31033
     -4.26000    255.87548    224.19001     31.68547
     -4.25000    295.42816    263.18007     32.24809
     -4.24000    407.66500    364.39495     43.27005
     -4.23000    378.04008    332.97662     45.06345
     -4.22000    258.58523    226.18361     32.40162
     -4.21000    224.64178    200.42018     24.22160
     -4.20000    322.95535    285.74878     37.20657
     -4.19000    452.36835    398.07741     54.29095
     -4.18000    511.55700    460.26145     51.29555
     -4.17000    590.85541    537.15590     53.69951
     -4.16000    828.26312    746.30821     81.95492
     -4.15000   1073.54779    969.83298    103.71481
     -4.14000   1256.45988   1147.69257    108.76731
     -4.13000   1327.58026   1219.65011    107.93015
     -4.12000   1376.87486   1262.27876    114.59610
     -4.11000   1369.90944   1244.84988    125.05956
     -4.10000   1034.21828    932.66500    101.55329
     -4.09000    570.89604    515.35110     55.54495
     -4.08000    329.64819    305.23155     24.41664
     -4.07000    352.07065    325.81441     26.25624
     -4.06000    472.92997    426.43079     46.49917
     -4.05000    414.00095    373.53348     40.46747
     -4.04000    268.77158    247.51020     21.26138
     -4.03000    273.55073    247.16561     26.38513
     -4.02000    336.59851    298.41543     38.18308
     -4.01000    348.53477    312.46892     36.06585
     -4.00000    329.33131    299.78807     29.54324
     -3.99000    318.86950    289.71355     29.15596
     -3.98000    350.00602    311.48003     38.52599
     -3.97000    318.51878    278.78725     39.73153
     -3.96000    248.35772    222.13936     26.21836
     -3.95000    256.24425    229.83908     26.40517
     -3.94000    350.96568    310.20938     40.75630
     -3.93000    398.08591    355.32858     42.75733
     -3.92000    305.42780    270.63241     34.79540
     -3.91000    254.69603    222.66227     32.03376
     -3.90000    288.08400    252.10634     35.97766
     -3.89000    327.42810    287.72092     39.70718
     -3.88000    412.16625    368.69549     43.47077
     -3.87000    446.01547    402.46978     43.54569
     -3.86000    377.97069    336.77129     41.19940
     -3.85000    417.42218    368.11733     49.30485
     -3.84000    404.84752    353.42607     51.42145
     -3.83000    329.46236    281.36696     48.09540
     -3.82000    418.11785    361.13653     56.98132
     -3.81000    590.34948    511.21096     79.13852
     -3.80000    579.66887    482.90396     96.76492
     -3.79000    433.77960    355.76382     78.01578
     -3.78000    309.34614    273.72205     35.62408
     -3.77000    267.73162    251.55353     16.17809
     -3.76000    276.30330    257.21201     19.09129
     -3.75000    300.11612    281.26955     18.84656
     -3.74000    232.90082    222.36383     10.53699
     -3.73000    192.82572    184.71629      8.10944
     -3.72000    261.31398    246.93541     14.37857
     -3.71000    260.74164    245.16009     15.58155
     -3.70000    212.79221    200.76539     12.02683
     -3.69000    237.79778    225.78932     12.00846
     -3.68000    309.50123    293.97902     15.52221
     -3.67000    269.66686    254.25566     15.41121
     -3.66000    180.32704    171.20714      9.11990
     -3.65000    222.03388    212.69075      9.34313
     -3.64000    296.80966    280.28742     16.52223
     -3.63000    350.48956    330.25270     20.23687
     -3.62000    349.22772    334.70321     14.52450
     -3.61000    285.35123    276.71585      8.63538
     -3.60000    218.93270    208.66902     10.26368
     -3.59000    202.26431    185.16792     17.09639
     -3.58000    186.13392    170.85404     15.27988
     -3.57000    130.48596    123.82581      6.66015
     -3.56000     84.30293     79.33488      4.96805
     -3.55000     97.05715     86.11733     10.93982
     -3.54000    133.60380    119.27190     14.33190
     -3.53000    132.54934    122.24961     10.29973
     -3.52000    129.68775    122.66716      7.02059
     -3.51000    140.57206    130.33556     10.23650
     -3.50000    118.07843    105.89988     12.17856
     -3.49000     94.51206     85.50561      9.00646
     -3.48000    110.98465    102.53923      8.44543
     -3.47000    174.97127    163.13819     11.83307
     -3.46000    290.52749    275.08064     15.44685
     -3.45000    279.23580    267.87290     11.36291
     -3.44000    225.50019    216.28980      9.21039
     -3.43000    289.95690    274.97895     14.97795
     -3.42000    271.72739    254.95084     16.77655
     -3.41000    201.77677    191.32001     10.45676
     -3.40000    247.09023    239.05922      8.03101
     -3.39000    295.23085    281.47846     13.75239
     -3.38000    237.84666    220.35930     17.48735
     -3.37000    155.72750    144.55780     11.16970
     -3.36000    199.00195    192.04835      6.95360
     -3.35000    288.96231    276.96811     11.99420
     -3.34000    287.07275    268.92319     18.14956
     -3.33000    202.25749    188.84254     13.41495
     -3.32000    178.88746    171.74404      7.14342
     -3.31000    208.20666    198.25523      9.95142
     -3.30000    238.01649    221.46174     16.55475
     -3.29000    255.13780    240.37230     14.76550
     -3.28000    241.98138    233.11040      8.87097
     -3.27000    232.66023    222.04568     10.61456
     -3.26000    211.02704    195.36305     15.66399
     -3.25000    172.48454    159.50635     12.97819
     -3.24000    193.37135    184.93049      8.44085
     -3.23000    306.74647    294.07872     12.66774
     -3.22000    298.85143    281.75399     17.09744
     -3.21000    181.24207    168.91027     12.33180
     -3.20000    131.27489    123.72322      7.55167
     -3.19000    223.96916    211.59083     12.37833
     -3.18000    310.71222    293.33181     17.38040
     -3.17000    258.09942    245.44413     12.65529
     -3.16000    167.58461    159.12754      8.45708
     -3.15000    215.59656    201.99548     13.60108
     -3.14000    299.65676    282.78687     16.86990
     -3.13000    210.68571    199.99639     10.68932
     -3.12000    145.35496    136.25551      9.09945
     -3.11000    255.31107    239.47944     15.83162
     -3.10000    334.78273    318.65342     16.12931
     -3.09000    250.50275    240.02570     10.47706
     -3.08000    169.84308    157.93573     11.90735
     -3.07000    187.62686    172.31100     15.31586
     -3.06000    222.52001    210.94971     11.57030
     -3.05000    316.00344    303.41363     12.58981
     -3.04000    332.03577    314.20129     17.83448
     -3.03000    193.92977    180.53346     13.39631
     -3.02000    136.73609    128.03114      8.70495
     -3.01000    269.45855    254.21227     15.24627
     -3.00000    326.53180    308.91797     17.61383
     -2.99000    254.65662    242.63793     12.01870
     -2.98000    235.51985    222.50020     13.01965
     -2.97000    252.66276    236.24544     16.41731
     -2.96000    292.99111    278.31552     14.67559
     -2.95000    259.50228    246.39924     13.10304
     -2.94000    223.67632    207.95831     15.71801
     -2.93000    265.24938    250.21212     15.03725
     -2.92000    343.21325    328.52968     14.68356
     -2.91000    360.79880    342.11673     18.68206
     -2.90000    249.34004    233.71540     15.62465
     -2.89000    205.81219    193.10970     12.70249
     -2.88000    315.93674    297.83555     18.10119
     -2.87000    399.42982    380.16669     19.26313
     -2.86000    363.94589    347.34778     16.59810
     -2.85000    363.37381    343.70065     19.67316
     -2.84000    405.83352    385.51118     20.32234
     -2.83000    418.66527    398.35694     20.30833
     -2.82000    441.71641    418.06407     23.65235
     -2.81000    491.30827    467.78866     23.51961
     -2.80000    569.35939    544.26766     25.09172
     -2.79000    433.33467    412.11285     21.22182
     -2.78000    179.64538    167.07601     12.56937
     -2.77000     98.81556     86.84803     11.96753
     -2.76000     88.16128     76.97442     11.18686
     -2.75000    130.69584    118.82046     11.87538
     -2.74000    226.37012    212.24593     14.12419
     -2.73000    228.06302    214.46848     13.59454
     -2.72000    150.04698    136.37698     13.67000
     -2.71000     99.47693     86.88531     12.59162
     -2.70000    101.97824     88.48246     13.49578
     -2.69000    129.19785    115.29089     13.90696
     -2.68000    215.78879    199.99448     15.79432
     -2.67000    262.93632    246.04290     16.89342
     -2.66000    196.71456    179.91759     16.79697
     -2.65000    136.26687    119.68345     16.58343
     -2.64000    129.73457    112.30716     17.42741
     -2.63000    151.43318    132.64905     18.78413
     -2.62000    225.35054    204.16938     21.18116
     -2.61000    315.68235    291.27912     24.40323
     -2.60000    302.84334    275.61460     27.22874
     -2.59000    264.00489    232.07905     31.92584
     -2.58000    309.04679    267.35358     41.69321
     -2.57000    345.68823    299.42147     46.26677
     -2.56000    261.90883    232.32538     29.58345
     -2.55000    191.21184    181.36291      9.84893
     -2.54000    146.74645    143.82447      2.92198
     -2.53000     59.96736     59.01063      0.95673
     -2.52000     10.64162     10.47167      0.16994
     -2.51000     10.22076     10.09760      0.12316
     -2.50000     63.85182     63.06680      0.78502
     -2.49000    178.40781    176.05760      2.35021
     -2.48000    232.06739    228.76176      3.30563
     -2.47000    183.09976    180.40280      2.69696
     -2.46000    135.30938    133.39982      1.90956
     -2.45000    111.06839    109.54658      1.52180
     -2.44000     79.22912     78.14981      1.07931
     -2.43000     99.80323     98.41610      1.38713
     -2.42000    207.51711    204.49894      3.01817
     -2.41000    206.09076    202.97939      3.11137
     -2.40000     84.07005     82.76858      1.30147
     -2.39000     39.92642     39.34108      0.58534
     -2.38000     94.65303     93.32737      1.32567
     -2.37000    149.46280    147.37511      2.08769
     -2.36000    144.69783    142.53570      2.16213
     -2.35000    120.40906    118.40268      2.00638
     -2.34000    103.72143    102.07033      1.65110
     -2.33000    117.35085    115.69474      1.65612
     -2.32000    123.70758    121.97627      1.73131
     -2.31000     89.32459     88.02912      1.29547
     -2.30000     65.35642     64.27635      1.08007
     -2.29000    117.15624    115.17731      1.97893
     -2.28000    177.37133    174.64231      2.72902
     -2.27000    163.42825    161.06784      2.36040
     -2.26000     82.35196     81.16600      1.18596
     -2.25000     25.16080     24.77275      0.38805
     -2.24000     54.55442     53.62220      0.93222
     -2.23000    174.75813    171.90314      2.85498
     -2.22000    227.03859    223.50475      3.53384
     -2.21000    114.96878    113.25281      1.71597
     -2.20000     24.91808     24.55474      0.36333
     -2.19000     30.26059     29.77391      0.48668
     -2.18000    127.16957    125.05893      2.11064
     -2.17000    244.33041    239.99461      4.33580
     -2.16000    312.84250    305.47239      7.37010
     -2.15000    524.52155    508.80902     15.71253
     -2.14000    747.84747    724.84281     23.00466
     -2.13000    782.88089    759.99964     22.88125
     -2.12000    752.49928    731.92998     20.56930
     -2.11000    639.10842    621.75153     17.35689
     -2.10000    505.10955    490.66983     14.43972
     -2.09000    476.34007    462.42045     13.91962
     -2.08000    530.92725    516.13967     14.78758
     -2.07000    621.71134    605.28431     16.42703
     -2.06000    693.05788    674.54997     18.50790
     -2.05000    543.06448    527.99799     15.06650
     -2.04000    227.85751    221.41106      6.44645
     -2.03000     74.89220     73.29021      1.60199
     -2.02000    112.23974    110.76693      1.47280
     -2.01000    147.91594    145.91638      1.99956
     -2.00000     98.71982     97.09234      1.62747
     -1.99000    101.07488     98.37848      2.69640
     -1.98000    177.24809    172.28951      4.95858
     -1.97000    201.61857    197.09014      4.52843
     -1.96000    194.28178    191.18593      3.09584
     -1.95000    170.83044    168.07054      2.75990
     -1.94000    262.31484    257.16032      5.15452
     -1.93000    430.34055    421.65249      8.68805
     -1.92000    508.03428    498.10200      9.93228
     -1.91000    548.54370    538.42493     10.11877
     -1.90000    503.81427    494.51722      9.29705
     -1.89000    395.71953    387.91150      7.80804
     -1.88000    353.63376    346.40761      7.22615
     -1.87000    417.43461    409.39980      8.03481
     -1.86000    534.13685    524.59777      9.53908
     -1.85000    539.94938    530.27998      9.66940
     -1.84000    469.28130    460.29946      8.98184
     -1.83000    501.49982    491.66941      9.83041
     -1.82000    691.55607    678.57188     12.98419
     -1.81000    862.58785    847.14986     15.43798
     -1.80000    652.69644    641.38645     11.30999
     -1.79000    245.54778    241.40841      4.13937
     -1.78000     51.42584     50.61826      0.80758
     -1.77000     65.94570     65.10769      0.83801
     -1.76000    171.26970    169.18015      2.08955
     -1.75000    211.13054    208.62720      2.50334
     -1.74000    116.08401    114.73281      1.35120
     -1.73000     37.21621     36.77536      0.44085
     -1.72000     57.55012     56.83389      0.71623
     -1.71000    126.73324    125.19109      1.54215
     -1.70000    172.52345    170.50150      2.02195
     -1.69000    151.90130    150.15795      1.74336
     -1.68000     84.48658     83.50661      0.97997
     -1.67000     79.65296     78.68948      0.96349
     -1.66000    123.68412    122.21926      1.46486
     -1.65000    123.15481    121.76085      1.39397
     -1.64000     90.72778     89.71388      1.01390
     -1.63000    111.54387    110.24380      1.30006
     -1.62000    157.05919    155.20297      1.85622
     -1.61000    156.26660    154.49537      1.77123
     -1.60000    108.27300    107.13657      1.13643
     -1.59000     50.09672     49.56986      0.52686
     -1.58000     66.62109     65.81418      0.80691
     -1.57000    168.04749    166.10246      1.94503
     -1.56000    213.83432    211.52953      2.30479
     -1.55000    121.80211    120.55194      1.25017
     -1.54000     53.96882     53.37016      0.59865
     -1.53000    105.57505    104.37015      1.20490
     -1.52000    156.57298    154.93170      1.64127
     -1.51000    112.80097    111.69105      1.10992
     -1.50000    108.58560    107.45553      1.13006
     -1.49000    175.67439    173.84902      1.82536
     -1.48000    190.37400    188.36923      2.00477
     -1.47000    110.46980    109.29354      1.17626
     -1.46000     74.51671     73.93262      0.58410
     -1.45000    120.46187    119.55015      0.91172
     -1.44000    167.93928    166.31488      1.62440
     -1.43000    201.59899    199.46757      2.13141
     -1.42000    202.14249    200.23382      1.90867
     -1.41000    164.25499    163.07490      1.18009
     -1.40000    141.93376    141.12556      0.80820
     -1.39000    197.77952    196.48228      1.29724
     -1.38000    266.66144    264.69674      1.96471
     -1.37000    247.68001    245.76419      1.91582
     -1.36000    156.76620    155.35358      1.41261
     -1.35000     78.71272     77.73785      0.97487
     -1.34000     73.44016     72.12344      1.31672
     -1.33000     77.59929     76.11603      1.48326
     -1.32000     37.36128     36.66056      0.70072
     -1.31000     29.70306     29.28108      0.42198
     -1.30000     93.37489     92.05315      1.32173
     -1.29000    149.33762    147.00429      2.33333
     -1.28000    100.28698     98.56908      1.71789
     -1.27000     28.33487     27.81461      0.52027
     -1.26000     11.13130     10.91056      0.22074
     -1.25000     46.07979     45.18509      0.89470
     -1.24000    111.46445    109.48455      1.97990
     -1.23000    131.48746    129.49078      1.99668
     -1.22000     79.73596     78.69287      1.04309
     -1.21000     33.56851     33.06137      0.50713
     -1.20000     53.70573     52.61087      1.09486
     -1.19000     80.75603     79.08705      1.66898
     -1.18000     57.35795     56.27920      1.07875
     -1.17000     62.07671     61.27436      0.80235
     -1.16000     98.33388     97.05426      1.27963
     -1.15000    107.36537    105.56136      1.80401
     -1.14000     86.76605     85.03461      1.73144
     -1.13000     36.68174     35.91758      0.76415
     -1.12000     12.74447     12.50880      0.23568
     -1.11000     50.63506     49.81492      0.82014
     -1.10000    139.39625    137.14372      2.25253
     -1.09000    142.22950    139.93136      2.29814
     -1.08000     53.72401     52.85418      0.86983
     -1.07000     13.00497     12.76462      0.24035
     -1.06000     35.29058     34.54028      0.75030
     -1.05000     86.58290     84.82694      1.75596
     -1.04000    110.15023    108.28494      1.86529
     -1.03000     99.42713     98.14049      1.28664
     -1.02000     60.64424     59.86440      0.77984
     -1.01000     55.98770     54.89043      1.09727
     -1.00000     80.71380     78.96707      1.74673
     -0.99000     56.31831     55.13714      1.18117
     -0.98000     42.59080     41.98130      0.60951
     -0.97000     88.68572     87.56050      1.12523
     -0.96000    124.44071    122.47404      1.96668
     -0.95000    102.02986    100.04914      1.98072
     -0.94000     43.47517     42.55226      0.92290
     -0.93000     12.57175     12.31720      0.25455
     -0.92000     41.47754     40.76077      0.71677
     -0.91000    128.59197    126.44546      2.14651
     -0.90000    149.75453    147.33480      2.41973
     -0.89000     65.06967     64.05024      1.01943
     -0.88000     16.51277     16.21843      0.29433
     -0.87000     37.47388     36.64978      0.82410
     -0.86000     89.32848     87.47170      1.85678
     -0.85000    112.61849    110.71904      1.89945
     -0.84000     98.44128     97.20273      1.23855
     -0.83000     59.31570     58.53246      0.78323
     -0.82000     61.00217     59.73479      1.26738
     -0.81000     81.30199     79.47665      1.82534
     -0.80000     56.76376     55.61799      1.14577
     -0.79000     61.91409     61.13465      0.77943
     -0.78000    103.86793    102.51495      1.35298
     -0.77000    115.27607    113.24144      2.03464
     -0.76000     83.04278     81.27042      1.77236
     -0.75000     31.33111     30.64031      0.69080
     -0.74000     26.35995     25.94160      0.41834
     -0.73000     96.73016     95.22808      1.50208
     -0.72000    157.79292    155.18757      2.60535
     -0.71000     97.15013     95.44848      1.70165
     -0.70000     24.76084     24.29416      0.46668
     -0.69000     24.39310     23.87324      0.51986
     -0.68000     87.77126     86.05338      1.71788
     -0.67000    145.32931    142.87911      2.45020
     -0.66000    105.73407    104.24387      1.49020
     -0.65000     40.29026     39.71886      0.57140
     -0.64000     45.50456     44.48949      1.01507
     -0.63000     90.14352     88.16416      1.97936
     -0.62000    105.83116    104.02627      1.80489
     -0.61000     97.47431     96.30630      1.16801
     -0.60000     71.81583     70.78518      1.03066
     -0.59000     78.43313     76.70394      1.72919
     -0.58000     81.51920     79.68131      1.83789
     -0.57000     70.60875     69.51232      1.09643
     -0.56000     95.56152     94.43322      1.12830
     -0.55000    108.86786    107.07219      1.79567
     -0.54000     95.17410     93.08865      2.08545
     -0.53000     56.20537     55.00518      1.20019
     -0.52000     62.44599     61.63134      0.81464
     -0.51000    120.02504    118.31790      1.70714
     -0.50000    129.56445    127.16628      2.39817
     -0.49000     72.14093     70.58834      1.55260
     -0.48000     43.61184     42.90570      0.70615
     -0.47000    100.11636     98.70165      1.41471
     -0.46000    148.55468    146.03413      2.52055
     -0.45000     96.69403     94.78479      1.90924
     -0.44000     46.40650     45.59827      0.80824
     -0.43000     91.32014     90.02157      1.29857
     -0.42000    150.34753    147.83718      2.51035
     -0.41000    108.59537    106.51559      2.07977
     -0.40000     61.07297     60.08655      0.98642
     -0.39000    104.54351    103.10502      1.43849
     -0.38000    145.29846    142.80048      2.49798
     -0.37000    110.42394    108.33232      2.09162
     -0.36000     93.83882     92.57197      1.26685
     -0.35000    120.15039    118.47272      1.67767
     -0.34000    141.49272    138.94664      2.54608
     -0.33000    143.17993    140.92320      2.25674
     -0.32000    121.28621    119.80308      1.48314
     -0.31000    153.54324    151.37972      2.16351
     -0.30000    212.83696    209.68381      3.15315
     -0.29000    209.97846    207.42455      2.55391
     -0.28000    169.34511    167.40193      1.94317
     -0.27000    126.72228    124.40807      2.31421
     -0.26000     83.51089     81.44775      2.06314
     -0.25000     40.08585     39.00790      1.07795
     -0.24000     53.73063     52.25246      1.47817
     -0.23000     80.41033     78.19504      2.21529
     -0.22000     53.81940     52.33406      1.48534
     -0.21000     48.00654     46.66897      1.33757
     -0.20000     79.00903     76.80116      2.20787
     -0.19000     64.85780     63.04303      1.81477
     -0.18000     51.34285     49.89481      1.44804
     -0.17000     78.83262     76.60019      2.23242
     -0.16000     69.87507     67.89319      1.98187
     -0.15000     59.75705     58.05017      1.70688
     -0.14000     82.57113     80.20406      2.36707
     -0.13000     71.67737     69.61756      2.05980
     -0.12000     73.29408     71.17484      2.11923
     -0.11000     86.59506     84.08490      2.51016
     -0.10000     77.79979     75.53605      2.26375
     -0.09000     90.35014     87.71107      2.63908
     -0.08000     90.84425     88.18414      2.66010
     -0.07000     97.56450     94.69847      2.86603
     -0.06000    105.08499    101.99203      3.09296
     -0.05000    113.97937    110.61891      3.36046
     -0.04000    127.79211    124.02220      3.76991
     -0.03000    149.91110    145.49325      4.41785
     -0.02000    193.64321    187.96202      5.68119
     -0.01000    250.43986    243.14604      7.29383
      0.00000    223.28543    216.82278      6.46265
      0.01000     97.98285     95.15835      2.82450
      0.02000     18.02337     17.50518      0.51819
      0.03000      1.30192      1.26456      0.03736
      0.04000      0.03590      0.03487      0.00103
      0.05000      0.00000      0.00000      0.00000
      0.06000      0.00000      0.00000      0.00000
      0.07000      0.00000      0.00000      0.00000
      0.08000      0.00000      0.00000      0.00000
      0.09000      0.00000      0.00000      0.00000
      0.10000      0.00000      0.00000      0.00000
      0.11000      0.00000      0.00000      0.00000
      0.12000      0.00000      0.00000      0.00000
      0.13000      0.00000      0.00000      0.00000
      0.14000      0.00000      0.00000      0.00000
      0.15000      0.00000      0.00000      0.00000
      0.16000      0.00000      0.00000      0.00000
      0.17000      0.00000      0.00000      0.00000
      0.18000      0.00000      0.00000      0.00000
      0.19000      0.00000      0.00000      0.00000
      0.20000      0.00000      0.00000      0.00000
      0.21000      0.00000      0.00000      0.00000
      0.22000      0.00000      0.00000      0.00000
      0.23000      0.00000      0.00000      0.00000
      0.24000      0.00000      0.00000      0.00000
      0.25000      0.00000      0.00000      0.00000
      0.26000      0.00000      0.00000      0.00000
      0.27000      0.00000      0.00000      0.00000
      0.28000      0.00000      0.00000      0.00000
      0.29000      0.00000      0.00000      0.00000
      0.30000      0.00000      0.00000      0.00000
      0.31000      0.00000      0.00000      0.00000
      0.32000      0.00000      0.00000      0.00000
      0.33000      0.00000      0.00000      0.00000
      0.34000      0.00000      0.00000      0.00000
      0.35000      0.00000      0.00000      0.00000
      0.36000      0.00000      0.00000      0.00000
      0.37000      0.00000      0.00000      0.00000
      0.38000      0.00000      0.00000      0.00000
      0.39000      0.00000      0.00000      0.00000
      0.40000      0.00000      0.00000      0.00000
      0.41000      0.00000      0.00000      0.00000
      0.42000      0.00000      0.00000      0.00000
      0.43000      0.00000      0.00000      0.00000
      0.44000      0.00000      0.00000      0.00000
      0.45000      0.00000      0.00000      0.00000
      0.46000      0.00000      0.00000      0.00000
      0.47000      0.00000      0.00000      0.00000
      0.48000      0.00000      0.00000      0.00000
      0.49000      0.00000      0.00000      0.00000
      0.50000      0.00000      0.00000      0.00000
      0.51000      0.00000      0.00000      0.00000
      0.52000      0.00000      0.00000      0.00000
      0.53000      0.00000      0.00000      0.00000
      0.54000      0.00000      0.00000      0.00000
      0.55000      0.00000      0.00000      0.00000
      0.56000      0.00000      0.00000      0.00000
      0.57000      0.00000      0.00000      0.00000
      0.58000      0.00000      0.00000      0.00000
      0.59000      0.00000      0.00000      0.00000
      0.60000      0.00000      0.00000      0.00000
      0.61000      0.00000      0.00000      0.00000
      0.62000      0.00000      0.00000      0.00000
      0.63000      0.00000      0.00000      0.00000
      0.64000      0.00000      0.00000      0.00000
      0.65000      0.00000      0.00000      0.00000
      0.66000      0.00000      0.00000      0.00000
      0.67000      0.00000      0.00000      0.00000
      0.68000      0.00000      0.00000      0.00000
      0.69000      0.00000      0.00000      0.00000
      0.70000      0.00000      0.00000      0.00000
      0.71000      0.00000      0.00000      0.00000
      0.72000      0.00000      0.00000      0.00000
      0.73000      0.00000      0.00000      0.00000
      0.74000      0.00000      0.00000      0.00000
      0.75000      0.00000      0.00000      0.00000
      0.76000      0.00000      0.00000      0.00000
      0.77000      0.00000      0.00000      0.00000
      0.78000      0.00000      0.00000      0.00000
      0.79000      0.00000      0.00000      0.00000
      0.80000      0.00000      0.00000      0.00000
      0.81000      0.00000      0.00000      0.00000
      0.82000      0.00000      0.00000      0.00000
      0.83000      0.00000      0.00000      0.00000
      0.84000      0.00000      0.00000      0.00000
      0.85000      0.00000      0.00000      0.00000
      0.86000      0.00000      0.00000      0.00000
      0.87000      0.00000      0.00000      0.00000
      0.88000      0.00000      0.00000      0.00000
      0.89000      0.00000      0.00000      0.00000
      0.90000      0.00000      0.00000      0.00000
      0.91000      0.00000      0.00000      0.00000
      0.92000      0.00000      0.00000      0.00000
      0.93000      0.00000      0.00000      0.00000
      0.94000      0.00000      0.00000      0.00000
      0.95000      0.00000      0.00000      0.00000
      0.96000      0.00000      0.00000      0.00000
      0.97000      0.00000      0.00000      0.00000
      0.98000      0.00000      0.00000      0.00000
      0.99000      0.00000      0.00000      0.00000
      1.00000      0.00000      0.00000      0.00000
      1.01000      0.00000      0.00000      0.00000
      1.02000      0.00000      0.00000      0.00000
      1.03000      0.00000      0.00000      0.00000
      1.04000      0.00000      0.00000      0.00000
      1.05000      0.00000      0.00000      0.00000
      1.06000      0.00000      0.00000      0.00000
      1.07000      0.00000      0.00000      0.00000
      1.08000      0.00000      0.00000      0.00000
      1.09000      0.00000      0.00000      0.00000
      1.10000      0.00000      0.00000      0.00000
      1.11000      0.00000      0.00000      0.00000
      1.12000      0.00000      0.00000      0.00000
      1.13000      0.00000      0.00000      0.00000
      1.14000      0.00000      0.00000      0.00000
      1.15000      0.00000      0.00000      0.00000
      1.16000      0.00000      0.00000      0.00000
      1.17000      0.00000      0.00000      0.00000
      1.18000      0.00000      0.00000      0.00000
      1.19000      0.00000      0.00000      0.00000
      1.20000      0.00000      0.00000      0.00000
      1.21000      0.00000      0.00000      0.00000
      1.22000      0.00000      0.00000      0.00000
      1.23000      0.00000      0.00000      0.00000
      1.24000      0.00000      0.00000      0.00000
      1.25000      0.00000      0.00000      0.00000
      1.26000      0.00000      0.00000      0.00000
      1.27000      0.00000      0.00000      0.00000
      1.28000      0.00000      0.00000      0.00000
      1.29000      0.00000      0.00000      0.00000
      1.30000      0.00000      0.00000      0.00000
      1.31000      0.00000      0.00000      0.00000
      1.32000      0.00000      0.00000      0.00000
      1.33000      0.00000      0.00000      0.00000
      1.34000      0.00000      0.00000      0.00000
      1.35000      0.00000      0.00000      0.00000
      1.36000      0.00000      0.00000      0.00000
      1.37000      0.00000      0.00000      0.00000
      1.38000      0.00000      0.00000      0.00000
      1.39000      0.00000      0.00000      0.00000
      1.40000      0.00000      0.00000      0.00000
      1.41000      0.00000      0.00000      0.00000
      1.42000      0.00000      0.00000      0.00000
      1.43000      0.00000      0.00000      0.00000
      1.44000      0.00000      0.00000      0.00000
      1.45000      0.00000      0.00000      0.00000
      1.46000      0.00000      0.00000      0.00000
      1.47000      0.00000      0.00000      0.00000
      1.48000      0.00000      0.00000      0.00000
      1.49000      0.00000      0.00000      0.00000
      1.50000      0.00000      0.00000      0.00000
      1.51000      0.00000      0.00000      0.00000
      1.52000      0.00038      0.00037      0.00000
      1.53000      0.03594      0.03555      0.00039
      1.54000      1.21993      1.20669      0.01324
      1.55000     15.95674     15.78292      0.17382
      1.56000     83.71478     82.79662      0.91816
      1.57000    191.05254    188.92806      2.12448
      1.58000    226.35158    223.76227      2.58932
      1.59000    191.05540    188.76082      2.29458
      1.60000    156.46785    154.47487      1.99298
      1.61000    135.57793    133.75105      1.82688
      1.62000    122.77598    121.03226      1.74372
      1.63000    112.22291    110.54751      1.67539
      1.64000    106.59569    104.92874      1.66695
      1.65000     98.02678     96.42225      1.60453
      1.66000     97.43503     95.77124      1.66379
      1.67000     87.69141     86.13375      1.55765
      1.68000     90.98083     89.29282      1.68801
      1.69000     82.32326     80.75127      1.57198
      1.70000     81.42966     79.79792      1.63174
      1.71000     84.49647     82.76358      1.73290
      1.72000     69.89169     68.40114      1.49055
      1.73000     83.34791     81.50462      1.84329
      1.74000     72.62607     70.99278      1.63330
      1.75000     66.36108     64.79555      1.56553
      1.76000     83.86131     81.84554      2.01577
      1.77000     73.21213     71.48593      1.72620
      1.78000    120.48680    117.81764      2.66916
      1.79000    205.12841    200.79348      4.33493
      1.80000    201.03119    196.93992      4.09127
      1.81000    186.73590    182.74689      3.98901
      1.82000    182.25813    178.14746      4.11068
      1.83000    137.24332    134.18630      3.05702
      1.84000    146.00477    142.64665      3.35813
      1.85000    146.91165    143.24668      3.66497
      1.86000    117.54487    114.70594      2.83893
      1.87000    131.75380    128.61659      3.13721
      1.88000    131.91423    128.34951      3.56472
      1.89000    102.58757     99.81778      2.76979
      1.90000    118.19715    115.31064      2.88652
      1.91000    138.32281    134.53867      3.78414
      1.92000     97.87849     94.90209      2.97639
      1.93000     80.02072     77.82713      2.19359
      1.94000    137.62077    133.89516      3.72562
      1.95000    137.72958    133.64924      4.08035
      1.96000     65.86483     63.74982      2.11501
      1.97000     69.86136     67.65211      2.20925
      1.98000    147.39694    142.94315      4.45378
      1.99000    134.08391    130.16038      3.92353
      2.00000     60.91747     58.99337      1.92410
      2.01000     70.66047     67.93492      2.72555
      2.02000    117.02875    112.94760      4.08116
      2.03000    121.55608    118.10642      3.44966
      2.04000     96.92650     94.02727      2.89923
      2.05000     91.63572     87.96598      3.66974
      2.06000     73.77699     70.68348      3.09351
      2.07000     67.64399     65.43334      2.21065
      2.08000    128.59193    124.53201      4.05992
      2.09000    141.26917    136.21317      5.05600
      2.10000     68.02992     65.29790      2.73203
      2.11000     35.35318     33.75107      1.60211
      2.12000     85.90488     82.21408      3.69080
      2.13000    139.36334    134.22944      5.13391
      2.14000    112.24875    108.74616      3.50259
      2.15000     69.93673     67.28440      2.65232
      2.16000     81.04551     76.99258      4.05293
      2.17000     70.47710     66.96917      3.50793
      2.18000     62.22733     59.91882      2.30851
      2.19000    122.72563    118.42059      4.30504
      2.20000    143.72792    137.90427      5.82365
      2.21000     73.26689     69.89195      3.37495
      2.22000     30.16145     28.55666      1.60478
      2.23000     64.04334     60.58209      3.46125
      2.24000    114.47289    109.11084      5.36205
      2.25000    119.72578    115.44469      4.28109
      2.26000     90.67829     87.47437      3.20392
      2.27000     84.93563     80.48884      4.44680
      2.28000     76.07397     71.58796      4.48601
      2.29000     38.81527     36.62714      2.18813
      2.30000     63.60845     60.73807      2.87038
      2.31000    146.99382    140.57090      6.42292
      2.32000    134.50745    128.66835      5.83911
      2.33000     52.21767     49.81541      2.40226
      2.34000     44.70286     41.92884      2.77402
      2.35000     80.20598     75.07279      5.13318
      2.36000     74.73262     70.51905      4.21357
      2.37000     84.80779     81.58941      3.21838
      2.38000    127.57980    122.27521      5.30459
      2.39000    118.13833    111.81284      6.32548
      2.40000     57.13640     53.59358      3.54283
      2.41000     26.71988     24.93622      1.78366
      2.42000     62.84603     58.75608      4.08995
      2.43000    111.92256    105.63375      6.28881
      2.44000    118.20774    113.28029      4.92745
      2.45000     91.23370     87.62418      3.60952
      2.46000     84.34540     79.29906      5.04634
      2.47000     77.73491     72.39484      5.34006
      2.48000     36.91651     34.37113      2.54538
      2.49000     41.42298     38.94824      2.47474
      2.50000    118.15198    111.85239      6.29959
      2.51000    150.50061    143.30980      7.19081
      2.52000     80.25365     76.71211      3.54154
      2.53000     46.62163     43.81035      2.81128
      2.54000     76.10445     70.76603      5.33841
      2.55000     66.62748     61.97566      4.65182
      2.56000     41.76394     39.42039      2.34356
      2.57000     95.85121     91.43637      4.41483
      2.58000    156.92501    149.20361      7.72140
      2.59000    100.81061     95.46101      5.34960
      2.60000     33.47246     31.47500      1.99746
      2.61000     46.84426     43.67682      3.16744
      2.62000     81.66645     76.19432      5.47213
      2.63000     76.53822     72.38283      4.15539
      2.64000    129.65844    125.95257      3.70587
      2.65000    247.98182    241.71208      6.26974
      2.66000    265.20862    258.38563      6.82299
      2.67000    193.85605    189.57485      4.28120
      2.68000    133.25915    130.80902      2.45012
      2.69000    139.90731    136.06229      3.84502
      2.70000    180.36802    174.51783      5.85019
      2.71000    163.00002    157.87612      5.12390
      2.72000    169.22063    164.35491      4.86572
      2.73000    180.91593    175.26021      5.65572
      2.74000    132.93912    127.91358      5.02553
      2.75000     78.54725     75.59350      2.95375
      2.76000     98.41822     95.32219      3.09603
      2.77000    137.89964    133.01924      4.88040
      2.78000    152.00915    146.17034      5.83881
      2.79000    148.94474    143.60573      5.33901
      2.80000    140.26688    135.42151      4.84537
      2.81000    131.39357    126.38920      5.00437
      2.82000    105.99207    101.46064      4.53143
      2.83000     65.19858     62.36507      2.83351
      2.84000     92.28503     88.10734      4.17769
      2.85000    243.50855    229.72650     13.78206
      2.86000    457.89690    427.56191     30.33499
      2.87000    496.84107    460.43755     36.40352
      2.88000    384.94173    355.11524     29.82649
      2.89000    345.87242    320.57963     25.29279
      2.90000    344.13146    320.18116     23.95030
      2.91000    302.46140    280.82856     21.63284
      2.92000    250.20547    232.00341     18.20206
      2.93000    271.13921    253.46368     17.67554
      2.94000    323.07909    303.80431     19.27478
      2.95000    312.12199    292.65076     19.47123
      2.96000    237.77146    221.21454     16.55692
      2.97000    164.44479    151.79334     12.65145
      2.98000    156.56000    144.86630     11.69370
      2.99000    233.81859    219.01590     14.80269
      3.00000    324.88029    305.99951     18.88078
      3.01000    289.49922    272.39135     17.10787
      3.02000    179.91364    167.97841     11.93523
      3.03000    137.70852    127.53620     10.17232
      3.04000    190.16329    177.40691     12.75638
      3.05000    262.45320    246.37249     16.08071
      3.06000    215.69611    202.33102     13.36509
      3.07000    163.66692    153.03792     10.62900
      3.08000    188.78248    177.29931     11.48317
      3.09000    227.84296    213.74108     14.10188
      3.10000    241.41925    226.46365     14.95560
      3.11000    221.06831    207.88708     13.18123
      3.12000    147.22528    137.95832      9.26696
      3.13000    118.86871    110.39170      8.47702
      3.14000    159.38835    148.54567     10.84268
      3.15000    244.68320    229.76845     14.91475
      3.16000    272.24632    256.96888     15.27744
      3.17000    209.66054    197.81430     11.84623
      3.18000    139.75522    130.77686      8.97836
      3.19000    124.49754    116.11374      8.38380
      3.20000    173.53838    162.21221     11.32617
      3.21000    182.21546    170.65089     11.56456
      3.22000    212.50231    199.65939     12.84292
      3.23000    224.41200    211.59178     12.82022
      3.24000    166.61144    157.10991      9.50154
      3.25000    156.04961    146.69385      9.35576
      3.26000    182.09453    171.39918     10.69535
      3.27000    205.04191    192.21378     12.82814
      3.28000    167.37941    156.27513     11.10428
      3.29000    118.90951    111.20048      7.70903
      3.30000    153.82764    144.94470      8.88294
      3.31000    200.54808    189.81811     10.72997
      3.32000    257.98091    243.53423     14.44667
      3.33000    231.45965    217.74962     13.71003
      3.34000    129.41634    121.30761      8.10873
      3.35000     96.01627     89.72097      6.29530
      3.36000     93.93100     87.85534      6.07566
      3.37000    179.28299    168.45767     10.82532
      3.38000    285.75671    269.98498     15.77174
      3.39000    255.55990    242.52089     13.03901
      3.40000    161.40035    152.84641      8.55394
      3.41000     96.68437     91.11325      5.57112
      3.42000    120.52403    113.41556      7.10847
      3.43000    167.55332    157.45491     10.09841
      3.44000    173.65340    163.61768     10.03572
      3.45000    233.18670    220.99218     12.19452
      3.46000    212.35306    201.64611     10.70694
      3.47000    122.20547    115.17611      7.02936
      3.48000    140.03905    130.55709      9.48196
      3.49000    174.70512    163.35483     11.35029
      3.50000    178.35447    167.17108     11.18338
      3.51000    172.74916    161.80284     10.94632
      3.52000    146.53255    137.36319      9.16935
      3.53000    164.47377    154.61447      9.85930
      3.54000    175.73080    165.60962     10.12118
      3.55000    203.37860    192.03433     11.34428
      3.56000    232.85085    219.30143     13.54942
      3.57000    182.71255    171.54228     11.17027
      3.58000    122.50526    115.25485      7.25041
      3.59000     87.27486     82.38974      4.88512
      3.60000    132.23082    124.76004      7.47078
      3.61000    230.55448    217.06802     13.48647
      3.62000    282.16152    265.96125     16.20028
      3.63000    229.14637    216.90987     12.23650
      3.64000    128.48960    122.03525      6.45435
      3.65000    101.66187     96.55097      5.11090
      3.66000    117.80882    111.32885      6.47996
      3.67000    177.06964    166.70096     10.36868
      3.68000    226.58318    213.69206     12.89112
      3.69000    249.42423    236.08486     13.33937
      3.70000    215.45272    204.51572     10.93700
      3.71000    137.90523    131.32612      6.57912
      3.72000    136.78033    130.27507      6.50526
      3.73000    170.54977    162.00800      8.54177
      3.74000    180.52743    171.50247      9.02496
      3.75000    198.64373    188.31177     10.33196
      3.76000    245.04575    231.97856     13.06719
      3.77000    209.92803    199.35112     10.57691
      3.78000    149.18812    142.78165      6.40647
      3.79000    154.46212    148.29562      6.16650
      3.80000    223.40838    213.61998      9.78840
      3.81000    249.24211    237.37693     11.86518
      3.82000    201.93160    192.67998      9.25162
      3.83000    177.77498    170.44541      7.32957
      3.84000    206.37454    197.70242      8.67212
      3.85000    212.18243    203.42285      8.75958
      3.86000    237.58010    227.69104      9.88906
      3.87000    282.98949    271.49495     11.49454
      3.88000    265.78338    256.54451      9.23887
      3.89000    213.80499    207.98130      5.82369
      3.90000    219.21161    213.58433      5.62728
      3.91000    318.80392    308.58482     10.21910
      3.92000    431.18523    416.98482     14.20041
      3.93000    465.51609    453.66250     11.85359
      3.94000    437.93155    428.59577      9.33578
      3.95000    269.66951    263.11204      6.55747
      3.96000     98.90413     96.00366      2.90047
      3.97000     76.93433     74.59351      2.34081
      3.98000    101.27529     97.48350      3.79178
      3.99000    102.84631     97.29207      5.55424
      4.00000     77.38942     72.40890      4.98052
      4.01000     37.64372     34.60104      3.04268
      4.02000     52.30097     45.72459      6.57638
      4.03000     92.95388     72.20253     20.75135
      4.04000    130.47167     57.92237     72.54930
      4.05000    219.05177     71.81090    147.24087
      4.06000    258.62817    135.91524    122.71293
      4.07000    223.69082    175.17086     48.51996
      4.08000    150.60267    133.18786     17.41481
      4.09000     55.47952     49.57840      5.90112
      4.10000     11.39098      8.67451      2.71647
      4.11000     37.18134     12.71910     24.46223
      4.12000    206.85813     71.18384    135.67429
      4.13000    503.42725    178.44733    324.97991
      4.14000    622.52444    221.35362    401.17082
      4.15000    556.53775    164.48255    392.05520
      4.16000    587.21175     99.79926    487.41249
      4.17000    688.00198     91.70049    596.30149
      4.18000    684.25411    121.01681    563.23730
      4.19000    600.43621    125.53657    474.89965
      4.20000    519.89661    110.51683    409.37978
      4.21000    513.91361    143.90803    370.00558
      4.22000    506.54824    164.43382    342.11442
      4.23000    441.59941    125.05847    316.54093
      4.24000    399.33323    102.71821    296.61502
      4.25000    390.89619    108.87884    282.01735
      4.26000    357.93104     90.12237    267.80866
      4.27000    354.56578     96.90862    257.65715
      4.28000    353.26135    104.46161    248.79973
      4.29000    336.51555     97.70381    238.81174
      4.30000    337.22606    105.97469    231.25137
      4.31000    321.49814     98.11114    223.38700
      4.32000    348.25528    129.57155    218.68372
      4.33000    376.27009    159.33055    216.93954
      4.34000    310.96931    104.13471    206.83460
      4.35000    242.40296     44.56755    197.83541
      4.36000    234.70098     43.48557    191.21541
      4.37000    286.61634     92.85823    193.75811
      4.38000    329.82098    138.21723    191.60375
      4.39000    330.80229    139.47228    191.33001
      4.40000    305.34249    124.26255    181.07993
      4.41000    274.93617     97.41788    177.51829
      4.42000    220.16968     50.48415    169.68554
      4.43000    211.87701     45.27611    166.60090
      4.44000    283.71844    109.28148    174.43696
      4.45000    326.52901    158.55458    167.97443
      4.46000    287.75631    114.31275    173.44357
      4.47000    235.99430     83.37660    152.61770
      4.48000    257.99081     92.55498    165.43584
      4.49000    211.40527     60.68368    150.72159
      4.50000    197.08819     48.36167    148.72652
      4.51000    256.02058     96.51501    159.50556
      4.52000    290.40559    145.15458    145.25101
      4.53000    323.50002    158.90947    164.59055
      4.54000    273.71902    125.80651    147.91251
      4.55000    203.18752     63.21999    139.96753
      4.56000    172.97846     25.44869    147.52977
      4.57000    145.34200     19.12847    126.21353
      4.58000    200.43634     58.33553    142.10081
      4.59000    313.59208    164.06121    149.53087
      4.60000    358.49470    218.41507    140.07963
      4.61000    279.54012    131.50399    148.03613
      4.62000    172.19773     42.00911    130.18862
      4.63000    144.34993     22.53578    121.81415
      4.64000    188.65872     51.05142    137.60730
      4.65000    216.33933     86.18600    130.15333
      4.66000    214.84292     87.69217    127.15075
      4.67000    263.95879    125.83542    138.12337
      4.68000    292.37497    160.81852    131.55645
      4.69000    223.91640     99.16166    124.75473
      4.70000    194.28805     66.21983    128.06822
      4.71000    210.28239     85.37710    124.90529
      4.72000    185.74504     65.24659    120.49845
      4.73000    169.27736     48.38825    120.88911
      4.74000    223.58170     98.69498    124.88672
      4.75000    273.15362    145.77451    127.37911
      4.76000    225.42953    104.36776    121.06177
      4.77000    174.74725     56.67323    118.07402
      4.78000    198.51510     79.05378    119.46132
      4.79000    227.55416    111.81829    115.73587
      4.80000    230.86619    111.67024    119.19595
      4.81000    208.32709     84.99163    123.33546
      4.82000    187.64239     74.72847    112.91392
      4.83000    195.95923     86.29990    109.65933
      4.84000    190.00586     69.08916    120.91670
      4.85000    197.54422     80.03465    117.50957
      4.86000    223.62799    118.27508    105.35291
      4.87000    236.25400    119.63192    116.62208
      4.88000    196.16088     75.19737    120.96351
      4.89000    154.03609     54.34853     99.68756
      4.90000    211.05509    106.39105    104.66404
      4.91000    273.97157    142.15572    131.81585
      4.92000    205.99483     89.94547    116.04936
      4.93000    125.84714     39.27485     86.57230
      4.94000    166.34540     59.02926    107.31614
      4.95000    214.69676     88.87985    125.81691
      4.96000    178.49699     80.61892     97.87807
      4.97000    213.85563    120.63619     93.21944
      4.98000    284.62414    154.94140    129.68275
      4.99000    218.62217     96.25766    122.36451
      5.00000    154.65136     70.62713     84.02423
      5.01000    176.35081     81.54014     94.81067
      5.02000    176.90573     51.50782    125.39790
      5.03000    127.45170     23.76921    103.68249
      5.04000    124.89544     51.81847     73.07697
      5.05000    267.19084    156.69616    110.49468
      5.06000    360.95805    215.47062    145.48743
      5.07000    227.64289    124.20517    103.43772
      5.08000     99.55562     33.04957     66.50605
      5.09000    118.96329     17.10872    101.85457
      5.10000    166.68462     39.85279    126.83184
      5.11000    178.63054     86.47607     92.15446
      5.12000    197.31910    121.52465     75.79446
      5.13000    249.11273    130.21041    118.90232
      5.14000    253.68119    120.82322    132.85796
      5.15000    171.54550     87.99349     83.55201
      5.16000    141.39263     74.26946     67.12317
      5.17000    200.64467     84.50209    116.14258
      5.18000    187.19275     58.79840    128.39435
      5.19000    143.72643     63.15372     80.57271
      5.20000    199.35060    128.74994     70.60066
      5.21000    254.16576    135.45781    118.70795
      5.22000    200.45541     70.88455    129.57086
      5.23000    138.04630     58.26081     79.78549
      5.24000    157.89245     96.74169     61.15076
      5.25000    228.24955    118.50469    109.74486
      5.26000    247.23690    111.96852    135.26838
      5.27000    187.60841     97.00384     90.60457
      5.28000    134.36618     76.12550     58.24068
      5.29000    132.68476     38.93558     93.74919
      5.30000    155.05404     27.91651    127.13753
      5.31000    149.62021     52.30737     97.31284
      5.32000    141.89746     78.20786     63.68960
      5.33000    185.28588     90.65722     94.62866
      5.34000    278.34635    135.89620    142.45015
      5.35000    284.52086    161.03359    123.48727
      5.36000    198.81006    126.50341     72.30665
      5.37000    144.43667     67.12246     77.31422
      5.38000    143.57755     28.11291    115.46464
      5.39000    138.19102     27.43811    110.75291
      5.40000    136.01042     64.09571     71.91470
      5.41000    200.57822    122.54488     78.03334
      5.42000    294.88205    168.98730    125.89475
      5.43000    270.28075    138.55664    131.72411
      5.44000    162.98957     75.57905     87.41053
      5.45000    143.64495     74.47516     69.16978
      5.46000    162.15363     64.35023     97.80340
      5.47000    142.07906     32.03608    110.04298
      5.48000    136.52912     42.03315     94.49597
      5.49000    199.87568    117.13834     82.73733
      5.50000    285.36780    176.36768    109.00012
      5.51000    257.66759    139.58242    118.08517
      5.52000    175.91747     71.04408    104.87340
      5.53000    138.41786     49.86763     88.55024
      5.54000    169.83090     74.56006     95.27085
      5.55000    164.60249     70.93245     93.67003
      5.56000    167.32853     72.55326     94.77527
      5.57000    221.35971    104.68840    116.67131
      5.58000    241.73901    120.60519    121.13383
      5.59000    216.99186    121.24771     95.74416
      5.60000    180.03502     94.29943     85.73559
      5.61000    191.93569     60.54783    131.38786
      5.62000    210.27612     72.98212    137.29400
      5.63000    189.38189    103.74376     85.63813
      5.64000    194.41982    104.37085     90.04897
      5.65000    226.35860     77.43838    148.92022
      5.66000    219.79166     77.58340    142.20826
      5.67000    224.17384    110.47314    113.70069
      5.68000    220.38097    105.14488    115.23609
      5.69000    186.21250     69.25635    116.95614
      5.70000    247.06019     93.11585    153.94434
      5.71000    283.56994    140.17665    143.39329
      5.72000    184.36454    100.30511     84.05943
      5.73000    171.37762     62.27307    109.10455
      5.74000    240.14498     77.94825    162.19673
      5.75000    194.67351     72.12259    122.55092
      5.76000    187.34146     84.96359    102.37787
      5.77000    276.13644    137.41351    138.72293
      5.78000    338.18981    165.62488    172.56493
      5.79000    284.86586    116.87309    167.99277
      5.80000    202.19135     61.80674    140.38461
      5.81000    223.03178     71.63888    151.39290
      5.82000    214.22189     78.06836    136.15353
      5.83000    164.97163     76.95058     88.02105
      5.84000    200.34594    108.73569     91.61026
      5.85000    263.93992    152.06169    111.87823
      5.86000    226.55031    144.03777     82.51254
      5.87000    146.33390     92.21338     54.12052
      5.88000    147.40343     55.23393     92.16950
      5.89000    370.85828     64.72495    306.13332
      5.90000    776.81150    104.21518    672.59632
      5.91000   1017.39493    133.45643    883.93850
      5.92000    950.88938    142.77361    808.11577
      5.93000    819.56632    144.10137    675.46495
      5.94000    748.80209    142.52187    606.28022
      5.95000    748.40180    145.16729    603.23451
      5.96000    815.30116    167.89591    647.40525
      5.97000    730.39900    160.15344    570.24555
      5.98000    445.81592    108.98880    336.82713
      5.99000    242.82784     62.37995    180.44790
      6.00000    165.38016     35.56369    129.81647
      6.01000    176.17568     43.29971    132.87597
      6.02000    203.60070     70.76356    132.83714
      6.03000    181.97328     60.89604    121.07724
      6.04000    141.08431     25.68957    115.39474
      6.05000    117.72211     10.23434    107.48778
      6.06000    102.32985      7.39983     94.93003
      6.07000    107.45901      8.59311     98.86589
      6.08000    115.01075     13.28557    101.72518
      6.09000    123.56879     29.68186     93.88693
      6.10000    163.97219     70.53490     93.43730
      6.11000    220.86940    100.31755    120.55185
      6.12000    177.15171     74.07148    103.08023
      6.13000    107.07357     35.98985     71.08372
      6.14000    124.26803     29.83264     94.43540
      6.15000    146.55518     33.10891    113.44627
      6.16000    161.65042     35.88230    125.76812
      6.17000    291.29794     77.06525    214.23268
      6.18000    456.21651    138.40148    317.81502
      6.19000    399.00941    135.23601    263.77340
      6.20000    255.44338     86.22497    169.21841
      6.21000    199.72932     47.52543    152.20388
      6.22000    197.69458     42.50891    155.18567
      6.23000    233.59384     46.66904    186.92480
      6.24000    240.05089     42.59291    197.45798
      6.25000    221.50674     46.64031    174.86643
      6.26000    254.66774     55.47492    199.19282
      6.27000    273.41936     74.87436    198.54500
      6.28000    235.66475     84.37355    151.29120
      6.29000    218.01997     64.08566    153.93431
      6.30000    247.62214     62.63725    184.98490
      6.31000    200.77753     54.43824    146.33930
      6.32000    160.56445     32.62964    127.93482
      6.33000    185.72095     30.05156    155.66939
      6.34000    199.60370     35.34140    164.26230
      6.35000    187.44852     52.29459    135.15393
      6.36000    209.88911     85.79024    124.09887
      6.37000    233.23106     92.36292    140.86813
      6.38000    255.83016     80.17115    175.65901
      6.39000    231.37019     57.34699    174.02320
      6.40000    119.03359     22.94895     96.08464
      6.41000     84.20769     11.11843     73.08926
      6.42000    169.02156     24.27574    144.74582
      6.43000    254.07469     58.44810    195.62659
      6.44000    269.61085    107.66845    161.94240
      6.45000    224.16272    121.16671    102.99601
      6.46000    303.38205    154.21424    149.16781
      6.47000    546.39950    263.03094    283.36857
      6.48000    646.04941    306.98843    339.06097
      6.49000    574.00199    273.63857    300.36343
      6.50000    447.72733    239.08764    208.63969
      6.51000    396.28186    238.00747    158.27439
      6.52000    472.51127    257.61324    214.89826
      6.53000    551.97469    258.99446    292.99869
      6.54000    474.70260    224.39554    250.81877
      6.55000    381.51270    189.93818    197.08994
      6.56000    551.93950    207.60942    368.28459
      6.57000    836.54406    238.31558    643.51121
      6.58000    920.48445    259.19649    708.47261
      6.59000    935.45081    255.31127    732.20679
      6.60000   1085.51597    269.92337    890.81163
      6.61000   1177.87666    321.85931    941.32322
      6.62000   1108.48139    386.80512    796.09232
      6.63000   1018.88815    393.79375    685.77468
      6.64000    924.91516    278.40743    696.01343
      6.65000    812.85056    162.71180    693.10351
      6.66000    637.35876     96.38413    582.79693
      6.67000    480.48039     46.32569    476.02390
      6.68000    478.26236     36.24162    482.08638
      6.69000    511.49802     43.59694    504.49425
      6.70000    532.25101     51.49986    513.85740
      6.71000    553.21417     77.84000    505.13106
      6.72000    530.43991     94.24314    466.92940
      6.73000    460.09495     81.56612    410.58075
      6.74000    415.24114     67.77094    378.14131
      6.75000    448.90905     52.09146    426.24722
      6.76000    486.00223     42.41945    470.22342
      6.77000    467.24468     52.94225    440.09118
      6.78000    421.45700     73.47963    375.20662
      6.79000    388.72745     67.72490    348.50205
      6.80000    388.16177     60.46622    353.43907
      6.81000    451.89846     70.43656    407.01367
      6.82000    447.17000     59.96315    410.69399
      6.83000    427.83686     65.80438    384.86812
      6.84000    420.85072     84.53729    360.11455
      6.85000    381.77537     74.48263    331.52269
      6.86000    360.32359     56.21783    327.43674
      6.87000    350.85915     38.08967    333.10519
      6.88000    409.36551     34.50863    396.06032
      6.89000    398.68395     48.18332    371.02966
      6.90000    394.83540     96.18803    319.64749
      6.91000    432.04558    127.89075    325.73916
      6.92000    376.94381     76.27965    321.37013
      6.93000    335.61126     29.13845    322.08231
      6.94000    343.48253     20.49551    332.28022
      6.95000    395.23922     46.76630    359.83416
      6.96000    418.24504     84.02321    352.13477
      6.97000    357.65887     79.12027    298.70472
      6.98000    284.23725     59.24010    242.93021
      6.99000    339.73279     58.52511    300.82361
      7.00000    486.64012     91.64309    415.37115
      7.01000    467.23187    115.41140    367.07585
      7.02000    321.55974     70.31024    268.41711
      7.03000    303.96267     42.77156    281.49549
      7.04000    359.47968     64.62172    311.39804
      7.05000    384.91233     79.08979    320.86825
      7.06000    403.11040     77.31915    337.45381
      7.07000    463.88851    107.46258    366.58336
      7.08000    556.96089    161.76429    413.68325
      7.09000    502.30020    147.24031    375.22062
      7.10000    261.44567     65.59725    208.43231
      7.11000    207.41546     17.53274    206.47963
      7.12000    316.08841     15.79587    322.47791
      7.13000    289.89730     22.46909    281.07802
      7.14000    219.10002     22.31699    208.17176
      7.15000    233.46363     27.66570    225.85578
      7.16000    236.17479     49.13317    204.21921
      7.17000    234.46684     45.81497    196.78809
      7.18000    297.62428     26.11607    277.58284
      7.19000    323.64526     22.61619    306.23793
      7.20000    221.40050     13.99615    213.32713
      7.21000    163.56864      4.81270    173.39845
      7.22000    199.98856      9.76278    211.09249
      7.23000    205.74878     25.87175    191.98766
      7.24000    270.29970     41.18453    237.77712
      7.25000    372.99202     58.26404    333.73628
      7.26000    296.76172     53.64863    263.72809
      7.27000    129.52571     24.14492    115.25259
      7.28000    148.44761     14.87343    144.36111
      7.29000    300.54756     21.53316    300.02337
      7.30000    322.01246     20.81511    318.44006
      7.31000    198.89875     13.04312    193.83465
      7.32000    173.98475     17.16229    169.41353
      7.33000    294.57630     50.22550    263.20839
      7.34000    356.86465     68.35775    300.23458
      7.35000    272.12300     37.20966    239.45396
      7.36000    152.30804      8.25346    147.87338
      7.37000    140.50829      0.97966    146.00474
      7.38000    208.07666      2.63463    215.35977
      7.39000    271.72806     11.74766    270.58942
      7.40000    246.05139     27.72080    225.19319
      7.41000    163.51032     51.10712    114.90483
      7.42000    123.20489     65.77563     57.86904
      7.43000    149.04450     69.82446     79.25841
      7.44000    203.98171     74.51106    129.66095
      7.45000    244.77784     50.27163    196.61563
      7.46000    324.34033     23.14242    310.22901
      7.47000    315.00747     10.82111    319.13278
      7.48000    187.85009     24.03747    173.51691
      7.49000    149.28460     52.86079    100.77348
      7.50000    267.74669     53.87657    224.41965
      7.51000    404.15440     39.27474    384.67986
      7.52000    283.78495     23.02661    274.91371
      7.53000     91.98492      7.36534     90.08849
      7.54000    100.17854     10.39087     99.30542
      7.55000    296.04588     47.30387    267.73308
      7.56000    480.74757     93.58731    403.90247
      7.57000    415.56817     91.08884    331.70447
      7.58000    289.01236     77.79764    217.98107
      7.59000    267.35837     68.71380    213.50772
      7.60000    243.39832     42.17867    218.75648
      7.61000    276.57771     44.11499    243.59223
      7.62000    367.37087     75.20571    297.87153
      7.63000    362.05105     81.92835    289.74495
      7.64000    265.99011     55.45105    225.59095
      7.65000    239.43569     59.62308    193.04484
      7.66000    297.69062     95.30841    210.27541
      7.67000    349.33253     96.65035    257.58257
      7.68000    406.10109    103.29262    311.31219
      7.69000    377.34312    104.89001    283.26723
      7.70000    291.04766     76.43489    223.33741
      7.71000    220.03312     51.82012    174.05494
      7.72000    228.49365     37.21494    195.07594
      7.73000    314.12406     39.99206    277.88740
      7.74000    279.82393     38.87867    244.13816
      7.75000    257.66814     54.21001    206.85710
      7.76000    309.76446     95.18036    218.72036
      7.77000    310.24331     95.71297    220.43822
      7.78000    332.81215     63.51546    276.74236
      7.79000    295.42056     43.19275    256.51529
      7.80000    201.65606     31.83249    171.40720
      7.81000    220.99818     51.45574    171.58425
      7.82000    279.48958     67.06995    217.75469
      7.83000    319.74753     53.23127    274.82533
      7.84000    354.55234     70.36103    289.40980
      7.85000    297.04467     81.50196    216.84353
      7.86000    208.64185     56.17675    153.19345
      7.87000    223.57253     59.11001    167.56483
      7.88000    325.26322     65.69516    265.38834
      7.89000    354.82868     50.55915    308.35308
      7.90000    264.88827     38.19033    227.78609
      7.91000    191.41097     31.67362    159.86484
      7.92000    219.76664     59.19768    160.79247
      7.93000    340.22146    104.50724    236.96383
      7.94000    376.88936     88.70815    290.82716
      7.95000    313.31474     57.40832    258.10520
      7.96000    263.04629     44.37913    219.72032
      7.97000    212.15242     29.35891    183.78381
      7.98000    217.30752     37.36006    183.54870
      7.99000    289.38340     70.87053    227.42119
      8.00000    307.76973     90.41982    226.54570
      8.01000    350.50881     97.31105    258.89966
      8.02000    376.23085     88.25223    291.60597
      8.03000    259.98134     52.07279    211.17726
      8.04000    215.53564     40.90014    182.99522
      8.05000    270.93163     68.76475    215.27212
      8.06000    299.35558     77.50061    232.97922
      8.07000    318.70161     73.64503    252.60126
      8.08000    326.82430     78.13069    252.34081
      8.09000    280.66089     65.73092    219.41018
      8.10000    294.20161     74.37612    230.68312
      8.11000    355.27167     99.63302    269.19291
      8.12000    362.68159     92.02484    281.19313
      8.13000    275.40329     58.55987    221.94003
      8.14000    277.13145     58.74007    219.93267
      8.15000    472.62971    112.78717    363.00512
      8.16000    891.63142    248.23370    651.52355
      8.17000   1355.78688    421.68929    942.01051
      8.18000   1402.44197    447.11942    958.15830
      8.19000   1193.89607    355.69642    838.57351
      8.20000   1059.35258    298.09975    761.27096
      8.21000   1063.87803    285.82230    778.05606
      8.22000   1261.77187    322.56575    939.20613
      8.23000   1430.08916    376.19374   1053.89543
      8.24000   1291.42093    362.15514    929.26658
      8.25000    906.37656    268.83319    637.58596
      8.26000    438.31151    137.44377    301.70683
      8.27000    179.16359     44.14710    141.09934
      8.28000    242.38928     41.58772    217.02801
      8.29000    313.06306     80.99256    247.99840
      8.30000    232.69523     78.98692    159.46190
      8.31000    139.66251     37.93277    102.51443
      8.32000    144.93358     25.45411    119.96174
      8.33000    254.67172     57.22578    201.08955
      8.34000    373.05371     95.68495    288.34327
      8.35000    371.43302    110.77341    272.82214
      8.36000    208.21041     76.80172    136.36749
      8.37000     88.39974     24.12022     65.03022
      8.38000     90.51588      5.38513     85.37748
      8.39000    117.21293     18.42498    101.02347
      8.40000    213.58307     70.78391    151.77708
      8.41000    301.67873    123.14852    192.38472
      8.42000    235.92445     91.57573    154.86766
      8.43000    135.19292     28.72655    113.64398
      8.44000     79.02200     11.08854     71.65564
      8.45000    102.01170     35.10565     68.68475
      8.46000    176.25276     76.61825    105.64271
      8.47000    212.00503     79.59373    146.85262
      8.48000    205.88287     49.99584    171.92287
      8.49000    186.07600     44.64186    151.25094
      8.50000    139.86760     48.71672     94.38298
      8.51000    150.33100     74.52580     76.56108
      8.52000    206.03375    105.80420    103.18745
      8.53000    238.30768     80.61854    169.17447
      8.54000    211.45004     28.27089    201.28766
      8.55000    124.83042      7.28433    129.47964
      8.56000     88.55612     30.08442     61.80688
      8.57000    229.03149    111.82494    117.62152
      8.58000    382.38849    163.10671    219.76427
      8.59000    323.62278    100.00929    226.77936
      8.60000    256.89780     43.94755    221.99821
      8.61000    232.55871     43.66719    199.61504
      8.62000    164.05370     62.72004    106.43374
      8.63000    168.35646     95.96007     73.35388
      8.64000    190.94906     94.98152     96.43526
      8.65000    174.54851     63.22622    115.02632
      8.66000    202.65542     39.60997    176.09212
      8.67000    257.71664     61.46394    213.81456
      8.68000    225.79072    100.94610    133.83733
      8.69000    150.18210     85.32859     66.60863
      8.70000    117.50385     46.30756     71.54979
      8.71000    128.60638     34.54451     95.51530
      8.72000    193.15409     57.10280    140.11818
      8.73000    235.10023     91.05983    152.10567
      8.74000    225.89272     92.81351    146.02390
      8.75000    193.07530     71.97544    131.20927
      8.76000    165.18011     57.00317    111.22546
      8.77000    173.87483     49.89787    124.31865
      8.78000    189.07401     68.34607    120.79406
      8.79000    178.59480     88.71854     90.74384
      8.80000    160.81347     67.74560     98.37912
      8.81000    163.03095     40.05807    134.93736
      8.82000    218.40475     65.12151    163.19831
      8.83000    288.03469    115.29311    175.76434
      8.84000    231.17173    101.32512    130.18634
      8.85000    110.18535     48.18216     62.05290
      8.86000     93.59284     35.39248     58.86182
      8.87000    221.64394     88.50981    137.63740
      8.88000    292.77751    117.41665    186.64308
      8.89000    198.17196     68.28693    140.28346
      8.90000    180.67145     55.88703    128.31012
      8.91000    260.99359    102.47158    158.96207
      8.92000    251.00109    132.70043    118.33841
      8.93000    190.20733    109.51132     81.09080
      8.94000    162.98546     70.01823     96.22533
      8.95000    243.46795     88.02157    165.34663
      8.96000    332.46971    147.25423    196.28256
      8.97000    335.11329    182.02522    157.63926
      8.98000    336.86385    189.47629    148.07617
      8.99000    372.54403    230.48421    142.10463
      9.00000    422.44846    297.18918    125.44742
      9.01000    418.49218    311.88967    108.59131
      9.02000    387.04280    257.52516    137.28401
      9.03000    392.34773    223.89621    179.60860
      9.04000    386.48713    234.14798    158.23558
      9.05000    341.12204    222.55904    119.70940
      9.06000    273.02598    180.02418     93.08590
      9.07000    244.98823    166.34463     78.72127
      9.08000    287.29282    200.23781     88.05439
      9.09000    309.35077    200.48222    113.73364
      9.10000    377.70150    220.17311    166.24124
      9.11000    645.17413    429.81575    221.09868
      9.12000    958.82674    698.59477    261.62326
      9.13000   1012.08414    763.22430    248.98388
      9.14000    927.21202    713.90848    213.30761
      9.15000    929.93086    701.73715    228.19376
      9.16000   1038.01123    720.99633    317.01490
      9.17000   1098.56310    704.70837    393.85473
      9.18000   1049.48526    671.86337    377.62189
      9.19000   1025.69069    659.37730    366.31339
      9.20000   1058.62491    659.91483    398.71007
      9.21000   1013.68729    642.73787    370.94941
      9.22000    867.13427    587.68049    279.45378
      9.23000    683.33452    485.75707    197.57744
      9.24000    754.26328    530.01580    224.24749
      9.25000    839.57706    594.45117    245.12589
      9.26000    656.58522    478.49796    178.08725
      9.27000    515.84237    337.81153    178.03084
      9.28000    505.82231    279.40715    226.41515
      9.29000    369.59432    212.65390    156.94042
      9.30000    258.11391    169.11601     88.99790
      9.31000    300.25649    187.54997    112.70652
      9.32000    374.22728    218.30418    155.92311
      9.33000    376.89325    209.27422    167.61903
      9.34000    379.86733    219.83967    160.02766
      9.35000    473.18507    277.49372    195.69136
      9.36000    481.09085    284.61006    196.48080
      9.37000    365.46790    244.01338    121.45453
      9.38000    395.18547    285.57521    109.61026
      9.39000    526.64792    379.65870    146.98923
      9.40000    541.42080    383.29183    158.12897
      9.41000    412.83108    273.51466    139.31642
      9.42000    314.37997    167.94130    146.43867
      9.43000    346.43825    146.10073    200.33752
      9.44000    332.79968    142.99331    189.80637
      9.45000    213.22164     98.86631    114.35533
      9.46000    157.72063     63.84126     93.87937
      9.47000    197.73644     79.83450    117.90194
      9.48000    226.24505    103.71219    122.53286
      9.49000    231.18183    100.49824    130.68359
      9.50000    269.33375    111.88648    157.44727
      9.51000    323.51642    145.60756    177.90886
      9.52000    320.55771    148.72229    171.83542
      9.53000    243.29116    106.78910    136.50206
      9.54000    203.70615     87.16371    116.54244
      9.55000    196.22231     96.82820     99.39411
      9.56000    287.22101    176.74459    110.47643
      9.57000    424.92611    293.10735    131.81875
      9.58000    510.65890    347.19468    163.46422
      9.59000    571.03871    353.01526    218.02346
      9.60000    557.81543    339.64402    218.17140
      9.61000    433.17579    295.83208    137.34371
      9.62000    325.51063    225.32096    100.18967
      9.63000    362.23330    229.37738    132.85592
      9.64000    459.30801    293.24766    166.06035
      9.65000    398.67766    262.92800    135.74965
      9.66000    387.92903    267.98691    119.94212
      9.67000    560.66870    381.67024    178.99847
      9.68000    721.82378    471.59552    250.22826
      9.69000    898.08199    625.43582    272.64618
      9.70000   1079.47355    820.34978    259.12377
      9.71000   1126.92694    908.90814    218.01880
      9.72000   1120.05820    926.12051    193.93769
      9.73000   1098.50286    907.39247    191.11039
      9.74000   1005.49064    813.86211    191.62853
      9.75000    893.08493    671.91019    221.17474
      9.76000    847.45590    592.89087    254.56503
      9.77000    784.74202    560.92276    223.81926
      9.78000    705.14650    546.87594    158.27056
      9.79000    678.70751    548.82181    129.88570
      9.80000    651.62209    523.52276    128.09934
      9.81000    538.39940    408.74543    129.65397
      9.82000    513.12657    367.25041    145.87615
      9.83000    520.47852    366.84756    153.63096
      9.84000    450.38228    301.14811    149.23416
      9.85000    361.38786    231.34611    130.04175
      9.86000    246.87605    168.06351     78.81255
      9.87000    200.42832    161.51362     38.91470
      9.88000    191.12934    161.50705     29.62229
      9.89000    230.76073    183.24330     47.51743
      9.90000    342.44144    240.98937    101.45206
      9.91000    455.29191    306.62195    148.66996
      9.92000    540.65082    380.58845    160.06237
      9.93000    700.96819    515.55195    185.41623
      9.94000    915.87087    672.00687    243.86400
      9.95000    877.43895    634.42923    243.00972
      9.96000    674.25191    476.44811    197.80379
      9.97000    589.52734    398.28744    191.23989
      9.98000    599.94845    389.46736    210.48109
      9.99000    640.10396    413.78021    226.32375
     10.00000    696.65502    454.33671    242.31831
     10.01000    652.20371    427.38590    224.81782
     10.02000    628.76872    405.75716    223.01157
     10.03000    799.34668    494.11637    305.23031
     10.04000    711.10576    433.03390    278.07186
     10.05000    351.95488    217.97287    133.98201
     10.06000    300.09387    195.23714    104.85673
     10.07000    503.06938    319.99383    183.07555
     10.08000    631.84769    379.33634    252.51135
     10.09000    623.81003    352.25378    271.55625
     10.10000    547.67199    304.73805    242.93394
     10.11000    508.85273    287.75406    221.09867
     10.12000    506.44492    280.52777    225.91715
     10.13000    457.73003    258.41659    199.31344
     10.14000    381.19683    233.45961    147.73722
     10.15000    409.35241    259.38243    149.96998
     10.16000    636.84456    387.35614    249.48842
     10.17000    825.08774    493.06021    332.02754
     10.18000    734.59471    456.05992    278.53479
     10.19000    540.02666    354.86477    185.16190
     10.20000    461.49248    296.91668    164.57580
     10.21000    465.68678    261.88555    203.80123
     10.22000    440.12595    227.12872    212.99723
     10.23000    432.16818    236.76067    195.40752
     10.24000    499.64580    302.94179    196.70401
     10.25000    525.31450    343.83496    181.47954
     10.26000    599.04688    393.07236    205.97452
     10.27000    654.46022    422.66742    231.79280
     10.28000    551.20803    346.98328    204.22475
     10.29000    494.41589    290.93718    203.47871
     10.30000    532.69747    284.43724    248.26022
     10.31000    571.37686    303.05055    268.32631
     10.32000    465.74237    270.39703    195.34534
     10.33000    296.60092    188.07705    108.52387
     10.34000    271.99871    162.00439    109.99432
     10.35000    414.40077    221.23828    193.16249
     10.36000    435.72848    234.97038    200.75810
     10.37000    261.45083    152.36114    109.08969
     10.38000    143.89929     87.07024     56.82905
     10.39000    159.68374     88.29109     71.39264
     10.40000    314.47021    162.31089    152.15931
     10.41000    374.06345    186.88342    187.18003
     10.42000    265.70508    120.08683    145.61825
     10.43000    249.51335     98.51920    150.99416
     10.44000    227.51607     99.04918    128.46689
     10.45000    184.56255     98.97815     85.58440
     10.46000    202.31462    114.14472     88.16990
     10.47000    218.06658    125.49546     92.57112
     10.48000    296.30917    198.83982     97.46935
     10.49000    386.44531    285.49561    100.94970
