Energy-E_F (eV)    DOS (1/eV)    PDOS (1/eV)  of atom type C  H  
     -6.57793    413.48281    363.69806     49.78475
     -6.56793    387.74585    342.82920     44.91665
     -6.55793    399.35121    344.59918     54.75203
     -6.54793    384.94079    321.93821     63.00259
     -6.53793    320.23599    267.63432     52.60166
     -6.52793    417.95467    357.14454     60.81014
     -6.51793    561.80233    478.94080     82.86153
     -6.50793    457.82951    383.58052     74.24899
     -6.49793    304.15659    248.88169     55.27490
     -6.48793    240.56099    202.20042     38.36056
     -6.47793    254.92400    226.49449     28.42951
     -6.46793    223.91552    200.33234     23.58318
     -6.45793    207.79492    178.56076     29.23416
     -6.44793    328.75244    276.78080     51.97163
     -6.43793    406.95372    351.02056     55.93315
     -6.42793    456.38757    415.74883     40.63874
     -6.41793    597.64748    564.57857     33.06891
     -6.40793    752.39291    714.67779     37.71512
     -6.39793    708.18101    669.55399     38.62702
     -6.38793    572.09545    536.18921     35.90625
     -6.37793    536.41179    493.79288     42.61891
     -6.36793    467.41297    425.07124     42.34172
     -6.35793    345.51215    313.94364     31.56852
     -6.34793    269.28319    247.48859     21.79460
     -6.33793    280.97248    263.52269     17.44979
     -6.32793    393.79353    364.08202     29.71151
     -6.31793    422.80739    386.36006     36.44733
     -6.30793    333.80861    308.76181     25.04679
     -6.29793    268.87303    250.75739     18.11564
     -6.28793    277.50384    252.95015     24.55369
     -6.27793    347.69507    312.28651     35.40856
     -6.26793    295.60290    268.13461     27.46829
     -6.25793    209.10109    195.10169     13.99940
     -6.24793    211.04948    199.41658     11.63290
     -6.23793    242.89760    230.89053     12.00707
     -6.22793    317.37553    298.35357     19.02196
     -6.21793    361.30397    330.07544     31.22853
     -6.20793    383.81826    347.54915     36.26911
     -6.19793    398.50610    364.48468     34.02142
     -6.18793    341.25688    314.65258     26.60431
     -6.17793    299.55087    276.00110     23.54978
     -6.16793    308.33934    283.95927     24.38008
     -6.15793    243.34425    226.03501     17.30924
     -6.14793    172.17779    160.03799     12.13980
     -6.13793    179.89083    168.76216     11.12867
     -6.12793    196.99498    186.06634     10.92864
     -6.11793    230.65537    212.93347     17.72190
     -6.10793    218.50360    197.27564     21.22796
     -6.09793    231.25000    202.05568     29.19432
     -6.08793    396.76378    342.14677     54.61701
     -6.07793    456.23202    395.37729     60.85473
     -6.06793    372.04155    328.73490     43.30665
     -6.05793    314.66762    282.13859     32.52903
     -6.04793    273.08507    237.83700     35.24807
     -6.03793    300.53301    260.54028     39.99273
     -6.02793    307.28211    276.40723     30.87488
     -6.01793    240.45118    224.13629     16.31489
     -6.00793    214.03362    205.97668      8.05694
     -5.99793    198.24182    190.92208      7.31973
     -5.98793    147.42493    139.68452      7.74041
     -5.97793    172.61584    158.49249     14.12336
     -5.96793    329.06597    292.04824     37.01772
     -5.95793    425.22547    378.15282     47.07265
     -5.94793    333.60437    307.58176     26.02261
     -5.93793    201.10448    191.06209     10.04239
     -5.92793    133.63905    126.67980      6.95925
     -5.91793    143.94666    135.67284      8.27382
     -5.90793    193.81767    180.48694     13.33074
     -5.89793    226.91305    204.16378     22.74928
     -5.88793    279.43889    242.16105     37.27785
     -5.87793    266.36654    229.69073     36.67582
     -5.86793    243.29692    205.90952     37.38740
     -5.85793    276.65197    230.77190     45.88007
     -5.84793    263.77785    231.23719     32.54066
     -5.83793    239.49182    218.92653     20.56528
     -5.82793    215.08637    192.89850     22.18787
     -5.81793    217.34882    188.57830     28.77052
     -5.80793    328.13217    284.70026     43.43191
     -5.79793    378.12176    325.94750     52.17426
     -5.78793    331.88053    281.25253     50.62800
     -5.77793    301.45694    263.91442     37.54252
     -5.76793    244.74979    223.12652     21.62327
     -5.75793    226.85475    198.10004     28.75472
     -5.74793    382.96574    318.07266     64.89308
     -5.73793    425.06474    353.99206     71.07268
     -5.72793    294.29137    254.47892     39.81245
     -5.71793    267.79498    240.27835     27.51663
     -5.70793    318.81833    285.63635     33.18199
     -5.69793    330.12559    293.12353     37.00206
     -5.68793    239.63053    207.26243     32.36809
     -5.67793    142.33252    117.61491     24.71761
     -5.66793    146.48896    128.99146     17.49750
     -5.65793    269.82966    241.46562     28.36404
     -5.64793    318.29114    271.89331     46.39783
     -5.63793    225.31309    184.18148     41.13161
     -5.62793    180.92076    159.53301     21.38775
     -5.61793    279.22751    264.68763     14.53988
     -5.60793    330.41333    307.75471     22.65862
     -5.59793    300.39850    259.95989     40.43861
     -5.58793    319.79950    261.95725     57.84225
     -5.57793    325.89135    270.99320     54.89814
     -5.56793    259.38373    221.72563     37.65809
     -5.55793    229.32370    191.97454     37.34915
     -5.54793    326.60649    265.10211     61.50439
     -5.53793    383.97138    316.69703     67.27436
     -5.52793    326.45951    272.97059     53.48892
     -5.51793    272.47410    218.05939     54.41471
     -5.50793    331.68344    258.92972     72.75372
     -5.49793    439.30984    358.27520     81.03464
     -5.48793    439.52362    370.63064     68.89298
     -5.47793    372.55949    305.26317     67.29631
     -5.46793    301.95102    243.88299     58.06802
     -5.45793    297.44584    261.86919     35.57665
     -5.44793    367.24066    335.52737     31.71329
     -5.43793    280.41090    251.90941     28.50149
     -5.42793    150.28208    132.12196     18.16012
     -5.41793    146.58153    129.93359     16.64794
     -5.40793    223.52972    199.41511     24.11462
     -5.39793    290.95534    261.86925     29.08608
     -5.38793    282.30087    253.85116     28.44972
     -5.37793    196.03608    175.33437     20.70171
     -5.36793    155.59916    143.32504     12.27411
     -5.35793    168.44789    157.44178     11.00611
     -5.34793    135.04045    126.06142      8.97903
     -5.33793    187.01162    172.40215     14.60947
     -5.32793    263.15006    239.54185     23.60821
     -5.31793    224.56584    206.04453     18.52131
     -5.30793    162.63449    150.54447     12.09003
     -5.29793    114.49580    104.63793      9.85787
     -5.28793    139.81224    128.54591     11.26633
     -5.27793    296.56825    274.35676     22.21149
     -5.26793    427.23005    390.07552     37.15453
     -5.25793    416.21769    371.43448     44.78321
     -5.24793    361.29606    319.07602     42.22004
     -5.23793    373.77556    332.63106     41.14450
     -5.22793    412.23399    371.41034     40.82365
     -5.21793    357.52471    326.92257     30.60214
     -5.20793    230.28786    213.78707     16.50080
     -5.19793    205.32436    188.30964     17.01471
     -5.18793    245.47726    223.66264     21.81463
     -5.17793    257.48414    233.88549     23.59865
     -5.16793    254.45126    229.52001     24.93125
     -5.15793    446.16259    403.76148     42.40112
     -5.14793   1002.42856    906.16512     96.26344
     -5.13793   1341.99347   1211.67847    130.31500
     -5.12793   1060.09290    955.46482    104.62808
     -5.11793    572.76504    513.98355     58.78149
     -5.10793    194.33843    174.76648     19.57194
     -5.09793     95.31017     91.01040      4.29978
     -5.08793    172.78654    167.22933      5.55721
     -5.07793    192.96543    181.35012     11.61531
     -5.06793    123.52254    110.75623     12.76631
     -5.05793     88.25365     77.86017     10.39348
     -5.04793    137.05309    124.52900     12.52409
     -5.03793    171.22888    158.85199     12.37690
     -5.02793    203.78226    187.53156     16.25070
     -5.01793    243.46564    220.40016     23.06548
     -5.00793    166.81013    150.78762     16.02250
     -4.99793    100.48254     94.70350      5.77904
     -4.98793     95.88829     91.79614      4.09215
     -4.97793    100.53898     91.67037      8.86861
     -4.96793    133.59121    121.37529     12.21593
     -4.95793    150.10726    142.54442      7.56284
     -4.94793    134.29926    130.90349      3.39577
     -4.93793     93.94788     90.54484      3.40304
     -4.92793     78.68016     70.64491      8.03524
     -4.91793    103.24391     91.29325     11.95067
     -4.90793    127.32436    119.36006      7.96430
     -4.89793    151.92142    148.13760      3.78382
     -4.88793    123.27097    119.85470      3.41627
     -4.87793     95.92130     87.94173      7.97957
     -4.86793    123.38572    111.11684     12.26888
     -4.85793    125.17968    117.03914      8.14054
     -4.84793     83.07009     80.18603      2.88406
     -4.83793     87.31631     84.38269      2.93363
     -4.82793    158.27683    149.35586      8.92097
     -4.81793    191.55362    178.30553     13.24809
     -4.80793    124.00884    116.11434      7.89450
     -4.79793     40.16869     38.06585      2.10284
     -4.78793     42.16475     39.46780      2.69695
     -4.77793    148.15990    138.56754      9.59236
     -4.76793    229.55635    215.91488     13.64147
     -4.75793    162.22160    154.05509      8.16651
     -4.74793    186.50178    178.57848      7.92330
     -4.73793    478.29945    458.52059     19.77887
     -4.72793    704.65651    674.53062     30.12589
     -4.71793    618.85676    592.19932     26.65744
     -4.70793    536.61246    518.90060     17.71186
     -4.69793    507.71897    494.13150     13.58747
     -4.68793    398.81677    385.60283     13.21394
     -4.67793    379.23484    361.48421     17.75062
     -4.66793    381.64701    363.59371     18.05331
     -4.65793    304.32129    290.89086     13.43042
     -4.64793    230.15409    218.79437     11.35972
     -4.63793    225.54509    213.50378     12.04131
     -4.62793    358.80381    340.76504     18.03877
     -4.61793    374.94985    358.58488     16.36497
     -4.60793    215.63475    207.89754      7.73721
     -4.59793    111.00275    106.37552      4.62723
     -4.58793    135.10538    124.63222     10.47316
     -4.57793    240.91495    221.80130     19.11365
     -4.56793    255.60164    239.93290     15.66874
     -4.55793    262.83343    253.73427      9.09916
     -4.54793    259.28319    250.41978      8.86340
     -4.53793    231.37660    218.22177     13.15483
     -4.52793    230.66487    216.24933     14.41554
     -4.51793    160.24307    151.66461      8.57846
     -4.50793    120.09227    112.73393      7.35834
     -4.49793    183.72571    170.79309     12.93262
     -4.48793    261.60745    244.24441     17.36304
     -4.47793    259.74470    246.38336     13.36134
     -4.46793    212.29764    205.23700      7.06065
     -4.45793    155.79327    149.78924      6.00403
     -4.44793    126.21406    115.45789     10.75617
     -4.43793    158.06174    142.65770     15.40404
     -4.42793    203.37618    190.40751     12.96867
     -4.41793    246.60184    237.18956      9.41228
     -4.40793    260.53807    249.65107     10.88700
     -4.39793    242.97206    228.33526     14.63680
     -4.38793    153.06605    142.60916     10.45690
     -4.37793     69.60895     64.73931      4.86965
     -4.36793    112.41849    103.72535      8.69313
     -4.35793    236.06659    219.18311     16.88348
     -4.34793    312.42519    295.51553     16.90966
     -4.33793    245.86293    236.74527      9.11766
     -4.32793    157.25214    151.41925      5.83289
     -4.31793    159.55302    148.94653     10.60649
     -4.30793    196.40815    181.19861     15.20954
     -4.29793    228.47573    215.57364     12.90209
     -4.28793    246.38597    237.04229      9.34368
     -4.27793    315.14330    302.81237     12.33094
     -4.26793    336.71099    320.43435     16.27664
     -4.25793    257.15189    245.55287     11.59902
     -4.24793    234.18367    225.85178      8.33189
     -4.23793    244.04089    231.19210     12.84880
     -4.22793    215.56237    198.93039     16.63198
     -4.21793    222.79159    210.17265     12.61894
     -4.20793    261.34754    253.18252      8.16502
     -4.19793    197.23445    188.78684      8.44761
     -4.18793    164.16784    150.84752     13.32033
     -4.17793    254.87606    239.41720     15.45885
     -4.16793    354.31446    341.01477     13.29969
     -4.15793    322.45681    309.91507     12.54174
     -4.14793    202.19590    188.62390     13.57200
     -4.13793    125.71321    115.73884      9.97437
     -4.12793    184.83609    176.79566      8.04043
     -4.11793    313.03148    298.62763     14.40385
     -4.10793    300.43721    282.42114     18.01607
     -4.09793    144.04846    133.56840     10.48006
     -4.08793     48.20951     43.95452      4.25499
     -4.07793     97.50759     88.99376      8.51383
     -4.06793    204.34713    189.21048     15.13665
     -4.05793    192.32487    179.94776     12.37711
     -4.04793     99.54719     92.05369      7.49350
     -4.03793     81.35721     71.42745      9.92975
     -4.02793     90.25993     79.60886     10.65108
     -4.01793    116.52516    108.77643      7.74873
     -4.00793    202.17936    190.33495     11.84441
     -3.99793    219.18705    203.30648     15.88057
     -3.98793    187.43594    176.17278     11.26316
     -3.97793    206.24369    198.00200      8.24169
     -3.96793    277.97983    264.06283     13.91700
     -3.95793    375.94574    357.34091     18.60483
     -3.94793    319.40301    305.82192     13.58109
     -3.93793    199.85023    189.00804     10.84220
     -3.92793    224.06776    209.93699     14.13076
     -3.91793    237.59237    225.27003     12.32234
     -3.90793    231.90809    219.40460     12.50349
     -3.89793    288.05576    271.07281     16.98295
     -3.88793    254.03246    240.52780     13.50466
     -3.87793    182.19569    172.57701      9.61867
     -3.86793    218.73253    204.10978     14.62274
     -3.85793    236.13225    220.59693     15.53532
     -3.84793    225.22452    213.04768     12.17684
     -3.83793    270.86602    256.18222     14.68380
     -3.82793    268.96214    254.49473     14.46741
     -3.81793    212.37982    199.46825     12.91157
     -3.80793    221.90245    205.95868     15.94377
     -3.79793    223.57096    209.74807     13.82289
     -3.78793    236.59924    223.79098     12.80827
     -3.77793    293.30161    275.99429     17.30732
     -3.76793    277.75340    261.77862     15.97478
     -3.75793    220.15702    205.77259     14.38443
     -3.74793    180.55867    166.26972     14.28894
     -3.73793    208.45576    193.83492     14.62084
     -3.72793    269.09273    251.51213     17.58059
     -3.71793    260.22383    244.56282     15.66101
     -3.70793    298.07428    281.11385     16.96043
     -3.69793    324.08497    305.06771     19.01726
     -3.68793    262.35376    244.75941     17.59435
     -3.67793    181.23646    165.23465     16.00181
     -3.66793    210.62589    193.41537     17.21051
     -3.65793    314.67580    294.20942     20.46637
     -3.64793    348.17628    327.68985     20.48644
     -3.63793    322.67614    301.90454     20.77160
     -3.62793    284.34857    262.83344     21.51513
     -3.61793    268.04815    246.34436     21.70379
     -3.60793    269.56284    247.10306     22.45978
     -3.59793    307.09380    282.23964     24.85416
     -3.58793    373.99322    346.56111     27.43211
     -3.57793    394.96873    364.78266     30.18607
     -3.56793    394.92979    360.43774     34.49205
     -3.55793    455.04554    414.39296     40.65258
     -3.54793    476.18775    435.00473     41.18302
     -3.53793    326.68946    300.27373     26.41573
     -3.52793    226.66608    215.08737     11.57872
     -3.51793    258.17201    250.47053      7.70147
     -3.50793    225.51280    219.10608      6.40672
     -3.49793    196.76716    190.86389      5.90327
     -3.48793    211.33646    205.09665      6.23981
     -3.47793    227.62234    220.79385      6.82848
     -3.46793    239.94796    232.76272      7.18525
     -3.45793    258.25193    250.70446      7.54747
     -3.44793    285.86776    277.48436      8.38340
     -3.43793    311.04423    301.47756      9.56667
     -3.42793    342.25377    331.39274     10.86103
     -3.41793    363.34797    352.43923     10.90874
     -3.40793    275.70262    268.19961      7.50301
     -3.39793    184.81627    180.41836      4.39791
     -3.38793    151.90939    148.71985      3.18953
     -3.37793     91.58359     89.73367      1.84992
     -3.36793    109.61262    106.92876      2.68386
     -3.35793    263.16786    256.50391      6.66395
     -3.34793    291.49694    284.22123      7.27571
     -3.33793    141.18355    137.83073      3.35282
     -3.32793     80.98353     79.44011      1.54342
     -3.31793     78.36413     77.00011      1.36401
     -3.30793     36.02338     35.40009      0.62329
     -3.29793      6.18504      6.07806      0.10698
     -3.28793      0.58101      0.57096      0.01005
     -3.27793      3.78074      3.71555      0.06519
     -3.26793     28.25319     27.77072      0.48246
     -3.25793     85.86587     84.44643      1.41944
     -3.24793    125.51410    123.59579      1.91830
     -3.23793    103.77953    102.34063      1.43890
     -3.22793     44.12748     43.54875      0.57873
     -3.21793      8.27774      8.16972      0.10802
     -3.20793      6.14458      6.04067      0.10392
     -3.19793     34.05160     33.46206      0.58954
     -3.18793     76.20631     74.88714      1.31917
     -3.17793     64.12714     63.02663      1.10052
     -3.16793     33.86190     33.37713      0.48477
     -3.15793     58.54017     57.91152      0.62865
     -3.14793     79.20229     78.36779      0.83450
     -3.13793     47.04844     46.50907      0.53937
     -3.12793     45.19541     44.46381      0.73160
     -3.11793     78.28974     76.93566      1.35408
     -3.10793     59.45552     58.42633      1.02919
     -3.09793     21.11852     20.78525      0.33327
     -3.08793     31.93169     31.59711      0.33458
     -3.07793     74.92171     74.15833      0.76338
     -3.06793     78.35445     77.47719      0.87726
     -3.05793     72.83939     71.73334      1.10605
     -3.04793     82.36099     80.94832      1.41267
     -3.03793     46.10843     45.30796      0.80047
     -3.02793     11.40644     11.22037      0.18607
     -3.01793     17.10999     16.93259      0.17740
     -3.00793     59.79827     59.19111      0.60717
     -2.99793     89.51481     88.53083      0.98397
     -2.98793     88.13908     86.88221      1.25688
     -2.97793     86.54865     85.08775      1.46090
     -2.96793     47.15903     46.33931      0.81972
     -2.95793     12.01224     11.81691      0.19533
     -2.94793     18.97845     18.77957      0.19888
     -2.93793     62.75688     62.11026      0.64662
     -2.92793     90.01684     89.00395      1.01288
     -2.91793     88.72051     87.42215      1.29836
     -2.90793     85.29611     83.84072      1.45539
     -2.89793     44.03743     43.26852      0.76891
     -2.88793     14.79943     14.58021      0.21921
     -2.87793     36.42425     36.02345      0.40080
     -2.86793     78.36001     77.49866      0.86134
     -2.85793     77.08350     76.14528      0.93822
     -2.84793     94.78567     93.32292      1.46275
     -2.83793    170.01218    167.38335      2.62883
     -2.82793    218.02463    214.89083      3.13380
     -2.81793    199.59726    196.85177      2.74549
     -2.80793    113.60799    112.07189      1.53610
     -2.79793    100.81429     99.48495      1.32935
     -2.78793    173.96166    171.58935      2.37231
     -2.77793    176.20725    173.57420      2.63305
     -2.76793    115.26936    113.36182      1.90754
     -2.75793     84.16083     82.84511      1.31572
     -2.74793    136.56146    134.65870      1.90276
     -2.73793    146.19869    144.20559      1.99310
     -2.72793     67.39396     66.46161      0.93235
     -2.71793     46.73162     45.94778      0.78384
     -2.70793    120.05327    118.04503      2.00824
     -2.69793    198.37936    195.31864      3.06072
     -2.68793    170.84440    168.32466      2.51974
     -2.67793     97.30462     95.40633      1.89830
     -2.66793    134.90464    131.10592      3.79872
     -2.65793    200.49480    195.12683      5.36797
     -2.64793    214.47226    209.97798      4.49429
     -2.63793    212.16468    208.60874      3.55594
     -2.62793    147.99661    145.75170      2.24491
     -2.61793     99.07261     96.96804      2.10457
     -2.60793    343.62559    333.37071     10.25488
     -2.59793   1024.28897    993.52539     30.76358
     -2.58793   1405.57160   1364.00685     41.56474
     -2.57793   1073.00933   1042.36303     30.64630
     -2.56793    641.41396    623.73172     17.68224
     -2.55793    452.73095    439.86899     12.86197
     -2.54793    416.19785    404.37733     11.82051
     -2.53793    412.03179    401.43092     10.60087
     -2.52793    450.00943    439.03265     10.97678
     -2.51793    493.08264    480.69626     12.38638
     -2.50793    454.74007    442.96522     11.77484
     -2.49793    285.22296    277.67223      7.55073
     -2.48793    118.90350    115.97465      2.92885
     -2.47793    106.84129    105.17944      1.66185
     -2.46793    153.65375    151.53227      2.12148
     -2.45793    101.94356    100.52629      1.41727
     -2.44793     27.23068     26.84773      0.38295
     -2.43793      6.13417      6.04490      0.08927
     -2.42793     27.77099     27.36402      0.40697
     -2.41793     94.17250     92.83367      1.33883
     -2.40793    141.70517    139.78570      1.91947
     -2.39793     98.59685     97.32817      1.26867
     -2.38793     32.19137     31.78498      0.40639
     -2.37793     25.95052     25.52486      0.42567
     -2.36793    125.81880    123.50189      2.31691
     -2.35793    379.92458    372.48217      7.44241
     -2.34793    679.70472    666.16348     13.54124
     -2.33793    776.26223    760.93792     15.32432
     -2.32793    652.18318    639.21999     12.96319
     -2.31793    482.05004    472.37838      9.67166
     -2.30793    406.61470    398.65883      7.95587
     -2.29793    474.38902    465.21192      9.17710
     -2.28793    607.54500    595.89147     11.65353
     -2.27793    624.32374    612.71705     11.60669
     -2.26793    522.84759    513.31209      9.53550
     -2.25793    514.55477    505.17164      9.38313
     -2.24793    514.35819    505.09560      9.26259
     -2.23793    341.04940    334.92356      6.12584
     -2.22793    230.50614    226.44216      4.06398
     -2.21793    230.93478    227.18849      3.74628
     -2.20793    167.26667    164.82621      2.44046
     -2.19793    100.76210     99.37819      1.38391
     -2.18793     98.11475     96.71731      1.39744
     -2.17793     99.66192     98.19190      1.47002
     -2.16793    111.55646    109.93687      1.61959
     -2.15793    115.29710    113.79658      1.50052
     -2.14793     98.10632     96.92789      1.17843
     -2.13793     85.31250     84.21990      1.09259
     -2.12793     84.35264     83.21091      1.14173
     -2.11793     47.74195     47.09893      0.64302
     -2.10793     37.34818     36.90201      0.44617
     -2.09793     74.69471     73.83811      0.85660
     -2.08793     82.50517     81.53854      0.96663
     -2.07793     79.22715     78.22810      0.99905
     -2.06793     82.28236     81.20950      1.07286
     -2.05793     48.35194     47.73016      0.62177
     -2.04793     47.64427     47.08442      0.55985
     -2.03793     87.41213     86.40458      1.00755
     -2.02793    114.83894    113.49547      1.34348
     -2.01793    160.02275    158.11246      1.91029
     -2.00793    137.92447    136.26310      1.66137
     -1.99793     58.64662     57.94488      0.70174
     -1.98793     56.26286     55.62117      0.64169
     -1.97793     88.07703     87.07245      1.00458
     -1.96793     89.21621     88.15959      1.05662
     -1.95793     97.03059     95.84057      1.19001
     -1.94793     98.37431     97.19333      1.18099
     -1.93793    108.74060    107.49320      1.24740
     -1.92793    119.99734    118.65789      1.33945
     -1.91793    126.19123    124.76279      1.42844
     -1.90793    116.55331    115.15495      1.39836
     -1.89793     71.22766     70.33971      0.88795
     -1.88793     24.42963     24.12885      0.30078
     -1.87793     44.18392     43.69429      0.48963
     -1.86793    159.43124    157.63928      1.79196
     -1.85793    232.26978    229.59126      2.67852
     -1.84793    130.99299    129.43932      1.55367
     -1.83793     30.39335     30.01973      0.37362
     -1.82793     21.14832     20.86570      0.28262
     -1.81793     81.35078     80.32090      1.02988
     -1.80793    149.74496    148.01670      1.72826
     -1.79793    139.26885    137.79295      1.47590
     -1.78793    109.25130    108.06038      1.19092
     -1.77793     89.39992     88.33049      1.06943
     -1.76793     91.79679     90.58847      1.20832
     -1.75793    130.13957    128.59358      1.54598
     -1.74793    120.26977    119.12965      1.14012
     -1.73793     56.63912     56.19729      0.44183
     -1.72793     20.77529     20.60390      0.17139
     -1.71793     61.30485     60.73815      0.56670
     -1.70793    150.79056    149.45267      1.33789
     -1.69793    167.97067    166.47010      1.50057
     -1.68793    134.68938    133.36569      1.32369
     -1.67793    135.59624    134.37191      1.22432
     -1.66793    163.92459    162.64342      1.28118
     -1.65793    128.06066    127.03532      1.02535
     -1.64793     55.28956     54.77809      0.51147
     -1.63793     76.33699     75.39991      0.93708
     -1.62793    201.74966    199.18471      2.56495
     -1.61793    315.82864    312.09587      3.73278
     -1.60793    270.71051    267.98324      2.72727
     -1.59793    130.92201    129.88968      1.03233
     -1.58793     90.76834     90.25475      0.51359
     -1.57793    119.58153    118.51975      1.06179
     -1.56793    151.27092    149.35017      1.92075
     -1.55793    191.01553    188.96724      2.04829
     -1.54793    165.77784    164.34385      1.43399
     -1.53793     69.87580     69.26356      0.61224
     -1.52793     30.58293     30.08658      0.49634
     -1.51793     64.07577     62.77259      1.30317
     -1.50793     75.87621     74.32485      1.55135
     -1.49793     35.49751     34.79093      0.70659
     -1.48793     25.08389     24.74548      0.33842
     -1.47793     69.99686     69.13521      0.86165
     -1.46793    113.33000    111.68835      1.64165
     -1.45793    111.32794    109.32939      1.99856
     -1.44793     64.87798     63.58020      1.29778
     -1.43793     17.09997     16.74740      0.35256
     -1.42793      3.57664      3.50376      0.07289
     -1.41793     20.08414     19.69860      0.38554
     -1.40793     85.97139     84.42818      1.54322
     -1.39793    149.74365    147.29092      2.45273
     -1.38793    107.25005    105.66641      1.58363
     -1.37793     31.55410     31.12853      0.42557
     -1.36793      8.03881      7.89942      0.13940
     -1.35793     29.81949     29.18481      0.63468
     -1.34793     73.81789     72.24655      1.57134
     -1.33793     72.91179     71.41704      1.49475
     -1.32793     57.80608     56.93341      0.87267
     -1.31793     80.42252     79.49034      0.93218
     -1.30793     72.04076     71.12789      0.91286
     -1.29793     65.81430     64.58304      1.23126
     -1.28793     81.73516     79.99224      1.74293
     -1.27793     49.13097     48.07203      1.05893
     -1.26793     11.85344     11.60466      0.24878
     -1.25793     12.25398     12.08255      0.17143
     -1.24793     64.78386     63.84390      0.93997
     -1.23793    144.80374    142.50637      2.29737
     -1.22793    127.67226    125.46422      2.20805
     -1.21793     44.33786     43.51294      0.82492
     -1.20793      6.40958      6.28260      0.12698
     -1.19793      6.71713      6.57042      0.14671
     -1.18793     38.19102     37.36881      0.82221
     -1.17793     93.70726     91.82735      1.87990
     -1.16793    119.13789    117.17443      1.96345
     -1.15793     95.19633     93.97287      1.22346
     -1.14793     41.23609     40.75231      0.48378
     -1.13793     22.32154     21.90253      0.41901
     -1.12793     57.86641     56.58435      1.28206
     -1.11793     78.63484     76.88860      1.74625
     -1.10793     43.81468     42.89166      0.92302
     -1.09793     37.34356     36.85903      0.48453
     -1.08793     78.65808     77.76154      0.89654
     -1.07793     97.20412     95.81025      1.39387
     -1.06793     96.27891     94.37921      1.89970
     -1.05793     68.92892     67.41229      1.51662
     -1.04793     21.98272     21.49054      0.49217
     -1.03793      4.90807      4.80993      0.09814
     -1.02793     25.51572     25.08293      0.43279
     -1.01793    104.71379    102.96001      1.75378
     -1.00793    158.96524    156.33276      2.63248
     -0.99793     88.86841     87.41343      1.45498
     -0.98793     18.54086     18.23910      0.30176
     -0.97793      5.90279      5.77698      0.12581
     -0.96793     30.33224     29.63893      0.69331
     -0.95793     77.86469     76.12946      1.73523
     -0.94793     95.03837     93.21916      1.81921
     -0.93793     94.73026     93.47884      1.25142
     -0.92793     72.19240     71.39950      0.79290
     -0.91793     38.79186     38.19530      0.59656
     -0.90793     60.00125     58.64662      1.35463
     -0.89793     78.72111     76.89614      1.82497
     -0.88793     41.80888     40.86507      0.94381
     -0.87793     26.46843     26.09871      0.36971
     -0.86793     69.86818     69.06341      0.80477
     -0.85793    115.71742    114.02816      1.68927
     -0.84793    112.95329    110.76547      2.18782
     -0.83793     63.28643     61.87710      1.40933
     -0.82793     16.10785     15.73466      0.37319
     -0.81793      6.33972      6.20669      0.13303
     -0.80793     39.60277     38.84828      0.75449
     -0.79793    124.39374    122.18644      2.20731
     -0.78793    149.50174    147.05386      2.44788
     -0.77793     68.76563     67.73107      1.03456
     -0.76793     13.96783     13.75495      0.21288
     -0.75793     18.76000     18.31760      0.44240
     -0.74793     62.47974     60.99267      1.48707
     -0.73793     90.53965     88.55581      1.98385
     -0.72793     89.78228     88.40534      1.37695
     -0.71793     86.45717     85.52313      0.93404
     -0.70793     56.16169     55.42224      0.73945
     -0.69793     61.78216     60.39816      1.38399
     -0.68793     80.10426     78.15858      1.94568
     -0.67793     46.19750     45.11016      1.08734
     -0.66793     31.86417     31.41939      0.44478
     -0.65793     78.70478     77.78239      0.92239
     -0.64793    123.52730    121.60351      1.92380
     -0.63793    109.74123    107.48515      2.25608
     -0.62793     51.50774     50.30131      1.20643
     -0.61793     12.23453     11.94533      0.28920
     -0.60793     22.54833     22.12513      0.42320
     -0.59793     96.53890     94.81615      1.72275
     -0.58793    158.93943    156.21699      2.72244
     -0.57793     97.11962     95.52495      1.59466
     -0.56793     23.59075     23.20453      0.38622
     -0.55793     18.23590     17.79823      0.43767
     -0.54793     65.45714     63.90895      1.54819
     -0.53793    117.57357    115.22930      2.34427
     -0.52793    117.24198    115.55426      1.68772
     -0.51793     67.95337     67.17203      0.78134
     -0.50793     42.06558     41.23927      0.82631
     -0.49793     73.11882     71.26719      1.85164
     -0.48793     81.71451     79.79564      1.91887
     -0.47793     76.10093     74.98795      1.11298
     -0.46793     91.86667     90.85915      1.00752
     -0.45793     90.38725     88.83923      1.54803
     -0.44793     89.84948     87.67114      2.17834
     -0.43793     59.96773     58.50129      1.46644
     -0.42793     49.74166     49.03047      0.71119
     -0.41793    100.33173     99.03849      1.29324
     -0.40793    131.12590    128.77892      2.34698
     -0.39793     92.78740     90.67367      2.11373
     -0.38793     40.54445     39.65374      0.89071
     -0.37793     60.85900     60.00955      0.84945
     -0.36793    134.91349    132.74962      2.16387
     -0.35793    133.74143    131.14883      2.59260
     -0.34793     60.26493     58.97303      1.29189
     -0.33793     49.30228     48.54259      0.75969
     -0.32793    122.31814    120.37774      1.94041
     -0.31793    147.84223    145.09755      2.74468
     -0.30793     80.84998     79.24262      1.60736
     -0.29793     68.62732     67.65017      0.97715
     -0.28793    130.59470    128.55810      2.03660
     -0.27793    141.98655    139.26799      2.71856
     -0.26793    107.10388    105.27384      1.83005
     -0.25793    115.96990    114.46513      1.50477
     -0.24793    151.86289    149.37213      2.49077
     -0.23793    181.75775    178.79901      2.95873
     -0.22793    164.41662    162.34720      2.06942
     -0.21793    139.47528    137.53105      1.94423
     -0.20793    117.02454    114.49432      2.53023
     -0.19793     69.85475     67.98875      1.86599
     -0.18793     43.67220     42.42094      1.25126
     -0.17793     72.72484     70.61859      2.10625
     -0.16793     73.36286     71.23664      2.12622
     -0.15793     50.31824     48.85432      1.46392
     -0.14793     73.08829     70.95358      2.13471
     -0.13793     76.32538     74.09447      2.23090
     -0.12793     58.14745     56.44290      1.70455
     -0.11793     79.52167     77.18448      2.33719
     -0.10793     79.87837     77.52875      2.34962
     -0.09793     76.90050     74.63414      2.26635
     -0.08793     89.66664     87.02165      2.64499
     -0.07793     84.10891     81.62706      2.48185
     -0.06793     95.28105     92.46935      2.81170
     -0.05793     98.63035     95.72224      2.90811
     -0.04793    106.79028    103.64675      3.14353
     -0.03793    115.93680    112.53343      3.40337
     -0.02793    130.79084    126.96754      3.82330
     -0.01793    137.63761    133.63697      4.00064
     -0.00793    128.09555    124.40305      3.69250
      0.00207     96.55819     93.79398      2.76421
      0.01207     40.42703     39.27278      1.15425
      0.02207      7.05678      6.85544      0.20135
      0.03207      0.46685      0.45353      0.01332
      0.04207      0.01143      0.01110      0.00033
      0.05207      0.00000      0.00000      0.00000
      0.06207      0.00000      0.00000      0.00000
      0.07207      0.00000      0.00000      0.00000
      0.08207      0.00000      0.00000      0.00000
      0.09207      0.00000      0.00000      0.00000
      0.10207      0.00000      0.00000      0.00000
      0.11207      0.00000      0.00000      0.00000
      0.12207      0.00000      0.00000      0.00000
      0.13207      0.00000      0.00000      0.00000
      0.14207      0.00000      0.00000      0.00000
      0.15207      0.00000      0.00000      0.00000
      0.16207      0.00000      0.00000      0.00000
      0.17207      0.00000      0.00000      0.00000
      0.18207      0.00000      0.00000      0.00000
      0.19207      0.00000      0.00000      0.00000
      0.20207      0.00000      0.00000      0.00000
      0.21207      0.00000      0.00000      0.00000
      0.22207      0.00000      0.00000      0.00000
      0.23207      0.00000      0.00000      0.00000
      0.24207      0.00000      0.00000      0.00000
      0.25207      0.00000      0.00000      0.00000
      0.26207      0.00000      0.00000      0.00000
      0.27207      0.00000      0.00000      0.00000
      0.28207      0.00000      0.00000      0.00000
      0.29207      0.00000      0.00000      0.00000
      0.30207      0.00000      0.00000      0.00000
      0.31207      0.00000      0.00000      0.00000
      0.32207      0.00000      0.00000      0.00000
      0.33207      0.00000      0.00000      0.00000
      0.34207      0.00000      0.00000      0.00000
      0.35207      0.00000      0.00000      0.00000
      0.36207      0.00000      0.00000      0.00000
      0.37207      0.00000      0.00000      0.00000
      0.38207      0.00000      0.00000      0.00000
      0.39207      0.00000      0.00000      0.00000
      0.40207      0.00000      0.00000      0.00000
      0.41207      0.00000      0.00000      0.00000
      0.42207      0.00000      0.00000      0.00000
      0.43207      0.00000      0.00000      0.00000
      0.44207      0.00000      0.00000      0.00000
      0.45207      0.00000      0.00000      0.00000
      0.46207      0.00000      0.00000      0.00000
      0.47207      0.00000      0.00000      0.00000
      0.48207      0.00000      0.00000      0.00000
      0.49207      0.00000      0.00000      0.00000
      0.50207      0.00000      0.00000      0.00000
      0.51207      0.00000      0.00000      0.00000
      0.52207      0.00000      0.00000      0.00000
      0.53207      0.00000      0.00000      0.00000
      0.54207      0.00000      0.00000      0.00000
      0.55207      0.00000      0.00000      0.00000
      0.56207      0.00000      0.00000      0.00000
      0.57207      0.00000      0.00000      0.00000
      0.58207      0.00000      0.00000      0.00000
      0.59207      0.00000      0.00000      0.00000
      0.60207      0.00000      0.00000      0.00000
      0.61207      0.00000      0.00000      0.00000
      0.62207      0.00000      0.00000      0.00000
      0.63207      0.00000      0.00000      0.00000
      0.64207      0.00000      0.00000      0.00000
      0.65207      0.00000      0.00000      0.00000
      0.66207      0.00000      0.00000      0.00000
      0.67207      0.00000      0.00000      0.00000
      0.68207      0.00000      0.00000      0.00000
      0.69207      0.00000      0.00000      0.00000
      0.70207      0.00000      0.00000      0.00000
      0.71207      0.00000      0.00000      0.00000
      0.72207      0.00000      0.00000      0.00000
      0.73207      0.00000      0.00000      0.00000
      0.74207      0.00000      0.00000      0.00000
      0.75207      0.00000      0.00000      0.00000
      0.76207      0.00000      0.00000      0.00000
      0.77207      0.00000      0.00000      0.00000
      0.78207      0.00000      0.00000      0.00000
      0.79207      0.00000      0.00000      0.00000
      0.80207      0.00000      0.00000      0.00000
      0.81207      0.00000      0.00000      0.00000
      0.82207      0.00000      0.00000      0.00000
      0.83207      0.00000      0.00000      0.00000
      0.84207      0.00000      0.00000      0.00000
      0.85207      0.00000      0.00000      0.00000
      0.86207      0.00000      0.00000      0.00000
      0.87207      0.00000      0.00000      0.00000
      0.88207      0.00000      0.00000      0.00000
      0.89207      0.00000      0.00000      0.00000
      0.90207      0.00000      0.00000      0.00000
      0.91207      0.00000      0.00000      0.00000
      0.92207      0.00000      0.00000      0.00000
      0.93207      0.00000      0.00000      0.00000
      0.94207      0.00000      0.00000      0.00000
      0.95207      0.00000      0.00000      0.00000
      0.96207      0.00000      0.00000      0.00000
      0.97207      0.00000      0.00000      0.00000
      0.98207      0.00000      0.00000      0.00000
      0.99207      0.00000      0.00000      0.00000
      1.00207      0.00000      0.00000      0.00000
      1.01207      0.00000      0.00000      0.00000
      1.02207      0.00000      0.00000      0.00000
      1.03207      0.00000      0.00000      0.00000
      1.04207      0.00000      0.00000      0.00000
      1.05207      0.00000      0.00000      0.00000
      1.06207      0.00000      0.00000      0.00000
      1.07207      0.00000      0.00000      0.00000
      1.08207      0.00000      0.00000      0.00000
      1.09207      0.00000      0.00000      0.00000
      1.10207      0.00000      0.00000      0.00000
      1.11207      0.00000      0.00000      0.00000
      1.12207      0.00000      0.00000      0.00000
      1.13207      0.00000      0.00000      0.00000
      1.14207      0.00000      0.00000      0.00000
      1.15207      0.00000      0.00000      0.00000
      1.16207      0.00000      0.00000      0.00000
      1.17207      0.00000      0.00000      0.00000
      1.18207      0.00000      0.00000      0.00000
      1.19207      0.00000      0.00000      0.00000
      1.20207      0.00000      0.00000      0.00000
      1.21207      0.00000      0.00000      0.00000
      1.22207      0.00000      0.00000      0.00000
      1.23207      0.00000      0.00000      0.00000
      1.24207      0.00000      0.00000      0.00000
      1.25207      0.00000      0.00000      0.00000
      1.26207      0.00000      0.00000      0.00000
      1.27207      0.00000      0.00000      0.00000
      1.28207      0.00000      0.00000      0.00000
      1.29207      0.00000      0.00000      0.00000
      1.30207      0.00000      0.00000      0.00000
      1.31207      0.00000      0.00000      0.00000
      1.32207      0.00000      0.00000      0.00000
      1.33207      0.00000      0.00000      0.00000
      1.34207      0.00000      0.00000      0.00000
      1.35207      0.00000      0.00000      0.00000
      1.36207      0.00000      0.00000      0.00000
      1.37207      0.00000      0.00000      0.00000
      1.38207      0.00000      0.00000      0.00000
      1.39207      0.00000      0.00000      0.00000
      1.40207      0.00000      0.00000      0.00000
      1.41207      0.00000      0.00000      0.00000
      1.42207      0.00000      0.00000      0.00000
      1.43207      0.00000      0.00000      0.00000
      1.44207      0.00000      0.00000      0.00000
      1.45207      0.00000      0.00000      0.00000
      1.46207      0.00000      0.00000      0.00000
      1.47207      0.00000      0.00000      0.00000
      1.48207      0.00000      0.00000      0.00000
      1.49207      0.00000      0.00000      0.00000
      1.50207      0.00000      0.00000      0.00000
      1.51207      0.00000      0.00000      0.00000
      1.52207      0.00000      0.00000      0.00000
      1.53207      0.00000      0.00000      0.00000
      1.54207      0.00000      0.00000      0.00000
      1.55207      0.00000      0.00000      0.00000
      1.56207      0.00000      0.00000      0.00000
      1.57207      0.00000      0.00000      0.00000
      1.58207      0.00000      0.00000      0.00000
      1.59207      0.00000      0.00000      0.00000
      1.60207      0.00000      0.00000      0.00000
      1.61207      0.00000      0.00000      0.00000
      1.62207      0.00000      0.00000      0.00000
      1.63207      0.00000      0.00000      0.00000
      1.64207      0.00000      0.00000      0.00000
      1.65207      0.00000      0.00000      0.00000
      1.66207      0.00000      0.00000      0.00000
      1.67207      0.00000      0.00000      0.00000
      1.68207      0.00000      0.00000      0.00000
      1.69207      0.00000      0.00000      0.00000
      1.70207      0.00000      0.00000      0.00000
      1.71207      0.00000      0.00000      0.00000
      1.72207      0.00000      0.00000      0.00000
      1.73207      0.00000      0.00000      0.00000
      1.74207      0.00000      0.00000      0.00000
      1.75207      0.00000      0.00000      0.00000
      1.76207      0.00000      0.00000      0.00000
      1.77207      0.00000      0.00000      0.00000
      1.78207      0.00000      0.00000      0.00000
      1.79207      0.00000      0.00000      0.00000
      1.80207      0.00000      0.00000      0.00000
      1.81207      0.00000      0.00000      0.00000
      1.82207      0.00000      0.00000      0.00000
      1.83207      0.00000      0.00000      0.00000
      1.84207      0.00000      0.00000      0.00000
      1.85207      0.00000      0.00000      0.00000
      1.86207      0.00000      0.00000      0.00000
      1.87207      0.00000      0.00000      0.00000
      1.88207      0.00000      0.00000      0.00000
      1.89207      0.00000      0.00000      0.00000
      1.90207      0.00000      0.00000      0.00000
      1.91207      0.00000      0.00000      0.00000
      1.92207      0.00000      0.00000      0.00000
      1.93207      0.00000      0.00000      0.00000
      1.94207      0.00000      0.00000      0.00000
      1.95207      0.00000      0.00000      0.00000
      1.96207      0.00000      0.00000      0.00000
      1.97207      0.00000      0.00000      0.00000
      1.98207      0.00000      0.00000      0.00000
      1.99207      0.00000      0.00000      0.00000
      2.00207      0.00000      0.00000      0.00000
      2.01207      0.00000      0.00000      0.00000
      2.02207      0.00000      0.00000      0.00000
      2.03207      0.00000      0.00000      0.00000
      2.04207      0.00000      0.00000      0.00000
      2.05207      0.00000      0.00000      0.00000
      2.06207      0.00000      0.00000      0.00000
      2.07207      0.00000      0.00000      0.00000
      2.08207      0.00000      0.00000      0.00000
      2.09207      0.00000      0.00000      0.00000
      2.10207      0.00000      0.00000      0.00000
      2.11207      0.00000      0.00000      0.00000
      2.12207      0.00000      0.00000      0.00000
      2.13207      0.00000      0.00000      0.00000
      2.14207      0.00000      0.00000      0.00000
      2.15207      0.00000      0.00000      0.00000
      2.16207      0.00000      0.00000      0.00000
      2.17207      0.00000      0.00000      0.00000
      2.18207      0.00000      0.00000      0.00000
      2.19207      0.00000      0.00000      0.00000
      2.20207      0.00000      0.00000      0.00000
      2.21207      0.00000      0.00000      0.00000
      2.22207      0.00000      0.00000      0.00000
      2.23207      0.00000      0.00000      0.00000
      2.24207      0.00000      0.00000      0.00000
      2.25207      0.00000      0.00000      0.00000
      2.26207      0.00000      0.00000      0.00000
      2.27207      0.00000      0.00000      0.00000
      2.28207      0.00000      0.00000      0.00000
      2.29207      0.00000      0.00000      0.00000
      2.30207      0.00000      0.00000      0.00000
      2.31207      0.00000      0.00000      0.00000
      2.32207      0.00000      0.00000      0.00000
      2.33207      0.00000      0.00000      0.00000
      2.34207      0.00000      0.00000      0.00000
      2.35207      0.00000      0.00000      0.00000
      2.36207      0.00000      0.00000      0.00000
      2.37207      0.00000      0.00000      0.00000
      2.38207      0.00000      0.00000      0.00000
      2.39207      0.00000      0.00000      0.00000
      2.40207      0.00000      0.00000      0.00000
      2.41207      0.00000      0.00000      0.00000
      2.42207      0.00000      0.00000      0.00000
      2.43207      0.00000      0.00000      0.00000
      2.44207      0.00000      0.00000      0.00000
      2.45207      0.00000      0.00000      0.00000
      2.46207      0.00000      0.00000      0.00000
      2.47207      0.00000      0.00000      0.00000
      2.48207      0.00000      0.00000      0.00000
      2.49207      0.00000      0.00000      0.00000
      2.50207      0.00000      0.00000      0.00000
      2.51207      0.00000      0.00000      0.00000
      2.52207      0.00000      0.00000      0.00000
      2.53207      0.00000      0.00000      0.00000
      2.54207      0.00000      0.00000      0.00000
      2.55207      0.00000      0.00000      0.00000
      2.56207      0.00000      0.00000      0.00000
      2.57207      0.00000      0.00000      0.00000
      2.58207      0.00000      0.00000      0.00000
      2.59207      0.00000      0.00000      0.00000
      2.60207      0.00000      0.00000      0.00000
      2.61207      0.00000      0.00000      0.00000
      2.62207      0.00000      0.00000      0.00000
      2.63207      0.00000      0.00000      0.00000
      2.64207      0.00000      0.00000      0.00000
      2.65207      0.00000      0.00000      0.00000
      2.66207      0.00000      0.00000      0.00000
      2.67207      0.00000      0.00000      0.00000
      2.68207      0.00000      0.00000      0.00000
      2.69207      0.00000      0.00000      0.00000
      2.70207      0.00000      0.00000      0.00000
      2.71207      0.00000      0.00000      0.00000
      2.72207      0.00000      0.00000      0.00000
      2.73207      0.00000      0.00000      0.00000
      2.74207      0.00000      0.00000      0.00000
      2.75207      0.00000      0.00000      0.00000
      2.76207      0.00000      0.00000      0.00000
      2.77207      0.00000      0.00000      0.00000
      2.78207      0.00000      0.00000      0.00000
      2.79207      0.00000      0.00000      0.00000
      2.80207      0.00000      0.00000      0.00000
      2.81207      0.00000      0.00000      0.00000
      2.82207      0.00000      0.00000      0.00000
      2.83207      0.00000      0.00000      0.00000
      2.84207      0.00000      0.00000      0.00000
      2.85207      0.00000      0.00000      0.00000
      2.86207      0.00000      0.00000      0.00000
      2.87207      0.00000      0.00000      0.00000
      2.88207      0.00000      0.00000      0.00000
      2.89207      0.00000      0.00000      0.00000
      2.90207      0.00000      0.00000      0.00000
      2.91207      0.00000      0.00000      0.00000
      2.92207      0.00000      0.00000      0.00000
      2.93207      0.00000      0.00000      0.00000
      2.94207      0.00000      0.00000      0.00000
      2.95207      0.00000      0.00000      0.00000
      2.96207      0.00000      0.00000      0.00000
      2.97207      0.00000      0.00000      0.00000
      2.98207      0.00000      0.00000      0.00000
      2.99207      0.00000      0.00000      0.00000
      3.00207      0.00000      0.00000      0.00000
      3.01207      0.00000      0.00000      0.00000
      3.02207      0.00000      0.00000      0.00000
      3.03207      0.00000      0.00000      0.00000
      3.04207      0.00000      0.00000      0.00000
      3.05207      0.00000      0.00000      0.00000
      3.06207      0.00000      0.00000      0.00000
      3.07207      0.00000      0.00000      0.00000
      3.08207      0.00000      0.00000      0.00000
      3.09207      0.00000      0.00000      0.00000
      3.10207      0.00000      0.00000      0.00000
      3.11207      0.00000      0.00000      0.00000
      3.12207      0.00000      0.00000      0.00000
      3.13207      0.00000      0.00000      0.00000
      3.14207      0.00000      0.00000      0.00000
      3.15207      0.00000      0.00000      0.00000
      3.16207      0.00000      0.00000      0.00000
      3.17207      0.00000      0.00000      0.00000
      3.18207      0.00000      0.00000      0.00000
      3.19207      0.00000      0.00000      0.00000
      3.20207      0.00000      0.00000      0.00000
      3.21207      0.00000      0.00000      0.00000
      3.22207      0.00000      0.00000      0.00000
      3.23207      0.00000      0.00000      0.00000
      3.24207      0.00000      0.00000      0.00000
      3.25207      0.00000      0.00000      0.00000
      3.26207      0.00000      0.00000      0.00000
      3.27207      0.00000      0.00000      0.00000
      3.28207      0.00000      0.00000      0.00000
      3.29207      0.00000      0.00000      0.00000
      3.30207      0.00000      0.00000      0.00000
      3.31207      0.00000      0.00000      0.00000
      3.32207      0.00000      0.00000      0.00000
      3.33207      0.00000      0.00000      0.00000
      3.34207      0.00000      0.00000      0.00000
      3.35207      0.00000      0.00000      0.00000
      3.36207      0.00000      0.00000      0.00000
      3.37207      0.00000      0.00000      0.00000
      3.38207      0.00000      0.00000      0.00000
      3.39207      0.00000      0.00000      0.00000
      3.40207      0.00000      0.00000      0.00000
      3.41207      0.00000      0.00000      0.00000
      3.42207      0.00000      0.00000      0.00000
      3.43207      0.00000      0.00000      0.00000
      3.44207      0.00000      0.00000      0.00000
      3.45207      0.00000      0.00000      0.00000
      3.46207      0.00000      0.00000      0.00000
      3.47207      0.00000      0.00000      0.00000
      3.48207      0.00000      0.00000      0.00000
      3.49207      0.00000      0.00000      0.00000
      3.50207      0.00000      0.00000      0.00000
      3.51207      0.00000      0.00000      0.00000
      3.52207      0.00000      0.00000      0.00000
      3.53207      0.00000      0.00000      0.00000
      3.54207      0.00000      0.00000      0.00000
      3.55207      0.00000      0.00000      0.00000
      3.56207      0.00000      0.00000      0.00000
      3.57207      0.00000      0.00000      0.00000
      3.58207      0.00000      0.00000      0.00000
      3.59207      0.00000      0.00000      0.00000
      3.60207      0.00000      0.00000      0.00000
      3.61207      0.00000      0.00000      0.00000
      3.62207      0.00000      0.00000      0.00000
      3.63207      0.00000      0.00000      0.00000
      3.64207      0.00000      0.00000      0.00000
      3.65207      0.00000      0.00000      0.00000
      3.66207      0.00000      0.00000      0.00000
      3.67207      0.00000      0.00000      0.00000
      3.68207      0.00000      0.00000      0.00000
      3.69207      0.00000      0.00000      0.00000
      3.70207      0.00000      0.00000      0.00000
      3.71207      0.00000      0.00000      0.00000
      3.72207      0.00000      0.00000      0.00000
      3.73207      0.00000      0.00000      0.00000
      3.74207      0.00000      0.00000      0.00000
      3.75207      0.00000      0.00000      0.00000
      3.76207      0.00000      0.00000      0.00000
      3.77207      0.00000      0.00000      0.00000
      3.78207      0.00000      0.00000      0.00000
      3.79207      0.00000      0.00000      0.00000
      3.80207      0.00000      0.00000      0.00000
      3.81207      0.00000      0.00000      0.00000
      3.82207      0.00000      0.00000      0.00000
      3.83207      0.00000      0.00000      0.00000
      3.84207      0.00000      0.00000      0.00000
      3.85207      0.00000      0.00000      0.00000
      3.86207      0.01357      0.01342      0.00015
      3.87207      0.55819      0.55214      0.00604
      3.88207      8.78365      8.68836      0.09529
      3.89207     54.89844     54.30013      0.59831
      3.90207    147.06830    145.45001      1.61830
      3.91207    198.09528    195.87138      2.22390
      3.92207    178.67116    176.59133      2.07983
      3.93207    147.10347    145.30861      1.79486
      3.94207    126.40334    124.78364      1.61970
      3.95207    113.61012    112.08784      1.52228
      3.96207    105.66634    104.18252      1.48382
      3.97207    100.94100     99.46634      1.47466
      3.98207     95.95593     94.48834      1.46759
      3.99207     90.85930     89.42340      1.43590
      4.00207     79.52656     78.21165      1.31491
      4.01207     88.35561     86.84229      1.51332
      4.02207     76.57720     75.22570      1.35150
      4.03207     81.64064     80.13008      1.51056
      4.04207     81.72262     80.18081      1.54181
      4.05207     77.22652     75.71881      1.50771
      4.06207    128.52449    126.02121      2.50328
      4.07207    166.74439    163.57805      3.16633
      4.08207    182.38736    178.88241      3.50495
      4.09207    182.95707    179.32276      3.63431
      4.10207    146.28048    143.35879      2.92169
      4.11207    148.53702    145.49006      3.04696
      4.12207    138.27256    135.27735      2.99521
      4.13207    113.65769    111.23914      2.41855
      4.14207    135.20387    132.31610      2.88777
      4.15207    129.91698    126.90711      3.00986
      4.16207     85.46648     83.43692      2.02956
      4.17207    108.41429    105.97329      2.44100
      4.18207    154.28437    150.66916      3.61521
      4.19207    101.40778     98.89003      2.51775
      4.20207     55.35292     53.89311      1.45981
      4.21207    112.90730    110.00309      2.90421
      4.22207    155.18159    151.37015      3.81144
      4.23207     92.74526     90.49110      2.25416
      4.24207     64.10727     62.21645      1.89083
      4.25207     94.44154     91.56224      2.87929
      4.26207    107.25017    104.45236      2.79781
      4.27207    112.90084    110.20748      2.69335
      4.28207    110.18473    107.01589      3.16884
      4.29207     83.78610     81.01473      2.77137
      4.30207     45.02334     43.55338      1.46996
      4.31207     80.76859     78.42937      2.33921
      4.32207    156.15773    151.69202      4.46570
      4.33207    118.71386    115.31024      3.40362
      4.34207     46.05880     44.59897      1.45982
      4.35207     58.20996     55.97311      2.23685
      4.36207     91.55253     88.17222      3.38031
      4.37207     96.74247     93.87718      2.86529
      4.38207    110.68618    107.75805      2.92812
      4.39207    113.34686    109.57387      3.77299
      4.40207     83.39860     80.11561      3.28299
      4.41207     35.87539     34.39673      1.47866
      4.42207     45.42937     43.66523      1.76413
      4.43207    121.72719    117.42017      4.30702
      4.44207    146.15067    141.50345      4.64722
      4.45207     77.78579     75.44386      2.34193
      4.46207     52.27495     49.54897      2.72598
      4.47207     89.93645     76.26079     13.67566
      4.48207    130.03771     65.78374     64.25397
      4.49207    203.44640     62.24048    141.20593
      4.50207    247.50426    123.14941    124.35485
      4.51207    231.39705    151.09130     80.30575
      4.52207    268.65573     95.55036    173.10537
      4.53207    387.57788     64.06549    323.51238
      4.54207    461.06178     91.44553    369.61625
      4.55207    543.34391    130.24711    413.09680
      4.56207    664.51597    144.35122    520.16475
      4.57207    699.43210    158.93898    540.49311
      4.58207    629.66605    156.81373    472.85232
      4.59207    548.52358    135.39202    413.13156
      4.60207    460.73191     86.88446    373.84746
      4.61207    409.03698     61.22276    347.81423
      4.62207    426.72770     96.62010    330.10761
      4.63207    465.15861    150.79663    314.36198
      4.64207    448.30525    151.01763    297.28762
      4.65207    387.85710    103.98036    283.87674
      4.66207    369.39706     93.56076    275.83631
      4.67207    372.93860    105.01932    267.91928
      4.68207    326.38951     70.76088    255.62863
      4.69207    296.59292     53.36243    243.23050
      4.70207    349.21572    111.18724    238.02848
      4.71207    407.31484    174.23476    233.08007
      4.72207    346.54401    124.84811    221.69590
      4.73207    273.50162     59.12560    214.37602
      4.74207    281.27953     70.80045    210.47908
      4.75207    307.77478     97.22084    210.55394
      4.76207    273.19627     70.09555    203.10071
      4.77207    259.63928     62.59137    197.04791
      4.78207    320.90998    128.89492    192.01506
      4.79207    358.65134    165.00441    193.64692
      4.80207    280.91345     96.49570    184.41775
      4.81207    220.85909     41.60214    179.25695
      4.82207    233.07863     55.96405    177.11458
      4.83207    268.45340     91.92919    176.52420
      4.84207    256.84997     82.02703    174.82294
      4.85207    244.57480     80.45486    164.11994
      4.86207    297.83161    125.86061    171.97100
      4.87207    296.84616    136.27601    160.57014
      4.88207    259.13646     90.85883    168.27763
      4.89207    189.46469     39.40822    150.05647
      4.90207    191.30303     39.41392    151.88911
      4.91207    237.11480     80.98771    156.12710
      4.92207    254.66841    104.37181    150.29660
      4.93207    266.06935    108.92621    157.14315
      4.94207    252.47964    105.23983    147.23981
      4.95207    242.02167     96.98769    145.03398
      4.96207    240.31612     93.26718    147.04894
      4.97207    194.22635     53.94014    140.28621
      4.98207    166.44531     29.38952    137.05579
      4.99207    201.84738     58.34804    143.49934
      5.00207    257.09953    119.41948    137.68004
      5.01207    274.37816    139.89433    134.48383
      5.02207    233.91839     92.80629    141.11210
      5.03207    180.62657     54.24346    126.38311
      5.04207    211.61301     78.13487    133.47814
      5.05207    225.34345     83.36677    141.97668
      5.06207    155.88884     40.57573    115.31311
      5.07207    152.27278     25.86281    126.40997
      5.08207    192.91543     57.35295    135.56247
      5.09207    212.57503    104.41191    108.16312
      5.10207    252.51518    124.47631    128.03887
      5.11207    253.68577    115.22579    138.45998
      5.12207    225.51980    123.11430    102.40551
      5.13207    325.89337    201.41498    124.47840
      5.14207    361.87774    218.95819    142.91955
      5.15207    259.29514    160.26885     99.02629
      5.16207    278.24149    165.05581    113.18568
      5.17207    329.20665    185.05295    144.15370
      5.18207    290.31523    188.31841    101.99682
      5.19207    276.98733    173.55332    103.43401
      5.20207    270.87379    126.40565    144.46814
      5.21207    208.31866    103.52239    104.79627
      5.22207    165.64909     86.47733     79.17176
      5.23207    273.55925    138.64182    134.91743
      5.24207    349.75987    217.94733    131.81254
      5.25207    251.77633    173.90505     77.87129
      5.26207    202.07699     92.24730    109.82969
      5.27207    260.99365    115.66981    145.32385
      5.28207    253.49132    161.98528     91.50604
      5.29207    201.09806    117.58591     83.51215
      5.30207    271.63221    124.89566    146.73654
      5.31207    410.49382    275.75373    134.74009
      5.32207    535.90440    445.81972     90.08467
      5.33207    570.90433    440.30049    130.60385
      5.34207    451.12385    287.64427    163.47957
      5.35207    298.56664    198.01184    100.55480
      5.36207    308.09249    225.26223     82.83026
      5.37207    442.99086    292.81763    150.17323
      5.38207    401.84076    259.75878    142.08198
      5.39207    254.81599    184.80579     70.01020
      5.40207    300.79712    212.11598     88.68114
      5.41207    437.81386    280.12104    157.69281
      5.42207    381.69714    257.58364    124.11350
      5.43207    272.41130    212.41709     59.99421
      5.44207    277.55727    182.93178     94.62549
      5.45207    333.43721    177.40018    156.03703
      5.46207    295.32883    184.44434    110.88448
      5.47207    221.85172    164.83770     57.01402
      5.48207    307.03685    201.42030    105.61655
      5.49207    428.10810    269.92780    158.18030
      5.50207    347.63955    247.23386    100.40569
      5.51207    241.99038    186.60310     55.38728
      5.52207    240.83491    132.94206    107.89286
      5.53207    256.37179    106.11256    150.25922
      5.54207    225.59805    136.66064     88.93741
      5.55207    260.16957    211.57296     48.59661
      5.56207    385.02884    279.62651    105.40233
      5.57207    386.30801    229.93981    156.36819
      5.58207    236.35426    139.25091     97.10335
      5.59207    143.29048     99.58219     43.70830
      5.60207    220.17691    131.59669     88.58022
      5.61207    381.86544    227.58691    154.27853
      5.62207    313.61274    204.57791    109.03483
      5.63207    173.83052    130.07191     43.75860
      5.64207    218.77348    147.63316     71.14032
      5.65207    338.42362    194.69008    143.73355
      5.66207    336.83512    210.35249    126.48264
      5.67207    213.13057    159.79751     53.33305
      5.68207    203.00955    146.64957     56.35998
      5.69207    317.66650    187.07515    130.59134
      5.70207    313.54516    173.33701    140.20815
      5.71207    203.54633    137.71127     65.83505
      5.72207    182.20423    143.29608     38.90815
      5.73207    255.90530    160.54017     95.36513
      5.74207    332.76399    182.66400    150.09999
      5.75207    303.21003    200.84178    102.36825
      5.76207    207.33545    165.45877     41.87668
      5.77207    199.68661    133.86846     65.81815
      5.78207    268.17058    132.15463    136.01595
      5.79207    265.30569    138.71452    126.59117
      5.80207    220.18795    163.36083     56.82712
      5.81207    221.15781    178.75149     42.40632
      5.82207    238.72870    136.81047    101.91824
      5.83207    289.99104    143.86513    146.12591
      5.84207    301.96262    209.02260     92.94003
      5.85207    216.37860    178.29045     38.08816
      5.86207    175.15845    112.47375     62.68469
      5.87207    235.92219    100.14295    135.77925
      5.88207    198.59575     74.39867    124.19708
      5.89207    148.39170     98.69881     49.69289
      5.90207    268.74996    228.52754     40.22242
      5.91207    384.79505    276.33391    108.46115
      5.92207    334.62463    180.88141    153.74322
      5.93207    200.81638    111.46443     89.35194
      5.94207    121.59924     86.82311     34.77613
      5.95207    167.73800     98.21616     69.52184
      5.96207    282.43017    143.83272    138.59745
      5.97207    250.00288    127.38466    122.61822
      5.98207    167.11661     94.55310     72.56351
      5.99207    263.01822    174.56712     88.45110
      6.00207    376.54319    262.01692    114.52627
      6.01207    364.65696    213.04867    151.60829
      6.02207    311.69913    144.02692    167.67221
      6.03207    340.93993    204.32916    136.61077
      6.04207    391.78304    288.47148    103.31155
      6.05207    302.63799    210.45222     92.18576
      6.06207    270.81117    126.46605    144.34512
      6.07207    246.31182    113.88060    132.43122
      6.08207    179.66164    112.46683     67.19481
      6.09207    249.70785    120.76971    128.93814
      6.10207    473.71465    141.04966    332.66499
      6.11207    640.35685    182.54835    457.80851
      6.12207    546.16245    172.34948    373.81297
      6.13207    293.66023     87.96149    205.69873
      6.14207    172.19178     73.82705     98.36473
      6.15207    268.61268    142.68565    125.92702
      6.16207    437.04056    212.79901    224.24155
      6.17207    451.79650    206.03248    245.76401
      6.18207    265.89329    126.07668    139.81662
      6.19207    113.36474     71.76388     41.60086
      6.20207    152.82661    111.00275     41.82386
      6.21207    302.51821    187.84169    114.67652
      6.22207    373.03520    186.48889    186.54631
      6.23207    273.22552    107.94412    165.28141
      6.24207    219.49685    122.11083     97.38601
      6.25207    347.50006    210.14844    137.35162
      6.26207    432.10620    205.65492    226.45128
      6.27207    376.20156    149.50180    226.69976
      6.28207    332.99084    118.96597    214.02488
      6.29207    377.48862    125.31013    252.17850
      6.30207    483.22366    176.80768    306.41599
      6.31207    509.41763    207.07017    302.34746
      6.32207    320.96494    138.89878    182.06616
      6.33207    214.39975     93.09172    121.30804
      6.34207    386.23822    174.67115    211.56708
      6.35207    509.27879    246.27501    263.00378
      6.36207    397.63626    237.28411    160.35215
      6.37207    225.11393    175.87517     49.23876
      6.38207    120.82569     98.59559     22.23010
      6.39207    126.03554     65.70798     60.32756
      6.40207    229.29684     92.98502    136.31182
      6.41207    300.04142    112.78519    187.25623
      6.42207    349.45575    187.81238    161.64337
      6.43207    442.44949    301.62599    140.82350
      6.44207    446.46298    273.54080    172.92218
      6.45207    372.40523    199.61366    172.79157
      6.46207    244.27287    150.96793     93.30494
      6.47207    136.65807    111.05808     25.59999
      6.48207    166.22853    156.60671      9.62181
      6.49207    214.27645    203.71286     10.56359
      6.50207    201.61034    189.59897     12.01137
      6.51207    203.03395    180.70291     22.33105
      6.52207    209.75258    152.56555     57.18703
      6.53207    226.88938    122.90756    103.98182
      6.54207    268.17182    117.44082    150.73100
      6.55207    354.16028    160.47970    193.68058
      6.56207    471.59643    281.81064    189.78579
      6.57207    512.88199    351.92397    160.95803
      6.58207    414.85566    279.93445    134.92121
      6.59207    386.25025    185.65878    200.59147
      6.60207    454.30650    159.55068    294.75581
      6.61207    419.16991    150.72407    268.44584
      6.62207    320.66860    141.90616    178.76243
      6.63207    231.18014    138.03718     93.14296
      6.64207    323.00729    206.51034    116.49695
      6.65207    515.55071    311.89128    203.65943
      6.66207    489.03544    299.96393    189.07151
      6.67207    325.33423    199.04968    126.28455
      6.68207    318.54754    224.66480     93.88273
      6.69207    492.11011    362.76696    129.34315
      6.70207    705.10023    463.70084    241.39939
      6.71207    585.46095    351.25025    234.21070
      6.72207    281.05202    171.38874    109.66328
      6.73207    158.55294     93.66415     64.88879
      6.74207    190.06801    101.54114     88.52687
      6.75207    262.69270    130.69837    131.99433
      6.76207    397.12362    172.14221    224.98141
      6.77207    449.98442    185.68462    264.29979
      6.78207    347.25002    139.74979    207.50022
      6.79207    296.38776    122.79317    173.59460
      6.80207    281.78826    110.52347    171.26478
      6.81207    324.66101    112.00591    212.65510
      6.82207    311.00267    106.01595    204.98673
      6.83207    182.75717     52.53837    130.21880
      6.84207     72.83210     17.86363     54.96847
      6.85207     82.03660     42.16339     39.87321
      6.86207    205.25634    122.42903     82.82731
      6.87207    318.14114    190.44838    127.69276
      6.88207    368.31924    183.04096    185.27828
      6.89207    347.06212    115.01153    232.05060
      6.90207    211.93100     50.16873    161.76227
      6.91207     76.78810     20.92958     55.85852
      6.92207    106.94845     55.44525     51.50320
      6.93207    283.12904    150.29301    132.83603
      6.94207    405.45446    182.82385    222.63076
      6.95207    340.62696    112.46833    228.17098
      6.96207    228.47114     74.83304    154.00839
      6.97207    183.38601     83.64082    104.01492
      6.98207    242.52304     60.45384    201.74794
      6.99207    428.77064     68.31198    400.45121
      7.00207    605.58740    138.18426    515.30331
      7.01207    679.47874    132.94181    603.34154
      7.02207    716.17033     62.59219    722.13328
      7.03207    777.69081     65.45793    780.70307
      7.04207    799.99406    130.91962    729.24954
      7.05207    728.63792    144.01684    638.21237
      7.06207    576.94841    106.10238    519.54929
      7.07207    453.68641    106.60347    385.41927
      7.08207    485.56102    124.32314    391.60455
      7.09207    680.53752    124.41759    591.28603
      7.10207    663.75782     84.94283    618.10873
      7.11207    448.30782     39.09783    444.20189
      7.12207    405.87838     41.97355    395.40834
      7.13207    515.51459    112.97028    435.21684
      7.14207    537.66768    168.90171    401.22452
      7.15207    490.59942    157.77156    358.97763
      7.16207    482.71401    133.19237    373.69131
      7.17207    387.00224     69.84130    346.04766
      7.18207    283.33711     18.72852    294.71709
      7.19207    302.86559     29.11779    302.76921
      7.20207    392.59860     92.94198    326.73506
      7.21207    422.19019    145.54569    298.77282
      7.22207    435.82866    134.89439    321.07451
      7.23207    445.72845    113.08063    357.27367
      7.24207    351.81951     82.33387    295.97679
      7.25207    303.62042     61.18690    269.09991
      7.26207    398.44345     99.48272    325.07494
      7.27207    474.51417    132.24718    366.09094
      7.28207    400.70789    116.65441    301.95595
      7.29207    389.13464     98.04456    310.39345
      7.30207    399.47571     96.23547    323.69552
      7.31207    338.20789     69.17310    288.50542
      7.32207    338.68142     73.90176    285.11089
      7.33207    469.32327    152.70366    338.78138
      7.34207    589.24927    212.16349    400.73342
      7.35207    546.42871    180.88021    386.92304
      7.36207    426.02290    103.54009    341.12852
      7.37207    324.53125     51.26562    291.75256
      7.38207    301.09392     61.36044    259.91107
      7.39207    267.33169     94.13220    188.23730
      7.40207    224.20679    103.61228    126.26719
      7.41207    301.96383    119.32491    186.36547
      7.42207    445.44458    124.89497    332.65698
      7.43207    522.19953    123.51593    421.94793
      7.44207    419.59478    110.47443    332.95301
      7.45207    256.77073     57.47708    215.82594
      7.46207    270.95786     50.55083    237.96179
      7.47207    398.34500    149.45167    269.88330
      7.48207    408.15704    236.22136    185.03954
      7.49207    322.87691    179.41894    152.36727
      7.50207    399.63064    120.06949    296.86211
      7.51207    483.63637    143.14501    358.92118
      7.52207    358.04684    129.69009    237.25076
      7.53207    325.77928    113.97443    220.17189
      7.54207    520.88830    181.55318    353.56051
      7.55207    589.20562    194.54345    411.05301
      7.56207    428.43568     99.78026    350.24111
      7.57207    310.64263     43.77139    287.82385
      7.58207    341.23310    105.18078    247.15568
      7.59207    496.72221    212.75634    298.09640
      7.60207    555.98281    226.47859    352.03344
      7.61207    464.01469    198.82947    279.90013
      7.62207    429.53325    200.10016    235.51059
      7.63207    420.23902    176.75746    254.73984
      7.64207    447.79432    136.00592    330.76883
      7.65207    515.96463    146.19632    383.99786
      7.66207    456.60678    166.58477    294.62928
      7.67207    291.20420    142.72710    149.37571
      7.68207    220.58653    103.72403    118.61062
      7.69207    335.66569    113.29513    227.42508
      7.70207    505.53770    152.60364    364.34045
      7.71207    527.99807    123.21927    424.19313
      7.72207    410.07010     89.57736    339.45073
      7.73207    357.13825    151.78148    216.99890
      7.74207    418.30186    205.78466    226.13260
      7.75207    438.08988    169.27526    290.04323
      7.76207    383.40427    150.53801    249.38050
      7.77207    326.65225    147.28397    186.98093
      7.78207    380.93788    154.27328    236.26246
      7.79207    537.50660    211.18680    342.09314
      7.80207    516.77092    212.68068    319.90667
      7.81207    310.05482    151.07058    168.61119
      7.82207    207.79498    130.13594     83.00550
      7.83207    259.80628    140.99308    127.73419
      7.84207    381.61141    154.63733    239.25911
      7.85207    603.83108    225.52036    390.41373
      7.86207    694.81710    297.66519    405.23169
      7.87207    604.55761    344.06022    262.99650
      7.88207    528.68087    350.59863    178.99343
      7.89207    449.40788    249.91799    202.53742
      7.90207    404.67841    150.55802    260.13498
      7.91207    299.16646     92.51053    212.88062
      7.92207    259.27753     88.33625    176.77454
      7.93207    412.72581    201.19592    215.60942
      7.94207    531.21208    285.94593    247.32411
      7.95207    463.85447    226.44689    240.38090
      7.96207    291.59389    118.28815    177.53485
      7.97207    163.50951     37.50004    131.17461
      7.98207    132.13384      6.29929    134.25787
      7.99207    175.04132      9.59539    181.53861
      8.00207    274.87358     52.07734    245.70482
      8.01207    336.24989    119.60471    233.67386
      8.02207    343.56496    138.88535    210.78515
      8.03207    454.32431    166.30480    294.77467
      8.04207    602.71175    199.26883    421.41170
      8.05207    451.80564    127.34523    343.89190
      8.06207    230.03435     77.02019    160.83586
      8.07207    226.94982     96.59338    132.64504
      8.08207    325.43295     91.50252    241.87617
      8.09207    406.43600     63.86137    362.53439
      8.10207    269.00028     31.40460    256.18428
      8.11207    104.04265     32.08167     78.35707
      8.12207     97.52537     65.92290     32.97819
      8.13207    170.99092     70.74496    104.86247
      8.14207    317.96371     72.98936    259.50175
      8.15207    358.82500     86.44457    291.60929
      8.16207    217.76552     61.55040    167.23954
      8.17207    177.66383     56.59020    123.79213
      8.18207    253.63105     93.62566    160.29560
      8.19207    286.66932    130.81966    156.23990
      8.20207    309.47280    137.70965    175.39515
      8.21207    411.71635    129.55192    294.95923
      8.22207    507.35854    147.64098    376.30100
      8.23207    442.65267    159.03580    291.52456
      8.24207    344.85415    150.49062    195.75079
      8.25207    349.16545    161.88007    187.37529
      8.26207    393.95727    196.18664    197.79071
      8.27207    348.84431    198.06186    151.10512
      8.28207    219.38230    104.40474    117.11298
      8.29207    188.11563     29.17145    164.18053
      8.30207    206.03738     27.27796    183.88717
      8.31207    303.86791     81.84878    225.48613
      8.32207    394.00870    128.10218    269.42514
      8.33207    308.65010     89.22746    224.33319
      8.34207    301.18315     45.64026    263.54554
      8.35207    362.94448     62.42643    306.98894
      8.36207    323.17660     85.96498    239.62122
      8.37207    286.44936     90.76540    198.01454
      8.38207    275.65914     77.55793    202.91341
      8.39207    266.67199     64.72383    209.67414
      8.40207    263.95183     63.72733    208.27270
      8.41207    250.39386    108.01958    146.08431
      8.42207    232.93426    137.02553     96.56145
      8.43207    166.51912     87.63333     78.92925
      8.44207    162.87146     40.40058    122.49678
      8.45207    276.06332     59.84955    216.47410
      8.46207    338.29960     96.88994    242.74756
      8.47207    304.87564     80.81078    228.04759
      8.48207    287.66085     64.69954    229.06640
      8.49207    214.63992     46.11039    172.55333
      8.50207    123.53202     14.99766    109.86569
      8.51207     93.11868      2.49031     91.17039
      8.52207     82.41037      4.00977     78.60817
      8.53207    112.82252     15.85973     97.00982
      8.54207    162.65668     43.19551    119.76545
      8.55207    193.08887     54.86683    140.77751
      8.56207    173.20387     27.13554    154.13048
      8.57207    198.96640      6.07749    203.12920
      8.58207    267.74887      6.41894    269.74688
      8.59207    279.83784     28.84775    262.07915
      8.60207    289.74306     86.90634    215.46380
      8.61207    348.96294    128.60625    226.75736
      8.62207    335.80432     95.45608    241.59350
      8.63207    239.07721     64.27846    174.88891
      8.64207    218.64547     97.57867    121.07699
      8.65207    219.51616    115.90454    103.81397
      8.66207    234.98914     84.70488    152.32334
      8.67207    312.31956     62.05438    258.11207
      8.68207    288.31906     60.26889    239.69158
      8.69207    207.55205     70.43360    145.03422
      8.70207    171.21726     60.66276    115.57387
      8.71207    119.55184     23.53076    101.14359
      8.72207    125.10361     13.99902    117.83773
      8.73207    178.40275     51.78302    131.71484
      8.74207    220.51900    118.29451    103.75096
      8.75207    178.87844    119.33151     59.93458
      8.76207    109.40466     58.89601     52.73277
      8.77207    212.98398     59.48924    162.50573
      8.78207    410.04331    105.82211    319.47063
      8.79207    369.70755    103.34887    277.19887
      8.80207    153.32455     50.74632    105.74516
      8.81207     89.05542     34.75723     54.70435
      8.82207    194.00314     71.70671    123.03300
      8.83207    245.62644     77.11392    173.32023
      8.84207    174.53083     33.67067    152.66419
      8.85207     86.45379      6.39530     90.72096
      8.86207     31.58183      5.89035     29.24444
      8.87207     47.75715     29.37498     19.08133
      8.88207    129.57592     68.95202     63.27921
      8.89207    311.73777    121.72045    199.62517
      8.90207    553.17494    206.21026    359.84755
