Energy-E_F (eV)    DOS (1/eV)    PDOS (1/eV)  of atom type H  C  
     -6.58678    898.76888    105.24778    793.52110
     -6.57678    923.07860    109.23036    813.84823
     -6.56678    743.33989     88.19977    655.14013
     -6.55678    571.85497     69.53124    502.32373
     -6.54678    638.60220     86.36904    552.23316
     -6.53678    774.70096    108.08700    666.61396
     -6.52678    785.89222    113.90995    671.98227
     -6.51678    836.42678    128.55769    707.86909
     -6.50678    866.02635    139.48254    726.54381
     -6.49678    780.04353    126.32445    653.71908
     -6.48678    801.90509    122.76952    679.13557
     -6.47678    777.37242    115.58026    661.79216
     -6.46678    603.97059     85.85777    518.11282
     -6.45678    443.53283     61.19793    382.33490
     -6.44678    560.36870     64.68935    495.67935
     -6.43678   1103.37433     90.05636   1013.31797
     -6.42678   1640.68894    111.10354   1529.58541
     -6.41678   1619.07515    102.29220   1516.78296
     -6.40678   1233.93732     74.51879   1159.41853
     -6.39678   1064.14924     71.71150    992.43774
     -6.38678    979.35482     68.44235    910.91247
     -6.37678    782.33610     55.29656    727.03954
     -6.36678    635.15517     43.86987    591.28530
     -6.35678    518.07758     27.09904    490.97854
     -6.34678    475.22526     18.79660    456.42866
     -6.33678    517.53154     25.69344    491.83810
     -6.32678    529.54982     34.53491    495.01491
     -6.31678    630.10085     48.52478    581.57606
     -6.30678    781.61389     73.81016    707.80374
     -6.29678    812.22729     93.22899    718.99831
     -6.28678    798.38022     94.44988    703.93034
     -6.27678    776.99757     80.75502    696.24255
     -6.26678    777.11629     68.24298    708.87331
     -6.25678    764.05050     64.40756    699.64295
     -6.24678    679.91176     57.25827    622.65349
     -6.23678    606.78470     45.98000    560.80469
     -6.22678    491.49164     30.63752    460.85412
     -6.21678    404.41754     24.29116    380.12639
     -6.20678    446.48140     31.21280    415.26860
     -6.19678    459.26719     31.41701    427.85018
     -6.18678    505.28611     32.78861    472.49750
     -6.17678    553.20797     43.72854    509.47943
     -6.16678    559.60028     61.26939    498.33089
     -6.15678    567.52146     61.81007    505.71139
     -6.14678    555.54519     53.86838    501.67682
     -6.13678    619.35242     63.13647    556.21594
     -6.12678    689.22216     65.91916    623.30300
     -6.11678    639.31870     59.50094    579.81776
     -6.10678    536.90916     49.81906    487.09010
     -6.09678    569.41636     54.44668    514.96968
     -6.08678    578.47305     61.55123    516.92181
     -6.07678    459.63620     44.71271    414.92348
     -6.06678    383.24366     27.87270    355.37096
     -6.05678    425.68862     36.51644    389.17217
     -6.04678    513.72427     52.15518    461.56910
     -6.03678    485.78186     44.43769    441.34417
     -6.02678    455.09045     36.89133    418.19911
     -6.01678    528.88933     49.87267    479.01666
     -6.00678    591.71115     62.16145    529.54970
     -5.99678    557.52382     51.32579    506.19803
     -5.98678    533.93481     39.09238    494.84242
     -5.97678    512.69564     39.30094    473.39471
     -5.96678    453.99417     34.05886    419.93531
     -5.95678    438.75250     34.04168    404.71082
     -5.94678    544.80108     53.34210    491.45899
     -5.93678    666.38727     78.46427    587.92300
     -5.92678    665.81843     87.65240    578.16602
     -5.91678    563.89471     72.00352    491.89119
     -5.90678    511.78755     59.58321    452.20434
     -5.89678    506.04306     60.31242    445.73064
     -5.88678    512.45218     62.70156    449.75063
     -5.87678    500.77383     58.88954    441.88429
     -5.86678    496.86570     63.95450    432.91120
     -5.85678    556.20955     78.46014    477.74942
     -5.84678    605.57333     85.58520    519.98813
     -5.83678    621.70506     88.45226    533.25280
     -5.82678    576.00519     75.72613    500.27906
     -5.81678    456.33931     48.28810    408.05122
     -5.80678    384.41013     37.32691    347.08322
     -5.79678    441.57129     52.85480    388.71650
     -5.78678    495.37044     63.13969    432.23075
     -5.77678    444.24994     52.51603    391.73391
     -5.76678    395.39931     39.30070    356.09861
     -5.75678    424.81913     41.07868    383.74045
     -5.74678    447.59034     49.79255    397.79779
     -5.73678    575.05808     77.43175    497.62633
     -5.72678    814.58183    124.29689    690.28494
     -5.71678    761.74664    117.77630    643.97034
     -5.70678    596.55725     79.74254    516.81471
     -5.69678    492.39723     57.64268    434.75455
     -5.68678    454.47181     57.43843    397.03339
     -5.67678    555.22001     76.08147    479.13854
     -5.66678    524.50866     69.76754    454.74112
     -5.65678    464.33019     53.40827    410.92192
     -5.64678    520.79259     61.07336    459.71923
     -5.63678    521.31221     56.26673    465.04548
     -5.62678    547.80745     47.53480    500.27265
     -5.61678    651.03196     72.02506    579.00691
     -5.60678    682.13444    101.79025    580.34419
     -5.59678    622.50259    102.81018    519.69241
     -5.58678    556.70074     91.15830    465.54244
     -5.57678    606.73703    101.22363    505.51341
     -5.56678    684.89201    117.26524    567.62677
     -5.55678    598.23169    102.12655    496.10513
     -5.54678    592.18157    105.86076    486.32081
     -5.53678    693.76907    131.69824    562.07083
     -5.52678    747.92324    151.61100    596.31224
     -5.51678    744.93635    154.32203    590.61432
     -5.50678    620.68391    117.80355    502.88035
     -5.49678    472.64098     72.37139    400.26958
     -5.48678    399.98838     49.30986    350.67852
     -5.47678    441.66417     52.80858    388.85559
     -5.46678    574.50250     68.21308    506.28941
     -5.45678    643.93635     73.29685    570.63950
     -5.44678    590.16308     66.04581    524.11727
     -5.43678    544.78170     61.72361    483.05809
     -5.42678    527.85103     54.32344    473.52759
     -5.41678    485.08740     49.26664    435.82076
     -5.40678    533.03574     59.26033    473.77540
     -5.39678    499.49889     50.61494    448.88396
     -5.38678    444.45579     40.43001    404.02578
     -5.37678    477.11410     47.82545    429.28866
     -5.36678    445.46987     47.26862    398.20125
     -5.35678    373.44483     39.73389    333.71094
     -5.34678    409.93174     37.20017    372.73157
     -5.33678    481.91260     42.58081    439.33179
     -5.32678    470.96963     43.34042    427.62921
     -5.31678    441.51230     37.51948    403.99282
     -5.30678    427.37989     33.70356    393.67633
     -5.29678    402.38571     33.62546    368.76025
     -5.28678    413.00831     34.04199    378.96632
     -5.27678    492.97646     41.97093    451.00552
     -5.26678    503.96534     46.60877    457.35657
     -5.25678    564.60247     50.45876    514.14371
     -5.24678    676.96142     61.95933    615.00209
     -5.23678    591.92409     54.40711    537.51699
     -5.22678    455.92019     38.95453    416.96565
     -5.21678    415.20599     32.79746    382.40854
     -5.20678    438.72644     40.38492    398.34152
     -5.19678    645.06333     65.72622    579.33710
     -5.18678    783.41207     73.11809    710.29399
     -5.17678    811.63439     74.32984    737.30455
     -5.16678   1154.08098    112.06101   1042.01997
     -5.15678   1930.55477    189.88137   1740.67340
     -5.14678   2409.52207    236.90263   2172.61943
     -5.13678   2129.41511    208.72228   1920.69282
     -5.12678   1593.80389    150.78005   1443.02384
     -5.11678    943.00191     86.58627    856.41564
     -5.10678    431.15176     38.32212    392.82964
     -5.09678    317.15152     25.28986    291.86166
     -5.08678    328.88245     26.78136    302.10108
     -5.07678    259.28464     19.82005    239.46459
     -5.06678    273.38969     22.08665    251.30305
     -5.05678    331.55442     26.73302    304.82141
     -5.04678    259.61526     19.90575    239.70952
     -5.03678    229.75075     16.24605    213.50471
     -5.02678    245.99176     13.73335    232.25841
     -5.01678    242.77223     16.03646    226.73577
     -5.00678    283.47613     23.06879    260.40735
     -4.99678    299.99922     22.32233    277.67690
     -4.98678    275.99685     18.67774    257.31911
     -4.97678    210.90384     13.88822    197.01562
     -4.96678    225.96970     12.99488    212.97482
     -4.95678    252.02787     14.79765    237.23022
     -4.94678    201.24962     12.35104    188.89858
     -4.93678    229.73304     14.13367    215.59937
     -4.92678    244.47992     13.85924    230.62068
     -4.91678    217.47139     12.78942    204.68197
     -4.90678    218.21344     14.44970    203.76374
     -4.89678    239.81191     12.87844    226.93347
     -4.88678    233.40660     13.95050    219.45611
     -4.87678    212.22807     13.79028    198.43779
     -4.86678    237.70926     12.93558    224.77367
     -4.85678    245.00520     14.68775    230.31745
     -4.84678    211.52974     12.85643    198.67331
     -4.83678    235.13739     13.92403    221.21336
     -4.82678    256.26026     14.34505    241.91521
     -4.81678    211.16092     12.76196    198.39895
     -4.80678    236.20951     14.71951    221.49000
     -4.79678    254.29201     13.36733    240.92468
     -4.78678    239.07337     14.15383    224.91954
     -4.77678    228.98182     14.16611    214.81571
     -4.76678    264.42228     13.88022    250.54206
     -4.75678    344.61516     18.97158    325.64358
     -4.74678    640.20761     29.11738    611.09023
     -4.73678   1181.02427     44.92238   1136.10190
     -4.72678   1365.48985     47.36626   1318.12359
     -4.71678   1146.76446     40.04444   1106.72002
     -4.70678    948.13319     36.46779    911.66540
     -4.69678    873.53123     34.60680    838.92442
     -4.68678    834.51133     33.83849    800.67284
     -4.67678    715.09196     28.17168    686.92028
     -4.66678    598.02755     25.53273    572.49482
     -4.65678    608.75111     28.70217    580.04894
     -4.64678    606.69359     26.74216    579.95143
     -4.63678    495.33951     23.29009    472.04942
     -4.62678    432.17110     21.94963    410.22147
     -4.61678    486.05358     25.91857    460.13501
     -4.60678    509.72097     24.98871    484.73227
     -4.59678    496.51605     22.09986    474.41619
     -4.58678    485.49420     24.61186    460.88234
     -4.57678    465.62179     24.77040    440.85138
     -4.56678    462.54018     23.88520    438.65498
     -4.55678    448.16501     21.94375    426.22126
     -4.54678    481.36465     24.88790    456.47675
     -4.53678    396.81959     23.66798    373.15161
     -4.52678    278.12471     18.25534    259.86937
     -4.51678    315.18000     20.12815    295.05186
     -4.50678    436.10349     23.30498    412.79851
     -4.49678    520.34750     24.98531    495.36219
     -4.48678    471.58022     22.16266    449.41756
     -4.47678    424.02101     23.16707    400.85395
     -4.46678    401.20941     23.76982    377.43958
     -4.45678    312.82466     19.42658    293.39808
     -4.44678    364.21612     20.96816    343.24796
     -4.43678    467.02404     24.34874    442.67530
     -4.42678    361.91407     22.15002    339.76405
     -4.41678    280.92226     18.11944    262.80282
     -4.40678    437.97949     23.54963    414.42986
     -4.39678    445.74861     24.03906    421.70955
     -4.38678    292.12182     19.07495    273.04687
     -4.37678    353.22467     20.66140    332.56327
     -4.36678    473.86228     24.70112    449.16116
     -4.35678    362.39172     21.67008    340.72164
     -4.34678    289.13910     18.59624    270.54286
     -4.33678    419.13926     23.49419    395.64507
     -4.32678    462.13270     23.64220    438.49050
     -4.31678    457.78968     22.28649    435.50319
     -4.30678    549.27305     24.05447    525.21858
     -4.29678    566.25861     25.54605    540.71257
     -4.28678    510.16776     23.02913    487.13863
     -4.27678    544.82364     24.73915    520.08449
     -4.26678    509.96294     24.68281    485.28013
     -4.25678    406.49958     21.54640    384.95318
     -4.24678    455.97418     22.78246    433.19172
     -4.23678    551.15429     26.05898    525.09531
     -4.22678    523.82118     24.53444    499.28674
     -4.21678    431.11304     22.33616    408.77689
     -4.20678    430.27800     23.70888    406.56912
     -4.19678    453.87260     23.54247    430.33013
     -4.18678    497.09229     24.22262    472.86966
     -4.17678    488.27051     24.81633    463.45418
     -4.16678    409.11277     22.58808    386.52469
     -4.15678    414.90508     22.32863    392.57645
     -4.14678    461.66623     24.54969    437.11655
     -4.13678    520.61496     24.96826    495.64670
     -4.12678    577.16388     26.23873    550.92515
     -4.11678    545.42176     26.47567    518.94609
     -4.10678    442.18480     23.56743    418.61737
     -4.09678    317.46484     21.01478    296.45006
     -4.08678    276.91824     20.73230    256.18593
     -4.07678    250.47802     19.48216    230.99586
     -4.06678    239.54781     19.68873    219.85908
     -4.05678    265.21686     20.62940    244.58746
     -4.04678    245.88296     19.53928    226.34367
     -4.03678    247.61682     20.44789    227.16893
     -4.02678    265.02424     20.55724    244.46700
     -4.01678    251.59964     20.18709    231.41256
     -4.00678    282.98055     21.41976    261.56079
     -3.99678    404.79636     23.33481    381.46155
     -3.98678    556.25287     26.42492    529.82795
     -3.97678    604.05760     27.78537    576.27222
     -3.96678    567.57889     26.78440    540.79449
     -3.95678    503.72846     26.17067    477.55780
     -3.94678    466.81661     25.37817    441.43844
     -3.93678    497.84141     25.98997    471.85144
     -3.92678    482.69365     26.20413    456.48951
     -3.91678    485.76042     26.12923    459.63119
     -3.90678    507.75630     27.05962    480.69668
     -3.89678    419.30381     25.33648    393.96732
     -3.88678    423.77496     25.59903    398.17593
     -3.87678    483.53194     26.88299    456.64895
     -3.86678    449.97947     26.30798    423.67149
     -3.85678    481.42662     27.40793    454.01870
     -3.84678    524.33986     28.29693    496.04293
     -3.83678    462.27856     27.62815    434.65041
     -3.82678    394.21600     26.32108    367.89492
     -3.81678    468.06761     27.97222    440.09539
     -3.80678    476.07388     28.34091    447.73297
     -3.79678    454.43227     28.28751    426.14476
     -3.78678    522.18196     29.88567    492.29629
     -3.77678    533.36949     30.54664    502.82286
     -3.76678    461.46222     29.62333    431.83889
     -3.75678    429.86638     29.24660    400.61978
     -3.74678    471.92386     30.41073    441.51313
     -3.73678    489.76427     31.20801    458.55626
     -3.72678    501.95958     31.86427    470.09531
     -3.71678    541.90432     33.20754    508.69678
     -3.70678    546.01744     34.03151    511.98592
     -3.69678    534.86885     34.49833    500.37052
     -3.68678    486.72920     34.17452    452.55468
     -3.67678    475.59732     34.74999    440.84733
     -3.66678    549.35854     36.99518    512.36337
     -3.65678    572.41756     38.40861    534.00895
     -3.64678    566.27622     39.55888    526.71734
     -3.63678    612.94487     41.92284    571.02203
     -3.62678    652.69465     44.31837    608.37628
     -3.61678    586.77712     45.05863    541.71849
     -3.60678    560.81163     46.99426    513.81737
     -3.59678    680.90802     52.45202    628.45600
     -3.58678    732.81347     58.06726    674.74621
     -3.57678    762.55414     66.21380    696.34034
     -3.56678    937.34870     82.45441    854.89429
     -3.55678   1055.52580     94.90905    960.61675
     -3.54678    828.99743     72.96066    756.03678
     -3.53678    493.81027     32.50449    461.30577
     -3.52678    417.66120     14.61707    403.04413
     -3.51678    423.79388     12.13043    411.66345
     -3.50678    420.35002     12.06954    408.28049
     -3.49678    483.56534     13.49774    470.06760
     -3.48678    506.12578     14.29149    491.83430
     -3.47678    481.26927     14.14439    467.12488
     -3.46678    459.34453     13.94622    445.39830
     -3.45678    506.11928     15.42089    490.69839
     -3.44678    632.34059     19.10929    613.23130
     -3.43678    790.49379     24.02160    766.47219
     -3.42678    806.52030     24.64699    781.87331
     -3.41678    541.32568     15.88541    525.44027
     -3.40678    299.44750      7.30610    292.14140
     -3.39678    233.59014      4.76533    228.82481
     -3.38678    312.83574      6.63968    306.19606
     -3.37678    367.58402      8.07712    359.50690
     -3.36678    355.61622      8.15652    347.45970
     -3.35678    446.74008     11.00853    435.73155
     -3.34678    448.93392     11.16463    437.76929
     -3.33678    320.56151      7.41354    313.14797
     -3.32678    244.26751      5.16186    239.10564
     -3.31678    191.38025      4.01090    187.36935
     -3.30678    133.73871      2.69167    131.04703
     -3.29678    104.01694      1.87861    102.13833
     -3.28678     63.73136      1.09274     62.63862
     -3.27678     38.92707      0.65977     38.26730
     -3.26678     69.20380      1.17185     68.03195
     -3.25678     73.96563      1.25246     72.71317
     -3.24678     40.59670      0.68657     39.91012
     -3.23678     56.87663      0.94350     55.93313
     -3.22678    102.04535      1.56556    100.47979
     -3.21678    117.60751      1.49818    116.10933
     -3.20678    114.42167      1.38673    113.03494
     -3.19678    105.42939      1.55723    103.87216
     -3.18678     76.90726      1.22883     75.67843
     -3.17678     67.68586      0.87938     66.80648
     -3.16678    133.98077      1.61796    132.36281
     -3.15678    145.63216      1.87654    143.75562
     -3.14678     71.50187      0.98031     70.52156
     -3.13678     73.83520      0.97459     72.86061
     -3.12678    149.69782      1.87223    147.82560
     -3.11678    131.73990      1.58881    130.15109
     -3.10678     66.17617      0.84472     65.33145
     -3.09678    100.78526      1.36970     99.41556
     -3.08678    152.26360      1.86663    150.39697
     -3.07678    106.14649      1.18885    104.95764
     -3.06678     75.33877      1.00466     74.33411
     -3.05678    125.62442      1.69014    123.93428
     -3.04678    138.03315      1.58117    136.45198
     -3.03678     90.14334      1.01143     89.13192
     -3.02678     95.39265      1.35059     94.04206
     -3.01678    133.60726      1.70813    131.89913
     -3.00678    118.56453      1.25769    117.30684
     -2.99678     91.93403      1.14888     90.78515
     -2.98678    114.18953      1.61454    112.57500
     -2.97678    127.67785      1.47879    126.19905
     -2.96678    106.44819      1.13557    105.31262
     -2.95678    103.00041      1.43238    101.56803
     -2.94678    120.60137      1.60241    118.99896
     -2.93678    118.09186      1.24301    116.84885
     -2.92678    105.74746      1.27286    104.47460
     -2.91678    113.75063      1.62381    112.12682
     -2.90678    119.92704      1.41407    118.51297
     -2.89678    112.78066      1.20066    111.58000
     -2.88678    112.27672      1.53213    110.74459
     -2.87678    122.20309      1.62097    120.58212
     -2.86678    119.72112      1.28628    118.43484
     -2.85678    132.75198      1.67068    131.08130
     -2.84678    240.83814      3.35548    237.48266
     -2.83678    382.03530      5.02414    377.01117
     -2.82678    403.61240      5.23489    398.37751
     -2.81678    364.67231      4.96486    359.70745
     -2.80678    306.05042      4.22279    301.82763
     -2.79678    254.76268      3.42217    251.34052
     -2.78678    255.32984      3.54880    251.78103
     -2.77678    257.77625      3.66243    254.11382
     -2.76678    229.52874      3.05824    226.47050
     -2.75678    238.12344      3.19804    234.92540
     -2.74678    257.36768      3.70442    253.66326
     -2.73678    214.30472      3.12521    211.17951
     -2.72678    204.49297      2.85133    201.64164
     -2.71678    227.93174      3.29333    224.63841
     -2.70678    217.22259      3.23437    213.98822
     -2.69678    189.32145      2.66726    186.65419
     -2.68678    250.90443      4.02450    246.87992
     -2.67678    360.24533      7.07288    353.17245
     -2.66678    352.70725      7.41666    345.29060
     -2.65678    284.50064      5.18445    279.31619
     -2.64678    269.39967      4.18508    265.21459
     -2.63678    206.74210      3.28249    203.45961
     -2.62678    306.57516      6.67601    299.89915
     -2.61678    922.55518     25.25683    897.29834
     -2.60678   1844.14849     54.31812   1789.83037
     -2.59678   2063.41912     61.61934   2001.79978
     -2.58678   1638.75834     47.44537   1591.31296
     -2.57678   1268.98972     35.26063   1233.72908
     -2.56678   1095.03134     30.17089   1064.86046
     -2.55678   1036.78543     27.99360   1008.79183
     -2.54678    969.09247     25.50973    943.58273
     -2.53678    919.05773     23.80248    895.25525
     -2.52678    883.17426     23.05143    860.12283
     -2.51678    922.42480     23.90310    898.52171
     -2.50678    910.35310     22.82587    887.52723
     -2.49678    749.59296     18.68075    730.91221
     -2.48678    467.25935     11.07615    456.18320
     -2.47678    232.55276      4.36454    228.18822
     -2.46678    162.64707      2.24758    160.39950
     -2.45678    126.31674      1.68836    124.62837
     -2.44678    111.93249      1.42031    110.51218
     -2.43678    153.68871      1.91095    151.77776
     -2.42678    136.20441      1.73602    134.46840
     -2.41678    109.07350      1.34234    107.73117
     -2.40678    149.70442      1.82373    147.88068
     -2.39678    145.70865      1.82136    143.88729
     -2.38678    124.27673      1.55567    122.72105
     -2.37678    204.92802      3.07642    201.85159
     -2.36678    577.57019     10.66604    566.90415
     -2.35678   1203.08519     23.73612   1179.34907
     -2.34678   1422.96852     28.50071   1394.46781
     -2.33678   1264.74691     24.90398   1239.84292
     -2.32678   1015.83374     19.73046    996.10328
     -2.31678    865.96823     16.85816    849.11007
     -2.30678   1027.40964     19.68665   1007.72300
     -2.29678   1174.96062     22.22504   1152.73558
     -2.28678   1103.50739     20.89618   1082.61121
     -2.27678   1039.83231     19.69077   1020.14154
     -2.26678   1249.64152     23.27934   1226.36218
     -2.25678   1419.28537     26.18464   1393.10073
     -2.24678   1072.35868     19.65007   1052.70861
     -2.23678    515.28066      8.80546    506.47519
     -2.22678    252.01572      3.55267    248.46305
     -2.21678    178.30910      2.39118    175.91792
     -2.20678    202.16509      2.70537    199.45973
     -2.19678    203.46516      2.56715    200.89801
     -2.18678    140.76670      1.73933    139.02737
     -2.17678    188.29062      2.39775    185.89287
     -2.16678    239.23106      3.02771    236.20335
     -2.15678    150.30063      1.84860    148.45204
     -2.14678    135.11903      1.58049    133.53854
     -2.13678    162.92382      1.90322    161.02060
     -2.12678    118.88175      1.38051    117.50124
     -2.11678    148.81344      1.70858    147.10486
     -2.10678    215.67630      2.52242    213.15387
     -2.09678    200.28696      2.34668    197.94028
     -2.08678    177.40599      2.03973    175.36626
     -2.07678    160.30524      1.85540    158.44984
     -2.06678    129.78314      1.49747    128.28566
     -2.05678    139.79797      1.58844    138.20953
     -2.04678    165.81363      1.89286    163.92077
     -2.03678    201.23870      2.27746    198.96124
     -2.02678    211.28266      2.37245    208.91021
     -2.01678    178.99560      2.01836    176.97724
     -2.00678    169.47675      1.91346    167.56328
     -1.99678    195.97871      2.19117    193.78754
     -1.98678    220.13864      2.44902    217.68962
     -1.97678    185.25165      2.06665    183.18501
     -1.96678    162.81381      1.80900    161.00482
     -1.95678    211.01556      2.32854    208.68702
     -1.94678    223.12400      2.46125    220.66275
     -1.93678    175.02003      1.92838    173.09165
     -1.92678    172.70198      1.89035    170.81163
     -1.91678    228.82527      2.50684    226.31843
     -1.90678    217.51121      2.39885    215.11236
     -1.89678    166.85704      1.83062    165.02642
     -1.88678    207.43805      2.27162    205.16644
     -1.87678    225.96988      2.51759    223.45229
     -1.86678    206.99953      2.32831    204.67122
     -1.85678    198.39498      2.18944    196.20554
     -1.84678    196.16374      2.22845    193.93529
     -1.83678    219.07585      2.50803    216.56782
     -1.82678    220.02069      2.42360    217.59709
     -1.81678    181.80078      2.05108    179.74970
     -1.80678    170.38834      1.87779    168.51055
     -1.79678    235.18326      2.50255    232.68071
     -1.78678    202.32470      2.16870    200.15599
     -1.77678    134.33861      1.26313    133.07547
     -1.76678    181.34273      1.65161    179.69112
     -1.75678    241.05278      2.37474    238.67804
     -1.74678    208.31981      1.89342    206.42638
     -1.73678    175.94354      1.40798    174.53556
     -1.72678    280.21282      2.50743    277.70539
     -1.71678    376.32650      3.71553    372.61097
     -1.70678    296.80879      3.14806    293.66073
     -1.69678    149.87423      1.67148    148.20275
     -1.68678    115.02602      1.16070    113.86532
     -1.67678    180.78060      1.61567    179.16494
     -1.66678    219.49003      1.89600    217.59403
     -1.65678    274.50171      2.31870    272.18301
     -1.64678    389.81070      3.54417    386.26653
     -1.63678    399.20428      4.14388    395.06040
     -1.62678    313.55053      3.52836    310.02217
     -1.61678    312.53233      3.28022    309.25211
     -1.60678    323.91792      2.97374    320.94418
     -1.59678    294.18340      2.77407    291.40932
     -1.58678    273.17498      2.44686    270.72812
     -1.57678    345.00181      2.30576    342.69605
     -1.56678    453.48399      3.16245    450.32154
     -1.55678    369.62750      2.91332    366.71418
     -1.54678    168.25263      1.71095    166.54168
     -1.53678    121.02545      1.86769    119.15776
     -1.52678    142.58019      2.12267    140.45752
     -1.51678    132.65405      1.94618    130.70787
     -1.50678    112.56218      1.88791    110.67427
     -1.49678     97.87923      1.59917     96.28006
     -1.48678    136.94232      2.01837    134.92395
     -1.47678    151.25997      2.32185    148.93812
     -1.46678     90.82805      1.49699     89.33106
     -1.45678    102.41255      1.67654    100.73601
     -1.44678    155.63639      2.36249    153.27390
     -1.43678    125.63827      1.85881    123.77946
     -1.42678     99.78993      1.68716     98.10277
     -1.41678    115.24455      1.90445    113.34011
     -1.40678    134.87208      1.95403    132.91805
     -1.39678    140.18183      2.16689    138.01494
     -1.38678    100.16045      1.71202     98.44843
     -1.37678     97.27761      1.54382     95.73379
     -1.36678    157.41143      2.37905    155.03237
     -1.35678    131.04754      2.01759    129.02995
     -1.34678     84.59361      1.42583     83.16777
     -1.33678    124.06070      2.03876    122.02193
     -1.32678    145.48384      2.13969    143.34415
     -1.31678    119.85666      1.83365    118.02300
     -1.30678    106.44759      1.86065    104.58694
     -1.29678    108.55397      1.71050    106.84347
     -1.28678    145.70254      2.13964    143.56291
     -1.27678    135.34530      2.16971    133.17559
     -1.26678     84.23689      1.43420     82.80269
     -1.25678    120.75303      1.91494    118.83809
     -1.24678    159.88737      2.41498    157.47239
     -1.23678    107.77938      1.67181    106.10758
     -1.22678     99.24674      1.72912     97.51762
     -1.21678    132.24780      2.09499    130.15281
     -1.20678    137.61862      1.98507    135.63355
     -1.19678    122.60417      2.01454    120.58963
     -1.18678     97.90746      1.70042     96.20704
     -1.17678    119.61528      1.80556    117.80972
     -1.16678    158.97399      2.42258    156.55141
     -1.15678    108.32643      1.77551    106.55092
     -1.14678     89.95519      1.52539     88.42980
     -1.13678    148.49192      2.32755    146.16437
     -1.12678    139.48517      2.06516    137.42002
     -1.11678    101.53154      1.69179     99.83974
     -1.10678    113.99822      1.97125    112.02697
     -1.09678    132.87264      1.96325    130.90939
     -1.08678    141.06035      2.14743    138.91292
     -1.07678    110.55375      1.92206    108.63169
     -1.06678     96.50996      1.57813     94.93182
     -1.05678    152.26386      2.31303    149.95083
     -1.04678    140.32818      2.19272    138.13547
     -1.03678     87.90791      1.49636     86.41155
     -1.02678    125.28240      2.08157    123.20082
     -1.01678    151.11876      2.25696    148.86181
     -1.00678    117.88800      1.83247    116.05553
     -0.99678    109.58042      1.95511    107.62532
     -0.98678    121.56844      1.91040    119.65804
     -0.97678    146.67832      2.17017    144.50816
     -0.96678    128.49266      2.15226    126.34039
     -0.95678     92.52508      1.58669     90.93839
     -0.94678    138.68202      2.15413    136.52789
     -0.93678    155.23637      2.39425    152.84212
     -0.92678     98.26723      1.63356     96.63367
     -0.91678    115.67132      1.99226    113.67906
     -0.90678    150.60403      2.29910    148.30493
     -0.89678    128.80907      1.95842    126.85065
     -0.88678    113.42808      2.02235    111.40573
     -0.87678    118.95197      1.93051    117.02147
     -0.86678    148.08786      2.20258    145.88528
     -0.85678    135.49108      2.25304    133.23804
     -0.84678     96.31299      1.66761     94.64539
     -0.83678    139.59294      2.19998    137.39296
     -0.82678    156.26552      2.42346    153.84207
     -0.81678    103.21103      1.73000    101.48104
     -0.80678    122.63043      2.11684    120.51359
     -0.79678    151.84732      2.31609    149.53123
     -0.78678    129.57165      2.02808    127.54357
     -0.77678    117.31751      2.11154    115.20597
     -0.76678    128.11134      2.02868    126.08266
     -0.75678    153.37729      2.34488    151.03242
     -0.74678    126.96822      2.18677    124.78145
     -0.73678    108.15105      1.81995    106.33110
     -0.72678    158.88603      2.48903    156.39701
     -0.71678    139.96776      2.24352    137.72425
     -0.70678    106.91759      1.87007    105.04752
     -0.69678    148.40764      2.43728    145.97036
     -0.68678    147.04964      2.23471    144.81494
     -0.67678    122.18766      2.11758    120.07008
     -0.66678    131.86692      2.25420    129.61272
     -0.65678    150.09329      2.27490    147.81839
     -0.64678    142.25195      2.40362    139.84833
     -0.63678    118.01630      2.04537    115.97093
     -0.62678    151.94911      2.38421    149.56490
     -0.61678    153.07858      2.50561    150.57297
     -0.60678    115.50385      2.00068    113.50318
     -0.59678    154.33319      2.52890    151.80429
     -0.58678    152.98492      2.41852    150.56640
     -0.57678    124.60872      2.16513    122.44359
     -0.56678    151.80230      2.53313    149.26917
     -0.55678    153.12722      2.38777    150.73945
     -0.54678    138.17825      2.42677    135.75148
     -0.53678    144.85083      2.39160    142.45923
     -0.52678    160.05212      2.54076    157.51136
     -0.51678    142.37989      2.48554    139.89435
     -0.50678    145.69341      2.37976    143.31366
     -0.49678    168.36239      2.74553    165.61686
     -0.48678    139.24719      2.38314    136.86405
     -0.47678    159.84746      2.63462    157.21284
     -0.46678    164.74762      2.69884    162.04877
     -0.45678    145.16790      2.47373    142.69417
     -0.44678    172.02931      2.82758    169.20174
     -0.43678    157.03924      2.58212    154.45712
     -0.42678    162.82577      2.77023    160.05555
     -0.41678    171.59878      2.76937    168.82941
     -0.40678    163.82649      2.77368    161.05281
     -0.39678    174.55322      2.86489    171.68833
     -0.38678    172.54319      2.83791    169.70527
     -0.37678    177.02741      2.95403    174.07338
     -0.36678    180.68266      2.92660    177.75606
     -0.35678    183.43357      3.05440    180.37916
     -0.34678    187.48573      3.01832    184.46741
     -0.33678    192.90747      3.17192    189.73556
     -0.32678    196.66909      3.15567    193.51343
     -0.31678    203.39118      3.29407    200.09711
     -0.30678    208.21447      3.29334    204.92112
     -0.29678    218.27057      3.45352    214.81705
     -0.28678    226.18800      3.51237    222.67563
     -0.27678    239.87492      3.68188    236.19305
     -0.26678    253.83284      3.78081    250.05202
     -0.25678    278.73203      4.03448    274.69755
     -0.24678    317.00801      4.32825    312.67976
     -0.23678    373.19219      4.81777    368.37443
     -0.22678    367.44705      4.79245    362.65460
     -0.21678    251.35617      3.99233    247.36384
     -0.20678    146.73691      3.24666    143.49026
     -0.19678    119.24043      3.11069    116.12974
     -0.18678    118.29378      3.16222    115.13156
     -0.17678    120.80829      3.24766    117.56063
     -0.16678    124.04261      3.35122    120.69140
     -0.15678    127.22822      3.45415    123.77407
     -0.14678    131.13843      3.57766    127.56077
     -0.13678    135.21279      3.70674    131.50605
     -0.12678    139.78052      3.85030    135.93022
     -0.11678    145.09361      4.01548    141.07813
     -0.10678    151.01375      4.19860    146.81515
     -0.09678    157.96346      4.41153    153.55193
     -0.08678    166.08110      4.65825    161.42285
     -0.07678    175.64454      4.94677    170.69777
     -0.06678    187.74580      5.30794    182.43786
     -0.05678    203.01417      5.75970    197.25447
     -0.04678    223.54179      6.36135    217.18044
     -0.03678    253.46204      7.22969    246.23234
     -0.02678    298.97349      8.53789    290.43560
     -0.01678    350.05244      9.99143    340.06100
     -0.00678    332.18222      9.46396    322.71825
      0.00322    194.00230      5.51544    188.48686
      0.01322     56.62182      1.60693     55.01489
      0.02322      7.26201      0.20585      7.05617
      0.03322      0.37909      0.01074      0.36835
      0.04322      0.00761      0.00022      0.00740
      0.05322      0.00000      0.00000      0.00000
      0.06322      0.00000      0.00000      0.00000
      0.07322      0.00000      0.00000      0.00000
      0.08322      0.00000      0.00000      0.00000
      0.09322      0.00000      0.00000      0.00000
      0.10322      0.00000      0.00000      0.00000
      0.11322      0.00000      0.00000      0.00000
      0.12322      0.00000      0.00000      0.00000
      0.13322      0.00000      0.00000      0.00000
      0.14322      0.00000      0.00000      0.00000
      0.15322      0.00000      0.00000      0.00000
      0.16322      0.00000      0.00000      0.00000
      0.17322      0.00000      0.00000      0.00000
      0.18322      0.00000      0.00000      0.00000
      0.19322      0.00000      0.00000      0.00000
      0.20322      0.00000      0.00000      0.00000
      0.21322      0.00000      0.00000      0.00000
      0.22322      0.00000      0.00000      0.00000
      0.23322      0.00000      0.00000      0.00000
      0.24322      0.00000      0.00000      0.00000
      0.25322      0.00000      0.00000      0.00000
      0.26322      0.00000      0.00000      0.00000
      0.27322      0.00000      0.00000      0.00000
      0.28322      0.00000      0.00000      0.00000
      0.29322      0.00000      0.00000      0.00000
      0.30322      0.00000      0.00000      0.00000
      0.31322      0.00000      0.00000      0.00000
      0.32322      0.00000      0.00000      0.00000
      0.33322      0.00000      0.00000      0.00000
      0.34322      0.00000      0.00000      0.00000
      0.35322      0.00000      0.00000      0.00000
      0.36322      0.00000      0.00000      0.00000
      0.37322      0.00000      0.00000      0.00000
      0.38322      0.00000      0.00000      0.00000
      0.39322      0.00000      0.00000      0.00000
      0.40322      0.00000      0.00000      0.00000
      0.41322      0.00000      0.00000      0.00000
      0.42322      0.00000      0.00000      0.00000
      0.43322      0.00000      0.00000      0.00000
      0.44322      0.00000      0.00000      0.00000
      0.45322      0.00000      0.00000      0.00000
      0.46322      0.00000      0.00000      0.00000
      0.47322      0.00000      0.00000      0.00000
      0.48322      0.00000      0.00000      0.00000
      0.49322      0.00000      0.00000      0.00000
      0.50322      0.00000      0.00000      0.00000
      0.51322      0.00000      0.00000      0.00000
      0.52322      0.00000      0.00000      0.00000
      0.53322      0.00000      0.00000      0.00000
      0.54322      0.00000      0.00000      0.00000
      0.55322      0.00000      0.00000      0.00000
      0.56322      0.00000      0.00000      0.00000
      0.57322      0.00000      0.00000      0.00000
      0.58322      0.00000      0.00000      0.00000
      0.59322      0.00000      0.00000      0.00000
      0.60322      0.00000      0.00000      0.00000
      0.61322      0.00000      0.00000      0.00000
      0.62322      0.00000      0.00000      0.00000
      0.63322      0.00000      0.00000      0.00000
      0.64322      0.00000      0.00000      0.00000
      0.65322      0.00000      0.00000      0.00000
      0.66322      0.00000      0.00000      0.00000
      0.67322      0.00000      0.00000      0.00000
      0.68322      0.00000      0.00000      0.00000
      0.69322      0.00000      0.00000      0.00000
      0.70322      0.00000      0.00000      0.00000
      0.71322      0.00000      0.00000      0.00000
      0.72322      0.00000      0.00000      0.00000
      0.73322      0.00000      0.00000      0.00000
      0.74322      0.00000      0.00000      0.00000
      0.75322      0.00000      0.00000      0.00000
      0.76322      0.00000      0.00000      0.00000
      0.77322      0.00000      0.00000      0.00000
      0.78322      0.00000      0.00000      0.00000
      0.79322      0.00000      0.00000      0.00000
      0.80322      0.00000      0.00000      0.00000
      0.81322      0.00000      0.00000      0.00000
      0.82322      0.00000      0.00000      0.00000
      0.83322      0.00000      0.00000      0.00000
      0.84322      0.00000      0.00000      0.00000
      0.85322      0.00000      0.00000      0.00000
      0.86322      0.00000      0.00000      0.00000
      0.87322      0.00000      0.00000      0.00000
      0.88322      0.00000      0.00000      0.00000
      0.89322      0.00000      0.00000      0.00000
      0.90322      0.00000      0.00000      0.00000
      0.91322      0.00000      0.00000      0.00000
      0.92322      0.00000      0.00000      0.00000
      0.93322      0.00000      0.00000      0.00000
      0.94322      0.00000      0.00000      0.00000
      0.95322      0.00000      0.00000      0.00000
      0.96322      0.00000      0.00000      0.00000
      0.97322      0.00000      0.00000      0.00000
      0.98322      0.00000      0.00000      0.00000
      0.99322      0.00000      0.00000      0.00000
      1.00322      0.00000      0.00000      0.00000
      1.01322      0.00000      0.00000      0.00000
      1.02322      0.00000      0.00000      0.00000
      1.03322      0.00000      0.00000      0.00000
      1.04322      0.00000      0.00000      0.00000
      1.05322      0.00000      0.00000      0.00000
      1.06322      0.00000      0.00000      0.00000
      1.07322      0.00000      0.00000      0.00000
      1.08322      0.00000      0.00000      0.00000
      1.09322      0.00000      0.00000      0.00000
      1.10322      0.00000      0.00000      0.00000
      1.11322      0.00000      0.00000      0.00000
      1.12322      0.00000      0.00000      0.00000
      1.13322      0.00000      0.00000      0.00000
      1.14322      0.00000      0.00000      0.00000
      1.15322      0.00000      0.00000      0.00000
      1.16322      0.00000      0.00000      0.00000
      1.17322      0.00000      0.00000      0.00000
      1.18322      0.00000      0.00000      0.00000
      1.19322      0.00000      0.00000      0.00000
      1.20322      0.00000      0.00000      0.00000
      1.21322      0.00000      0.00000      0.00000
      1.22322      0.00000      0.00000      0.00000
      1.23322      0.00000      0.00000      0.00000
      1.24322      0.00000      0.00000      0.00000
      1.25322      0.00000      0.00000      0.00000
      1.26322      0.00000      0.00000      0.00000
      1.27322      0.00000      0.00000      0.00000
      1.28322      0.00000      0.00000      0.00000
      1.29322      0.00000      0.00000      0.00000
      1.30322      0.00000      0.00000      0.00000
      1.31322      0.00000      0.00000      0.00000
      1.32322      0.00000      0.00000      0.00000
      1.33322      0.00000      0.00000      0.00000
      1.34322      0.00000      0.00000      0.00000
      1.35322      0.00000      0.00000      0.00000
      1.36322      0.00000      0.00000      0.00000
      1.37322      0.00000      0.00000      0.00000
      1.38322      0.00000      0.00000      0.00000
      1.39322      0.00000      0.00000      0.00000
      1.40322      0.00000      0.00000      0.00000
      1.41322      0.00000      0.00000      0.00000
      1.42322      0.00000      0.00000      0.00000
      1.43322      0.00000      0.00000      0.00000
      1.44322      0.00000      0.00000      0.00000
      1.45322      0.00000      0.00000      0.00000
      1.46322      0.00000      0.00000      0.00000
      1.47322      0.00000      0.00000      0.00000
      1.48322      0.00000      0.00000      0.00000
      1.49322      0.00000      0.00000      0.00000
      1.50322      0.00000      0.00000      0.00000
      1.51322      0.00000      0.00000      0.00000
      1.52322      0.00000      0.00000      0.00000
      1.53322      0.00000      0.00000      0.00000
      1.54322      0.00000      0.00000      0.00000
      1.55322      0.00000      0.00000      0.00000
      1.56322      0.00000      0.00000      0.00000
      1.57322      0.00000      0.00000      0.00000
      1.58322      0.00000      0.00000      0.00000
      1.59322      0.00000      0.00000      0.00000
      1.60322      0.00000      0.00000      0.00000
      1.61322      0.00000      0.00000      0.00000
      1.62322      0.00000      0.00000      0.00000
      1.63322      0.00000      0.00000      0.00000
      1.64322      0.00000      0.00000      0.00000
      1.65322      0.00000      0.00000      0.00000
      1.66322      0.00000      0.00000      0.00000
      1.67322      0.00000      0.00000      0.00000
      1.68322      0.00000      0.00000      0.00000
      1.69322      0.00000      0.00000      0.00000
      1.70322      0.00000      0.00000      0.00000
      1.71322      0.00000      0.00000      0.00000
      1.72322      0.00000      0.00000      0.00000
      1.73322      0.00000      0.00000      0.00000
      1.74322      0.00000      0.00000      0.00000
      1.75322      0.00000      0.00000      0.00000
      1.76322      0.00000      0.00000      0.00000
      1.77322      0.00000      0.00000      0.00000
      1.78322      0.00000      0.00000      0.00000
      1.79322      0.00000      0.00000      0.00000
      1.80322      0.00000      0.00000      0.00000
      1.81322      0.00000      0.00000      0.00000
      1.82322      0.00000      0.00000      0.00000
      1.83322      0.00000      0.00000      0.00000
      1.84322      0.00000      0.00000      0.00000
      1.85322      0.00000      0.00000      0.00000
      1.86322      0.00000      0.00000      0.00000
      1.87322      0.00000      0.00000      0.00000
      1.88322      0.00000      0.00000      0.00000
      1.89322      0.00000      0.00000      0.00000
      1.90322      0.00000      0.00000      0.00000
      1.91322      0.00000      0.00000      0.00000
      1.92322      0.00000      0.00000      0.00000
      1.93322      0.00000      0.00000      0.00000
      1.94322      0.00000      0.00000      0.00000
      1.95322      0.00000      0.00000      0.00000
      1.96322      0.00000      0.00000      0.00000
      1.97322      0.00000      0.00000      0.00000
      1.98322      0.00000      0.00000      0.00000
      1.99322      0.00000      0.00000      0.00000
      2.00322      0.00000      0.00000      0.00000
      2.01322      0.00000      0.00000      0.00000
      2.02322      0.00000      0.00000      0.00000
      2.03322      0.00000      0.00000      0.00000
      2.04322      0.00000      0.00000      0.00000
      2.05322      0.00000      0.00000      0.00000
      2.06322      0.00000      0.00000      0.00000
      2.07322      0.00000      0.00000      0.00000
      2.08322      0.00000      0.00000      0.00000
      2.09322      0.00000      0.00000      0.00000
      2.10322      0.00000      0.00000      0.00000
      2.11322      0.00000      0.00000      0.00000
      2.12322      0.00000      0.00000      0.00000
      2.13322      0.00000      0.00000      0.00000
      2.14322      0.00000      0.00000      0.00000
      2.15322      0.00000      0.00000      0.00000
      2.16322      0.00000      0.00000      0.00000
      2.17322      0.00000      0.00000      0.00000
      2.18322      0.00000      0.00000      0.00000
      2.19322      0.00000      0.00000      0.00000
      2.20322      0.00000      0.00000      0.00000
      2.21322      0.00000      0.00000      0.00000
      2.22322      0.00000      0.00000      0.00000
      2.23322      0.00000      0.00000      0.00000
      2.24322      0.00000      0.00000      0.00000
      2.25322      0.00000      0.00000      0.00000
      2.26322      0.00000      0.00000      0.00000
      2.27322      0.00000      0.00000      0.00000
      2.28322      0.00000      0.00000      0.00000
      2.29322      0.00000      0.00000      0.00000
      2.30322      0.00000      0.00000      0.00000
      2.31322      0.00000      0.00000      0.00000
      2.32322      0.00000      0.00000      0.00000
      2.33322      0.00000      0.00000      0.00000
      2.34322      0.00000      0.00000      0.00000
      2.35322      0.00000      0.00000      0.00000
      2.36322      0.00000      0.00000      0.00000
      2.37322      0.00000      0.00000      0.00000
      2.38322      0.00000      0.00000      0.00000
      2.39322      0.00000      0.00000      0.00000
      2.40322      0.00000      0.00000      0.00000
      2.41322      0.00000      0.00000      0.00000
      2.42322      0.00000      0.00000      0.00000
      2.43322      0.00000      0.00000      0.00000
      2.44322      0.00000      0.00000      0.00000
      2.45322      0.00000      0.00000      0.00000
      2.46322      0.00000      0.00000      0.00000
      2.47322      0.00000      0.00000      0.00000
      2.48322      0.00000      0.00000      0.00000
      2.49322      0.00000      0.00000      0.00000
      2.50322      0.00000      0.00000      0.00000
      2.51322      0.00000      0.00000      0.00000
      2.52322      0.00000      0.00000      0.00000
      2.53322      0.00000      0.00000      0.00000
      2.54322      0.00000      0.00000      0.00000
      2.55322      0.00000      0.00000      0.00000
      2.56322      0.00000      0.00000      0.00000
      2.57322      0.00000      0.00000      0.00000
      2.58322      0.00000      0.00000      0.00000
      2.59322      0.00000      0.00000      0.00000
      2.60322      0.00000      0.00000      0.00000
      2.61322      0.00000      0.00000      0.00000
      2.62322      0.00000      0.00000      0.00000
      2.63322      0.00000      0.00000      0.00000
      2.64322      0.00000      0.00000      0.00000
      2.65322      0.00000      0.00000      0.00000
      2.66322      0.00000      0.00000      0.00000
      2.67322      0.00000      0.00000      0.00000
      2.68322      0.00000      0.00000      0.00000
      2.69322      0.00000      0.00000      0.00000
      2.70322      0.00000      0.00000      0.00000
      2.71322      0.00000      0.00000      0.00000
      2.72322      0.00000      0.00000      0.00000
      2.73322      0.00000      0.00000      0.00000
      2.74322      0.00000      0.00000      0.00000
      2.75322      0.00000      0.00000      0.00000
      2.76322      0.00000      0.00000      0.00000
      2.77322      0.00000      0.00000      0.00000
      2.78322      0.00000      0.00000      0.00000
      2.79322      0.00000      0.00000      0.00000
      2.80322      0.00000      0.00000      0.00000
      2.81322      0.00000      0.00000      0.00000
      2.82322      0.00000      0.00000      0.00000
      2.83322      0.00000      0.00000      0.00000
      2.84322      0.00000      0.00000      0.00000
      2.85322      0.00000      0.00000      0.00000
      2.86322      0.00000      0.00000      0.00000
      2.87322      0.00000      0.00000      0.00000
      2.88322      0.00000      0.00000      0.00000
      2.89322      0.00000      0.00000      0.00000
      2.90322      0.00000      0.00000      0.00000
      2.91322      0.00000      0.00000      0.00000
      2.92322      0.00000      0.00000      0.00000
      2.93322      0.00000      0.00000      0.00000
      2.94322      0.00000      0.00000      0.00000
      2.95322      0.00000      0.00000      0.00000
      2.96322      0.00000      0.00000      0.00000
      2.97322      0.00000      0.00000      0.00000
      2.98322      0.00000      0.00000      0.00000
      2.99322      0.00000      0.00000      0.00000
      3.00322      0.00000      0.00000      0.00000
      3.01322      0.00000      0.00000      0.00000
      3.02322      0.00000      0.00000      0.00000
      3.03322      0.00000      0.00000      0.00000
      3.04322      0.00000      0.00000      0.00000
      3.05322      0.00000      0.00000      0.00000
      3.06322      0.00000      0.00000      0.00000
      3.07322      0.00000      0.00000      0.00000
      3.08322      0.00000      0.00000      0.00000
      3.09322      0.00000      0.00000      0.00000
      3.10322      0.00000      0.00000      0.00000
      3.11322      0.00000      0.00000      0.00000
      3.12322      0.00000      0.00000      0.00000
      3.13322      0.00000      0.00000      0.00000
      3.14322      0.00000      0.00000      0.00000
      3.15322      0.00000      0.00000      0.00000
      3.16322      0.00000      0.00000      0.00000
      3.17322      0.00000      0.00000      0.00000
      3.18322      0.00000      0.00000      0.00000
      3.19322      0.00000      0.00000      0.00000
      3.20322      0.00000      0.00000      0.00000
      3.21322      0.00000      0.00000      0.00000
      3.22322      0.00000      0.00000      0.00000
      3.23322      0.00000      0.00000      0.00000
      3.24322      0.00000      0.00000      0.00000
      3.25322      0.00000      0.00000      0.00000
      3.26322      0.00000      0.00000      0.00000
      3.27322      0.00000      0.00000      0.00000
      3.28322      0.00000      0.00000      0.00000
      3.29322      0.00000      0.00000      0.00000
      3.30322      0.00000      0.00000      0.00000
      3.31322      0.00000      0.00000      0.00000
      3.32322      0.00000      0.00000      0.00000
      3.33322      0.00000      0.00000      0.00000
      3.34322      0.00000      0.00000      0.00000
      3.35322      0.00000      0.00000      0.00000
      3.36322      0.00000      0.00000      0.00000
      3.37322      0.00000      0.00000      0.00000
      3.38322      0.00000      0.00000      0.00000
      3.39322      0.00000      0.00000      0.00000
      3.40322      0.00000      0.00000      0.00000
      3.41322      0.00000      0.00000      0.00000
      3.42322      0.00000      0.00000      0.00000
      3.43322      0.00000      0.00000      0.00000
      3.44322      0.00000      0.00000      0.00000
      3.45322      0.00000      0.00000      0.00000
      3.46322      0.00000      0.00000      0.00000
      3.47322      0.00000      0.00000      0.00000
      3.48322      0.00000      0.00000      0.00000
      3.49322      0.00000      0.00000      0.00000
      3.50322      0.00000      0.00000      0.00000
      3.51322      0.00000      0.00000      0.00000
      3.52322      0.00000      0.00000      0.00000
      3.53322      0.00000      0.00000      0.00000
      3.54322      0.00000      0.00000      0.00000
      3.55322      0.00000      0.00000      0.00000
      3.56322      0.00000      0.00000      0.00000
      3.57322      0.00000      0.00000      0.00000
      3.58322      0.00000      0.00000      0.00000
      3.59322      0.00000      0.00000      0.00000
      3.60322      0.00000      0.00000      0.00000
      3.61322      0.00000      0.00000      0.00000
      3.62322      0.00000      0.00000      0.00000
      3.63322      0.00000      0.00000      0.00000
      3.64322      0.00000      0.00000      0.00000
      3.65322      0.00000      0.00000      0.00000
      3.66322      0.00000      0.00000      0.00000
      3.67322      0.00000      0.00000      0.00000
      3.68322      0.00000      0.00000      0.00000
      3.69322      0.00000      0.00000      0.00000
      3.70322      0.00000      0.00000      0.00000
      3.71322      0.00000      0.00000      0.00000
      3.72322      0.00000      0.00000      0.00000
      3.73322      0.00000      0.00000      0.00000
      3.74322      0.00000      0.00000      0.00000
      3.75322      0.00000      0.00000      0.00000
      3.76322      0.00000      0.00000      0.00000
      3.77322      0.00000      0.00000      0.00000
      3.78322      0.00000      0.00000      0.00000
      3.79322      0.00000      0.00000      0.00000
      3.80322      0.00000      0.00000      0.00000
      3.81322      0.00000      0.00000      0.00000
      3.82322      0.00000      0.00000      0.00000
      3.83322      0.00000      0.00000      0.00000
      3.84322      0.00051      0.00001      0.00050
      3.85322      0.06914      0.00074      0.06839
      3.86322      2.36271      0.02549      2.33722
      3.87322     31.15593      0.33722     30.81872
      3.88322    164.69325      1.79262    162.90063
      3.89322    376.56614      4.14524    372.42089
      3.90322    441.81418      4.97951    436.83467
      3.91322    366.05112      4.30193    361.74919
      3.92322    295.94407      3.66168    292.28239
      3.93322    255.96393      3.32807    252.63587
      3.94322    231.04586      3.14725    227.89862
      3.95322    213.38558      3.03814    210.34745
      3.96322    199.77099      2.96708    196.80391
      3.97322    188.84660      2.92093    185.92567
      3.98322    179.93183      2.89336    177.03847
      3.99322    172.39815      2.87787    169.52028
      4.00322    166.17042      2.87556    163.29486
      4.01322    160.63961      2.87771    157.76189
      4.02322    155.60723      2.88209    152.72514
      4.03322    153.78138      2.93821    150.84317
      4.04322    176.35600      3.42461    172.93139
      4.05322    271.50292      5.20097    266.30195
      4.06322    390.27600      7.39957    382.87643
      4.07322    402.55780      7.70247    394.85533
      4.08322    349.19647      6.83257    342.36390
      4.09322    307.80910      6.17338    301.63571
      4.10322    283.58168      5.81769    277.76398
      4.11322    267.07100      5.59595    261.47505
      4.12322    254.72238      5.44823    249.27414
      4.13322    244.60650      5.33661    239.26990
      4.14322    236.77520      5.26167    231.51353
      4.15322    228.46024      5.18046    223.27978
      4.16322    224.39318      5.17330    219.21989
      4.17322    217.02919      5.10543    211.92376
      4.18322    215.56296      5.14641    210.41655
      4.19322    207.43067      5.05345    202.37722
      4.20322    206.51097      5.10895    201.40202
      4.21322    202.97749      5.09959    197.87791
      4.22322    196.26855      5.04223    191.22632
      4.23322    201.57048      5.20199    196.36849
      4.24322    187.42852      4.99370    182.43482
      4.25322    196.04125      5.22836    190.81289
      4.26322    188.75533      5.13715    183.61817
      4.27322    181.59327      5.07416    176.51912
      4.28322    193.73924      5.35656    188.38268
      4.29322    176.29664      5.08855    171.20810
      4.30322    180.44160      5.21682    175.22478
      4.31322    189.55514      5.47705    184.07809
      4.32322    166.77259      5.07230    161.70030
      4.33322    182.00974      5.44125    176.56849
      4.34322    182.08537      5.48955    176.59582
      4.35322    160.44821      5.11704    155.33117
      4.36322    180.85557      5.59862    175.25695
      4.37322    177.97512      5.58086    172.39426
      4.38322    155.68814      5.20286    150.48528
      4.39322    177.59906      5.70256    171.89649
      4.40322    178.23167      5.79378    172.43788
      4.41322    150.05613      5.22780    144.82833
      4.42322    173.05799      5.80877    167.24922
      4.43322    178.07297      5.93028    172.14268
      4.44322    149.76554      5.44339    144.32215
      4.45322    162.95126      6.15350    156.79777
      4.46322    191.25637     14.29234    176.96403
      4.47322    208.31978     59.91454    148.40525
      4.48322    301.14934    141.75057    159.39877
      4.49322    333.07903    147.08423    185.99479
      4.50322    362.98155    189.45191    173.52964
      4.51322    688.26783    496.32060    191.94723
      4.52322   1043.73109    784.24777    259.48332
      4.53322   1087.10610    829.31807    257.78803
      4.54322   1232.98677    987.67918    245.30759
      4.55322   1478.51057   1194.85179    283.65878
      4.56322   1417.19539   1118.68742    298.50797
      4.57322   1176.68932    933.56342    243.12590
      4.58322   1038.12248    812.22546    225.89703
      4.59322    986.37713    737.92733    248.44979
      4.60322    917.83126    683.54734    234.28392
      4.61322    834.55568    639.10433    195.45135
      4.62322    819.77484    603.09847    216.67636
      4.63322    804.60396    572.91556    231.68840
      4.64322    744.45491    545.81979    198.63512
      4.65322    705.31933    521.71125    183.60808
      4.66322    722.16639    502.68908    219.47731
      4.67322    694.38510    483.93671    210.44840
      4.68322    641.20591    465.67199    175.53391
      4.69322    637.33976    451.08962    186.25014
      4.70322    655.70196    438.50228    217.19968
      4.71322    613.14536    424.90301    188.24236
      4.72322    578.21217    412.90195    165.31022
      4.73322    597.65342    403.14078    194.51264
      4.74322    601.34932    393.66786    207.68146
      4.75322    553.30532    383.44827    169.85705
      4.76322    537.27408    374.55311    162.72097
      4.77322    567.47323    367.46477    200.00846
      4.78322    553.34207    359.83606    193.50601
      4.79322    510.47354    352.01799    158.45555
      4.80322    511.11442    345.31380    165.80063
      4.81322    543.41006    340.14746    203.26260
      4.82322    511.59838    333.31995    178.27843
      4.83322    478.51885    327.18451    151.33434
      4.84322    492.40671    322.13756    170.26915
      4.85322    519.05956    317.77588    201.28369
      4.86322    477.12122    311.68453    165.43669
      4.87322    454.59543    306.66948    147.92595
      4.88322    479.07916    302.88351    176.19565
      4.89322    494.49504    299.37916    195.11588
      4.90322    449.94076    294.06118    155.87958
      4.91322    435.67704    289.92561    145.75144
      4.92322    469.38281    287.09280    182.29001
      4.93322    469.69841    283.94400    185.75440
      4.94322    429.28361    279.76513    149.51848
      4.95322    419.15194    274.74203    144.40991
      4.96322    459.92256    272.76327    187.15929
      4.97322    446.59883    269.52986    177.06897
      4.98322    409.67648    265.85426    143.82221
      4.99322    408.71578    263.51198    145.20380
      5.00322    449.60108    261.96824    187.63284
      5.01322    429.56447    258.85826    170.70621
      5.02322    390.95423    255.59730    135.35693
      5.03322    398.14803    252.81341    145.33462
      5.04322    424.13947    249.91206    174.22741
      5.05322    407.73078    246.78988    160.94089
      5.06322    336.33211    241.25362     95.07849
      5.07322    336.51207    239.08893     97.42314
      5.08322    405.03638    240.11414    164.92223
      5.09322    388.06067    237.37630    150.68437
      5.10322    334.14289    232.28044    101.86245
      5.11322    473.98467    231.67062    242.31405
      5.12322    800.29006    236.45115    563.83891
      5.13322    868.99227    237.48886    631.50341
      5.14322    662.59856    230.75572    431.84284
      5.15322    555.67802    227.58022    328.09780
      5.16322    514.78885    225.55725    289.23160
      5.17322    460.65791    221.16670    239.49121
      5.18322    476.15664    220.58404    255.57260
      5.19322    526.91734    219.72450    307.19285
      5.20322    560.26230    219.79294    340.46936
      5.21322    557.02828    219.57391    337.45437
      5.22322    504.34757    216.96175    287.38582
      5.23322    485.10629    216.46918    268.63712
      5.24322    504.47009    214.51628    289.95381
      5.25322    452.41456    212.87787    239.53669
      5.26322    422.86832    209.51989    213.34843
      5.27322    453.81475    209.60148    244.21327
      5.28322    506.64256    211.58044    295.06211
      5.29322    633.68807    222.61366    411.07441
      5.30322    922.69859    248.54109    674.15749
      5.31322   1083.95865    258.34974    825.60891
      5.32322    991.84412    250.29847    741.54565
      5.33322    863.94843    237.01313    626.93530
      5.34322    766.52342    231.19968    535.32374
      5.35322    756.33249    224.97619    531.35630
      5.36322    783.26634    226.75348    556.51287
      5.37322    704.79394    219.92137    484.87257
      5.38322    660.79560    219.41516    441.38044
      5.39322    706.50470    217.93582    488.56887
      5.40322    702.77005    217.94711    484.82294
      5.41322    627.06841    211.41499    415.65342
      5.42322    619.49860    211.02507    408.47353
      5.43322    644.90969    208.76912    436.14057
      5.44322    625.71909    209.53333    416.18576
      5.45322    594.88062    206.05295    388.82767
      5.46322    581.98652    205.18162    376.80490
      5.47322    583.85639    201.44956    382.40683
      5.48322    583.99662    202.25392    381.74270
      5.49322    571.93212    198.70879    373.22334
      5.50322    550.04401    199.97683    350.06718
      5.51322    525.33680    194.77447    330.56233
      5.52322    582.99740    198.70242    384.29498
      5.53322    568.23807    195.52608    372.71199
      5.54322    499.24329    193.77926    305.46403
      5.55322    521.13095    186.92818    334.20278
      5.56322    591.77544    192.57006    399.20538
      5.57322    585.57478    189.12461    396.45017
      5.58322    546.85256    192.80537    354.04719
      5.59322    552.16744    190.54859    361.61885
      5.60322    592.05698    193.36905    398.68793
      5.61322    574.70208    189.11002    385.59206
      5.62322    504.01838    186.08654    317.93184
      5.63322    477.28584    184.74309    292.54276
      5.64322    518.84583    186.15040    332.69543
      5.65322    512.90725    185.84674    327.06050
      5.66322    491.42970    182.02973    309.39998
      5.67322    476.56882    182.31260    294.25622
      5.68322    472.19676    177.30560    294.89116
      5.69322    499.50103    180.45634    319.04469
      5.70322    488.45887    177.95694    310.50193
      5.71322    456.45170    177.82035    278.63135
      5.72322    492.59600    176.62029    315.97571
      5.73322    535.68027    178.11999    357.56028
      5.74322    562.38929    180.35613    382.03316
      5.75322    562.52615    179.78397    382.74218
      5.76322    535.48720    180.45040    355.03679
      5.77322    494.17376    175.80828    318.36548
      5.78322    456.06277    175.34429    280.71848
      5.79322    448.63600    172.10201    276.53399
      5.80322    489.91501    173.82644    316.08857
      5.81322    502.42597    174.27269    328.15327
      5.82322    433.09746    170.28632    262.81115
      5.83322    387.26499    167.57859    219.68640
      5.84322    445.38029    166.90018    278.48011
      5.85322    516.11775    173.53443    342.58332
      5.86322    454.27511    168.08043    286.19468
      5.87322    432.61289    168.56828    264.04461
      5.88322    477.97061    169.43402    308.53659
      5.89322    528.25585    172.53797    355.71788
      5.90322    575.40882    178.08551    397.32331
      5.91322    526.07424    170.72336    355.35088
      5.92322    415.36478    172.30538    243.05941
      5.93322    368.41671    163.08809    205.32862
      5.94322    379.96824    170.47991    209.48832
      5.95322    376.39397    168.16538    208.22859
      5.96322    440.36941    169.52965    270.83976
      5.97322    535.80129    186.05034    349.75095
      5.98322    529.15950    176.93802    352.22148
      5.99322    535.26494    192.36657    342.89837
      6.00322    645.54878    191.26049    454.28829
      6.01322    731.44932    208.38057    523.06875
      6.02322    721.87604    223.99430    497.88174
      6.03322    631.32131    247.24597    384.07534
      6.04322    664.31077    395.37586    268.93491
      6.05322    855.55525    637.18976    218.36549
      6.06322    997.88334    783.43591    214.44743
      6.07322    902.14284    658.77356    243.36929
      6.08322    760.23854    415.28768    344.95087
      6.09322    733.49555    343.49633    389.99922
      6.10322    632.37069    380.89374    251.47695
      6.11322    575.46104    466.44558    109.01547
      6.12322    612.57786    482.41774    130.16012
      6.13322    624.13108    371.97587    252.15521
      6.14322    731.98518    363.32772    368.65746
      6.15322    959.08448    517.82841    441.25607
      6.16322   1025.85037    583.62084    442.22953
      6.17322    878.86685    493.16229    385.70456
      6.18322    736.29460    362.82299    373.47161
      6.19322    699.70059    278.39284    421.30774
      6.20322    656.38357    289.84014    366.54343
      6.21322    566.79505    304.97142    261.82363
      6.22322    574.13458    307.75781    266.37676
      6.23322    613.87945    330.84700    283.03245
      6.24322    496.66059    291.14136    205.51923
      6.25322    411.82166    258.58105    153.24061
      6.26322    459.70393    281.36825    178.33568
      6.27322    604.63712    321.24430    283.39282
      6.28322    838.06458    416.38622    421.67837
      6.29322    907.19955    462.91920    444.28035
      6.30322    808.94835    443.48653    365.46182
      6.31322    742.70096    424.02247    318.67850
      6.32322    686.08673    395.00586    291.08087
      6.33322    690.49716    376.62066    313.87649
      6.34322    774.76247    405.54584    369.21663
      6.35322    698.76736    375.13982    323.62754
      6.36322    529.63999    279.95473    249.68526
      6.37322    493.07738    224.47839    268.59899
      6.38322    515.05728    196.13254    318.92474
      6.39322    484.07375    130.28104    353.79272
      6.40322    393.00582     49.90496    343.10087
      6.41322    390.82257     22.66808    368.15449
      6.42322    437.86971     36.94748    400.92223
      6.43322    431.31683     89.33912    341.97771
      6.44322    463.56941    179.45615    284.11326
      6.45322    600.70540    278.41072    322.29467
      6.46322    592.42691    262.07960    330.34731
      6.47322    414.25249    119.75193    294.50056
      6.48322    326.08089     32.27113    293.80976
      6.49322    335.81755     15.34503    320.47253
      6.50322    363.03871     16.10985    346.92887
      6.51322    384.76814     42.30566    342.46247
      6.52322    455.80666    137.88739    317.91927
      6.53322    607.41216    269.20539    338.20677
      6.54322    739.01906    333.61090    405.40816
      6.55322    823.83630    336.48789    487.34841
      6.56322    844.50372    312.64045    531.86327
      6.57322    777.90685    283.97303    493.93382
      6.58322    684.81049    275.93471    408.87579
      6.59322    709.99982    289.17856    420.82126
      6.60322    813.67043    345.71111    467.95932
      6.61322    673.72665    299.72656    374.00009
      6.62322    486.36043    192.58959    293.77084
      6.63322    624.66848    223.67967    400.98881
      6.64322    787.79383    261.92651    525.86732
      6.65322    968.10246    302.88314    665.21932
      6.66322   1271.00761    355.86735    915.14027
      6.67322   1271.62773    316.29349    955.33425
      6.68322    998.29190    340.96415    657.32775
      6.69322    771.72293    429.43151    342.29143
      6.70322    685.11961    437.93573    247.18387
      6.71322    663.45658    430.69017    232.76641
      6.72322    492.23671    348.88003    143.35668
      6.73322    305.06796    186.59377    118.47419
      6.74322    405.72275    180.85837    224.86438
      6.75322    569.34878    313.83957    255.50921
      6.76322    531.39950    363.12701    168.27249
      6.77322    480.89254    336.80298    144.08957
      6.78322    549.08671    368.56630    180.52041
      6.79322    609.94772    380.73962    229.20809
      6.80322    703.73128    364.65857    339.07270
      6.81322    788.78159    370.24653    418.53506
      6.82322    662.25126    326.40670    335.84456
      6.83322    438.56430    254.45215    184.11216
      6.84322    404.63364    237.88877    166.74487
      6.85322    421.01269    228.83754    192.17514
      6.86322    285.07073    165.81733    119.25340
      6.87322    223.57784    148.76032     74.81752
      6.88322    381.08945    227.49631    153.59314
      6.89322    522.68295    280.47631    242.20663
      6.90322    484.82147    281.83949    202.98198
      6.91322    420.76468    276.88032    143.88582
      6.92322    380.27254    196.59805    183.75838
      6.93322    387.67865    130.88422    258.61323
      6.94322    515.44257    277.29485    253.71978
      6.95322    907.95314    737.98690    226.09833
      6.96322   1360.74186   1226.78319    231.81736
      6.97322   1543.79166   1426.22821    232.57471
      6.98322   1659.46749   1557.76075    240.04542
      6.99322   1621.70103   1574.13424    201.90557
      7.00322   1364.55379   1403.44562    104.19523
      7.01322   1200.37258   1248.71169     72.29052
      7.02322   1158.79185   1118.29941    137.85193
      7.03322   1160.49876   1031.70655    214.20536
      7.04322   1155.29641    983.02908    255.27710
      7.05322   1139.48649    945.43196    270.63232
      7.06322   1201.33180    970.25769    301.42727
      7.07322   1140.15767    950.69099    259.81494
      7.08322    994.09817    889.99327    174.35515
      7.09322    946.53546    830.30803    181.85172
      7.10322    863.42113    763.41263    162.39695
      7.11322    849.48589    786.11674    124.32002
      7.12322    931.72618    764.81111    215.60779
      7.13322    905.23131    685.27370    265.45774
      7.14322    791.20388    696.33395    148.26676
      7.15322    813.01311    786.49297     82.46021
      7.16322    904.14293    824.76781    136.03558
      7.17322    940.82883    770.64927    223.57736
      7.18322    976.89669    710.10392    316.69255
      7.19322   1042.11924    709.82973    382.13437
      7.20322   1042.28883    702.76740    387.12046
      7.21322    907.89154    661.44573    291.22059
      7.22322    827.97576    659.30818    213.14474
      7.23322    823.16767    672.79675    196.28040
      7.24322    668.61165    586.01803    126.49913
      7.25322    496.73618    459.29287     75.53908
      7.26322    656.66128    533.00621    163.01477
      7.27322    918.01137    700.41664    264.45508
      7.28322    798.45468    630.03958    211.21103
      7.29322    604.31672    468.37133    168.49221
      7.30322    714.12763    486.28652    260.10134
      7.31322    826.60820    566.03734    299.45951
      7.32322    740.46585    539.96507    239.50952
      7.33322    710.73973    511.68907    231.03728
      7.34322    725.98828    534.79782    219.04447
      7.35322    789.79462    630.53451    195.26271
      7.36322    974.59408    766.54031    254.23168
      7.37322    876.87052    690.12345    227.25853
      7.38322    565.41995    487.71736    108.17379
      7.39322    331.49259    298.44391     54.36153
      7.40322    413.95511    334.67920    103.52068
      7.41322    785.16229    591.12930    232.28995
      7.42322   1055.73447    706.94588    390.71657
      7.43322    989.94576    606.88396    417.62880
      7.44322    729.53756    457.74286    295.49996
      7.45322    552.70570    391.74331    180.25544
      7.46322    588.44120    451.27512    163.45810
      7.47322    727.87304    613.44759    156.03294
      7.48322    769.57543    677.39552    135.25358
      7.49322    714.29740    572.00960    175.27686
      7.50322    660.67578    432.13498    251.81201
      7.51322    612.70875    386.12193    243.41343
      7.52322    653.56092    462.27251    210.59632
      7.53322    880.31368    639.26007    274.55101
      7.54322    939.94562    668.32828    314.23753
      7.55322    809.40880    577.83046    270.22781
      7.56322    744.69441    545.94689    228.87977
      7.57322    750.83815    541.88068    231.88118
      7.58322    750.82676    506.52371    261.62711
      7.59322    699.22089    478.76238    236.68489
      7.60322    670.55815    492.11165    200.53925
      7.61322    689.97675    513.70117    205.41482
      7.62322    645.58508    514.93791    163.40065
      7.63322    745.30701    591.18536    188.16723
      7.64322    968.12364    659.99456    340.46288
      7.65322    997.04376    587.53288    435.12591
      7.66322    817.52404    451.67000    383.52327
      7.67322    628.67447    326.11020    313.70060
      7.68322    541.72544    287.42058    264.90927
      7.69322    575.05579    398.60522    195.70408
      7.70322    718.45436    553.82868    191.62952
      7.71322    942.32576    708.52613    268.07207
      7.72322   1099.36390    787.83777    350.76413
      7.73322    971.86096    616.31545    386.77791
      7.74322    794.20280    436.59379    381.22106
      7.75322    671.55524    391.68207    301.49358
      7.76322    616.81981    387.33682    247.07353
      7.77322    704.28033    423.63195    293.04592
      7.78322    818.67941    452.77454    372.89584
      7.79322    860.58968    465.84818    406.40954
      7.80322    932.80971    568.93254    387.99968
      7.81322    943.39196    626.54923    343.53591
      7.82322    846.08850    526.15419    338.19670
      7.83322    886.67038    499.23136    402.86490
      7.84322    902.19601    544.91935    376.87522
      7.85322    778.42979    468.12001    327.66577
      7.86322    644.70344    330.78917    327.63770
      7.87322    580.59421    257.11619    333.74497
      7.88322    647.96949    289.24612    364.62746
      7.89322    831.23351    414.15013    423.99317
      7.90322    998.72559    520.78753    487.11303
      7.91322   1050.59763    558.57881    499.42981
      7.92322    981.87663    499.81797    487.26101
      7.93322    786.86986    350.20477    440.12424
      7.94322    617.14319    302.48630    319.24907
      7.95322    622.03911    396.75699    238.23321
      7.96322    719.63035    472.12326    270.47953
      7.97322    881.00126    551.76529    357.45070
      7.98322   1045.14558    695.26432    382.74485
      7.99322   1015.56575    761.99538    288.11380
      8.00322    781.66522    662.17890    151.34444
      8.01322    612.91937    536.13892    106.41460
      8.02322    559.94193    455.31480    130.77416
      8.03322    508.27558    389.46714    142.47990
      8.04322    636.73008    436.64012    222.03954
      8.05322    803.30858    495.41672    328.20587
      8.06322    844.85198    499.00820    363.83383
      8.07322    886.16998    559.60410    347.03505
      8.08322    776.18528    514.53425    282.40455
      8.09322    538.82314    344.60595    208.72569
      8.10322    492.53828    300.21085    208.19025
      8.11322    564.86572    336.61243    246.40831
      8.12322    584.33904    364.54003    238.24552
      8.13322    610.22480    404.94519    221.72454
      8.14322    635.55748    404.40242    242.86711
      8.15322    599.26873    381.32958    231.25159
      8.16322    558.64615    365.45257    206.80767
      8.17322    630.27879    422.13904    222.12721
      8.18322    619.35354    440.60751    196.57687
      8.19322    598.94664    455.18672    161.56681
      8.20322    757.41105    620.16380    161.73293
      8.21322    777.59834    642.53611    163.53729
      8.22322    570.58243    450.01688    142.68335
      8.23322    467.19505    350.49231    138.06579
      8.24322    610.28703    426.02998    205.86871
      8.25322    839.86386    551.78278    306.12612
      8.26322    849.68077    533.89187    333.40016
      8.27322    565.29625    374.76746    211.25134
      8.28322    353.94333    258.07940    112.75999
      8.29322    378.92618    272.88960    120.02108
      8.30322    493.65641    361.45158    152.24231
      8.31322    540.35387    377.82842    180.25897
      8.32322    442.92324    315.90005    138.89068
      8.33322    393.88604    317.42431     94.53654
      8.34322    515.97155    361.65429    173.49649
      8.35322    653.02703    394.71813    270.61875
      8.36322    724.33142    494.88235    246.11180
      8.37322    778.60064    592.04901    206.49387
      8.38322    720.91925    533.80812    201.80466
      8.39322    620.86246    447.35719    190.64501
      8.40322    608.49106    450.59982    178.01174
      8.41322    641.08282    486.33425    173.04123
      8.42322    665.18055    489.96958    192.96172
      8.43322    630.63686    466.80978    183.28203
      8.44322    541.58898    436.43536    125.61008
      8.45322    487.08151    389.01490    114.38729
      8.46322    608.30018    455.19847    172.04185
      8.47322    701.32108    501.39170    220.71602
      8.48322    680.59175    447.09050    247.71557
      8.49322    680.47619    438.83158    259.40593
      8.50322    678.76314    428.35285    271.15670
      8.51322    624.91335    369.34003    267.96648
      8.52322    551.86832    354.78466    209.54810
      8.53322    514.66606    376.74160    156.76562
      8.54322    500.47537    379.77380    136.56471
      8.55322    525.96055    393.14488    143.45226
      8.56322    447.71053    329.52091    127.52373
      8.57322    350.56557    236.78054    118.77163
      8.58322    489.62672    297.92368    194.61030
      8.59322    599.14874    366.25112    239.48360
      8.60322    476.98941    311.49819    173.69910
      8.61322    345.04796    233.35671    117.62734
      8.62322    300.01673    234.76600     75.63524
      8.63322    341.02666    303.46263     58.89863
      8.64322    477.98441    403.38532    101.71546
      8.65322    532.16541    430.18611    121.69906
      8.66322    423.48253    314.21699    117.07433
      8.67322    447.23836    233.32671    215.44301
      8.68322    656.88241    278.67204    378.34073
      8.69322    786.59240    361.77203    424.82475
      8.70322    632.94843    320.09506    312.85571
      8.71322    372.80098    195.71768    177.16776
      8.72322    313.09216    156.14817    158.11052
      8.73322    368.03907    217.41718    156.87759
      8.74322    516.86572    358.01889    172.89816
      8.75322    664.53618    424.09244    255.51797
      8.76322    656.13147    350.61280    314.87510
      8.77322    572.56452    305.27323    272.83298
      8.78322    593.40429    357.98971    239.80022
      8.79322    585.35960    347.39025    241.65322
      8.80322    455.88492    278.81052    186.08046
      8.81322    410.19522    297.22248    130.78655
      8.82322    527.59627    383.61169    162.86961
      8.83322    584.31567    417.14251    184.08988
      8.84322    382.18896    282.05862    114.99946
      8.85322    245.17173    146.62132    107.09431
      8.86322    390.00043    210.14194    188.78288
      8.87322    545.29035    349.65606    209.23479
      8.88322    637.31103    446.64248    200.90087
