Energy-E_F (eV)    DOS (1/eV)    PDOS (1/eV)  of atom type H  C  
     -6.84000    203.31879     10.13358    193.18520
     -6.83000    293.87602     22.76143    271.11459
     -6.82000    227.25345     22.16527    205.08818
     -6.81000    123.94589      9.46583    114.48006
     -6.80000     89.44342      2.83353     86.60989
     -6.79000     62.77565      1.29481     61.48084
     -6.78000     89.29385      1.66598     87.62787
     -6.77000    138.77179      2.85775    135.91404
     -6.76000    164.23406      7.99879    156.23527
     -6.75000    238.23919     24.49681    213.74238
     -6.74000    300.86229     38.41361    262.44869
     -6.73000    213.00570     27.48538    185.52032
     -6.72000    120.75436      9.60622    111.14814
     -6.71000     96.65084      4.33946     92.31138
     -6.70000    123.95404     10.18256    113.77148
     -6.69000    216.77682     18.31050    198.46632
     -6.68000    196.64230     13.47143    183.17087
     -6.67000     97.17160      6.81069     90.36091
     -6.66000    136.63141     15.58260    121.04881
     -6.65000    237.67386     27.66461    210.00925
     -6.64000    168.37285     18.65876    149.71409
     -6.63000     76.30272      5.17938     71.12334
     -6.62000    122.78198      2.39190    120.39008
     -6.61000    160.37565      3.70852    156.66713
     -6.60000    118.45561      9.60438    108.85123
     -6.59000    150.97829     22.84993    128.12837
     -6.58000    224.20290     30.41743    193.78547
     -6.57000    212.23512     25.98112    186.25400
     -6.56000    141.37349     15.19631    126.17718
     -6.55000    116.85031      6.23062    110.61969
     -6.54000    153.52783      3.20339    150.32444
     -6.53000    130.69355      3.76557    126.92798
     -6.52000    115.32609     13.98082    101.34528
     -6.51000    211.09608     33.85777    177.23832
     -6.50000    221.13772     32.21086    188.92687
     -6.49000    128.89180     15.42914    113.46266
     -6.48000    112.96854     10.24746    102.72108
     -6.47000    143.08839      7.40974    135.67865
     -6.46000    174.87076      5.91043    168.96033
     -6.45000    174.95007     14.46488    160.48519
     -6.44000    194.43109     29.45201    164.97908
     -6.43000    188.22980     26.06334    162.16645
     -6.42000    158.08234     16.09654    141.98579
     -6.41000    204.20304     28.71785    175.48519
     -6.40000    273.19900     43.09479    230.10421
     -6.39000    271.78489     35.07079    236.71410
     -6.38000    276.85075     24.36972    252.48103
     -6.37000    214.70647     17.07844    197.62802
     -6.36000    123.30638     12.24823    111.05815
     -6.35000     74.70502      6.19382     68.51120
     -6.34000     93.67633      4.84880     88.82753
     -6.33000    120.23774     11.33203    108.90570
     -6.32000    107.81355     15.60920     92.20435
     -6.31000     90.91454      9.11588     81.79866
     -6.30000    140.80394      4.20305    136.60089
     -6.29000    172.76678      6.71485    166.05193
     -6.28000    138.76955     13.30214    125.46741
     -6.27000    121.61321     18.35207    103.26114
     -6.26000    201.25912     30.67120    170.58792
     -6.25000    322.50291     44.53901    277.96390
     -6.24000    297.92760     41.09683    256.83077
     -6.23000    259.06157     41.21643    217.84513
     -6.22000    260.72466     38.97619    221.74847
     -6.21000    222.51530     25.84536    196.66994
     -6.20000    164.32245     13.48099    150.84146
     -6.19000    156.48859     16.28686    140.20172
     -6.18000    170.15710     22.45881    147.69829
     -6.17000    117.79877     14.58581    103.21296
     -6.16000    100.26965      9.79503     90.47462
     -6.15000    161.47186     18.26985    143.20200
     -6.14000    172.04604     19.35986    152.68618
     -6.13000    135.90110     10.23180    125.66930
     -6.12000    144.97017     12.72178    132.24839
     -6.11000    219.76179     22.99338    196.76841
     -6.10000    193.02500     17.79290    175.23210
     -6.09000     73.71123      5.35555     68.35567
     -6.08000     13.13198      0.68995     12.44203
     -6.07000     20.36894      1.00335     19.36559
     -6.06000    112.07900      7.37867    104.70033
     -6.05000    276.62720     23.91237    252.71483
     -6.04000    315.48907     35.18896    280.30011
     -6.03000    192.78440     26.84582    165.93858
     -6.02000     88.47371     12.72025     75.75345
     -6.01000    117.08660     10.67579    106.41080
     -6.00000    246.27351     18.34002    227.93349
     -5.99000    305.16975     19.50784    285.66191
     -5.98000    224.17124     12.37892    211.79233
     -5.97000     97.64405      5.34188     92.30216
     -5.96000     91.61661      9.12784     82.48877
     -5.95000    202.56216     25.05423    177.50793
     -5.94000    244.85640     34.72453    210.13187
     -5.93000    172.19587     25.04380    147.15207
     -5.92000     78.98081     10.30812     68.67270
     -5.91000     61.41598      8.26673     53.14926
     -5.90000    173.55876     25.63139    147.92738
     -5.89000    268.96223     40.71926    228.24298
     -5.88000    238.88444     34.77304    204.11140
     -5.87000    208.09458     29.51536    178.57922
     -5.86000    170.60565     24.17239    146.43326
     -5.85000    128.53693     13.60252    114.93441
     -5.84000    141.16214      9.17599    131.98615
     -5.83000    151.33009     13.20693    138.12316
     -5.82000    135.13353     20.95910    114.17444
     -5.81000    166.38962     29.78378    136.60584
     -5.80000    244.65927     31.22632    213.43294
     -5.79000    320.36248     30.11406    290.24842
     -5.78000    272.97066     24.03767    248.93299
     -5.77000    111.93896      9.86274    102.07623
     -5.76000     28.09573      2.61137     25.48436
     -5.75000     52.47618      5.31624     47.15994
     -5.74000    128.15188     13.12543    115.02645
     -5.73000    200.43598     22.10716    178.32882
     -5.72000    224.81082     24.26494    200.54587
     -5.71000    194.62487     16.73265    177.89222
     -5.70000    139.14884     12.46133    126.68752
     -5.69000    106.09438     15.76946     90.32492
     -5.68000    167.45536     25.82034    141.63503
     -5.67000    219.72588     25.23295    194.49293
     -5.66000    177.01176     19.22157    157.79019
     -5.65000    197.96572     28.03265    169.93307
     -5.64000    259.88166     33.49187    226.38979
     -5.63000    251.10494     22.80165    228.30329
     -5.62000    299.42317     23.77727    275.64590
     -5.61000    353.54040     32.23835    321.30206
     -5.60000    290.66219     31.09915    259.56303
     -5.59000    344.24371     44.27427    299.96944
     -5.58000    574.94684     75.19591    499.75094
     -5.57000    722.04447     91.72181    630.32266
     -5.56000    702.62992     90.56287    612.06705
     -5.55000    638.69121     77.35158    561.33963
     -5.54000    575.91893     61.86222    514.05671
     -5.53000    535.02754     59.46102    475.56652
     -5.52000    501.23677     55.17487    446.06190
     -5.51000    455.43535     46.54597    408.88938
     -5.50000    450.94784     44.38173    406.56611
     -5.49000    526.90742     56.68557    470.22185
     -5.48000    476.50190     58.95013    417.55177
     -5.47000    299.49958     46.29877    253.20081
     -5.46000    267.25259     47.17432    220.07827
     -5.45000    267.88576     39.12784    228.75792
     -5.44000    204.72597     22.80990    181.91607
     -5.43000    166.94597     18.77842    148.16755
     -5.42000    136.16505     23.35694    112.80811
     -5.41000     83.90184     19.58237     64.31947
     -5.40000     95.54305     25.13829     70.40476
     -5.39000    182.77562     46.12493    136.65069
     -5.38000    257.70537     52.53002    205.17536
     -5.37000    303.31172     40.18669    263.12503
     -5.36000    316.54842     38.15287    278.39555
     -5.35000    253.14188     37.58796    215.55392
     -5.34000    137.77575     21.66529    116.11046
     -5.33000     48.28148      6.70246     41.57903
     -5.32000     36.30358      1.54521     34.75838
     -5.31000     74.09386      1.52156     72.57230
     -5.30000     70.96698      1.43684     69.53013
     -5.29000     55.67463      1.73895     53.93568
     -5.28000    111.49234      6.43963    105.05270
     -5.27000    149.84214     12.37003    137.47211
     -5.26000    103.75191      9.44539     94.30652
     -5.25000     83.13034      3.75258     79.37776
     -5.24000     77.73359      1.76621     75.96738
     -5.23000     33.80752      0.70969     33.09784
     -5.22000     10.28644      0.71579      9.57066
     -5.21000     37.14985      4.19933     32.95052
     -5.20000    126.69379     11.84022    114.85357
     -5.19000    235.97860     17.42261    218.55599
     -5.18000    245.71257     16.97542    228.73715
     -5.17000    122.29682      9.05640    113.24042
     -5.16000     25.30275      2.02721     23.27554
     -5.15000      2.33216      0.17853      2.15364
     -5.14000      5.20074      0.10852      5.09221
     -5.13000     32.96684      0.67289     32.29395
     -5.12000     85.54754      2.07607     83.47147
     -5.11000    135.30831      6.40901    128.89930
     -5.10000    214.91565     17.98321    196.93244
     -5.09000    215.92836     22.91025    193.01811
     -5.08000     95.22723     11.25076     83.97647
     -5.07000     35.11139      2.44892     32.66247
     -5.06000     64.10197      1.41018     62.69179
     -5.05000     75.99525      1.53146     74.46379
     -5.04000     34.38040      0.69350     33.68689
     -5.03000     16.09498      0.45463     15.64035
     -5.02000     61.45485      2.89125     58.56360
     -5.01000    149.15183      9.63126    139.52057
     -5.00000    179.24373     12.83126    166.41247
     -4.99000    130.64437      7.23292    123.41145
     -4.98000     56.29794      1.97012     54.32782
     -4.97000     11.27371      0.28305     10.99066
     -4.96000      1.35468      0.02870      1.32598
     -4.95000      7.70982      0.16029      7.54954
     -4.94000     51.43716      1.23234     50.20482
     -4.93000    148.68043      5.07976    143.60067
     -4.92000    203.73291     11.37124    192.36167
     -4.91000    138.02010     11.64406    126.37604
     -4.90000     44.06209      4.77269     39.28941
     -4.89000     11.23088      0.84774     10.38314
     -4.88000     33.41153      0.72402     32.68751
     -4.87000     76.52142      1.62757     74.89385
     -4.86000     75.80213      2.25022     73.55191
     -4.85000     87.29777      5.22416     82.07361
     -4.84000    167.86740     11.36492    156.50248
     -4.83000    204.43543     15.37042    189.06500
     -4.82000    159.18210     12.39470    146.78740
     -4.81000    112.60939      5.59422    107.01517
     -4.80000     60.80117      1.70976     59.09140
     -4.79000     15.34844      0.34150     15.00694
     -4.78000      4.27794      0.08816      4.18978
     -4.77000     26.31862      0.54176     25.77687
     -4.76000    101.32690      2.42127     98.90564
     -4.75000    180.00014      6.85768    173.14246
     -4.74000    172.02282     12.02618    159.99665
     -4.73000    103.55260     10.34656     93.20604
     -4.72000    103.31026      7.29071     96.01955
     -4.71000    244.86616     11.03177    233.83438
     -4.70000    424.63115     14.72304    409.90811
     -4.69000    500.90078     14.83213    486.06865
     -4.68000    463.25885     12.51784    450.74100
     -4.67000    447.32182     11.86220    435.45962
     -4.66000    425.12975     15.20274    409.92701
     -4.65000    362.32831     18.72369    343.60463
     -4.64000    276.46583     14.25788    262.20795
     -4.63000    211.29970      7.68956    203.61015
     -4.62000    160.95852      4.67834    156.28017
     -4.61000    131.65669      3.70957    127.94712
     -4.60000    153.41460      4.87885    148.53576
     -4.59000    230.38876      9.10500    221.28376
     -4.58000    273.78256     12.12519    261.65737
     -4.57000    260.67546     14.05240    246.62307
     -4.56000    261.85840     16.28239    245.57601
     -4.55000    200.29427     10.76758    189.52669
     -4.54000    109.05975      4.13767    104.92208
     -4.53000     91.27929      2.60601     88.67329
     -4.52000     82.67245      2.13951     80.53294
     -4.51000     96.11840      2.12570     93.99271
     -4.50000    151.93841      3.69919    148.23922
     -4.49000    195.94779      7.05311    188.89468
     -4.48000    221.72168     13.57487    208.14681
     -4.47000    246.20088     18.05358    228.14730
     -4.46000    231.88603     13.80201    218.08402
     -4.45000    159.93733      6.53460    153.40273
     -4.44000     94.42317      2.72583     91.69734
     -4.43000     82.01038      2.19328     79.81710
     -4.42000     82.19441      2.23117     79.96324
     -4.41000     69.22960      2.20512     67.02448
     -4.40000    140.53562      6.70791    133.82771
     -4.39000    248.89865     14.40614    234.49251
     -4.38000    233.99590     13.26168    220.73422
     -4.37000    121.79450      5.62684    116.16766
     -4.36000     82.75244      3.55658     79.19586
     -4.35000    146.18283      7.07764    139.10519
     -4.34000    139.29782      7.05889    132.23893
     -4.33000     69.87068      3.12798     66.74270
     -4.32000     98.65175      3.58691     95.06485
     -4.31000    216.16309     10.59587    205.56722
     -4.30000    301.45694     16.06165    285.39529
     -4.29000    241.30643     10.54640    230.76002
     -4.28000    125.49796      3.65531    121.84265
     -4.27000    112.24248      2.53721    109.70527
     -4.26000    152.75567      3.26093    149.49475
     -4.25000    119.98361      2.84115    117.14247
     -4.24000    119.42166      5.07023    114.35143
     -4.23000    225.90315     11.72569    214.17746
     -4.22000    332.75171     17.87120    314.88051
     -4.21000    329.19513     15.73483    313.46030
     -4.20000    170.23085      6.60944    163.62141
     -4.19000     57.03953      1.70158     55.33795
     -4.18000     70.40805      1.80644     68.60160
     -4.17000    100.05146      2.37258     97.67888
     -4.16000    109.97935      2.29299    107.68637
     -4.15000    134.98373      4.09728    130.88646
     -4.14000    198.35591     10.70778    187.64812
     -4.13000    266.31683     16.90004    249.41679
     -4.12000    259.45494     14.43080    245.02413
     -4.11000    189.26499      7.81920    181.44579
     -4.10000    136.56214      3.54814    133.01400
     -4.09000    138.24693      2.89377    135.35316
     -4.08000    117.18547      2.73012    114.45535
     -4.07000     74.66729      2.61214     72.05515
     -4.06000    113.44131      7.08299    106.35832
     -4.05000    198.52051     13.44865    185.07185
     -4.04000    208.82246     11.25103    197.57143
     -4.03000    177.58506      5.93222    171.65284
     -4.02000    167.27730      5.65610    161.62120
     -4.01000    183.84648      7.33642    176.51006
     -4.00000    157.66275      5.57979    152.08296
     -3.99000    164.84954      4.85330    159.99625
     -3.98000    186.27950      8.00938    178.27012
     -3.97000    180.43020     12.53773    167.89247
     -3.96000    181.75352     11.16044    170.59308
     -3.95000    164.68420      5.81958    158.86462
     -3.94000    145.65811      3.50299    142.15512
     -3.93000    109.13974      2.60552    106.53421
     -3.92000     71.09917      2.76657     68.33260
     -3.91000     90.49028      5.46719     85.02309
     -3.90000    134.90646      9.04911    125.85735
     -3.89000    174.44132     12.93243    161.50888
     -3.88000    129.99876     10.39742    119.60134
     -3.87000     39.68890      3.36573     36.32317
     -3.86000      4.56169      0.40705      4.15464
     -3.85000      0.38696      0.02254      0.36442
     -3.84000      4.13114      0.12002      4.01113
     -3.83000     35.50479      1.44164     34.06315
     -3.82000    130.86568      7.49497    123.37071
     -3.81000    216.58404     15.98081    200.60323
     -3.80000    158.48000     13.34117    145.13883
     -3.79000     49.54679      4.26489     45.28190
     -3.78000     22.35774      0.82148     21.53626
     -3.77000     82.07211      1.57479     80.49732
     -3.76000    170.31515      3.28820    167.02695
     -3.75000    204.00344      4.94018    199.06326
     -3.74000    249.36501     10.12986    239.23515
     -3.73000    274.97261     14.94288    260.02973
     -3.72000    201.83297     11.44392    190.38905
     -3.71000    141.36594      7.26910    134.09684
     -3.70000    149.86115      5.33786    144.52329
     -3.69000    177.37735      4.11787    173.25948
     -3.68000    146.17357      3.16120    143.01237
     -3.67000    138.96754      5.09857    133.86896
     -3.66000    184.76324     11.31033    173.45291
     -3.65000    181.96816     12.37874    169.58943
     -3.64000    126.03944      6.25515    119.78428
     -3.63000    121.76918      3.92358    117.84560
     -3.62000    134.12578      5.34224    128.78354
     -3.61000    142.01332      5.47663    136.53669
     -3.60000    187.52938      5.77782    181.75156
     -3.59000    238.27619     10.27969    227.99650
     -3.58000    210.62542     13.43234    197.19308
     -3.57000     99.37491      7.69741     91.67750
     -3.56000     34.81793      2.01687     32.80106
     -3.55000     77.54791      1.90685     75.64106
     -3.54000    177.48235      4.85036    172.63199
     -3.53000    235.18517      8.12614    227.05903
     -3.52000    224.44618     10.96603    213.48015
     -3.51000    191.30852     13.47805    177.83047
     -3.50000    148.57385      9.96404    138.60981
     -3.49000     97.45614      3.95947     93.49666
     -3.48000     62.32939      1.45473     60.87467
     -3.47000     81.58753      1.66705     79.92047
     -3.46000    104.86259      3.36384    101.49875
     -3.45000    191.57735     10.15759    181.41975
     -3.44000    310.15534     17.76419    292.39115
     -3.43000    254.93800     13.15576    241.78224
     -3.42000    141.81194      4.96899    136.84295
     -3.41000     67.12359      1.56202     65.56158
     -3.40000     23.20544      0.58261     22.62283
     -3.39000     50.41730      2.33614     48.08116
     -3.38000    174.13011      9.65344    164.47667
     -3.37000    321.33263     17.54855    303.78409
     -3.36000    300.85296     14.02303    286.82992
     -3.35000    132.25904      5.04382    127.21521
     -3.34000     58.00791      1.53413     56.47378
     -3.33000     81.70743      2.10199     79.60544
     -3.32000     86.90835      4.50029     82.40806
     -3.31000    119.56982     10.40261    109.16722
     -3.30000    210.23434     13.58707    196.64727
     -3.29000    255.27499     10.56567    244.70932
     -3.28000    182.58285      5.97721    176.60564
     -3.27000    123.75295      3.25877    120.49418
     -3.26000    142.08843      4.45641    137.63202
     -3.25000    161.76058      9.40839    152.35219
     -3.24000    136.32120     12.17114    124.15006
     -3.23000    113.25345      8.27167    104.98178
     -3.22000    196.41994      7.08321    189.33673
     -3.21000    233.83195      6.87737    226.95458
     -3.20000    155.74168      4.98693    150.75476
     -3.19000    151.08588      8.54350    142.54238
     -3.18000    174.81378     12.86363    161.95015
     -3.17000    148.78541      9.13505    139.65036
     -3.16000    111.81498      4.73273    107.08225
     -3.15000    124.50305      4.89602    119.60703
     -3.14000    181.62178      6.71176    174.91002
     -3.13000    229.04057     11.15526    217.88531
     -3.12000    200.82779     13.33245    187.49534
     -3.11000    183.70780      9.02716    174.68065
     -3.10000    200.66091      6.04669    194.61422
     -3.09000    195.87867      6.61272    189.26595
     -3.08000    195.50643      9.24156    186.26487
     -3.07000    180.68290     12.72838    167.95452
     -3.06000    174.39898     11.76362    162.63536
     -3.05000    195.88009      7.49887    188.38122
     -3.04000    326.50894      9.29458    317.21436
     -3.03000    374.50997     12.43032    362.07965
     -3.02000    236.28552     13.37677    222.90875
     -3.01000    119.32214     12.22342    107.09872
     -3.00000     55.95654      6.02161     49.93493
     -2.99000     69.25534      2.67240     66.58294
     -2.98000    148.52846      5.59744    142.93102
     -2.97000    181.49157     11.38463    170.10694
     -2.96000    132.51745     12.89672    119.62072
     -2.95000     55.72158      6.64441     49.07718
     -2.94000     27.90156      2.20500     25.69656
     -2.93000     91.70371      5.03806     86.66565
     -2.92000    216.20125     12.63778    203.56347
     -2.91000    257.62099     14.44484    243.17615
     -2.90000    163.26648      7.42297    155.84352
     -2.89000     82.25766      3.51534     78.74232
     -2.88000    112.31132      7.78603    104.52529
     -2.87000    145.74790     13.30867    132.43923
     -2.86000     90.28983      9.75927     80.53056
     -2.85000     49.67598      4.03431     45.64167
     -2.84000    120.28163      6.53553    113.74610
     -2.83000    230.90091     13.70739    217.19352
     -2.82000    231.73526     13.27726    218.45800
     -2.81000    165.65514      6.93200    158.72314
     -2.80000    142.86524      7.02488    135.84036
     -2.79000    145.84391     12.08956    133.75435
     -2.78000    113.70521     11.63992    102.06529
     -2.77000    103.49918      7.25270     96.24648
     -2.76000    166.44548      9.15645    157.28902
     -2.75000    215.12950     13.99759    201.13191
     -2.74000    202.38414     12.41250    189.97164
     -2.73000    201.05082      9.03893    192.01189
     -2.72000    200.49860     11.72369    188.77490
     -2.71000    184.40314     14.07168    170.33145
     -2.70000    144.33868     10.20048    134.13820
     -2.69000    169.25878     11.59061    157.66817
     -2.68000    252.13495     16.14998    235.98496
     -2.67000    247.84231     13.68905    234.15326
     -2.66000    250.45012     14.61389    235.83623
     -2.65000    320.78570     18.22304    302.56267
     -2.64000    331.71238     16.91400    314.79838
     -2.63000    258.49444     16.63059    241.86384
     -2.62000    159.27561     14.00983    145.26579
     -2.61000    139.03316     12.49521    126.53795
     -2.60000    175.63758     14.39923    161.23835
     -2.59000    152.17049     13.96620    138.20429
     -2.58000    151.09916     15.01024    136.08892
     -2.57000    189.75893     16.24043    173.51850
     -2.56000    190.89573     17.98213    172.91360
     -2.55000    170.17282     20.27869    149.89413
     -2.54000    208.51394     24.92864    183.58531
     -2.53000    276.16221     29.14633    247.01588
     -2.52000    242.13483     24.29348    217.84135
     -2.51000    132.37734     11.34901    121.02833
     -2.50000     93.55597      3.09311     90.46286
     -2.49000     68.30472      0.92290     67.38183
     -2.48000     31.94442      0.38932     31.55510
     -2.47000     70.43080      1.02887     69.40192
     -2.46000    199.59325      2.98038    196.61287
     -2.45000    278.42969      4.11759    274.31210
     -2.44000    188.00026      2.70536    185.29490
     -2.43000     91.18471      1.24436     89.94035
     -2.42000    131.20404      1.72613    129.47792
     -2.41000    154.47648      2.04975    152.42673
     -2.40000     88.16620      1.26587     86.90034
     -2.39000     89.65781      1.52153     88.13627
     -2.38000    155.41308      2.51784    152.89524
     -2.37000    192.33193      2.97481    189.35712
     -2.36000    187.36856      3.64387    183.72469
     -2.35000    190.18699      5.04993    185.13706
     -2.34000    149.90464      4.14946    145.75518
     -2.33000    142.61018      2.78073    139.82946
     -2.32000    230.60074      3.65953    226.94121
     -2.31000    187.32560      2.93432    184.39128
     -2.30000     62.44303      1.02718     61.41584
     -2.29000     68.44225      1.82554     66.61671
     -2.28000    359.84493     10.35063    349.49429
     -2.27000    931.36722     27.30027    904.06695
     -2.26000   1234.34331     35.96742   1198.37589
     -2.25000   1012.20613     28.98740    983.21873
     -2.24000    633.70193     18.28735    615.41458
     -2.23000    427.27856     12.13265    415.14590
     -2.22000    459.24343     12.30939    446.93404
     -2.21000    490.10924     12.97616    477.13308
     -2.20000    396.42755     10.15852    386.26903
     -2.19000    396.86382      9.96732    386.89650
     -2.18000    500.65563     13.28179    487.37383
     -2.17000    466.72259     12.40225    454.32034
     -2.16000    292.41576      7.10817    285.30759
     -2.15000    146.20498      2.96519    143.23979
     -2.14000     97.47592      1.47744     95.99847
     -2.13000     66.50230      0.90476     65.59754
     -2.12000     24.02366      0.32206     23.70160
     -2.11000     32.96460      0.44010     32.52450
     -2.10000    105.49997      1.42696    104.07301
     -2.09000    149.27484      2.05224    147.22260
     -2.08000     87.83723      1.22666     86.61057
     -2.07000     21.80896      0.30883     21.50014
     -2.06000     11.24696      0.16673     11.08023
     -2.05000     48.25513      0.71269     47.54244
     -2.04000    107.67067      1.53293    106.13773
     -2.03000    125.01186      1.66125    123.35060
     -2.02000     81.85666      1.02614     80.83052
     -2.01000     37.09128      0.51364     36.57764
     -2.00000     92.57758      1.68594     90.89164
     -1.99000    315.70392      6.18993    309.51398
     -1.98000    605.14035     12.29485    592.84550
     -1.97000    749.69546     15.15706    734.53840
     -1.96000    715.20195     14.02295    701.17900
     -1.95000    552.74755     10.67674    542.07081
     -1.94000    427.52206      8.23495    419.28711
     -1.93000    475.40272      9.18683    466.21589
     -1.92000    584.92862     11.38794    573.54068
     -1.91000    543.02320     10.46763    532.55557
     -1.90000    504.44413      9.23004    495.21409
     -1.89000    590.44622     10.36700    580.07921
     -1.88000    542.82294      9.60839    533.21454
     -1.87000    338.77499      6.17201    332.60298
     -1.86000    238.85030      4.40831    234.44199
     -1.85000    216.38280      3.82258    212.56022
     -1.84000    179.90866      2.74715    177.16151
     -1.83000    174.36963      2.32306    172.04657
     -1.82000    152.44932      2.10811    150.34121
     -1.81000    113.68898      1.69252    111.99647
     -1.80000     64.08616      0.96747     63.11869
     -1.79000     46.90040      0.60389     46.29652
     -1.78000    108.09448      1.30889    106.78559
     -1.77000    147.70602      1.84830    145.85773
     -1.76000     86.39904      1.11838     85.28066
     -1.75000     21.83991      0.28813     21.55178
     -1.74000     13.92391      0.16498     13.75893
     -1.73000     60.98753      0.71765     60.26988
     -1.72000    131.88293      1.59377    130.28917
     -1.71000    129.48025      1.61283    127.86741
     -1.70000     71.15553      0.88739     70.26814
     -1.69000     72.08769      0.83652     71.25117
     -1.68000    113.43076      1.29968    112.13108
     -1.67000    142.30586      1.66377    140.64209
     -1.66000    146.90996      1.77226    145.13770
     -1.65000     90.23729      1.11590     89.12140
     -1.64000     28.32341      0.35218     27.97122
     -1.63000     32.71272      0.37828     32.33444
     -1.62000    129.87602      1.50022    128.37580
     -1.61000    224.96134      2.63037    222.33097
     -1.60000    159.69076      1.89667    157.79409
     -1.59000     47.75923      0.57624     47.18299
     -1.58000     15.97716      0.19064     15.78652
     -1.57000     65.75495      0.77183     64.98312
     -1.56000    161.46390      1.88861    159.57529
     -1.55000    178.24218      2.07424    176.16794
     -1.54000    123.75473      1.43672    122.31801
     -1.53000     77.90312      0.94271     76.96041
     -1.52000     88.99148      1.13756     87.85392
     -1.51000    115.85412      1.38650    114.46761
     -1.50000    111.21041      1.19636    110.01405
     -1.49000     95.87128      1.09764     94.77364
     -1.48000    133.12376      1.72477    131.39900
     -1.47000    150.20989      1.92560    148.28429
     -1.46000     89.15880      1.05234     88.10646
     -1.45000     84.40581      0.84288     83.56293
     -1.44000    134.25080      1.47982    132.77098
     -1.43000    120.38734      1.53646    118.85088
     -1.42000     59.52798      0.81020     58.71777
     -1.41000     60.92887      0.69191     60.23696
     -1.40000    122.13134      1.20687    120.92447
     -1.39000    132.11485      1.13736    130.97749
     -1.38000     68.51114      0.52118     67.98996
     -1.37000     27.28020      0.22620     27.05400
     -1.36000     71.46350      0.66660     70.79690
     -1.35000    164.87113      1.48714    163.38399
     -1.34000    217.65876      2.11968    215.53908
     -1.33000    279.34533      3.18176    276.16356
     -1.32000    275.41137      3.19531    272.21606
     -1.31000    149.33927      1.57710    147.76217
     -1.30000     87.25398      0.92183     86.33215
     -1.29000    166.12755      2.05507    164.07248
     -1.28000    230.35953      3.07728    227.28225
     -1.27000    197.52675      2.45902    195.06773
     -1.26000    185.34147      1.74700    183.59446
     -1.25000    148.19836      1.31759    146.88078
     -1.24000    135.58922      1.52578    134.06343
     -1.23000    164.50956      1.93959    162.56997
     -1.22000    109.49880      1.12613    108.37266
     -1.21000     85.66168      0.51461     85.14707
     -1.20000    139.58136      1.11788    138.46347
     -1.19000    184.55453      2.36993    182.18459
     -1.18000    141.26214      2.24129    139.02085
     -1.17000     48.30454      0.83967     47.46487
     -1.16000     11.44315      0.22313     11.22002
     -1.15000     32.64727      0.68284     31.96443
     -1.14000     82.16752      1.66114     80.50638
     -1.13000    104.21456      1.81088    102.40367
     -1.12000     99.71993      1.33298     98.38695
     -1.11000     68.97340      0.89262     68.08078
     -1.10000     60.00371      1.12444     58.87927
     -1.09000     81.07467      1.71440     79.36028
     -1.08000     53.15589      1.12687     52.02903
     -1.07000     23.28313      0.40554     22.87759
     -1.06000     61.17832      0.85961     60.31870
     -1.05000    137.79397      2.14277    135.65121
     -1.04000    130.83934      2.27178    128.56756
     -1.03000     51.55047      0.97765     50.57283
     -1.02000     11.86597      0.24434     11.62162
     -1.01000     28.37797      0.60574     27.77223
     -1.00000     83.93366      1.69144     82.24223
     -0.99000    122.21767      2.09567    120.12200
     -0.98000    105.16859      1.43250    103.73609
     -0.97000     55.72384      0.73778     54.98606
     -0.96000     51.08782      1.02494     50.06288
     -0.95000     79.84697      1.74965     78.09731
     -0.94000     57.41692      1.23721     56.17971
     -0.93000     36.41308      0.57139     35.84169
     -0.92000     83.12057      1.10817     82.01240
     -0.91000    134.86854      2.14337    132.72517
     -0.90000    109.37777      2.06846    107.30931
     -0.89000     42.17856      0.88113     41.29743
     -0.88000     12.29009      0.26687     12.02322
     -0.87000     39.00717      0.80467     38.20250
     -0.86000    110.93039      2.07138    108.85901
     -0.85000    141.13081      2.26082    138.87000
     -0.84000     82.51970      1.13083     81.38887
     -0.83000     33.89248      0.55324     33.33924
     -0.82000     56.38492      1.25648     55.12843
     -0.81000     80.98960      1.81735     79.17225
     -0.80000     59.39010      1.14486     58.24524
     -0.79000     72.51262      0.92083     71.59179
     -0.78000    109.73712      1.54629    108.19082
     -0.77000    112.14648      2.10529    110.04119
     -0.76000     71.97786      1.56900     70.40886
     -0.75000     23.60237      0.52929     23.07308
     -0.74000     26.56210      0.50886     26.05323
     -0.73000    100.21611      1.78012     98.43599
     -0.72000    157.32365      2.62603    154.69761
     -0.71000     93.97368      1.47266     92.50102
     -0.70000     28.51380      0.48374     28.03006
     -0.69000     42.21233      0.97023     41.24210
     -0.68000     83.98177      1.90109     82.08069
     -0.67000     89.88811      1.66701     88.22110
     -0.66000     94.32007      1.19881     93.12126
     -0.65000     91.80201      1.30745     90.49456
     -0.64000     90.87583      1.89042     88.98541
     -0.63000     72.32971      1.68554     70.64417
     -0.62000     32.37018      0.69750     31.67268
     -0.61000     54.07976      0.83879     53.24097
     -0.60000    137.18710      2.23049    134.95662
     -0.59000    140.92689      2.47793    138.44896
     -0.58000     56.45713      1.07234     55.38479
     -0.57000     22.59530      0.50757     22.08773
     -0.56000     62.94493      1.41812     61.52681
     -0.55000    120.44609      2.32953    118.11656
     -0.54000    122.20665      1.81402    120.39263
     -0.53000     75.90746      1.03415     74.87330
     -0.52000     66.21564      1.42060     64.79505
     -0.51000     83.04835      2.00612     81.04223
     -0.50000     64.94723      1.32863     63.61860
     -0.49000     83.79501      1.13146     82.66355
     -0.48000    129.77173      2.05038    127.72135
     -0.47000    114.83864      2.33047    112.50817
     -0.46000     52.85970      1.22246     51.63723
     -0.45000     35.65055      0.73321     34.91734
     -0.44000    105.86937      1.93043    103.93894
     -0.43000    158.04143      2.72473    155.31670
     -0.42000     91.43749      1.51722     89.92028
     -0.41000     42.89206      0.90312     41.98894
     -0.40000     79.59452      1.87699     77.71753
     -0.39000    119.25940      2.30055    116.95885
     -0.38000    115.00981      1.62547    113.38434
     -0.37000     93.21975      1.57071     91.64904
     -0.36000     92.11681      2.18487     89.93194
     -0.35000     79.09239      1.74703     77.34536
     -0.34000     95.39013      1.43482     93.95532
     -0.33000    140.05936      2.35308    137.70628
     -0.32000    113.68455      2.38342    111.30113
     -0.31000     59.90529      1.31558     58.58972
     -0.30000     96.22385      1.73761     94.48624
     -0.29000    159.84303      2.84600    156.99702
     -0.28000    110.00878      2.02255    107.98624
     -0.27000     69.64603      1.46242     68.18361
     -0.26000    128.35037      2.54490    125.80547
     -0.25000    148.10574      2.53579    145.56995
     -0.24000    100.40043      1.79801     98.60242
     -0.23000    114.76291      2.44283    112.32008
     -0.22000    145.80034      2.61151    143.18883
     -0.21000    128.64106      2.16689    126.47417
     -0.20000    132.08932      2.67340    129.41592
     -0.19000    149.72476      2.66818    147.05658
     -0.18000    147.10428      2.51772    144.58656
     -0.17000    163.05161      3.03475    160.01686
     -0.16000    172.22165      2.85882    169.36283
     -0.15000    192.31500      3.16854    189.14647
     -0.14000    219.67750      3.50559    216.17191
     -0.13000    199.05368      3.24075    195.81293
     -0.12000    148.72982      3.11784    145.61198
     -0.11000    100.47489      2.68559     97.78930
     -0.10000     97.84784      2.85402     94.99382
     -0.09000     98.20588      2.89031     95.31557
     -0.08000    104.51641      3.08159    101.43482
     -0.07000    108.73322      3.20775    105.52547
     -0.06000    115.76619      3.41466    112.35153
     -0.05000    122.74747      3.61585    119.13162
     -0.04000    132.46227      3.89213    128.57014
     -0.03000    142.24787      4.16316    138.08472
     -0.02000    142.99046      4.16276    138.82770
     -0.01000    128.65581      3.71557    124.94023
      0.00000    103.17162      2.95611    100.21551
      0.01000     51.12536      1.46016     49.66519
      0.02000     10.91149      0.31140     10.60009
      0.03000      0.88725      0.02532      0.86194
      0.04000      0.02672      0.00076      0.02596
      0.05000      0.00000      0.00000      0.00000
      0.06000      0.00000      0.00000      0.00000
      0.07000      0.00000      0.00000      0.00000
      0.08000      0.00000      0.00000      0.00000
      0.09000      0.00000      0.00000      0.00000
      0.10000      0.00000      0.00000      0.00000
      0.11000      0.00000      0.00000      0.00000
      0.12000      0.00000      0.00000      0.00000
      0.13000      0.00000      0.00000      0.00000
      0.14000      0.00000      0.00000      0.00000
      0.15000      0.00000      0.00000      0.00000
      0.16000      0.00000      0.00000      0.00000
      0.17000      0.00000      0.00000      0.00000
      0.18000      0.00000      0.00000      0.00000
      0.19000      0.00000      0.00000      0.00000
      0.20000      0.00000      0.00000      0.00000
      0.21000      0.00000      0.00000      0.00000
      0.22000      0.00000      0.00000      0.00000
      0.23000      0.00000      0.00000      0.00000
      0.24000      0.00000      0.00000      0.00000
      0.25000      0.00000      0.00000      0.00000
      0.26000      0.00000      0.00000      0.00000
      0.27000      0.00000      0.00000      0.00000
      0.28000      0.00000      0.00000      0.00000
      0.29000      0.00000      0.00000      0.00000
      0.30000      0.00000      0.00000      0.00000
      0.31000      0.00000      0.00000      0.00000
      0.32000      0.00000      0.00000      0.00000
      0.33000      0.00000      0.00000      0.00000
      0.34000      0.00000      0.00000      0.00000
      0.35000      0.00000      0.00000      0.00000
      0.36000      0.00000      0.00000      0.00000
      0.37000      0.00000      0.00000      0.00000
      0.38000      0.00000      0.00000      0.00000
      0.39000      0.00000      0.00000      0.00000
      0.40000      0.00000      0.00000      0.00000
      0.41000      0.00000      0.00000      0.00000
      0.42000      0.00000      0.00000      0.00000
      0.43000      0.00000      0.00000      0.00000
      0.44000      0.00000      0.00000      0.00000
      0.45000      0.00000      0.00000      0.00000
      0.46000      0.00000      0.00000      0.00000
      0.47000      0.00000      0.00000      0.00000
      0.48000      0.00000      0.00000      0.00000
      0.49000      0.00000      0.00000      0.00000
      0.50000      0.00000      0.00000      0.00000
      0.51000      0.00000      0.00000      0.00000
      0.52000      0.00000      0.00000      0.00000
      0.53000      0.00000      0.00000      0.00000
      0.54000      0.00000      0.00000      0.00000
      0.55000      0.00000      0.00000      0.00000
      0.56000      0.00000      0.00000      0.00000
      0.57000      0.00000      0.00000      0.00000
      0.58000      0.00000      0.00000      0.00000
      0.59000      0.00000      0.00000      0.00000
      0.60000      0.00000      0.00000      0.00000
      0.61000      0.00000      0.00000      0.00000
      0.62000      0.00000      0.00000      0.00000
      0.63000      0.00000      0.00000      0.00000
      0.64000      0.00000      0.00000      0.00000
      0.65000      0.00000      0.00000      0.00000
      0.66000      0.00000      0.00000      0.00000
      0.67000      0.00000      0.00000      0.00000
      0.68000      0.00000      0.00000      0.00000
      0.69000      0.00000      0.00000      0.00000
      0.70000      0.00000      0.00000      0.00000
      0.71000      0.00000      0.00000      0.00000
      0.72000      0.00000      0.00000      0.00000
      0.73000      0.00000      0.00000      0.00000
      0.74000      0.00000      0.00000      0.00000
      0.75000      0.00000      0.00000      0.00000
      0.76000      0.00000      0.00000      0.00000
      0.77000      0.00000      0.00000      0.00000
      0.78000      0.00000      0.00000      0.00000
      0.79000      0.00000      0.00000      0.00000
      0.80000      0.00000      0.00000      0.00000
      0.81000      0.00000      0.00000      0.00000
      0.82000      0.00000      0.00000      0.00000
      0.83000      0.00000      0.00000      0.00000
      0.84000      0.00000      0.00000      0.00000
      0.85000      0.00000      0.00000      0.00000
      0.86000      0.00000      0.00000      0.00000
      0.87000      0.00000      0.00000      0.00000
      0.88000      0.00000      0.00000      0.00000
      0.89000      0.00000      0.00000      0.00000
      0.90000      0.00000      0.00000      0.00000
      0.91000      0.00000      0.00000      0.00000
      0.92000      0.00000      0.00000      0.00000
      0.93000      0.00000      0.00000      0.00000
      0.94000      0.00000      0.00000      0.00000
      0.95000      0.00000      0.00000      0.00000
      0.96000      0.00000      0.00000      0.00000
      0.97000      0.00000      0.00000      0.00000
      0.98000      0.00000      0.00000      0.00000
      0.99000      0.00000      0.00000      0.00000
      1.00000      0.00000      0.00000      0.00000
      1.01000      0.00000      0.00000      0.00000
      1.02000      0.00000      0.00000      0.00000
      1.03000      0.00000      0.00000      0.00000
      1.04000      0.00000      0.00000      0.00000
      1.05000      0.00000      0.00000      0.00000
      1.06000      0.00000      0.00000      0.00000
      1.07000      0.00000      0.00000      0.00000
      1.08000      0.00000      0.00000      0.00000
      1.09000      0.00000      0.00000      0.00000
      1.10000      0.00000      0.00000      0.00000
      1.11000      0.00000      0.00000      0.00000
      1.12000      0.00000      0.00000      0.00000
      1.13000      0.00000      0.00000      0.00000
      1.14000      0.00000      0.00000      0.00000
      1.15000      0.00000      0.00000      0.00000
      1.16000      0.00000      0.00000      0.00000
      1.17000      0.00000      0.00000      0.00000
      1.18000      0.00000      0.00000      0.00000
      1.19000      0.00000      0.00000      0.00000
      1.20000      0.00000      0.00000      0.00000
      1.21000      0.00000      0.00000      0.00000
      1.22000      0.00000      0.00000      0.00000
      1.23000      0.00000      0.00000      0.00000
      1.24000      0.00000      0.00000      0.00000
      1.25000      0.00000      0.00000      0.00000
      1.26000      0.00000      0.00000      0.00000
      1.27000      0.00000      0.00000      0.00000
      1.28000      0.00000      0.00000      0.00000
      1.29000      0.00000      0.00000      0.00000
      1.30000      0.00000      0.00000      0.00000
      1.31000      0.00000      0.00000      0.00000
      1.32000      0.00000      0.00000      0.00000
      1.33000      0.00000      0.00000      0.00000
      1.34000      0.00000      0.00000      0.00000
      1.35000      0.00000      0.00000      0.00000
      1.36000      0.00000      0.00000      0.00000
      1.37000      0.00000      0.00000      0.00000
      1.38000      0.00000      0.00000      0.00000
      1.39000      0.00000      0.00000      0.00000
      1.40000      0.00000      0.00000      0.00000
      1.41000      0.00000      0.00000      0.00000
      1.42000      0.00000      0.00000      0.00000
      1.43000      0.00000      0.00000      0.00000
      1.44000      0.00000      0.00000      0.00000
      1.45000      0.00000      0.00000      0.00000
      1.46000      0.00000      0.00000      0.00000
      1.47000      0.00000      0.00000      0.00000
      1.48000      0.00000      0.00000      0.00000
      1.49000      0.00000      0.00000      0.00000
      1.50000      0.00000      0.00000      0.00000
      1.51000      0.00000      0.00000      0.00000
      1.52000      0.00000      0.00000      0.00000
      1.53000      0.00000      0.00000      0.00000
      1.54000      0.00000      0.00000      0.00000
      1.55000      0.00000      0.00000      0.00000
      1.56000      0.00000      0.00000      0.00000
      1.57000      0.00000      0.00000      0.00000
      1.58000      0.00000      0.00000      0.00000
      1.59000      0.00000      0.00000      0.00000
      1.60000      0.00000      0.00000      0.00000
      1.61000      0.00000      0.00000      0.00000
      1.62000      0.00000      0.00000      0.00000
      1.63000      0.00000      0.00000      0.00000
      1.64000      0.00000      0.00000      0.00000
      1.65000      0.00000      0.00000      0.00000
      1.66000      0.00000      0.00000      0.00000
      1.67000      0.00000      0.00000      0.00000
      1.68000      0.00000      0.00000      0.00000
      1.69000      0.00000      0.00000      0.00000
      1.70000      0.00000      0.00000      0.00000
      1.71000      0.00000      0.00000      0.00000
      1.72000      0.00000      0.00000      0.00000
      1.73000      0.00000      0.00000      0.00000
      1.74000      0.00000      0.00000      0.00000
      1.75000      0.00000      0.00000      0.00000
      1.76000      0.00000      0.00000      0.00000
      1.77000      0.00000      0.00000      0.00000
      1.78000      0.00000      0.00000      0.00000
      1.79000      0.00000      0.00000      0.00000
      1.80000      0.00000      0.00000      0.00000
      1.81000      0.00000      0.00000      0.00000
      1.82000      0.00000      0.00000      0.00000
      1.83000      0.00000      0.00000      0.00000
      1.84000      0.00000      0.00000      0.00000
      1.85000      0.00000      0.00000      0.00000
      1.86000      0.00000      0.00000      0.00000
      1.87000      0.00000      0.00000      0.00000
      1.88000      0.00000      0.00000      0.00000
      1.89000      0.00000      0.00000      0.00000
      1.90000      0.00000      0.00000      0.00000
      1.91000      0.00000      0.00000      0.00000
      1.92000      0.00000      0.00000      0.00000
      1.93000      0.00000      0.00000      0.00000
      1.94000      0.00000      0.00000      0.00000
      1.95000      0.00000      0.00000      0.00000
      1.96000      0.00000      0.00000      0.00000
      1.97000      0.00000      0.00000      0.00000
      1.98000      0.00000      0.00000      0.00000
      1.99000      0.00000      0.00000      0.00000
      2.00000      0.00000      0.00000      0.00000
      2.01000      0.00000      0.00000      0.00000
      2.02000      0.00000      0.00000      0.00000
      2.03000      0.00000      0.00000      0.00000
      2.04000      0.00000      0.00000      0.00000
      2.05000      0.00000      0.00000      0.00000
      2.06000      0.00000      0.00000      0.00000
      2.07000      0.00000      0.00000      0.00000
      2.08000      0.00000      0.00000      0.00000
      2.09000      0.00000      0.00000      0.00000
      2.10000      0.00000      0.00000      0.00000
      2.11000      0.00000      0.00000      0.00000
      2.12000      0.00000      0.00000      0.00000
      2.13000      0.00000      0.00000      0.00000
      2.14000      0.00000      0.00000      0.00000
      2.15000      0.00000      0.00000      0.00000
      2.16000      0.00000      0.00000      0.00000
      2.17000      0.00000      0.00000      0.00000
      2.18000      0.00000      0.00000      0.00000
      2.19000      0.00000      0.00000      0.00000
      2.20000      0.00000      0.00000      0.00000
      2.21000      0.00000      0.00000      0.00000
      2.22000      0.00000      0.00000      0.00000
      2.23000      0.00000      0.00000      0.00000
      2.24000      0.00000      0.00000      0.00000
      2.25000      0.00000      0.00000      0.00000
      2.26000      0.00000      0.00000      0.00000
      2.27000      0.00000      0.00000      0.00000
      2.28000      0.00000      0.00000      0.00000
      2.29000      0.00000      0.00000      0.00000
      2.30000      0.00000      0.00000      0.00000
      2.31000      0.00000      0.00000      0.00000
      2.32000      0.00000      0.00000      0.00000
      2.33000      0.00000      0.00000      0.00000
      2.34000      0.00000      0.00000      0.00000
      2.35000      0.00000      0.00000      0.00000
      2.36000      0.00000      0.00000      0.00000
      2.37000      0.00000      0.00000      0.00000
      2.38000      0.00000      0.00000      0.00000
      2.39000      0.00000      0.00000      0.00000
      2.40000      0.00000      0.00000      0.00000
      2.41000      0.00000      0.00000      0.00000
      2.42000      0.00000      0.00000      0.00000
      2.43000      0.00000      0.00000      0.00000
      2.44000      0.00000      0.00000      0.00000
      2.45000      0.00000      0.00000      0.00000
      2.46000      0.00000      0.00000      0.00000
      2.47000      0.00000      0.00000      0.00000
      2.48000      0.00000      0.00000      0.00000
      2.49000      0.00000      0.00000      0.00000
      2.50000      0.00000      0.00000      0.00000
      2.51000      0.00000      0.00000      0.00000
      2.52000      0.00000      0.00000      0.00000
      2.53000      0.00000      0.00000      0.00000
      2.54000      0.00000      0.00000      0.00000
      2.55000      0.00000      0.00000      0.00000
      2.56000      0.00000      0.00000      0.00000
      2.57000      0.00000      0.00000      0.00000
      2.58000      0.00000      0.00000      0.00000
      2.59000      0.00000      0.00000      0.00000
      2.60000      0.00000      0.00000      0.00000
      2.61000      0.00000      0.00000      0.00000
      2.62000      0.00000      0.00000      0.00000
      2.63000      0.00000      0.00000      0.00000
      2.64000      0.00000      0.00000      0.00000
      2.65000      0.00000      0.00000      0.00000
      2.66000      0.00000      0.00000      0.00000
      2.67000      0.00000      0.00000      0.00000
      2.68000      0.00000      0.00000      0.00000
      2.69000      0.00000      0.00000      0.00000
      2.70000      0.00000      0.00000      0.00000
      2.71000      0.00000      0.00000      0.00000
      2.72000      0.00000      0.00000      0.00000
      2.73000      0.00000      0.00000      0.00000
      2.74000      0.00000      0.00000      0.00000
      2.75000      0.00000      0.00000      0.00000
      2.76000      0.00000      0.00000      0.00000
      2.77000      0.00000      0.00000      0.00000
      2.78000      0.00000      0.00000      0.00000
      2.79000      0.00000      0.00000      0.00000
      2.80000      0.00000      0.00000      0.00000
      2.81000      0.00000      0.00000      0.00000
      2.82000      0.00000      0.00000      0.00000
      2.83000      0.00000      0.00000      0.00000
      2.84000      0.00000      0.00000      0.00000
      2.85000      0.00000      0.00000      0.00000
      2.86000      0.00000      0.00000      0.00000
      2.87000      0.00000      0.00000      0.00000
      2.88000      0.00000      0.00000      0.00000
      2.89000      0.00000      0.00000      0.00000
      2.90000      0.00000      0.00000      0.00000
      2.91000      0.00000      0.00000      0.00000
      2.92000      0.00000      0.00000      0.00000
      2.93000      0.00000      0.00000      0.00000
      2.94000      0.00000      0.00000      0.00000
      2.95000      0.00000      0.00000      0.00000
      2.96000      0.00000      0.00000      0.00000
      2.97000      0.00000      0.00000      0.00000
      2.98000      0.00000      0.00000      0.00000
      2.99000      0.00000      0.00000      0.00000
      3.00000      0.00000      0.00000      0.00000
      3.01000      0.00000      0.00000      0.00000
      3.02000      0.00000      0.00000      0.00000
      3.03000      0.00000      0.00000      0.00000
      3.04000      0.00000      0.00000      0.00000
      3.05000      0.00000      0.00000      0.00000
      3.06000      0.00000      0.00000      0.00000
      3.07000      0.00000      0.00000      0.00000
      3.08000      0.00000      0.00000      0.00000
      3.09000      0.00000      0.00000      0.00000
      3.10000      0.00000      0.00000      0.00000
      3.11000      0.00000      0.00000      0.00000
      3.12000      0.00000      0.00000      0.00000
      3.13000      0.00000      0.00000      0.00000
      3.14000      0.00000      0.00000      0.00000
      3.15000      0.00000      0.00000      0.00000
      3.16000      0.00000      0.00000      0.00000
      3.17000      0.00000      0.00000      0.00000
      3.18000      0.00000      0.00000      0.00000
      3.19000      0.00000      0.00000      0.00000
      3.20000      0.00000      0.00000      0.00000
      3.21000      0.00000      0.00000      0.00000
      3.22000      0.00000      0.00000      0.00000
      3.23000      0.00000      0.00000      0.00000
      3.24000      0.00000      0.00000      0.00000
      3.25000      0.00000      0.00000      0.00000
      3.26000      0.00000      0.00000      0.00000
      3.27000      0.00000      0.00000      0.00000
      3.28000      0.00000      0.00000      0.00000
      3.29000      0.00000      0.00000      0.00000
      3.30000      0.00000      0.00000      0.00000
      3.31000      0.02487      0.00027      0.02460
      3.32000      0.90960      0.00986      0.89974
      3.33000     12.79934      0.13921     12.66013
      3.34000     72.00414      0.78787     71.21627
      3.35000    175.22139      1.94093    173.28045
      3.36000    218.86110      2.48713    216.37397
      3.37000    191.34459      2.27534    189.06925
      3.38000    160.11463      2.01585    158.09877
      3.39000    141.42148      1.88414    139.53734
      3.40000    129.69223      1.82478    127.86745
      3.41000    120.63151      1.78805    118.84346
      3.42000    114.74166      1.78864    112.95302
      3.43000    108.17202      1.77085    106.40117
      3.44000    106.72519      1.82991    104.89528
      3.45000    114.38961      2.05116    112.33845
      3.46000    164.30508      3.01776    161.28732
      3.47000    216.48007      4.01974    212.46033
      3.48000    226.63400      4.28884    222.34516
      3.49000    195.94523      3.79173    192.15349
      3.50000    186.42928      3.72423    182.70504
      3.51000    159.72145      3.27678    156.44467
      3.52000    164.36811      3.44925    160.91887
      3.53000    159.60139      3.43840    156.16299
      3.54000    125.41509      2.81113    122.60396
      3.55000    160.43452      3.62223    156.81229
      3.56000    145.09689      3.30018    141.79671
      3.57000    110.32710      2.73057    107.59653
      3.58000    138.77750      3.41220    135.36530
      3.59000    145.42879      3.42771    142.00108
      3.60000    124.29309      3.23056    121.06253
      3.61000    101.79959      2.82651     98.97308
      3.62000    119.13316      3.06651    116.06664
      3.63000    159.37131      4.15668    155.21463
      3.64000    110.51500      3.08562    107.42938
      3.65000     76.56727      2.37368     74.19358
      3.66000    126.31172      3.73231    122.57941
      3.67000    144.03682      3.86344    140.17339
      3.68000    112.41136      3.23681    109.17455
      3.69000     96.64680      3.32554     93.32127
      3.70000     80.71351      2.68979     78.02372
      3.71000    120.10012      3.54396    116.55616
      3.72000    157.87690      4.79051    153.08639
      3.73000     94.45804      3.09217     91.36587
      3.74000     63.47674      2.45374     61.02300
      3.75000    101.75541      3.82541     97.93000
      3.76000    125.12110      3.92606    121.19504
      3.77000    126.33749      3.84598    122.49151
      3.78000    111.40337      4.19950    107.20388
      3.79000     69.71196      2.95639     66.75558
      3.80000     61.17199      2.47560     58.69639
      3.81000    130.49296      4.76069    125.73226
      3.82000    147.77482      4.96895    142.80586
      3.83000     86.36390      3.05445     83.30945
      3.84000     78.31066      3.62774     74.68292
      3.85000     80.22996      3.82365     76.40631
      3.86000     75.18640      2.92529     72.26111
      3.87000    134.64018      4.82186    129.81832
      3.88000    145.12779      5.64240    139.48540
      3.89000     70.15937      3.05362     67.10575
      3.90000     52.33170      2.74166     49.59005
      3.91000     88.35008      4.56173     83.78835
      3.92000    102.04101      4.25704     97.78397
      3.93000    119.89131      4.16785    115.72345
      3.94000    125.94923      5.40834    120.54090
      3.95000     84.84649      4.41658     80.42991
      3.96000     41.19117      2.33398     38.85719
      3.97000     67.03637      3.68365     63.35271
      3.98000    124.33826      5.87616    118.46209
      3.99000    127.59605      4.84884    122.74722
      4.00000     94.56713      3.91104     90.65609
      4.01000     89.41837      5.11079     84.30759
      4.02000     65.89269      4.06572     61.82697
      4.03000     41.83833      2.41771     39.42062
      4.04000     97.76712      4.94218     92.82494
      4.05000    157.59870      8.87914    148.71956
      4.06000    133.18553     31.24318    101.94234
      4.07000    229.61092    158.61554     70.99538
      4.08000    495.83765    382.66349    113.17416
      4.09000    566.70851    455.23467    111.47384
      4.10000    495.64586    398.40547     97.24039
      4.11000    616.77767    448.01054    168.76713
      4.12000    754.43309    547.76679    206.66630
      4.13000    657.41451    527.07011    130.34440
      4.14000    539.71336    451.22525     88.48811
      4.15000    514.80751    401.63342    113.17409
      4.16000    482.68504    369.95825    112.72680
      4.17000    454.99761    345.84174    109.15587
      4.18000    487.44077    329.85196    157.58881
      4.19000    478.41357    315.98301    162.43057
      4.20000    395.94141    299.39121     96.55020
      4.21000    346.03297    285.16655     60.86642
      4.22000    365.80701    276.43420     89.37281
      4.23000    382.66289    267.93790    114.72499
      4.24000    376.33638    257.22611    119.11027
      4.25000    385.90963    249.45460    136.45502
      4.26000    377.40947    243.14726    134.26220
      4.27000    330.43547    234.72410     95.71137
      4.28000    279.43477    225.62636     53.80841
      4.29000    287.56069    219.79089     67.76980
      4.30000    333.51672    218.02322    115.49350
      4.31000    345.64472    210.89174    134.75299
      4.32000    326.71126    205.54619    121.16507
      4.33000    332.55070    198.69521    133.85549
      4.34000    421.01241    198.30450    222.70791
      4.35000    429.48188    191.86684    237.61504
      4.36000    374.07250    188.87373    185.19877
      4.37000    387.39713    184.33838    203.05875
      4.38000    434.02149    184.84290    249.17859
      4.39000    397.48251    178.89432    218.58819
      4.40000    325.48135    172.87933    152.60202
      4.41000    347.59623    174.99191    172.60432
      4.42000    316.21178    164.86367    151.34811
      4.43000    269.63208    170.27821     99.35387
      4.44000    299.22122    156.88725    142.33397
      4.45000    379.26216    169.53479    209.72737
      4.46000    340.54455    156.93196    183.61259
      4.47000    286.79092    156.61121    130.17971
      4.48000    296.90299    157.48600    139.41700
      4.49000    283.68638    147.79188    135.89449
      4.50000    245.92340    154.12829     91.79511
      4.51000    235.42794    144.10470     91.32324
      4.52000    321.88775    147.80416    174.08359
      4.53000    366.68647    151.01863    215.66784
      4.54000    277.50364    141.51306    135.99058
      4.55000    233.20769    140.86648     92.34121
      4.56000    374.38097    151.95796    222.42301
      4.57000    550.94475    160.39786    390.54689
      4.58000    534.86500    159.92401    374.94099
      4.59000    451.41749    159.27518    292.14230
      4.60000    464.26990    147.34800    316.92190
      4.61000    537.28142    150.71428    386.56714
      4.62000    492.49087    156.98334    335.50753
      4.63000    349.60645    133.25006    216.35639
      4.64000    316.95998    137.55661    179.40337
      4.65000    385.37470    151.50467    233.87003
      4.66000    422.32913    129.04086    293.28828
      4.67000    418.56745    136.16621    282.40124
      4.68000    391.50925    148.41356    243.09569
      4.69000    317.75001    117.66839    200.08163
      4.70000    335.48703    128.97221    206.51482
      4.71000    377.92274    150.75353    227.16921
      4.72000    331.69873    114.81326    216.88547
      4.73000    303.58298    116.26482    187.31816
      4.74000    345.36245    149.63504    195.72741
      4.75000    370.09969    120.39053    249.70916
      4.76000    343.95033    106.14231    237.80803
      4.77000    349.17312    145.42944    203.74368
      4.78000    314.55279    126.02403    188.52876
      4.79000    258.72061     91.19936    167.52125
      4.80000    311.74109    132.57006    179.17102
      4.81000    318.25210    142.23242    176.01968
      4.82000    277.19690     91.03252    186.16439
      4.83000    358.84965    109.07303    249.77662
      4.84000    361.12222    150.10065    211.02157
      4.85000    274.30744    108.39643    165.91101
      4.86000    253.68340     81.93287    171.75053
      4.87000    322.78846    135.50615    187.28231
      4.88000    318.52606    138.81995    179.70611
      4.89000    216.61594     78.19976    138.41618
      4.90000    241.97890     94.45297    147.52592
      4.91000    341.96707    149.34760    192.61947
      4.92000    366.08450    116.23962    249.84488
      4.93000    309.68938     72.34272    237.34666
      4.94000    268.69310    115.83403    152.85907
      4.95000    253.13989    145.18731    107.95258
      4.96000    169.55573     83.61049     85.94524
      4.97000    207.41421     67.99624    139.41797
      4.98000    355.06598    135.81443    219.25155
      4.99000    393.45213    142.64046    250.81167
      5.00000    289.86773     72.91292    216.95481
      5.01000    195.48297     69.90751    125.57547
      5.02000    259.28684    138.98259    120.30425
      5.03000    295.71196    131.85506    163.85690
      5.04000    179.15820     60.07432    119.08388
      5.05000    182.41309     71.70810    110.70498
      5.06000    321.02973    144.15608    176.87365
      5.07000    326.69446    125.28552    201.40894
      5.08000    272.44541     58.28828    214.15713
      5.09000    269.18176     74.96923    194.21252
      5.10000    263.96041    142.18616    121.77425
      5.11000    241.20309    123.46268    117.74042
      5.12000    201.67003     53.74844    147.92159
      5.13000    179.80314     62.15690    117.64624
      5.14000    244.20983    136.16663    108.04320
      5.15000    264.85681    131.09486    133.76195
      5.16000    209.69489     57.24390    152.45099
      5.17000    255.71009     56.63931    199.07078
      5.18000    357.71415    131.41998    226.29417
      5.19000    298.25067    141.40279    156.84788
      5.20000    164.56855     63.19788    101.37067
      5.21000    212.11841     43.77088    168.34753
      5.22000    391.08969    116.56817    274.52152
      5.23000    454.71350    161.86177    292.85173
      5.24000    319.60491     91.14328    228.46163
      5.25000    151.54343     34.05522    117.48821
      5.26000    111.11752     71.90523     39.21229
      5.27000    193.69340    143.21782     50.47558
      5.28000    234.01120    113.61256    120.39864
      5.29000    205.78616     44.93500    160.85115
      5.30000    196.45506     51.19761    145.25746
      5.31000    295.28370    128.16903    167.11467
      5.32000    341.65786    143.59349    198.06438
      5.33000    219.15912     64.72812    154.43100
      5.34000    169.74353     33.89285    135.85067
      5.35000    251.28784     91.58466    159.70319
      5.36000    250.87794    149.18691    101.69103
      5.37000    152.00458     96.72108     55.28350
      5.38000    155.88915     34.61748    121.27167
      5.39000    266.41736     55.41759    210.99978
      5.40000    314.01392    131.25649    182.75744
      5.41000    275.36075    138.48697    136.87378
      5.42000    221.22239     63.09728    158.12510
      5.43000    191.59839     34.61918    156.97921
      5.44000    259.46262     90.10693    169.35569
      5.45000    307.61310    149.15056    158.46254
      5.46000    173.97150     99.42992     74.54158
      5.47000     88.33208     36.16564     52.16644
      5.48000    164.91726     57.17041    107.74685
      5.49000    292.69096    123.81368    168.87729
      5.50000    343.52340    132.96967    210.55373
      5.51000    299.04513     80.22465    218.82049
      5.52000    260.83544     69.68485    191.15059
      5.53000    237.16816     93.82457    143.34359
      5.54000    193.30034    102.67646     90.62388
      5.55000    192.60548    120.22417     72.38131
      5.56000    277.61823    119.58986    158.02837
      5.57000    308.50994     84.03290    224.47705
      5.58000    228.54238     84.65448    143.88790
      5.59000    240.80439    137.00458    103.79981
      5.60000    319.84220    127.61906    192.22315
      5.61000    300.86098     85.33230    215.52868
      5.62000    193.91223     85.70772    108.20452
      5.63000    135.33186     77.96965     57.36222
      5.64000    200.99179     85.90007    115.09172
      5.65000    298.87573    109.00912    189.86661
      5.66000    295.79744    107.49822    188.29922
      5.67000    232.48388     81.59275    150.89113
      5.68000    300.66005    121.16641    179.49364
      5.69000    521.50215    330.16354    191.33861
      5.70000    662.16226    494.23117    167.93109
      5.71000    516.96723    383.35858    133.60865
      5.72000    347.08665    231.17230    115.91435
      5.73000    379.49367    195.84839    183.64528
      5.74000    470.51639    209.97707    260.53933
      5.75000    483.70282    215.20692    268.49590
      5.76000    344.21459    158.60685    185.60774
      5.77000    251.55146    122.40408    129.14738
      5.78000    367.29037    194.02052    173.26985
      5.79000    421.27971    230.61295    190.66675
      5.80000    326.97938    162.84688    164.13250
      5.81000    280.45157     99.15979    181.29178
      5.82000    379.08067    121.65263    257.42805
      5.83000    467.99225    184.11771    283.87454
      5.84000    426.35690    203.20843    223.14847
      5.85000    401.59224    239.11806    162.47418
      5.86000    408.97478    215.65089    193.32389
      5.87000    501.02554    216.70927    284.31628
      5.88000    611.40240    248.75472    362.64767
      5.89000    521.31136    212.17842    309.13293
      5.90000    417.60590    188.03590    229.57001
      5.91000    364.15558    151.43163    212.72395
      5.92000    283.71406    133.97443    149.73963
      5.93000    175.02443    113.41237     61.61206
      5.94000     74.96833     59.92917     15.03916
      5.95000     18.18753     15.70189      2.48564
      5.96000     21.04046     17.28705      3.75341
      5.97000    121.50879     93.64718     27.86162
      5.98000    303.50720    211.96989     91.53731
      5.99000    355.69173    207.66135    148.03038
      6.00000    325.11873    164.80179    160.31694
      6.01000    299.95730    156.31772    143.63958
      6.02000    195.76335     83.91367    111.84968
      6.03000    112.33739     23.43335     88.90404
      6.04000     52.86549      5.77239     47.09310
      6.05000     11.99045      1.29010     10.70034
      6.06000      8.26308      4.22692      4.03616
      6.07000     62.47676     31.60733     30.86943
      6.08000    216.76616    101.44513    115.32103
      6.09000    321.99031    157.30682    164.68349
      6.10000    251.65186    157.39021     94.26164
      6.11000    191.09097    159.60609     31.48488
      6.12000    193.68351    172.48218     21.20132
      6.13000    154.54857    116.33802     38.21054
      6.14000    166.21988     68.57517     97.64470
      6.15000    290.62372    141.71291    148.91082
      6.16000    373.16379    244.01762    129.14617
      6.17000    368.16892    257.70157    110.46735
      6.18000    294.85337    187.46847    107.38489
      6.19000    222.88048    154.22793     68.65255
      6.20000    283.53474    234.76813     48.76661
      6.21000    272.27557    228.30587     43.96971
      6.22000    143.72411    100.30200     43.42211
      6.23000    122.74886     44.64135     78.10751
      6.24000    214.17799    101.62594    112.55205
      6.25000    322.15915    188.58240    133.57675
      6.26000    378.46364    240.39093    138.07270
      6.27000    349.36355    222.74461    126.61894
      6.28000    210.56108    131.07538     79.48570
      6.29000    163.07660    109.65656     53.42004
      6.30000    204.41577    124.79779     79.61798
      6.31000    185.60110    101.29503     84.30607
      6.32000    146.15303     99.93555     46.21748
      6.33000    148.43953    116.83645     31.60308
      6.34000    165.69153    105.93309     59.75844
      6.35000    276.95681    125.60466    151.35215
      6.36000    422.17986    184.69356    237.48630
      6.37000    396.68177    211.34663    185.33514
      6.38000    275.45647    194.96578     80.49068
      6.39000    169.38255    139.92388     29.45867
      6.40000    137.09725    104.41205     32.68520
      6.41000    182.27010    109.55238     72.71772
      6.42000    226.21381    139.31394     86.89987
      6.43000    197.69616    145.61961     52.07655
      6.44000    133.92536     98.78940     35.13596
      6.45000    157.10743     89.83476     67.27267
      6.46000    179.58678     91.71400     87.87277
      6.47000    207.18984    118.18732     89.00251
      6.48000    283.57356    161.50536    122.06910
      6.49000    273.79857    138.52426    135.32284
      6.50000    203.35412     93.91876    110.43368
      6.51000    245.21894    184.83664     68.45590
      6.52000    465.21140    441.97220     50.25949
      6.53000    534.56415    532.76080     43.13855
      6.54000    418.88818    402.78482     53.21557
      6.55000    477.66477    437.52861     80.93083
      6.56000    701.88099    692.74570     73.02584
      6.57000    826.27356    816.57433     83.40021
      6.58000    857.94322    804.12326    117.18861
      6.59000    815.89673    749.52508    119.41893
      6.60000    616.20384    567.22053     95.88717
      6.61000    386.43661    379.17116     46.02705
      6.62000    325.73646    327.85788     31.93398
      6.63000    450.66471    402.68635     85.08913
      6.64000    541.38414    447.17205    131.96233
      6.65000    480.89673    421.08203     94.79240
      6.66000    386.96106    386.89916     33.15779
      6.67000    384.94250    398.51044     20.80993
      6.68000    393.68792    371.05987     55.71104
      6.69000    382.39143    328.54335     81.15826
      6.70000    354.79936    331.28291     48.46267
      6.71000    352.79841    360.24183     20.40079
      6.72000    379.32506    359.48071     49.62445
      6.73000    438.33675    333.10387    134.05796
      6.74000    548.45989    374.42333    200.80421
      6.75000    536.80635    381.08086    176.86405
      6.76000    407.96328    338.94353     89.74770
      6.77000    345.04507    335.71951     35.29683
      6.78000    309.22525    318.59632     18.04881
      6.79000    285.77202    299.65907     11.52734
      6.80000    310.63217    308.88451     26.28867
      6.81000    384.68845    325.51521     82.34049
      6.82000    447.71146    323.72956    141.62339
      6.83000    426.64684    306.79210    138.63071
      6.84000    320.55225    253.06753     89.42134
      6.85000    233.73503    207.98229     46.79539
      6.86000    290.52753    248.52727     64.79997
      6.87000    317.79618    259.40477     78.49721
      6.88000    265.47416    249.20345     37.82282
      6.89000    204.27406    215.48161      8.79334
      6.90000    203.90035    213.95249      6.92719
      6.91000    252.61485    253.60144     19.01091
      6.92000    320.49601    261.89917     77.46410
      6.93000    464.35510    289.66586    190.42729
      6.94000    472.88606    264.18497    218.85890
      6.95000    273.35736    148.97360    128.11919
      6.96000    228.42659    144.96046     89.05645
      6.97000    379.25723    311.20988     85.15212
      6.98000    455.81991    438.90428     42.79466
      6.99000    374.46881    383.51517     13.37641
      7.00000    261.52098    265.70875     13.84277
      7.01000    290.91713    252.30988     58.28985
      7.02000    388.64566    270.73128    134.23058
      7.03000    378.67187    245.25453    141.83831
      7.04000    279.87255    220.55122     70.07602
      7.05000    212.20417    215.17691     16.70599
      7.06000    136.78275    139.65675     11.96430
      7.07000     94.44159     53.55061     45.65261
      7.08000    170.01026     94.03456     81.00262
      7.09000    340.27051    265.98002     88.11321
      7.10000    485.82017    392.93236    114.84540
      7.11000    480.69637    370.62940    135.94506
      7.12000    374.16270    259.46519    133.37806
      7.13000    292.82069    177.80820    124.04277
      7.14000    325.14585    235.69727    104.53205
      7.15000    348.97526    292.39133     79.07952
      7.16000    233.24236    207.28755     39.04151
      7.17000    167.37885    127.35129     44.94307
      7.18000    272.11054    178.77365    103.03318
      7.19000    348.52191    243.82457    122.35589
      7.20000    261.93082    208.42635     68.86555
      7.21000    177.32435    140.57482     42.98804
      7.22000    159.87338     83.60883     77.35155
      7.23000    184.45852     73.81145    110.75674
      7.24000    242.65295    117.36947    125.97053
      7.25000    314.77141    198.14961    121.74536
      7.26000    410.03923    302.39315    123.05951
      7.27000    459.75740    342.81746    137.95647
      7.28000    411.51563    303.17128    124.32854
      7.29000    321.03659    257.96280     75.81193
      7.30000    393.58697    331.83474     79.96827
      7.31000    608.81889    457.40880    171.24924
      7.32000    691.94653    467.37668    236.99162
      7.33000    542.07736    350.72347    199.04444
      7.34000    427.12156    251.79446    187.32544
      7.35000    433.93530    246.15090    203.71341
      7.36000    350.83721    227.61181    137.46551
      7.37000    218.87114    141.71327     84.76202
      7.38000    163.77190     80.01712     86.83890
      7.39000    222.55971    139.83514     88.95531
      7.40000    358.70194    290.42082     79.59604
      7.41000    434.98852    350.85646     96.52261
      7.42000    375.05672    257.75824    127.64418
      7.43000    300.80114    149.61142    155.78387
      7.44000    296.94027    119.29278    178.46458
      7.45000    226.62658     81.28983    145.39332
      7.46000    156.47466     68.11367     88.43516
      7.47000    231.63327    158.33340     74.14684
      7.48000    395.66312    304.40486     95.05299
      7.49000    450.80618    361.99282     96.07873
      7.50000    312.27973    262.27945     57.70345
      7.51000    190.69030    133.57323     62.38953
      7.52000    207.74345     81.74800    127.82714
      7.53000    317.46058    138.09247    179.63111
      7.54000    427.34345    230.44470    197.02403
      7.55000    401.91073    243.31513    159.63007
      7.56000    298.61658    223.63137     79.79520
      7.57000    337.09559    310.73108     40.78373
      7.58000    476.24140    427.64402     72.76674
      7.59000    438.51108    337.07675    120.37185
      7.60000    390.23740    219.37755    182.33034
      7.61000    469.42639    220.02128    261.87395
      7.62000    505.14426    246.24651    274.18043
      7.63000    429.28633    250.97425    192.29455
      7.64000    300.02343    222.42714     88.95365
      7.65000    205.37544    178.87260     34.35500
      7.66000    175.77599    157.97387     25.48681
      7.67000    220.92109    172.61164     61.13522
      7.68000    272.36612    188.04218     96.28353
      7.69000    269.37444    185.75978     93.65840
      7.70000    204.93095    139.96072     74.00711
      7.71000    218.10270    108.86980    114.55704
      7.72000    295.33005    148.01191    155.13376
      7.73000    254.39457    168.09532     98.81027
      7.74000    212.17944    155.34471     65.23622
      7.75000    226.65551    169.43023     62.34130
      7.76000    234.91811    201.91917     41.17122
      7.77000    199.57331    165.87579     40.93414
      7.78000    121.19296     78.50568     45.08882
      7.79000     50.13455     25.39528     25.06266
      7.80000     55.28935     28.64125     27.20620
      7.81000    167.04528    102.52807     68.14779
      7.82000    269.08342    183.29586     94.88883
      7.83000    297.10196    197.34645    109.80572
      7.84000    319.82825    216.69663    112.05533
      7.85000    266.23896    185.10834     88.39249
      7.86000    186.28976    108.22422     80.89652
      7.87000    154.92004     97.97814     57.36256
      7.88000    131.55858    102.16047     29.42120
      7.89000    111.65076     83.48082     28.17041
      7.90000    103.76757     51.97362     51.79408
      7.91000    131.19256     57.69467     73.50604
      7.92000    130.03019     83.39587     46.81783
      7.93000     87.12506     75.66309     12.98304
      7.94000     88.39706     90.15228      2.88328
      7.95000    132.10212    127.47712      9.84764
      7.96000    220.66868    183.87033     39.34380
      7.97000    390.23583    297.38039     96.19170
      7.98000    541.81938    401.98114    148.39201
      7.99000    489.54596    340.94375    157.70108
      8.00000    369.54379    239.20136    134.21782
      8.01000    283.75903    217.23158     67.82476
      8.02000    190.15666    172.33654     18.81951
      8.03000     97.48907     92.66744      7.04225
      8.04000    111.07827     95.48227     22.15496
      8.05000    204.31250    153.57603     59.72033
      8.06000    244.37223    188.15742     62.58088
      8.07000    166.10002    142.75788     26.15667
      8.08000     60.30202     54.81771      6.13520
      8.09000     45.39825     37.26240      8.19823
      8.10000    101.13384     82.28658     18.84952
      8.11000    160.00310    133.86334     26.13983
      8.12000    184.03245    150.05047     33.98555
      8.13000    161.96069    108.56292     53.49864
      8.14000    200.40427    107.12629     94.32746
      8.15000    289.01034    180.54801    112.48548
      8.16000    384.61684    286.77435    103.59801
      8.17000    370.54076    305.09977     68.87399
      8.18000    256.73811    212.75773     45.45661
      8.19000    221.99982    130.31543     92.33967
      8.20000    263.03395    105.02640    158.22930
      8.21000    288.13653    111.69406    177.44639
      8.22000    372.01052    185.91452    191.30474
      8.23000    418.43642    261.61595    167.30436
      8.24000    267.50845    196.35476     81.95885
      8.25000    195.06381    160.40973     46.82491
      8.26000    293.43329    223.57133     80.57249
      8.27000    381.62328    281.29762    104.29957
      8.28000    355.99843    268.42253     88.34097
      8.29000    285.88105    217.18141     69.98170
      8.30000    234.52871    186.63682     50.55785
      8.31000    213.79065    178.17386     37.78919
      8.32000    195.41765    163.67698     32.51909
      8.33000    159.21026    131.41686     28.09442
      8.34000    165.19571    119.79081     47.05045
      8.35000    171.25232    126.18135     52.01988
