cpu-bind=MASK - lcn1311, task  0  0 [2496691]: mask |BBBBBBBB|BBBBBBBB|BBBBBBBB|BBBBBBBB|BBBBBBBB|BBBBBBBB|BBBBBBBB|BBBBBBBB|BBBBBBBB|BBBBBBBB|BBBBBBBB|BBBBBBBB||||BBBBBBBB|BBBBBBBB|BBBBBBBB|BBBBBBBB|BBBBBBBB|BBBBBBBB|BBBBBBBB|BBBBBBBB|BBBBBBBB|BBBBBBBB|BBBBBBBB|BBBBBBBB|  set
Running "module reset". Resetting modules to system default. The following $MODULEPATH directories have been removed: None
Running "module reset". Resetting modules to system default. The following $MODULEPATH directories have been removed: None
malloc(): unsorted double linked list corrupted

Program received signal SIGABRT: Process abort signal.

Backtrace for this error:
corrupted double-linked list

Program received signal SIGABRT: Process abort signal.

Backtrace for this error:
malloc(): unsorted double linked list corrupted

Program received signal SIGABRT: Process abort signal.

Backtrace for this error:
malloc(): unsorted double linked list corrupted

Program received signal SIGABRT: Process abort signal.

Backtrace for this error:
malloc(): unsorted double linked list corrupted

Program received signal SIGABRT: Process abort signal.

Backtrace for this error:
corrupted double-linked list
malloc(): unsorted double linked list corrupted

Program received signal SIGABRT: Process abort signal.

Backtrace for this error:
malloc(): unsorted double linked list corrupted

Program received signal SIGABRT: Process abort signal.

Backtrace for this error:
corrupted double-linked list

Program received signal SIGABRT: Process abort signal.

Backtrace for this error:
corrupted double-linked list

Program received signal SIGABRT: Process abort signal.

Backtrace for this error:
corrupted double-linked list

Program received signal SIGABRT: Process abort signal.

Backtrace for this error:
malloc(): unsorted double linked list corrupted

Program received signal SIGABRT: Process abort signal.

Backtrace for this error:
malloc(): unsorted double linked list corrupted
malloc(): unsorted double linked list corrupted

Program received signal SIGABRT: Process abort signal.

Backtrace for this error:
malloc(): unsorted double linked list corrupted

Program received signal SIGABRT: Process abort signal.

Backtrace for this error:
malloc(): unsorted double linked list corrupted

Program received signal SIGABRT: Process abort signal.

Backtrace for this error:
malloc(): unsorted double linked list corrupted

Program received signal SIGABRT: Process abort signal.

Backtrace for this error:
malloc(): unsorted double linked list corrupted

Program received signal SIGABRT: Process abort signal.

Backtrace for this error:
malloc(): unsorted double linked list corrupted

Program received signal SIGABRT: Process abort signal.

Backtrace for this error:
malloc(): unsorted double linked list corrupted

Program received signal SIGABRT: Process abort signal.

Backtrace for this error:
malloc(): unsorted double linked list corrupted
malloc(): unsorted double linked list corrupted

Program received signal SIGABRT: Process abort signal.

Backtrace for this error:

Program received signal SIGABRT: Process abort signal.

Backtrace for this error:
corrupted double-linked list

Program received signal SIGABRT: Process abort signal.

Backtrace for this error:
malloc(): unsorted double linked list corrupted
malloc(): unsorted double linked list corrupted
malloc(): unsorted double linked list corrupted
malloc(): unsorted double linked list corrupted

Program received signal SIGABRT: Process abort signal.

Backtrace for this error:
malloc(): unsorted double linked list corrupted
malloc(): unsorted double linked list corrupted
malloc(): unsorted double linked list corrupted
corrupted double-linked list

Program received signal SIGABRT: Process abort signal.

Backtrace for this error:
corrupted double-linked list
corrupted double-linked list

Program received signal SIGABRT: Process abort signal.

Backtrace for this error:
malloc(): unsorted double linked list corrupted
malloc(): unsorted double linked list corrupted

Program received signal SIGABRT: Process abort signal.

Backtrace for this error:
corrupted double-linked list
corrupted double-linked list
corrupted double-linked list

Program received signal SIGABRT: Process abort signal.

Backtrace for this error:

Program received signal SIGABRT: Process abort signal.

Backtrace for this error:

Program received signal SIGABRT: Process abort signal.

Backtrace for this error:
corrupted double-linked list

Program received signal SIGABRT: Process abort signal.

Backtrace for this error:

Program received signal SIGABRT: Process abort signal.

Backtrace for this error:
malloc(): unsorted double linked list corrupted

Program received signal SIGABRT: Process abort signal.

Backtrace for this error:
malloc(): unsorted double linked list corrupted

Program received signal SIGABRT: Process abort signal.

Backtrace for this error:
malloc(): unsorted double linked list corrupted

Program received signal SIGABRT: Process abort signal.

Backtrace for this error:

Program received signal SIGABRT: Process abort signal.

Backtrace for this error:

Program received signal SIGABRT: Process abort signal.

Backtrace for this error:
corrupted double-linked list

Program received signal SIGABRT: Process abort signal.

Backtrace for this error:
malloc(): unsorted double linked list corrupted
malloc(): unsorted double linked list corrupted

Program received signal SIGABRT: Process abort signal.

Backtrace for this error:
malloc(): unsorted double linked list corrupted

Program received signal SIGABRT: Process abort signal.

Backtrace for this error:

Program received signal SIGABRT: Process abort signal.

Backtrace for this error:

Program received signal SIGABRT: Process abort signal.

Backtrace for this error:
malloc(): unsorted double linked list corrupted

Program received signal SIGABRT: Process abort signal.

Backtrace for this error:

Program received signal SIGABRT: Process abort signal.

Backtrace for this error:

Program received signal SIGABRT: Process abort signal.

Backtrace for this error:
malloc(): unsorted double linked list corrupted

Program received signal SIGABRT: Process abort signal.

Backtrace for this error:
malloc(): unsorted double linked list corrupted
malloc(): unsorted double linked list corrupted

Program received signal SIGABRT: Process abort signal.

Backtrace for this error:
malloc(): unsorted double linked list corrupted

Program received signal SIGABRT: Process abort signal.

Backtrace for this error:

Program received signal SIGABRT: Process abort signal.

Backtrace for this error:

Program received signal SIGABRT: Process abort signal.

Backtrace for this error:

Program received signal SIGABRT: Process abort signal.

Backtrace for this error:

Program received signal SIGABRT: Process abort signal.

Backtrace for this error:
malloc(): unsorted double linked list corrupted
malloc(): unsorted double linked list corrupted

Program received signal SIGABRT: Process abort signal.

Backtrace for this error:

Program received signal SIGABRT: Process abort signal.

Backtrace for this error:

Program received signal SIGABRT: Process abort signal.

Backtrace for this error:
corrupted double-linked list

Program received signal SIGABRT: Process abort signal.

Backtrace for this error:
malloc(): unsorted double linked list corrupted

Program received signal SIGABRT: Process abort signal.

Backtrace for this error:
#0  0x153b8e654daf in ???
#1  0x153b8e6a154c in ???
#2  0x153b8e654d05 in ???
#3  0x153b8e6287f2 in ???
#4  0x153b8e62912f in ???
#5  0x153b8e6ab616 in ???
#6  0x153b8e6ae5eb in ???
#7  0x153b8e6af428 in ???
#8  0x153b8f1a66fe in ???
#9  0x153b8f002c9c in ???
#10  0x153b8e075cb9 in ???
#11  0x153b8e06b0ee in ???
#12  0x153b8f001259 in ???
#13  0x153b8f003eab in ???
#14  0x153b8f005424 in ???
#15  0x153b8effd7b0 in ???
#16  0x153b903af8c8 in ???
#0  0x14cdb1654daf in ???
#1  0x14cdb16a154c in ???
#2  0x14cdb1654d05 in ???
#3  0x14cdb16287f2 in ???
#4  0x14cdb162912f in ???
#5  0x14cdb16ab616 in ???
#6  0x14cdb16ae5eb in ???
#7  0x14cdb16af428 in ???
#8  0x14cdb1f3e3ed in ???
#9  0x14cdb1f47c87 in ???
#10  0x14cdb1075cb9 in ???
#11  0x14cdb106b0ee in ???
#12  0x14cdb1f46259 in ???
#13  0x14cdb1f48eab in ???
#14  0x14cdb1f4a424 in ???
#15  0x14cdb1f427b0 in ???
#0  0x14c3f9254daf in ???
#1  0x14c3f92a154c in ???
#2  0x14c3f9254d05 in ???
#3  0x14c3f92287f2 in ???
#4  0x14c3f922912f in ???
#5  0x14c3f92ab616 in ???
#6  0x14c3f92ae5eb in ???
#7  0x14c3f92af428 in ???
#8  0x14c3f9d966fe in ???
#9  0x14c3f9bf2c9c in ???
#16  0x14cdb32f48c8 in ???
#10  0x14c3f8c75cb9 in ???
#11  0x14c3f8c6b0ee in ???
#12  0x14c3f9bf1259 in ???
#13  0x14c3f9bf3eab in ???
#14  0x14c3f9bf5424 in ???
#15  0x14c3f9bed7b0 in ???
#16  0x14c3faf9f8c8 in ???
#0  0x147640654daf in ???
#1  0x1476406a154c in ???
#2  0x147640654d05 in ???
#3  0x1476406287f2 in ???
#4  0x14764062912f in ???
#5  0x1476406ab616 in ???
#6  0x1476406ac16b in ???
#7  0x1476406acd48 in ???
#8  0x1476406af954 in ???
#9  0x147640f8540d in ???
#10  0x147640f4a2c8 in ???
#11  0x147640eb88f9 in ???
#12  0x147640eb9028 in ???
#13  0x14763fcb0cb9 in ???
#14  0x14763fca60ee in ???
#15  0x147640ee8259 in ???
#16  0x147640eeaeab in ???
#17  0x147640eec424 in ???
#18  0x147640ee47b0 in ???
#19  0x1476422968c8 in ???
#0  0x1494c6254daf in ???
#1  0x1494c62a154c in ???
#2  0x1494c6254d05 in ???
#3  0x1494c62287f2 in ???
#4  0x1494c622912f in ???
#5  0x1494c62ab616 in ???
#6  0x1494c62ae5eb in ???
#7  0x1494c62af428 in ???
#8  0x1494c6c206fe in ???
#9  0x1494c6a7cc9c in ???
#10  0x1494c58b0cb9 in ???
#11  0x1494c58a60ee in ???
#12  0x1494c6a7b259 in ???
#13  0x1494c6a7deab in ???
#14  0x1494c6a7f424 in ???
#15  0x1494c6a777b0 in ???
#16  0x1494c7e298c8 in ???
#0  0x1477f9854daf in ???
#1  0x1477f98a154c in ???
#2  0x1477f9854d05 in ???
#3  0x1477f98287f2 in ???
#4  0x1477f982912f in ???
#5  0x1477f98ab616 in ???
#6  0x1477f98ae5eb in ???
#7  0x1477f98af428 in ???
#8  0x1477fa3076fe in ???
#9  0x1477fa163c9c in ???
#10  0x1477f9275cb9 in ???
#11  0x1477f926b0ee in ???
#12  0x1477fa162259 in ???
#13  0x1477fa164eab in ???
#14  0x1477fa166424 in ???
#15  0x1477fa15e7b0 in ???
#16  0x1477fb5108c8 in ???
#0  0x1529be854daf in ???
#1  0x1529be8a154c in ???
#2  0x1529be854d05 in ???
#3  0x1529be8287f2 in ???
#4  0x1529be82912f in ???
#5  0x1529be8ab616 in ???
#6  0x1529be8ae5eb in ???
#7  0x1529be8af428 in ???
#8  0x1529bf28f6fe in ???
#9  0x1529bf0ebc9c in ???
#10  0x1529bdeb0cb9 in ???
#11  0x1529bdea60ee in ???
#12  0x1529bf0ea259 in ???
#13  0x1529bf0eceab in ???
#14  0x1529bf0ee424 in ???
#15  0x1529bf0e67b0 in ???
#16  0x1529c04988c8 in ???
#0  0x14eb32e54daf in ???
#1  0x14eb32ea154c in ???
#2  0x14eb32e54d05 in ???
#3  0x14eb32e287f2 in ???
#4  0x14eb32e2912f in ???
#5  0x14eb32eab616 in ???
#6  0x14eb32eae5eb in ???
#7  0x14eb32eaf428 in ???
#8  0x14eb339546fe in ???
#9  0x14eb337b0c9c in ???
#10  0x14eb32875cb9 in ???
#11  0x14eb3286b0ee in ???
#12  0x14eb337af259 in ???
#13  0x14eb337b1eab in ???
#14  0x14eb337b3424 in ???
#15  0x14eb337ab7b0 in ???
#16  0x14eb34b5d8c8 in ???
#0  0x146736454daf in ???
#1  0x1467364a154c in ???
#2  0x146736454d05 in ???
#3  0x1467364287f2 in ???
#4  0x14673642912f in ???
#5  0x1467364ab616 in ???
#6  0x1467364ae5eb in ???
#7  0x1467364af428 in ???
#8  0x146736e6a6fe in ???
#9  0x146736cc6c9c in ???
#10  0x146735ab0cb9 in ???
#11  0x146735aa60ee in ???
#12  0x146736cc5259 in ???
#13  0x146736cc7eab in ???
#14  0x146736cc9424 in ???
#15  0x146736cc17b0 in ???
#16  0x1467380738c8 in ???
#0  0x14f4aa454daf in ???
#1  0x14f4aa4a154c in ???
#2  0x14f4aa454d05 in ???
#3  0x14f4aa4287f2 in ???
#4  0x14f4aa42912f in ???
#5  0x14f4aa4ab616 in ???
#6  0x14f4aa4ae5eb in ???
#7  0x14f4aa4af428 in ???
#8  0x14f4aad323ed in ???
#9  0x14f4aad3bc87 in ???
#0  0x14d2bb854daf in ???
#1  0x14d2bb8a154c in ???
#2  0x14d2bb854d05 in ???
#3  0x14d2bb8287f2 in ???
#4  0x14d2bb82912f in ???
#5  0x14d2bb8ab616 in ???
#6  0x14d2bb8ae5eb in ???
#10  0x14f4a9e75cb9 in ???
#11  0x14f4a9e6b0ee in ???
#12  0x14f4aad3a259 in ???
#13  0x14f4aad3ceab in ???
#14  0x14f4aad3e424 in ???
#7  0x14d2bb8af428 in ???
#8  0x14d2bc19a3ed in ???
#9  0x14d2bc1a3c87 in ???
#15  0x14f4aad367b0 in ???
#16  0x14f4ac0e88c8 in ???
#10  0x14d2bb275cb9 in ???
#11  0x14d2bb26b0ee in ???
#12  0x14d2bc1a2259 in ???
#13  0x14d2bc1a4eab in ???
#14  0x14d2bc1a6424 in ???
#15  0x14d2bc19e7b0 in ???
#16  0x14d2bd5508c8 in ???
#0  0x145796254daf in ???
#1  0x1457962a154c in ???
#2  0x145796254d05 in ???
#3  0x1457962287f2 in ???
#4  0x14579622912f in ???
#5  0x1457962ab616 in ???
#6  0x1457962ac16b in ???
#7  0x1457962ac30f in ???
#8  0x1457962ad32f in ???
#9  0x1457962af954 in ???
#10  0x145796c1b088 in ???
#11  0x145795c75cb9 in ???
#12  0x145795c6b0ee in ???
#0  0x148003c54daf in ???
#1  0x148003ca154c in ???
#13  0x145796c4a259 in ???
#14  0x145796c4ceab in ???
#15  0x145796c4e424 in ???
#16  0x145796c467b0 in ???
#17  0x145797ff88c8 in ???
#2  0x148003c54d05 in ???
#3  0x148003c287f2 in ???
#4  0x148003c2912f in ???
#5  0x148003cab616 in ???
#6  0x148003cae5eb in ???
#7  0x148003caf428 in ???
#8  0x14800462c6fe in ???
#9  0x148004488c9c in ???
#10  0x1480032b0cb9 in ???
#11  0x1480032a60ee in ???
#12  0x148004487259 in ???
#13  0x148004489eab in ???
#14  0x14800448b424 in ???
#15  0x1480044837b0 in ???
#16  0x1480058358c8 in ???
#17  0x153b9370d682 in __message_passing_MOD_mp_world_finalize
	at /pc2/users/e/eprop2d2/cp2k_dev/build/src/mpiwrap/message_passing.F:1358
#18  0x153b91a6a384 in __f77_interface_MOD_finalize_cp2k
	at /pc2/users/e/eprop2d2/cp2k_dev/build/src/f77_interface.F:364
#19  0x4029c2 in cp2k
	at /pc2/users/e/eprop2d2/cp2k_dev/build/src/start/cp2k.F:389
#20  0x40226e in main
	at /pc2/users/e/eprop2d2/cp2k_dev/build/src/start/cp2k.F:44
#17  0x14c3fe2fd682 in __message_passing_MOD_mp_world_finalize
	at /pc2/users/e/eprop2d2/cp2k_dev/build/src/mpiwrap/message_passing.F:1358
#17  0x14cdb6652682 in __message_passing_MOD_mp_world_finalize
	at /pc2/users/e/eprop2d2/cp2k_dev/build/src/mpiwrap/message_passing.F:1358
#0  0x147edfe54daf in ???
#1  0x147edfea154c in ???
#2  0x147edfe54d05 in ???
#3  0x147edfe287f2 in ???
#4  0x147edfe2912f in ???
#5  0x147edfeab616 in ???
#6  0x147edfeac16b in ???
#7  0x147edfead1ca in ???
#8  0x147edfeaf954 in ???
#9  0x147ee074a250 in ???
#10  0x147ee070f2c8 in ???
#11  0x147ee067d8f9 in ???
#12  0x147ee067e028 in ???
#13  0x147edf4b0cb9 in ???
#14  0x147edf4a60ee in ???
#15  0x147ee06ad259 in ???
#16  0x147ee06afeab in ???
#17  0x147ee06b1424 in ???
#18  0x147ee06a97b0 in ???
#19  0x147ee1a5b8c8 in ???
#0  0x14d856e54daf in ???
#1  0x14d856ea154c in ???
#2  0x14d856e54d05 in ???
#3  0x14d856e287f2 in ???
#4  0x14d856e2912f in ???
#5  0x14d856eab616 in ???
#6  0x14d856eae5eb in ???
#7  0x14d856eaf428 in ???
#8  0x14d85775e3ed in ???
#0  0x153477a54daf in ???
#9  0x14d857767c87 in ???
#10  0x14d856875cb9 in ???
#11  0x14d85686b0ee in ???
#12  0x14d857766259 in ???
#13  0x14d857768eab in ???
#14  0x14d85776a424 in ???
#15  0x14d8577627b0 in ???
#1  0x153477aa154c in ???
#2  0x153477a54d05 in ???
#3  0x153477a287f2 in ???
#4  0x153477a2912f in ???
#5  0x153477aab616 in ???
#6  0x153477aae5eb in ???
#7  0x153477aaf428 in ???
#8  0x1534784316fe in ???
#16  0x14d858b148c8 in ???
#9  0x15347828dc9c in ???
#10  0x1534770b0cb9 in ???
#11  0x1534770a60ee in ???
#12  0x15347828c259 in ???
#13  0x15347828eeab in ???
#14  0x153478290424 in ???
#15  0x1534782887b0 in ???
#16  0x15347963a8c8 in ???
#18  0x14c3fc65a384 in __f77_interface_MOD_finalize_cp2k
	at /pc2/users/e/eprop2d2/cp2k_dev/build/src/f77_interface.F:364
#19  0x4029c2 in cp2k
	at /pc2/users/e/eprop2d2/cp2k_dev/build/src/start/cp2k.F:389
#20  0x40226e in main
	at /pc2/users/e/eprop2d2/cp2k_dev/build/src/start/cp2k.F:44
#18  0x14cdb49af384 in __f77_interface_MOD_finalize_cp2k
	at /pc2/users/e/eprop2d2/cp2k_dev/build/src/f77_interface.F:364
#19  0x4029c2 in cp2k
	at /pc2/users/e/eprop2d2/cp2k_dev/build/src/start/cp2k.F:389
#20  0x40226e in main
	at /pc2/users/e/eprop2d2/cp2k_dev/build/src/start/cp2k.F:44
#20  0x1476455f4682 in __message_passing_MOD_mp_world_finalize
	at /pc2/users/e/eprop2d2/cp2k_dev/build/src/mpiwrap/message_passing.F:1358
#17  0x1494cb187682 in __message_passing_MOD_mp_world_finalize
	at /pc2/users/e/eprop2d2/cp2k_dev/build/src/mpiwrap/message_passing.F:1358
#17  0x1477fe86e682 in __message_passing_MOD_mp_world_finalize
	at /pc2/users/e/eprop2d2/cp2k_dev/build/src/mpiwrap/message_passing.F:1358
#17  0x1529c37f6682 in __message_passing_MOD_mp_world_finalize
	at /pc2/users/e/eprop2d2/cp2k_dev/build/src/mpiwrap/message_passing.F:1358
#0  0x1507ef054daf in ???
#1  0x1507ef0a154c in ???
#2  0x1507ef054d05 in ???
#3  0x1507ef0287f2 in ???
#4  0x1507ef02912f in ???
#5  0x1507ef0ab616 in ???
#6  0x1507ef0ac16b in ???
#7  0x1507ef0ad1ca in ???
#8  0x1507ef0af954 in ???
#9  0x1507efa68250 in ???
#10  0x1507efa2d2c8 in ???
#11  0x1507ef99b8f9 in ???
#12  0x1507ef99c028 in ???
#13  0x1507eea75cb9 in ???
#14  0x1507eea6b0ee in ???
#0  0x14b52ca54daf in ???
#15  0x1507ef9cb259 in ???
#16  0x1507ef9cdeab in ???
#17  0x1507ef9cf424 in ???
#18  0x1507ef9c77b0 in ???
#1  0x14b52caa154c in ???
#2  0x14b52ca54d05 in ???
#3  0x14b52ca287f2 in ???
#4  0x14b52ca2912f in ???
#5  0x14b52caab616 in ???
#17  0x14eb37ebb682 in __message_passing_MOD_mp_world_finalize
	at /pc2/users/e/eprop2d2/cp2k_dev/build/src/mpiwrap/message_passing.F:1358
#19  0x1507f0d798c8 in ???
#17  0x14673b3d1682 in __message_passing_MOD_mp_world_finalize
	at /pc2/users/e/eprop2d2/cp2k_dev/build/src/mpiwrap/message_passing.F:1358
#6  0x14b52caae5eb in ???
#7  0x14b52caaf428 in ???
#8  0x14b52d5756fe in ???
#9  0x14b52d3d1c9c in ???
#10  0x14b52c475cb9 in ???
#11  0x14b52c46b0ee in ???
#12  0x14b52d3d0259 in ???
#13  0x14b52d3d2eab in ???
#14  0x14b52d3d4424 in ???
#15  0x14b52d3cc7b0 in ???
#16  0x14b52e77e8c8 in ???
#0  0x152454e54daf in ???
#1  0x152454ea154c in ???
#2  0x152454e54d05 in ???
#3  0x152454e287f2 in ???
#4  0x152454e2912f in ???
#5  0x152454eab616 in ???
#6  0x152454eac16b in ???
#7  0x152454eacd48 in ???
#8  0x152454eaf954 in ???
#9  0x1524557ae038 in ???
#10  0x152454875cb9 in ???
#11  0x15245486b0ee in ???
#12  0x1524557dd259 in ???
#13  0x1524557dfeab in ???
#14  0x1524557e1424 in ???
#15  0x1524557d97b0 in ???
#16  0x152456b8b8c8 in ???
#21  0x147643951384 in __f77_interface_MOD_finalize_cp2k
	at /pc2/users/e/eprop2d2/cp2k_dev/build/src/f77_interface.F:364
#22  0x4029c2 in cp2k
	at /pc2/users/e/eprop2d2/cp2k_dev/build/src/start/cp2k.F:389
#23  0x40226e in main
	at /pc2/users/e/eprop2d2/cp2k_dev/build/src/start/cp2k.F:44
#18  0x1494c94e4384 in __f77_interface_MOD_finalize_cp2k
	at /pc2/users/e/eprop2d2/cp2k_dev/build/src/f77_interface.F:364
#18  0x1477fcbcb384 in __f77_interface_MOD_finalize_cp2k
	at /pc2/users/e/eprop2d2/cp2k_dev/build/src/f77_interface.F:364
#19  0x4029c2 in cp2k
	at /pc2/users/e/eprop2d2/cp2k_dev/build/src/start/cp2k.F:389
#20  0x40226e in main
	at /pc2/users/e/eprop2d2/cp2k_dev/build/src/start/cp2k.F:44
#18  0x1529c1b53384 in __f77_interface_MOD_finalize_cp2k
	at /pc2/users/e/eprop2d2/cp2k_dev/build/src/f77_interface.F:364
#19  0x4029c2 in cp2k
	at /pc2/users/e/eprop2d2/cp2k_dev/build/src/start/cp2k.F:389
#20  0x40226e in main
	at /pc2/users/e/eprop2d2/cp2k_dev/build/src/start/cp2k.F:44
#18  0x14eb36218384 in __f77_interface_MOD_finalize_cp2k
	at /pc2/users/e/eprop2d2/cp2k_dev/build/src/f77_interface.F:364
#19  0x4029c2 in cp2k
	at /pc2/users/e/eprop2d2/cp2k_dev/build/src/start/cp2k.F:389
#20  0x40226e in main
	at /pc2/users/e/eprop2d2/cp2k_dev/build/src/start/cp2k.F:44
#19  0x4029c2 in cp2k
	at /pc2/users/e/eprop2d2/cp2k_dev/build/src/start/cp2k.F:389
#20  0x40226e in main
	at /pc2/users/e/eprop2d2/cp2k_dev/build/src/start/cp2k.F:44
#18  0x14673972e384 in __f77_interface_MOD_finalize_cp2k
	at /pc2/users/e/eprop2d2/cp2k_dev/build/src/f77_interface.F:364
#19  0x4029c2 in cp2k
	at /pc2/users/e/eprop2d2/cp2k_dev/build/src/start/cp2k.F:389
#20  0x40226e in main
	at /pc2/users/e/eprop2d2/cp2k_dev/build/src/start/cp2k.F:44
#17  0x14f4af446682 in __message_passing_MOD_mp_world_finalize
	at /pc2/users/e/eprop2d2/cp2k_dev/build/src/mpiwrap/message_passing.F:1358
#17  0x14d2c08ae682 in __message_passing_MOD_mp_world_finalize
	at /pc2/users/e/eprop2d2/cp2k_dev/build/src/mpiwrap/message_passing.F:1358
#17  0x148008b93682 in __message_passing_MOD_mp_world_finalize
	at /pc2/users/e/eprop2d2/cp2k_dev/build/src/mpiwrap/message_passing.F:1358
#0  0x145916e54daf in ???
#1  0x145916ea154c in ???
#2  0x145916e54d05 in ???
#3  0x145916e287f2 in ???
#4  0x145916e2912f in ???
#5  0x145916eab616 in ???
#6  0x145916eae5eb in ???
#7  0x145916eaf428 in ???
#8  0x1459179d66fe in ???
#9  0x145917832c9c in ???
#10  0x145916875cb9 in ???
#11  0x14591686b0ee in ???
#12  0x145917831259 in ???
#13  0x145917833eab in ???
#14  0x145917835424 in ???
#15  0x14591782d7b0 in ???
#16  0x145918bdf8c8 in ???
#18  0x14579b356682 in __message_passing_MOD_mp_world_finalize
	at /pc2/users/e/eprop2d2/cp2k_dev/build/src/mpiwrap/message_passing.F:1358
#0  0x14d432254daf in ???
#1  0x14d4322a154c in ???
#2  0x14d432254d05 in ???
#3  0x14d4322287f2 in ???
#4  0x14d43222912f in ???
#5  0x14d4322ab616 in ???
#6  0x14d4322ac16b in ???
#7  0x14d4322ad1ca in ???
#8  0x14d4322af954 in ???
#18  0x14f4ad7a3384 in __f77_interface_MOD_finalize_cp2k
	at /pc2/users/e/eprop2d2/cp2k_dev/build/src/f77_interface.F:364
#18  0x14d2bec0b384 in __f77_interface_MOD_finalize_cp2k
	at /pc2/users/e/eprop2d2/cp2k_dev/build/src/f77_interface.F:364
#18  0x148006ef0384 in __f77_interface_MOD_finalize_cp2k
	at /pc2/users/e/eprop2d2/cp2k_dev/build/src/f77_interface.F:364
#19  0x4029c2 in cp2k
	at /pc2/users/e/eprop2d2/cp2k_dev/build/src/start/cp2k.F:389
#20  0x40226e in main
	at /pc2/users/e/eprop2d2/cp2k_dev/build/src/start/cp2k.F:44
#19  0x4029c2 in cp2k
	at /pc2/users/e/eprop2d2/cp2k_dev/build/src/start/cp2k.F:389
#20  0x40226e in main
	at /pc2/users/e/eprop2d2/cp2k_dev/build/src/start/cp2k.F:44
#19  0x4029c2 in cp2k
	at /pc2/users/e/eprop2d2/cp2k_dev/build/src/start/cp2k.F:389
#20  0x40226e in main
	at /pc2/users/e/eprop2d2/cp2k_dev/build/src/start/cp2k.F:44
#19  0x1457996b3384 in __f77_interface_MOD_finalize_cp2k
	at /pc2/users/e/eprop2d2/cp2k_dev/build/src/f77_interface.F:364
#20  0x4029c2 in cp2k
	at /pc2/users/e/eprop2d2/cp2k_dev/build/src/start/cp2k.F:389
#21  0x40226e in main
	at /pc2/users/e/eprop2d2/cp2k_dev/build/src/start/cp2k.F:44
#0  0x150cf1a54daf in ???
#1  0x150cf1aa154c in ???
#2  0x150cf1a54d05 in ???
#3  0x150cf1a287f2 in ???
#4  0x150cf1a2912f in ???
#5  0x150cf1aab616 in ???
#6  0x150cf1aae5eb in ???
#7  0x150cf1aaf428 in ???
#8  0x150cf24656fe in ???
#9  0x150cf22c1c9c in ???
#10  0x150cf10b0cb9 in ???
#11  0x150cf10a60ee in ???
#12  0x150cf22c0259 in ???
#13  0x150cf22c2eab in ???
#14  0x150cf22c4424 in ???
#15  0x150cf22bc7b0 in ???
#16  0x150cf366e8c8 in ???
#0  0x152d76e54daf in ???
#1  0x152d76ea154c in ???
#2  0x152d76e54d05 in ???
#3  0x152d76e287f2 in ???
#4  0x152d76e2912f in ???
#5  0x152d76eab616 in ???
#6  0x152d76eae5eb in ???
#7  0x152d76eaf428 in ???
#8  0x152d776b53ed in ???
#9  0x152d776bec87 in ???
#10  0x152d764b0cb9 in ???
#11  0x152d764a60ee in ???
#12  0x152d776bd259 in ???
#13  0x152d776bfeab in ???
#14  0x152d776c1424 in ???
#15  0x152d776b97b0 in ???
#16  0x152d78a6b8c8 in ???
#0  0x14ae03654daf in ???
#1  0x14ae036a154c in ???
#2  0x14ae03654d05 in ???
#3  0x14ae036287f2 in ???
#4  0x14ae0362912f in ???
#5  0x14ae036ab616 in ???
#6  0x14ae036ac16b in ???
#7  0x14ae036acd48 in ???
#8  0x14ae036af954 in ???
#9  0x14d432c9873f in ???
#10  0x14d432cd13f8 in ???
#11  0x14d432c962c8 in ???
#12  0x14d432c048f9 in ???
#13  0x14d432c05028 in ???
#14  0x14d431c75cb9 in ???
#15  0x14d431c6b0ee in ???
#16  0x14d432c34259 in ???
#17  0x14d432c36eab in ???
#18  0x14d432c38424 in ???
#19  0x14d432c307b0 in ???
#20  0x14d433fe28c8 in ???
#9  0x14ae0400d480 in ???
#10  0x14ae03fd22c8 in ???
#11  0x14ae03f408f9 in ???
#20  0x147ee4db9682 in __message_passing_MOD_mp_world_finalize
	at /pc2/users/e/eprop2d2/cp2k_dev/build/src/mpiwrap/message_passing.F:1358
#12  0x14ae03f41028 in ???
#13  0x14ae03075cb9 in ???
#14  0x14ae0306b0ee in ???
#15  0x14ae03f70259 in ???
#16  0x14ae03f72eab in ???
#17  0x14ae03f74424 in ???
#18  0x14ae03f6c7b0 in ???
#19  0x14ae0531e8c8 in ???
#17  0x15347c998682 in __message_passing_MOD_mp_world_finalize
	at /pc2/users/e/eprop2d2/cp2k_dev/build/src/mpiwrap/message_passing.F:1358
#17  0x14d85be72682 in __message_passing_MOD_mp_world_finalize
	at /pc2/users/e/eprop2d2/cp2k_dev/build/src/mpiwrap/message_passing.F:1358
#21  0x147ee3116384 in __f77_interface_MOD_finalize_cp2k
	at /pc2/users/e/eprop2d2/cp2k_dev/build/src/f77_interface.F:364
#18  0x15347acf5384 in __f77_interface_MOD_finalize_cp2k
	at /pc2/users/e/eprop2d2/cp2k_dev/build/src/f77_interface.F:364
#18  0x14d85a1cf384 in __f77_interface_MOD_finalize_cp2k
	at /pc2/users/e/eprop2d2/cp2k_dev/build/src/f77_interface.F:364
#22  0x4029c2 in cp2k
	at /pc2/users/e/eprop2d2/cp2k_dev/build/src/start/cp2k.F:389
#23  0x40226e in main
	at /pc2/users/e/eprop2d2/cp2k_dev/build/src/start/cp2k.F:44
#0  0x147d91e54daf in ???
#1  0x147d91ea154c in ???
#2  0x147d91e54d05 in ???
#3  0x147d91e287f2 in ???
#4  0x147d91e2912f in ???
#5  0x147d91eab616 in ???
#6  0x147d91eae5eb in ???
#7  0x147d91eaf428 in ???
#8  0x147d9297d6fe in ???
#9  0x147d927d9c9c in ???
#10  0x147d91875cb9 in ???
#11  0x147d9186b0ee in ???
#12  0x147d927d8259 in ???
#13  0x147d927daeab in ???
#14  0x147d927dc424 in ???
#15  0x147d927d47b0 in ???
#19  0x4029c2 in cp2k
	at /pc2/users/e/eprop2d2/cp2k_dev/build/src/start/cp2k.F:389
#20  0x40226e in main
	at /pc2/users/e/eprop2d2/cp2k_dev/build/src/start/cp2k.F:44
#19  0x4029c2 in cp2k
	at /pc2/users/e/eprop2d2/cp2k_dev/build/src/start/cp2k.F:389
#20  0x40226e in main
	at /pc2/users/e/eprop2d2/cp2k_dev/build/src/start/cp2k.F:44
#16  0x147d93b868c8 in ???
#0  0x155004654daf in ???
#1  0x1550046a154c in ???
#2  0x155004654d05 in ???
#3  0x1550046287f2 in ???
#4  0x15500462912f in ???
#5  0x1550046ab616 in ???
#6  0x1550046ae5eb in ???
#7  0x1550046af428 in ???
#8  0x1550037bbc39 in ???
#9  0x155004156efd in ???
#10  0x1550051aa790 in ???
#0  0x149ba1c54daf in ???
#1  0x149ba1ca154c in ???
#2  0x149ba1c54d05 in ???
#3  0x149ba1c287f2 in ???
#4  0x149ba1c2912f in ???
#5  0x149ba1cab616 in ???
#6  0x149ba1cac16b in ???
#11  0x155005006c9c in ???
#12  0x155004075cb9 in ???
#13  0x15500406b0ee in ???
#14  0x155005005259 in ???
#15  0x155005007eab in ???
#16  0x155005009424 in ???
#17  0x1550050017b0 in ???
#18  0x1550063b38c8 in ???
#7  0x149ba1cad1ca in ???
#8  0x149ba1caf954 in ???
#9  0x149ba2594038 in ???
#10  0x149ba1675cb9 in ???
#11  0x149ba166b0ee in ???
#12  0x149ba25c3259 in ???
#13  0x149ba25c5eab in ???
#14  0x149ba25c7424 in ???
#15  0x149ba25bf7b0 in ???
#16  0x149ba39718c8 in ???
#0  0x14e852254daf in ???
#1  0x14e8522a154c in ???
#2  0x14e852254d05 in ???
#3  0x14e8522287f2 in ???
#4  0x14e85222912f in ???
#5  0x14e8522ab616 in ???
#6  0x14e8522ac16b in ???
#7  0x14e8522acd48 in ???
#8  0x14e8522af954 in ???
#9  0x14e852a77038 in ???
#10  0x14e8518b0cb9 in ???
#11  0x14e8518a60ee in ???
#12  0x14e852aa6259 in ???
#13  0x14e852aa8eab in ???
#14  0x14e852aaa424 in ???
#15  0x14e852aa27b0 in ???
#16  0x14e853e548c8 in ???
#0  0x151107654daf in ???
#1  0x1511076a154c in ???
#2  0x151107654d05 in ???
#3  0x1511076287f2 in ???
#4  0x15110762912f in ???
#5  0x1511076ab616 in ???
#6  0x1511076ae5eb in ???
#7  0x1511076af428 in ???
#8  0x151107f9a3ed in ???
#9  0x151107fa3c87 in ???
#10  0x151107075cb9 in ???
#11  0x15110706b0ee in ???
#12  0x151107fa2259 in ???
#13  0x151107fa4eab in ???
#14  0x151107fa6424 in ???
#15  0x151107f9e7b0 in ???
#16  0x1511093508c8 in ???
#17  0x14b531adc682 in __message_passing_MOD_mp_world_finalize
	at /pc2/users/e/eprop2d2/cp2k_dev/build/src/mpiwrap/message_passing.F:1358
#20  0x1507f40d7682 in __message_passing_MOD_mp_world_finalize
	at /pc2/users/e/eprop2d2/cp2k_dev/build/src/mpiwrap/message_passing.F:1358
#17  0x152459ee9682 in __message_passing_MOD_mp_world_finalize
	at /pc2/users/e/eprop2d2/cp2k_dev/build/src/mpiwrap/message_passing.F:1358
#18  0x14b52fe39384 in __f77_interface_MOD_finalize_cp2k
	at /pc2/users/e/eprop2d2/cp2k_dev/build/src/f77_interface.F:364
#21  0x1507f2434384 in __f77_interface_MOD_finalize_cp2k
	at /pc2/users/e/eprop2d2/cp2k_dev/build/src/f77_interface.F:364
#18  0x152458246384 in __f77_interface_MOD_finalize_cp2k
	at /pc2/users/e/eprop2d2/cp2k_dev/build/src/f77_interface.F:364
#19  0x4029c2 in cp2k
	at /pc2/users/e/eprop2d2/cp2k_dev/build/src/start/cp2k.F:389
#20  0x40226e in main
	at /pc2/users/e/eprop2d2/cp2k_dev/build/src/start/cp2k.F:44
#22  0x4029c2 in cp2k
	at /pc2/users/e/eprop2d2/cp2k_dev/build/src/start/cp2k.F:389
#23  0x40226e in main
	at /pc2/users/e/eprop2d2/cp2k_dev/build/src/start/cp2k.F:44
#19  0x4029c2 in cp2k
	at /pc2/users/e/eprop2d2/cp2k_dev/build/src/start/cp2k.F:389
#20  0x40226e in main
	at /pc2/users/e/eprop2d2/cp2k_dev/build/src/start/cp2k.F:44
#17  0x14591bf3d682 in __message_passing_MOD_mp_world_finalize
	at /pc2/users/e/eprop2d2/cp2k_dev/build/src/mpiwrap/message_passing.F:1358
#18  0x14591a29a384 in __f77_interface_MOD_finalize_cp2k
	at /pc2/users/e/eprop2d2/cp2k_dev/build/src/f77_interface.F:364
#19  0x4029c2 in cp2k
	at /pc2/users/e/eprop2d2/cp2k_dev/build/src/start/cp2k.F:389
#20  0x40226e in main
	at /pc2/users/e/eprop2d2/cp2k_dev/build/src/start/cp2k.F:44
#0  0x147292c54daf in ???
#1  0x147292ca154c in ???
#2  0x147292c54d05 in ???
#3  0x147292c287f2 in ???
#4  0x147292c2912f in ???
#5  0x147292cab616 in ???
#6  0x147292cae5eb in ???
#7  0x147292caf428 in ???
#8  0x14729361b6fe in ???
#9  0x147293477c9c in ???
#10  0x1472922b0cb9 in ???
#11  0x1472922a60ee in ???
#12  0x147293476259 in ???
#13  0x147293478eab in ???
#14  0x14729347a424 in ???
#15  0x1472934727b0 in ???
#16  0x1472948248c8 in ???
#0  0x150a19654daf in ???
#1  0x150a196a154c in ???
#2  0x150a19654d05 in ???
#3  0x150a196287f2 in ???
#4  0x150a1962912f in ???
#5  0x150a196ab616 in ???
#0  0x145f9cc54daf in ???
#1  0x145f9cca154c in ???
#2  0x145f9cc54d05 in ???
#3  0x145f9cc287f2 in ???
#4  0x145f9cc2912f in ???
#5  0x145f9ccab616 in ???
#6  0x145f9ccae5eb in ???
#6  0x150a196ae5eb in ???
#7  0x150a196af428 in ???
#7  0x145f9ccaf428 in ???
#8  0x150a1a1e36fe in ???
#9  0x150a1a03fc9c in ???
#8  0x145f9d4703ed in ???
#9  0x145f9d479c87 in ???
#10  0x145f9c2b0cb9 in ???
#11  0x145f9c2a60ee in ???
#17  0x150cf69cc682 in __message_passing_MOD_mp_world_finalize
	at /pc2/users/e/eprop2d2/cp2k_dev/build/src/mpiwrap/message_passing.F:1358
#12  0x145f9d478259 in ???
#13  0x145f9d47aeab in ???
#14  0x145f9d47c424 in ???
#15  0x145f9d4747b0 in ???
#10  0x150a19075cb9 in ???
#11  0x150a1906b0ee in ???
#12  0x150a1a03e259 in ???
#13  0x150a1a040eab in ???
#14  0x150a1a042424 in ???
#15  0x150a1a03a7b0 in ???
#16  0x145f9e8268c8 in ???
#16  0x150a1b3ec8c8 in ???
#0  0x14868e654daf in ???
#1  0x14868e6a154c in ???
#2  0x14868e654d05 in ???
#3  0x14868e6287f2 in ???
#4  0x14868e62912f in ???
#5  0x14868e6ab616 in ???
#6  0x14868e6ae5eb in ???
#7  0x14868e6af428 in ???
#8  0x14868ef1e3ed in ???
#9  0x14868ef27c87 in ???
#0  0x14db6a854daf in ???
#1  0x14db6a8a154c in ???
#2  0x14db6a854d05 in ???
#3  0x14db6a8287f2 in ???
#4  0x14db6a82912f in ???
#10  0x14868e075cb9 in ???
#11  0x14868e06b0ee in ???
#12  0x14868ef26259 in ???
#13  0x14868ef28eab in ???
#14  0x14868ef2a424 in ???
#5  0x14db6a8ab616 in ???
#6  0x14db6a8ae5eb in ???
#7  0x14db6a8af428 in ???
#15  0x14868ef227b0 in ???
#16  0x1486902d48c8 in ???
#8  0x14db6b3516fe in ???
#9  0x14db6b1adc9c in ???
#10  0x14db6a275cb9 in ???
#11  0x14db6a26b0ee in ???
#12  0x14db6b1ac259 in ???
#13  0x14db6b1aeeab in ???
#14  0x14db6b1b0424 in ???
#15  0x14db6b1a87b0 in ???
#16  0x14db6c55a8c8 in ???
#17  0x152d7bdc9682 in __message_passing_MOD_mp_world_finalize
	at /pc2/users/e/eprop2d2/cp2k_dev/build/src/mpiwrap/message_passing.F:1358
#21  0x14d437340682 in __message_passing_MOD_mp_world_finalize
	at /pc2/users/e/eprop2d2/cp2k_dev/build/src/mpiwrap/message_passing.F:1358
#18  0x150cf4d29384 in __f77_interface_MOD_finalize_cp2k
	at /pc2/users/e/eprop2d2/cp2k_dev/build/src/f77_interface.F:364
#0  0x152393e54daf in ???
#1  0x152393ea154c in ???
#2  0x152393e54d05 in ???
#3  0x152393e287f2 in ???
#4  0x152393e2912f in ???
#5  0x152393eab616 in ???
#6  0x152393eae5eb in ???
#7  0x152393eaf428 in ???
#8  0x1523948f56fe in ???
#9  0x152394751c9c in ???
#19  0x4029c2 in cp2k
	at /pc2/users/e/eprop2d2/cp2k_dev/build/src/start/cp2k.F:389
#20  0x40226e in main
	at /pc2/users/e/eprop2d2/cp2k_dev/build/src/start/cp2k.F:44
#10  0x152393875cb9 in ???
#11  0x15239386b0ee in ???
#12  0x152394750259 in ???
#13  0x152394752eab in ???
#14  0x152394754424 in ???
#15  0x15239474c7b0 in ???
#16  0x152395afe8c8 in ???
#0  0x1517c9454daf in ???
#1  0x1517c94a154c in ???
#2  0x1517c9454d05 in ???
#3  0x1517c94287f2 in ???
#4  0x1517c942912f in ???
#5  0x1517c94ab616 in ???
#6  0x1517c94ae5eb in ???
#7  0x1517c94af428 in ???
#8  0x1517c9c7f3ed in ???
#9  0x1517c9c88c87 in ???
#10  0x1517c8ab0cb9 in ???
#11  0x1517c8aa60ee in ???
#12  0x1517c9c87259 in ???
#13  0x1517c9c89eab in ???
#14  0x1517c9c8b424 in ???
#15  0x1517c9c837b0 in ???
#16  0x1517cb0358c8 in ???
#20  0x14ae0867c682 in __message_passing_MOD_mp_world_finalize
	at /pc2/users/e/eprop2d2/cp2k_dev/build/src/mpiwrap/message_passing.F:1358
#18  0x152d7a126384 in __f77_interface_MOD_finalize_cp2k
	at /pc2/users/e/eprop2d2/cp2k_dev/build/src/f77_interface.F:364
#19  0x4029c2 in cp2k
	at /pc2/users/e/eprop2d2/cp2k_dev/build/src/start/cp2k.F:389
#20  0x40226e in main
	at /pc2/users/e/eprop2d2/cp2k_dev/build/src/start/cp2k.F:44
#22  0x14d43569d384 in __f77_interface_MOD_finalize_cp2k
	at /pc2/users/e/eprop2d2/cp2k_dev/build/src/f77_interface.F:364
#23  0x4029c2 in cp2k
	at /pc2/users/e/eprop2d2/cp2k_dev/build/src/start/cp2k.F:389
#24  0x40226e in main
	at /pc2/users/e/eprop2d2/cp2k_dev/build/src/start/cp2k.F:44
#21  0x14ae069d9384 in __f77_interface_MOD_finalize_cp2k
	at /pc2/users/e/eprop2d2/cp2k_dev/build/src/f77_interface.F:364
#22  0x4029c2 in cp2k
	at /pc2/users/e/eprop2d2/cp2k_dev/build/src/start/cp2k.F:389
#23  0x40226e in main
	at /pc2/users/e/eprop2d2/cp2k_dev/build/src/start/cp2k.F:44
#17  0x147d96ee4682 in __message_passing_MOD_mp_world_finalize
	at /pc2/users/e/eprop2d2/cp2k_dev/build/src/mpiwrap/message_passing.F:1358
#17  0x149ba6ccf682 in __message_passing_MOD_mp_world_finalize
	at /pc2/users/e/eprop2d2/cp2k_dev/build/src/mpiwrap/message_passing.F:1358
#19  0x155009711682 in __message_passing_MOD_mp_world_finalize
	at /pc2/users/e/eprop2d2/cp2k_dev/build/src/mpiwrap/message_passing.F:1358
#17  0x14e8571b2682 in __message_passing_MOD_mp_world_finalize
	at /pc2/users/e/eprop2d2/cp2k_dev/build/src/mpiwrap/message_passing.F:1358
#17  0x15110c6ae682 in __message_passing_MOD_mp_world_finalize
	at /pc2/users/e/eprop2d2/cp2k_dev/build/src/mpiwrap/message_passing.F:1358
#18  0x147d95241384 in __f77_interface_MOD_finalize_cp2k
	at /pc2/users/e/eprop2d2/cp2k_dev/build/src/f77_interface.F:364
#20  0x155007a6e384 in __f77_interface_MOD_finalize_cp2k
	at /pc2/users/e/eprop2d2/cp2k_dev/build/src/f77_interface.F:364
#18  0x149ba502c384 in __f77_interface_MOD_finalize_cp2k
	at /pc2/users/e/eprop2d2/cp2k_dev/build/src/f77_interface.F:364
#19  0x4029c2 in cp2k
	at /pc2/users/e/eprop2d2/cp2k_dev/build/src/start/cp2k.F:389
#20  0x40226e in main
	at /pc2/users/e/eprop2d2/cp2k_dev/build/src/start/cp2k.F:44
#21  0x4029c2 in cp2k
	at /pc2/users/e/eprop2d2/cp2k_dev/build/src/start/cp2k.F:389
#22  0x40226e in main
	at /pc2/users/e/eprop2d2/cp2k_dev/build/src/start/cp2k.F:44
#19  0x4029c2 in cp2k
	at /pc2/users/e/eprop2d2/cp2k_dev/build/src/start/cp2k.F:389
#20  0x40226e in main
	at /pc2/users/e/eprop2d2/cp2k_dev/build/src/start/cp2k.F:44
#18  0x14e85550f384 in __f77_interface_MOD_finalize_cp2k
	at /pc2/users/e/eprop2d2/cp2k_dev/build/src/f77_interface.F:364
#18  0x15110aa0b384 in __f77_interface_MOD_finalize_cp2k
	at /pc2/users/e/eprop2d2/cp2k_dev/build/src/f77_interface.F:364
#19  0x4029c2 in cp2k
	at /pc2/users/e/eprop2d2/cp2k_dev/build/src/start/cp2k.F:389
#20  0x40226e in main
	at /pc2/users/e/eprop2d2/cp2k_dev/build/src/start/cp2k.F:44
#19  0x4029c2 in cp2k
	at /pc2/users/e/eprop2d2/cp2k_dev/build/src/start/cp2k.F:389
#20  0x40226e in main
	at /pc2/users/e/eprop2d2/cp2k_dev/build/src/start/cp2k.F:44
#0  0x149fdc654daf in ???
#1  0x149fdc6a154c in ???
#2  0x149fdc654d05 in ???
#3  0x149fdc6287f2 in ???
#4  0x149fdc62912f in ???
#5  0x149fdc6ab616 in ???
#6  0x149fdc6ae5eb in ???
#7  0x149fdc6af428 in ???
#8  0x149fdcfe13ed in ???
#9  0x149fdcfeac87 in ???
#10  0x149fdc075cb9 in ???
#11  0x149fdc06b0ee in ???
#12  0x149fdcfe9259 in ???
#13  0x149fdcfebeab in ???
#14  0x149fdcfed424 in ???
#15  0x149fdcfe57b0 in ???
#16  0x149fde3978c8 in ???
#0  0x154615e54daf in ???
#1  0x154615ea154c in ???
#2  0x154615e54d05 in ???
#3  0x154615e287f2 in ???
#4  0x154615e2912f in ???
#5  0x154615eab616 in ???
#6  0x154615eae5eb in ???
#7  0x154615eaf428 in ???
#8  0x1546168173ed in ???
#9  0x154616820c87 in ???
#10  0x154615875cb9 in ???
#11  0x15461586b0ee in ???
#12  0x15461681f259 in ???
#13  0x154616821eab in ???
#14  0x154616823424 in ???
#15  0x15461681b7b0 in ???
#0  0x14748b854daf in ???
#1  0x14748b8a154c in ???
#2  0x14748b854d05 in ???
#16  0x154617bcd8c8 in ???
#3  0x14748b8287f2 in ???
#4  0x14748b82912f in ???
#5  0x14748b8ab616 in ???
#6  0x14748b8ae5eb in ???
#7  0x14748b8af428 in ???
#8  0x14748c2276fe in ???
#9  0x14748c083c9c in ???
#10  0x14748aeb0cb9 in ???
#11  0x14748aea60ee in ???
#12  0x14748c082259 in ???
#13  0x14748c084eab in ???
#14  0x14748c086424 in ???
#15  0x14748c07e7b0 in ???
#16  0x14748d4308c8 in ???
#17  0x147297b82682 in __message_passing_MOD_mp_world_finalize
	at /pc2/users/e/eprop2d2/cp2k_dev/build/src/mpiwrap/message_passing.F:1358
#17  0x145fa1b84682 in __message_passing_MOD_mp_world_finalize
	at /pc2/users/e/eprop2d2/cp2k_dev/build/src/mpiwrap/message_passing.F:1358
#17  0x150a1e74a682 in __message_passing_MOD_mp_world_finalize
	at /pc2/users/e/eprop2d2/cp2k_dev/build/src/mpiwrap/message_passing.F:1358
#17  0x148693632682 in __message_passing_MOD_mp_world_finalize
	at /pc2/users/e/eprop2d2/cp2k_dev/build/src/mpiwrap/message_passing.F:1358
#17  0x14db6f8b8682 in __message_passing_MOD_mp_world_finalize
	at /pc2/users/e/eprop2d2/cp2k_dev/build/src/mpiwrap/message_passing.F:1358
#18  0x145f9fee1384 in __f77_interface_MOD_finalize_cp2k
	at /pc2/users/e/eprop2d2/cp2k_dev/build/src/f77_interface.F:364
#18  0x147295edf384 in __f77_interface_MOD_finalize_cp2k
	at /pc2/users/e/eprop2d2/cp2k_dev/build/src/f77_interface.F:364
#18  0x150a1caa7384 in __f77_interface_MOD_finalize_cp2k
	at /pc2/users/e/eprop2d2/cp2k_dev/build/src/f77_interface.F:364
#18  0x14869198f384 in __f77_interface_MOD_finalize_cp2k
	at /pc2/users/e/eprop2d2/cp2k_dev/build/src/f77_interface.F:364
#18  0x14db6dc15384 in __f77_interface_MOD_finalize_cp2k
	at /pc2/users/e/eprop2d2/cp2k_dev/build/src/f77_interface.F:364
#19  0x4029c2 in cp2k
	at /pc2/users/e/eprop2d2/cp2k_dev/build/src/start/cp2k.F:389
#20  0x40226e in main
	at /pc2/users/e/eprop2d2/cp2k_dev/build/src/start/cp2k.F:44
#17  0x152398e5c682 in __message_passing_MOD_mp_world_finalize
	at /pc2/users/e/eprop2d2/cp2k_dev/build/src/mpiwrap/message_passing.F:1358
#19  0x4029c2 in cp2k
	at /pc2/users/e/eprop2d2/cp2k_dev/build/src/start/cp2k.F:389
#20  0x40226e in main
	at /pc2/users/e/eprop2d2/cp2k_dev/build/src/start/cp2k.F:44
#19  0x4029c2 in cp2k
	at /pc2/users/e/eprop2d2/cp2k_dev/build/src/start/cp2k.F:389
#20  0x40226e in main
	at /pc2/users/e/eprop2d2/cp2k_dev/build/src/start/cp2k.F:44
#19  0x4029c2 in cp2k
	at /pc2/users/e/eprop2d2/cp2k_dev/build/src/start/cp2k.F:389
#20  0x40226e in main
	at /pc2/users/e/eprop2d2/cp2k_dev/build/src/start/cp2k.F:44
#19  0x4029c2 in cp2k
	at /pc2/users/e/eprop2d2/cp2k_dev/build/src/start/cp2k.F:389
#20  0x40226e in main
	at /pc2/users/e/eprop2d2/cp2k_dev/build/src/start/cp2k.F:44
#17  0x1517ce393682 in __message_passing_MOD_mp_world_finalize
	at /pc2/users/e/eprop2d2/cp2k_dev/build/src/mpiwrap/message_passing.F:1358
#18  0x1523971b9384 in __f77_interface_MOD_finalize_cp2k
	at /pc2/users/e/eprop2d2/cp2k_dev/build/src/f77_interface.F:364
#18  0x1517cc6f0384 in __f77_interface_MOD_finalize_cp2k
	at /pc2/users/e/eprop2d2/cp2k_dev/build/src/f77_interface.F:364
#19  0x4029c2 in cp2k
	at /pc2/users/e/eprop2d2/cp2k_dev/build/src/start/cp2k.F:389
#20  0x40226e in main
	at /pc2/users/e/eprop2d2/cp2k_dev/build/src/start/cp2k.F:44
#19  0x4029c2 in cp2k
	at /pc2/users/e/eprop2d2/cp2k_dev/build/src/start/cp2k.F:389
#20  0x40226e in main
	at /pc2/users/e/eprop2d2/cp2k_dev/build/src/start/cp2k.F:44
#0  0x14b82b854daf in ???
#1  0x14b82b8a154c in ???
#2  0x14b82b854d05 in ???
#3  0x14b82b8287f2 in ???
#4  0x14b82b82912f in ???
#5  0x14b82b8ab616 in ???
#6  0x14b82b8ae5eb in ???
#7  0x14b82b8af428 in ???
#8  0x14b82c1263ed in ???
#9  0x14b82c12fc87 in ???
#0  0x152068854daf in ???
#1  0x1520688a154c in ???
#2  0x152068854d05 in ???
#3  0x1520688287f2 in ???
#4  0x15206882912f in ???
#5  0x1520688ab616 in ???
#6  0x1520688ae5eb in ???
#7  0x1520688af428 in ???
#8  0x1520692dd6fe in ???
#9  0x152069139c9c in ???
#0  0x149e6aa54daf in ???
#1  0x149e6aaa154c in ???
#2  0x149e6aa54d05 in ???
#3  0x149e6aa287f2 in ???
#4  0x149e6aa2912f in ???
#5  0x149e6aaab616 in ???
#6  0x149e6aaae5eb in ???
#7  0x149e6aaaf428 in ???
#8  0x149e6b6086fe in ???
#9  0x149e6b464c9c in ???
#0  0x147dcde54daf in ???
#1  0x147dcdea154c in ???
#2  0x147dcde54d05 in ???
#3  0x147dcde287f2 in ???
#4  0x147dcde2912f in ???
#5  0x147dcdeab616 in ???
#6  0x147dcdeac16b in ???
#7  0x147dcdead1ca in ???
#8  0x147dcdeaf954 in ???
#10  0x14b82b275cb9 in ???
#11  0x14b82b26b0ee in ???
#12  0x14b82c12e259 in ???
#13  0x14b82c130eab in ???
#14  0x14b82c132424 in ???
#15  0x14b82c12a7b0 in ???
#16  0x14b82d4dc8c8 in ???
#10  0x152068275cb9 in ???
#11  0x15206826b0ee in ???
#12  0x152069138259 in ???
#13  0x15206913aeab in ???
#14  0x15206913c424 in ???
#15  0x1520691347b0 in ???
#16  0x15206a4e68c8 in ???
#10  0x149e6a475cb9 in ???
#11  0x149e6a46b0ee in ???
#12  0x149e6b463259 in ???
#13  0x149e6b465eab in ???
#14  0x149e6b467424 in ???
#15  0x149e6b45f7b0 in ???
#16  0x149e6c8118c8 in ???
#9  0x147dce76b73f in ???
#10  0x147dce7a43f8 in ???
#11  0x147dce7692c8 in ???
#12  0x147dce6d78f9 in ???
#13  0x147dce6d8028 in ???
#14  0x147dcd875cb9 in ???
#15  0x147dcd86b0ee in ???
#16  0x147dce707259 in ???
#17  0x147dce709eab in ???
#18  0x147dce70b424 in ???
#19  0x147dce7037b0 in ???
#20  0x147dcfab58c8 in ???
#17  0x149fe16f5682 in __message_passing_MOD_mp_world_finalize
	at /pc2/users/e/eprop2d2/cp2k_dev/build/src/mpiwrap/message_passing.F:1358
#17  0x15461af2b682 in __message_passing_MOD_mp_world_finalize
	at /pc2/users/e/eprop2d2/cp2k_dev/build/src/mpiwrap/message_passing.F:1358
#17  0x14749078e682 in __message_passing_MOD_mp_world_finalize
	at /pc2/users/e/eprop2d2/cp2k_dev/build/src/mpiwrap/message_passing.F:1358
#18  0x149fdfa52384 in __f77_interface_MOD_finalize_cp2k
	at /pc2/users/e/eprop2d2/cp2k_dev/build/src/f77_interface.F:364
#18  0x154619288384 in __f77_interface_MOD_finalize_cp2k
	at /pc2/users/e/eprop2d2/cp2k_dev/build/src/f77_interface.F:364
#18  0x14748eaeb384 in __f77_interface_MOD_finalize_cp2k
	at /pc2/users/e/eprop2d2/cp2k_dev/build/src/f77_interface.F:364
#19  0x4029c2 in cp2k
	at /pc2/users/e/eprop2d2/cp2k_dev/build/src/start/cp2k.F:389
#20  0x40226e in main
	at /pc2/users/e/eprop2d2/cp2k_dev/build/src/start/cp2k.F:44
#19  0x4029c2 in cp2k
	at /pc2/users/e/eprop2d2/cp2k_dev/build/src/start/cp2k.F:389
#20  0x40226e in main
	at /pc2/users/e/eprop2d2/cp2k_dev/build/src/start/cp2k.F:44
#19  0x4029c2 in cp2k
	at /pc2/users/e/eprop2d2/cp2k_dev/build/src/start/cp2k.F:389
#20  0x40226e in main
	at /pc2/users/e/eprop2d2/cp2k_dev/build/src/start/cp2k.F:44
#0  0x14c40b254daf in ???
#1  0x14c40b2a154c in ???
#2  0x14c40b254d05 in ???
#3  0x14c40b2287f2 in ???
#4  0x14c40b22912f in ???
#5  0x14c40b2ab616 in ???
#6  0x14c40b2ae5eb in ???
#7  0x14c40b2af428 in ???
#8  0x14c40bb293ed in ???
#9  0x14c40bb32c87 in ???
#10  0x14c40ac75cb9 in ???
#11  0x14c40ac6b0ee in ???
#12  0x14c40bb31259 in ???
#13  0x14c40bb33eab in ???
#14  0x14c40bb35424 in ???
#15  0x14c40bb2d7b0 in ???
#16  0x14c40cedf8c8 in ???
#17  0x14b83083a682 in __message_passing_MOD_mp_world_finalize
	at /pc2/users/e/eprop2d2/cp2k_dev/build/src/mpiwrap/message_passing.F:1358
#17  0x149e6fb6f682 in __message_passing_MOD_mp_world_finalize
	at /pc2/users/e/eprop2d2/cp2k_dev/build/src/mpiwrap/message_passing.F:1358
#17  0x15206d844682 in __message_passing_MOD_mp_world_finalize
	at /pc2/users/e/eprop2d2/cp2k_dev/build/src/mpiwrap/message_passing.F:1358
#21  0x147dd2e13682 in __message_passing_MOD_mp_world_finalize
	at /pc2/users/e/eprop2d2/cp2k_dev/build/src/mpiwrap/message_passing.F:1358
#18  0x14b82eb97384 in __f77_interface_MOD_finalize_cp2k
	at /pc2/users/e/eprop2d2/cp2k_dev/build/src/f77_interface.F:364
#18  0x149e6decc384 in __f77_interface_MOD_finalize_cp2k
	at /pc2/users/e/eprop2d2/cp2k_dev/build/src/f77_interface.F:364
#18  0x15206bba1384 in __f77_interface_MOD_finalize_cp2k
	at /pc2/users/e/eprop2d2/cp2k_dev/build/src/f77_interface.F:364
#19  0x4029c2 in cp2k
	at /pc2/users/e/eprop2d2/cp2k_dev/build/src/start/cp2k.F:389
#20  0x40226e in main
	at /pc2/users/e/eprop2d2/cp2k_dev/build/src/start/cp2k.F:44
#19  0x4029c2 in cp2k
	at /pc2/users/e/eprop2d2/cp2k_dev/build/src/start/cp2k.F:389
#20  0x40226e in main
	at /pc2/users/e/eprop2d2/cp2k_dev/build/src/start/cp2k.F:44
#19  0x4029c2 in cp2k
	at /pc2/users/e/eprop2d2/cp2k_dev/build/src/start/cp2k.F:389
#20  0x40226e in main
	at /pc2/users/e/eprop2d2/cp2k_dev/build/src/start/cp2k.F:44
#22  0x147dd1170384 in __f77_interface_MOD_finalize_cp2k
	at /pc2/users/e/eprop2d2/cp2k_dev/build/src/f77_interface.F:364
#23  0x4029c2 in cp2k
	at /pc2/users/e/eprop2d2/cp2k_dev/build/src/start/cp2k.F:389
#24  0x40226e in main
	at /pc2/users/e/eprop2d2/cp2k_dev/build/src/start/cp2k.F:44
#17  0x14c41023d682 in __message_passing_MOD_mp_world_finalize
	at /pc2/users/e/eprop2d2/cp2k_dev/build/src/mpiwrap/message_passing.F:1358
#18  0x14c40e59a384 in __f77_interface_MOD_finalize_cp2k
	at /pc2/users/e/eprop2d2/cp2k_dev/build/src/f77_interface.F:364
#19  0x4029c2 in cp2k
	at /pc2/users/e/eprop2d2/cp2k_dev/build/src/start/cp2k.F:389
#20  0x40226e in main
	at /pc2/users/e/eprop2d2/cp2k_dev/build/src/start/cp2k.F:44
#0  0x146ba8054daf in ???
#1  0x146ba80a154c in ???
#2  0x146ba8054d05 in ???
#3  0x146ba80287f2 in ???
#4  0x146ba802912f in ???
#5  0x146ba80ab616 in ???
#6  0x146ba80ae5eb in ???
#7  0x146ba80af428 in ???
#8  0x146ba8a2a6fe in ???
#9  0x146ba8886c9c in ???
#10  0x146ba76b0cb9 in ???
#11  0x146ba76a60ee in ???
#12  0x146ba8885259 in ???
#13  0x146ba8887eab in ???
#14  0x146ba8889424 in ???
#15  0x146ba88817b0 in ???
#16  0x146ba9c338c8 in ???
#17  0x146bacf91682 in __message_passing_MOD_mp_world_finalize
	at /pc2/users/e/eprop2d2/cp2k_dev/build/src/mpiwrap/message_passing.F:1358
#18  0x146bab2ee384 in __f77_interface_MOD_finalize_cp2k
	at /pc2/users/e/eprop2d2/cp2k_dev/build/src/f77_interface.F:364
#19  0x4029c2 in cp2k
	at /pc2/users/e/eprop2d2/cp2k_dev/build/src/start/cp2k.F:389
#20  0x40226e in main
	at /pc2/users/e/eprop2d2/cp2k_dev/build/src/start/cp2k.F:44
#0  0x153f94e54daf in ???
#1  0x153f94ea154c in ???
#2  0x153f94e54d05 in ???
#3  0x153f94e287f2 in ???
#4  0x153f94e2912f in ???
#5  0x153f94eab616 in ???
#6  0x153f94eac16b in ???
#7  0x153f94ead1ca in ???
#8  0x153f94eaf954 in ???
#9  0x153f948703ac in ???
#10  0x153f95796058 in ???
#11  0x153f94875cb9 in ???
#12  0x153f9486b0ee in ???
#13  0x153f957c5259 in ???
#14  0x153f957c7eab in ???
#15  0x153f957c9424 in ???
#16  0x153f957c17b0 in ???
#17  0x153f96b738c8 in ???
#0  0x152320c54daf in ???
#1  0x152320ca154c in ???
#2  0x152320c54d05 in ???
#3  0x152320c287f2 in ???
#4  0x152320c2912f in ???
#5  0x152320cab616 in ???
#6  0x152320cac16b in ???
#7  0x152320cad1ca in ???
#8  0x152320caf954 in ???
#9  0x152321694250 in ???
#10  0x1523216592c8 in ???
#11  0x1523215c78f9 in ???
#12  0x1523215c8028 in ???
#13  0x152320675cb9 in ???
#14  0x15232066b0ee in ???
#15  0x1523215f7259 in ???
#16  0x1523215f9eab in ???
#17  0x1523215fb424 in ???
#18  0x1523215f37b0 in ???
#19  0x1523229a58c8 in ???
#0  0x14a9fec54daf in ???
#1  0x14a9feca154c in ???
#2  0x14a9fec54d05 in ???
#3  0x14a9fec287f2 in ???
#4  0x14a9fec2912f in ???
#5  0x14a9fecab616 in ???
#6  0x14a9fecae5eb in ???
#7  0x14a9fecaf428 in ???
#8  0x14a9ff6e56fe in ???
#0  0x14e5cde54daf in ???
#1  0x14e5cdea154c in ???
#2  0x14e5cde54d05 in ???
#9  0x14a9ff541c9c in ???
#10  0x14a9fe675cb9 in ???
#11  0x14a9fe66b0ee in ???
#12  0x14a9ff540259 in ???
#3  0x14e5cde287f2 in ???
#4  0x14e5cde2912f in ???
#5  0x14e5cdeab616 in ???
#6  0x14e5cdeac16b in ???
#7  0x14e5cdeacd48 in ???
#8  0x14e5cdeaf954 in ???
#9  0x14e5ce759480 in ???
#10  0x14e5ce71e2c8 in ???
#11  0x14e5ce68c8f9 in ???
#12  0x14e5ce68d028 in ???
#13  0x14a9ff542eab in ???
#14  0x14a9ff544424 in ???
#15  0x14a9ff53c7b0 in ???
#16  0x14aa008ee8c8 in ???
#13  0x14e5cd4b0cb9 in ???
#14  0x14e5cd4a60ee in ???
#15  0x14e5ce6bc259 in ???
#16  0x14e5ce6beeab in ???
#17  0x14e5ce6c0424 in ???
#18  0x14e5ce6b87b0 in ???
#19  0x14e5cfa6a8c8 in ???
#20  0x14e5d2dc8682 in __message_passing_MOD_mp_world_finalize
	at /pc2/users/e/eprop2d2/cp2k_dev/build/src/mpiwrap/message_passing.F:1358
#18  0x153f99ed1682 in __message_passing_MOD_mp_world_finalize
	at /pc2/users/e/eprop2d2/cp2k_dev/build/src/mpiwrap/message_passing.F:1358
#20  0x152325d03682 in __message_passing_MOD_mp_world_finalize
	at /pc2/users/e/eprop2d2/cp2k_dev/build/src/mpiwrap/message_passing.F:1358
#17  0x14aa03c4c682 in __message_passing_MOD_mp_world_finalize
	at /pc2/users/e/eprop2d2/cp2k_dev/build/src/mpiwrap/message_passing.F:1358
#21  0x14e5d1125384 in __f77_interface_MOD_finalize_cp2k
	at /pc2/users/e/eprop2d2/cp2k_dev/build/src/f77_interface.F:364
#19  0x153f9822e384 in __f77_interface_MOD_finalize_cp2k
	at /pc2/users/e/eprop2d2/cp2k_dev/build/src/f77_interface.F:364
#21  0x152324060384 in __f77_interface_MOD_finalize_cp2k
	at /pc2/users/e/eprop2d2/cp2k_dev/build/src/f77_interface.F:364
#18  0x14aa01fa9384 in __f77_interface_MOD_finalize_cp2k
	at /pc2/users/e/eprop2d2/cp2k_dev/build/src/f77_interface.F:364
#22  0x4029c2 in cp2k
	at /pc2/users/e/eprop2d2/cp2k_dev/build/src/start/cp2k.F:389
#23  0x40226e in main
	at /pc2/users/e/eprop2d2/cp2k_dev/build/src/start/cp2k.F:44
#20  0x4029c2 in cp2k
	at /pc2/users/e/eprop2d2/cp2k_dev/build/src/start/cp2k.F:389
#21  0x40226e in main
	at /pc2/users/e/eprop2d2/cp2k_dev/build/src/start/cp2k.F:44
#22  0x4029c2 in cp2k
	at /pc2/users/e/eprop2d2/cp2k_dev/build/src/start/cp2k.F:389
#23  0x40226e in main
	at /pc2/users/e/eprop2d2/cp2k_dev/build/src/start/cp2k.F:44
#19  0x4029c2 in cp2k
	at /pc2/users/e/eprop2d2/cp2k_dev/build/src/start/cp2k.F:389
#20  0x40226e in main
	at /pc2/users/e/eprop2d2/cp2k_dev/build/src/start/cp2k.F:44
#0  0x14ea9fe54daf in ???
#1  0x14ea9fea154c in ???
#2  0x14ea9fe54d05 in ???
#3  0x14ea9fe287f2 in ???
#4  0x14ea9fe2912f in ???
#5  0x14ea9feab616 in ???
#6  0x14ea9feae5eb in ???
#7  0x14ea9feaf428 in ???
#0  0x1549ae054daf in ???
#1  0x1549ae0a154c in ???
#2  0x1549ae054d05 in ???
#3  0x1549ae0287f2 in ???
#4  0x1549ae02912f in ???
#5  0x1549ae0ab616 in ???
#6  0x1549ae0ae5eb in ???
#7  0x1549ae0af428 in ???
#0  0x14c126e54daf in ???
#1  0x14c126ea154c in ???
#2  0x14c126e54d05 in ???
#3  0x14c126e287f2 in ???
#4  0x14c126e2912f in ???
#5  0x14c126eab616 in ???
#6  0x14c126eac16b in ???
#7  0x14c126ead1ca in ???
#8  0x14c126eaf954 in ???
#0  0x151210654daf in ???
#1  0x1512106a154c in ???
#2  0x151210654d05 in ???
#3  0x1512106287f2 in ???
#4  0x15121062912f in ???
#5  0x1512106ab616 in ???
#6  0x1512106ac16b in ???
#7  0x1512106ad1ca in ???
#8  0x1512106af954 in ???
#0  0x14a539854daf in ???
#1  0x14a5398a154c in ???
#2  0x14a539854d05 in ???
#3  0x14a5398287f2 in ???
#4  0x14a53982912f in ???
#5  0x14a5398ab616 in ???
#6  0x14a5398ae5eb in ???
#7  0x14a5398af428 in ???
#0  0x147046254daf in ???
#1  0x1470462a154c in ???
#2  0x147046254d05 in ???
#3  0x1470462287f2 in ???
#4  0x14704622912f in ???
#5  0x1470462ab616 in ???
#6  0x1470462ae5eb in ???
#7  0x1470462af428 in ???
#8  0x1549aeb2c6fe in ???
#9  0x1549ae988c9c in ???
#10  0x1549ada75cb9 in ???
#11  0x1549ada6b0ee in ???
#12  0x1549ae987259 in ???
#13  0x1549ae989eab in ???
#14  0x1549ae98b424 in ???
#15  0x1549ae9837b0 in ???
#8  0x14eaa08323ed in ???
#9  0x14eaa083bc87 in ???
#10  0x14ea9f875cb9 in ???
#11  0x14ea9f86b0ee in ???
#12  0x14eaa083a259 in ???
#13  0x14eaa083ceab in ???
#14  0x14eaa083e424 in ???
#15  0x14eaa08367b0 in ???
#16  0x14eaa1be88c8 in ???
#8  0x14a53a2133ed in ???
#9  0x14a53a21cc87 in ???
#10  0x14a539275cb9 in ???
#11  0x14a53926b0ee in ???
#12  0x14a53a21b259 in ???
#13  0x14a53a21deab in ???
#14  0x14a53a21f424 in ???
#15  0x14a53a2177b0 in ???
#16  0x14a53b5c98c8 in ???
#8  0x147046b993ed in ???
#9  0x147046ba2c87 in ???
#10  0x147045c75cb9 in ???
#11  0x147045c6b0ee in ???
#12  0x147046ba1259 in ???
#13  0x147046ba3eab in ???
#14  0x147046ba5424 in ???
#15  0x147046b9d7b0 in ???
#16  0x147047f4f8c8 in ???
#16  0x1549afd358c8 in ???
#9  0x14c127739480 in ???
#10  0x14c1276fe2c8 in ???
#11  0x14c12766c8f9 in ???
#9  0x1512110af250 in ???
#10  0x1512110742c8 in ???
#11  0x151210fe28f9 in ???
#12  0x151210fe3028 in ???
#12  0x14c12766d028 in ???
#13  0x14c1264b0cb9 in ???
#14  0x14c1264a60ee in ???
#15  0x14c12769c259 in ???
#16  0x14c12769eeab in ???
#17  0x14c1276a0424 in ???
#18  0x14c1276987b0 in ???
#13  0x151210075cb9 in ???
#14  0x15121006b0ee in ???
#15  0x151211012259 in ???
#16  0x151211014eab in ???
#17  0x151211016424 in ???
#18  0x15121100e7b0 in ???
#19  0x14c128a4a8c8 in ???
#19  0x1512123c08c8 in ???
#17  0x14eaa4f46682 in __message_passing_MOD_mp_world_finalize
	at /pc2/users/e/eprop2d2/cp2k_dev/build/src/mpiwrap/message_passing.F:1358
#20  0x14c12bda8682 in __message_passing_MOD_mp_world_finalize
	at /pc2/users/e/eprop2d2/cp2k_dev/build/src/mpiwrap/message_passing.F:1358
#20  0x15121571e682 in __message_passing_MOD_mp_world_finalize
	at /pc2/users/e/eprop2d2/cp2k_dev/build/src/mpiwrap/message_passing.F:1358
#17  0x1549b3093682 in __message_passing_MOD_mp_world_finalize
	at /pc2/users/e/eprop2d2/cp2k_dev/build/src/mpiwrap/message_passing.F:1358
#17  0x14a53e927682 in __message_passing_MOD_mp_world_finalize
	at /pc2/users/e/eprop2d2/cp2k_dev/build/src/mpiwrap/message_passing.F:1358
#17  0x14704b2ad682 in __message_passing_MOD_mp_world_finalize
	at /pc2/users/e/eprop2d2/cp2k_dev/build/src/mpiwrap/message_passing.F:1358
#18  0x14eaa32a3384 in __f77_interface_MOD_finalize_cp2k
	at /pc2/users/e/eprop2d2/cp2k_dev/build/src/f77_interface.F:364
#21  0x151213a7b384 in __f77_interface_MOD_finalize_cp2k
	at /pc2/users/e/eprop2d2/cp2k_dev/build/src/f77_interface.F:364
#21  0x14c12a105384 in __f77_interface_MOD_finalize_cp2k
	at /pc2/users/e/eprop2d2/cp2k_dev/build/src/f77_interface.F:364
#19  0x4029c2 in cp2k
	at /pc2/users/e/eprop2d2/cp2k_dev/build/src/start/cp2k.F:389
#20  0x40226e in main
	at /pc2/users/e/eprop2d2/cp2k_dev/build/src/start/cp2k.F:44
#22  0x4029c2 in cp2k
	at /pc2/users/e/eprop2d2/cp2k_dev/build/src/start/cp2k.F:389
#23  0x40226e in main
	at /pc2/users/e/eprop2d2/cp2k_dev/build/src/start/cp2k.F:44
#22  0x4029c2 in cp2k
	at /pc2/users/e/eprop2d2/cp2k_dev/build/src/start/cp2k.F:389
#23  0x40226e in main
	at /pc2/users/e/eprop2d2/cp2k_dev/build/src/start/cp2k.F:44
#18  0x1549b13f0384 in __f77_interface_MOD_finalize_cp2k
	at /pc2/users/e/eprop2d2/cp2k_dev/build/src/f77_interface.F:364
#18  0x14a53cc84384 in __f77_interface_MOD_finalize_cp2k
	at /pc2/users/e/eprop2d2/cp2k_dev/build/src/f77_interface.F:364
#18  0x14704960a384 in __f77_interface_MOD_finalize_cp2k
	at /pc2/users/e/eprop2d2/cp2k_dev/build/src/f77_interface.F:364
#19  0x4029c2 in cp2k
	at /pc2/users/e/eprop2d2/cp2k_dev/build/src/start/cp2k.F:389
#20  0x40226e in main
	at /pc2/users/e/eprop2d2/cp2k_dev/build/src/start/cp2k.F:44
#19  0x4029c2 in cp2k
	at /pc2/users/e/eprop2d2/cp2k_dev/build/src/start/cp2k.F:389
#20  0x40226e in main
	at /pc2/users/e/eprop2d2/cp2k_dev/build/src/start/cp2k.F:44
#19  0x4029c2 in cp2k
	at /pc2/users/e/eprop2d2/cp2k_dev/build/src/start/cp2k.F:389
#20  0x40226e in main
	at /pc2/users/e/eprop2d2/cp2k_dev/build/src/start/cp2k.F:44
srun: error: lcn1514: task 406: Aborted (core dumped)
srun: Terminating StepId=995152.0
slurmstepd: error: *** STEP 995152.0 ON lcn1311 CANCELLED AT 2026-02-18T03:22:24 ***
srun: error: lcn1319: tasks 30,32-34,37-41: Terminated
srun: error: lcn1507: tasks 265,274,277: Terminated
srun: error: lcn1505: task 234: Terminated
srun: error: lcn1319: tasks 25,28-29,42-43,45-47: Terminated
srun: error: lcn1321: task 58: Terminated
srun: error: lcn1514: tasks 399,401: Terminated
srun: error: lcn1512: tasks 365,369,371,374: Terminated
srun: error: lcn1523: task 471: Terminated
srun: error: lcn1311: tasks 7,13,16,18: Terminated
srun: error: lcn1506: task 260: Terminated
srun: error: lcn1505: task 229: Terminated
srun: error: lcn1324: tasks 121-123,125-126,128-131,133-135,137-143: Terminated
srun: error: lcn1504: tasks 199-201,203,208: Terminated
srun: error: lcn1518: tasks 437,439-440,442-443,447-448: Terminated
srun: error: lcn1515: tasks 408,417,419-420: Terminated
srun: error: lcn1512: tasks 361-364,366-368,372-373,375-379,381-383: Terminated
srun: error: lcn1507: tasks 268,270-273,280-281,283-284,286: Terminated
srun: error: lcn1321: tasks 52-53,57,61-63,69: Terminated
srun: error: lcn1523: tasks 461-470,472,476,478: Terminated
srun: error: lcn1505: tasks 226,231,237: Terminated
srun: error: lcn1514: tasks 390-391,393-398,400,402,405,407: Terminated
srun: error: lcn1510: tasks 343,346,348,350,357-359: Terminated
srun: error: lcn1506: tasks 259,262: Terminated
srun: error: lcn1311: tasks 3,5-6,8-12,14-15,17,19-20,23: Terminated
srun: error: lcn1501: task 158: Terminated
srun: error: lcn1518: tasks 432-436,438,441,444-446,449-452,454: Terminated
srun: error: lcn1515: tasks 409,411-413,415-416,421-431: Terminated
srun: error: lcn1504: tasks 192,194-198,202,204-207,209,212-215: Terminated
srun: error: lcn1509: tasks 314-315,318-319,321,323-326,328-332,335: Terminated
srun: error: lcn1322: tasks 74,77-81,83,85-87,90-92: Terminated
srun: error: lcn1507: tasks 264,269,276,278-279,285: Terminated
srun: error: lcn1502: tasks 175,180: Terminated
srun: error: lcn1508: tasks 288-290,292-309,311: Terminated
srun: error: lcn1321: tasks 49-51,54,56,64-65,67-68,70-71: Terminated
srun: error: lcn1523: tasks 456-460,474-475,477,479: Terminated
srun: error: lcn1514: tasks 384-389,392,403-404: Terminated
srun: error: lcn1505: tasks 216-223,225,227,232-233,236,238-239: Terminated
srun: error: lcn1311: tasks 1-2,4,22: Terminated
srun: error: lcn1323: tasks 102-103,105-108,111,114-115,117: Terminated
srun: error: lcn1510: tasks 336,338-339,341-342,344,349,351-356: Terminated
srun: error: lcn1506: tasks 240-245,247-254,256-258,261: Terminated
srun: error: lcn1509: tasks 312,316-317,320,327,334: Terminated
srun: error: lcn1322: tasks 73,75-76,89,93-95: Terminated
srun: error: lcn1501: tasks 156,159,166: Terminated
srun: error: lcn1502: tasks 172,178,181,184,188: Terminated
srun: error: lcn1323: tasks 97,99-101,104,109-110,112-113,116,118-119: Terminated
srun: error: lcn1501: tasks 148,151,153-155,160,162-165,167: Terminated
srun: error: lcn1502: tasks 169-171,173-174,176-177,179,183,185-187,189-191: Terminated
srun: error: lcn1501: tasks 145-147,149-150,152,157,161: Terminated
slurmstepd: error:  mpi/pmix_v3: _errhandler: lcn1319 [1]: pmixp_client_v2.c:211: Error handler invoked: status = -25, source = [slurm.pmix.995152.0:34]
srun: Job step aborted: Waiting up to 32 seconds for job step to finish.
slurmstepd: error:  mpi/pmix_v3: _errhandler: lcn1324 [5]: pmixp_client_v2.c:211: Error handler invoked: status = -25, source = [slurm.pmix.995152.0:133]
slurmstepd: error:  mpi/pmix_v3: _errhandler: lcn1512 [15]: pmixp_client_v2.c:211: Error handler invoked: status = -25, source = [slurm.pmix.995152.0:371]
slurmstepd: error:  mpi/pmix_v3: _errhandler: lcn1504 [8]: pmixp_client_v2.c:211: Error handler invoked: status = -25, source = [slurm.pmix.995152.0:203]
slurmstepd: error:  mpi/pmix_v3: _errhandler: lcn1515 [17]: pmixp_client_v2.c:211: Error handler invoked: status = -25, source = [slurm.pmix.995152.0:417]
slurmstepd: error:  mpi/pmix_v3: _errhandler: lcn1518 [18]: pmixp_client_v2.c:211: Error handler invoked: status = -25, source = [slurm.pmix.995152.0:443]
slurmstepd: error:  mpi/pmix_v3: _errhandler: lcn1311 [0]: pmixp_client_v2.c:211: Error handler invoked: status = -25, source = [slurm.pmix.995152.0:13]
slurmstepd: error:  mpi/pmix_v3: _errhandler: lcn1507 [11]: pmixp_client_v2.c:211: Error handler invoked: status = -25, source = [slurm.pmix.995152.0:277]
slurmstepd: error:  mpi/pmix_v3: _errhandler: lcn1523 [19]: pmixp_client_v2.c:211: Error handler invoked: status = -25, source = [slurm.pmix.995152.0:471]
slurmstepd: error:  mpi/pmix_v3: _errhandler: lcn1321 [2]: pmixp_client_v2.c:211: Error handler invoked: status = -25, source = [slurm.pmix.995152.0:58]
slurmstepd: error:  mpi/pmix_v3: _errhandler: lcn1508 [12]: pmixp_client_v2.c:211: Error handler invoked: status = -25, source = [slurm.pmix.995152.0:306]
slurmstepd: error:  mpi/pmix_v3: _errhandler: lcn1505 [9]: pmixp_client_v2.c:211: Error handler invoked: status = -25, source = [slurm.pmix.995152.0:234]
slurmstepd: error:  mpi/pmix_v3: _errhandler: lcn1510 [14]: pmixp_client_v2.c:211: Error handler invoked: status = -25, source = [slurm.pmix.995152.0:359]
slurmstepd: error:  mpi/pmix_v3: _errhandler: lcn1506 [10]: pmixp_client_v2.c:211: Error handler invoked: status = -25, source = [slurm.pmix.995152.0:260]
slurmstepd: error:  mpi/pmix_v3: _errhandler: lcn1509 [13]: pmixp_client_v2.c:211: Error handler invoked: status = -25, source = [slurm.pmix.995152.0:314]
slurmstepd: error:  mpi/pmix_v3: _errhandler: lcn1322 [3]: pmixp_client_v2.c:211: Error handler invoked: status = -25, source = [slurm.pmix.995152.0:79]
slurmstepd: error:  mpi/pmix_v3: _errhandler: lcn1323 [4]: pmixp_client_v2.c:211: Error handler invoked: status = -25, source = [slurm.pmix.995152.0:103]
slurmstepd: error:  mpi/pmix_v3: _errhandler: lcn1501 [6]: pmixp_client_v2.c:211: Error handler invoked: status = -25, source = [slurm.pmix.995152.0:158]
slurmstepd: error:  mpi/pmix_v3: _errhandler: lcn1502 [7]: pmixp_client_v2.c:211: Error handler invoked: status = -25, source = [slurm.pmix.995152.0:180]
srun: error: lcn1502: task 182: Aborted (core dumped)
srun: error: lcn1319: task 24: Terminated
srun: error: lcn1311: task 0: Terminated
srun: error: lcn1323: task 96: Terminated
srun: error: lcn1322: task 72: Terminated
srun: error: lcn1321: task 48: Terminated
srun: error: lcn1502: task 168: Terminated
srun: error: lcn1501: task 144: Terminated
srun: error: lcn1311: task 21: Aborted (core dumped)
slurmstepd: error:  mpi/pmix_v3: _errhandler: lcn1319 [1]: pmixp_client_v2.c:211: Error handler invoked: status = -25, source = [slurm.pmix.995152.0:24]
slurmstepd: error:  mpi/pmix_v3: _errhandler: lcn1322 [3]: pmixp_client_v2.c:211: Error handler invoked: status = -25, source = [slurm.pmix.995152.0:72]
slurmstepd: error:  mpi/pmix_v3: _errhandler: lcn1321 [2]: pmixp_client_v2.c:211: Error handler invoked: status = -25, source = [slurm.pmix.995152.0:48]
slurmstepd: error:  mpi/pmix_v3: _errhandler: lcn1323 [4]: pmixp_client_v2.c:211: Error handler invoked: status = -25, source = [slurm.pmix.995152.0:96]
srun: error: lcn1523: task 473: Aborted (core dumped)
srun: error: lcn1323: task 98: Aborted (core dumped)
srun: error: lcn1518: task 453: Aborted (core dumped)
slurmstepd: error:  mpi/pmix_v3: _errhandler: lcn1518 [18]: pmixp_client_v2.c:211: Error handler invoked: status = -25, source = [slurm.pmix.995152.0:453]
srun: error: lcn1508: task 291: Aborted (core dumped)
slurmstepd: error:  mpi/pmix_v3: _errhandler: lcn1508 [12]: pmixp_client_v2.c:211: Error handler invoked: status = -25, source = [slurm.pmix.995152.0:291]
srun: error: lcn1508: task 310: Aborted (core dumped)
srun: error: lcn1518: task 455: Aborted (core dumped)
slurmstepd: error:  mpi/pmix_v3: _errhandler: lcn1515 [17]: pmixp_client_v2.c:211: Error handler invoked: status = -25, source = [slurm.pmix.995152.0:418]
srun: error: lcn1515: task 418: Aborted (core dumped)
srun: error: lcn1512: tasks 370,380: Aborted (core dumped)
srun: error: lcn1504: task 210: Aborted (core dumped)
srun: error: lcn1322: task 82: Aborted (core dumped)
slurmstepd: error:  mpi/pmix_v3: _errhandler: lcn1512 [15]: pmixp_client_v2.c:211: Error handler invoked: status = -25, source = [slurm.pmix.995152.0:370]
srun: error: lcn1506: task 246: Aborted (core dumped)
srun: error: lcn1515: task 414: Aborted (core dumped)
slurmstepd: error:  mpi/pmix_v3: _errhandler: lcn1504 [8]: pmixp_client_v2.c:211: Error handler invoked: status = -25, source = [slurm.pmix.995152.0:210]
slurmstepd: error:  mpi/pmix_v3: _errhandler: lcn1322 [3]: pmixp_client_v2.c:211: Error handler invoked: status = -25, source = [slurm.pmix.995152.0:82]
slurmstepd: error:  mpi/pmix_v3: _errhandler: lcn1506 [10]: pmixp_client_v2.c:211: Error handler invoked: status = -25, source = [slurm.pmix.995152.0:246]
slurmstepd: error:  mpi/pmix_v3: _errhandler: lcn1512 [15]: pmixp_client_v2.c:211: Error handler invoked: status = -25, source = [slurm.pmix.995152.0:360]
slurmstepd: error:  mpi/pmix_v3: _errhandler: lcn1515 [17]: pmixp_client_v2.c:211: Error handler invoked: status = -25, source = [slurm.pmix.995152.0:414]
srun: error: lcn1506: task 255: Aborted (core dumped)
srun: error: lcn1504: task 193: Aborted (core dumped)
slurmstepd: error:  mpi/pmix_v3: _errhandler: lcn1506 [10]: pmixp_client_v2.c:211: Error handler invoked: status = -25, source = [slurm.pmix.995152.0:255]
srun: error: lcn1512: task 360: Aborted (core dumped)
slurmstepd: error:  mpi/pmix_v3: _errhandler: lcn1510 [14]: pmixp_client_v2.c:211: Error handler invoked: status = -25, source = [slurm.pmix.995152.0:340]
srun: error: lcn1510: task 340: Aborted (core dumped)
srun: error: lcn1504: task 211: Aborted (core dumped)
srun: error: lcn1509: task 322: Aborted (core dumped)
srun: error: lcn1505: task 230: Aborted (core dumped)
srun: error: lcn1321: task 55: Aborted (core dumped)
slurmstepd: error:  mpi/pmix_v3: _errhandler: lcn1509 [13]: pmixp_client_v2.c:211: Error handler invoked: status = -25, source = [slurm.pmix.995152.0:322]
slurmstepd: error:  mpi/pmix_v3: _errhandler: lcn1505 [9]: pmixp_client_v2.c:211: Error handler invoked: status = -25, source = [slurm.pmix.995152.0:230]
slurmstepd: error:  mpi/pmix_v3: _errhandler: lcn1321 [2]: pmixp_client_v2.c:211: Error handler invoked: status = -25, source = [slurm.pmix.995152.0:55]
srun: error: lcn1515: task 410: Aborted (core dumped)
srun: error: lcn1322: task 84: Aborted (core dumped)
srun: error: lcn1509: task 333: Aborted (core dumped)
slurmstepd: error:  mpi/pmix_v3: _errhandler: lcn1322 [3]: pmixp_client_v2.c:211: Error handler invoked: status = -25, source = [slurm.pmix.995152.0:84]
slurmstepd: error:  mpi/pmix_v3: _errhandler: lcn1509 [13]: pmixp_client_v2.c:211: Error handler invoked: status = -25, source = [slurm.pmix.995152.0:333]
srun: error: lcn1510: task 347: Aborted (core dumped)
srun: error: lcn1322: task 88: Aborted (core dumped)
srun: error: lcn1509: task 313: Aborted (core dumped)
srun: error: lcn1510: task 337: Aborted (core dumped)
slurmstepd: error:  mpi/pmix_v3: _errhandler: lcn1506 [10]: pmixp_client_v2.c:211: Error handler invoked: status = -25, source = [slurm.pmix.995152.0:263]
slurmstepd: error:  mpi/pmix_v3: _errhandler: lcn1510 [14]: pmixp_client_v2.c:211: Error handler invoked: status = -25, source = [slurm.pmix.995152.0:347]
srun: error: lcn1506: task 263: Aborted (core dumped)
srun: error: lcn1510: task 345: Aborted (core dumped)
srun: error: Timed out waiting for job step to complete
