Energy-E_F (eV)    DOS (1/eV)    PDOS (1/eV)  of atom type H  C  
     -6.59019   3358.73202    384.51404   2974.21798
     -6.58019   3529.29048    409.27996   3120.01052
     -6.57019   3657.69772    429.67621   3228.02151
     -6.56019   3007.21637    349.81574   2657.40063
     -6.55019   2227.21296    253.61624   1973.59671
     -6.54019   2144.77789    254.38841   1890.38949
     -6.53019   2416.90266    316.82950   2100.07316
     -6.52019   2515.63557    360.84043   2154.79514
     -6.51019   2757.19754    415.61081   2341.58673
     -6.50019   3362.75608    522.39850   2840.35758
     -6.49019   3567.01928    563.73873   3003.28055
     -6.48019   3110.91426    482.94897   2627.96528
     -6.47019   2600.08240    391.50115   2208.58125
     -6.46019   2277.42667    329.53100   1947.89567
     -6.45019   2645.77909    312.71329   2333.06580
     -6.44019   4609.95104    381.77907   4228.17197
     -6.43019   6668.19229    449.22213   6218.97016
     -6.42019   6354.41778    402.01827   5952.39951
     -6.41019   5010.13031    322.96577   4687.16453
     -6.40019   4313.66136    313.97995   3999.68142
     -6.39019   4097.37192    328.64226   3768.72966
     -6.38019   3815.55381    303.83550   3511.71831
     -6.37019   3246.33842    246.65415   2999.68427
     -6.36019   2671.44027    199.52533   2471.91494
     -6.35019   2329.76308    171.74464   2158.01845
     -6.34019   2172.67009    155.31974   2017.35035
     -6.33019   2222.92859    160.52857   2062.40002
     -6.32019   2424.54821    185.15422   2239.39400
     -6.31019   2528.87619    203.69442   2325.18177
     -6.30019   2536.05189    212.56895   2323.48294
     -6.29019   2630.36622    218.24118   2412.12505
     -6.28019   2925.50457    242.66656   2682.83800
     -6.27019   3121.98314    276.42240   2845.56074
     -6.26019   2852.40720    252.40441   2600.00280
     -6.25019   2515.62976    211.26315   2304.36661
     -6.24019   2510.71617    212.72856   2297.98761
     -6.23019   2550.33138    216.75728   2333.57410
     -6.22019   2493.18162    212.96105   2280.22057
     -6.21019   2360.07002    208.98964   2151.08038
     -6.20019   2305.68456    214.71719   2090.96736
     -6.19019   2313.85774    213.89142   2099.96632
     -6.18019   2168.29587    188.95421   1979.34166
     -6.17019   2013.05394    170.50148   1842.55246
     -6.16019   2004.73370    167.87487   1836.85883
     -6.15019   2117.94080    181.75795   1936.18285
     -6.14019   2301.65694    222.49550   2079.16144
     -6.13019   2369.82028    240.68333   2129.13695
     -6.12019   2152.42663    199.45076   1952.97586
     -6.11019   1898.34300    161.58652   1736.75648
     -6.10019   1859.29847    160.39677   1698.90170
     -6.09019   1900.32347    169.21036   1731.11311
     -6.08019   2017.97348    189.13723   1828.83625
     -6.07019   2111.78049    202.85287   1908.92761
     -6.06019   2030.77254    187.89125   1842.88130
     -6.05019   1963.31594    178.75924   1784.55670
     -6.04019   1982.17359    182.60133   1799.57226
     -6.03019   2097.38784    197.43615   1899.95169
     -6.02019   2095.51539    193.92695   1901.58843
     -6.01019   1915.88165    161.54633   1754.33532
     -6.00019   1942.06793    169.89863   1772.16930
     -5.99019   2157.88999    208.17372   1949.71627
     -5.98019   2275.64917    222.96588   2052.68329
     -5.97019   2265.14236    214.42621   2050.71615
     -5.96019   2325.05952    209.82047   2115.23905
     -5.95019   2431.46034    215.06216   2216.39818
     -5.94019   2161.55878    183.12592   1978.43285
     -5.93019   1769.49435    158.98479   1610.50955
     -5.92019   1913.00966    221.73940   1691.27025
     -5.91019   2410.20823    332.04429   2078.16394
     -5.90019   2588.46619    369.61330   2218.85290
     -5.89019   2258.30572    300.88443   1957.42129
     -5.88019   1994.20671    245.28409   1748.92262
     -5.87019   2040.52608    251.73401   1788.79207
     -5.86019   2151.88135    273.08056   1878.80079
     -5.85019   2054.45436    255.06501   1799.38935
     -5.84019   1986.92549    245.00926   1741.91624
     -5.83019   2101.62198    270.41116   1831.21081
     -5.82019   2160.86352    280.21541   1880.64811
     -5.81019   1957.13934    234.58965   1722.54970
     -5.80019   1735.65073    188.70262   1546.94812
     -5.79019   1718.71209    188.61655   1530.09554
     -5.78019   1858.46380    220.16528   1638.29852
     -5.77019   2104.41630    268.78212   1835.63418
     -5.76019   2257.61522    293.49946   1964.11575
     -5.75019   2263.67117    291.36245   1972.30873
     -5.74019   2098.31852    258.39123   1839.92729
     -5.73019   1914.30227    223.93543   1690.36683
     -5.72019   1964.71629    240.02784   1724.68845
     -5.71019   2118.97838    274.72034   1844.25804
     -5.70019   2238.01615    295.07177   1942.94438
     -5.69019   2285.19333    299.96682   1985.22651
     -5.68019   2260.67657    292.29350   1968.38307
     -5.67019   2212.81551    277.88465   1934.93087
     -5.66019   2235.67320    277.65365   1958.01955
     -5.65019   2288.74921    283.47216   2005.27706
     -5.64019   2372.23246    281.67977   2090.55270
     -5.63019   2454.26253    274.72374   2179.53879
     -5.62019   2366.89876    279.03109   2087.86767
     -5.61019   2268.93863    329.02999   1939.90865
     -5.60019   2155.08860    344.27641   1810.81219
     -5.59019   1918.31685    295.82246   1622.49439
     -5.58019   1732.56316    259.07579   1473.48737
     -5.57019   1774.01883    274.73051   1499.28832
     -5.56019   2105.01922    358.48821   1746.53101
     -5.55019   2507.85146    458.52871   2049.32275
     -5.54019   2964.99299    568.48390   2396.50908
     -5.53019   3727.74928    758.08433   2969.66494
     -5.52019   4200.65588    880.93033   3319.72555
     -5.51019   3524.11338    702.73879   2821.37459
     -5.50019   2595.21684    447.22181   2147.99502
     -5.49019   2160.46620    326.75350   1833.71271
     -5.48019   1887.22579    263.22953   1623.99626
     -5.47019   1718.58352    205.12380   1513.45972
     -5.46019   1862.22209    174.82218   1687.39991
     -5.45019   2116.65937    179.04397   1937.61540
     -5.44019   2200.15770    202.90005   1997.25765
     -5.43019   2086.29430    200.62771   1885.66659
     -5.42019   1922.03156    179.69112   1742.34044
     -5.41019   1828.32596    168.20207   1660.12390
     -5.40019   1707.49614    148.35872   1559.13742
     -5.39019   1649.74698    139.95820   1509.78877
     -5.38019   1673.65061    145.52720   1528.12341
     -5.37019   1720.54823    149.44668   1571.10156
     -5.36019   1727.98240    149.45786   1578.52454
     -5.35019   1613.51161    132.73177   1480.77984
     -5.34019   1546.57182    118.67748   1427.89434
     -5.33019   1619.38721    125.22165   1494.16556
     -5.32019   1651.09032    127.26892   1523.82141
     -5.31019   1584.39698    119.89565   1464.50133
     -5.30019   1652.96692    132.20154   1520.76537
     -5.29019   1778.10722    148.07202   1630.03521
     -5.28019   1758.05719    142.18364   1615.87355
     -5.27019   1861.33760    156.03884   1705.29876
     -5.26019   2095.07274    194.86853   1900.20420
     -5.25019   2140.83989    206.57633   1934.26356
     -5.24019   2008.36486    185.15902   1823.20584
     -5.23019   2115.95596    198.64654   1917.30942
     -5.22019   2454.32336    246.87514   2207.44823
     -5.21019   2486.49836    246.84522   2239.65315
     -5.20019   2356.97789    223.22218   2133.75571
     -5.19019   2294.82748    212.32846   2082.49902
     -5.18019   2451.17435    222.26988   2228.90447
     -5.17019   3755.64408    353.11928   3402.52480
     -5.16019   6838.92863    667.01371   6171.91492
     -5.15019   9398.15692    924.84197   8473.31496
     -5.14019   9654.35328    943.58200   8710.77128
     -5.13019   8433.48565    812.68421   7620.80144
     -5.12019   5275.80166    494.47294   4781.32872
     -5.11019   2283.64955    197.13206   2086.51749
     -5.10019   1258.51666     95.41328   1163.10338
     -5.09019   1065.41600     73.81130    991.60469
     -5.08019    977.78686     62.67853    915.10833
     -5.07019    968.14638     61.90903    906.23735
     -5.06019   1059.47786     74.22209    985.25578
     -5.05019   1125.07794     83.35314   1041.72480
     -5.04019   1144.40831     85.95945   1058.44886
     -5.03019   1254.14529     99.22606   1154.91922
     -5.02019   1380.51724    114.68673   1265.83051
     -5.01019   1257.02297     98.66615   1158.35682
     -5.00019   1019.83425     68.38101    951.45324
     -4.99019    917.32325     55.30722    862.01603
     -4.98019    901.73638     53.29416    848.44222
     -4.97019    903.32461     53.21904    850.10558
     -4.96019    904.98923     53.24724    851.74199
     -4.95019    902.63600     53.20426    849.43174
     -4.94019    901.58090     53.18899    848.39191
     -4.93019    902.69021     53.21186    849.47835
     -4.92019    902.94107     53.22304    849.71803
     -4.91019    903.30418     53.24207    850.06210
     -4.90019    906.80286     53.31449    853.48837
     -4.89019    909.41924     53.37738    856.04186
     -4.88019    910.20396     53.41619    856.78777
     -4.87019    910.99474     53.45838    857.53636
     -4.86019    912.90152     53.52778    859.37374
     -4.85019    918.61620     53.66361    864.95259
     -4.84019    923.38017     53.80546    869.57471
     -4.83019    929.28926     54.35814    874.93112
     -4.82019    960.83317     57.17766    903.65551
     -4.81019   1008.06230     61.38529    946.67701
     -4.80019   1000.72195     60.31156    940.41040
     -4.79019    965.78264     56.32211    909.46054
     -4.78019    961.03728     54.97415    906.06312
     -4.77019    981.16863     55.39852    925.77011
     -4.76019   1172.27802     61.17194   1111.10608
     -4.75019   2215.14983     92.81064   2122.33919
     -4.74019   4243.96174    154.15102   4089.81072
     -4.73019   5140.91547    181.76137   4959.15410
     -4.72019   4458.99742    162.72302   4296.27440
     -4.71019   3752.70857    142.27697   3610.43160
     -4.70019   3517.33722    134.40530   3382.93192
     -4.69019   3437.35249    131.06986   3306.28263
     -4.68019   3026.25369    120.52850   2905.72519
     -4.67019   2508.55789    108.10501   2400.45287
     -4.66019   2246.52557    101.90392   2144.62164
     -4.65019   2194.35206    100.57087   2093.78119
     -4.64019   2300.67131    102.27961   2198.39170
     -4.63019   2380.01349    102.92399   2277.08949
     -4.62019   2156.14741     98.39297   2057.75444
     -4.61019   1800.11121     92.30186   1707.80935
     -4.60019   1670.68093     89.96070   1580.72022
     -4.59019   1846.88129     93.07009   1753.81120
     -4.58019   2107.93057     98.47656   2009.45401
     -4.57019   2014.62801     96.91535   1917.71266
     -4.56019   1663.65992     89.85523   1573.80469
     -4.55019   1558.38074     87.59580   1470.78495
     -4.54019   1656.86754     89.28829   1567.57925
     -4.53019   1729.96025     90.54847   1639.41179
     -4.52019   1655.82953     88.85598   1566.97355
     -4.51019   1618.03683     88.10583   1529.93100
     -4.50019   1607.61283     87.54374   1520.06910
     -4.49019   1605.78521     87.14744   1518.63777
     -4.48019   1647.83082     88.43366   1559.39717
     -4.47019   1654.82942     88.99690   1565.83253
     -4.46019   1601.32561     87.51628   1513.80934
     -4.45019   1474.98338     84.51345   1390.46993
     -4.44019   1372.36586     82.39889   1289.96697
     -4.43019   1513.60484     85.25846   1428.34638
     -4.42019   1785.17382     90.83088   1694.34294
     -4.41019   1751.84604     90.62005   1661.22599
     -4.40019   1531.04819     86.58709   1444.46110
     -4.39019   1443.77589     84.86382   1358.91207
     -4.38019   1440.81378     84.70409   1356.10969
     -4.37019   1452.02882     84.81893   1367.20990
     -4.36019   1455.83070     84.77566   1371.05504
     -4.35019   1446.03126     84.44423   1361.58703
     -4.34019   1444.88009     84.14033   1360.73976
     -4.33019   1589.53398     86.06152   1503.47246
     -4.32019   2055.89951     93.37361   1962.52590
     -4.31019   2535.88759    102.14819   2433.73939
     -4.30019   2475.30466    102.32237   2372.98229
     -4.29019   2049.35071     94.91090   1954.43981
     -4.28019   1780.51904     89.78800   1690.73104
     -4.27019   1825.39643     90.99077   1734.40567
     -4.26019   1997.43067     94.83323   1902.59744
     -4.25019   1937.55344     93.67935   1843.87409
     -4.24019   1817.65810     91.70391   1725.95419
     -4.23019   1815.55283     92.11549   1723.43735
     -4.22019   1860.14779     93.08971   1767.05808
     -4.21019   1834.87491     92.83907   1742.03584
     -4.20019   1776.96956     91.92622   1685.04333
     -4.19019   1862.91777     93.90311   1769.01467
     -4.18019   1873.03426     94.48116   1778.55310
     -4.17019   1810.86696     93.54318   1717.32378
     -4.16019   1828.99086     94.07819   1734.91267
     -4.15019   1871.48441     95.08175   1776.40267
     -4.14019   1904.24449     96.00135   1808.24313
     -4.13019   2006.22752     98.42966   1907.79786
     -4.12019   2147.32146    101.52727   2045.79419
     -4.11019   2203.13978    102.89925   2100.24053
     -4.10019   1789.95891     94.36631   1695.59260
     -4.09019   1237.24307     82.96655   1154.27653
     -4.08019   1022.34812     78.78074    943.56738
     -4.07019    992.41517     78.50004    913.91513
     -4.06019    993.64242     78.87188    914.77055
     -4.05019    998.87542     79.33941    919.53600
     -4.04019   1003.08535     79.80495    923.28040
     -4.03019   1007.62766     80.29239    927.33527
     -4.02019   1026.71328     81.06371    945.64957
     -4.01019   1175.02180     84.25352   1090.76828
     -4.00019   1694.07932     94.38673   1599.69259
     -3.99019   2293.28686    106.09242   2187.19444
     -3.98019   2354.10025    107.82595   2246.27431
     -3.97019   2134.55434    104.33555   2030.21879
     -3.96019   1988.75788    102.19534   1886.56254
     -3.95019   1918.12117    101.45845   1816.66272
     -3.94019   1877.42898    101.28388   1776.14510
     -3.93019   1850.27946    101.37870   1748.90076
     -3.92019   1840.89412    101.82830   1739.06581
     -3.91019   1831.56913    102.30374   1729.26539
     -3.90019   1825.96167    102.87250   1723.08917
     -3.89019   1821.26775    103.49371   1717.77403
     -3.88019   1821.00283    104.22002   1716.78281
     -3.87019   1822.64920    105.02730   1717.62190
     -3.86019   1824.81281    105.88293   1718.92988
     -3.85019   1830.31449    106.84182   1723.47268
     -3.84019   1834.39358    107.82165   1726.57194
     -3.83019   1841.68616    108.91582   1732.77034
     -3.82019   1849.31683    110.07985   1739.23699
     -3.81019   1858.52396    111.32977   1747.19418
     -3.80019   1869.65896    112.68814   1756.97082
     -3.79019   1879.71526    114.08777   1765.62750
     -3.78019   1895.87540    115.69699   1780.17841
     -3.77019   1906.52209    117.28691   1789.23518
     -3.76019   1922.84900    119.09992   1803.74908
     -3.75019   1937.99666    121.00975   1816.98691
     -3.74019   1956.83593    123.11754   1833.71839
     -3.73019   1977.18676    125.40175   1851.78501
     -3.72019   1998.26374    127.86864   1870.39510
     -3.71019   2022.03504    130.59464   1891.44040
     -3.70019   2048.27637    133.58267   1914.69371
     -3.69019   2078.07493    136.93058   1941.14435
     -3.68019   2111.47661    140.66037   1970.81625
     -3.67019   2146.21858    144.81596   2001.40262
     -3.66019   2189.59415    149.58770   2040.00645
     -3.65019   2237.40943    155.06960   2082.33983
     -3.64019   2291.33359    161.41231   2129.92128
     -3.63019   2355.18967    168.95409   2186.23558
     -3.62019   2430.19229    178.03649   2252.15579
     -3.61019   2526.53673    189.49327   2337.04347
     -3.60019   2643.20591    204.30492   2438.90099
     -3.59019   2812.15193    225.19246   2586.95947
     -3.58019   3067.80772    258.52736   2809.28036
     -3.57019   3539.33049    320.33737   3218.99311
     -3.56019   4096.77768    394.51012   3702.26756
     -3.55019   3804.02688    351.61125   3452.41564
     -3.54019   2558.95851    178.85368   2380.10483
     -3.53019   1791.02380     70.11197   1720.91183
     -3.52019   1660.24071     48.20547   1612.03524
     -3.51019   1693.01267     47.92392   1645.08874
     -3.50019   1743.99194     49.61162   1694.38032
     -3.49019   1813.53205     51.88252   1761.64953
     -3.48019   1896.89475     54.69236   1842.20239
     -3.47019   2010.85442     58.51605   1952.33837
     -3.46019   2170.17439     64.01405   2106.16034
     -3.45019   2448.02965     73.63206   2374.39759
     -3.44019   2933.07877     90.67771   2842.40106
     -3.43019   3278.91895    102.53213   3176.38681
     -3.42019   2605.04608     77.83490   2527.21118
     -3.41019   1529.76730     38.79734   1490.96996
     -3.40019   1101.10788     23.10260   1078.00528
     -3.39019   1070.45695     21.72327   1048.73368
     -3.38019   1150.15861     23.89703   1126.26158
     -3.37019   1418.82997     31.59326   1387.23671
     -3.36019   1891.02796     46.01116   1845.01681
     -3.35019   2118.27732     52.76840   2065.50893
     -3.34019   1653.35859     39.33709   1614.02150
     -3.33019   1175.87945     26.06863   1149.81082
     -3.32019    856.94845     18.02736    838.92110
     -3.31019    583.94098     11.57630    572.36468
     -3.30019    414.07631      7.75637    406.31994
     -3.29019    294.04477      5.17387    288.87090
     -3.28019    243.76648      4.10003    239.66645
     -3.27019    235.55822      3.92597    231.63225
     -3.26019    234.95330      3.91365    231.03965
     -3.25019    234.90349      3.91211    230.99138
     -3.24019    236.26269      3.91996    232.34273
     -3.23019    251.88761      4.05065    247.83696
     -3.22019    296.10832      4.42033    291.68798
     -3.21019    324.17662      4.63091    319.54571
     -3.20019    329.29846      4.58246    324.71600
     -3.19019    363.87273      4.73230    359.14042
     -3.18019    394.96343      4.87829    390.08514
     -3.17019    411.94613      4.93766    407.00848
     -3.16019    422.89536      4.96948    417.92587
     -3.15019    429.79213      4.98455    424.80758
     -3.14019    434.00541      4.98892    429.01649
     -3.13019    437.05816      4.99457    432.06359
     -3.12019    438.93901      4.99493    433.94408
     -3.11019    439.98702      4.99042    434.99660
     -3.10019    441.05604      4.99001    436.06603
     -3.09019    441.92454      4.98925    436.93529
     -3.08019    442.77943      4.98724    437.79219
     -3.07019    443.31400      4.98482    438.32918
     -3.06019    443.06190      4.97795    438.08395
     -3.05019    443.36364      4.97790    438.38574
     -3.04019    443.91345      4.98093    438.93252
     -3.03019    443.98335      4.97879    439.00456
     -3.02019    444.13057      4.97728    439.15330
     -3.01019    444.40182      4.97699    439.42483
     -3.00019    444.70540      4.97762    439.72778
     -2.99019    445.40243      4.98069    440.42174
     -2.98019    445.70866      4.98228    440.72638
     -2.97019    444.73243      4.97555    439.75688
     -2.96019    444.46352      4.97149    439.49204
     -2.95019    445.27882      4.98045    440.29837
     -2.94019    446.03322      4.99047    441.04276
     -2.93019    446.35157      4.99451    441.35707
     -2.92019    446.48357      4.99601    441.48756
     -2.91019    446.83556      5.00124    441.83432
     -2.90019    447.26568      5.00915    442.25653
     -2.89019    448.32580      5.02168    443.30412
     -2.88019    450.26778      5.03906    445.22872
     -2.87019    456.34880      5.11779    451.23101
     -2.86019    530.41630      6.08032    524.33598
     -2.85019    897.12775     10.82969    886.29806
     -2.84019   1499.73963     18.71764   1481.02199
     -2.83019   1659.38024     21.03140   1638.34885
     -2.82019   1420.06121     18.15183   1401.90937
     -2.81019   1222.75278     15.84393   1206.90885
     -2.80019   1098.53842     14.47189   1084.06652
     -2.79019   1020.28915     13.50038   1006.78876
     -2.78019    992.37296     13.11497    979.25799
     -2.77019    959.75399     12.77010    946.98389
     -2.76019    936.31761     12.51534    923.80227
     -2.75019    915.14892     12.28656    902.86237
     -2.74019    904.23169     12.18570    892.04598
     -2.73019    888.87612     12.03855    876.83757
     -2.72019    875.23528     11.91106    863.32422
     -2.71019    877.87493     11.98429    865.89063
     -2.70019    845.64603     11.66590    833.98013
     -2.69019    914.91709     13.08829    901.82880
     -2.68019    955.79910     15.17858    940.62051
     -2.67019    987.00796     16.15893    970.84903
     -2.66019    954.95308     14.40410    940.54898
     -2.65019    817.13585     11.73286    805.40299
     -2.64019    875.40909     12.94756    862.46153
     -2.63019   1414.71912     29.04601   1385.67312
     -2.62019   3522.72102     97.27461   3425.44642
     -2.61019   6831.80561    200.57606   6631.22955
     -2.60019   7592.39956    222.04852   7370.35104
     -2.59019   6034.02938    173.91014   5860.11924
     -2.58019   4804.07571    135.16134   4668.91437
     -2.57019   4256.89281    115.19604   4141.69677
     -2.56019   3831.46252    101.86135   3729.60117
     -2.55019   3444.27732     91.64972   3352.62760
     -2.54019   3452.14080     90.23289   3361.90791
     -2.53019   3903.44145    100.92784   3802.51360
     -2.52019   4283.00276    112.98641   4170.01635
     -2.51019   4218.11763    112.21352   4105.90411
     -2.50019   3698.92662     94.49365   3604.43297
     -2.49019   2786.07178     65.16938   2720.90240
     -2.48019   1634.72137     34.48848   1600.23288
     -2.47019    758.89289     13.25784    745.63506
     -2.46019    526.20064      6.72509    519.47555
     -2.45019    623.67876      7.41107    616.26769
     -2.44019    634.93167      7.81974    627.11193
     -2.43019    505.13058      6.33090    498.79968
     -2.42019    444.51450      5.34320    439.17130
     -2.41019    525.30043      6.07345    519.22697
     -2.40019    648.99551      7.68698    641.30853
     -2.39019    627.11879      7.84352    619.27527
     -2.38019    679.54308     10.00211    669.54096
     -2.37019   1750.75181     32.07046   1718.68135
     -2.36019   4224.83416     82.08016   4142.75400
     -2.35019   5607.27570    109.80309   5497.47260
     -2.34019   4877.84183     95.32134   4782.52049
     -2.33019   3964.65121     77.51264   3887.13857
     -2.32019   3557.19489     69.21754   3487.97734
     -2.31019   3605.94973     69.21467   3536.73506
     -2.30019   3896.70878     73.41150   3823.29728
     -2.29019   4019.10423     74.58213   3944.52210
     -2.28019   4249.14244     78.84405   4170.29839
     -2.27019   5133.37966     95.85071   5037.52895
     -2.26019   6085.81249    113.48400   5972.32849
     -2.25019   5311.22421     97.84717   5213.37703
     -2.24019   2964.22916     52.16400   2912.06516
     -2.23019   1443.77855     22.29788   1421.48067
     -2.22019    960.62648     12.68998    947.93650
     -2.21019    880.77722     11.37651    869.40071
     -2.20019    966.00515     13.18523    952.81993
     -2.19019   1004.57978     13.93586    990.64392
     -2.18019    879.30446     11.78757    867.51689
     -2.17019    787.84840     10.04542    777.80298
     -2.16019    712.87226      8.60628    704.26598
     -2.15019    610.59078      6.80730    603.78348
     -2.14019    589.63161      6.28230    583.34931
     -2.13019    623.95415      6.79058    617.16357
     -2.12019    633.13318      7.19984    625.93334
     -2.11019    603.52717      7.11676    596.41041
     -2.10019    565.35156      6.77298    558.57858
     -2.09019    539.67747      6.44562    533.23185
     -2.08019    534.56304      6.28965    528.27339
     -2.07019    567.69904      6.53406    561.16498
     -2.06019    632.89369      7.12564    625.76804
     -2.05019    683.07932      7.55658    675.52274
     -2.04019    716.98007      7.82324    709.15682
     -2.03019    740.44147      8.00009    732.44138
     -2.02019    755.25038      8.10844    747.14194
     -2.01019    766.14169      8.19655    757.94515
     -2.00019    774.54707      8.27858    766.26849
     -1.99019    781.01437      8.35766    772.65671
     -1.98019    786.07330      8.43391    777.63939
     -1.97019    789.59989      8.50027    781.09962
     -1.96019    791.00913      8.54337    782.46575
     -1.95019    789.41402      8.54251    780.87151
     -1.94019    784.02810      8.47636    775.55174
     -1.93019    774.58824      8.33048    766.25776
     -1.92019    761.78239      8.10190    753.68049
     -1.91019    747.02146      7.80188    739.21957
     -1.90019    732.72772      7.46119    725.26653
     -1.89019    723.93166      7.14418    716.78747
     -1.88019    732.31723      6.98769    725.32954
     -1.87019    796.61980      7.45380    789.16600
     -1.86019    962.31787      9.30063    953.01725
     -1.85019   1066.57429     11.08115   1055.49314
     -1.84019    900.74686      9.91653    890.83033
     -1.83019    686.79535      7.53729    679.25806
     -1.82019    608.81625      6.26476    602.55148
     -1.81019    678.87092      6.58378    672.28714
     -1.80019    926.66703      8.92127    917.74576
     -1.79019   1066.70600     10.35836   1056.34763
     -1.78019    837.91598      8.26922    829.64676
     -1.77019    691.30282      6.96786    684.33496
     -1.76019    841.34356      8.29617    833.04739
     -1.75019    944.75622      8.86135    935.89487
     -1.74019    877.14523      8.24503    868.90021
     -1.73019    840.68521      8.11156    832.57364
     -1.72019    897.97776      8.33099    889.64677
     -1.71019    934.04020      8.60110    925.43910
     -1.70019    896.69331      8.29230    888.40101
     -1.69019    911.49534      8.14766    903.34768
     -1.68019    952.50026      8.39043    944.10983
     -1.67019    982.52846      8.61056    973.91790
     -1.66019   1004.63833      8.83383    995.80451
     -1.65019   1075.36030      9.42616   1065.93414
     -1.64019   1094.65141      9.69511   1084.95631
     -1.63019   1086.66367     10.10521   1076.55846
     -1.62019   1249.28856     11.54852   1237.74004
     -1.61019   1515.67466     13.46551   1502.20915
     -1.60019   1573.83990     13.54934   1560.29056
     -1.59019   1451.25393     11.79845   1439.45547
     -1.58019   1565.79887     11.24223   1554.55664
     -1.57019   1734.79901     11.31391   1723.48509
     -1.56019   1429.23682     10.06406   1419.17277
     -1.55019    838.36986      8.17363    830.19623
     -1.54019    539.71171      7.27578    532.43593
     -1.53019    485.54458      7.11535    478.42923
     -1.52019    481.36725      7.09669    474.27056
     -1.51019    481.01715      7.09283    473.92432
     -1.50019    481.24383      7.09673    474.14710
     -1.49019    481.15644      7.09530    474.06114
     -1.48019    480.89474      7.09128    473.80346
     -1.47019    480.74813      7.08904    473.65909
     -1.46019    480.76998      7.08912    473.68086
     -1.45019    480.85071      7.09013    473.76059
     -1.44019    480.64975      7.08626    473.56349
     -1.43019    480.40680      7.08144    473.32536
     -1.42019    480.54109      7.08322    473.45787
     -1.41019    480.51333      7.08341    473.42993
     -1.40019    480.31836      7.08080    473.23756
     -1.39019    480.52971      7.08277    473.44694
     -1.38019    480.68929      7.08428    473.60501
     -1.37019    480.43744      7.07948    473.35797
     -1.36019    480.42818      7.07871    473.34946
     -1.35019    480.88440      7.08614    473.79825
     -1.34019    481.06232      7.08871    473.97361
     -1.33019    481.06487      7.08820    473.97668
     -1.32019    481.16409      7.08925    474.07484
     -1.31019    481.37667      7.09233    474.28434
     -1.30019    481.64814      7.09640    474.55174
     -1.29019    481.77535      7.09770    474.67765
     -1.28019    481.71468      7.09617    474.61851
     -1.27019    481.96259      7.10012    474.86247
     -1.26019    482.30993      7.10565    475.20428
     -1.25019    482.53239      7.10919    475.42320
     -1.24019    482.78365      7.11308    475.67057
     -1.23019    483.13477      7.11838    476.01640
     -1.22019    483.29501      7.12024    476.17476
     -1.21019    483.45169      7.12268    476.32901
     -1.20019    483.88926      7.13124    476.75802
     -1.19019    484.30673      7.13854    477.16819
     -1.18019    484.72135      7.14467    477.57668
     -1.17019    485.05399      7.15024    477.90375
     -1.16019    485.48109      7.15771    478.32339
     -1.15019    486.01141      7.16679    478.84461
     -1.14019    486.37987      7.17312    479.20675
     -1.13019    486.60517      7.17715    479.42801
     -1.12019    487.07269      7.18569    479.88700
     -1.11019    487.67470      7.19623    480.47847
     -1.10019    488.20752      7.20563    481.00189
     -1.09019    488.75257      7.21539    481.53718
     -1.08019    489.34297      7.22596    482.11701
     -1.07019    489.78198      7.23398    482.54800
     -1.06019    490.25430      7.24274    483.01156
     -1.05019    491.03688      7.25722    483.77966
     -1.04019    491.76465      7.27066    484.49399
     -1.03019    492.39990      7.28237    485.11753
     -1.02019    493.08382      7.29485    485.78896
     -1.01019    493.84699      7.30884    486.53816
     -1.00019    494.52437      7.32228    487.20210
     -0.99019    495.18788      7.33551    487.85237
     -0.98019    496.01636      7.35056    488.66581
     -0.97019    496.88464      7.36674    489.51790
     -0.96019    497.77153      7.38348    490.38806
     -0.95019    498.66046      7.40035    491.26012
     -0.94019    499.58772      7.41806    492.16967
     -0.93019    500.53558      7.43611    493.09947
     -0.92019    501.37917      7.45242    493.92676
     -0.91019    502.32426      7.47080    494.85346
     -0.90019    503.49632      7.49321    496.00311
     -0.89019    504.65275      7.51502    497.13774
     -0.88019    505.76408      7.53627    498.22781
     -0.87019    506.89823      7.55819    499.34004
     -0.86019    508.05354      7.58052    500.47302
     -0.85019    509.26048      7.60370    501.65678
     -0.84019    510.64064      7.62999    503.01065
     -0.83019    512.04616      7.65685    504.38932
     -0.82019    513.43051      7.68316    505.74735
     -0.81019    514.83873      7.71032    507.12841
     -0.80019    516.20178      7.73756    508.46422
     -0.79019    517.73341      7.76690    509.96651
     -0.78019    519.33963      7.79703    511.54260
     -0.77019    520.93169      7.82730    513.10440
     -0.76019    522.68383      7.86062    514.82322
     -0.75019    524.49673      7.89514    516.60159
     -0.74019    526.32331      7.92989    518.39341
     -0.73019    528.21310      7.96571    520.24740
     -0.72019    530.12269      8.00184    522.12085
     -0.71019    532.06218      8.03829    524.02389
     -0.70019    534.29028      8.07991    526.21037
     -0.69019    536.67155      8.12456    528.54699
     -0.68019    538.92755      8.16666    530.76089
     -0.67019    541.25557      8.20990    533.04567
     -0.66019    543.73829      8.25585    535.48244
     -0.65019    546.32961      8.30355    538.02605
     -0.64019    548.97087      8.35193    540.61894
     -0.63019    551.72082      8.40201    543.31881
     -0.62019    554.67436      8.45565    546.21871
     -0.61019    557.75604      8.51140    549.24464
     -0.60019    560.93601      8.56855    552.36746
     -0.59019    564.26073      8.62778    555.63295
     -0.58019    567.67677      8.68814    558.98864
     -0.57019    571.22849      8.75044    562.47805
     -0.56019    575.13661      8.81903    566.31759
     -0.55019    579.18391      8.88987    570.29404
     -0.54019    583.30344      8.96108    574.34236
     -0.53019    587.72680      9.03610    578.69069
     -0.52019    592.38618      9.11470    583.27148
     -0.51019    597.24899      9.19634    588.05266
     -0.50019    602.35383      9.28101    593.07282
     -0.49019    607.76006      9.37000    598.39006
     -0.48019    613.43089      9.46303    603.96786
     -0.47019    619.51257      9.56098    609.95159
     -0.46019    626.22491      9.66588    616.55902
     -0.45019    633.17068      9.77440    623.39628
     -0.44019    640.40308      9.88683    630.51624
     -0.43019    648.22768     10.00614    638.22155
     -0.42019    656.67447     10.13282    646.54166
     -0.41019    665.75574     10.26693    655.48880
     -0.40019    675.52396     10.40908    665.11488
     -0.39019    686.18244     10.56063    675.62181
     -0.38019    697.82635     10.72226    687.10409
     -0.37019    710.51146     10.89496    699.61650
     -0.36019    724.44217     11.08091    713.36126
     -0.35019    739.74086     11.28084    728.46002
     -0.34019    757.26341     11.50152    745.76189
     -0.33019    777.54441     11.74782    765.79659
     -0.32019    800.09160     12.01509    788.07651
     -0.31019    826.03771     12.31103    813.72669
     -0.30019    857.01323     12.65051    844.36272
     -0.29019    894.83873     13.04764    881.79109
     -0.28019    942.68035     13.52569    929.15466
     -0.27019   1006.30485     14.12764    992.17721
     -0.26019   1100.84908     14.96723   1085.88186
     -0.25019   1267.93040     16.35668   1251.57373
     -0.24019   1534.55227     18.49623   1516.05605
     -0.23019   1613.03298     19.23360   1593.79938
     -0.22019   1142.79552     15.88100   1126.91452
     -0.21019    628.96771     12.22712    616.74058
     -0.20019    466.82595     11.22683    455.59912
     -0.19019    456.13776     11.37815    444.75961
     -0.18019    465.40330     11.69775    453.70556
     -0.17019    476.43587     12.05130    464.38457
     -0.16019    488.62116     12.43885    476.18231
     -0.15019    502.20111     12.86748    489.33363
     -0.14019    517.19288     13.33842    503.85446
     -0.13019    533.87029     13.85968    520.01061
     -0.12019    553.14908     14.45620    538.69288
     -0.11019    575.32036     15.13703    560.18334
     -0.10019    600.71471     15.91269    584.80203
     -0.09019    630.42731     16.81428    613.61304
     -0.08019    666.09244     17.88817    648.20427
     -0.07019    709.58277     19.18834    690.39443
     -0.06019    764.53743     20.81863    743.71879
     -0.05019    838.45064     22.99119    815.45945
     -0.04019    944.21796     26.07339    918.14457
     -0.03019   1117.64914     31.08067   1086.56846
     -0.02019   1424.96345     39.88634   1385.07711
     -0.01019   1708.93457     48.04353   1660.89103
     -0.00019   1352.53470     38.09917   1314.43553
      0.00981    525.20459     14.80570    510.39889
      0.01981     86.44647      2.43768     84.00879
      0.02981      5.65710      0.15954      5.49756
      0.03981      0.14252      0.00402      0.13850
      0.04981      0.00033      0.00001      0.00032
      0.05981      0.00000      0.00000      0.00000
      0.06981      0.00000      0.00000      0.00000
      0.07981      0.00000      0.00000      0.00000
      0.08981      0.00000      0.00000      0.00000
      0.09981      0.00000      0.00000      0.00000
      0.10981      0.00000      0.00000      0.00000
      0.11981      0.00000      0.00000      0.00000
      0.12981      0.00000      0.00000      0.00000
      0.13981      0.00000      0.00000      0.00000
      0.14981      0.00000      0.00000      0.00000
      0.15981      0.00000      0.00000      0.00000
      0.16981      0.00000      0.00000      0.00000
      0.17981      0.00000      0.00000      0.00000
      0.18981      0.00000      0.00000      0.00000
      0.19981      0.00000      0.00000      0.00000
      0.20981      0.00000      0.00000      0.00000
      0.21981      0.00000      0.00000      0.00000
      0.22981      0.00000      0.00000      0.00000
      0.23981      0.00000      0.00000      0.00000
      0.24981      0.00000      0.00000      0.00000
      0.25981      0.00000      0.00000      0.00000
      0.26981      0.00000      0.00000      0.00000
      0.27981      0.00000      0.00000      0.00000
      0.28981      0.00000      0.00000      0.00000
      0.29981      0.00000      0.00000      0.00000
      0.30981      0.00000      0.00000      0.00000
      0.31981      0.00000      0.00000      0.00000
      0.32981      0.00000      0.00000      0.00000
      0.33981      0.00000      0.00000      0.00000
      0.34981      0.00000      0.00000      0.00000
      0.35981      0.00000      0.00000      0.00000
      0.36981      0.00000      0.00000      0.00000
      0.37981      0.00000      0.00000      0.00000
      0.38981      0.00000      0.00000      0.00000
      0.39981      0.00000      0.00000      0.00000
      0.40981      0.00000      0.00000      0.00000
      0.41981      0.00000      0.00000      0.00000
      0.42981      0.00000      0.00000      0.00000
      0.43981      0.00000      0.00000      0.00000
      0.44981      0.00000      0.00000      0.00000
      0.45981      0.00000      0.00000      0.00000
      0.46981      0.00000      0.00000      0.00000
      0.47981      0.00000      0.00000      0.00000
      0.48981      0.00000      0.00000      0.00000
      0.49981      0.00000      0.00000      0.00000
      0.50981      0.00000      0.00000      0.00000
      0.51981      0.00000      0.00000      0.00000
      0.52981      0.00000      0.00000      0.00000
      0.53981      0.00000      0.00000      0.00000
      0.54981      0.00000      0.00000      0.00000
      0.55981      0.00000      0.00000      0.00000
      0.56981      0.00000      0.00000      0.00000
      0.57981      0.00000      0.00000      0.00000
      0.58981      0.00000      0.00000      0.00000
      0.59981      0.00000      0.00000      0.00000
      0.60981      0.00000      0.00000      0.00000
      0.61981      0.00000      0.00000      0.00000
      0.62981      0.00000      0.00000      0.00000
      0.63981      0.00000      0.00000      0.00000
      0.64981      0.00000      0.00000      0.00000
      0.65981      0.00000      0.00000      0.00000
      0.66981      0.00000      0.00000      0.00000
      0.67981      0.00000      0.00000      0.00000
      0.68981      0.00000      0.00000      0.00000
      0.69981      0.00000      0.00000      0.00000
      0.70981      0.00000      0.00000      0.00000
      0.71981      0.00000      0.00000      0.00000
      0.72981      0.00000      0.00000      0.00000
      0.73981      0.00000      0.00000      0.00000
      0.74981      0.00000      0.00000      0.00000
      0.75981      0.00000      0.00000      0.00000
      0.76981      0.00000      0.00000      0.00000
      0.77981      0.00000      0.00000      0.00000
      0.78981      0.00000      0.00000      0.00000
      0.79981      0.00000      0.00000      0.00000
      0.80981      0.00000      0.00000      0.00000
      0.81981      0.00000      0.00000      0.00000
      0.82981      0.00000      0.00000      0.00000
      0.83981      0.00000      0.00000      0.00000
      0.84981      0.00000      0.00000      0.00000
      0.85981      0.00000      0.00000      0.00000
      0.86981      0.00000      0.00000      0.00000
      0.87981      0.00000      0.00000      0.00000
      0.88981      0.00000      0.00000      0.00000
      0.89981      0.00000      0.00000      0.00000
      0.90981      0.00000      0.00000      0.00000
      0.91981      0.00000      0.00000      0.00000
      0.92981      0.00000      0.00000      0.00000
      0.93981      0.00000      0.00000      0.00000
      0.94981      0.00000      0.00000      0.00000
      0.95981      0.00000      0.00000      0.00000
      0.96981      0.00000      0.00000      0.00000
      0.97981      0.00000      0.00000      0.00000
      0.98981      0.00000      0.00000      0.00000
      0.99981      0.00000      0.00000      0.00000
      1.00981      0.00000      0.00000      0.00000
      1.01981      0.00000      0.00000      0.00000
      1.02981      0.00000      0.00000      0.00000
      1.03981      0.00000      0.00000      0.00000
      1.04981      0.00000      0.00000      0.00000
      1.05981      0.00000      0.00000      0.00000
      1.06981      0.00000      0.00000      0.00000
      1.07981      0.00000      0.00000      0.00000
      1.08981      0.00000      0.00000      0.00000
      1.09981      0.00000      0.00000      0.00000
      1.10981      0.00000      0.00000      0.00000
      1.11981      0.00000      0.00000      0.00000
      1.12981      0.00000      0.00000      0.00000
      1.13981      0.00000      0.00000      0.00000
      1.14981      0.00000      0.00000      0.00000
      1.15981      0.00000      0.00000      0.00000
      1.16981      0.00000      0.00000      0.00000
      1.17981      0.00000      0.00000      0.00000
      1.18981      0.00000      0.00000      0.00000
      1.19981      0.00000      0.00000      0.00000
      1.20981      0.00000      0.00000      0.00000
      1.21981      0.00000      0.00000      0.00000
      1.22981      0.00000      0.00000      0.00000
      1.23981      0.00000      0.00000      0.00000
      1.24981      0.00000      0.00000      0.00000
      1.25981      0.00000      0.00000      0.00000
      1.26981      0.00000      0.00000      0.00000
      1.27981      0.00000      0.00000      0.00000
      1.28981      0.00000      0.00000      0.00000
      1.29981      0.00000      0.00000      0.00000
      1.30981      0.00000      0.00000      0.00000
      1.31981      0.00000      0.00000      0.00000
      1.32981      0.00000      0.00000      0.00000
      1.33981      0.00000      0.00000      0.00000
      1.34981      0.00000      0.00000      0.00000
      1.35981      0.00000      0.00000      0.00000
      1.36981      0.00000      0.00000      0.00000
      1.37981      0.00000      0.00000      0.00000
      1.38981      0.00000      0.00000      0.00000
      1.39981      0.00000      0.00000      0.00000
      1.40981      0.00000      0.00000      0.00000
      1.41981      0.00000      0.00000      0.00000
      1.42981      0.00000      0.00000      0.00000
      1.43981      0.00000      0.00000      0.00000
      1.44981      0.00000      0.00000      0.00000
      1.45981      0.00000      0.00000      0.00000
      1.46981      0.00000      0.00000      0.00000
      1.47981      0.00000      0.00000      0.00000
      1.48981      0.00000      0.00000      0.00000
      1.49981      0.00000      0.00000      0.00000
      1.50981      0.00000      0.00000      0.00000
      1.51981      0.00000      0.00000      0.00000
      1.52981      0.00000      0.00000      0.00000
      1.53981      0.00000      0.00000      0.00000
      1.54981      0.00000      0.00000      0.00000
      1.55981      0.00000      0.00000      0.00000
      1.56981      0.00000      0.00000      0.00000
      1.57981      0.00000      0.00000      0.00000
      1.58981      0.00000      0.00000      0.00000
      1.59981      0.00000      0.00000      0.00000
      1.60981      0.00000      0.00000      0.00000
      1.61981      0.00000      0.00000      0.00000
      1.62981      0.00000      0.00000      0.00000
      1.63981      0.00000      0.00000      0.00000
      1.64981      0.00000      0.00000      0.00000
      1.65981      0.00000      0.00000      0.00000
      1.66981      0.00000      0.00000      0.00000
      1.67981      0.00000      0.00000      0.00000
      1.68981      0.00000      0.00000      0.00000
      1.69981      0.00000      0.00000      0.00000
      1.70981      0.00000      0.00000      0.00000
      1.71981      0.00000      0.00000      0.00000
      1.72981      0.00000      0.00000      0.00000
      1.73981      0.00000      0.00000      0.00000
      1.74981      0.00000      0.00000      0.00000
      1.75981      0.00000      0.00000      0.00000
      1.76981      0.00000      0.00000      0.00000
      1.77981      0.00000      0.00000      0.00000
      1.78981      0.00000      0.00000      0.00000
      1.79981      0.00000      0.00000      0.00000
      1.80981      0.00000      0.00000      0.00000
      1.81981      0.00000      0.00000      0.00000
      1.82981      0.00000      0.00000      0.00000
      1.83981      0.00000      0.00000      0.00000
      1.84981      0.00000      0.00000      0.00000
      1.85981      0.00000      0.00000      0.00000
      1.86981      0.00000      0.00000      0.00000
      1.87981      0.00000      0.00000      0.00000
      1.88981      0.00000      0.00000      0.00000
      1.89981      0.00000      0.00000      0.00000
      1.90981      0.00000      0.00000      0.00000
      1.91981      0.00000      0.00000      0.00000
      1.92981      0.00000      0.00000      0.00000
      1.93981      0.00000      0.00000      0.00000
      1.94981      0.00000      0.00000      0.00000
      1.95981      0.00000      0.00000      0.00000
      1.96981      0.00000      0.00000      0.00000
      1.97981      0.00000      0.00000      0.00000
      1.98981      0.00000      0.00000      0.00000
      1.99981      0.00000      0.00000      0.00000
      2.00981      0.00000      0.00000      0.00000
      2.01981      0.00000      0.00000      0.00000
      2.02981      0.00000      0.00000      0.00000
      2.03981      0.00000      0.00000      0.00000
      2.04981      0.00000      0.00000      0.00000
      2.05981      0.00000      0.00000      0.00000
      2.06981      0.00000      0.00000      0.00000
      2.07981      0.00000      0.00000      0.00000
      2.08981      0.00000      0.00000      0.00000
      2.09981      0.00000      0.00000      0.00000
      2.10981      0.00000      0.00000      0.00000
      2.11981      0.00000      0.00000      0.00000
      2.12981      0.00000      0.00000      0.00000
      2.13981      0.00000      0.00000      0.00000
      2.14981      0.00000      0.00000      0.00000
      2.15981      0.00000      0.00000      0.00000
      2.16981      0.00000      0.00000      0.00000
      2.17981      0.00000      0.00000      0.00000
      2.18981      0.00000      0.00000      0.00000
      2.19981      0.00000      0.00000      0.00000
      2.20981      0.00000      0.00000      0.00000
      2.21981      0.00000      0.00000      0.00000
      2.22981      0.00000      0.00000      0.00000
      2.23981      0.00000      0.00000      0.00000
      2.24981      0.00000      0.00000      0.00000
      2.25981      0.00000      0.00000      0.00000
      2.26981      0.00000      0.00000      0.00000
      2.27981      0.00000      0.00000      0.00000
      2.28981      0.00000      0.00000      0.00000
      2.29981      0.00000      0.00000      0.00000
      2.30981      0.00000      0.00000      0.00000
      2.31981      0.00000      0.00000      0.00000
      2.32981      0.00000      0.00000      0.00000
      2.33981      0.00000      0.00000      0.00000
      2.34981      0.00000      0.00000      0.00000
      2.35981      0.00000      0.00000      0.00000
      2.36981      0.00000      0.00000      0.00000
      2.37981      0.00000      0.00000      0.00000
      2.38981      0.00000      0.00000      0.00000
      2.39981      0.00000      0.00000      0.00000
      2.40981      0.00000      0.00000      0.00000
      2.41981      0.00000      0.00000      0.00000
      2.42981      0.00000      0.00000      0.00000
      2.43981      0.00000      0.00000      0.00000
      2.44981      0.00000      0.00000      0.00000
      2.45981      0.00000      0.00000      0.00000
      2.46981      0.00000      0.00000      0.00000
      2.47981      0.00000      0.00000      0.00000
      2.48981      0.00000      0.00000      0.00000
      2.49981      0.00000      0.00000      0.00000
      2.50981      0.00000      0.00000      0.00000
      2.51981      0.00000      0.00000      0.00000
      2.52981      0.00000      0.00000      0.00000
      2.53981      0.00000      0.00000      0.00000
      2.54981      0.00000      0.00000      0.00000
      2.55981      0.00000      0.00000      0.00000
      2.56981      0.00000      0.00000      0.00000
      2.57981      0.00000      0.00000      0.00000
      2.58981      0.00000      0.00000      0.00000
      2.59981      0.00000      0.00000      0.00000
      2.60981      0.00000      0.00000      0.00000
      2.61981      0.00000      0.00000      0.00000
      2.62981      0.00000      0.00000      0.00000
      2.63981      0.00000      0.00000      0.00000
      2.64981      0.00000      0.00000      0.00000
      2.65981      0.00000      0.00000      0.00000
      2.66981      0.00000      0.00000      0.00000
      2.67981      0.00000      0.00000      0.00000
      2.68981      0.00000      0.00000      0.00000
      2.69981      0.00000      0.00000      0.00000
      2.70981      0.00000      0.00000      0.00000
      2.71981      0.00000      0.00000      0.00000
      2.72981      0.00000      0.00000      0.00000
      2.73981      0.00000      0.00000      0.00000
      2.74981      0.00000      0.00000      0.00000
      2.75981      0.00000      0.00000      0.00000
      2.76981      0.00000      0.00000      0.00000
      2.77981      0.00000      0.00000      0.00000
      2.78981      0.00000      0.00000      0.00000
      2.79981      0.00000      0.00000      0.00000
      2.80981      0.00000      0.00000      0.00000
      2.81981      0.00000      0.00000      0.00000
      2.82981      0.00000      0.00000      0.00000
      2.83981      0.00000      0.00000      0.00000
      2.84981      0.00000      0.00000      0.00000
      2.85981      0.00000      0.00000      0.00000
      2.86981      0.00000      0.00000      0.00000
      2.87981      0.00000      0.00000      0.00000
      2.88981      0.00000      0.00000      0.00000
      2.89981      0.00000      0.00000      0.00000
      2.90981      0.00000      0.00000      0.00000
      2.91981      0.00000      0.00000      0.00000
      2.92981      0.00000      0.00000      0.00000
      2.93981      0.00000      0.00000      0.00000
      2.94981      0.00000      0.00000      0.00000
      2.95981      0.00000      0.00000      0.00000
      2.96981      0.00000      0.00000      0.00000
      2.97981      0.00000      0.00000      0.00000
      2.98981      0.00000      0.00000      0.00000
      2.99981      0.00000      0.00000      0.00000
      3.00981      0.00000      0.00000      0.00000
      3.01981      0.00000      0.00000      0.00000
      3.02981      0.00000      0.00000      0.00000
      3.03981      0.00000      0.00000      0.00000
      3.04981      0.00000      0.00000      0.00000
      3.05981      0.00000      0.00000      0.00000
      3.06981      0.00000      0.00000      0.00000
      3.07981      0.00000      0.00000      0.00000
      3.08981      0.00000      0.00000      0.00000
      3.09981      0.00000      0.00000      0.00000
      3.10981      0.00000      0.00000      0.00000
      3.11981      0.00000      0.00000      0.00000
      3.12981      0.00000      0.00000      0.00000
      3.13981      0.00000      0.00000      0.00000
      3.14981      0.00000      0.00000      0.00000
      3.15981      0.00000      0.00000      0.00000
      3.16981      0.00000      0.00000      0.00000
      3.17981      0.00000      0.00000      0.00000
      3.18981      0.00000      0.00000      0.00000
      3.19981      0.00000      0.00000      0.00000
      3.20981      0.00000      0.00000      0.00000
      3.21981      0.00000      0.00000      0.00000
      3.22981      0.00000      0.00000      0.00000
      3.23981      0.00000      0.00000      0.00000
      3.24981      0.00000      0.00000      0.00000
      3.25981      0.00000      0.00000      0.00000
      3.26981      0.00000      0.00000      0.00000
      3.27981      0.00000      0.00000      0.00000
      3.28981      0.00000      0.00000      0.00000
      3.29981      0.00000      0.00000      0.00000
      3.30981      0.00000      0.00000      0.00000
      3.31981      0.00000      0.00000      0.00000
      3.32981      0.00000      0.00000      0.00000
      3.33981      0.00000      0.00000      0.00000
      3.34981      0.00000      0.00000      0.00000
      3.35981      0.00000      0.00000      0.00000
      3.36981      0.00000      0.00000      0.00000
      3.37981      0.00000      0.00000      0.00000
      3.38981      0.00000      0.00000      0.00000
      3.39981      0.00000      0.00000      0.00000
      3.40981      0.00000      0.00000      0.00000
      3.41981      0.00000      0.00000      0.00000
      3.42981      0.00000      0.00000      0.00000
      3.43981      0.00000      0.00000      0.00000
      3.44981      0.00000      0.00000      0.00000
      3.45981      0.00000      0.00000      0.00000
      3.46981      0.00000      0.00000      0.00000
      3.47981      0.00000      0.00000      0.00000
      3.48981      0.00000      0.00000      0.00000
      3.49981      0.00000      0.00000      0.00000
      3.50981      0.00000      0.00000      0.00000
      3.51981      0.00000      0.00000      0.00000
      3.52981      0.00000      0.00000      0.00000
      3.53981      0.00000      0.00000      0.00000
      3.54981      0.00000      0.00000      0.00000
      3.55981      0.00000      0.00000      0.00000
      3.56981      0.00000      0.00000      0.00000
      3.57981      0.00000      0.00000      0.00000
      3.58981      0.00000      0.00000      0.00000
      3.59981      0.00000      0.00000      0.00000
      3.60981      0.00000      0.00000      0.00000
      3.61981      0.00000      0.00000      0.00000
      3.62981      0.00000      0.00000      0.00000
      3.63981      0.00000      0.00000      0.00000
      3.64981      0.00000      0.00000      0.00000
      3.65981      0.00000      0.00000      0.00000
      3.66981      0.00000      0.00000      0.00000
      3.67981      0.00000      0.00000      0.00000
      3.68981      0.00000      0.00000      0.00000
      3.69981      0.00000      0.00000      0.00000
      3.70981      0.00000      0.00000      0.00000
      3.71981      0.00000      0.00000      0.00000
      3.72981      0.00000      0.00000      0.00000
      3.73981      0.00000      0.00000      0.00000
      3.74981      0.00000      0.00000      0.00000
      3.75981      0.00000      0.00000      0.00000
      3.76981      0.00000      0.00000      0.00000
      3.77981      0.00000      0.00000      0.00000
      3.78981      0.00000      0.00000      0.00000
      3.79981      0.00000      0.00000      0.00000
      3.80981      0.00000      0.00000      0.00000
      3.81981      0.00000      0.00000      0.00000
      3.82981      0.00000      0.00000      0.00000
      3.83981      0.00576      0.00006      0.00570
      3.84981      0.52841      0.00569      0.52272
      3.85981     16.10544      0.17373     15.93171
      3.86981    189.12011      2.04701    187.07310
      3.87981    887.32825      9.66505    877.66321
      3.88981   1801.65142     19.87995   1781.77147
      3.89981   1906.14718     21.61971   1884.52747
      3.90981   1488.69578     17.71014   1470.98564
      3.91981   1187.17358     14.92323   1172.25035
      3.92981   1025.47603     13.56054   1011.91549
      3.93981    922.02521     12.77488    909.25033
      3.94981    848.29711     12.28107    836.01604
      3.95981    792.81647     11.96489    780.85157
      3.96981    748.98805     11.75960    737.22845
      3.97981    713.31360     11.63025    701.68335
      3.98981    682.49186     11.53658    670.95528
      3.99981    656.08840     11.48119    644.60720
      4.00981    633.83554     11.46667    622.36887
      4.01981    615.13483     11.48913    603.64571
      4.02981    615.10044     11.82237    603.27807
      4.03981    754.61080     14.62298    739.98781
      4.04981   1242.37382     23.61495   1218.75887
      4.05981   1726.97576     32.55543   1694.42034
      4.06981   1671.16716     31.87857   1639.28859
      4.07981   1401.66369     27.38450   1374.27919
      4.08981   1226.98597     24.56185   1202.42413
      4.09981   1127.19289     23.06015   1104.13275
      4.10981   1060.05247     22.13056   1037.92192
      4.11981   1009.57523     21.49016    988.08508
      4.12981    969.53101     21.02902    948.50199
      4.13981    936.51731     20.68690    915.83041
      4.14981    908.68832     20.43221    888.25611
      4.15981    884.84642     20.24448    864.60193
      4.16981    863.51753     20.09673    843.42081
      4.17981    844.54830     19.98690    824.56140
      4.18981    828.02673     19.91825    808.10848
      4.19981    813.14926     19.87597    793.27329
      4.20981    799.55395     19.85347    779.70048
      4.21981    787.03990     19.84744    767.19245
      4.22981    775.58394     19.85816    755.72577
      4.23981    765.17679     19.88576    745.29103
      4.24981    755.55902     19.92587    735.63315
      4.25981    746.54768     19.97453    726.57314
      4.26981    738.06407     20.02938    718.03469
      4.27981    730.32202     20.09698    710.22504
      4.28981    723.08750     20.17286    702.91464
      4.29981    715.99203     20.24911    695.74292
      4.30981    709.51292     20.33649    689.17642
      4.31981    703.51182     20.43020    683.08162
      4.32981    697.69906     20.52436    677.17470
      4.33981    692.25733     20.62530    671.63202
      4.34981    687.19898     20.73312    666.46586
      4.35981    682.33567     20.84317    661.49250
      4.36981    677.53510     20.95162    656.58348
      4.37981    673.07742     21.06578    652.01164
      4.38981    668.93884     21.18532    647.75352
      4.39981    664.93696     21.30630    643.63065
      4.40981    661.23997     21.43527    639.80470
      4.41981    657.66301     21.56441    636.09860
      4.42981    654.02725     21.68693    632.34032
      4.43981    650.65072     21.82386    628.82686
      4.44981    647.93717     22.39903    625.53814
      4.45981    653.23570     30.31245    622.92324
      4.46981    701.25620     77.42494    623.83126
      4.47981    791.17651    162.87186    628.30465
      4.48981    874.99367    240.12258    634.87109
      4.49981   1494.11566    794.47049    699.64517
      4.50981   3224.83344   2345.09691    879.73653
      4.51981   4478.75041   3470.25808   1008.49233
      4.52981   4577.58093   3564.57429   1013.00663
      4.53981   5454.76269   4361.55101   1093.21168
      4.54981   6364.65091   5186.10946   1178.54144
      4.55981   5767.60339   4652.43240   1115.17099
      4.56981   4794.74760   3779.67988   1015.06772
      4.57981   4192.82461   3240.47367    952.35094
      4.58981   3822.75177   2909.88045    912.87131
      4.59981   3557.36886   2673.44409    883.92477
      4.60981   3350.40754   2489.45255    860.95499
      4.61981   3181.88997   2339.97585    841.91412
      4.62981   3040.93389   2215.24115    825.69273
      4.63981   2920.64091   2108.85784    811.78307
      4.64981   2816.00870   2016.50525    799.50346
      4.65981   2723.91719   1935.47248    788.44470
      4.66981   2641.96200   1863.58099    778.38100
      4.67981   2568.42985   1799.11006    769.31979
      4.68981   2502.21952   1740.92689    761.29264
      4.69981   2441.92940   1688.21652    753.71288
      4.70981   2386.73191   1640.15769    746.57422
      4.71981   2335.78918   1595.83800    739.95118
      4.72981   2288.29653   1554.70571    733.59082
      4.73981   2244.27092   1516.71727    727.55366
      4.74981   2203.92871   1481.58658    722.34213
      4.75981   2166.31259   1448.90783    717.40476
      4.76981   2130.79485   1418.34238    712.45247
      4.77981   2096.83216   1389.23386    707.59829
      4.78981   2064.86655   1361.77192    703.09462
      4.79981   2035.40819   1336.18591    699.22229
      4.80981   2007.31616   1312.00013    695.31603
      4.81981   1980.75981   1289.42980    691.33001
      4.82981   1955.58058   1267.96773    687.61285
      4.83981   1930.94124   1247.05027    683.89098
      4.84981   1906.96783   1226.95649    680.01134
      4.85981   1885.07204   1208.12711    676.94493
      4.86981   1864.56700   1190.35301    674.21400
      4.87981   1844.71434   1173.54608    671.16825
      4.88981   1825.62008   1157.56640    668.05368
      4.89981   1806.79042   1141.79829    664.99213
      4.90981   1789.00093   1126.51864    662.48228
      4.91981   1771.64485   1111.57577    660.06908
      4.92981   1755.03741   1097.67116    657.36625
      4.93981   1739.26888   1084.54419    654.72469
      4.94981   1724.09871   1071.97565    652.12306
      4.95981   1709.03175   1059.71532    649.31643
      4.96981   1694.52266   1047.67378    646.84888
      4.97981   1681.14939   1036.15009    644.99930
      4.98981   1666.90736   1024.42889    642.47846
      4.99981   1652.59957   1013.23433    639.36524
      5.00981   1638.13698   1002.88239    635.25460
      5.01981   1617.35301    992.41251    624.94050
      5.02981   1569.49467    980.34257    589.15209
      5.03981   1471.80068    964.75773    507.04295
      5.04981   1388.37888    950.10574    438.27314
      5.05981   1416.62678    942.32406    474.30271
      5.06981   1492.26164    937.33726    554.92439
      5.07981   1503.69922    929.55379    574.14543
      5.08981   1472.86503    919.66708    553.19795
      5.09981   1616.20331    914.03841    702.16490
      5.10981   2177.16099    912.39704   1264.76395
      5.11981   2961.56102    910.40643   2051.15459
      5.12981   3114.85388    904.90624   2209.94764
      5.13981   2737.06358    897.73699   1839.32659
      5.14981   2426.30628    890.02391   1536.28237
      5.15981   2280.48540    884.19911   1396.28629
      5.16981   2167.26464    876.50333   1290.76131
      5.17981   1991.10530    864.20221   1126.90309
      5.18981   1909.94275    856.34397   1053.59878
      5.19981   2027.65452    859.15156   1168.50296
      5.20981   2206.40661    862.10318   1344.30344
      5.21981   2151.76554    853.18065   1298.58489
      5.22981   1856.62064    838.78510   1017.83554
      5.23981   1667.24998    828.34591    838.90406
      5.24981   1663.88985    822.49662    841.39323
      5.25981   1724.38816    818.51551    905.87265
      5.26981   1798.58735    816.08504    982.50231
      5.27981   1998.27175    826.39813   1171.87362
      5.28981   2817.83526    892.06363   1925.77163
      5.29981   4191.39563   1006.76990   3184.62573
      5.30981   4594.40297   1039.14126   3555.26170
      5.31981   3972.31568    983.99778   2988.31789
      5.32981   3405.39636    933.27445   2472.12192
      5.33981   3078.62398    902.66331   2175.96067
      5.34981   2863.14997    881.65280   1981.49717
      5.35981   2749.40409    867.21446   1882.18963
      5.36981   2809.63351    860.92102   1948.71249
      5.37981   3042.92371    863.59983   2179.32388
      5.38981   3117.36958    863.11084   2254.25874
      5.39981   2742.06881    844.65580   1897.41302
      5.40981   2373.22972    823.43367   1549.79605
      5.41981   2223.03782    810.01062   1413.02720
      5.42981   2202.42844    802.80352   1399.62492
      5.43981   2364.12306    805.23922   1558.88384
      5.44981   2664.04169    814.81972   1849.22198
      5.45981   2676.22541    810.24351   1865.98190
      5.46981   2323.77118    789.96056   1533.81061
      5.47981   2060.86470    774.61493   1286.24977
      5.48981   2094.26170    772.68234   1321.57936
      5.49981   2334.95421    780.84770   1554.10651
      5.50981   2460.57349    781.51975   1679.05374
      5.51981   2300.17785    768.50341   1531.67444
      5.52981   2047.78201    754.30611   1293.47590
      5.53981   2037.13469    752.70380   1284.43088
      5.54981   2218.98335    758.99501   1459.98834
      5.55981   2285.10616    755.68913   1529.41703
      5.56981   2166.20353    744.72946   1421.47408
      5.57981   2046.48608    738.70201   1307.78407
      5.58981   2105.35397    740.77514   1364.57883
      5.59981   2112.17572    735.46576   1376.70996
      5.60981   2025.59302    725.53151   1300.06152
      5.61981   1960.64205    721.15983   1239.48222
      5.62981   2108.04502    729.17641   1378.86861
      5.63981   2226.68778    732.11607   1494.57172
      5.64981   2134.56872    720.48999   1414.07874
      5.65981   1986.06054    708.72426   1277.33628
      5.66981   1931.79012    706.03130   1225.75882
      5.67981   1983.64893    706.59701   1277.05192
      5.68981   1970.66919    700.97591   1269.69328
      5.69981   1977.85350    698.97369   1278.87981
      5.70981   2015.32409    701.52392   1313.80016
      5.71981   1943.82758    695.46845   1248.35913
      5.72981   1913.56137    688.64877   1224.91260
      5.73981   2002.73082    690.90177   1311.82905
      5.74981   1975.07253    689.76675   1285.30578
      5.75981   1867.21076    681.16071   1186.05005
      5.76981   1905.68117    678.60576   1227.07540
      5.77981   1997.08145    682.49835   1314.58310
      5.78981   1909.53503    677.34695   1232.18808
      5.79981   1817.04018    668.44371   1148.59647
      5.80981   1899.25904    668.94372   1230.31532
      5.81981   1965.15657    671.81725   1293.33932
      5.82981   1843.75489    664.88445   1178.87043
      5.83981   1797.67378    659.56987   1138.10392
      5.84981   1895.07545    663.12010   1231.95535
      5.85981   1867.27508    659.89233   1207.38274
      5.86981   1769.92370    651.79842   1118.12528
      5.87981   1815.70821    652.72663   1162.98158
      5.88981   1856.17331    654.67212   1201.50119
      5.89981   1742.23560    647.22389   1095.01171
      5.90981   1755.65014    647.61638   1108.03376
      5.91981   1989.51714    661.43757   1328.07958
      5.92981   2068.63431    668.50451   1400.12980
      5.93981   1977.84877    665.03610   1312.81267
      5.94981   1957.13550    660.16799   1296.96750
      5.95981   1975.83057    656.74734   1319.08323
      5.96981   1936.62721    651.50431   1285.12289
      5.97981   1937.42455    652.91051   1284.51404
      5.98981   1958.80313    657.29733   1301.50580
      5.99981   1918.79570    656.35159   1262.44411
      6.00981   1961.04394    659.69822   1301.34572
      6.01981   2095.06544    673.91329   1421.15216
      6.02981   2167.48630    756.17699   1411.30930
      6.03981   2581.35507   1278.15208   1303.20299
      6.04981   3933.32085   2653.90181   1279.41904
      6.05981   5062.20753   3767.95311   1294.25442
      6.06981   4483.92303   3288.63567   1195.28736
      6.07981   3469.08667   2360.53021   1108.55646
      6.08981   3198.48421   2005.30359   1193.18062
      6.09981   3044.87299   1840.57199   1204.30101
      6.10981   2747.58799   1665.40656   1082.18143
      6.11981   2606.68084   1540.65670   1066.02414
      6.12981   2424.95501   1317.16528   1107.78973
      6.13981   2283.33344   1177.85360   1105.47984
      6.14981   2444.03695   1233.46024   1210.57671
      6.15981   2753.74612   1425.49589   1328.25023
      6.16981   2722.98801   1514.73222   1208.25579
      6.17981   2432.46242   1322.06249   1110.39994
      6.18981   2513.10972   1251.40248   1261.70724
      6.19981   2604.53026   1318.88815   1285.64210
      6.20981   2396.51223   1247.16954   1149.34269
      6.21981   2340.49343   1170.87935   1169.61408
      6.22981   2359.42440   1145.88101   1213.54339
      6.23981   2513.83975   1263.41113   1250.42862
      6.24981   3087.54060   1630.08131   1457.45930
      6.25981   3666.98751   2106.17977   1560.80774
      6.26981   3548.87710   2256.46513   1292.41197
      6.27981   3262.14442   2152.24670   1109.89772
      6.28981   3257.09771   2025.27485   1231.82285
      6.29981   3118.46339   1875.08442   1243.37897
      6.30981   2822.66701   1745.67239   1076.99462
      6.31981   2645.61081   1512.11008   1133.50073
      6.32981   2621.52377   1279.46714   1342.05662
      6.33981   2370.33902   1072.82362   1297.51539
      6.34981   2075.38549    886.92992   1188.45557
      6.35981   2123.99813    732.77042   1391.22771
      6.36981   2225.51198    673.85951   1551.65247
      6.37981   2002.57250    659.31233   1343.26017
      6.38981   1750.48715    571.27830   1179.20885
      6.39981   1699.07869    418.67893   1280.39976
      6.40981   1708.79587    343.49493   1365.30094
      6.41981   1816.64796    498.64055   1318.00741
      6.42981   2052.91869    685.41475   1367.50394
      6.43981   2149.47146    677.10568   1472.36578
      6.44981   1958.41150    500.78443   1457.62707
      6.45981   1779.53153    285.14180   1494.38973
      6.46981   1724.33805    218.97530   1505.36275
      6.47981   1799.24038    334.61301   1464.62737
      6.48981   1876.72932    411.98196   1464.74736
      6.49981   1838.88088    452.77440   1386.10648
      6.50981   2063.64378    741.87150   1321.77228
      6.51981   2635.43799   1239.75473   1395.68326
      6.52981   3058.13007   1570.64917   1487.48090
      6.53981   2752.80138   1387.14046   1365.66092
      6.54981   2378.98302   1049.44196   1329.54105
      6.55981   2421.50178    904.56787   1516.93391
      6.56981   2565.51915    911.63637   1653.88278
      6.57981   2676.74394    945.85232   1730.89162
      6.58981   2743.92443    985.45734   1758.46709
      6.59981   2837.85835   1098.14574   1739.71261
      6.60981   2934.47955   1146.09400   1788.38556
      6.61981   2965.91275   1019.27629   1946.63645
      6.62981   2908.44114    893.55984   2014.88130
      6.63981   2943.79652    927.29096   2016.50557
      6.64981   3351.37608   1098.80519   2252.57090
      6.65981   4378.80996   1392.85203   2985.95794
      6.66981   4871.94016   1513.88686   3358.05330
      6.67981   3761.59628   1364.96436   2396.63192
      6.68981   2471.08078   1232.68662   1238.39416
      6.69981   2118.54780   1232.87238    885.67543
      6.70981   2194.21906   1302.48089    891.73816
      6.71981   2310.94521   1359.29248    951.65273
      6.72981   2400.38256   1439.21998    961.16257
      6.73981   2119.33158   1306.25089    813.08069
      6.74981   1933.72108   1154.30422    779.41686
      6.75981   2163.26605   1204.83878    958.42727
      6.76981   2373.08313   1374.30072    998.78241
      6.77981   2278.62772   1413.91821    864.70951
      6.78981   2112.22108   1282.70299    829.51809
      6.79981   2068.92952   1170.56048    898.36904
      6.80981   1949.88389   1055.90173    893.98216
      6.81981   1791.01493    952.95593    838.05900
      6.82981   1645.70261    885.56734    760.13526
      6.83981   1464.12340    803.50489    660.61852
      6.84981   1477.19052    739.44214    737.74838
      6.85981   1617.34635    740.51614    876.83021
      6.86981   1707.50876    889.30749    818.20127
      6.87981   1865.92296   1109.79912    756.12384
      6.88981   2013.22951   1169.06077    844.16874
      6.89981   1980.48511   1070.05813    910.42699
      6.90981   1846.73961    973.08579    873.66320
      6.91981   1772.35573    953.98892    818.88242
      6.92981   1787.97540   1048.73474    749.89993
      6.93981   2362.26033   1747.29372    700.76074
      6.94981   4167.32903   3588.74592    861.44274
      6.95981   5436.93688   4955.44012    921.11704
      6.96981   5470.38835   5222.19220    737.18710
      6.97981   6383.36934   6340.88776    664.39908
      6.98981   7097.43228   7014.35813    773.30265
      6.99981   6337.84679   6056.05116    859.30727
      7.00981   5407.25323   4983.85882    880.74319
      7.01981   4912.18962   4479.76482    828.82668
      7.02981   4632.38622   4308.68533    688.62981
      7.03981   4413.92977   4074.57541    669.54519
      7.04981   4329.56778   3754.21501    871.51929
      7.05981   4227.47151   3548.01938    954.65989
      7.06981   4168.00946   3596.40926    841.89065
      7.07981   4166.13311   3655.99442    771.82200
      7.08981   4098.26926   3584.48562    763.21623
      7.09981   3956.06381   3422.55688    778.90844
      7.10981   3677.42433   3021.69240    887.86031
      7.11981   3268.06611   2656.81107    831.15061
      7.12981   3062.38261   2595.24949    677.37938
      7.13981   3101.26057   2633.76451    670.06803
      7.14981   3169.80743   2636.56322    735.98576
      7.15981   3394.51786   2781.91075    818.48922
      7.16981   3762.92746   3014.50723    946.87078
      7.17981   3597.30637   2863.26784    912.58375
      7.18981   3091.33302   2501.50620    751.49074
      7.19981   3019.33109   2408.10028    771.72720
      7.20981   3097.90052   2376.40055    888.98496
      7.21981   3091.19941   2366.16668    891.56578
      7.22981   2986.71897   2346.57886    803.04879
      7.23981   2953.56467   2417.79853    704.14044
      7.24981   2989.01017   2550.44352    613.07709
      7.25981   2909.77726   2366.95873    706.06206
      7.26981   2910.66887   2101.02522    955.67161
      7.27981   2793.18132   1983.37023    949.25089
      7.28981   2871.02416   2192.50903    824.07592
      7.29981   3189.17320   2526.16975    818.45511
      7.30981   2993.55208   2390.12552    754.71195
      7.31981   2737.80143   2100.00122    776.50504
      7.32981   2879.26943   2037.06452    977.32278
      7.33981   3045.87130   2198.15331    987.99835
      7.34981   3036.42895   2322.94102    845.67460
      7.35981   2884.47138   2259.27989    752.07374
      7.36981   2569.60030   2052.57146    651.05707
      7.37981   2395.02012   1821.01759    705.71691
      7.38981   2770.47999   1952.12054    949.74671
      7.39981   2974.56313   2103.25685   1002.31318
      7.40981   2632.14583   1897.53945    855.81111
      7.41981   2561.09372   1938.53439    746.03165
      7.42981   2778.11070   2124.73563    778.82311
      7.43981   2976.40084   2170.58627    923.80413
      7.44981   3245.67914   2346.44504   1014.78671
      7.45981   3496.14718   2543.96314   1070.11975
      7.46981   3340.08115   2370.25008   1087.50481
      7.47981   3104.69487   2219.18283   1004.82733
      7.48981   3144.12957   2313.81038    952.38992
      7.49981   3079.40097   2305.32564    890.69568
      7.50981   2861.28810   2160.75658    811.52881
      7.51981   2719.67263   1995.22529    834.41438
      7.52981   2893.54398   2010.23787    989.96662
      7.53981   3191.60437   2202.09987   1096.15096
      7.54981   3088.68554   2214.25645    981.62213
      7.55981   2986.59744   2221.12020    871.54722
      7.56981   3079.22891   2275.62795    907.78010
      7.57981   3016.54698   2187.76435    926.71075
      7.58981   2851.77932   2076.08914    873.69325
      7.59981   2908.05488   2116.45494    892.06585
      7.60981   3139.57029   2248.03488   1002.68749
      7.61981   3254.24763   2204.85135   1164.42505
      7.62981   3343.06895   2164.90723   1284.34739
      7.63981   3131.04189   2076.64646   1144.16941
      7.64981   2758.11358   1941.97723    905.98328
      7.65981   2643.70764   1872.15515    867.63870
      7.66981   2936.38181   2002.96481   1033.82796
      7.67981   3180.30176   2086.82286   1192.15718
      7.68981   3098.66079   2028.53794   1162.56139
      7.69981   3137.41666   2118.01638   1120.00696
      7.70981   3163.56269   2054.65043   1205.45779
      7.71981   3161.20169   1918.63927   1330.28120
      7.72981   3059.10357   1885.61752   1259.52924
      7.73981   2921.52256   1876.96793   1122.92164
      7.74981   3098.63186   2039.24901   1142.35130
      7.75981   3210.65352   2134.57616   1160.07465
      7.76981   3183.15082   2093.78827   1168.88763
      7.77981   3204.60793   2104.58603   1191.83441
      7.78981   3097.98657   1957.35194   1229.91472
      7.79981   2857.77998   1734.43941   1191.70815
      7.80981   2835.20026   1778.89528   1122.70655
      7.81981   2924.63165   1815.45965   1178.90689
      7.82981   3080.57760   1782.89615   1358.24697
      7.83981   3153.58360   1724.43317   1480.61442
      7.84981   3034.54857   1660.92997   1427.62202
      7.85981   3086.44584   1788.70953   1351.19664
      7.86981   3277.46819   1875.82685   1442.37661
      7.87981   3310.96121   1751.55122   1587.23982
      7.88981   3394.73943   1745.26984   1672.56947
      7.89981   3711.25487   2007.02695   1734.26494
      7.90981   4221.76781   2296.10417   1964.90830
      7.91981   4681.03691   2317.71965   2398.81920
      7.92981   4476.62591   1959.00721   2537.68125
      7.93981   3527.95752   1610.19863   1934.90573
      7.94981   3264.71595   1963.83819   1355.41959
      7.95981   3703.64738   2647.10592   1168.01915
      7.96981   3818.46022   2886.46496   1067.27639
      7.97981   3491.29808   2684.52551    938.92536
      7.98981   2925.47710   2264.62604    780.51087
      7.99981   2547.15832   1946.86528    706.32449
      8.00981   2292.86886   1728.84473    664.22477
      8.01981   2126.08192   1521.28905    692.72279
      8.02981   2140.95598   1462.79971    754.01131
      8.03981   2332.89851   1588.91059    821.08148
      8.04981   2628.00690   1762.07989    948.40999
      8.05981   2465.70066   1643.29932    899.85309
      8.06981   1877.40355   1287.28447    661.86722
      8.07981   1718.21134   1188.48728    605.59552
      8.08981   1938.35261   1269.44446    749.58460
      8.09981   2088.00045   1409.87674    763.10377
      8.10981   2174.59144   1585.10877    669.65477
      8.11981   2186.67089   1597.69371    649.77771
      8.12981   2197.08817   1491.60699    754.75009
      8.13981   2310.27792   1462.34384    910.62123
      8.14981   2426.37771   1555.03118    950.40946
      8.15981   2457.66328   1614.40452    932.46600
      8.16981   2515.42141   1640.07462    970.86718
      8.17981   2384.66621   1548.66535    918.19706
      8.18981   2172.01861   1392.14918    837.38683
      8.19981   2030.12011   1237.81277    829.08596
      8.20981   1859.93469   1069.97855    818.12516
      8.21981   1732.65531    986.22269    778.68417
      8.22981   2189.40340   1366.57244    887.66406
      8.23981   3418.57104   2166.76899   1357.97930
      8.24981   4405.77027   2671.27170   1849.37665
      8.25981   3966.23308   2472.20330   1594.33791
      8.26981   2843.92418   1978.81813    950.90330
      8.27981   2078.01021   1510.29677    640.99248
      8.28981   1766.21791   1204.91768    624.76212
      8.29981   1774.86277   1148.80668    683.43271
      8.30981   1968.81611   1295.94848    726.52522
      8.31981   2168.40701   1467.79706    752.55094
      8.32981   2211.59977   1555.86034    705.70928
      8.33981   1994.10349   1537.73546    506.53872
      8.34981   1794.87525   1421.92149    422.27853
      8.35981   1906.41848   1392.81330    564.39784
      8.36981   2223.38856   1533.59122    755.62094
      8.37981   2441.28357   1705.70267    826.38721
      8.38981   2263.75201   1698.58829    663.49259
      8.39981   1948.26169   1513.55810    520.42755
      8.40981   1726.99874   1344.93281    453.12518
      8.41981   1660.41843   1296.04755    423.57589
      8.42981   1631.46198   1250.74646    430.54797
      8.43981   1606.37500   1195.91884    451.54723
      8.44981   1824.03317   1294.43962    566.18757
      8.45981   2198.82977   1514.00448    727.13767
      8.46981   2275.38986   1545.90354    785.83219
      8.47981   2214.27768   1458.69751    819.49295
      8.48981   2288.50287   1433.98399    909.08795
      8.49981   2164.40788   1340.86793    867.39064
      8.50981   1811.73657   1154.49100    693.57259
      8.51981   1596.88613   1047.46056    583.28069
      8.52981   1644.68404   1092.31705    592.29729
      8.53981   1758.07925   1159.03405    635.09454
      8.54981   1715.73478   1075.41629    664.78001
      8.55981   1710.97455   1131.09441    619.61458
      8.56981   1942.50347   1404.75041    604.34263
      8.57981   2186.97425   1528.42714    721.54662
      8.58981   2311.69089   1537.86848    823.18947
      8.59981   2309.00684   1508.08673    842.48626
      8.60981   2118.56199   1363.90140    785.31071
      8.61981   1967.71120   1259.85549    735.97234
      8.62981   2185.52505   1427.46272    800.36799
      8.63981   2445.28242   1682.98366    824.19853
      8.64981   2541.68984   1784.93098    824.32881
      8.65981   2407.77342   1610.36509    843.69267
      8.66981   2211.70478   1396.72715    838.97961
      8.67981   2354.00451   1431.36522    941.04852
      8.68981   2660.95288   1673.93402   1011.34736
      8.69981   2549.22423   1701.83840    872.55800
      8.70981   2269.10976   1515.32693    772.74035
      8.71981   2186.63968   1395.79285    810.80512
      8.72981   2195.15119   1336.53587    886.84918
      8.73981   2002.28131   1129.92908    895.39321
      8.74981   1750.10519    963.67566    801.70904
      8.75981   1880.84266   1104.45262    794.68413
      8.76981   2354.61854   1408.19641    974.69564
      8.77981   2494.56022   1537.46213   1008.19562
      8.78981   2236.08767   1428.98501    875.01294
      8.79981   2324.53220   1525.93586    866.17619
      8.80981   2631.34849   1731.08978    965.75718
      8.81981   2719.15011   1738.89195   1047.48502
      8.82981   2774.37575   1837.72949   1014.23428
      8.83981   2845.20703   1980.47507    948.95221
      8.84981   2786.51223   1904.12765    962.86534
      8.85981   2616.14596   1784.99780    908.82414
      8.86981   2618.26269   1829.35784    864.82245
      8.87981   2559.78039   1771.40433    859.93535
