Energy-E_F (eV)    DOS (1/eV)    PDOS (1/eV)  of atom type H  C  
     -4.99000   2189.25374    232.85298   1956.40076
     -4.98000   2262.35937    235.70144   2026.65792
     -4.97000   2433.48207    243.82583   2189.65624
     -4.96000   2758.43335    259.03424   2499.39911
     -4.95000   2853.45278    258.33126   2595.12152
     -4.94000   2246.06992    218.52455   2027.54537
     -4.93000   1673.06550    181.06828   1491.99722
     -4.92000   1673.92868    170.52469   1503.40400
     -4.91000   1833.99171    169.79710   1664.19461
     -4.90000   1828.28871    169.18961   1659.09910
     -4.89000   1757.70494    168.27406   1589.43088
     -4.88000   1713.57860    167.53488   1546.04372
     -4.87000   1689.12020    166.94226   1522.17794
     -4.86000   1673.03873    166.43400   1506.60473
     -4.85000   1661.24496    165.98647   1495.25849
     -4.84000   1652.06351    165.58875   1486.47476
     -4.83000   1644.64480    165.23454   1479.41026
     -4.82000   1638.50208    164.91985   1473.58223
     -4.81000   1633.33256    164.64153   1468.69103
     -4.80000   1628.93718    164.39739   1464.53979
     -4.79000   1625.17740    164.18541   1460.99199
     -4.78000   1621.95670    164.00451   1457.95219
     -4.77000   1619.20315    163.85316   1455.34999
     -4.76000   1616.86263    163.73075   1453.13188
     -4.75000   1614.89212    163.63584   1451.25628
     -4.74000   1613.26101    163.56825   1449.69276
     -4.73000   1611.94355    163.52723   1448.41632
     -4.72000   1610.92152    163.51271   1447.40881
     -4.71000   1610.17690    163.52387   1446.65303
     -4.70000   1609.69880    163.56078   1446.13802
     -4.69000   1609.47636    163.62308   1445.85328
     -4.68000   1609.50369    163.71085   1445.79284
     -4.67000   1609.77352    163.82390   1445.94963
     -4.66000   1610.28337    163.96252   1446.32085
     -4.65000   1611.02956    164.12664   1446.90293
     -4.64000   1612.01101    164.31651   1447.69450
     -4.63000   1613.22766    164.53240   1448.69526
     -4.62000   1614.68079    164.77463   1449.90617
     -4.61000   1616.37265    165.04373   1451.32892
     -4.60000   1618.30547    165.33998   1452.96549
     -4.59000   1620.48495    165.66413   1454.82082
     -4.58000   1622.91391    166.01662   1456.89729
     -4.57000   1625.65695    166.41026   1459.24669
     -4.56000   1631.13827    167.35784   1463.78043
     -4.55000   1677.50874    176.92729   1500.58145
     -4.54000   1952.55009    234.74469   1717.80540
     -4.53000   2553.17258    360.77684   2192.39574
     -4.52000   2891.94234    430.24200   2461.70034
     -4.51000   2722.12092    391.71502   2330.40590
     -4.50000   2499.85695    342.54594   2157.31101
     -4.49000   2381.15497    315.70083   2065.45414
     -4.48000   2316.18651    300.43447   2015.75204
     -4.47000   2274.95556    290.30310   1984.65246
     -4.46000   2246.83447    283.01110   1963.82337
     -4.45000   2227.09019    277.52883   1949.56136
     -4.44000   2213.18906    273.29992   1939.88914
     -4.43000   2203.62597    269.99031   1933.63565
     -4.42000   2197.44950    267.38588   1930.06363
     -4.41000   2194.03204    265.34201   1928.69003
     -4.40000   2192.95113    263.75827   1929.19286
     -4.39000   2193.91592    262.56254   1931.35338
     -4.38000   2196.73272    261.70268   1935.03004
     -4.37000   2201.27586    261.14042   1940.13544
     -4.36000   2207.47346    260.84809   1946.62537
     -4.35000   2215.30002    260.80622   1954.49380
     -4.34000   2224.76744    261.00140   1963.76604
     -4.33000   2235.92614    261.42614   1974.50001
     -4.32000   2248.86284    262.07739   1986.78545
     -4.31000   2263.70709    262.95709   2000.75000
     -4.30000   2280.63097    264.07128   2016.55969
     -4.29000   2299.86460    265.43107   2034.43353
     -4.28000   2321.70627    267.05299   2054.65328
     -4.27000   2346.54437    268.96001   2077.58436
     -4.26000   2374.88575    271.18285   2103.70289
     -4.25000   2407.40523    273.76261   2133.64262
     -4.24000   2445.01786    276.75430   2168.26356
     -4.23000   2489.00391    280.23200   2208.77191
     -4.22000   2541.23189    284.29851   2256.93338
     -4.21000   2604.63202    289.10469   2315.52733
     -4.20000   2686.32542    295.09712   2391.22830
     -4.19000   2846.75850    307.79569   2538.96281
     -4.18000   3506.14680    368.10140   3138.04540
     -4.17000   5453.62611    550.51461   4903.11150
     -4.16000   7880.71641    755.00849   7125.70793
     -4.15000   9522.48028    821.91796   8700.56232
     -4.14000  10626.39770    836.47466   9789.92304
     -4.13000  10835.36372    875.75725   9959.60647
     -4.12000  11085.38328    967.05069  10118.33258
     -4.11000  10343.45038    935.65564   9407.79474
     -4.10000   6978.68773    624.20476   6354.48297
     -4.09000   4061.53764    348.47573   3713.06191
     -4.08000   3121.61304    265.81608   2855.79696
     -4.07000   2919.38274    254.83607   2664.54667
     -4.06000   2825.00337    253.19445   2571.80892
     -4.05000   2751.70719    252.57576   2499.13142
     -4.04000   2691.40793    252.47123   2438.93670
     -4.03000   2641.19922    252.80238   2388.39685
     -4.02000   2599.12585    253.52630   2345.59955
     -4.01000   2563.80138    254.61929   2309.18209
     -4.00000   2534.22123    256.07134   2278.14989
     -3.99000   2509.65152    257.88336   2251.76816
     -3.98000   2489.56124    260.06674   2229.49450
     -3.97000   2473.57570    262.64288   2210.93283
     -3.96000   2461.44980    265.64340   2195.80640
     -3.95000   2453.04962    269.11185   2183.93776
     -3.94000   2448.34712    273.10591   2175.24121
     -3.93000   2447.42892    277.70122   2169.72771
     -3.92000   2451.00332    283.00446   2167.99885
     -3.91000   2470.60737    289.31396   2181.29342
     -3.90000   2589.15559    298.03990   2291.11569
     -3.89000   2939.82626    311.41663   2628.40962
     -3.88000   3285.45013    326.23529   2959.21484
     -3.87000   3296.53502    338.01511   2958.51991
     -3.86000   3190.47377    350.68578   2839.78799
     -3.85000   3157.73000    368.25111   2789.47889
     -3.84000   3192.18573    392.70672   2799.47901
     -3.83000   3286.22144    428.36239   2857.85905
     -3.82000   3479.02229    488.08208   2990.94021
     -3.81000   3877.23095    601.52490   3275.70604
     -3.80000   4341.19693    731.65894   3609.53799
     -3.79000   3971.31752    636.75422   3334.56330
     -3.78000   2795.46291    324.26193   2471.20097
     -3.77000   2099.81375    140.15515   1959.65861
     -3.76000   1954.19583    103.41277   1850.78306
     -3.75000   1935.63864    100.38822   1835.25042
     -3.74000   1928.41301     99.98325   1828.42976
     -3.73000   1923.29006     99.70966   1823.58040
     -3.72000   1920.10043     99.49265   1820.60778
     -3.71000   1919.06388     99.33475   1819.72914
     -3.70000   1920.55763     99.24350   1821.31413
     -3.69000   1925.18363     99.23221   1825.95142
     -3.68000   1933.90019     99.32244   1834.57775
     -3.67000   1948.28123     99.54992   1848.73131
     -3.66000   1971.06375     99.97653   1871.08722
     -3.65000   2007.52004    100.72147   1906.79857
     -3.64000   2069.89576    102.06029   1967.83548
     -3.63000   2194.26903    104.80112   2089.46791
     -3.62000   2444.92597    110.37975   2334.54622
     -3.61000   2636.00288    114.64446   2521.35842
     -3.60000   2185.20024    104.59522   2080.60502
     -3.59000   1391.90982     86.89463   1305.01519
     -3.58000   1025.99576     78.70774    947.28802
     -3.57000    967.56770     77.37316    890.19454
     -3.56000    965.07364     77.28942    887.78422
     -3.55000    966.16990     77.29082    888.87908
     -3.54000    967.46205     77.30177    890.16029
     -3.53000    968.86751     77.32048    891.54703
     -3.52000    970.38598     77.34701    893.03897
     -3.51000    972.02259     77.38146    894.64113
     -3.50000    974.30369     77.43371    896.86998
     -3.49000    990.91877     77.75861    913.16016
     -3.48000   1143.37797     80.62004   1062.75793
     -3.47000   1704.78019     91.11886   1613.66132
     -3.46000   2387.02853    103.92879   2283.09974
     -3.45000   2473.54964    105.69672   2367.85292
     -3.44000   2222.73401    101.17041   2121.56360
     -3.43000   2050.38153     98.07449   1952.30704
     -3.42000   1963.41054     96.55210   1866.85844
     -3.41000   1912.35066     95.69198   1816.65868
     -3.40000   1878.38927     95.14839   1783.24088
     -3.39000   1854.26734     94.78876   1759.47858
     -3.38000   1836.44395     94.54876   1741.89519
     -3.37000   1822.93713     94.39270   1728.54444
     -3.36000   1812.54430     94.29912   1718.24518
     -3.35000   1804.48899     94.25427   1710.23472
     -3.34000   1798.24829     94.24903   1703.99926
     -3.33000   1793.45983     94.27720   1699.18263
     -3.32000   1789.86179     94.33434   1695.52745
     -3.31000   1787.26255     94.41724   1692.84531
     -3.30000   1785.52285     94.52375   1690.99910
     -3.29000   1784.53968     94.65251   1689.88717
     -3.28000   1784.22858     94.80216   1689.42641
     -3.27000   1784.52796     94.97191   1689.55604
     -3.26000   1785.39145     95.16130   1690.23014
     -3.25000   1786.78502     95.37011   1691.41491
     -3.24000   1788.68273     95.59822   1693.08452
     -3.23000   1791.06546     95.84569   1695.21977
     -3.22000   1793.92229     96.11280   1697.80949
     -3.21000   1797.24552     96.39979   1700.84573
     -3.20000   1801.03369     96.70713   1704.32655
     -3.19000   1805.28845     97.03538   1708.25308
     -3.18000   1810.01559     97.38517   1712.63042
     -3.17000   1815.22518     97.75730   1717.46788
     -3.16000   1820.93118     98.15263   1722.77855
     -3.15000   1827.15016     98.57220   1728.57796
     -3.14000   1833.90237     99.01706   1734.88532
     -3.13000   1841.21203     99.48846   1741.72357
     -3.12000   1849.10869     99.98782   1749.12087
     -3.11000   1857.62650    100.51680   1757.10970
     -3.10000   1866.80235    101.07704   1765.72531
     -3.09000   1876.68068    101.67053   1775.01015
     -3.08000   1887.31232    102.29948   1785.01285
     -3.07000   1898.75623    102.96642   1795.78980
     -3.06000   1911.07669    103.67405   1807.40264
     -3.05000   1924.35112    104.42552   1819.92560
     -3.04000   1938.66845    105.22456   1833.44389
     -3.03000   1954.13095    106.07518   1848.05577
     -3.02000   1970.85541    106.98205   1863.87335
     -3.01000   1988.98312    107.95062   1881.03250
     -3.00000   2008.67983    108.98743   1899.69240
     -2.99000   2030.14076    110.09988   1920.04088
     -2.98000   2053.59848    111.29671   1942.30177
     -2.97000   2079.33604    112.58844   1966.74761
     -2.96000   2107.70627    113.98816   1993.71812
     -2.95000   2139.13700    115.51139   2023.62561
     -2.94000   2174.17059    117.17773   2056.99286
     -2.93000   2213.50419    119.01206   2094.49214
     -2.92000   2258.04787    121.04648   2137.00138
     -2.91000   2309.02087    123.32378   2185.69708
     -2.90000   2368.10594    125.90221   2242.20373
     -2.89000   2437.71569    128.86468   2308.85101
     -2.88000   2521.47475    132.33447   2389.14028
     -2.87000   2625.23097    136.50877   2488.72220
     -2.86000   2759.50789    141.73794   2617.76995
     -2.85000   2947.54332    148.78371   2798.75962
     -2.84000   3246.15692    159.48953   3086.66739
     -2.83000   3693.82703    175.24047   3518.58655
     -2.82000   4070.48443    189.67386   3880.81058
     -2.81000   4227.49963    198.32956   4029.17007
     -2.80000   3971.60101    191.56608   3780.03493
     -2.79000   2711.10547    147.40858   2563.69689
     -2.78000   1526.20407    105.91394   1420.29013
     -2.77000   1173.79313     94.55859   1079.23454
     -2.76000   1147.15142     95.04547   1052.10596
     -2.75000   1160.26267     97.08323   1063.17944
     -2.74000   1176.51807     99.37228   1077.14579
     -2.73000   1194.50720    101.88357   1092.62363
     -2.72000   1214.43651    104.65079   1109.78572
     -2.71000   1236.61026    107.71732   1128.89294
     -2.70000   1261.42227    111.13830   1150.28397
     -2.69000   1289.38947    114.98510   1174.40437
     -2.68000   1321.18954    119.35096   1201.83858
     -2.67000   1357.73540    124.36088   1233.37452
     -2.66000   1400.28742    130.18737   1270.10004
     -2.65000   1450.64453    137.07625   1313.56828
     -2.64000   1511.48675    145.39376   1366.09299
     -2.63000   1587.04215    155.71728   1431.32487
     -2.62000   1684.52600    169.03226   1515.49374
     -2.61000   1817.93083    187.24959   1630.68124
     -2.60000   2021.59519    215.05888   1806.53631
     -2.59000   2393.90459    265.89666   2128.00793
     -2.58000   3010.35321    350.07304   2660.28017
     -2.57000   3192.20577    374.89288   2817.31289
     -2.56000   2095.15791    225.04743   1870.11048
     -2.55000    911.27735     63.33334    847.94401
     -2.54000    532.66370     11.58257    521.08114
     -2.53000    490.03664      5.69144    484.34521
     -2.52000    492.35705      5.50139    486.85566
     -2.51000    544.01921      6.19636    537.82285
     -2.50000    820.41963      9.92789    810.49175
     -2.49000   1335.42950     16.93690   1318.49260
     -2.48000   1549.94023     20.01622   1529.92401
     -2.47000   1376.70017     17.90314   1358.79703
     -2.46000   1200.61544     15.69813   1184.91732
     -2.45000   1107.58950     14.56667   1093.02283
     -2.44000   1053.89558     13.94050   1039.95508
     -2.43000   1017.84480     13.53693   1004.30786
     -2.42000    991.61506     13.25517    978.35989
     -2.41000    971.59886     13.04932    958.54954
     -2.40000    955.82459     12.89464    942.92994
     -2.39000    943.10103     12.77642    930.32461
     -2.38000    932.66097     12.68534    919.97563
     -2.37000    923.98615     12.61525    911.37090
     -2.36000    916.71313     12.56195    904.15118
     -2.35000    910.57926     12.52251    898.05675
     -2.34000    905.39366     12.49490    892.89875
     -2.33000    901.01180     12.47770    888.53410
     -2.32000    897.32556     12.46994    884.85562
     -2.31000    894.25298     12.47102    881.78196
     -2.30000    891.73485     12.48064    879.25421
     -2.29000    889.72828     12.49876    877.22952
     -2.28000    888.20254     12.52556    875.67699
     -2.27000    887.14198     12.56145    874.58054
     -2.26000    886.54049     12.60708    873.93340
     -2.25000    886.40624     12.66340    873.74284
     -2.24000    886.75633     12.73160    874.02473
     -2.23000    887.62387     12.81330    874.81057
     -2.22000    889.05789     12.91055    876.14733
     -2.21000    891.12718     13.02602    878.10117
     -2.20000    893.92511     13.16310    880.76201
     -2.19000    897.88294     13.33583    884.54711
     -2.18000    916.21728     13.96131    902.25597
     -2.17000   1151.65405     21.42944   1130.22460
     -2.16000   2580.78780     66.49081   2514.29699
     -2.15000   5648.65556    162.99411   5485.66145
     -2.14000   7282.55759    213.90629   7068.65129
     -2.13000   6326.15217    183.01659   6143.13557
     -2.12000   5167.31221    145.86790   5021.44431
     -2.11000   4571.52297    126.58129   4444.94168
     -2.10000   4280.55948    116.94571   4163.61377
     -2.09000   4163.55535    112.77437   4050.78098
     -2.08000   4233.89194    114.36465   4119.52729
     -2.07000   4629.95757    125.79781   4504.15977
     -2.06000   5134.45353    140.68806   4993.76548
     -2.05000   4311.11692    116.52245   4194.59447
     -2.04000   2166.04945     53.26251   2112.78694
     -2.03000    889.51969     15.56217    873.95752
     -2.02000    628.49784      7.83315    620.66469
     -2.01000    610.14219      7.27019    602.87200
     -2.00000    624.15835      7.66722    616.49113
     -1.99000    690.16019      9.61844    680.54175
     -1.98000    767.22776     11.89823    755.32953
     -1.97000    728.45185     10.65742    717.79443
     -1.96000    749.50986     10.25731    739.25255
     -1.95000   1453.21795     24.23652   1428.98142
     -1.94000   3287.52270     61.41659   3226.10611
     -1.93000   4639.90133     88.97405   4550.92728
     -1.92000   4396.29805     84.16637   4312.13168
     -1.91000   3835.95263     72.75999   3763.19264
     -1.90000   3569.88752     67.15927   3502.72825
     -1.89000   3477.55624     64.97556   3412.58068
     -1.88000   3470.61029     64.44066   3406.16963
     -1.87000   3525.49210     65.07954   3460.41257
     -1.86000   3643.24373     66.90114   3576.34260
     -1.85000   3845.36177     70.30744   3775.05433
     -1.84000   4199.16195     76.57343   4122.58853
     -1.83000   4901.86430     89.44625   4812.41806
     -1.82000   6045.54222    110.62247   5934.91975
     -1.81000   6191.11476    112.51311   6078.60165
     -1.80000   3922.43324     68.24983   3854.18341
     -1.79000   1687.51628     25.02415   1662.49213
     -1.78000    991.62659     11.57616    980.05043
     -1.77000    908.79564      9.95883    898.83681
     -1.76000    903.73538      9.83894    893.89644
     -1.75000    903.03450      9.79884    893.23566
     -1.74000    902.96732      9.76658    893.20074
     -1.73000    903.38386      9.73931    893.64454
     -1.72000    904.23475      9.71612    894.51863
     -1.71000    905.48676      9.69634    895.79041
     -1.70000    907.11848      9.67950    897.43897
     -1.69000    909.11481      9.66522    899.44959
     -1.68000    911.46996      9.65323    901.81673
     -1.67000    914.18054      9.64330    904.53724
     -1.66000    917.24974      9.63526    907.61447
     -1.65000    920.68844      9.62903    911.05941
     -1.64000    924.50720      9.62450    914.88270
     -1.63000    928.72517      9.62163    919.10354
     -1.62000    933.36494      9.62041    923.74453
     -1.61000    938.45598      9.62084    928.83514
     -1.60000    944.03389      9.62298    934.41091
     -1.59000    950.14166      9.62690    940.51476
     -1.58000    956.83057      9.63268    947.19789
     -1.57000    964.16323      9.64048    954.52275
     -1.56000    972.21525      9.65047    962.56478
     -1.55000    981.07647      9.66286    971.41361
     -1.54000    990.85802      9.67794    981.18008
     -1.53000   1001.69628      9.69607    992.00021
     -1.52000   1013.76078      9.71770   1004.04308
     -1.51000   1027.26340      9.74337   1017.52003
     -1.50000   1042.47542      9.77383   1032.70159
     -1.49000   1059.74938      9.81002   1049.93936
     -1.48000   1079.55182      9.85321   1069.69861
     -1.47000   1102.51853      9.90512   1092.61342
     -1.46000   1129.53819      9.96816   1119.57003
     -1.45000   1161.90660     10.04589   1151.86071
     -1.44000   1201.60460     10.14371   1191.46089
     -1.43000   1251.86877     10.27048   1241.59829
     -1.42000   1318.52887     10.44222   1308.08666
     -1.41000   1414.03453     10.69313   1403.34140
     -1.40000   1572.90441     11.11835   1561.78607
     -1.39000   1870.60884     11.92578   1858.68306
     -1.38000   2195.81563     12.80560   2183.01003
     -1.37000   1923.34296     12.02982   1911.31314
     -1.36000   1116.83913      9.78481   1107.05432
     -1.35000    658.25855      8.51396    649.74460
     -1.34000    569.56462      8.27044    561.29418
     -1.33000    562.90199      8.25371    554.64828
     -1.32000    562.49202      8.25383    554.23819
     -1.31000    562.37594      8.25451    554.12143
     -1.30000    562.34200      8.25531    554.08669
     -1.29000    562.36744      8.25625    554.11119
     -1.28000    562.44007      8.25735    554.18271
     -1.27000    562.55190      8.25864    554.29326
     -1.26000    562.69983      8.26014    554.43969
     -1.25000    562.87968      8.26187    554.61780
     -1.24000    563.08905      8.26384    554.82520
     -1.23000    563.32681      8.26607    555.06073
     -1.22000    563.59171      8.26858    555.32313
     -1.21000    563.88405      8.27138    555.61267
     -1.20000    564.20219      8.27449    555.92770
     -1.19000    564.54567      8.27791    556.26776
     -1.18000    564.91476      8.28165    556.63311
     -1.17000    565.30941      8.28575    557.02366
     -1.16000    565.72942      8.29020    557.43922
     -1.15000    566.17491      8.29502    557.87989
     -1.14000    566.64616      8.30022    558.34594
     -1.13000    567.14324      8.30582    558.83742
     -1.12000    567.66678      8.31182    559.35496
     -1.11000    568.21610      8.31824    559.89786
     -1.10000    568.79264      8.32510    560.46754
     -1.09000    569.39655      8.33242    561.06414
     -1.08000    570.02764      8.34018    561.68746
     -1.07000    570.68736      8.34843    562.33893
     -1.06000    571.37579      8.35716    563.01862
     -1.05000    572.09325      8.36640    563.72685
     -1.04000    572.84090      8.37616    564.46473
     -1.03000    573.61892      8.38646    565.23247
     -1.02000    574.42821      8.39730    566.03091
     -1.01000    575.27008      8.40872    566.86136
     -1.00000    576.14420      8.42072    567.72349
     -0.99000    577.05259      8.43332    568.61927
     -0.98000    577.99570      8.44655    569.54915
     -0.97000    578.97375      8.46040    570.51335
     -0.96000    579.98886      8.47492    571.51394
     -0.95000    581.04227      8.49013    572.55215
     -0.94000    582.13380      8.50602    573.62778
     -0.93000    583.26574      8.52264    574.74310
     -0.92000    584.43905      8.54000    575.89905
     -0.91000    585.65511      8.55813    577.09699
     -0.90000    586.91567      8.57705    578.33862
     -0.89000    588.22143      8.59678    579.62465
     -0.88000    589.57470      8.61735    580.95735
     -0.87000    590.97750      8.63880    582.33870
     -0.86000    592.43101      8.66115    583.76987
     -0.85000    593.93709      8.68442    585.25268
     -0.84000    595.49818      8.70865    586.78953
     -0.83000    597.11634      8.73387    588.38247
     -0.82000    598.79363      8.76011    590.03352
     -0.81000    600.53316      8.78742    591.74574
     -0.80000    602.33726      8.81584    593.52142
     -0.79000    604.20878      8.84539    595.36339
     -0.78000    606.15044      8.87613    597.27431
     -0.77000    608.16537      8.90809    599.25728
     -0.76000    610.25740      8.94132    601.31607
     -0.75000    612.42945      8.97587    603.45358
     -0.74000    614.68653      9.01181    605.67472
     -0.73000    617.03274      9.04917    607.98357
     -0.72000    619.47190      9.08802    610.38388
     -0.71000    622.00965      9.12843    612.88122
     -0.70000    624.65039      9.17045    615.47994
     -0.69000    627.40035      9.21416    618.18619
     -0.68000    630.26668      9.25964    621.00705
     -0.67000    633.25507      9.30697    623.94811
     -0.66000    636.37290      9.35622    627.01668
     -0.65000    639.62804      9.40750    630.22054
     -0.64000    643.03028      9.46092    633.56936
     -0.63000    646.58770      9.51657    637.07114
     -0.62000    650.31202      9.57457    640.73745
     -0.61000    654.21383      9.63505    644.57877
     -0.60000    658.30657      9.69816    648.60842
     -0.59000    662.60425      9.76403    652.84022
     -0.58000    667.12209      9.83284    657.28925
     -0.57000    671.87820      9.90476    661.97344
     -0.56000    676.89159      9.98000    666.91159
     -0.55000    682.18478     10.05878    672.12600
     -0.54000    687.78181     10.14133    677.64047
     -0.53000    693.71167     10.22794    683.48373
     -0.52000    700.00575     10.31891    689.68684
     -0.51000    706.70051     10.41459    696.28592
     -0.50000    713.83969     10.51537    703.32432
     -0.49000    721.47059     10.62168    710.84890
     -0.48000    729.65143     10.73406    718.91737
     -0.47000    738.44917     10.85308    727.59609
     -0.46000    747.94405     10.97945    736.96461
     -0.45000    758.23261     11.11398    747.11862
     -0.44000    769.43093     11.25767    758.17326
     -0.43000    781.68199     11.41169    770.27030
     -0.42000    795.16325     11.57749    783.58577
     -0.41000    810.09997     11.75689    798.34309
     -0.40000    826.78092     11.95218    814.82874
     -0.39000    845.58579     12.16637    833.41942
     -0.38000    867.02641     12.40341    854.62300
     -0.37000    891.81345     12.66879    879.14466
     -0.36000    920.97141     12.97034    908.00106
     -0.35000    956.04771     13.31978    942.72793
     -0.34000    999.53438     13.73588    985.79850
     -0.33000   1055.81985     14.25157   1041.56827
     -0.32000   1133.92198     14.93428   1118.98771
     -0.31000   1257.79087     15.96281   1241.82806
     -0.30000   1487.02580     17.78166   1469.24415
     -0.29000   1786.46315     20.12497   1766.33818
     -0.28000   1677.59062     19.41598   1658.17464
     -0.27000   1023.79536     14.64806   1009.14730
     -0.26000    568.47615     11.38951    557.08664
     -0.25000    468.81134     10.80820    458.00314
     -0.24000    466.52662     10.96685    455.55977
     -0.23000    473.27079     11.20447    462.06632
     -0.22000    480.81774     11.46067    469.35707
     -0.21000    488.96335     11.73536    477.22799
     -0.20000    497.78099     12.03078    485.75021
     -0.19000    507.36155     12.34960    495.01195
     -0.18000    517.81370     12.69504    505.11866
     -0.17000    529.26784     13.07091    516.19693
     -0.16000    541.88445     13.48191    528.40254
     -0.15000    555.86091     13.93382    541.92709
     -0.14000    571.44507     14.43385    557.01122
     -0.13000    588.95202     14.99117    573.96085
     -0.12000    608.79071     15.61763    593.17308
     -0.11000    631.50217     16.32889    615.17329
     -0.10000    657.82113     17.14615    640.67498
     -0.09000    688.77701     18.09905    670.67795
     -0.08000    725.86467     19.23054    706.63413
     -0.07000    771.36873     20.60609    750.76264
     -0.06000    829.01156     22.33216    806.67940
     -0.05000    905.47633     24.59939    880.87694
     -0.04000   1014.96414     27.81191    987.15223
     -0.03000   1197.01472     33.09167   1163.92305
     -0.02000   1543.68808     43.04705   1500.64104
     -0.01000   1948.23116     54.66576   1893.56540
     -0.00000   1665.95496     46.88340   1619.07156
      0.01000    699.68610     19.71444    679.97166
      0.02000    123.56449      3.48339    120.08110
      0.03000      8.59754      0.24243      8.35510
      0.04000      0.22836      0.00644      0.22192
      0.05000      0.00030      0.00001      0.00029
      0.06000      0.00000      0.00000      0.00000
      0.07000      0.00000      0.00000      0.00000
      0.08000      0.00000      0.00000      0.00000
      0.09000      0.00000      0.00000      0.00000
      0.10000      0.00000      0.00000      0.00000
      0.11000      0.00000      0.00000      0.00000
      0.12000      0.00000      0.00000      0.00000
      0.13000      0.00000      0.00000      0.00000
      0.14000      0.00000      0.00000      0.00000
      0.15000      0.00000      0.00000      0.00000
      0.16000      0.00000      0.00000      0.00000
      0.17000      0.00000      0.00000      0.00000
      0.18000      0.00000      0.00000      0.00000
      0.19000      0.00000      0.00000      0.00000
      0.20000      0.00000      0.00000      0.00000
      0.21000      0.00000      0.00000      0.00000
      0.22000      0.00000      0.00000      0.00000
      0.23000      0.00000      0.00000      0.00000
      0.24000      0.00000      0.00000      0.00000
      0.25000      0.00000      0.00000      0.00000
      0.26000      0.00000      0.00000      0.00000
      0.27000      0.00000      0.00000      0.00000
      0.28000      0.00000      0.00000      0.00000
      0.29000      0.00000      0.00000      0.00000
      0.30000      0.00000      0.00000      0.00000
      0.31000      0.00000      0.00000      0.00000
      0.32000      0.00000      0.00000      0.00000
      0.33000      0.00000      0.00000      0.00000
      0.34000      0.00000      0.00000      0.00000
      0.35000      0.00000      0.00000      0.00000
      0.36000      0.00000      0.00000      0.00000
      0.37000      0.00000      0.00000      0.00000
      0.38000      0.00000      0.00000      0.00000
      0.39000      0.00000      0.00000      0.00000
      0.40000      0.00000      0.00000      0.00000
      0.41000      0.00000      0.00000      0.00000
      0.42000      0.00000      0.00000      0.00000
      0.43000      0.00000      0.00000      0.00000
      0.44000      0.00000      0.00000      0.00000
      0.45000      0.00000      0.00000      0.00000
      0.46000      0.00000      0.00000      0.00000
      0.47000      0.00000      0.00000      0.00000
      0.48000      0.00000      0.00000      0.00000
      0.49000      0.00000      0.00000      0.00000
      0.50000      0.00000      0.00000      0.00000
      0.51000      0.00000      0.00000      0.00000
      0.52000      0.00000      0.00000      0.00000
      0.53000      0.00000      0.00000      0.00000
      0.54000      0.00000      0.00000      0.00000
      0.55000      0.00000      0.00000      0.00000
      0.56000      0.00000      0.00000      0.00000
      0.57000      0.00000      0.00000      0.00000
      0.58000      0.00000      0.00000      0.00000
      0.59000      0.00000      0.00000      0.00000
      0.60000      0.00000      0.00000      0.00000
      0.61000      0.00000      0.00000      0.00000
      0.62000      0.00000      0.00000      0.00000
      0.63000      0.00000      0.00000      0.00000
      0.64000      0.00000      0.00000      0.00000
      0.65000      0.00000      0.00000      0.00000
      0.66000      0.00000      0.00000      0.00000
      0.67000      0.00000      0.00000      0.00000
      0.68000      0.00000      0.00000      0.00000
      0.69000      0.00000      0.00000      0.00000
      0.70000      0.00000      0.00000      0.00000
      0.71000      0.00000      0.00000      0.00000
      0.72000      0.00000      0.00000      0.00000
      0.73000      0.00000      0.00000      0.00000
      0.74000      0.00000      0.00000      0.00000
      0.75000      0.00000      0.00000      0.00000
      0.76000      0.00000      0.00000      0.00000
      0.77000      0.00000      0.00000      0.00000
      0.78000      0.00000      0.00000      0.00000
      0.79000      0.00000      0.00000      0.00000
      0.80000      0.00000      0.00000      0.00000
      0.81000      0.00000      0.00000      0.00000
      0.82000      0.00000      0.00000      0.00000
      0.83000      0.00000      0.00000      0.00000
      0.84000      0.00000      0.00000      0.00000
      0.85000      0.00000      0.00000      0.00000
      0.86000      0.00000      0.00000      0.00000
      0.87000      0.00000      0.00000      0.00000
      0.88000      0.00000      0.00000      0.00000
      0.89000      0.00000      0.00000      0.00000
      0.90000      0.00000      0.00000      0.00000
      0.91000      0.00000      0.00000      0.00000
      0.92000      0.00000      0.00000      0.00000
      0.93000      0.00000      0.00000      0.00000
      0.94000      0.00000      0.00000      0.00000
      0.95000      0.00000      0.00000      0.00000
      0.96000      0.00000      0.00000      0.00000
      0.97000      0.00000      0.00000      0.00000
      0.98000      0.00000      0.00000      0.00000
      0.99000      0.00000      0.00000      0.00000
      1.00000      0.00000      0.00000      0.00000
      1.01000      0.00000      0.00000      0.00000
      1.02000      0.00000      0.00000      0.00000
      1.03000      0.00000      0.00000      0.00000
      1.04000      0.00000      0.00000      0.00000
      1.05000      0.00000      0.00000      0.00000
      1.06000      0.00000      0.00000      0.00000
      1.07000      0.00000      0.00000      0.00000
      1.08000      0.00000      0.00000      0.00000
      1.09000      0.00000      0.00000      0.00000
      1.10000      0.00000      0.00000      0.00000
      1.11000      0.00000      0.00000      0.00000
      1.12000      0.00000      0.00000      0.00000
      1.13000      0.00000      0.00000      0.00000
      1.14000      0.00000      0.00000      0.00000
      1.15000      0.00000      0.00000      0.00000
      1.16000      0.00000      0.00000      0.00000
      1.17000      0.00000      0.00000      0.00000
      1.18000      0.00000      0.00000      0.00000
      1.19000      0.00000      0.00000      0.00000
      1.20000      0.00000      0.00000      0.00000
      1.21000      0.00000      0.00000      0.00000
      1.22000      0.00000      0.00000      0.00000
      1.23000      0.00000      0.00000      0.00000
      1.24000      0.00000      0.00000      0.00000
      1.25000      0.00000      0.00000      0.00000
      1.26000      0.00000      0.00000      0.00000
      1.27000      0.00000      0.00000      0.00000
      1.28000      0.00000      0.00000      0.00000
      1.29000      0.00000      0.00000      0.00000
      1.30000      0.00000      0.00000      0.00000
      1.31000      0.00000      0.00000      0.00000
      1.32000      0.00000      0.00000      0.00000
      1.33000      0.00000      0.00000      0.00000
      1.34000      0.00000      0.00000      0.00000
      1.35000      0.00000      0.00000      0.00000
      1.36000      0.00000      0.00000      0.00000
      1.37000      0.00000      0.00000      0.00000
      1.38000      0.00000      0.00000      0.00000
      1.39000      0.00000      0.00000      0.00000
      1.40000      0.00000      0.00000      0.00000
      1.41000      0.00000      0.00000      0.00000
      1.42000      0.00000      0.00000      0.00000
      1.43000      0.00000      0.00000      0.00000
      1.44000      0.00000      0.00000      0.00000
      1.45000      0.00000      0.00000      0.00000
      1.46000      0.00000      0.00000      0.00000
      1.47000      0.00000      0.00000      0.00000
      1.48000      0.00000      0.00000      0.00000
      1.49000      0.00000      0.00000      0.00000
      1.50000      0.00000      0.00000      0.00000
      1.51000      0.00000      0.00000      0.00000
      1.52000      0.00772      0.00008      0.00763
      1.53000      0.66400      0.00715      0.65685
      1.54000     19.35548      0.20900     19.14648
      1.55000    217.56515      2.35825    215.20690
      1.56000    978.58332     10.68210    967.90122
      1.57000   1913.65948     21.19564   1892.46384
      1.58000   1974.45363     22.55413   1951.89950
      1.59000   1533.46685     18.45826   1515.00859
      1.60000   1226.59542     15.66123   1210.93419
      1.61000   1061.50472     14.30246   1047.20227
      1.62000    957.10360     13.54837    943.55523
      1.63000    882.47146     13.08304    869.38842
      1.64000    825.53809     12.78530    812.75279
      1.65000    780.27828     12.59565    767.68263
      1.66000    743.22951     12.48043    730.74908
      1.67000    712.22428     12.41884    699.80544
      1.68000    685.82251     12.39729    673.42523
      1.69000    663.02334     12.40644    650.61690
      1.70000    643.10521     12.43966    630.66556
      1.71000    625.53303     12.49209    613.04094
      1.72000    609.90147     12.56012    597.34136
      1.73000    595.89476     12.64094    583.25382
      1.74000    583.27352     12.73255    570.54097
      1.75000    572.43848     12.84391    559.59457
      1.76000    577.98977     13.23648    564.75329
      1.77000    722.31812     16.09152    706.22660
      1.78000   1247.24253     25.72340   1221.51912
      1.79000   1815.94598     36.15258   1779.79339
      1.80000   1791.30521     36.03148   1755.27374
      1.81000   1494.21894     31.04981   1463.16913
      1.82000   1297.58198     27.84058   1269.74140
      1.83000   1187.61578     26.16333   1161.45245
      1.84000   1114.88205     25.14114   1089.74091
      1.85000   1061.04194     24.44908   1036.59286
      1.86000   1018.70747     23.95659    994.75088
      1.87000    984.10920     23.59722    960.51198
      1.88000    955.04991     23.33237    931.71754
      1.89000    930.13724     23.13767    906.99958
      1.90000    908.43576     22.99680    885.43897
      1.91000    889.28756     22.89833    866.38923
      1.92000    872.21515     22.83402    849.38113
      1.93000    856.85891     22.79767    834.06124
      1.94000    842.94430     22.78458    820.15972
      1.95000    830.25540     22.79108    807.46432
      1.96000    818.61989     22.81424    795.80566
      1.97000    807.89959     22.85174    785.04785
      1.98000    797.97979     22.90165    775.07814
      1.99000    788.76542     22.96237    765.80305
      2.00000    780.17837     23.03263    757.14574
      2.01000    772.15030     23.11129    749.03902
      2.02000    764.62485     23.19741    741.42744
      2.03000    757.55252     23.29021    734.26232
      2.04000    750.89025     23.38896    727.50130
      2.05000    744.60091     23.49306    721.10785
      2.06000    738.65256     23.60201    715.05055
      2.07000    733.01591     23.71532    709.30059
      2.08000    727.66624     23.83260    703.83364
      2.09000    722.58055     23.95348    698.62707
      2.10000    717.73882     24.07764    693.66118
      2.11000    713.12297     24.20478    688.91820
      2.12000    708.71697     24.33465    684.38232
      2.13000    704.50566     24.46698    680.03867
      2.14000    700.47671     24.60160    675.87511
      2.15000    696.61724     24.73828    671.87896
      2.16000    692.91698     24.87685    668.04013
      2.17000    689.36533     25.01712    664.34821
      2.18000    685.95305     25.15893    660.79412
      2.19000    682.67269     25.30216    657.37054
      2.20000    679.51543     25.44663    654.06881
      2.21000    676.47488     25.59222    650.88266
      2.22000    673.54408     25.73878    647.80530
      2.23000    670.71703     25.88621    644.83082
      2.24000    667.98825     26.03436    641.95388
      2.25000    665.35213     26.18311    639.16902
      2.26000    662.80423     26.33234    636.47189
      2.27000    660.33956     26.48191    633.85765
      2.28000    657.95383     26.63170    631.32214
      2.29000    655.64285     26.78156    628.86129
      2.30000    653.40360     26.93139    626.47221
      2.31000    651.23169     27.08103    624.15066
      2.32000    649.12395     27.23034    621.89361
      2.33000    647.07744     27.37919    619.69825
      2.34000    645.08891     27.52743    617.56148
      2.35000    643.15509     27.67488    615.48021
      2.36000    641.27330     27.82140    613.45190
      2.37000    639.44122     27.96684    611.47438
      2.38000    637.65598     28.11104    609.54495
      2.39000    635.91558     28.25383    607.66175
      2.40000    634.21732     28.39505    605.82227
      2.41000    632.55936     28.53456    604.02481
      2.42000    630.93919     28.67218    602.26701
      2.43000    629.35469     28.80775    600.54694
      2.44000    627.80439     28.94118    598.86322
      2.45000    626.28729     29.07233    597.21496
      2.46000    624.80064     29.20105    595.59959
      2.47000    623.34331     29.32726    594.01605
      2.48000    621.91402     29.45086    592.46315
      2.49000    620.51143     29.57178    590.93965
      2.50000    619.13517     29.68998    589.44519
      2.51000    617.78460     29.80542    587.97918
      2.52000    616.45876     29.91806    586.54070
      2.53000    615.15821     30.02793    585.13028
      2.54000    613.88278     30.13501    583.74777
      2.55000    612.63334     30.23930    582.39404
      2.56000    611.41272     30.34089    581.07182
      2.57000    610.22341     30.43977    579.78364
      2.58000    609.07106     30.53596    578.53510
      2.59000    607.96404     30.62945    577.33459
      2.60000    606.92133     30.72017    576.20115
      2.61000    606.23688     30.80917    575.42771
      2.62000    614.16859     30.93302    583.23558
      2.63000    720.85045     31.49747    689.35298
      2.64000   1201.64507     33.74853   1167.89654
      2.65000   1915.09588     37.06379   1878.03209
      2.66000   2059.51184     37.83663   2021.67521
      2.67000   1744.47360     36.54858   1707.92502
      2.68000   1494.28173     35.55264   1458.72909
      2.69000   1359.05333     35.07290   1323.98042
      2.70000   1274.65610     34.82057   1239.83554
      2.71000   1214.39888     34.67557   1179.72331
      2.72000   1168.22222     34.59271   1133.62952
      2.73000   1131.24762     34.55008   1096.69754
      2.74000   1100.71339     34.53530   1066.17809
      2.75000   1074.90725     34.54069   1040.36656
      2.76000   1052.69848     34.56116   1018.13732
      2.77000   1033.30665     34.59328    998.71337
      2.78000   1016.16936     34.63450    981.53486
      2.79000   1000.87087     34.68296    966.18791
      2.80000    987.09619     34.73726    952.35893
      2.81000    974.60094     34.79629    939.80465
      2.82000    963.50880     34.88617    928.62263
      2.83000    964.98132     35.97347    929.00784
      2.84000   1125.45652     50.58348   1074.87304
      2.85000   2004.39973    126.51237   1877.88736
      2.86000   3566.98479    260.66245   3306.32234
      2.87000   4105.78003    307.02879   3798.75124
      2.88000   3480.26514    253.79293   3226.47221
      2.89000   2896.77921    204.20782   2692.57139
      2.90000   2579.42379    177.40998   2402.01381
      2.91000   2385.58350    161.17754   2224.40596
      2.92000   2248.60056    149.80018   2098.80038
      2.93000   2144.14669    141.19349   2002.95320
      2.94000   2060.76133    134.37568   1926.38564
      2.95000   1992.05682    128.79974   1863.25708
      2.96000   1934.10905    124.12993   1809.97912
      2.97000   1884.34339    120.14616   1764.19723
      2.98000   1840.99136    116.69736   1724.29399
      2.99000   1802.78184    113.67517   1689.10666
      3.00000   1768.77422    110.99948   1657.77474
      3.01000   1738.25777    108.60983   1629.64794
      3.02000   1710.68453    106.45968   1604.22485
      3.03000   1685.62031    104.51228   1581.10803
      3.04000   1662.72107    102.73843   1559.98264
      3.05000   1641.70467    101.11429   1540.59038
      3.06000   1622.34155     99.62041   1522.72114
      3.07000   1604.43888     98.24056   1506.19832
      3.08000   1587.83564     96.96112   1490.87453
      3.09000   1572.39739     95.77071   1476.62669
      3.10000   1558.00706     94.65946   1463.34760
      3.11000   1544.56601     93.61898   1450.94703
      3.12000   1531.98811     92.64197   1439.34614
      3.13000   1520.19918     91.72209   1428.47709
      3.14000   1509.13437     90.85377   1418.28059
      3.15000   1498.73762     90.03212   1408.70550
      3.16000   1488.95761     89.25267   1399.70494
      3.17000   1479.75186     88.51162   1391.24025
      3.18000   1471.07985     87.80534   1383.27451
      3.19000   1462.90734     87.13062   1375.77672
      3.20000   1455.20353     86.48453   1368.71900
      3.21000   1447.94228     85.86444   1362.07784
      3.22000   1441.09816     85.26773   1355.83043
      3.23000   1434.65020     84.69200   1349.95820
      3.24000   1428.57976     84.13499   1344.44477
      3.25000   1422.86959     83.59441   1339.27517
      3.26000   1417.50597     83.06808   1334.43789
      3.27000   1412.47713     82.55374   1329.92340
      3.28000   1407.77296     82.04902   1325.72394
      3.29000   1403.38688     81.55143   1321.83545
      3.30000   1399.31415     81.05821   1318.25594
      3.31000   1395.55401     80.56620   1314.98781
      3.32000   1392.11136     80.07177   1312.03958
      3.33000   1388.99565     79.57041   1309.42525
      3.34000   1386.22824     79.05651   1307.17173
      3.35000   1383.84322     78.52268   1305.32054
      3.36000   1381.90189     77.95891   1303.94298
      3.37000   1380.51329     77.35111   1303.16218
      3.38000   1379.87715     76.67822   1303.19892
      3.39000   1380.40434     75.90753   1304.49681
      3.40000   1383.07204     74.98504   1308.08699
      3.41000   1390.83609     73.81665   1317.01944
      3.42000   1411.51118     72.16190   1339.34928
      3.43000   1433.25558     68.91960   1364.33598
      3.44000   1351.20440     62.58787   1288.61653
      3.45000   1166.06432     60.05847   1106.00585
      3.46000   1171.65079     73.83796   1097.81283
      3.47000   1355.02953     91.86050   1263.16903
      3.48000   1425.76658     93.83715   1331.92944
      3.49000   1403.49534     88.25821   1315.23713
      3.50000   1384.89093     84.51973   1300.37121
      3.51000   1377.41502     82.49108   1294.92393
      3.52000   1374.32862     81.18119   1293.14743
      3.53000   1373.19682     80.22056   1292.97626
      3.54000   1373.18435     79.46157   1293.72278
      3.55000   1373.93429     78.83131   1295.10299
      3.56000   1375.27045     78.28867   1296.98178
      3.57000   1377.10252     77.80862   1299.29390
      3.58000   1379.38273     77.37483   1302.00790
      3.59000   1382.08832     76.97618   1305.11214
      3.60000   1385.21148     76.60478   1308.60670
      3.61000   1388.75516     76.25486   1312.50030
      3.62000   1392.73091     75.92213   1316.80878
      3.63000   1397.15380     75.60313   1321.55067
      3.64000   1402.04732     75.29528   1326.75205
      3.65000   1407.43864     74.99641   1332.44223
      3.66000   1413.36129     74.70482   1338.65647
      3.67000   1419.85432     74.41905   1345.43527
      3.68000   1426.96341     74.13792   1352.82549
      3.69000   1434.74109     73.86037   1360.88071
      3.70000   1443.24935     73.58558   1369.66376
      3.71000   1452.56055     73.31287   1379.24768
      3.72000   1462.75752     73.04161   1389.71592
      3.73000   1473.93845     72.77130   1401.16715
      3.74000   1486.22000     72.50168   1413.71832
      3.75000   1499.74032     72.23257   1427.50775
      3.76000   1514.66355     71.96392   1442.69963
      3.77000   1531.18852     71.69590   1459.49261
      3.78000   1549.55901     71.42906   1478.12996
      3.79000   1570.07582     71.16430   1498.91152
      3.80000   1593.11395     70.90297   1522.21098
      3.81000   1619.15060     70.64725   1548.50335
      3.82000   1648.80063     70.40033   1578.40030
      3.83000   1682.87096     70.16691   1612.70405
      3.84000   1722.45614     69.95425   1652.50189
      3.85000   1769.07974     69.77357   1699.30617
      3.86000   1824.93644     69.64257   1755.29387
      3.87000   1893.33707     69.59026   1823.74681
      3.88000   1979.59315     69.66702   1909.92612
      3.89000   2093.01417     69.96826   2023.04591
      3.90000   2252.51164     70.70274   2181.80890
      3.91000   2507.95190     72.46134   2435.49055
      3.92000   2990.43798     76.83946   2913.59852
      3.93000   3668.30422     83.14979   3585.15443
      3.94000   3527.54418     77.92940   3449.61478
      3.95000   2119.87844     56.06697   2063.81147
      3.96000   1077.83856     39.51005   1038.32851
      3.97000    828.60526     32.58864    796.01663
      3.98000    683.80206     25.79089    658.01116
      3.99000    498.41384     19.78640    478.62744
      4.00000    418.77334     18.54349    400.22985
      4.01000    452.94731     26.31695    426.63037
      4.02000    610.20079     52.22173    557.97906
      4.03000    793.96887     88.66625    705.30261
      4.04000    879.93125    144.46479    735.46646
      4.05000    918.17053    209.94662    708.22392
      4.06000    856.85569    172.84106    684.01463
      4.07000    757.76949     90.22160    667.54789
      4.08000    719.42667     59.54895    659.87771
      4.09000    712.04159     55.66465    656.37694
      4.10000    733.23455     76.59292    656.64163
      4.11000   1023.26602    337.67149    685.59453
      4.12000   2287.69522   1470.67086    817.02436
      4.13000   4086.97840   3082.38366   1004.59474
      4.14000   4481.06123   3436.82468   1044.23655
      4.15000   4370.83345   3343.12216   1027.71129
      4.16000   5495.21969   4360.22720   1134.99249
      4.17000   6315.55845   5101.97260   1213.58584
      4.18000   5612.88604   4471.34591   1141.54013
      4.19000   4687.03344   3639.25844   1047.77500
      4.20000   4129.17138   3138.28234    990.88904
      4.21000   3781.48287   2826.38805    955.09481
      4.22000   3531.60762   2602.44021    929.16740
      4.23000   3337.84140   2428.91521    908.92619
      4.24000   3180.90113   2288.46880    892.43233
      4.25000   3049.99039   2171.39444    878.59594
      4.26000   2938.39963   2071.66136    866.73828
      4.27000   2841.67774   1985.26959    856.40815
      4.28000   2756.72057   1909.43112    847.28945
      4.29000   2681.27447   1842.12136    839.15311
      4.30000   2613.65844   1781.82980    831.82865
      4.31000   2552.58315   1727.39941    825.18374
      4.32000   2497.04234   1677.92754    819.11480
      4.33000   2446.23807   1632.69712    813.54094
      4.34000   2399.52684   1591.13095    808.39589
      4.35000   2356.38172   1552.75612    803.62560
      4.36000   2316.36755   1517.18249    799.18507
      4.37000   2279.12158   1484.08425    795.03733
      4.38000   2244.33620   1453.18573    791.15048
      4.39000   2211.75354   1424.25526    787.49828
      4.40000   2181.14854   1397.09139    784.05715
      4.41000   2152.32948   1371.52229    780.80719
      4.42000   2125.12992   1347.39833    777.73159
      4.43000   2099.40563   1324.59019    774.81544
      4.44000   2075.02688   1302.98174    772.04514
      4.45000   2051.88196   1282.47288    769.40908
      4.46000   2029.87209   1262.97508    766.89701
      4.47000   2008.90744   1244.40790    764.49955
      4.48000   1988.91079   1226.70163    762.20916
      4.49000   1969.81016   1209.79182    760.01834
      4.50000   1951.54243   1193.62225    757.92018
      4.51000   1934.05056   1178.14159    755.90897
      4.52000   1917.28158   1163.30269    753.97889
      4.53000   1901.18905   1149.06371    752.12535
      4.54000   1885.73097   1135.38690    750.34408
      4.55000   1870.86813   1122.23681    748.63132
      4.56000   1856.56408   1109.58128    746.98280
      4.57000   1842.78637   1097.39119    745.39518
      4.58000   1829.50615   1085.64035    743.86580
      4.59000   1816.69478   1074.30346    742.39132
      4.60000   1804.32720   1063.35764    740.96956
      4.61000   1792.37961   1052.78206    739.59755
      4.62000   1780.83104   1042.55752    738.27353
      4.63000   1769.66167   1032.66584    736.99582
      4.64000   1758.85171   1023.08971    735.76200
      4.65000   1748.38491   1013.81465    734.57026
      4.66000   1738.24389   1004.82495    733.41894
      4.67000   1728.41569    996.10908    732.30661
      4.68000   1718.88361    987.65198    731.23163
      4.69000   1709.63722    979.44368    730.19354
      4.70000   1700.66256    971.47219    729.19037
      4.71000   1691.94973    963.72815    728.22158
      4.72000   1683.48593    956.20073    727.28521
      4.73000   1675.26162    948.88124    726.38038
      4.74000   1667.26876    941.76189    725.50687
      4.75000   1659.49687    934.83325    724.66363
      4.76000   1651.93914    928.08913    723.85001
      4.77000   1644.58632    921.52140    723.06492
      4.78000   1637.43129    915.12369    722.30760
      4.79000   1630.46695    908.88951    721.57744
      4.80000   1623.68725    902.81303    720.87422
      4.81000   1617.08553    896.88828    720.19725
      4.82000   1610.65711    891.11055    719.54656
      4.83000   1604.39469    885.47369    718.92101
      4.84000   1598.29410    879.97350    718.32061
      4.85000   1592.34978    874.60533    717.74445
      4.86000   1586.55771    869.36469    717.19302
      4.87000   1580.91322    864.24764    716.66558
      4.88000   1575.41248    859.25039    716.16209
      4.89000   1570.05063    854.36853    715.68210
      4.90000   1564.82578    849.59924    715.22654
      4.91000   1559.73332    844.93881    714.79451
      4.92000   1554.76931    840.38368    714.38562
      4.93000   1549.93193    835.93138    714.00055
      4.94000   1545.21861    831.57938    713.63923
      4.95000   1540.62633    827.32383    713.30250
      4.96000   1536.15184    823.16227    712.98957
      4.97000   1531.79479    819.09255    712.70225
      4.98000   1527.55219    815.11235    712.43984
      4.99000   1523.42219    811.21910    712.20309
      5.00000   1519.40367    807.41061    711.99306
      5.01000   1515.49552    803.68475    711.81077
      5.02000   1511.69711    800.03952    711.65759
      5.03000   1508.00714    796.47287    711.53427
      5.04000   1504.42515    792.98247    711.44268
      5.05000   1500.95167    789.56744    711.38424
      5.06000   1497.58776    786.22548    711.36227
      5.07000   1494.33426    782.95476    711.37950
      5.08000   1491.19300    779.75351    711.43950
      5.09000   1488.16675    776.61976    711.54699
      5.10000   1485.25897    773.55212    711.70684
      5.11000   1482.47559    770.54859    711.92701
      5.12000   1479.82283    767.60689    712.21593
      5.13000   1477.31151    764.72553    712.58597
      5.14000   1474.95430    761.90192    713.05238
      5.15000   1472.76961    759.13357    713.63604
      5.16000   1470.78308    756.41763    714.36545
      5.17000   1469.02977    753.75072    715.27906
      5.18000   1467.56285    751.12873    716.43412
      5.19000   1466.46314    748.54791    717.91523
      5.20000   1465.85426    746.00161    719.85265
      5.21000   1465.94262    743.48444    722.45819
      5.22000   1467.09068    740.99019    726.10049
      5.23000   1469.99108    738.51540    731.47568
      5.24000   1476.18522    736.07533    740.10989
      5.25000   1489.94253    733.77008    756.17245
      5.26000   1522.54099    731.90992    790.63107
      5.27000   1566.57354    729.46456    837.10898
      5.28000   1494.26275    719.27543    774.98733
      5.29000   1230.09650    699.29660    530.79991
      5.30000   1042.54489    688.48441    354.06047
      5.31000   1130.60360    705.71865    424.88495
      5.32000   1403.68475    743.83869    659.84607
      5.33000   1564.51461    761.49703    803.01757
      5.34000   1542.05376    752.27194    789.78182
      5.35000   1492.62847    741.22037    751.40810
      5.36000   1467.87521    735.03688    732.83833
      5.37000   1456.01847    731.32335    724.69512
      5.38000   1449.23004    728.70195    720.52808
      5.39000   1444.89028    726.69091    718.19937
      5.40000   1441.95897    725.08643    716.87254
      5.41000   1439.93564    723.78514    716.15050
      5.42000   1438.55136    722.72940    715.82196
      5.43000   1437.65118    721.88619    715.76499
      5.44000   1437.14227    721.23696    715.90531
      5.45000   1436.96698    720.77123    716.19575
      5.46000   1437.09138    720.48518    716.60620
      5.47000   1437.49455    720.37846    717.11609
      5.48000   1438.16664    720.45552    717.71112
      5.49000   1439.10657    720.72401    718.38256
      5.50000   1440.31845    721.19396    719.12449
      5.51000   1441.81136    721.87836    719.93300
      5.52000   1443.60122    722.79570    720.80553
      5.53000   1445.70730    723.96688    721.74043
      5.54000   1448.15579    725.41822    722.73757
      5.55000   1450.98055    727.18179    723.79876
      5.56000   1454.22185    729.29758    724.92427
      5.57000   1457.93165    731.81482    726.11683
      5.58000   1462.17117    734.79239    727.37878
      5.59000   1467.01318    738.30044    728.71274
      5.60000   1472.54317    742.42084    730.12233
      5.61000   1478.85265    747.23987    731.61279
      5.62000   1486.02354    752.83132    733.19222
      5.63000   1494.09816    759.22610    734.87206
      5.64000   1503.03376    766.36277    736.67100
      5.65000   1512.65835    774.04219    738.61616
      5.66000   1522.68452    781.94026    740.74426
      5.67000   1532.82665    789.73229    743.09436
      5.68000   1543.00747    797.30620    745.70127
      5.69000   1553.50974    804.92038    748.58936
      5.70000   1564.95410    813.17605    751.77805
      5.71000   1578.14667    822.85154    755.29513
      5.72000   1593.94358    834.75438    759.18920
      5.73000   1613.25081    849.70832    763.54249
      5.74000   1637.16399    868.68193    768.48206
      5.75000   1667.25521    893.04732    774.20789
      5.76000   1706.11446    925.06612    781.04834
      5.77000   1758.69669    969.07692    789.61976
      5.78000   1836.99237   1035.60621    801.38616
      5.79000   1972.94482   1152.73276    820.21207
      5.80000   2177.55032   1330.07563    847.47469
      5.81000   2216.51674   1361.39529    855.12145
      5.82000   1884.63692   1066.24443    818.39250
      5.83000   1608.10601    819.96592    788.14009
      5.84000   1645.92153    850.63172    795.28981
      5.85000   1810.87250    993.00910    817.86340
      5.86000   1734.91557    920.76474    814.15083
      5.87000   1368.15988    591.16339    776.99650
      5.88000   1401.89538    638.93440    762.96098
      5.89000   2937.99898   2140.43707    797.56191
      5.90000   6256.69384   5393.86512    862.82872
      5.91000   8210.49184   7293.84727    916.64456
      5.92000   7379.68154   6429.91081    949.77073
      5.93000   6227.53418   5231.91741    995.61677
      5.94000   5812.16211   4728.83717   1083.32494
      5.95000   6067.90813   4809.77971   1258.12842
      5.96000   6689.18885   5197.33245   1491.85640
      5.97000   6001.22074   4600.04426   1401.17648
      5.98000   3561.98785   2684.50848    877.47937
      5.99000   1904.79075   1380.87642    523.91434
      6.00000   1521.85754   1046.75132    475.10622
      6.01000   1476.06400    977.56018    498.50382
      6.02000   1354.74390    927.49276    427.25113
      6.03000   1158.15256    876.63850    281.51405
      6.04000   1040.41168    837.27654    203.13514
      6.05000    995.70914    807.74832    187.96083
      6.06000    969.42754    782.46015    186.96739
      6.07000    948.03916    759.88096    188.15821
      6.08000    940.79143    741.75109    199.04034
      6.09000    997.24864    737.91095    259.33769
      6.10000   1143.44512    753.10498    390.34014
      6.11000   1229.93440    756.29383    473.64057
      6.12000   1188.20502    734.07014    454.13488
      6.13000   1129.11877    710.10171    419.01707
      6.14000   1106.80205    704.25584    402.54621
      6.15000   1204.87209    798.61211    406.25998
      6.16000   1569.37500   1127.20021    442.17480
      6.17000   1952.50349   1461.24506    491.25843
      6.18000   1978.30057   1466.09775    512.20282
      6.19000   1775.35376   1287.41337    487.94039
      6.20000   1579.76198   1131.26683    448.49516
      6.21000   1531.33874   1097.91416    433.42457
      6.22000   1743.09527   1295.79712    447.29815
      6.23000   2114.80881   1639.44544    475.36337
      6.24000   2193.06233   1711.43098    481.63135
      6.25000   2013.57152   1545.13975    468.43177
      6.26000   1864.28486   1406.74111    457.54375
      6.27000   1778.77118   1327.24680    451.52438
      6.28000   1722.59214   1274.83266    447.75948
      6.29000   1680.77748   1235.67035    445.10713
      6.30000   1647.57358   1204.44768    443.12591
      6.31000   1620.14234   1178.54647    441.59587
      6.32000   1596.85228   1156.46181    440.39047
      6.33000   1576.67250   1137.24363    439.42887
      6.34000   1558.91382   1120.25632    438.65750
      6.35000   1543.09217   1105.05312    438.03905
      6.36000   1528.85569   1091.30874    437.54695
      6.37000   1515.94125   1078.77929    437.16196
      6.38000   1504.14997   1067.27896    436.87101
      6.39000   1493.32741   1056.66217    436.66524
      6.40000   1483.35577   1046.81563    436.54015
      6.41000   1474.14581   1037.64925    436.49656
      6.42000   1465.65349   1029.10083    436.55266
      6.43000   1459.06574   1021.59467    437.47108
      6.44000   1487.12117   1027.81734    459.30382
      6.45000   1854.47619   1165.88601    688.59018
      6.46000   3290.81813   1717.07065   1573.74748
      6.47000   5083.33214   2398.93236   2684.39979
      6.48000   5253.17019   2442.53281   2810.63738
      6.49000   4475.03793   2117.25776   2357.78017
      6.50000   3941.17880   1888.98413   2052.19467
      6.51000   3671.83741   1764.18136   1907.65605
      6.52000   3517.88970   1683.73871   1834.15487
      6.53000   3425.37596   1627.49016   1798.15379
      6.54000   3422.97363   1642.01812   1787.68919
      6.55000   3884.93011   2152.34481   1798.05317
      6.56000   5475.72697   3904.36914   1827.96186
      6.57000   7092.35243   5660.30984   1879.17729
      6.58000   7226.74508   5724.73793   1958.47043
      6.59000   7652.88059   6073.80712   2080.12535
      6.60000   9161.99886   7545.73317   2286.01439
      6.61000   9730.91741   7724.91791   2699.21987
      6.62000   9380.80353   6601.73323   3349.02594
      6.63000   8569.26824   5673.97674   3359.03373
      6.64000   6752.66359   5105.72347   2043.28523
      6.65000   5241.44228   4722.29468    874.99276
      6.66000   4665.10067   4445.40891    551.29861
      6.67000   4435.01926   4229.29999    515.67383
      6.68000   4271.03588   4051.49719    510.08355
      6.69000   4133.15910   3901.05623    508.38891
      6.70000   4014.14660   3771.29266    508.42257
      6.71000   3909.89715   3657.68570    506.33685
      6.72000   3817.51385   3557.02578    501.67429
      6.73000   3734.86480   3466.95139    499.82986
      6.74000   3660.34182   3385.68116    503.15528
      6.75000   3592.70198   3311.83877    503.58000
      6.76000   3530.96740   3244.34161    501.20642
      6.77000   3474.35895   3182.32596    497.02279
      6.78000   3422.24541   3125.09170    489.29520
      6.79000   3374.11151   3072.06537    485.38403
      6.80000   3329.53180   3022.77174    490.50705
      6.81000   3288.15443   2976.81606    498.95863
      6.82000   3249.68638   2933.86609    504.98440
      6.83000   3213.88416   2893.64224    506.87597
      6.84000   3180.54380   2855.90679    503.23152
      6.85000   3149.49823   2820.45982    495.65386
      6.86000   3120.61355   2787.13344    493.79105
      6.87000   3093.77908   2755.78328    501.73658
      6.88000   3068.91577   2726.29379    508.19985
      6.89000   3045.96758   2698.56956    508.85086
      6.90000   3024.90775   2672.53922    508.95703
      6.91000   3005.73235   2648.14829    510.94649
      6.92000   2988.47213   2625.36811    516.48033
      6.93000   2973.19113   2604.19246    520.15592
      6.94000   2959.99728   2584.64231    522.29492
      6.95000   2949.05123   2566.77144    527.55537
      6.96000   2940.58345   2550.67479    532.24718
      6.97000   2934.92112   2536.50225    539.75296
      6.98000   2932.52154   2524.47676    547.31639
      6.99000   2934.03929   2514.93075    554.80419
      7.00000   2940.42421   2508.35925    566.26929
      7.01000   2953.10760   2505.52081    581.20791
      7.02000   2974.34210   2507.62325    600.79654
      7.03000   3007.92542   2516.71608    626.02157
      7.04000   3060.97962   2536.66387    659.06630
      7.05000   3149.70875   2576.28521    706.18516
      7.06000   3320.31430   2660.78339    788.84722
      7.07000   3647.89257   2831.23054    942.60606
      7.08000   3897.37397   2959.34598   1061.25970
      7.09000   3399.21951   2678.58016    841.44175
      7.10000   2505.58951   2180.98787    442.59244
      7.11000   2078.70511   1939.75937    254.07318
      7.12000   1997.49292   1889.03543    222.06755
      7.13000   1982.54850   1875.11543    221.83487
      7.14000   1972.48288   1864.11059    225.04768
      7.15000   1962.98826   1853.63886    226.37164
      7.16000   1953.96550   1843.65005    225.48146
      7.17000   1945.43628   1834.16559    225.70454
      7.18000   1937.42793   1825.21269    226.02482
      7.19000   1929.98363   1816.83420    225.15164
      7.20000   1923.15653   1809.08365    224.51071
      7.21000   1917.02189   1802.03688    225.37379
      7.22000   1911.68207   1795.79769    224.19903
      7.23000   1907.27678   1790.50797    223.67195
      7.24000   1904.00359   1786.36908    224.27420
      7.25000   1902.14290   1783.66732    223.95895
      7.26000   1902.11026   1782.82779    224.67844
      7.27000   1904.54293   1784.50354    225.51104
      7.28000   1910.47035   1789.75087    226.10169
      7.29000   1921.68816   1800.41464    224.81322
      7.30000   1941.71338   1820.11188    223.84481
      7.31000   1979.09890   1857.64751    225.09469
      7.32000   2059.37781   1939.32476    224.73103
      7.33000   2214.51177   2098.03113    222.61046
      7.34000   2273.72725   2157.52599    217.96191
      7.35000   1913.13631   1784.02175    208.17883
      7.36000   1464.58191   1320.52320    200.15246
      7.37000   1355.82846   1208.67353    197.92850
      7.38000   1510.70390   1370.30491    196.87556
      7.39000   1663.22063   1528.35556    195.76546
      7.40000   1336.34259   1183.52236    195.82119
      7.41000    789.17746    606.92692    197.50755
      7.42000    696.28531    496.33252    208.59452
      7.43000   1145.34543    926.85255    243.12305
      7.44000   1600.14756   1376.62275    265.51922
      7.45000   1571.09452   1376.41595    238.37312
      7.46000   1471.73953   1300.69066    214.65708
      7.47000   1600.91274   1440.61786    212.43542
      7.48000   1926.11786   1780.02284    217.38653
      7.49000   2181.67779   2042.39787    230.72360
      7.50000   2137.62190   1982.84101    251.19339
      7.51000   2030.65585   1846.14857    274.62007
      7.52000   2011.26532   1781.82489    314.40601
      7.53000   2078.21344   1792.19375    374.76100
      7.54000   2395.57121   1987.04391    503.25615
      7.55000   3051.52403   2387.42101    758.60003
      7.56000   3290.90888   2528.30858    851.39339
      7.57000   2970.50403   2338.98628    717.39205
      7.58000   2669.33368   2159.94110    598.98373
      7.59000   2505.34512   2059.79306    538.19773
      7.60000   2406.18612   1997.22916    498.08309
      7.61000   2337.01335   1952.25846    467.06584
      7.62000   2285.05752   1917.48267    447.01470
      7.63000   2244.52052   1889.45132    438.43709
      7.64000   2213.86912   1866.74437    434.65222
      7.65000   2203.71532   1852.04718    436.66417
      7.66000   2242.61380   1853.85551    468.68498
      7.67000   2309.68553   1865.10111    521.28200
      7.68000   2367.70414   1872.55541    568.89896
      7.69000   2438.71235   1884.08711    629.90517
      7.70000   2437.80697   1877.17815    641.87131
      7.71000   2377.28045   1854.22906    607.56676
      7.72000   2330.22310   1835.42126    575.65765
      7.73000   2301.51093   1822.13795    553.51116
      7.74000   2281.54417   1811.66558    542.67563
      7.75000   2266.23561   1802.83314    537.59007
      7.76000   2253.91745   1795.14982    529.77394
      7.77000   2243.73918   1788.35873    520.50870
      7.78000   2235.20111   1782.30248    515.88471
      7.79000   2227.99070   1776.88372    517.79226
      7.80000   2221.89273   1772.02941    522.22047
      7.81000   2216.75996   1767.69219    525.82391
      7.82000   2212.48688   1763.83643    528.11499
      7.83000   2208.99662   1760.43743    529.52114
      7.84000   2206.23440   1757.47885    530.44715
      7.85000   2204.15964   1754.94855    531.15945
      7.86000   2202.74769   1752.84230    531.80770
      7.87000   2201.97961   1751.15754    532.44527
      7.88000   2201.85029   1749.89931    533.04474
      7.89000   2202.35783   1749.07299    533.49111
      7.90000   2203.50910   1748.68936    533.54298
      7.91000   2205.31953   1748.76432    532.68503
      7.92000   2207.80873   1749.31500    529.61730
      7.93000   2211.00563   1750.36585    521.49322
      7.94000   2214.94428   1751.94258    507.87873
      7.95000   2219.67171   1754.08092    501.23047
      7.96000   2225.23827   1756.81717    513.00369
      7.97000   2231.71250   1760.19995    531.77251
      7.98000   2239.17189   1764.28265    544.21402
      7.99000   2247.71639   1769.13272    547.08220
      8.00000   2257.46765   1774.82998    544.12405
      8.01000   2268.58179   1781.47333    543.22348
      8.02000   2281.27036   1789.19228    545.25711
      8.03000   2295.83364   1798.16150    550.97446
      8.04000   2312.74938   1808.64562    561.40995
      8.05000   2332.91619   1821.11660    569.88749
      8.06000   2358.57353   1836.70942    573.97925
      8.07000   2395.64260   1858.35583    589.49138
      8.08000   2440.72069   1883.93500    611.03837
      8.09000   2419.09267   1874.85884    593.26195
      8.10000   2296.78282   1816.73272    523.34289
      8.11000   2304.57475   1834.38038    509.70639
      8.12000   2488.86372   1947.65072    580.23901
      8.13000   2633.79203   2036.79976    636.59432
      8.14000   2914.82493   2224.98635    730.78031
      8.15000   4383.64739   3209.58938   1214.28357
      8.16000   7978.03820   5628.98873   2386.34071
      8.17000  11165.36862   7797.60752   3401.18440
      8.18000  11058.29975   7755.60927   3327.80252
      8.19000   9613.25789   6808.97030   2820.98859
      8.20000   8913.38727   6371.65403   2555.31964
      8.21000   9090.66999   6546.24367   2557.36752
      8.22000  10111.45433   7326.05787   2794.70240
      8.23000  11123.68042   8092.63775   3043.97052
      8.24000  10191.24492   7427.57531   2793.60703
      8.25000   7100.01976   5182.96696   1970.27882
      8.26000   3603.82432   2645.86206   1029.54276
      8.27000   1864.18775   1384.41560    558.32618
      8.28000   1529.80903   1142.81645    466.21601
      8.29000   1516.93624   1135.25867    460.14897
      8.30000   1536.47339   1152.63825    461.12269
      8.31000   1571.99176   1184.51522    463.07599
      8.32000   1642.09638   1248.27155    467.08019
      8.33000   1745.13233   1342.74611    472.80809
      8.34000   1728.63002   1327.43237    469.18523
      8.35000   1494.83098   1111.63048    450.35830
      8.36000   1294.59149    926.81497    435.92713
      8.37000   1232.31048    869.47251    432.78489
      8.38000   1218.12088    856.31627    433.31386
      8.39000   1211.63135    849.85485    434.26821
      8.40000   1207.55353    845.25029    435.28131
      8.41000   1204.91387    841.70465    436.33974
      8.42000   1203.17893    838.79822    437.45011
      8.43000   1202.06193    836.30534    438.62534
      8.44000   1201.44552    834.13337    439.88472
      8.45000   1201.34286    832.28967    441.26029
      8.46000   1201.89195    830.87456    442.80532
      8.47000   1203.52418    830.19925    444.64949
      8.48000   1210.33378    833.19073    447.96550
      8.49000   1257.27228    864.87210    462.68408
      8.50000   1434.77069    990.18059    514.29900
      8.51000   1682.64500   1166.60163    585.13825
      8.52000   1744.99772   1211.94500    601.48822
      8.53000   1596.23739   1110.18380    553.77075
      8.54000   1403.28986    978.65934    491.53621
      8.55000   1302.57588    909.40110    459.03355
      8.56000   1280.32882    893.13759    450.87403
      8.57000   1324.46631    921.56414    460.10703
      8.58000   1480.74988   1020.70536    506.35251
      8.59000   1636.13372   1110.93649    568.40313
      8.60000   1606.42260   1075.58407    580.13689
      8.61000   1489.17615    985.37737    558.42919
      8.62000   1448.01466    965.16615    543.33039
      8.63000   1453.63212    980.28548    536.69819
      8.64000   1452.02342    981.16805    533.52226
      8.65000   1455.45760    986.13289    531.90495
      8.66000   1452.81786    982.93505    531.17028
      8.67000   1412.33059    935.25997    531.00539
      8.68000   1396.94832    916.50771    531.24091
      8.69000   1420.77924    942.65382    531.77603
      8.70000   1430.00014    951.12180    532.54581
      8.71000   1429.30242    947.64779    533.50799
      8.72000   1428.85511    944.13499    534.63231
      8.73000   1429.35903    941.39060    535.89770
      8.74000   1430.52396    939.06382    537.28892
      8.75000   1432.24803    937.01820    538.79920
      8.76000   1434.50683    935.19994    540.47909
      8.77000   1437.31027    933.58681    542.63054
      8.78000   1440.69299    932.17489    545.85271
      8.79000   1444.70833    930.96909    550.37658
      8.80000   1449.42851    929.98235    555.82734
      8.81000   1454.94769    929.23587    561.92780
      8.82000   1461.38780    928.75884    568.68697
      8.83000   1468.90538    928.58956    576.21545
      8.84000   1477.69871    928.77737    584.66167
      8.85000   1488.02399    929.38450    594.21935
      8.86000   1500.21259    930.48929    605.14130
      8.87000   1514.69814    932.18945    617.76320
      8.88000   1532.05554    934.60623    632.53852
      8.89000   1553.05884    937.88927    650.09131
      8.90000   1578.78140    942.23001    671.30337
      8.91000   1610.77025    947.88602    697.46380
      8.92000   1651.39168    955.24728    730.54856
      8.93000   1704.52604    964.98025    773.77121
      8.94000   1777.05492    978.33103    832.76676
      8.95000   1882.18603    997.73223    918.30980
      8.96000   2047.18997   1027.98462   1052.86953
      8.97000   2327.06887   1077.47354   1283.06194
      8.98000   2792.33607   1151.99330   1673.60505
      8.99000   3384.39451   1226.35254   2191.09203
      9.00000   3759.82508   1233.76070   2558.89268
      9.01000   3649.79955   1150.87370   2531.52064
      9.02000   3259.13540   1041.07834   2250.40376
      9.03000   2894.30805    958.67031   1967.71781
      9.04000   2641.03406    907.44949   1765.37379
      9.05000   2471.62826    875.57747   1627.51661
      9.06000   2354.05204    854.79842   1530.35077
      9.07000   2269.81362    840.98993   1459.48562
      9.08000   2220.41663    835.20344   1415.31082
      9.09000   2364.50107    879.03896   1514.35489
      9.10000   3436.01825   1144.79285   2315.72842
      9.11000   5884.16128   1654.67341   4243.93135
      9.12000   7857.96238   1922.67943   5939.91520
      9.13000   8292.94026   1937.45000   6356.20785
      9.14000   8239.21143   2026.47192   6212.79188
      9.15000   8040.06290   2216.86328   5823.20136
      9.16000   8582.10710   2747.00330   5835.10383
      9.17000   9151.05496   3176.21642   5974.83854
      9.18000   8595.04893   3030.75418   5564.29475
      9.19000   7953.21329   2810.28256   5142.93072
      9.20000   7896.57802   2829.76969   5066.80833
      9.21000   8149.29474   2969.23067   5180.06407
      9.22000   7600.64575   2706.82462   4893.82113
      9.23000   6270.34014   2020.09495   4250.24520
      9.24000   5821.75055   1629.53768   4192.21287
      9.25000   6102.59680   1566.21226   4536.38454
      9.26000   5374.63256   1469.25591   3905.37665
      9.27000   3746.55832   1294.71281   2451.84551
      9.28000   2871.29147   1197.03017   1674.26130
      9.29000   2703.08899   1169.66332   1533.42567
      9.30000   2693.97388   1158.56232   1535.41156
      9.31000   2706.59773   1150.05972   1556.53801
      9.32000   2730.76549   1142.94112   1587.82437
      9.33000   2767.86484   1137.12066   1630.74418
      9.34000   2821.25787   1132.64250   1688.61537
      9.35000   2896.87139   1129.60348   1767.26791
      9.36000   3005.81433   1128.06134   1877.75299
      9.37000   3174.63578   1128.05348   2046.58230
      9.38000   3481.72173   1130.37562   2351.34611
      9.39000   4002.04899   1135.94639   2866.10259
      9.40000   4199.54669   1133.88235   3065.66434
      9.41000   3292.95310   1109.02421   2183.92889
      9.42000   2233.29812   1081.82215   1151.47597
      9.43000   1871.40708   1069.91927    801.48780
      9.44000   1826.55778   1065.26573    761.29206
      9.45000   1825.27917   1062.07088    763.20829
      9.46000   1828.05856   1059.41827    768.64030
      9.47000   1832.89572   1057.19561    775.70011
      9.48000   1839.70606   1055.35363    784.35244
      9.49000   1848.50694   1053.86260    794.64434
      9.50000   1859.36861   1052.70335    806.66525
      9.51000   1872.42221   1051.86833    820.55388
      9.52000   1887.86638   1051.35737    836.50901
      9.53000   1906.78435   1051.22646    855.55789
      9.54000   1950.99573   1052.94471    898.05101
      9.55000   2207.67540   1069.40076   1138.27463
      9.56000   3078.52711   1129.53542   1948.99169
      9.57000   4084.50868   1204.32211   2880.18657
      9.58000   4160.50085   1220.28144   2940.21941
      9.59000   3759.75649   1202.59156   2557.16493
      9.60000   3510.78002   1192.34910   2318.43092
      9.61000   3408.44442   1190.24110   2218.20333
      9.62000   3374.05007   1191.61360   2182.43646
      9.63000   3379.52265   1194.90812   2184.61453
      9.64000   3416.18854   1199.90161   2216.28692
      9.65000   3484.24466   1207.36577   2276.87889
      9.66000   3600.69395   1221.12983   2379.56412
      9.67000   3913.09481   1268.86056   2644.23425
      9.68000   5108.36898   1470.85067   3637.51831
      9.69000   7535.25730   1862.54791   5672.70939
      9.70000   9163.51475   2035.05060   7128.46415
      9.71000   9788.53198   1995.05475   7793.47723
      9.72000  10145.04152   1987.05246   8157.98906
      9.73000   9626.70906   1892.80553   7733.90352
      9.74000   7950.94117   1630.52666   6320.41451
      9.75000   6259.53235   1370.25137   4889.28098
      9.76000   5622.75307   1269.73861   4353.01446
      9.77000   5569.70755   1260.48115   4309.22640
      9.78000   5799.73588   1299.83901   4499.89687
      9.79000   6243.78551   1379.23052   4864.55499
      9.80000   6012.87137   1370.55325   4642.31812
      9.81000   4611.56396   1212.27337   3399.29059
      9.82000   3641.13344   1146.10240   2495.03104
      9.83000   3297.99158   1090.90449   2207.08709
      9.84000   2639.91114    802.72671   1837.18443
      9.85000   2066.21983    536.13716   1530.08267
      9.86000   1902.81249    456.08007   1446.73241
      9.87000   1899.92892    448.25480   1451.67412
      9.88000   1930.63187    451.97648   1478.65538
      9.89000   2008.61940    473.38586   1535.23354
      9.90000   2170.42835    526.08452   1644.34383
      9.91000   2414.54465    567.23619   1847.30846
      9.92000   3300.14145    696.95531   2603.18614
      9.93000   5679.77226   1209.33855   4470.43371
      9.94000   7783.36678   1817.72368   5965.64310
      9.95000   7436.34512   2025.65386   5410.69125
      9.96000   6276.21565   2081.72534   4194.49031
      9.97000   5559.81911   2015.17453   3544.64458
      9.98000   5076.20442   1840.46639   3235.73803
      9.99000   4827.06215   1728.74493   3098.31722
     10.00000   4775.57722   1694.45997   3081.11725
     10.01000   4910.92525   1724.33816   3186.58709
     10.02000   5340.96463   1845.88641   3495.07822
     10.03000   5828.98503   1987.46262   3841.52241
     10.04000   5197.01099   1800.54270   3396.46829
     10.05000   3759.95303   1399.82809   2360.12495
     10.06000   3638.07323   1481.17873   2156.89450
     10.07000   4582.15990   1932.65799   2649.50191
     10.08000   4785.64817   2026.94501   2758.70316
     10.09000   4315.71895   1815.20558   2500.51337
     10.10000   3960.35324   1653.53910   2306.81414
     10.11000   3786.88905   1572.45285   2214.43620
     10.12000   3700.25708   1529.06974   2171.18734
     10.13000   3664.92334   1506.91759   2158.00576
     10.14000   3688.79618   1506.32326   2182.47292
     10.15000   3921.75462   1571.46775   2350.28687
     10.16000   4723.43151   1810.91796   2912.51355
     10.17000   5748.41039   2122.90072   3625.50967
     10.18000   5792.78437   2139.03253   3653.75184
     10.19000   5034.49035   1908.78098   3125.70937
     10.20000   4381.57826   1714.43842   2667.13984
     10.21000   3546.86516   1453.72277   2093.14239
     10.22000   2805.64200   1205.61431   1600.02769
     10.23000   3055.97843   1247.90301   1808.07542
     10.24000   3968.06102   1489.37091   2478.69012
     10.25000   4519.75008   1653.50645   2866.24363
     10.26000   4776.97092   1747.81854   3029.15238
     10.27000   4971.35976   1826.15556   3145.20420
     10.28000   4578.69194   1750.87311   2827.81883
     10.29000   4034.67569   1652.72147   2381.95423
     10.30000   4114.21925   1747.35305   2366.86620
     10.31000   4140.56952   1768.16721   2372.40230
     10.32000   3410.56590   1445.49271   1965.07319
     10.33000   2754.59092   1148.34786   1606.24305
     10.34000   2632.91409   1086.12348   1546.79061
     10.35000   2649.30514   1098.21453   1551.09061
     10.36000   2578.05299   1092.55755   1485.49544
     10.37000   2413.71348   1060.30912   1353.40436
     10.38000   2221.14396   1016.47817   1204.66579
     10.39000   2052.32725    975.26044   1077.06681
     10.40000   1922.36614    941.99819    980.36795
     10.41000   1826.14022    916.39803    909.74219
     10.42000   1754.68116    896.68514    857.99602
     10.43000   1700.84473    881.26703    819.57769
     10.44000   1659.97519    869.04624    790.92896
     10.45000   1630.00535    859.45398    770.55221
     10.46000   1618.70721    852.88629    765.84719
     10.47000   1713.02545    853.08345    860.25555
     10.48000   2211.14742    868.70275   1343.98127
