Energy-E_F (eV)    DOS (1/eV)    PDOS (1/eV)  of atom type H  C  
     -6.84015    201.88890      9.99172    191.89718
     -6.83015    293.52263     22.64642    270.87621
     -6.82015    228.81929     22.29391    206.52538
     -6.81015    124.70950      9.60151    115.10799
     -6.80015     89.79862      2.87114     86.92748
     -6.79015     62.88806      1.29989     61.58817
     -6.78015     88.67876      1.65541     87.02335
     -6.77015    138.39186      2.83462    135.55724
     -6.76015    163.77220      7.86774    155.90446
     -6.75015    236.90815     24.23482    212.67333
     -6.74015    300.91259     38.37800    262.53459
     -6.73015    214.63792     27.74290    186.89502
     -6.72015    121.47144      9.76658    111.70485
     -6.71015     96.72546      4.32351     92.40195
     -6.70015    123.05437     10.04316    113.01121
     -6.69015    216.14610     18.27496    197.87113
     -6.68015    197.81271     13.60926    184.20345
     -6.67015     97.59298      6.80776     90.78522
     -6.66015    135.09817     15.36363    119.73453
     -6.65015    237.28673     27.62381    209.66291
     -6.64015    170.04842     18.88907    151.15935
     -6.63015     76.68869      5.29223     71.39646
     -6.62015    121.99712      2.39171    119.60541
     -6.61015    160.52886      3.67271    156.85615
     -6.60015    118.52287      9.45571    109.06715
     -6.59015    150.01869     22.68457    127.33412
     -6.58015    223.80326     30.42510    193.37816
     -6.57015    212.82963     26.09082    186.73881
     -6.56015    142.19631     15.33308    126.86324
     -6.55015    116.85147      6.31174    110.53973
     -6.54015    153.28415      3.21791    150.06624
     -6.53015    131.11380      3.71349    127.40031
     -6.52015    114.55372     13.72505    100.82867
     -6.51015    209.93568     33.65795    176.27773
     -6.50015    222.14949     32.43262    189.71688
     -6.49015    129.62082     15.59122    114.02960
     -6.48015    112.80520     10.27572    102.52948
     -6.47015    142.80073      7.45082    135.34991
     -6.46015    173.96928      5.74557    168.22370
     -6.45015    172.43630     13.84487    158.59143
     -6.44015    193.37865     29.16864    164.21001
     -6.43015    191.17568     26.63142    164.54426
     -6.42015    159.48726     16.35113    143.13613
     -6.41015    203.03072     28.47843    174.55230
     -6.40015    272.82375     43.05604    229.76772
     -6.39015    272.28867     35.26133    237.02733
     -6.38015    278.55495     24.67781    253.87714
     -6.37015    217.99109     17.47523    200.51585
     -6.36015    123.44982     12.24851    111.20131
     -6.35015     72.71642      5.96973     66.74668
     -6.34015     92.50381      4.70366     87.80015
     -6.33015    119.79286     11.19866    108.59420
     -6.32015    108.04278     15.62890     92.41388
     -6.31015     90.97590      9.23816     81.73774
     -6.30015    140.21326      4.22696    135.98631
     -6.29015    172.85806      6.65263    166.20542
     -6.28015    139.04582     13.22242    125.82340
     -6.27015    121.20547     18.24729    102.95818
     -6.26015    199.37305     30.39130    168.98175
     -6.25015    321.89258     44.48553    277.40705
     -6.24015    298.86633     41.19477    257.67156
     -6.23015    259.04715     41.19005    217.85711
     -6.22015    260.89047     39.07663    221.81384
     -6.21015    223.51627     26.05709    197.45918
     -6.20015    164.86525     13.55832    151.30692
     -6.19015    155.87144     16.14725    139.72418
     -6.18015    170.24754     22.46717    147.78037
     -6.17015    118.84053     14.74724    104.09329
     -6.16015    100.02925      9.75909     90.27016
     -6.15015    160.77375     18.14761    142.62614
     -6.14015    172.24170     19.45487    152.78683
     -6.13015    136.19426     10.31074    125.88352
     -6.12015    144.18213     12.57300    131.60913
     -6.11015    219.24555     22.92620    196.31935
     -6.10015    194.45115     17.97900    176.47215
     -6.09015     74.88927      5.47979     69.40948
     -6.08015     13.35721      0.70957     12.64764
     -6.07015     19.92213      0.97349     18.94863
     -6.06015    110.30449      7.21774    103.08676
     -6.05015    274.71464     23.65280    251.06184
     -6.04015    316.13268     35.16334    280.96933
     -6.03015    194.60445     27.05262    167.55183
     -6.02015     89.33722     12.87714     76.46009
     -6.01015    116.22406     10.63288    105.59117
     -6.00015    244.99776     18.26131    226.73646
     -5.99015    305.08523     19.53509    285.55015
     -5.98015    225.53673     12.48585    213.05088
     -5.97015     98.62475      5.38192     93.24283
     -5.96015     90.71707      8.97247     81.74460
     -5.95015    201.17098     24.81414    176.35684
     -5.94015    244.96809     34.72088    210.24721
     -5.93015    173.38043     25.26173    148.11870
     -5.92015     80.04746     10.46416     69.58329
     -5.91015     60.94800      8.16650     52.78149
     -5.90015    171.80664     25.32580    146.48084
     -5.89015    268.48098     40.66543    227.81556
     -5.88015    239.22216     34.88290    204.33925
     -5.87015    208.50757     29.57287    178.93470
     -5.86015    171.52281     24.31504    147.20777
     -5.85015    128.94959     13.72447    115.22513
     -5.84015    140.69323      9.14661    131.54662
     -5.83015    151.22572     13.11742    138.10829
     -5.82015    135.12930     20.84085    114.28845
     -5.81015    165.78583     29.72693    136.05889
     -5.80015    243.62367     31.24077    212.38290
     -5.79015    319.81557     30.10446    289.71111
     -5.78015    274.56744     24.19346    250.37398
     -5.77015    113.77716     10.04658    103.73058
     -5.76015     28.32444      2.63286     25.69158
     -5.75015     51.61894      5.22343     46.39551
     -5.74015    127.33231     13.00869    114.32362
     -5.73015    200.09009     22.01756    178.07253
     -5.72015    224.84658     24.31992    200.52666
     -5.71015    194.82736     16.81396    178.01341
     -5.70015    139.74988     12.47886    127.27101
     -5.69015    106.05355     15.67445     90.37909
     -5.68015    166.37923     25.71542    140.66381
     -5.67015    220.00005     25.35324    194.64681
     -5.66015    179.11227     19.44553    159.66674
     -5.65015    199.73165     28.25252    171.47914
     -5.64015    258.42712     33.41210    225.01502
     -5.63015    246.22092     22.26546    223.95546
     -5.62015    295.69091     23.33686    272.35405
     -5.61015    358.09498     32.75565    325.33932
     -5.60015    297.76472     31.84515    265.91957
     -5.59015    344.17307     44.15322    300.01985
     -5.58015    567.48893     74.30392    493.18501
     -5.57015    717.54803     91.20269    626.34533
     -5.56015    702.02828     90.46614    611.56215
     -5.55015    638.86988     77.51218    561.35770
     -5.54015    576.69485     62.01315    514.68170
     -5.53015    535.48148     59.50291    475.97857
     -5.52015    501.22050     55.22170    445.99879
     -5.51015    455.61893     46.59646    409.02247
     -5.50015    450.25777     44.28938    405.96839
     -5.49015    525.74626     56.47108    469.27518
     -5.48015    478.80133     59.11861    419.68272
     -5.47015    302.77445     46.51351    256.26093
     -5.46015    267.77245     47.19260    220.57985
     -5.45015    268.69982     39.38049    229.31932
     -5.44015    205.72266     23.02951    182.69315
     -5.43015    167.40518     18.79378    148.61140
     -5.42015    136.65801     23.35256    113.30546
     -5.41015     84.12123     19.58752     64.53370
     -5.40015     94.52869     24.86802     69.66067
     -5.39015    181.08195     45.73364    135.34832
     -5.38015    256.83329     52.49242    204.34087
     -5.37015    303.75248     40.48890    263.26358
     -5.36015    317.27424     38.27297    279.00126
     -5.35015    254.43512     37.75267    216.68245
     -5.34015    138.99711     21.86916    117.12795
     -5.33015     48.74821      6.79100     41.95721
     -5.32015     36.04580      1.55559     34.49020
     -5.31015     73.82572      1.51742     72.30830
     -5.30015     71.23249      1.44034     69.79215
     -5.29015     55.47477      1.71179     53.76298
     -5.28015    110.64073      6.34405    104.29668
     -5.27015    149.83747     12.33551    137.50196
     -5.26015    104.38782      9.53573     94.85209
     -5.25015     83.19983      3.80555     79.39427
     -5.24015     78.02783      1.78049     76.24733
     -5.23015     34.22498      0.71827     33.50671
     -5.22015     10.37615      0.71539      9.66076
     -5.21015     36.93758      4.18431     32.75327
     -5.20015    125.85561     11.78918    114.06643
     -5.19015    234.76941     17.32799    217.44143
     -5.18015    246.02101     16.97892    229.04209
     -5.17015    123.65190      9.16667    114.48523
     -5.16015     25.86824      2.07927     23.78897
     -5.15015      2.39396      0.18518      2.20879
     -5.14015      5.10707      0.10688      5.00019
     -5.13015     32.60586      0.66567     31.94019
     -5.12015     85.20882      2.06750     83.14132
     -5.11015    135.11660      6.38281    128.73379
     -5.10015    214.57323     17.91868    196.65455
     -5.09015    216.29341     22.91933    193.37408
     -5.08015     95.87907     11.32651     84.55256
     -5.07015     35.09980      2.47567     32.62414
     -5.06015     63.78371      1.40695     62.37677
     -5.05015     76.18321      1.53536     74.64786
     -5.04015     34.71725      0.69999     34.01726
     -5.03015     16.02425      0.44644     15.57781
     -5.02015     60.77098      2.83132     57.93966
     -5.01015    148.33578      9.53776    138.79801
     -5.00015    179.42053     12.86040    166.56013
     -4.99015    131.41707      7.32519    124.09187
     -4.98015     56.85632      2.00685     54.84947
     -4.97015     11.44287      0.28892     11.15395
     -4.96015      1.36387      0.02896      1.33491
     -4.95015      7.59151      0.15744      7.43407
     -4.94015     50.90934      1.21252     49.69681
     -4.93015    147.80456      5.00864    142.79592
     -4.92015    203.47665     11.29489    192.18176
     -4.91015    138.86386     11.70151    127.16235
     -4.90015     44.80666      4.85972     39.94694
     -4.89015     11.34591      0.87017     10.47573
     -4.88015     33.19087      0.72109     32.46978
     -4.87015     76.35519      1.62205     74.73314
     -4.86015     75.72285      2.22965     73.49319
     -4.85015     86.54856      5.15363     81.39494
     -4.84015    167.08245     11.28667    155.79578
     -4.83015    204.61854     15.35668    189.26185
     -4.82015    159.97378     12.48408    147.48970
     -4.81015    113.19694      5.67307    107.52387
     -4.80015     61.16130      1.73243     59.42887
     -4.79015     15.48990      0.34553     15.14436
     -4.78015      4.27785      0.08819      4.18966
     -4.77015     26.16850      0.53771     25.63079
     -4.76015    100.85894      2.39539     98.46354
     -4.75015    179.34900      6.77677    172.57223
     -4.74015    171.93675     11.97600    159.96075
     -4.73015    104.03634     10.40741     93.62894
     -4.72015    102.92075      7.29860     95.62215
     -4.71015    244.32536     11.01790    233.30746
     -4.70015    424.89697     14.76421    410.13277
     -4.69015    500.83280     14.85052    485.98229
     -4.68015    462.67313     12.50682    450.16631
     -4.67015    446.64733     11.82196    434.82537
     -4.66015    424.85165     15.12044    409.73121
     -4.65015    362.67694     18.70718    343.96976
     -4.64015    277.32453     14.35101    262.97352
     -4.63015    211.83417      7.74727    204.08690
     -4.62015    161.40088      4.69737    156.70351
     -4.61015    131.77534      3.70992    128.06542
     -4.60015    152.96121      4.84501    148.11620
     -4.59015    229.60543      9.05091    220.55453
     -4.58015    273.79416     12.11052    261.68364
     -4.57015    260.68739     14.01106    246.67632
     -4.56015    262.05241     16.29749    245.75492
     -4.55015    201.23983     10.86433    190.37551
     -4.54015    109.54901      4.18135    105.36766
     -4.53015     91.32561      2.61102     88.71458
     -4.52015     82.76516      2.14313     80.62204
     -4.51015     95.98759      2.12291     93.86468
     -4.50015    151.63538      3.68249    147.95289
     -4.49015    195.43262      6.98942    188.44319
     -4.48015    220.92813     13.46961    207.45851
     -4.47015    245.88627     18.04746    227.83880
     -4.46015    232.70252     13.90151    218.80100
     -4.45015    160.85542      6.60884    154.24658
     -4.44015     94.72642      2.74479     91.98163
     -4.43015     81.95402      2.19235     79.76167
     -4.42015     82.26268      2.23205     80.03063
     -4.41015     69.06521      2.18603     66.87918
     -4.40015    139.67301      6.62539    133.04762
     -4.39015    248.40459     14.35232    234.05227
     -4.38015    234.74288     13.33859    221.40430
     -4.37015    122.44205      5.68814    116.75391
     -4.36015     82.35297      3.53247     78.82050
     -4.35015    145.60220      7.03896    138.56324
     -4.34015    139.85298      7.09339    132.75958
     -4.33015     70.36648      3.16346     67.20303
     -4.32015     98.21268      3.55071     94.66197
     -4.31015    215.26552     10.50393    204.76158
     -4.30015    301.41664     16.06493    285.35171
     -4.29015    242.19052     10.63876    231.55176
     -4.28015    125.94867      3.69459    122.25408
     -4.27015    112.12171      2.53683    109.58488
     -4.26015    152.80673      3.26141    149.54532
     -4.25015    119.95322      2.82761    117.12561
     -4.24015    118.58145      5.00812    113.57333
     -4.23015    225.05524     11.64749    213.40775
     -4.22015    332.70751     17.85155    314.85596
     -4.21015    330.11291     15.82208    314.29082
     -4.20015    171.18227      6.68719    164.49508
     -4.19015     57.23034      1.71753     55.51281
     -4.18015     70.26201      1.80365     68.45836
     -4.17015    100.01035      2.37263     97.63772
     -4.16015    109.89404      2.28765    107.60639
     -4.15015    134.57405      4.05190    130.52216
     -4.14015    197.53040     10.61281    186.91759
     -4.13015    265.90964     16.87479    249.03485
     -4.12015    259.92372     14.49828    245.42543
     -4.11015    190.14860      7.89235    182.25625
     -4.10015    136.97098      3.57765    133.39333
     -4.09015    138.36093      2.89868    135.46225
     -4.08015    117.27215      2.72960    114.54255
     -4.07015     74.44942      2.58558     71.86385
     -4.06015    112.72704      7.00331    105.72373
     -4.05015    198.37761     13.42564    184.95197
     -4.04015    209.45233     11.32752    198.12481
     -4.03015    177.65159      5.96005    171.69153
     -4.02015    166.67548      5.62141    161.05407
     -4.01015    183.76807      7.33446    176.43361
     -4.00015    158.04905      5.61332    152.43573
     -3.99015    164.77187      4.84714    159.92474
     -3.98015    186.07643      7.94763    178.12880
     -3.97015    180.33456     12.49897    167.83559
     -3.96015    182.03293     11.22362    170.80930
     -3.95015    164.78630      5.86838    158.91793
     -3.94015    145.81339      3.51507    142.29832
     -3.93015    109.34317      2.60550    106.73766
     -3.92015     70.79485      2.73704     68.05780
     -3.91015     89.98475      5.42507     84.55968
     -3.90015    134.83776      9.01383    125.82393
     -3.89015    174.54260     12.91549    161.62711
     -3.88015    130.64687     10.46747    120.17940
     -3.87015     40.16643      3.42316     36.74327
     -3.86015      4.65417      0.41847      4.23570
     -3.85015      0.39071      0.02317      0.36754
     -3.84015      4.09103      0.11749      3.97354
     -3.83015     35.16136      1.41340     33.74795
     -3.82015    129.79146      7.39439    122.39707
     -3.81015    215.94259     15.91789    200.02470
     -3.80015    159.50385     13.43755    146.06630
     -3.79015     50.43300      4.34606     46.08693
     -3.78015     22.54610      0.83756     21.70854
     -3.77015     82.09816      1.57598     80.52218
     -3.76015    170.25516      3.28419    166.97097
     -3.75015    203.72501      4.90923    198.81578
     -3.74015    248.91334     10.05813    238.85522
     -3.73015    274.81250     14.92638    259.88613
     -3.72015    201.71197     11.48014    190.23183
     -3.71015    141.36677      7.29195    134.07483
     -3.70015    150.39820      5.37577    145.02244
     -3.69015    177.65217      4.13700    173.51517
     -3.68015    146.08037      3.15352    142.92685
     -3.67015    138.54284      5.04735    133.49550
     -3.66015    184.39596     11.25168    173.14429
     -3.65015    182.31965     12.41988    169.89977
     -3.64015    126.34515      6.30981    120.03534
     -3.63015    121.39629      3.91126    117.48503
     -3.62015    133.77204      5.32068    128.45136
     -3.61015    142.27411      5.49641    136.77771
     -3.60015    187.56326      5.77076    181.79250
     -3.59015    237.92820     10.21757    227.71063
     -3.58015    210.85178     13.43498    197.41680
     -3.57015    100.05380      7.76973     92.28407
     -3.56015     34.96938      2.04634     32.92304
     -3.55015     77.13680      1.89629     75.24051
     -3.54015    176.78976      4.81596    171.97379
     -3.53015    234.82578      8.09155    226.73423
     -3.52015    224.58764     10.93362    213.65402
     -3.51015    191.61284     13.47732    178.13552
     -3.50015    149.08712     10.03019    139.05693
     -3.49015     97.84393      4.00188     93.84204
     -3.48015     62.36759      1.46128     60.90631
     -3.47015     81.42592      1.66067     79.76526
     -3.46015    104.39706      3.32531    101.07176
     -3.45015    190.39663     10.06354    180.33309
     -3.44015    310.05886     17.75034    292.30853
     -3.43015    256.03709     13.24781    242.78928
     -3.42015    142.41845      5.01989    137.39856
     -3.41015     67.42522      1.57374     65.85148
     -3.40015     23.25621      0.58094     22.67527
     -3.39015     49.95224      2.30159     47.65065
     -3.38015    173.00587      9.56640    163.43947
     -3.37015    320.66002     17.51644    303.14358
     -3.36015    301.78641     14.10182    287.68459
     -3.35015    133.28807      5.10635    128.18172
     -3.34015     58.09333      1.54381     56.54952
     -3.33015     81.57399      2.09222     79.48177
     -3.32015     86.75736      4.45960     82.29776
     -3.31015    119.04107     10.34691    108.69416
     -3.30015    209.73036     13.59390    196.13647
     -3.29015    255.34608     10.60116    244.74493
     -3.28015    183.31547      6.01703    177.29844
     -3.27015    124.02699      3.27359    120.75341
     -3.26015    141.87949      4.42954    137.44995
     -3.25015    161.50849      9.35328    152.15521
     -3.24015    136.48063     12.17739    124.30324
     -3.23015    113.09230      8.30537    104.78693
     -3.22015    195.82777      7.07909    188.74868
     -3.21015    234.31054      6.89874    227.41180
     -3.20015    156.24124      4.99027    151.25096
     -3.19015    150.81718      8.49334    142.32384
     -3.18015    174.76912     12.85938    161.90974
     -3.17015    149.04394      9.18321    139.86072
     -3.16015    111.62556      4.73697    106.88859
     -3.15015    124.20517      4.88387    119.32130
     -3.14015    181.62221      6.70124    174.92097
     -3.13015    228.99321     11.11485    217.87836
     -3.12015    201.06859     13.34645    187.72214
     -3.11015    183.84502      9.07574    174.76928
     -3.10015    200.49129      6.05040    194.44089
     -3.09015    195.62383      6.59017    189.03366
     -3.08015    195.58209      9.21450    186.36758
     -3.07015    180.72493     12.70680    168.01813
     -3.06015    174.70125     11.80760    162.89365
     -3.05015    196.26698      7.54227    188.72471
     -3.04015    326.13998      9.28144    316.85854
     -3.03015    374.05113     12.39174    361.65939
     -3.02015    236.50921     13.35239    223.15683
     -3.01015    119.82177     12.25253    107.56924
     -3.00015     56.25447      6.06840     50.18607
     -2.99015     68.88620      2.67083     66.21537
     -2.98015    147.86852      5.55405    142.31447
     -2.97015    181.46258     11.34503    170.11754
     -2.96015    133.12744     12.92412    120.20332
     -2.95015     56.21962      6.69897     49.52065
     -2.94015     27.73482      2.20874     25.52608
     -2.93015     90.83744      4.98548     85.85196
     -2.92015    215.60384     12.58869    203.01515
     -2.91015    258.12932     14.48246    243.64686
     -2.90015    164.01302      7.47919    156.53383
     -2.89015     82.19200      3.50844     78.68356
     -2.88015    111.76949      7.73492    104.03457
     -2.87015    145.95229     13.30221    132.65009
     -2.86015     90.88494      9.81125     81.07368
     -2.85015     49.57269      4.04790     45.52479
     -2.84015    119.54656      6.49401    113.05254
     -2.83015    230.74583     13.68448    217.06135
     -2.82015    232.28005     13.31523    218.96482
     -2.81015    165.76387      6.95166    158.81221
     -2.80015    142.57334      6.99713    135.57621
     -2.79015    145.98588     12.07442    133.91146
     -2.78015    113.98536     11.66587    102.31949
     -2.77015    103.26827      7.25961     96.00865
     -2.76015    166.17702      9.13051    157.04651
     -2.75015    215.16102     13.98655    201.17447
     -2.74015    202.40156     12.43411    189.96745
     -2.73015    201.11898      9.04722    192.07177
     -2.72015    200.51889     11.70530    188.81359
     -2.71015    184.40060     14.07637    170.32424
     -2.70015    144.54721     10.21829    134.32893
     -2.69015    169.04264     11.56817    157.47447
     -2.68015    252.11972     16.15257    235.96716
     -2.67015    248.10526     13.71101    234.39425
     -2.66015    250.04275     14.59067    235.45208
     -2.65015    319.37874     18.17618    301.20256
     -2.64015    330.54427     16.87243    313.67184
     -2.63015    259.51940     16.65651    242.86289
     -2.62015    161.00322     14.07869    146.92453
     -2.61015    139.50029     12.51346    126.98683
     -2.60015    175.70717     14.40426    161.30291
     -2.59015    152.28369     13.97412    138.30956
     -2.58015    151.09007     15.01980    136.07027
     -2.57015    189.84452     16.26094    173.58359
     -2.56015    191.20379     18.00806    173.19573
     -2.55015    170.21205     20.27388    149.93818
     -2.54015    207.46310     24.79331    182.66979
     -2.53015    274.65614     28.94945    245.70670
     -2.52015    242.46640     24.33260    218.13380
     -2.51015    133.68338     11.53136    122.15203
     -2.50015     94.07802      3.17174     90.90628
     -2.49015     68.48779      0.93463     67.55316
     -2.48015     32.03031      0.39065     31.63966
     -2.47015     70.39223      1.02808     69.36415
     -2.46015    199.48283      2.97851    196.50431
     -2.45015    278.41313      4.11739    274.29574
     -2.44015    188.09245      2.70683    185.38562
     -2.43015     91.16910      1.24422     89.92488
     -2.42015    131.09487      1.72461    129.37025
     -2.41015    154.53170      2.05044    152.48127
     -2.40015     88.26078      1.26702     86.99375
     -2.39015     89.61572      1.52077     88.09494
     -2.38015    155.32468      2.51664    152.80804
     -2.37015    192.29470      2.97366    189.32104
     -2.36015    187.30128      3.63986    183.66142
     -2.35015    190.15079      5.04715    185.10364
     -2.34015    150.06598      4.15391    145.91207
     -2.33015    142.66552      2.78345    139.88207
     -2.32015    230.58469      3.65969    226.92500
     -2.31015    187.40377      2.93548    184.46829
     -2.30015     62.51673      1.02858     61.48816
     -2.29015     68.59920      1.83087     66.76833
     -2.28015    360.02282     10.35767    349.66515
     -2.27015    930.00576     27.25900    902.74676
     -2.26015   1231.66947     35.88457   1195.78490
     -2.25015   1011.75270     28.97270    982.78000
     -2.24015    635.44808     18.34042    617.10766
     -2.23015    429.41659     12.19797    417.21862
     -2.22015    460.99377     12.36279    448.63098
     -2.21015    490.31852     12.98296    477.33556
     -2.20015    394.59993     10.10459    384.49535
     -2.19015    392.72164      9.84464    382.87700
     -2.18015    501.03909     13.29150    487.74760
     -2.17015    471.54729     12.54278    459.00451
     -2.16015    292.69351      7.11617    285.57734
     -2.15015    145.19417      2.93667    142.25750
     -2.14015     97.20832      1.47024     95.73809
     -2.13015     66.52730      0.90476     65.62254
     -2.12015     24.06006      0.32253     23.73753
     -2.11015     32.96898      0.44016     32.52882
     -2.10015    105.47829      1.42666    104.05163
     -2.09015    149.25709      2.05199    147.20510
     -2.08015     87.85844      1.22696     86.63148
     -2.07015     21.82393      0.30904     21.51490
     -2.06015     11.22982      0.16647     11.06335
     -2.05015     48.20434      0.71191     47.49243
     -2.04015    107.66549      1.53283    106.13266
     -2.03015    125.06526      1.66207    123.40319
     -2.02015     81.88279      1.02659     80.85620
     -2.01015     37.14239      0.51480     36.62760
     -2.00015     92.96411      1.69436     91.26975
     -1.99015    316.60479      6.20926    310.39553
     -1.98015    605.24274     12.29736    592.94538
     -1.97015    748.50314     15.13258    733.37056
     -1.96015    714.38133     14.00611    700.37523
     -1.95015    552.70973     10.67583    542.03390
     -1.94015    428.16649      8.24745    419.91905
     -1.93015    477.29098      9.22294    468.06804
     -1.92015    585.73436     11.40270    574.33166
     -1.91015    541.36726     10.43497    530.93229
     -1.90015    503.21492      9.20626    494.00867
     -1.89015    589.70500     10.35297    579.35203
     -1.88015    542.35374      9.59925    532.75449
     -1.87015    339.39275      6.18362    333.20913
     -1.86015    240.06628      4.43278    235.63351
     -1.85015    216.37797      3.82516    212.55282
     -1.84015    179.41507      2.73938    176.67568
     -1.83015    174.07109      2.31829    171.75280
     -1.82015    151.90067      2.09909    149.80158
     -1.81015    113.56703      1.68971    111.87733
     -1.80015     64.68409      0.97610     63.70799
     -1.79015     47.21179      0.60864     46.60315
     -1.78015    108.09867      1.30907    106.78960
     -1.77015    147.71799      1.84842    145.86957
     -1.76015     86.44744      1.11899     85.32845
     -1.75015     21.85890      0.28839     21.57051
     -1.74015     13.89776      0.16469     13.73307
     -1.73015     60.91043      0.71673     60.19370
     -1.72015    131.85076      1.59334    130.25742
     -1.71015    129.55198      1.61367    127.93831
     -1.70015     71.25790      0.88862     70.36928
     -1.69015     72.16355      0.83741     71.32614
     -1.68015    113.35479      1.29881    112.05598
     -1.67015    142.18438      1.66235    140.52203
     -1.66015    146.92557      1.77244    145.15313
     -1.65015     90.28952      1.11653     89.17299
     -1.64015     28.33728      0.35236     27.98492
     -1.63015     32.68381      0.37795     32.30586
     -1.62015    129.82684      1.49964    128.32719
     -1.61015    224.97783      2.63053    222.34730
     -1.60015    159.73957      1.89723    157.84234
     -1.59015     47.77605      0.57645     47.19961
     -1.58015     15.96059      0.19046     15.77013
     -1.57015     65.68637      0.77108     64.91529
     -1.56015    161.44286      1.88839    159.55447
     -1.55015    178.36684      2.07561    176.29123
     -1.54015    123.80703      1.43727    122.36976
     -1.53015     77.83713      0.94192     76.89520
     -1.52015     88.91881      1.13677     87.78204
     -1.51015    115.78370      1.38587    114.39783
     -1.50015    111.20958      1.19634    110.01324
     -1.49015     95.94886      1.09825     94.85060
     -1.48015    133.19798      1.72544    131.47254
     -1.47015    150.24504      1.92608    148.31896
     -1.46015     89.08960      1.05171     88.03789
     -1.45015     84.27135      0.84132     83.43004
     -1.44015    134.16705      1.47833    132.68871
     -1.43015    120.46972      1.53713    118.93259
     -1.42015     59.65397      0.81186     58.84210
     -1.41015     60.97916      0.69264     60.28652
     -1.40015    122.11912      1.20684    120.91228
     -1.39015    132.09165      1.13713    130.95452
     -1.38015     68.50693      0.52105     67.98589
     -1.37015     27.16143      0.22475     26.93668
     -1.36015     71.12396      0.66251     70.46145
     -1.35015    164.86606      1.48664    163.37942
     -1.34015    218.27037      2.12603    216.14434
     -1.33015    279.71027      3.18582    276.52445
     -1.32015    275.20980      3.19381    272.01599
     -1.31015    149.02049      1.57431    147.44618
     -1.30015     86.93590      0.91830     86.01760
     -1.29015    166.22790      2.05542    164.17248
     -1.28015    230.68762      3.08104    227.60658
     -1.27015    197.36372      2.45871    194.90501
     -1.26015    185.17859      1.74594    183.43265
     -1.25015    148.24815      1.31768    146.93047
     -1.24015    135.52858      1.52526    134.00332
     -1.23015    164.51619      1.93963    162.57657
     -1.22015    109.62096      1.12694    108.49402
     -1.21015     85.65889      0.51464     85.14425
     -1.20015    139.57533      1.11737    138.45796
     -1.19015    184.59895      2.36962    182.22933
     -1.18015    141.31644      2.24178    139.07467
     -1.17015     48.33643      0.84017     47.49626
     -1.16015     11.44482      0.22314     11.22169
     -1.15015     32.62869      0.68244     31.94626
     -1.14015     82.15338      1.66084     80.49255
     -1.13015    104.22534      1.81116    102.41418
     -1.12015     99.73168      1.33325     98.39843
     -1.11015     68.97710      0.89262     68.08449
     -1.10015     59.99199      1.12413     58.86786
     -1.09015     81.07311      1.71433     79.35878
     -1.08015     53.17153      1.12719     52.04434
     -1.07015     23.28383      0.40561     22.87822
     -1.06015     61.15245      0.85920     60.29325
     -1.05015    137.77134      2.14228    135.62906
     -1.04015    130.86075      2.27206    128.58869
     -1.03015     51.57808      0.97815     50.59993
     -1.02015     11.86880      0.24439     11.62441
     -1.01015     28.35717      0.60528     27.75190
     -1.00015     83.91663      1.69102     82.22560
     -0.99015    122.24090      2.09612    120.14478
     -0.98015    105.18783      1.43292    103.75492
     -0.97015     55.71301      0.73757     54.97544
     -0.96015     51.05371      1.02419     50.02952
     -0.95015     79.83920      1.74946     78.08974
     -0.94015     57.44743      1.23789     56.20954
     -0.93015     36.41452      0.57155     35.84297
     -0.92015     83.08045      1.10744     81.97301
     -0.91015    134.83637      2.14253    132.69384
     -0.90015    109.41068      2.06899    107.34170
     -0.89015     42.22411      0.88209     41.34202
     -0.88015     12.29106      0.26690     12.02416
     -0.87015     38.95545      0.80362     38.15182
     -0.86015    110.87144      2.07043    108.80101
     -0.85015    141.15653      2.26156    138.89497
     -0.84015     82.58232      1.13184     81.45049
     -0.83015     33.89695      0.55305     33.34390
     -0.82015     56.34306      1.25547     55.08758
     -0.81015     80.99433      1.81749     79.17684
     -0.80015     59.40560      1.14556     58.26004
     -0.79015     72.47356      0.92050     71.55305
     -0.78015    109.71885      1.54564    108.17321
     -0.77015    112.16876      2.10520    110.06356
     -0.76015     72.02914      1.56997     70.45917
     -0.75015     23.62755      0.52985     23.09771
     -0.74015     26.52339      0.50804     26.01535
     -0.73015    100.13685      1.77849     98.35836
     -0.72015    157.34074      2.62646    154.71428
     -0.71015     94.05103      1.47422     92.57681
     -0.70015     28.51870      0.48372     28.03499
     -0.69015     42.14183      0.96855     41.17327
     -0.68015     83.95581      1.90052     82.05529
     -0.67015     89.94337      1.66853     88.27485
     -0.66015     94.33880      1.19938     93.13943
     -0.65015     91.76171      1.30626     90.45545
     -0.64015     90.83402      1.88923     88.94479
     -0.63015     72.38913      1.68691     70.70222
     -0.62015     32.41650      0.69867     31.71783
     -0.61015     54.01789      0.83758     53.18031
     -0.60015    137.09875      2.22852    134.87023
     -0.59015    140.98455      2.47901    138.50554
     -0.58015     56.54431      1.07421     55.47011
     -0.57015     22.57199      0.50696     22.06504
     -0.56015     62.84870      1.41588     61.43282
     -0.55015    120.44038      2.32973    118.11064
     -0.54015    122.28421      1.81599    120.46822
     -0.53015     75.91805      1.03403     74.88402
     -0.52015     66.13595      1.41840     64.71755
     -0.51015     83.05767      2.00632     81.05135
     -0.50015     65.02762      1.33074     63.69688
     -0.49015     83.76411      1.13087     82.63324
     -0.48015    129.66659      2.04763    127.61896
     -0.47015    114.86594      2.33094    112.53500
     -0.46015     52.96615      1.22509     51.74106
     -0.45015     35.60987      0.73239     34.87748
     -0.44015    105.72256      1.92726    103.79530
     -0.43015    158.07868      2.72569    155.35298
     -0.42015     91.57219      1.52005     90.05214
     -0.41015     42.86015      0.90202     41.95813
     -0.40015     79.49324      1.87462     77.61862
     -0.39015    119.28525      2.30194    116.98331
     -0.38015    115.06130      1.62684    113.43447
     -0.37015     93.16716      1.56853     91.59863
     -0.36015     92.09538      2.18394     89.91145
     -0.35015     79.18872      1.74971     77.43901
     -0.34015     95.37185      1.43462     93.93723
     -0.33015    139.97456      2.35063    137.62393
     -0.32015    113.74591      2.38475    111.36116
     -0.31015     59.94341      1.31704     58.62638
     -0.30015     96.07106      1.73484     94.33622
     -0.29015    159.82003      2.84546    156.97456
     -0.28015    110.16485      2.02541    108.13945
     -0.27015     69.61862      1.46154     68.15708
     -0.26015    128.24502      2.54317    125.70185
     -0.25015    148.17769      2.53770    145.63999
     -0.24015    100.44513      1.79826     98.64686
     -0.23015    114.68212      2.44140    112.24072
     -0.22015    145.79683      2.61247    143.18436
     -0.21015    128.67044      2.16698    126.50347
     -0.20015    132.01111      2.67232    129.33879
     -0.19015    149.69269      2.66908    147.02360
     -0.18015    147.14890      2.51854    144.63037
     -0.17015    162.97402      3.03427    159.93976
     -0.16015    172.14567      2.85843    169.28724
     -0.15015    192.22998      3.16779    189.06219
     -0.14015    219.75586      3.50699    216.24887
     -0.13015    199.31614      3.24403    196.07211
     -0.12015    148.91423      3.11990    145.79433
     -0.11015    100.55900      2.68714     97.87186
     -0.10015     97.90397      2.85575     95.04822
     -0.09015     98.29643      2.89323     95.40321
     -0.08015    104.64674      3.08576    101.56098
     -0.07015    108.93090      3.21400    105.71690
     -0.06015    116.01845      3.42264    112.59581
     -0.05015    122.99266      3.62373    119.36892
     -0.04015    132.35663      3.88979    128.46684
     -0.03015    141.33304      4.13702    137.19602
     -0.02015    141.76961      4.12734    137.64227
     -0.01015    128.20549      3.70237    124.50313
     -0.00015    103.58892      2.96768    100.62123
      0.00985     51.95060      1.48346     50.46714
      0.01985     11.24886      0.32096     10.92790
      0.02985      0.92856      0.02649      0.90207
      0.03985      0.02839      0.00081      0.02758
      0.04985      0.00032      0.00001      0.00031
      0.05985      0.00000      0.00000      0.00000
      0.06985      0.00000      0.00000      0.00000
      0.07985      0.00000      0.00000      0.00000
      0.08985      0.00000      0.00000      0.00000
      0.09985      0.00000      0.00000      0.00000
      0.10985      0.00000      0.00000      0.00000
      0.11985      0.00000      0.00000      0.00000
      0.12985      0.00000      0.00000      0.00000
      0.13985      0.00000      0.00000      0.00000
      0.14985      0.00000      0.00000      0.00000
      0.15985      0.00000      0.00000      0.00000
      0.16985      0.00000      0.00000      0.00000
      0.17985      0.00000      0.00000      0.00000
      0.18985      0.00000      0.00000      0.00000
      0.19985      0.00000      0.00000      0.00000
      0.20985      0.00000      0.00000      0.00000
      0.21985      0.00000      0.00000      0.00000
      0.22985      0.00000      0.00000      0.00000
      0.23985      0.00000      0.00000      0.00000
      0.24985      0.00000      0.00000      0.00000
      0.25985      0.00000      0.00000      0.00000
      0.26985      0.00000      0.00000      0.00000
      0.27985      0.00000      0.00000      0.00000
      0.28985      0.00000      0.00000      0.00000
      0.29985      0.00000      0.00000      0.00000
      0.30985      0.00000      0.00000      0.00000
      0.31985      0.00000      0.00000      0.00000
      0.32985      0.00000      0.00000      0.00000
      0.33985      0.00000      0.00000      0.00000
      0.34985      0.00000      0.00000      0.00000
      0.35985      0.00000      0.00000      0.00000
      0.36985      0.00000      0.00000      0.00000
      0.37985      0.00000      0.00000      0.00000
      0.38985      0.00000      0.00000      0.00000
      0.39985      0.00000      0.00000      0.00000
      0.40985      0.00000      0.00000      0.00000
      0.41985      0.00000      0.00000      0.00000
      0.42985      0.00000      0.00000      0.00000
      0.43985      0.00000      0.00000      0.00000
      0.44985      0.00000      0.00000      0.00000
      0.45985      0.00000      0.00000      0.00000
      0.46985      0.00000      0.00000      0.00000
      0.47985      0.00000      0.00000      0.00000
      0.48985      0.00000      0.00000      0.00000
      0.49985      0.00000      0.00000      0.00000
      0.50985      0.00000      0.00000      0.00000
      0.51985      0.00000      0.00000      0.00000
      0.52985      0.00000      0.00000      0.00000
      0.53985      0.00000      0.00000      0.00000
      0.54985      0.00000      0.00000      0.00000
      0.55985      0.00000      0.00000      0.00000
      0.56985      0.00000      0.00000      0.00000
      0.57985      0.00000      0.00000      0.00000
      0.58985      0.00000      0.00000      0.00000
      0.59985      0.00000      0.00000      0.00000
      0.60985      0.00000      0.00000      0.00000
      0.61985      0.00000      0.00000      0.00000
      0.62985      0.00000      0.00000      0.00000
      0.63985      0.00000      0.00000      0.00000
      0.64985      0.00000      0.00000      0.00000
      0.65985      0.00000      0.00000      0.00000
      0.66985      0.00000      0.00000      0.00000
      0.67985      0.00000      0.00000      0.00000
      0.68985      0.00000      0.00000      0.00000
      0.69985      0.00000      0.00000      0.00000
      0.70985      0.00000      0.00000      0.00000
      0.71985      0.00000      0.00000      0.00000
      0.72985      0.00000      0.00000      0.00000
      0.73985      0.00000      0.00000      0.00000
      0.74985      0.00000      0.00000      0.00000
      0.75985      0.00000      0.00000      0.00000
      0.76985      0.00000      0.00000      0.00000
      0.77985      0.00000      0.00000      0.00000
      0.78985      0.00000      0.00000      0.00000
      0.79985      0.00000      0.00000      0.00000
      0.80985      0.00000      0.00000      0.00000
      0.81985      0.00000      0.00000      0.00000
      0.82985      0.00000      0.00000      0.00000
      0.83985      0.00000      0.00000      0.00000
      0.84985      0.00000      0.00000      0.00000
      0.85985      0.00000      0.00000      0.00000
      0.86985      0.00000      0.00000      0.00000
      0.87985      0.00000      0.00000      0.00000
      0.88985      0.00000      0.00000      0.00000
      0.89985      0.00000      0.00000      0.00000
      0.90985      0.00000      0.00000      0.00000
      0.91985      0.00000      0.00000      0.00000
      0.92985      0.00000      0.00000      0.00000
      0.93985      0.00000      0.00000      0.00000
      0.94985      0.00000      0.00000      0.00000
      0.95985      0.00000      0.00000      0.00000
      0.96985      0.00000      0.00000      0.00000
      0.97985      0.00000      0.00000      0.00000
      0.98985      0.00000      0.00000      0.00000
      0.99985      0.00000      0.00000      0.00000
      1.00985      0.00000      0.00000      0.00000
      1.01985      0.00000      0.00000      0.00000
      1.02985      0.00000      0.00000      0.00000
      1.03985      0.00000      0.00000      0.00000
      1.04985      0.00000      0.00000      0.00000
      1.05985      0.00000      0.00000      0.00000
      1.06985      0.00000      0.00000      0.00000
      1.07985      0.00000      0.00000      0.00000
      1.08985      0.00000      0.00000      0.00000
      1.09985      0.00000      0.00000      0.00000
      1.10985      0.00000      0.00000      0.00000
      1.11985      0.00000      0.00000      0.00000
      1.12985      0.00000      0.00000      0.00000
      1.13985      0.00000      0.00000      0.00000
      1.14985      0.00000      0.00000      0.00000
      1.15985      0.00000      0.00000      0.00000
      1.16985      0.00000      0.00000      0.00000
      1.17985      0.00000      0.00000      0.00000
      1.18985      0.00000      0.00000      0.00000
      1.19985      0.00000      0.00000      0.00000
      1.20985      0.00000      0.00000      0.00000
      1.21985      0.00000      0.00000      0.00000
      1.22985      0.00000      0.00000      0.00000
      1.23985      0.00000      0.00000      0.00000
      1.24985      0.00000      0.00000      0.00000
      1.25985      0.00000      0.00000      0.00000
      1.26985      0.00000      0.00000      0.00000
      1.27985      0.00000      0.00000      0.00000
      1.28985      0.00000      0.00000      0.00000
      1.29985      0.00000      0.00000      0.00000
      1.30985      0.00000      0.00000      0.00000
      1.31985      0.00000      0.00000      0.00000
      1.32985      0.00000      0.00000      0.00000
      1.33985      0.00000      0.00000      0.00000
      1.34985      0.00000      0.00000      0.00000
      1.35985      0.00000      0.00000      0.00000
      1.36985      0.00000      0.00000      0.00000
      1.37985      0.00000      0.00000      0.00000
      1.38985      0.00000      0.00000      0.00000
      1.39985      0.00000      0.00000      0.00000
      1.40985      0.00000      0.00000      0.00000
      1.41985      0.00000      0.00000      0.00000
      1.42985      0.00000      0.00000      0.00000
      1.43985      0.00000      0.00000      0.00000
      1.44985      0.00000      0.00000      0.00000
      1.45985      0.00000      0.00000      0.00000
      1.46985      0.00000      0.00000      0.00000
      1.47985      0.00000      0.00000      0.00000
      1.48985      0.00000      0.00000      0.00000
      1.49985      0.00000      0.00000      0.00000
      1.50985      0.00000      0.00000      0.00000
      1.51985      0.00000      0.00000      0.00000
      1.52985      0.00000      0.00000      0.00000
      1.53985      0.00000      0.00000      0.00000
      1.54985      0.00000      0.00000      0.00000
      1.55985      0.00000      0.00000      0.00000
      1.56985      0.00000      0.00000      0.00000
      1.57985      0.00000      0.00000      0.00000
      1.58985      0.00000      0.00000      0.00000
      1.59985      0.00000      0.00000      0.00000
      1.60985      0.00000      0.00000      0.00000
      1.61985      0.00000      0.00000      0.00000
      1.62985      0.00000      0.00000      0.00000
      1.63985      0.00000      0.00000      0.00000
      1.64985      0.00000      0.00000      0.00000
      1.65985      0.00000      0.00000      0.00000
      1.66985      0.00000      0.00000      0.00000
      1.67985      0.00000      0.00000      0.00000
      1.68985      0.00000      0.00000      0.00000
      1.69985      0.00000      0.00000      0.00000
      1.70985      0.00000      0.00000      0.00000
      1.71985      0.00000      0.00000      0.00000
      1.72985      0.00000      0.00000      0.00000
      1.73985      0.00000      0.00000      0.00000
      1.74985      0.00000      0.00000      0.00000
      1.75985      0.00000      0.00000      0.00000
      1.76985      0.00000      0.00000      0.00000
      1.77985      0.00000      0.00000      0.00000
      1.78985      0.00000      0.00000      0.00000
      1.79985      0.00000      0.00000      0.00000
      1.80985      0.00000      0.00000      0.00000
      1.81985      0.00000      0.00000      0.00000
      1.82985      0.00000      0.00000      0.00000
      1.83985      0.00000      0.00000      0.00000
      1.84985      0.00000      0.00000      0.00000
      1.85985      0.00000      0.00000      0.00000
      1.86985      0.00000      0.00000      0.00000
      1.87985      0.00000      0.00000      0.00000
      1.88985      0.00000      0.00000      0.00000
      1.89985      0.00000      0.00000      0.00000
      1.90985      0.00000      0.00000      0.00000
      1.91985      0.00000      0.00000      0.00000
      1.92985      0.00000      0.00000      0.00000
      1.93985      0.00000      0.00000      0.00000
      1.94985      0.00000      0.00000      0.00000
      1.95985      0.00000      0.00000      0.00000
      1.96985      0.00000      0.00000      0.00000
      1.97985      0.00000      0.00000      0.00000
      1.98985      0.00000      0.00000      0.00000
      1.99985      0.00000      0.00000      0.00000
      2.00985      0.00000      0.00000      0.00000
      2.01985      0.00000      0.00000      0.00000
      2.02985      0.00000      0.00000      0.00000
      2.03985      0.00000      0.00000      0.00000
      2.04985      0.00000      0.00000      0.00000
      2.05985      0.00000      0.00000      0.00000
      2.06985      0.00000      0.00000      0.00000
      2.07985      0.00000      0.00000      0.00000
      2.08985      0.00000      0.00000      0.00000
      2.09985      0.00000      0.00000      0.00000
      2.10985      0.00000      0.00000      0.00000
      2.11985      0.00000      0.00000      0.00000
      2.12985      0.00000      0.00000      0.00000
      2.13985      0.00000      0.00000      0.00000
      2.14985      0.00000      0.00000      0.00000
      2.15985      0.00000      0.00000      0.00000
      2.16985      0.00000      0.00000      0.00000
      2.17985      0.00000      0.00000      0.00000
      2.18985      0.00000      0.00000      0.00000
      2.19985      0.00000      0.00000      0.00000
      2.20985      0.00000      0.00000      0.00000
      2.21985      0.00000      0.00000      0.00000
      2.22985      0.00000      0.00000      0.00000
      2.23985      0.00000      0.00000      0.00000
      2.24985      0.00000      0.00000      0.00000
      2.25985      0.00000      0.00000      0.00000
      2.26985      0.00000      0.00000      0.00000
      2.27985      0.00000      0.00000      0.00000
      2.28985      0.00000      0.00000      0.00000
      2.29985      0.00000      0.00000      0.00000
      2.30985      0.00000      0.00000      0.00000
      2.31985      0.00000      0.00000      0.00000
      2.32985      0.00000      0.00000      0.00000
      2.33985      0.00000      0.00000      0.00000
      2.34985      0.00000      0.00000      0.00000
      2.35985      0.00000      0.00000      0.00000
      2.36985      0.00000      0.00000      0.00000
      2.37985      0.00000      0.00000      0.00000
      2.38985      0.00000      0.00000      0.00000
      2.39985      0.00000      0.00000      0.00000
      2.40985      0.00000      0.00000      0.00000
      2.41985      0.00000      0.00000      0.00000
      2.42985      0.00000      0.00000      0.00000
      2.43985      0.00000      0.00000      0.00000
      2.44985      0.00000      0.00000      0.00000
      2.45985      0.00000      0.00000      0.00000
      2.46985      0.00000      0.00000      0.00000
      2.47985      0.00000      0.00000      0.00000
      2.48985      0.00000      0.00000      0.00000
      2.49985      0.00000      0.00000      0.00000
      2.50985      0.00000      0.00000      0.00000
      2.51985      0.00000      0.00000      0.00000
      2.52985      0.00000      0.00000      0.00000
      2.53985      0.00000      0.00000      0.00000
      2.54985      0.00000      0.00000      0.00000
      2.55985      0.00000      0.00000      0.00000
      2.56985      0.00000      0.00000      0.00000
      2.57985      0.00000      0.00000      0.00000
      2.58985      0.00000      0.00000      0.00000
      2.59985      0.00000      0.00000      0.00000
      2.60985      0.00000      0.00000      0.00000
      2.61985      0.00000      0.00000      0.00000
      2.62985      0.00000      0.00000      0.00000
      2.63985      0.00000      0.00000      0.00000
      2.64985      0.00000      0.00000      0.00000
      2.65985      0.00000      0.00000      0.00000
      2.66985      0.00000      0.00000      0.00000
      2.67985      0.00000      0.00000      0.00000
      2.68985      0.00000      0.00000      0.00000
      2.69985      0.00000      0.00000      0.00000
      2.70985      0.00000      0.00000      0.00000
      2.71985      0.00000      0.00000      0.00000
      2.72985      0.00000      0.00000      0.00000
      2.73985      0.00000      0.00000      0.00000
      2.74985      0.00000      0.00000      0.00000
      2.75985      0.00000      0.00000      0.00000
      2.76985      0.00000      0.00000      0.00000
      2.77985      0.00000      0.00000      0.00000
      2.78985      0.00000      0.00000      0.00000
      2.79985      0.00000      0.00000      0.00000
      2.80985      0.00000      0.00000      0.00000
      2.81985      0.00000      0.00000      0.00000
      2.82985      0.00000      0.00000      0.00000
      2.83985      0.00000      0.00000      0.00000
      2.84985      0.00000      0.00000      0.00000
      2.85985      0.00000      0.00000      0.00000
      2.86985      0.00000      0.00000      0.00000
      2.87985      0.00000      0.00000      0.00000
      2.88985      0.00000      0.00000      0.00000
      2.89985      0.00000      0.00000      0.00000
      2.90985      0.00000      0.00000      0.00000
      2.91985      0.00000      0.00000      0.00000
      2.92985      0.00000      0.00000      0.00000
      2.93985      0.00000      0.00000      0.00000
      2.94985      0.00000      0.00000      0.00000
      2.95985      0.00000      0.00000      0.00000
      2.96985      0.00000      0.00000      0.00000
      2.97985      0.00000      0.00000      0.00000
      2.98985      0.00000      0.00000      0.00000
      2.99985      0.00000      0.00000      0.00000
      3.00985      0.00000      0.00000      0.00000
      3.01985      0.00000      0.00000      0.00000
      3.02985      0.00000      0.00000      0.00000
      3.03985      0.00000      0.00000      0.00000
      3.04985      0.00000      0.00000      0.00000
      3.05985      0.00000      0.00000      0.00000
      3.06985      0.00000      0.00000      0.00000
      3.07985      0.00000      0.00000      0.00000
      3.08985      0.00000      0.00000      0.00000
      3.09985      0.00000      0.00000      0.00000
      3.10985      0.00000      0.00000      0.00000
      3.11985      0.00000      0.00000      0.00000
      3.12985      0.00000      0.00000      0.00000
      3.13985      0.00000      0.00000      0.00000
      3.14985      0.00000      0.00000      0.00000
      3.15985      0.00000      0.00000      0.00000
      3.16985      0.00000      0.00000      0.00000
      3.17985      0.00000      0.00000      0.00000
      3.18985      0.00000      0.00000      0.00000
      3.19985      0.00000      0.00000      0.00000
      3.20985      0.00000      0.00000      0.00000
      3.21985      0.00000      0.00000      0.00000
      3.22985      0.00000      0.00000      0.00000
      3.23985      0.00000      0.00000      0.00000
      3.24985      0.00000      0.00000      0.00000
      3.25985      0.00000      0.00000      0.00000
      3.26985      0.00000      0.00000      0.00000
      3.27985      0.00000      0.00000      0.00000
      3.28985      0.00000      0.00000      0.00000
      3.29985      0.00000      0.00000      0.00000
      3.30985      0.02441      0.00026      0.02414
      3.31985      0.89618      0.00972      0.88647
      3.32985     12.65833      0.13767     12.52066
      3.33985     71.47424      0.78199     70.69225
      3.34985    174.55352      1.93325    172.62027
      3.35985    218.73006      2.48509    216.24498
      3.36985    191.63197      2.27802    189.35395
      3.37985    160.40830      2.01880    158.38950
      3.38985    141.60139      1.88590    139.71549
      3.39985    129.79599      1.82572    127.97028
      3.40985    120.71763      1.78885    118.92878
      3.41985    114.77442      1.78868    112.98574
      3.42985    108.13636      1.76979    106.36657
      3.43985    106.72825      1.82958    104.89866
      3.44985    114.33420      2.04969    112.28451
      3.45985    164.05227      3.01287    161.03940
      3.46985    216.19430      4.01407    212.18023
      3.47985    226.60031      4.28785    222.31245
      3.48985    196.01092      3.79255    192.21837
      3.49985    186.52770      3.72555    182.80216
      3.50985    159.92456      3.28032    156.64425
      3.51985    164.27962      3.44690    160.83272
      3.52985    159.83463      3.44267    156.39197
      3.53985    125.43168      2.81086    122.62081
      3.54985    160.28650      3.61891    156.66759
      3.55985    145.36765      3.30567    142.06198
      3.56985    110.35424      2.73021    107.62403
      3.57985    138.64177      3.40966    135.23211
      3.58985    145.46672      3.42807    142.03865
      3.59985    124.38814      3.23101    121.15713
      3.60985    101.88607      2.82898     99.05709
      3.61985    118.96031      3.06242    115.89789
      3.62985    159.36048      4.15544    155.20503
      3.63985    110.78186      3.09199    107.68987
      3.64985     76.45057      2.36978     74.08079
      3.65985    126.03400      3.72598    122.30802
      3.66985    144.11591      3.86639    140.24951
      3.67985    112.54452      3.23720    109.30732
      3.68985     96.73349      3.32680     93.40669
      3.69985     80.73682      2.69238     78.04444
      3.70985    119.81781      3.53615    116.28166
      3.71985    157.96540      4.79191    153.17349
      3.72985     94.77697      3.10067     91.67630
      3.73985     63.39897      2.44944     60.94953
      3.74985    101.58446      3.82092     97.76353
      3.75985    125.07974      3.92772    121.15202
      3.76985    126.35604      3.84380    122.51224
      3.77985    111.52575      4.20044    107.32530
      3.78985     69.89771      2.96358     66.93413
      3.79985     60.98982      2.46962     58.52019
      3.80985    130.15453      4.75032    125.40421
      3.81985    147.97123      4.97671    142.99451
      3.82985     86.58463      3.05852     83.52611
      3.83985     78.23909      3.62171     74.61738
      3.84985     80.31151      3.82853     76.48298
      3.85985     75.06809      2.92403     72.14407
      3.86985    134.34981      4.81005    129.53976
      3.87985    145.36041      5.64893    139.71148
      3.88985     70.45066      3.06397     67.38669
      3.89985     52.21225      2.73414     49.47811
      3.90985     88.21646      4.55682     83.65964
      3.91985    101.98696      4.26092     97.72603
      3.92985    119.78752      4.16291    115.62461
      3.93985    126.03324      5.40518    120.62805
      3.94985     85.11784      4.42781     80.69003
      3.95985     41.25773      2.33715     38.92058
      3.96985     66.76026      3.67014     63.09012
      3.97985    124.14420      5.87268    118.27151
      3.98985    127.73094      4.85775    122.87319
      3.99985     94.69018      3.90942     90.78076
      4.00985     89.44171      5.10751     84.33420
      4.01985     66.07633      4.07664     61.99969
      4.02985     41.78955      2.41689     39.37267
      4.03985     97.37545      4.92671     92.44874
      4.04985    157.60330      8.91158    148.69172
      4.05985    133.77037     31.46882    102.30155
      4.06985    229.76863    158.75870     71.00993
      4.07985    494.54187    381.56058    112.98129
      4.08985    565.45509    453.96784    111.48724
      4.09985    494.99536    397.92488     97.07048
      4.10985    615.42086    447.08886    168.33200
      4.11985    754.08061    547.28923    206.79138
      4.12985    658.50557    527.75051    130.75506
      4.13985    540.57803    452.04068     88.53735
      4.14985    515.24598    402.13628    113.10970
      4.15985    483.03190    370.22047    112.81144
      4.16985    454.95044    345.94949    109.00095
      4.17985    487.27783    329.89586    157.38197
      4.18985    478.66063    316.00961    162.65103
      4.19985    396.26040    299.40917     96.85123
      4.20985    346.05499    285.19331     60.86168
      4.21985    365.68903    276.48926     89.19976
      4.22985    382.67893    268.01172    114.66721
      4.23985    376.26324    257.27190    118.99134
      4.24985    385.85758    249.45967    136.39791
      4.25985    377.52768    243.13457    134.39311
      4.26985    330.70912    234.74364     95.96548
      4.27985    279.51553    225.62873     53.88680
      4.28985    287.31930    219.77843     67.54087
      4.29985    333.26538    218.00684    115.25853
      4.30985    345.62463    210.91027    134.71436
      4.31985    326.83086    205.56296    121.26791
      4.32985    332.27604    198.70354    133.57251
      4.33985    420.63719    198.29164    222.34555
      4.34985    429.77953    191.90727    237.87225
      4.35985    374.10081    188.86283    185.23798
      4.36985    387.16040    184.38425    202.77615
      4.37985    433.86943    184.80600    249.06343
      4.38985    398.01564    178.99252    219.02311
      4.39985    325.56870    172.82091    152.74779
      4.40985    347.54039    175.07167    172.46871
      4.41985    316.52452    164.82957    151.69494
      4.42985    269.77545    170.33718     99.43827
      4.43985    298.80686    156.88899    141.91787
      4.44985    379.04385    169.49996    209.54389
      4.45985    341.03294    157.04087    183.99208
      4.46985    286.89801    156.53451    130.36350
      4.47985    296.87191    157.57834    139.29357
      4.48985    283.71901    147.75598    135.96303
      4.49985    246.16877    154.14917     92.01960
      4.50985    235.26504    144.14111     91.12393
      4.51985    321.38091    147.74992    173.63099
      4.52985    366.82772    151.06385    215.76387
      4.53985    278.02457    141.54128    136.48329
      4.54985    233.01926    140.84985     92.16940
      4.55985    373.25756    151.87728    221.38028
      4.56985    550.26949    160.37544    389.89405
      4.57985    535.28492    159.92404    375.36089
      4.58985    451.81996    159.30725    292.51270
      4.59985    464.14986    147.44768    316.70218
      4.60985    537.14346    150.65128    386.49218
      4.61985    493.16904    157.03585    336.13319
      4.62985    350.22023    133.37022    216.85001
      4.63985    316.78530    137.42774    179.35756
      4.64985    385.06168    151.55702    233.50466
      4.65985    422.26266    129.15066    293.11200
      4.66985    418.49936    135.99486    282.50450
      4.67985    391.81440    148.49658    243.31782
      4.68985    317.96155    117.80411    200.15744
      4.69985    335.04921    128.74694    206.30228
      4.70985    377.90518    150.82043    227.08475
      4.71985    332.02332    115.02431    216.99901
      4.72985    303.52665    116.04450    187.48215
      4.73985    345.11257    149.60367    195.50891
      4.74985    370.21151    120.66060    249.55091
      4.75985    343.97269    105.98932    237.98337
      4.76985    349.05502    145.28364    203.77139
      4.77985    314.94411    126.32471    188.61940
      4.78985    258.75877     91.16951    167.58926
      4.79985    311.35043    132.27555    179.07488
      4.80985    318.62210    142.46910    176.15299
      4.81985    277.06364     91.21225    185.85139
      4.82985    358.40202    108.74972    249.65229
      4.83985    361.52515    150.09652    211.42864
      4.84985    274.68846    108.74693    165.94152
      4.85985    253.47851     81.80023    171.67828
      4.86985    322.40617    135.19804    187.20813
      4.87985    319.01949    139.11042    179.90907
      4.88985    217.04243     78.42042    138.62201
      4.89985    241.55458     94.10787    147.44671
      4.90985    341.54543    149.24547    192.29996
      4.91985    366.04901    116.60726    249.44176
      4.92985    310.03508     72.34310    237.69198
      4.93985    268.78354    115.46726    153.31628
      4.94985    253.50089    145.33762    108.16327
      4.95985    169.89837     83.97364     85.92473
      4.96985    206.76294     67.76617    138.99677
      4.97985    354.51487    135.46512    219.04975
      4.98985    393.77956    142.94329    250.83627
      4.99985    290.50281     73.22378    217.27903
      5.00985    195.46371     69.62566    125.83805
      5.01985    258.69704    138.68581    120.01123
      5.02985    296.05522    132.21104    163.84418
      5.03985    179.72194     60.32112    119.40082
      5.04985    181.84109     71.33847    110.50262
      5.05985    320.52742    143.89937    176.62804
      5.06985    327.07237    125.69207    201.38030
      5.07985    272.56143     58.49462    214.06681
      5.08985    269.10490     74.62921    194.47569
      5.09985    264.00095    141.96128    122.03967
      5.10985    241.39128    123.84681    117.54448
      5.11985    201.86954     53.98145    147.88809
      5.12985    179.73283     61.85427    117.87856
      5.13985    243.87717    135.86615    108.01101
      5.14985    265.12272    131.43770    133.68502
      5.15985    209.87010     57.52092    152.34917
      5.16985    255.19856     56.36795    198.83061
      5.17985    357.35377    131.03672    226.31706
      5.18985    298.95778    141.69137    157.26641
      5.19985    165.11681     63.57955    101.53727
      5.20985    211.74949     43.61558    168.13390
      5.21985    390.30051    116.08951    274.21100
      5.22985    454.60886    161.94487    292.66399
      5.23985    320.31415     91.61523    228.69893
      5.24985    152.11288     34.11431    117.99856
      5.25985    110.86604     71.48702     39.37901
      5.26985    193.36968    143.04531     50.32437
      5.27985    234.27730    114.03795    120.23935
      5.28985    206.05304     45.15657    160.89648
      5.29985    196.11741     50.92339    145.19402
      5.30985    294.66727    127.78881    166.87846
      5.31985    341.91701    143.85297    198.06404
      5.32985    219.76027     65.10406    154.65621
      5.33985    169.52698     33.80160    135.72537
      5.34985    250.86235     91.13987    159.72248
      5.35985    251.16106    149.14879    102.01227
      5.36985    152.49561     97.17453     55.32108
      5.37985    155.71386     34.76305    120.95081
      5.38985    266.02995     55.12102    210.90893
      5.39985    313.88451    130.91417    182.97033
      5.40985    275.62264    138.75252    136.87012
      5.41985    221.51423     63.44772    158.06652
      5.42985    191.58188     34.54665    157.03523
      5.43985    258.98490     89.68212    169.30278
      5.44985    307.69215    149.07413    158.61803
      5.45985    174.59574     99.85830     74.73744
      5.46985     88.39089     36.32021     52.07068
      5.47985    164.42512     56.90293    107.52219
      5.48985    292.22750    123.51653    168.71097
      5.49985    343.64716    133.12459    210.52257
      5.50985    299.40238     80.49920    218.90318
      5.51985    260.91040     69.63486    191.27554
      5.52985    237.14924     93.70188    143.44735
      5.53985    193.27498    102.52926     90.74573
      5.54985    192.53535    120.23522     72.30013
      5.55985    277.51911    119.81251    157.70660
      5.56985    308.71663     84.19508    224.52155
      5.57985    228.71653     84.50856    144.20798
      5.58985    240.56544    136.77438    103.79106
      5.59985    319.89898    127.80149    192.09749
      5.60985    301.26032     85.58991    215.67042
      5.61985    194.13242     85.74451    108.38791
      5.62985    135.12006     77.80085     57.31921
      5.63985    200.46550     85.66668    114.79883
      5.64985    298.71932    109.13201    189.58731
      5.65985    296.26285    107.72632    188.53653
      5.66985    232.66093     81.52853    151.13240
      5.67985    299.40386    120.19994    179.20391
      5.68985    519.39030    328.33812    191.05217
      5.69985    662.16248    494.12480    168.03768
      5.70985    518.72119    384.84768    133.87351
      5.71985    347.85180    231.95923    115.89257
      5.72985    379.40585    195.99419    183.41166
      5.73985    470.46906    209.97473    260.49433
      5.74985    484.17793    215.64441    268.53353
      5.75985    344.78284    158.95768    185.82516
      5.76985    251.78047    122.55285    129.22762
      5.77985    367.53506    194.19122    173.34384
      5.78985    420.75380    230.19107    190.56273
      5.79985    326.44825    162.54174    163.90650
      5.80985    280.72935     99.65992    181.06943
      5.81985    379.96479    122.69633    257.26847
      5.82985    469.17722    185.22053    283.95669
      5.83985    428.89504    205.32669    223.56835
      5.84985    402.07353    239.66806    162.40547
      5.85985    404.16040    211.69785    192.46255
      5.86985    496.61540    212.64675    283.96865
      5.87985    612.29652    248.62507    363.67145
      5.88985    523.89526    214.03867    309.85659
      5.89985    418.26060    188.84397    229.41663
      5.90985    364.85165    152.05544    212.79621
      5.91985    285.64587    135.61978    150.02609
      5.92985    175.79779    114.11747     61.68032
      5.93985     73.38946     58.54116     14.84830
      5.94985     17.27018     14.88682      2.38336
      5.95985     21.52079     17.70056      3.82024
      5.96985    123.18544     95.10111     28.08433
      5.97985    303.45134    211.96452     91.48682
      5.98985    351.88676    204.49435    147.39241
      5.99985    321.35836    161.58363    159.77473
      6.00985    301.16821    157.29908    143.86913
      6.01985    198.61964     86.38195    112.23769
      6.02985    113.26314     24.21368     89.04946
      6.03985     53.05398      5.85591     47.19808
      6.04985     12.07050      1.32306     10.74745
      6.05985      8.64911      4.55919      4.08992
      6.06985     63.83932     32.83780     31.00152
      6.07985    217.23830    101.98823    115.25007
      6.08985    319.66579    155.27262    164.39317
      6.09985    249.80455    155.62799     94.17656
      6.10985    191.24690    159.69237     31.55453
      6.11985    194.44709    173.15767     21.28942
      6.12985    155.18804    116.90276     38.28529
      6.13985    165.89373     68.34886     97.54486
      6.14985    288.08227    139.67284    148.40943
      6.15985    370.54534    241.85297    128.69237
      6.16985    370.73784    259.85339    110.88444
      6.17985    297.84887    189.94339    107.90548
      6.18985    223.39694    154.53861     68.85833
      6.19985    284.64613    235.58021     49.06592
      6.20985    272.54785    228.55363     43.99422
      6.21985    142.50319     99.37434     43.12884
      6.22985    120.90837     43.16796     77.74040
      6.23985    210.23509     98.42624    111.80885
      6.24985    319.39466    186.34067    133.05399
      6.25985    378.64647    240.58191    138.06456
      6.26985    351.95524    224.85105    127.10419
      6.27985    212.89942    132.93337     79.96605
      6.28985    163.47153    109.96037     53.51117
      6.29985    205.65586    125.76866     79.88721
      6.30985    187.22757    102.52569     84.70188
      6.31985    150.19004    102.96606     47.22398
      6.32985    153.68892    120.86812     32.82081
      6.33985    164.65991    105.26260     59.39732
      6.34985    274.55875    123.79613    150.76261
      6.35985    421.00172    183.71301    237.28870
      6.36985    396.32548    211.11198    185.21350
      6.37985    273.40603    193.43244     79.97359
      6.38985    167.15023    138.24631     28.90392
      6.39985    136.38672    103.95467     32.43204
      6.40985    181.63320    109.12030     72.51290
      6.41985    225.35757    138.51225     86.84532
      6.42985    197.98768    145.76087     52.22681
      6.43985    134.79626     99.53039     35.26587
      6.44985    156.78389     89.68954     67.09435
      6.45985    176.64909     89.71909     86.93000
      6.46985    203.55137    115.75588     87.79550
      6.47985    285.96394    163.16402    122.80081
      6.48985    277.82145    141.05446    136.81494
      6.49985    205.17249     95.02520    111.13626
      6.50985    247.61980    186.33738     69.30333
      6.51985    466.95707    442.89405     50.98436
      6.52985    531.71862    530.78398     42.23553
      6.53985    416.02086    400.87915     52.27188
      6.54985    474.90085    434.86760     80.68145
      6.55985    697.61043    688.42997     72.77930
      6.56985    824.50049    815.51102     82.60561
      6.57985    861.91105    808.58100    116.81827
      6.58985    821.30623    754.23459    120.21116
      6.59985    616.69139    567.29441     96.35671
      6.60985    385.64177    378.41922     46.01622
      6.61985    324.87186    327.09736     31.77736
      6.62985    450.04521    402.19023     84.87419
      6.63985    542.11663    447.86530    131.97770
      6.64985    481.70441    421.73684     94.96259
      6.65985    387.21486    387.10128     33.21994
      6.66985    384.64234    398.35536     20.65745
      6.67985    392.95154    370.63409     55.40237
      6.68985    382.10349    328.23316     81.18161
      6.69985    355.16369    331.33038     48.74818
      6.70985    353.31887    360.61442     20.52439
      6.71985    378.90405    359.28340     49.40134
      6.72985    433.57329    330.18131    132.21639
      6.73985    540.08100    369.31426    197.55094
      6.74985    538.92340    382.35381    177.72504
      6.75985    417.10824    344.57128     93.24150
      6.76985    348.67674    338.00745     36.62273
      6.77985    308.61439    318.11549     17.93405
      6.78985    284.61194    298.76532     11.27034
      6.79985    309.28284    307.90706     25.91998
      6.80985    383.79706    324.93117     82.04970
      6.81985    449.15746    324.76962    142.03817
      6.82985    427.78666    307.50159    139.02868
      6.83985    320.82339    253.31599     89.44603
      6.84985    233.77959    208.01626     46.81262
      6.85985    290.49698    248.43298     64.87486
      6.86985    317.81172    259.48503     78.45097
      6.87985    265.47629    249.29082     37.73775
      6.88985    204.28198    215.53882      8.75808
      6.89985    203.47196    213.56425      6.86983
      6.90985    251.62909    252.82160     18.79439
      6.91985    319.47120    261.12538     77.22365
      6.92985    464.91440    290.05104    190.61316
      6.93985    474.17217    265.22961    219.13704
      6.94985    273.74971    149.42163    128.08537
      6.95985    227.65102    144.36385     88.86085
      6.96985    378.77132    310.62042     85.20449
      6.97985    456.24046    439.10657     42.97660
      6.98985    375.38202    384.38144     13.44244
      6.99985    261.70084    265.91085     13.82789
      7.00985    290.56303    251.98743     58.25338
      7.01985    388.71984    270.75524    134.30973
      7.02985    379.16017    245.61583    141.98130
      7.03985    279.78365    220.44261     70.04750
      7.04985    211.95734    214.98526     16.62592
      7.05985    137.15418    140.12123     11.92466
      7.06985     94.37074     53.67740     45.49421
      7.07985    168.19285     92.96101     80.28226
      7.08985    338.24561    264.71068     87.37485
      7.09985    488.53969    394.51551    115.94688
      7.10985    483.30275    372.12104    137.02842
      7.11985    373.73018    259.18828    133.25501
      7.12985    291.97687    177.31167    123.70035
      7.13985    324.25359    235.00687    104.28251
      7.14985    348.66415    292.05200     79.11230
      7.15985    234.10670    207.94632     39.29719
      7.16985    170.29629    129.31149     45.90284
      7.17985    275.15675    180.47963    104.32845
      7.18985    346.36605    242.31574    121.68173
      7.19985    258.64616    206.45905     67.58108
      7.20985    176.73903    140.33499     42.68372
      7.21985    160.32721     84.03175     77.39524
      7.22985    184.49367     73.92522    110.67925
      7.23985    242.42699    117.27863    125.83357
      7.24985    314.61895    198.14097    121.59533
      7.25985    410.16924    302.54817    123.03145
      7.26985    459.74625    342.59192    138.17142
      7.27985    410.90794    302.54240    124.33978
      7.28985    319.71776    257.55401     74.88543
      7.29985    392.24907    331.52559     78.94075
      7.30985    611.83121    458.54515    173.14699
      7.31985    696.31675    468.80470    239.93959
      7.32985    541.84199    350.53460    198.97247
      7.33985    425.22194    251.21672    185.97614
      7.34985    433.67884    246.43192    203.17997
      7.35985    350.96992    227.90237    137.32912
      7.36985    218.55664    141.55194     84.63181
      7.37985    162.16444     78.90689     86.33831
      7.38985    218.86156    136.94465     88.11922
      7.39985    356.86058    288.92726     79.24987
      7.40985    438.61313    353.71024     97.32712
      7.41985    377.48762    259.72650    128.11913
      7.42985    301.08647    149.78765    155.88990
      7.43985    296.85784    119.20348    178.46981
      7.44985    223.96400     79.93513    144.08522
      7.45985    148.76790     64.07484     84.76615
      7.46985    229.26510    157.08166     73.02281
      7.47985    403.43602    308.29269     98.92380
      7.48985    454.91833    363.98947     98.19508
      7.49985    312.74275    262.65984     57.79772
      7.50985    190.84097    133.64524     62.47713
      7.51985    206.78549     80.83292    127.78900
      7.52985    314.65757    136.02483    178.89668
      7.53985    426.54319    230.16450    196.50243
      7.54985    404.17991    245.09255    160.11214
      7.55985    299.72698    224.22075     80.29084
      7.56985    337.12434    310.38989     41.11329
      7.57985    477.13251    428.03119     73.26158
      7.58985    439.61011    338.02678    120.56819
      7.59985    390.71847    219.85749    182.36117
      7.60985    469.52410    220.04663    261.93573
      7.61985    504.61529    245.96475    273.92454
      7.62985    426.14319    249.36061    190.78267
      7.63985    297.90292    221.27307     87.99860
      7.64985    207.52711    180.05725     35.30921
      7.65985    177.53995    158.84659     26.34918
      7.66985    221.32301    172.67533     61.46138
      7.67985    272.33358    188.03359     96.28273
      7.68985    269.33679    185.91405     93.48306
      7.69985    204.23410    139.61073     73.66146
      7.70985    216.32333    107.56976    114.06315
      7.71985    294.70538    147.49880    154.98672
      7.72985    253.47431    167.75289     98.22730
      7.73985    208.33897    153.27311     63.49831
      7.74985    227.49393    169.97892     62.64051
      7.75985    239.88154    204.84135     43.20962
      7.76985    201.73914    167.14855     41.83287
      7.77985    121.39576     78.64355     45.15890
      7.78985     49.94667     25.28946     24.98030
      7.79985     54.83955     28.23262     27.14756
      7.80985    166.02069    101.52808     68.05317
      7.81985    268.25087    182.71392     94.58017
      7.82985    296.83810    197.61070    109.31853
      7.83985    320.41204    217.16664    112.20526
      7.84985    267.51987    185.84314     88.95960
      7.85985    186.88897    108.61728     81.11945
      7.86985    155.00225     98.04788     57.37925
      7.87985    131.59719    102.19662     29.42398
      7.88985    111.68094     83.48870     28.19272
      7.89985    103.72944     51.89324     51.83633
      7.90985    130.95530     57.47472     73.48854
      7.91985    129.87925     83.29450     46.76523
      7.92985     87.12221     75.64621     12.98112
      7.93985     88.46112     90.14058      2.93884
      7.94985    133.41134    128.48802     10.15640
      7.95985    223.43974    185.79325     40.22383
      7.96985    393.78432    299.53917     97.65109
      7.97985    542.36632    402.53214    148.45697
      7.98985    484.37754    337.73368    155.70456
      7.99985    365.93040    236.52329    133.21671
      8.00985    283.52059    216.84563     67.93954
      8.01985    191.07097    173.15586     18.91212
      8.02985     97.86870     93.15935      6.94972
      8.03985    110.78440     95.51873     21.84306
      8.04985    203.54538    153.05931     59.44490
      8.05985    244.45288    187.93622     62.85483
      8.06985    166.73468    143.09500     26.46037
      8.07985     60.56767     55.01528      6.21095
      8.08985     45.57384     37.40859      8.22893
      8.09985    100.97890     82.21517     18.76605
      8.10985    158.98081    133.15806     25.82283
      8.11985    183.74654    149.71527     34.03495
      8.12985    162.89925    109.08821     53.91438
      8.13985    199.48669    107.04232     93.51073
      8.14985    289.12600    181.33136    111.84842
      8.15985    386.94129    287.88518    104.80539
      8.16985    370.18836    303.93956     69.64774
      8.17985    258.18170    212.67181     46.97115
      8.18985    230.25148    133.09609     97.81214
      8.19985    266.40748    106.19679    160.43227
      8.20985    279.15264    108.92515    171.20919
      8.21985    364.40521    183.20303    186.34578
      8.22985    417.14898    261.03067    166.57429
      8.23985    270.84235    197.78155     83.88784
      8.24985    198.47169    161.76776     48.87093
      8.25985    291.04460    222.31589     79.47826
      8.26985    376.28962    278.74739    101.55649
      8.27985    354.70052    267.96421     87.50221
      8.28985    286.65630    217.56970     70.33986
      8.29985    239.86673    189.49543     53.01977
      8.30985    219.29911    181.67162     39.82284
      8.31985    193.52259    162.58954     31.72973
      8.32985    154.93793    128.76935     26.46881
      8.33985    163.47364    118.88416     46.20185
      8.34985    172.27011    126.48842     52.65924
