Energy-E_F (eV)    DOS (1/eV)    PDOS (1/eV)  of atom type H  C  
     -6.08997      0.00063      0.00009      0.00055
     -6.07997      0.04887      0.00665      0.04222
     -6.06997      1.38816      0.18881      1.19936
     -6.05997     14.50541      1.97291     12.53250
     -6.04997     55.76034      7.58407     48.17627
     -6.03997     78.85447     10.72514     68.12933
     -6.02997     41.02351      5.57968     35.44382
     -6.01997      7.85136      1.06788      6.78348
     -6.00997      0.55279      0.07519      0.47761
     -5.99997      0.02848      0.00224      0.02624
     -5.98997      0.57476      0.01753      0.55723
     -5.97997      8.68613      0.36583      8.32030
     -5.96997     51.63373      3.33728     48.29645
     -5.95997    127.06879     12.81884    114.24995
     -5.94997    135.67001     19.65142    116.01860
     -5.93997     63.11709     11.55201     51.56507
     -5.92997     12.26431      2.54689      9.71742
     -5.91997      1.03364      0.21596      0.81767
     -5.90997      2.19652      0.19092      2.00560
     -5.89997     19.28652      1.64189     17.64463
     -5.88997     63.09324      5.37109     57.72216
     -5.87997     75.93187      6.46403     69.46784
     -5.86997     33.61792      2.86187     30.75605
     -5.85997      5.47549      0.46612      5.00937
     -5.84997      0.32808      0.02793      0.30015
     -5.83997      0.00723      0.00062      0.00662
     -5.82997      0.00000      0.00000      0.00000
     -5.81997      0.00000      0.00000      0.00000
     -5.80997      0.00000      0.00000      0.00000
     -5.79997      0.00000      0.00000      0.00000
     -5.78997      0.00000      0.00000      0.00000
     -5.77997      0.00000      0.00000      0.00000
     -5.76997      0.00523      0.00012      0.00511
     -5.75997      0.25550      0.00593      0.24957
     -5.74997      4.59433      0.10655      4.48778
     -5.73997     30.39256      0.70488     29.68768
     -5.72997     73.96356      1.71540     72.24816
     -5.71997     66.24164      1.54089     64.70075
     -5.70997     22.62511      0.68079     21.94432
     -5.69997     12.86106      2.25227     10.60879
     -5.68997     47.18649     10.09479     37.09170
     -5.67997     79.76045     17.10116     62.65929
     -5.66997     49.71958     10.66043     39.05915
     -5.65997     11.40206      2.44473      8.95733
     -5.64997      0.96193      0.20625      0.75568
     -5.63997      0.02985      0.00640      0.02345
     -5.62997      0.00034      0.00007      0.00027
     -5.61997      0.00000      0.00000      0.00000
     -5.60997      0.00000      0.00000      0.00000
     -5.59997      0.00000      0.00000      0.00000
     -5.58997      0.00000      0.00000      0.00000
     -5.57997      0.00000      0.00000      0.00000
     -5.56997      0.00000      0.00000      0.00000
     -5.55997      0.00000      0.00000      0.00000
     -5.54997      0.00000      0.00000      0.00000
     -5.53997      0.00000      0.00000      0.00000
     -5.52997      0.00000      0.00000      0.00000
     -5.51997      0.00000      0.00000      0.00000
     -5.50997      0.00000      0.00000      0.00000
     -5.49997      0.00000      0.00000      0.00000
     -5.48997      0.00000      0.00000      0.00000
     -5.47997      0.00000      0.00000      0.00000
     -5.46997      0.00000      0.00000      0.00000
     -5.45997      0.00000      0.00000      0.00000
     -5.44997      0.00000      0.00000      0.00000
     -5.43997      0.00000      0.00000      0.00000
     -5.42997      0.01797      0.00471      0.01327
     -5.41997      0.65673      0.17194      0.48478
     -5.40997      8.82736      2.31117      6.51619
     -5.39997     43.64983     11.42836     32.22147
     -5.38997     79.40355     20.78937     58.61419
     -5.37997     53.13771     13.91247     39.22524
     -5.36997     13.08191      3.42509      9.65682
     -5.35997      1.18480      0.31020      0.87460
     -5.34997      0.03948      0.01034      0.02914
     -5.33997      0.00048      0.00013      0.00036
     -5.32997      0.00000      0.00000      0.00000
     -5.31997      0.00000      0.00000      0.00000
     -5.30997      0.00000      0.00000      0.00000
     -5.29997      0.00000      0.00000      0.00000
     -5.28997      0.00177      0.00039      0.00138
     -5.27997      0.12310      0.02460      0.09850
     -5.26997      3.02836      0.56772      2.46064
     -5.25997     28.59879      4.85510     23.74369
     -5.24997    105.28515     15.45830     89.82685
     -5.23997    152.99911     18.46239    134.53672
     -5.22997     88.13579      8.36273     79.77306
     -5.21997     20.00285      1.45730     18.54555
     -5.20997      1.77091      0.10033      1.67059
     -5.19997      0.38812      0.06083      0.32729
     -5.18997      6.44286      1.13616      5.30669
     -5.17997     47.74076      8.38218     39.35858
     -5.16997    134.21147     23.44801    110.76346
     -5.15997    143.44587     24.93214    118.51372
     -5.14997     58.29740     10.08156     48.21584
     -5.13997      8.99145      1.54775      7.44370
     -5.12997      0.53724      0.09099      0.44626
     -5.11997      0.51997      0.04460      0.47537
     -5.10997      7.41479      0.62169      6.79309
     -5.09997     39.77903      3.33527     36.44376
     -5.08997     78.50822      6.58251     71.92571
     -5.07997     57.00090      4.77923     52.22166
     -5.06997     15.22487      1.27653     13.94835
     -5.05997      1.49600      0.12543      1.37057
     -5.04997      0.05408      0.00453      0.04954
     -5.03997      0.00072      0.00006      0.00066
     -5.02997      0.00000      0.00000      0.00000
     -5.01997      0.00000      0.00000      0.00000
     -5.00997      0.00000      0.00000      0.00000
     -4.99997      0.00000      0.00000      0.00000
     -4.98997      0.00000      0.00000      0.00000
     -4.97997      0.00000      0.00000      0.00000
     -4.96997      0.00000      0.00000      0.00000
     -4.95997      0.00000      0.00000      0.00000
     -4.94997      0.00000      0.00000      0.00000
     -4.93997      0.00000      0.00000      0.00000
     -4.92997      0.00041      0.00005      0.00036
     -4.91997      0.03439      0.00415      0.03024
     -4.90997      1.06919      0.12902      0.94017
     -4.89997     12.22798      1.47552     10.75246
     -4.88997     51.44715      6.20799     45.23916
     -4.87997     79.62941      9.60867     70.02075
     -4.86997     45.34101      5.47118     39.86983
     -4.85997      9.49761      1.14605      8.35156
     -4.84997      0.73189      0.08831      0.64357
     -4.83997      0.02075      0.00250      0.01824
     -4.82997      0.00000      0.00000      0.00000
     -4.81997      0.00000      0.00000      0.00000
     -4.80997      0.00000      0.00000      0.00000
     -4.79997      0.00000      0.00000      0.00000
     -4.78997      0.00000      0.00000      0.00000
     -4.77997      0.00000      0.00000      0.00000
     -4.76997      0.00000      0.00000      0.00000
     -4.75997      0.00000      0.00000      0.00000
     -4.74997      0.00000      0.00000      0.00000
     -4.73997      0.00000      0.00000      0.00000
     -4.72997      0.00000      0.00000      0.00000
     -4.71997      0.00000      0.00000      0.00000
     -4.70997      0.00000      0.00000      0.00000
     -4.69997      0.00000      0.00000      0.00000
     -4.68997      0.01734      0.00050      0.01684
     -4.67997      0.63908      0.01830      0.62077
     -4.66997      8.66589      0.24819      8.41770
     -4.65997     43.22926      1.23807     41.99119
     -4.64997     79.33196      2.27204     77.05992
     -4.63997     53.55797      1.53388     52.02409
     -4.62997     13.30165      0.38095     12.92070
     -4.61997      1.21533      0.03481      1.18052
     -4.60997      0.04085      0.00117      0.03968
     -4.59997      0.00051      0.00001      0.00049
     -4.58997      0.00000      0.00000      0.00000
     -4.57997      0.00069      0.00011      0.00058
     -4.56997      0.05228      0.00827      0.04401
     -4.55997      1.45903      0.23078      1.22825
     -4.54997     14.98076      2.36953     12.61123
     -4.53997     56.58602      8.95030     47.63572
     -4.52997     78.63034     12.43709     66.19325
     -4.51997     40.19542      6.35777     33.83765
     -4.50997      7.55907      1.19563      6.36344
     -4.49997      0.52296      0.08272      0.44024
     -4.48997      0.01331      0.00211      0.01120
     -4.47997      0.00000      0.00000      0.00000
     -4.46997      0.00000      0.00000      0.00000
     -4.45997      0.00000      0.00000      0.00000
     -4.44997      0.00000      0.00000      0.00000
     -4.43997      0.00000      0.00000      0.00000
     -4.42997      0.00343      0.00010      0.00333
     -4.41997      0.18443      0.00546      0.17896
     -4.40997      3.64633      0.10804      3.53828
     -4.39997     26.52091      0.78583     25.73509
     -4.38997     70.96220      2.10265     68.85955
     -4.37997     69.85077      2.06972     67.78105
     -4.36997     25.29419      0.74948     24.54471
     -4.35997      3.36958      0.09984      3.26974
     -4.34997      0.16513      0.00489      0.16024
     -4.33997      0.00298      0.00009      0.00289
     -4.32997      0.00000      0.00000      0.00000
     -4.31997      0.00000      0.00000      0.00000
     -4.30997      0.00000      0.00000      0.00000
     -4.29997      0.00000      0.00000      0.00000
     -4.28997      0.00000      0.00000      0.00000
     -4.27997      0.00000      0.00000      0.00000
     -4.26997      0.00000      0.00000      0.00000
     -4.25997      0.00000      0.00000      0.00000
     -4.24997      0.00000      0.00000      0.00000
     -4.23997      0.00000      0.00000      0.00000
     -4.22997      0.00000      0.00000      0.00000
     -4.21997      0.00000      0.00000      0.00000
     -4.20997      0.00000      0.00000      0.00000
     -4.19997      0.00000      0.00000      0.00000
     -4.18997      0.00000      0.00000      0.00000
     -4.17997      0.01726      0.00206      0.01519
     -4.16997      0.70194      0.08097      0.62097
     -4.15997     10.83678      1.18710      9.64969
     -4.14997     64.27827      6.55776     57.72051
     -4.13997    151.12183     13.87438    137.24745
     -4.12997    162.00064     11.99198    150.00866
     -4.11997    119.76941      5.65645    114.11295
     -4.10997     69.17301      2.28998     66.88303
     -4.09997     19.79397      0.59779     19.19618
     -4.08997      2.21326      0.06586      2.14741
     -4.07997      0.09194      0.00273      0.08921
     -4.06997      0.00141      0.00004      0.00137
     -4.05997      0.00000      0.00000      0.00000
     -4.04997      0.00000      0.00000      0.00000
     -4.03997      0.00000      0.00000      0.00000
     -4.02997      0.00000      0.00000      0.00000
     -4.01997      0.00000      0.00000      0.00000
     -4.00997      0.00000      0.00000      0.00000
     -3.99997      0.00000      0.00000      0.00000
     -3.98997      0.00000      0.00000      0.00000
     -3.97997      0.00000      0.00000      0.00000
     -3.96997      0.00000      0.00000      0.00000
     -3.95997      0.00000      0.00000      0.00000
     -3.94997      0.00000      0.00000      0.00000
     -3.93997      0.00033      0.00005      0.00028
     -3.92997      0.02912      0.00425      0.02487
     -3.91997      0.94428      0.13794      0.80633
     -3.90997     11.26268      1.64530      9.61737
     -3.89997     49.41848      7.21928     42.19920
     -3.88997     79.77058     11.65325     68.11733
     -3.87997     47.36981      6.92000     40.44981
     -3.86997     10.34823      1.51172      8.83651
     -3.85997      0.83164      0.12149      0.71015
     -3.84997      0.02459      0.00359      0.02100
     -3.83997      0.00000      0.00000      0.00000
     -3.82997      0.00000      0.00000      0.00000
     -3.81997      0.00000      0.00000      0.00000
     -3.80997      0.00000      0.00000      0.00000
     -3.79997      0.00000      0.00000      0.00000
     -3.78997      0.00000      0.00000      0.00000
     -3.77997      0.00000      0.00000      0.00000
     -3.76997      0.00000      0.00000      0.00000
     -3.75997      0.00000      0.00000      0.00000
     -3.74997      0.00000      0.00000      0.00000
     -3.73997      0.00000      0.00000      0.00000
     -3.72997      0.00000      0.00000      0.00000
     -3.71997      0.00000      0.00000      0.00000
     -3.70997      0.00000      0.00000      0.00000
     -3.69997      0.00000      0.00000      0.00000
     -3.68997      0.00000      0.00000      0.00000
     -3.67997      0.00617      0.00016      0.00602
     -3.66997      0.29049      0.00730      0.28319
     -3.65997      5.02834      0.12636      4.90198
     -3.64997     32.02071      0.80469     31.21602
     -3.63997     75.01406      1.88511     73.12894
     -3.62997     64.64872      1.62463     63.02409
     -3.61997     20.49664      0.51508     19.98156
     -3.60997      2.39062      0.06008      2.33055
     -3.59997      0.10258      0.00258      0.10000
     -3.58997      0.00162      0.00004      0.00158
     -3.57997      0.00000      0.00000      0.00000
     -3.56997      0.00000      0.00000      0.00000
     -3.55997      0.00000      0.00000      0.00000
     -3.54997      0.00000      0.00000      0.00000
     -3.53997      0.00000      0.00000      0.00000
     -3.52997      0.00000      0.00000      0.00000
     -3.51997      0.00000      0.00000      0.00000
     -3.50997      0.00000      0.00000      0.00000
     -3.49997      0.00000      0.00000      0.00000
     -3.48997      0.00000      0.00000      0.00000
     -3.47997      0.00000      0.00000      0.00000
     -3.46997      0.00000      0.00000      0.00000
     -3.45997      0.00000      0.00000      0.00000
     -3.44997      0.00000      0.00000      0.00000
     -3.43997      0.00000      0.00000      0.00000
     -3.42997      0.01522      0.00208      0.01313
     -3.41997      0.59899      0.08042      0.51857
     -3.40997      8.97342      1.15662      7.81680
     -3.39997     52.94378      6.28531     46.65847
     -3.38997    130.39932     13.34678    117.05254
     -3.37997    152.30307     12.37791    139.92516
     -3.36997    132.17748      8.21275    123.96474
     -3.35997    141.38835      7.27015    134.11820
     -3.34997    118.73896      5.08534    113.65362
     -3.33997     51.90768      1.92534     49.98235
     -3.32997      9.80687      0.33856      9.46831
     -3.31997      0.72603      0.02439      0.70164
     -3.30997      0.02011      0.00067      0.01944
     -3.29997      0.00000      0.00000      0.00000
     -3.28997      0.00000      0.00000      0.00000
     -3.27997      0.00000      0.00000      0.00000
     -3.26997      0.00000      0.00000      0.00000
     -3.25997      0.00000      0.00000      0.00000
     -3.24997      0.00000      0.00000      0.00000
     -3.23997      0.00000      0.00000      0.00000
     -3.22997      0.00000      0.00000      0.00000
     -3.21997      0.00000      0.00000      0.00000
     -3.20997      0.00000      0.00000      0.00000
     -3.19997      0.00000      0.00000      0.00000
     -3.18997      0.00000      0.00000      0.00000
     -3.17997      0.00000      0.00000      0.00000
     -3.16997      0.00000      0.00000      0.00000
     -3.15997      0.00000      0.00000      0.00000
     -3.14997      0.00000      0.00000      0.00000
     -3.13997      0.00000      0.00000      0.00000
     -3.12997      0.00000      0.00000      0.00000
     -3.11997      0.00000      0.00000      0.00000
     -3.10997      0.00000      0.00000      0.00000
     -3.09997      0.00000      0.00000      0.00000
     -3.08997      0.00000      0.00000      0.00000
     -3.07997      0.00000      0.00000      0.00000
     -3.06997      0.00000      0.00000      0.00000
     -3.05997      0.00000      0.00000      0.00000
     -3.04997      0.00000      0.00000      0.00000
     -3.03997      0.00000      0.00000      0.00000
     -3.02997      0.00000      0.00000      0.00000
     -3.01997      0.00000      0.00000      0.00000
     -3.00997      0.00000      0.00000      0.00000
     -2.99997      0.00000      0.00000      0.00000
     -2.98997      0.00000      0.00000      0.00000
     -2.97997      0.00000      0.00000      0.00000
     -2.96997      0.00000      0.00000      0.00000
     -2.95997      0.00000      0.00000      0.00000
     -2.94997      0.00000      0.00000      0.00000
     -2.93997      0.00000      0.00000      0.00000
     -2.92997      0.00000      0.00000      0.00000
     -2.91997      0.00000      0.00000      0.00000
     -2.90997      0.00000      0.00000      0.00000
     -2.89997      0.00000      0.00000      0.00000
     -2.88997      0.00000      0.00000      0.00000
     -2.87997      0.00000      0.00000      0.00000
     -2.86997      0.00000      0.00000      0.00000
     -2.85997      0.00000      0.00000      0.00000
     -2.84997      0.00000      0.00000      0.00000
     -2.83997      0.00000      0.00000      0.00000
     -2.82997      0.00000      0.00000      0.00000
     -2.81997      0.00000      0.00000      0.00000
     -2.80997      0.00000      0.00000      0.00000
     -2.79997      0.00000      0.00000      0.00000
     -2.78997      0.00000      0.00000      0.00000
     -2.77997      0.00249      0.00007      0.00242
     -2.76997      0.14362      0.00398      0.13965
     -2.75997      3.04867      0.08445      2.96422
     -2.74997     23.80662      0.65948     23.14714
     -2.73997     68.38972      1.89449     66.49523
     -2.72997     72.27524      2.00212     70.27311
     -2.71997     28.09918      0.77839     27.32080
     -2.70997      4.01886      0.11133      3.90754
     -2.69997      0.21146      0.00586      0.20560
     -2.68997      0.00409      0.00011      0.00398
     -2.67997      0.00000      0.00000      0.00000
     -2.66997      0.00000      0.00000      0.00000
     -2.65997      0.00000      0.00000      0.00000
     -2.64997      0.00000      0.00000      0.00000
     -2.63997      0.00000      0.00000      0.00000
     -2.62997      0.00000      0.00000      0.00000
     -2.61997      0.00000      0.00000      0.00000
     -2.60997      0.00000      0.00000      0.00000
     -2.59997      0.00000      0.00000      0.00000
     -2.58997      0.00000      0.00000      0.00000
     -2.57997      0.00000      0.00000      0.00000
     -2.56997      0.00000      0.00000      0.00000
     -2.55997      0.00000      0.00000      0.00000
     -2.54997      0.00000      0.00000      0.00000
     -2.53997      0.00000      0.00000      0.00000
     -2.52997      0.00000      0.00000      0.00000
     -2.51997      0.00000      0.00000      0.00000
     -2.50997      0.00000      0.00000      0.00000
     -2.49997      0.02595      0.00163      0.02432
     -2.48997      0.86601      0.05431      0.81170
     -2.47997     10.63211      0.66678      9.96534
     -2.46997     48.01983      3.01150     45.00833
     -2.45997     79.78607      5.00368     74.78239
     -2.44997     48.76846      3.05845     45.71001
     -2.43997     10.96621      0.68773     10.27848
     -2.42997      0.90715      0.05689      0.85026
     -2.41997      0.02761      0.00173      0.02588
     -2.40997      0.00031      0.00002      0.00029
     -2.39997      0.00000      0.00000      0.00000
     -2.38997      0.00000      0.00000      0.00000
     -2.37997      0.00186      0.00004      0.00182
     -2.36997      0.11555      0.00273      0.11282
     -2.35997      2.66750      0.06357      2.60392
     -2.34997     23.53900      0.57288     22.96612
     -2.33997     84.50321      2.16038     82.34283
     -2.32997    140.26201      3.90498    136.35703
     -2.31997    136.11471      4.15379    131.96092
     -2.30997    112.36682      3.59333    108.77350
     -2.29997     73.82890      2.37665     71.45225
     -2.28997     23.53800      0.75764     22.78035
     -2.27997      2.92490      0.09413      2.83076
     -2.26997      0.13506      0.00435      0.13071
     -2.25997      0.02090      0.00065      0.02025
     -2.24997      0.67386      0.02082      0.65304
     -2.23997      8.98261      0.27759      8.70503
     -2.22997     44.04928      1.36124     42.68805
     -2.21997     79.46584      2.45570     77.01014
     -2.20997     52.73848      1.62976     51.10872
     -2.19997     12.87598      0.39790     12.47808
     -2.18997      1.15648      0.03574      1.12074
     -2.17997      0.03821      0.00118      0.03703
     -2.16997      0.00046      0.00001      0.00045
     -2.15997      0.00000      0.00000      0.00000
     -2.14997      0.00000      0.00000      0.00000
     -2.13997      0.00000      0.00000      0.00000
     -2.12997      0.00000      0.00000      0.00000
     -2.11997      0.00000      0.00000      0.00000
     -2.10997      0.00000      0.00000      0.00000
     -2.09997      0.00000      0.00000      0.00000
     -2.08997      0.00000      0.00000      0.00000
     -2.07997      0.00000      0.00000      0.00000
     -2.06997      0.00000      0.00000      0.00000
     -2.05997      0.00000      0.00000      0.00000
     -2.04997      0.00000      0.00000      0.00000
     -2.03997      0.00034      0.00001      0.00033
     -2.02997      0.02961      0.00064      0.02897
     -2.01997      0.95592      0.02067      0.93525
     -2.00997     11.35470      0.24554     11.10916
     -1.99997     49.61758      1.07296     48.54463
     -1.98997     79.76295      1.72483     78.03812
     -1.97997     47.17070      1.02004     46.15066
     -1.96997     10.26240      0.22192     10.04048
     -1.95997      0.82136      0.01776      0.80359
     -1.94997      0.02418      0.00052      0.02366
     -1.93997      0.00000      0.00000      0.00000
     -1.92997      0.00000      0.00000      0.00000
     -1.91997      0.00000      0.00000      0.00000
     -1.90997      0.00000      0.00000      0.00000
     -1.89997      0.00000      0.00000      0.00000
     -1.88997      0.00000      0.00000      0.00000
     -1.87997      0.00000      0.00000      0.00000
     -1.86997      0.00000      0.00000      0.00000
     -1.85997      0.00000      0.00000      0.00000
     -1.84997      0.00000      0.00000      0.00000
     -1.83997      0.00000      0.00000      0.00000
     -1.82997      0.00000      0.00000      0.00000
     -1.81997      0.00000      0.00000      0.00000
     -1.80997      0.00000      0.00000      0.00000
     -1.79997      0.00000      0.00000      0.00000
     -1.78997      0.00000      0.00000      0.00000
     -1.77997      0.00000      0.00000      0.00000
     -1.76997      0.00000      0.00000      0.00000
     -1.75997      0.00000      0.00000      0.00000
     -1.74997      0.00000      0.00000      0.00000
     -1.73997      0.00000      0.00000      0.00000
     -1.72997      0.00000      0.00000      0.00000
     -1.71997      0.00000      0.00000      0.00000
     -1.70997      0.00000      0.00000      0.00000
     -1.69997      0.00000      0.00000      0.00000
     -1.68997      0.00000      0.00000      0.00000
     -1.67997      0.00000      0.00000      0.00000
     -1.66997      0.00000      0.00000      0.00000
     -1.65997      0.00000      0.00000      0.00000
     -1.64997      0.00257      0.00006      0.00252
     -1.63997      0.15001      0.00334      0.14667
     -1.62997      3.25655      0.07268      3.18386
     -1.61997     27.23774      0.60947     26.62828
     -1.60997     93.00695      2.09214     90.91481
     -1.59997    140.97403      3.19724    137.77679
     -1.58997     99.61236      2.27799     97.33437
     -1.57997     31.46524      0.72350     30.74174
     -1.56997      4.08547      0.09419      3.99128
     -1.55997      0.20515      0.00473      0.20041
     -1.54997      0.00384      0.00009      0.00375
     -1.53997      0.00000      0.00000      0.00000
     -1.52997      0.00000      0.00000      0.00000
     -1.51997      0.00000      0.00000      0.00000
     -1.50997      0.00000      0.00000      0.00000
     -1.49997      0.00000      0.00000      0.00000
     -1.48997      0.00000      0.00000      0.00000
     -1.47997      0.00000      0.00000      0.00000
     -1.46997      0.00000      0.00000      0.00000
     -1.45997      0.00000      0.00000      0.00000
     -1.44997      0.00000      0.00000      0.00000
     -1.43997      0.00000      0.00000      0.00000
     -1.42997      0.00000      0.00000      0.00000
     -1.41997      0.00000      0.00000      0.00000
     -1.40997      0.00000      0.00000      0.00000
     -1.39997      0.01914      0.00148      0.01765
     -1.38997      0.68863      0.05342      0.63521
     -1.37997      9.11524      0.70712      8.40812
     -1.36997     44.38677      3.44334     40.94342
     -1.35997     79.51414      6.16838     73.34576
     -1.34997     52.40114      4.06506     48.33608
     -1.33997     12.70406      0.98553     11.71853
     -1.32997      1.13305      0.08790      1.04516
     -1.31997      0.03718      0.00288      0.03429
     -1.30997      0.00045      0.00003      0.00041
     -1.29997      0.00000      0.00000      0.00000
     -1.28997      0.00000      0.00000      0.00000
     -1.27997      0.00000      0.00000      0.00000
     -1.26997      0.00000      0.00000      0.00000
     -1.25997      0.00000      0.00000      0.00000
     -1.24997      0.00000      0.00000      0.00000
     -1.23997      0.00000      0.00000      0.00000
     -1.22997      0.00000      0.00000      0.00000
     -1.21997      0.00000      0.00000      0.00000
     -1.20997      0.00000      0.00000      0.00000
     -1.19997      0.00000      0.00000      0.00000
     -1.18997      0.00000      0.00000      0.00000
     -1.17997      0.00000      0.00000      0.00000
     -1.16997      0.00000      0.00000      0.00000
     -1.15997      0.00000      0.00000      0.00000
     -1.14997      0.00000      0.00000      0.00000
     -1.13997      0.00000      0.00000      0.00000
     -1.12997      0.00000      0.00000      0.00000
     -1.11997      0.00000      0.00000      0.00000
     -1.10997      0.00000      0.00000      0.00000
     -1.09997      0.00000      0.00000      0.00000
     -1.08997      0.00000      0.00000      0.00000
     -1.07997      0.00000      0.00000      0.00000
     -1.06997      0.00000      0.00000      0.00000
     -1.05997      0.00000      0.00000      0.00000
     -1.04997      0.00000      0.00000      0.00000
     -1.03997      0.00000      0.00000      0.00000
     -1.02997      0.00000      0.00000      0.00000
     -1.01997      0.00000      0.00000      0.00000
     -1.00997      0.00000      0.00000      0.00000
     -0.99997      0.00000      0.00000      0.00000
     -0.98997      0.00000      0.00000      0.00000
     -0.97997      0.00000      0.00000      0.00000
     -0.96997      0.00000      0.00000      0.00000
     -0.95997      0.00000      0.00000      0.00000
     -0.94997      0.00000      0.00000      0.00000
     -0.93997      0.00000      0.00000      0.00000
     -0.92997      0.00000      0.00000      0.00000
     -0.91997      0.00000      0.00000      0.00000
     -0.90997      0.00000      0.00000      0.00000
     -0.89997      0.00000      0.00000      0.00000
     -0.88997      0.00000      0.00000      0.00000
     -0.87997      0.00000      0.00000      0.00000
     -0.86997      0.00000      0.00000      0.00000
     -0.85997      0.00000      0.00000      0.00000
     -0.84997      0.00000      0.00000      0.00000
     -0.83997      0.00000      0.00000      0.00000
     -0.82997      0.00000      0.00000      0.00000
     -0.81997      0.00000      0.00000      0.00000
     -0.80997      0.00000      0.00000      0.00000
     -0.79997      0.00000      0.00000      0.00000
     -0.78997      0.00000      0.00000      0.00000
     -0.77997      0.00000      0.00000      0.00000
     -0.76997      0.00000      0.00000      0.00000
     -0.75997      0.00000      0.00000      0.00000
     -0.74997      0.00000      0.00000      0.00000
     -0.73997      0.00000      0.00000      0.00000
     -0.72997      0.00000      0.00000      0.00000
     -0.71997      0.00000      0.00000      0.00000
     -0.70997      0.00000      0.00000      0.00000
     -0.69997      0.00000      0.00000      0.00000
     -0.68997      0.00000      0.00000      0.00000
     -0.67997      0.00000      0.00000      0.00000
     -0.66997      0.01063      0.00087      0.00976
     -0.65997      0.44051      0.03609      0.40442
     -0.64997      6.71828      0.55044      6.16784
     -0.63997     37.69350      3.08831     34.60520
     -0.62997     77.80018      6.37433     71.42585
     -0.61997     59.07452      4.84010     54.23442
     -0.60997     16.50157      1.35201     15.14956
     -0.59997      1.69573      0.13893      1.55679
     -0.58997      0.06411      0.00525      0.05885
     -0.57997      0.00089      0.00007      0.00082
     -0.56997      0.00000      0.00000      0.00000
     -0.55997      0.00000      0.00000      0.00000
     -0.54997      0.00000      0.00000      0.00000
     -0.53997      0.00000      0.00000      0.00000
     -0.52997      0.01227      0.00020      0.01207
     -0.51997      0.49149      0.00805      0.48344
     -0.50997      7.24418      0.11860      7.12558
     -0.49997     39.27995      0.64306     38.63689
     -0.48997     78.35350      1.28273     77.07076
     -0.47997     57.49782      0.94130     56.55652
     -0.46997     15.52208      0.25411     15.26797
     -0.45997      1.54154      0.02524      1.51630
     -0.44997      0.05632      0.00092      0.05540
     -0.43997      0.00076      0.00001      0.00074
     -0.42997      0.00000      0.00000      0.00000
     -0.41997      0.00000      0.00000      0.00000
     -0.40997      0.00000      0.00000      0.00000
     -0.39997      0.00000      0.00000      0.00000
     -0.38997      0.00000      0.00000      0.00000
     -0.37997      0.00000      0.00000      0.00000
     -0.36997      0.00000      0.00000      0.00000
     -0.35997      0.00000      0.00000      0.00000
     -0.34997      0.00000      0.00000      0.00000
     -0.33997      0.00000      0.00000      0.00000
     -0.32997      0.00000      0.00000      0.00000
     -0.31997      0.00000      0.00000      0.00000
     -0.30997      0.00000      0.00000      0.00000
     -0.29997      0.00000      0.00000      0.00000
     -0.28997      0.00000      0.00000      0.00000
     -0.27997      0.00000      0.00000      0.00000
     -0.26997      0.00000      0.00000      0.00000
     -0.25997      0.00000      0.00000      0.00000
     -0.24997      0.00000      0.00000      0.00000
     -0.23997      0.00000      0.00000      0.00000
     -0.22997      0.00000      0.00000      0.00000
     -0.21997      0.00000      0.00000      0.00000
     -0.20997      0.00000      0.00000      0.00000
     -0.19997      0.00000      0.00000      0.00000
     -0.18997      0.00000      0.00000      0.00000
     -0.17997      0.00000      0.00000      0.00000
     -0.16997      0.00000      0.00000      0.00000
     -0.15997      0.00000      0.00000      0.00000
     -0.14997      0.00000      0.00000      0.00000
     -0.13997      0.00000      0.00000      0.00000
     -0.12997      0.00000      0.00000      0.00000
     -0.11997      0.00000      0.00000      0.00000
     -0.10997      0.00000      0.00000      0.00000
     -0.09997      0.00000      0.00000      0.00000
     -0.08997      0.00000      0.00000      0.00000
     -0.07997      0.00000      0.00000      0.00000
     -0.06997      0.00000      0.00000      0.00000
     -0.05997      0.00000      0.00000      0.00000
     -0.04997      0.00030      0.00002      0.00028
     -0.03997      0.02713      0.00160      0.02552
     -0.02997      0.89529      0.05292      0.84237
     -0.01997     10.87048      0.64256     10.22792
     -0.00997     48.55572      2.87013     45.68558
      0.00003     79.78801      4.71628     75.07173
      0.01003     48.23257      2.85103     45.38154
      0.02003     10.72627      0.63403     10.09224
      0.03003      0.87753      0.05187      0.82566
      0.04003      0.02641      0.00156      0.02485
      0.05003      0.00000      0.00000      0.00000
      0.06003      0.00000      0.00000      0.00000
      0.07003      0.00000      0.00000      0.00000
      0.08003      0.00000      0.00000      0.00000
      0.09003      0.00000      0.00000      0.00000
      0.10003      0.00000      0.00000      0.00000
      0.11003      0.00000      0.00000      0.00000
      0.12003      0.00000      0.00000      0.00000
      0.13003      0.00000      0.00000      0.00000
      0.14003      0.00000      0.00000      0.00000
      0.15003      0.00000      0.00000      0.00000
      0.16003      0.00000      0.00000      0.00000
      0.17003      0.00000      0.00000      0.00000
      0.18003      0.00000      0.00000      0.00000
      0.19003      0.00000      0.00000      0.00000
      0.20003      0.00000      0.00000      0.00000
      0.21003      0.00000      0.00000      0.00000
      0.22003      0.00000      0.00000      0.00000
      0.23003      0.00000      0.00000      0.00000
      0.24003      0.00000      0.00000      0.00000
      0.25003      0.00000      0.00000      0.00000
      0.26003      0.00000      0.00000      0.00000
      0.27003      0.00000      0.00000      0.00000
      0.28003      0.00000      0.00000      0.00000
      0.29003      0.00000      0.00000      0.00000
      0.30003      0.00000      0.00000      0.00000
      0.31003      0.00000      0.00000      0.00000
      0.32003      0.00000      0.00000      0.00000
      0.33003      0.00000      0.00000      0.00000
      0.34003      0.00000      0.00000      0.00000
      0.35003      0.00000      0.00000      0.00000
      0.36003      0.00000      0.00000      0.00000
      0.37003      0.00000      0.00000      0.00000
      0.38003      0.00000      0.00000      0.00000
      0.39003      0.00000      0.00000      0.00000
      0.40003      0.00000      0.00000      0.00000
      0.41003      0.00000      0.00000      0.00000
      0.42003      0.00000      0.00000      0.00000
      0.43003      0.00000      0.00000      0.00000
      0.44003      0.00000      0.00000      0.00000
      0.45003      0.00000      0.00000      0.00000
      0.46003      0.00000      0.00000      0.00000
      0.47003      0.00000      0.00000      0.00000
      0.48003      0.00000      0.00000      0.00000
      0.49003      0.00000      0.00000      0.00000
      0.50003      0.00000      0.00000      0.00000
      0.51003      0.00000      0.00000      0.00000
      0.52003      0.00000      0.00000      0.00000
      0.53003      0.00000      0.00000      0.00000
      0.54003      0.00000      0.00000      0.00000
      0.55003      0.00000      0.00000      0.00000
      0.56003      0.00000      0.00000      0.00000
      0.57003      0.00000      0.00000      0.00000
      0.58003      0.00000      0.00000      0.00000
      0.59003      0.00000      0.00000      0.00000
      0.60003      0.00000      0.00000      0.00000
      0.61003      0.00000      0.00000      0.00000
      0.62003      0.00000      0.00000      0.00000
      0.63003      0.00000      0.00000      0.00000
      0.64003      0.00000      0.00000      0.00000
      0.65003      0.00000      0.00000      0.00000
      0.66003      0.00000      0.00000      0.00000
      0.67003      0.00000      0.00000      0.00000
      0.68003      0.00000      0.00000      0.00000
      0.69003      0.00000      0.00000      0.00000
      0.70003      0.00000      0.00000      0.00000
      0.71003      0.00000      0.00000      0.00000
      0.72003      0.00000      0.00000      0.00000
      0.73003      0.00000      0.00000      0.00000
      0.74003      0.00000      0.00000      0.00000
      0.75003      0.00000      0.00000      0.00000
      0.76003      0.00000      0.00000      0.00000
      0.77003      0.00000      0.00000      0.00000
      0.78003      0.00000      0.00000      0.00000
      0.79003      0.00000      0.00000      0.00000
      0.80003      0.00000      0.00000      0.00000
      0.81003      0.00000      0.00000      0.00000
      0.82003      0.00000      0.00000      0.00000
      0.83003      0.00000      0.00000      0.00000
      0.84003      0.00000      0.00000      0.00000
      0.85003      0.00000      0.00000      0.00000
      0.86003      0.00000      0.00000      0.00000
      0.87003      0.00000      0.00000      0.00000
      0.88003      0.00000      0.00000      0.00000
      0.89003      0.00000      0.00000      0.00000
      0.90003      0.00000      0.00000      0.00000
      0.91003      0.00000      0.00000      0.00000
      0.92003      0.00000      0.00000      0.00000
      0.93003      0.00000      0.00000      0.00000
      0.94003      0.00000      0.00000      0.00000
      0.95003      0.00000      0.00000      0.00000
      0.96003      0.00000      0.00000      0.00000
      0.97003      0.00000      0.00000      0.00000
      0.98003      0.00000      0.00000      0.00000
      0.99003      0.00000      0.00000      0.00000
      1.00003      0.00000      0.00000      0.00000
      1.01003      0.00000      0.00000      0.00000
      1.02003      0.00000      0.00000      0.00000
      1.03003      0.00000      0.00000      0.00000
      1.04003      0.00000      0.00000      0.00000
      1.05003      0.00000      0.00000      0.00000
      1.06003      0.00000      0.00000      0.00000
      1.07003      0.00000      0.00000      0.00000
      1.08003      0.00000      0.00000      0.00000
      1.09003      0.00000      0.00000      0.00000
      1.10003      0.00000      0.00000      0.00000
      1.11003      0.00000      0.00000      0.00000
      1.12003      0.00000      0.00000      0.00000
      1.13003      0.00000      0.00000      0.00000
      1.14003      0.00000      0.00000      0.00000
      1.15003      0.00000      0.00000      0.00000
      1.16003      0.00000      0.00000      0.00000
      1.17003      0.00000      0.00000      0.00000
      1.18003      0.00000      0.00000      0.00000
      1.19003      0.00000      0.00000      0.00000
      1.20003      0.00000      0.00000      0.00000
      1.21003      0.00000      0.00000      0.00000
      1.22003      0.00000      0.00000      0.00000
      1.23003      0.00000      0.00000      0.00000
      1.24003      0.00000      0.00000      0.00000
      1.25003      0.00000      0.00000      0.00000
      1.26003      0.00000      0.00000      0.00000
      1.27003      0.00000      0.00000      0.00000
      1.28003      0.00000      0.00000      0.00000
      1.29003      0.00000      0.00000      0.00000
      1.30003      0.00000      0.00000      0.00000
      1.31003      0.00000      0.00000      0.00000
      1.32003      0.00000      0.00000      0.00000
      1.33003      0.00000      0.00000      0.00000
      1.34003      0.00000      0.00000      0.00000
      1.35003      0.00000      0.00000      0.00000
      1.36003      0.00000      0.00000      0.00000
      1.37003      0.00000      0.00000      0.00000
      1.38003      0.00000      0.00000      0.00000
      1.39003      0.00000      0.00000      0.00000
      1.40003      0.00000      0.00000      0.00000
      1.41003      0.00000      0.00000      0.00000
      1.42003      0.00000      0.00000      0.00000
      1.43003      0.00000      0.00000      0.00000
      1.44003      0.00000      0.00000      0.00000
      1.45003      0.00000      0.00000      0.00000
      1.46003      0.00000      0.00000      0.00000
      1.47003      0.00000      0.00000      0.00000
      1.48003      0.00000      0.00000      0.00000
      1.49003      0.00000      0.00000      0.00000
      1.50003      0.00000      0.00000      0.00000
      1.51003      0.00000      0.00000      0.00000
      1.52003      0.00000      0.00000      0.00000
      1.53003      0.00000      0.00000      0.00000
      1.54003      0.00000      0.00000      0.00000
      1.55003      0.00000      0.00000      0.00000
      1.56003      0.00000      0.00000      0.00000
      1.57003      0.00000      0.00000      0.00000
      1.58003      0.00000      0.00000      0.00000
      1.59003      0.00000      0.00000      0.00000
      1.60003      0.00000      0.00000      0.00000
      1.61003      0.00000      0.00000      0.00000
      1.62003      0.00000      0.00000      0.00000
      1.63003      0.00000      0.00000      0.00000
      1.64003      0.00000      0.00000      0.00000
      1.65003      0.00000      0.00000      0.00000
      1.66003      0.00000      0.00000      0.00000
      1.67003      0.00000      0.00000      0.00000
      1.68003      0.00000      0.00000      0.00000
      1.69003      0.00000      0.00000      0.00000
      1.70003      0.00000      0.00000      0.00000
      1.71003      0.00000      0.00000      0.00000
      1.72003      0.00000      0.00000      0.00000
      1.73003      0.00000      0.00000      0.00000
      1.74003      0.00000      0.00000      0.00000
      1.75003      0.00000      0.00000      0.00000
      1.76003      0.00000      0.00000      0.00000
      1.77003      0.00000      0.00000      0.00000
      1.78003      0.00000      0.00000      0.00000
      1.79003      0.00000      0.00000      0.00000
      1.80003      0.00000      0.00000      0.00000
      1.81003      0.00000      0.00000      0.00000
      1.82003      0.00000      0.00000      0.00000
      1.83003      0.00000      0.00000      0.00000
      1.84003      0.00000      0.00000      0.00000
      1.85003      0.00000      0.00000      0.00000
      1.86003      0.00000      0.00000      0.00000
      1.87003      0.00000      0.00000      0.00000
      1.88003      0.00000      0.00000      0.00000
      1.89003      0.00000      0.00000      0.00000
      1.90003      0.00000      0.00000      0.00000
      1.91003      0.00000      0.00000      0.00000
      1.92003      0.00000      0.00000      0.00000
      1.93003      0.00000      0.00000      0.00000
      1.94003      0.00000      0.00000      0.00000
      1.95003      0.00000      0.00000      0.00000
      1.96003      0.00000      0.00000      0.00000
      1.97003      0.00000      0.00000      0.00000
      1.98003      0.00000      0.00000      0.00000
      1.99003      0.00000      0.00000      0.00000
      2.00003      0.00000      0.00000      0.00000
      2.01003      0.00000      0.00000      0.00000
      2.02003      0.00000      0.00000      0.00000
      2.03003      0.00000      0.00000      0.00000
      2.04003      0.00000      0.00000      0.00000
      2.05003      0.00000      0.00000      0.00000
      2.06003      0.00000      0.00000      0.00000
      2.07003      0.00000      0.00000      0.00000
      2.08003      0.00000      0.00000      0.00000
      2.09003      0.00000      0.00000      0.00000
      2.10003      0.00000      0.00000      0.00000
      2.11003      0.00000      0.00000      0.00000
      2.12003      0.00000      0.00000      0.00000
      2.13003      0.00000      0.00000      0.00000
      2.14003      0.00000      0.00000      0.00000
      2.15003      0.00000      0.00000      0.00000
      2.16003      0.00000      0.00000      0.00000
      2.17003      0.00000      0.00000      0.00000
      2.18003      0.00000      0.00000      0.00000
      2.19003      0.00000      0.00000      0.00000
      2.20003      0.00000      0.00000      0.00000
      2.21003      0.00000      0.00000      0.00000
      2.22003      0.00000      0.00000      0.00000
      2.23003      0.00000      0.00000      0.00000
      2.24003      0.00000      0.00000      0.00000
      2.25003      0.00000      0.00000      0.00000
      2.26003      0.00000      0.00000      0.00000
      2.27003      0.00000      0.00000      0.00000
      2.28003      0.00000      0.00000      0.00000
      2.29003      0.00000      0.00000      0.00000
      2.30003      0.00000      0.00000      0.00000
      2.31003      0.00000      0.00000      0.00000
      2.32003      0.00000      0.00000      0.00000
      2.33003      0.00000      0.00000      0.00000
      2.34003      0.00000      0.00000      0.00000
      2.35003      0.00000      0.00000      0.00000
      2.36003      0.00000      0.00000      0.00000
      2.37003      0.00000      0.00000      0.00000
      2.38003      0.00000      0.00000      0.00000
      2.39003      0.00000      0.00000      0.00000
      2.40003      0.00000      0.00000      0.00000
      2.41003      0.00000      0.00000      0.00000
      2.42003      0.00000      0.00000      0.00000
      2.43003      0.00000      0.00000      0.00000
      2.44003      0.00000      0.00000      0.00000
      2.45003      0.00000      0.00000      0.00000
      2.46003      0.00000      0.00000      0.00000
      2.47003      0.00000      0.00000      0.00000
      2.48003      0.00000      0.00000      0.00000
      2.49003      0.00000      0.00000      0.00000
      2.50003      0.00000      0.00000      0.00000
      2.51003      0.00000      0.00000      0.00000
      2.52003      0.00000      0.00000      0.00000
      2.53003      0.00000      0.00000      0.00000
      2.54003      0.00000      0.00000      0.00000
      2.55003      0.00000      0.00000      0.00000
      2.56003      0.00000      0.00000      0.00000
      2.57003      0.00000      0.00000      0.00000
      2.58003      0.00000      0.00000      0.00000
      2.59003      0.00000      0.00000      0.00000
      2.60003      0.00000      0.00000      0.00000
      2.61003      0.00000      0.00000      0.00000
      2.62003      0.00000      0.00000      0.00000
      2.63003      0.00000      0.00000      0.00000
      2.64003      0.00000      0.00000      0.00000
      2.65003      0.00000      0.00000      0.00000
      2.66003      0.00000      0.00000      0.00000
      2.67003      0.00000      0.00000      0.00000
      2.68003      0.00000      0.00000      0.00000
      2.69003      0.00000      0.00000      0.00000
      2.70003      0.00000      0.00000      0.00000
      2.71003      0.00000      0.00000      0.00000
      2.72003      0.00000      0.00000      0.00000
      2.73003      0.00000      0.00000      0.00000
      2.74003      0.00000      0.00000      0.00000
      2.75003      0.00000      0.00000      0.00000
      2.76003      0.00000      0.00000      0.00000
      2.77003      0.00000      0.00000      0.00000
      2.78003      0.00000      0.00000      0.00000
      2.79003      0.00000      0.00000      0.00000
      2.80003      0.00000      0.00000      0.00000
      2.81003      0.00000      0.00000      0.00000
      2.82003      0.00000      0.00000      0.00000
      2.83003      0.00000      0.00000      0.00000
      2.84003      0.00000      0.00000      0.00000
      2.85003      0.00000      0.00000      0.00000
      2.86003      0.00000      0.00000      0.00000
      2.87003      0.00000      0.00000      0.00000
      2.88003      0.00000      0.00000      0.00000
      2.89003      0.00000      0.00000      0.00000
      2.90003      0.00000      0.00000      0.00000
      2.91003      0.00000      0.00000      0.00000
      2.92003      0.00000      0.00000      0.00000
      2.93003      0.00000      0.00000      0.00000
      2.94003      0.00000      0.00000      0.00000
      2.95003      0.00000      0.00000      0.00000
      2.96003      0.00000      0.00000      0.00000
      2.97003      0.00000      0.00000      0.00000
      2.98003      0.00000      0.00000      0.00000
      2.99003      0.00000      0.00000      0.00000
      3.00003      0.00000      0.00000      0.00000
      3.01003      0.00000      0.00000      0.00000
      3.02003      0.00000      0.00000      0.00000
      3.03003      0.00000      0.00000      0.00000
      3.04003      0.00000      0.00000      0.00000
      3.05003      0.00000      0.00000      0.00000
      3.06003      0.00000      0.00000      0.00000
      3.07003      0.00000      0.00000      0.00000
      3.08003      0.00000      0.00000      0.00000
      3.09003      0.00000      0.00000      0.00000
      3.10003      0.00000      0.00000      0.00000
      3.11003      0.00000      0.00000      0.00000
      3.12003      0.00000      0.00000      0.00000
      3.13003      0.00000      0.00000      0.00000
      3.14003      0.00000      0.00000      0.00000
      3.15003      0.00000      0.00000      0.00000
      3.16003      0.00000      0.00000      0.00000
      3.17003      0.00000      0.00000      0.00000
      3.18003      0.00000      0.00000      0.00000
      3.19003      0.00000      0.00000      0.00000
      3.20003      0.00000      0.00000      0.00000
      3.21003      0.00000      0.00000      0.00000
      3.22003      0.00000      0.00000      0.00000
      3.23003      0.00000      0.00000      0.00000
      3.24003      0.00000      0.00000      0.00000
      3.25003      0.00000      0.00000      0.00000
      3.26003      0.00000      0.00000      0.00000
      3.27003      0.00000      0.00000      0.00000
      3.28003      0.00000      0.00000      0.00000
      3.29003      0.00000      0.00000      0.00000
      3.30003      0.00000      0.00000      0.00000
      3.31003      0.00000      0.00000      0.00000
      3.32003      0.00000      0.00000      0.00000
      3.33003      0.00000      0.00000      0.00000
      3.34003      0.00000      0.00000      0.00000
      3.35003      0.00000      0.00000      0.00000
      3.36003      0.00000      0.00000      0.00000
      3.37003      0.00000      0.00000      0.00000
      3.38003      0.00000      0.00000      0.00000
      3.39003      0.00000      0.00000      0.00000
      3.40003      0.00000      0.00000      0.00000
      3.41003      0.00000      0.00000      0.00000
      3.42003      0.00000      0.00000      0.00000
      3.43003      0.00000      0.00000      0.00000
      3.44003      0.00000      0.00000      0.00000
      3.45003      0.00000      0.00000      0.00000
      3.46003      0.00000      0.00000      0.00000
      3.47003      0.00000      0.00000      0.00000
      3.48003      0.00000      0.00000      0.00000
      3.49003      0.00000      0.00000      0.00000
      3.50003      0.00000      0.00000      0.00000
      3.51003      0.00000      0.00000      0.00000
      3.52003      0.00000      0.00000      0.00000
      3.53003      0.00000      0.00000      0.00000
      3.54003      0.00000      0.00000      0.00000
      3.55003      0.00000      0.00000      0.00000
      3.56003      0.00000      0.00000      0.00000
      3.57003      0.00000      0.00000      0.00000
      3.58003      0.00000      0.00000      0.00000
      3.59003      0.00000      0.00000      0.00000
      3.60003      0.00000      0.00000      0.00000
      3.61003      0.00000      0.00000      0.00000
      3.62003      0.00000      0.00000      0.00000
      3.63003      0.00000      0.00000      0.00000
      3.64003      0.00000      0.00000      0.00000
      3.65003      0.00000      0.00000      0.00000
      3.66003      0.00000      0.00000      0.00000
      3.67003      0.00000      0.00000      0.00000
      3.68003      0.00000      0.00000      0.00000
      3.69003      0.00000      0.00000      0.00000
      3.70003      0.00000      0.00000      0.00000
      3.71003      0.00000      0.00000      0.00000
      3.72003      0.00000      0.00000      0.00000
      3.73003      0.00000      0.00000      0.00000
      3.74003      0.00000      0.00000      0.00000
      3.75003      0.00000      0.00000      0.00000
      3.76003      0.00000      0.00000      0.00000
      3.77003      0.00000      0.00000      0.00000
      3.78003      0.00000      0.00000      0.00000
      3.79003      0.00000      0.00000      0.00000
      3.80003      0.00000      0.00000      0.00000
      3.81003      0.00000      0.00000      0.00000
      3.82003      0.00000      0.00000      0.00000
      3.83003      0.00000      0.00000      0.00000
      3.84003      0.00000      0.00000      0.00000
      3.85003      0.00000      0.00000      0.00000
      3.86003      0.00000      0.00000      0.00000
      3.87003      0.00000      0.00000      0.00000
      3.88003      0.00000      0.00000      0.00000
      3.89003      0.00000      0.00000      0.00000
      3.90003      0.00000      0.00000      0.00000
      3.91003      0.00000      0.00000      0.00000
      3.92003      0.00000      0.00000      0.00000
      3.93003      0.00000      0.00000      0.00000
      3.94003      0.00000      0.00000      0.00000
      3.95003      0.00000      0.00000      0.00000
      3.96003      0.00000      0.00000      0.00000
      3.97003      0.00000      0.00000      0.00000
      3.98003      0.00000      0.00000      0.00000
      3.99003      0.00000      0.00000      0.00000
      4.00003      0.00000      0.00000      0.00000
      4.01003      0.00000      0.00000      0.00000
      4.02003      0.00000      0.00000      0.00000
      4.03003      0.00000      0.00000      0.00000
      4.04003      0.00000      0.00000      0.00000
      4.05003      0.00000      0.00000      0.00000
      4.06003      0.00000      0.00000      0.00000
      4.07003      0.00000      0.00000      0.00000
      4.08003      0.00000      0.00000      0.00000
      4.09003      0.00000      0.00000      0.00000
      4.10003      0.00000      0.00000      0.00000
      4.11003      0.00000      0.00000      0.00000
      4.12003      0.00000      0.00000      0.00000
      4.13003      0.00000      0.00000      0.00000
      4.14003      0.00000      0.00000      0.00000
      4.15003      0.00000      0.00000      0.00000
      4.16003      0.00000      0.00000      0.00000
      4.17003      0.00000      0.00000      0.00000
      4.18003      0.00000      0.00000      0.00000
      4.19003      0.00000      0.00000      0.00000
      4.20003      0.00000      0.00000      0.00000
      4.21003      0.00000      0.00000      0.00000
      4.22003      0.00000      0.00000      0.00000
      4.23003      0.00000      0.00000      0.00000
      4.24003      0.00000      0.00000      0.00000
      4.25003      0.00000      0.00000      0.00000
      4.26003      0.00000      0.00000      0.00000
      4.27003      0.00000      0.00000      0.00000
      4.28003      0.00000      0.00000      0.00000
      4.29003      0.00000      0.00000      0.00000
      4.30003      0.00000      0.00000      0.00000
      4.31003      0.00000      0.00000      0.00000
      4.32003      0.00000      0.00000      0.00000
      4.33003      0.00000      0.00000      0.00000
      4.34003      0.00000      0.00000      0.00000
      4.35003      0.00000      0.00000      0.00000
      4.36003      0.00000      0.00000      0.00000
      4.37003      0.00000      0.00000      0.00000
      4.38003      0.00000      0.00000      0.00000
      4.39003      0.00000      0.00000      0.00000
      4.40003      0.00000      0.00000      0.00000
      4.41003      0.00000      0.00000      0.00000
      4.42003      0.00000      0.00000      0.00000
      4.43003      0.00000      0.00000      0.00000
      4.44003      0.00000      0.00000      0.00000
      4.45003      0.00000      0.00000      0.00000
      4.46003      0.00000      0.00000      0.00000
      4.47003      0.00000      0.00000      0.00000
      4.48003      0.00000      0.00000      0.00000
      4.49003      0.00000      0.00000      0.00000
      4.50003      0.00000      0.00000      0.00000
      4.51003      0.00000      0.00000      0.00000
      4.52003      0.00000      0.00000      0.00000
      4.53003      0.00000      0.00000      0.00000
      4.54003      0.00000      0.00000      0.00000
      4.55003      0.00000      0.00000      0.00000
      4.56003      0.00000      0.00000      0.00000
      4.57003      0.00000      0.00000      0.00000
      4.58003      0.00000      0.00000      0.00000
      4.59003      0.00000      0.00000      0.00000
      4.60003      0.00000      0.00000      0.00000
      4.61003      0.00000      0.00000      0.00000
      4.62003      0.00000      0.00000      0.00000
      4.63003      0.00000      0.00000      0.00000
      4.64003      0.00000      0.00000      0.00000
      4.65003      0.00000      0.00000      0.00000
      4.66003      0.00000      0.00000      0.00000
      4.67003      0.00000      0.00000      0.00000
      4.68003      0.00000      0.00000      0.00000
      4.69003      0.00000      0.00000      0.00000
      4.70003      0.00000      0.00000      0.00000
      4.71003      0.00000      0.00000      0.00000
      4.72003      0.00000      0.00000      0.00000
      4.73003      0.00000      0.00000      0.00000
      4.74003      0.00000      0.00000      0.00000
      4.75003      0.00000      0.00000      0.00000
      4.76003      0.00000      0.00000      0.00000
      4.77003      0.00000      0.00000      0.00000
      4.78003      0.00000      0.00000      0.00000
      4.79003      0.00000      0.00000      0.00000
      4.80003      0.00000      0.00000      0.00000
      4.81003      0.00000      0.00000      0.00000
      4.82003      0.00000      0.00000      0.00000
      4.83003      0.00000      0.00000      0.00000
      4.84003      0.00000      0.00000      0.00000
      4.85003      0.00000      0.00000      0.00000
      4.86003      0.00000      0.00000      0.00000
      4.87003      0.00000      0.00000      0.00000
      4.88003      0.00000      0.00000      0.00000
      4.89003      0.00000      0.00000      0.00000
      4.90003      0.00000      0.00000      0.00000
      4.91003      0.00000      0.00000      0.00000
      4.92003      0.00000      0.00000      0.00000
      4.93003      0.02008      0.00097      0.01911
      4.94003      0.71407      0.03437      0.67969
      4.95003      9.34114      0.44966      8.89148
      4.96003     44.95383      2.16398     42.78985
      4.97003     79.58643      3.83112     75.75531
      4.98003     51.83426      2.49519     49.33907
      4.99003     12.41939      0.59784     11.82155
      5.00003      1.09469      0.05270      1.04199
      5.01003      0.03550      0.00171      0.03379
      5.02003      0.00042      0.00002      0.00040
      5.03003      0.00000      0.00000      0.00000
      5.04003      0.00366      0.00338      0.00028
      5.05003      0.19791      0.18296      0.01495
      5.06003      3.99039      3.68852      0.30187
      5.07003     31.12948     28.76531      2.36417
      5.08003     99.65694     92.02912      7.62782
      5.09003    141.69832    130.72743     10.97089
      5.10003     93.03686     85.75292      7.28394
      5.11003     26.95474     24.82921      2.12553
      5.12003      3.18414      2.93217      0.25197
      5.13003      0.14500      0.13351      0.01149
      5.14003      0.00246      0.00226      0.00019
      5.15003      0.00000      0.00000      0.00000
      5.16003      0.00000      0.00000      0.00000
      5.17003      0.00000      0.00000      0.00000
      5.18003      0.00000      0.00000      0.00000
      5.19003      0.00000      0.00000      0.00000
      5.20003      0.00000      0.00000      0.00000
      5.21003      0.00000      0.00000      0.00000
      5.22003      0.00000      0.00000      0.00000
      5.23003      0.01967      0.00256      0.01711
      5.24003      0.70292      0.09147      0.61144
      5.25003      9.24250      1.20278      8.03972
      5.26003     44.70740      5.81804     38.88937
      5.27003     79.55638     10.35314     69.20324
      5.28003     52.08061      6.77756     45.30306
      5.29003     12.54312      1.63283     10.91030
      5.30003      1.16200      0.19058      0.97142
      5.31003      1.46446      1.29742      0.16703
      5.32003     14.77897     13.37625      1.40273
      5.33003     56.40437     51.05061      5.35376
      5.34003     82.29635     74.38360      7.91274
      5.35003     68.96760     60.03401      8.93359
      5.36003    100.48792     71.36854     29.11938
      5.37003    138.39825     66.88139     71.51686
      5.38003     99.47036     26.24472     73.22565
      5.39003     32.95781      4.22628     28.73153
      5.40003      4.51547      0.30776      4.20771
      5.41003      0.23871      0.01088      0.22783
      5.42003      0.00470      0.00016      0.00454
      5.43003      0.00000      0.00000      0.00000
      5.44003      0.00000      0.00000      0.00000
      5.45003      0.00000      0.00000      0.00000
      5.46003      0.00037      0.00034      0.00003
      5.47003      0.03188      0.02924      0.00264
      5.48003      1.01036      0.92669      0.08366
      5.49003     11.77926     10.80386      0.97540
      5.50003     50.52036     46.33694      4.18342
      5.51003     79.71138     73.11075      6.60063
      5.52003     46.26790     42.43661      3.83129
      5.53003      9.88361      9.06515      0.81845
      5.54003      0.97912      0.89676      0.08236
      5.55003      3.92680      3.57701      0.34979
      5.56003     27.62254     25.16099      2.46155
      5.57003     71.89213     65.48555      6.40659
      5.58003     68.83426     62.70017      6.13409
      5.59003     24.24563     22.08501      2.16062
      5.60003      3.14172      2.86175      0.27997
      5.61003      0.14976      0.13642      0.01335
      5.62003      0.00263      0.00239      0.00023
      5.63003      0.01833      0.01682      0.00151
      5.64003      0.66657      0.61164      0.05493
      5.65003      8.91673      8.18191      0.73482
      5.66003     43.88036     40.26423      3.61613
      5.67003     79.44017     72.89360      6.54657
      5.68003     52.90732     48.54729      4.36003
      5.69003     12.96352     11.89465      1.06888
      5.70003      1.22626      1.08313      0.14313
      5.71003      1.61177      0.33554      1.27623
      5.72003     15.72591      2.99939     12.72652
      5.73003     57.83277     11.02914     46.80363
      5.74003     78.24394     14.92170     63.32224
      5.75003     38.94332      7.42678     31.51654
      5.76003      7.13051      1.35984      5.77067
      5.77003      0.48030      0.09160      0.38870
      5.78003      0.01190      0.00227      0.00963
      5.79003      0.00000      0.00000      0.00000
      5.80003      0.00538      0.00493      0.00045
      5.81003      0.26127      0.23922      0.02205
      5.82003      4.66723      4.27340      0.39383
      5.83003     30.67178     28.08365      2.58813
      5.84003     74.15220     67.89514      6.25707
      5.85003     65.94998     60.38503      5.56495
      5.86003     21.57798     19.75720      1.82078
      5.87003      2.59724      2.37808      0.21916
      5.88003      0.11972      0.10961      0.01012
      5.89003      0.23784      0.21712      0.02072
      5.90003      4.34350      3.96501      0.37849
      5.91003     29.41301     26.85000      2.56301
      5.92003     73.27317     66.88824      6.38493
      5.93003     67.15154     61.30004      5.85150
      5.94003     22.63980     20.66699      1.97280
      5.95003      2.80798      2.56330      0.24468
      5.96003      0.12812      0.11696      0.01116
      5.97003      0.00215      0.00196      0.00019
      5.98003      0.00000      0.00000      0.00000
      5.99003      0.00000      0.00000      0.00000
      6.00003      0.00000      0.00000      0.00000
      6.01003      0.00000      0.00000      0.00000
      6.02003      0.00000      0.00000      0.00000
      6.03003      0.00000      0.00000      0.00000
      6.04003      0.00000      0.00000      0.00000
      6.05003      0.00000      0.00000      0.00000
      6.06003      0.00038      0.00003      0.00035
      6.07003      0.03224      0.00224      0.03001
      6.08003      1.01890      0.07065      0.94825
      6.09003     11.84507      0.82136     11.02371
      6.10003     50.65801      3.51271     47.14530
      6.11003     79.70142      5.52692     74.17450
      6.12003     46.16058      3.22650     42.93408
      6.13003     10.79592      1.57160      9.22432
      6.14003     12.26322     10.56588      1.69734
      6.15003     49.93845     45.65614      4.28231
      6.16003     79.74897     72.94029      6.80868
      6.17003     46.87200     42.87024      4.00177
      6.18003     10.13462      9.26936      0.86526
      6.19003      0.80613      0.73731      0.06882
      6.20003      0.02359      0.02158      0.00201
      6.21003      0.00314      0.00286      0.00028
      6.22003      0.17223      0.15683      0.01540
      6.23003      3.47253      3.16209      0.31043
      6.24003     25.75627     23.45374      2.30253
      6.25003     70.27905     63.99633      6.28272
      6.26003     70.56430     64.24124      6.32306
      6.27003     26.70812     23.77864      2.92949
      6.28003     12.36790      3.97938      8.38852
      6.29003     43.83055      3.90254     39.92801
      6.30003     79.40743      6.80855     72.59888
      6.31003     53.13386      4.55401     48.57985
      6.32003     13.07992      1.12106     11.95886
      6.33003      1.18452      0.10152      1.08300
      6.34003      0.03946      0.00338      0.03608
      6.35003      0.00048      0.00004      0.00044
      6.36003      0.02408      0.00140      0.02268
      6.37003      0.81882      0.04763      0.77118
      6.38003     10.24117      0.59578      9.64539
      6.39003     47.12125      2.74127     44.37998
      6.40003     79.76085      4.64008     75.12077
      6.41003     49.66703      2.88937     46.77766
      6.42003     11.37764      0.66189     10.71575
      6.43003      0.95883      0.05578      0.90305
      6.44003      0.03841      0.00985      0.02856
      6.45003      0.37782      0.35294      0.02488
      6.46003      6.03730      5.64446      0.39284
      6.47003     35.52179     33.21043      2.31136
      6.48003     76.88689     71.88396      5.00293
      6.49003     61.22310     57.23939      3.98371
      6.50003     17.93427     16.76731      1.16696
      6.51003      1.94653      1.82090      0.12576
      6.52003      0.61603      0.61571      0.00499
      6.53003      7.72213      7.78887      0.00007
      6.54003     40.65672     41.00855      0.00000
      6.55003     78.75825     79.43980      0.00000
      6.56003     56.12616     56.61186      0.00000
      6.57003     14.71432     14.84165      0.00000
      6.58003      1.41912      1.43140      0.00000
      6.59003      0.05571      0.05567      0.00048
      6.60003      0.26108      0.23784      0.02324
      6.61003      4.65659      4.24103      0.41556
      6.62003     30.63117     27.89758      2.73359
      6.63003     74.15218     67.52425      6.62793
      6.64003     67.05198     60.66115      6.39083
      6.65003     36.89840     27.76137      9.13703
      6.66003     83.47702     45.15353     38.32349
      6.67003    157.51166     83.45302     74.05864
      6.68003    112.69307     59.73724     52.95583
      6.69003     29.68190     15.74985     13.93205
      6.70003      2.87607      1.52766      1.34841
      6.71003      0.10252      0.05451      0.04801
      6.72003      0.00134      0.00072      0.00063
      6.73003      0.00000      0.00000      0.00000
      6.74003      0.00000      0.00000      0.00000
      6.75003      0.00000      0.00000      0.00000
      6.76003      0.00000      0.00000      0.00000
      6.77003      0.00000      0.00000      0.00000
      6.78003      0.00000      0.00000      0.00000
      6.79003      0.00000      0.00000      0.00000
      6.80003      0.00000      0.00000      0.00000
      6.81003      0.00000      0.00000      0.00000
      6.82003      0.00000      0.00000      0.00000
      6.83003      0.00065      0.00005      0.00060
      6.84003      0.05018      0.00409      0.04609
      6.85003      1.41552      0.11538      1.30015
      6.86003     14.69012      1.19738     13.49274
      6.87003     56.08403      4.57137     51.51267
      6.88003     78.76958      6.42045     72.34913
      6.89003     40.69896      3.31734     37.38162
      6.90003      7.73595      0.63055      7.10540
      6.91003      0.54094      0.04409      0.49685
      6.92003      0.01392      0.00113      0.01278
      6.93003      0.00068      0.00011      0.00057
      6.94003      0.05796      0.01416      0.04380
      6.95003      1.73800      0.50644      1.23156
      6.96003     19.91505      7.12844     12.78661
      6.97003     88.37018     39.23421     49.13597
      6.98003    153.58498     83.42982     70.15515
      6.99003    105.07778     67.63864     37.43914
      7.00003     28.28009     20.73819      7.54190
      7.01003      4.93835      4.14256      0.79579
      7.02003     18.44775     16.43673      2.01102
      7.03003     61.78806     55.06725      6.72080
      7.04003     76.61550     68.28178      8.33372
      7.05003     34.97534     31.14974      3.82561
      7.06003      6.71883      5.27638      1.44245
      7.07003     10.89274      0.92949      9.96324
      7.08003     47.79720      2.76098     45.03622
      7.09003     79.78222      4.59714     75.18508
      7.10003     48.99931      2.82339     46.17592
      7.11003     11.07081      0.63791     10.43290
      7.12003      0.92018      0.05302      0.86716
      7.13003      0.02814      0.00162      0.02652
      7.14003      0.00032      0.00002      0.00030
      7.15003      0.00000      0.00000      0.00000
      7.16003      0.01106      0.01047      0.00059
      7.17003      0.45854      0.43408      0.02446
      7.18003      7.08709      6.70462      0.38246
      7.19003     42.35561     39.99008      2.36553
      7.20003    106.90974    100.43090      6.47883
      7.21003    131.57266    122.56251      9.01015
      7.22003     83.81900     77.49177      6.32722
      7.23003     24.69726     22.74597      1.95129
      7.24003      2.95240      2.71537      0.23703
      7.25003      0.13423      0.12340      0.01083
      7.26003      0.00226      0.00208      0.00018
      7.27003      0.00000      0.00000      0.00000
      7.28003      0.00000      0.00000      0.00000
      7.29003      0.00000      0.00000      0.00000
      7.30003      0.00884      0.00494      0.00390
      7.31003      0.38279      0.21403      0.16876
      7.32003      6.09615      3.40851      2.68764
      7.33003     35.71510     19.96922     15.74588
      7.34003     76.97567     43.03905     33.93662
      7.35003     61.03242     34.12478     26.90764
      7.36003     17.80412      9.95499      7.84914
      7.37003      2.04227      1.15340      0.88888
      7.38003      3.43712      2.05386      1.38325
      7.39003     32.08468     17.47367     14.61101
      7.40003    114.97916     55.93493     59.04424
      7.41003    154.91171     66.03399     88.87772
      7.42003     78.48819     28.77152     49.71667
      7.43003     14.95086      4.63269     10.31817
      7.44003      1.34797      0.34033      1.00764
      7.45003      4.93028      1.13574      3.79454
      7.46003     31.55519      7.27207     24.28312
      7.47003     74.80676     17.22829     57.57847
      7.48003     67.12655     15.17843     51.94812
      7.49003     39.34245      6.40730     32.93515
      7.50003     64.45282      5.93103     58.52179
      7.51003     76.61930      6.64505     69.97426
      7.52003     34.74343      3.00743     31.73600
      7.53003      5.90986      0.56890      5.34097
      7.54003      2.82366      1.56921      1.25445
      7.55003     20.90984     13.03402      7.87582
      7.56003     65.14572     40.62168     24.52405
      7.57003     74.69543     46.57640     28.11903
      7.58003     31.50704     19.64625     11.86080
      7.59003      4.88908      3.04859      1.84049
      7.60003      0.27940      0.17431      0.10509
      7.61003      0.03291      0.02866      0.00426
      7.62003      0.89351      0.82575      0.06776
      7.63003     10.85606     10.03281      0.82324
      7.64003     48.52354     44.84388      3.67966
      7.65003     79.78817     73.73763      6.05054
      7.66003     48.26475     44.60471      3.66004
      7.67003     10.74056      9.92608      0.81448
      7.68003      0.87928      0.81261      0.06668
      7.69003      0.02678      0.02475      0.00204
      7.70003      0.02692      0.02447      0.00245
      7.71003      0.89027      0.80932      0.08095
      7.72003     10.82983      9.84506      0.98477
      7.73003     48.46496     44.05799      4.40697
      7.74003     79.78837     72.53312      7.25525
      7.75003     48.32333     43.92923      4.39409
      7.76003     10.76662      9.78760      0.97902
      7.77003      0.88249      0.80224      0.08025
      7.78003      0.02661      0.02419      0.00242
      7.79003      0.00000      0.00000      0.00000
      7.80003      0.00000      0.00000      0.00000
      7.81003      0.00000      0.00000      0.00000
      7.82003      0.02627      0.02972      0.00000
      7.83003      0.87398      0.98895      0.00000
      7.84003     10.69727     12.10449      0.00000
      7.85003     48.16721     54.50353      0.00000
      7.86003     79.78758     90.28352      0.00000
      7.87003     48.62397     55.02030      0.00000
      7.88003     11.06120     12.51120      0.00000
      7.89003      4.21339      4.66318      0.00000
      7.90003     25.07117     27.57986      0.00000
      7.91003     69.61412     76.57752      0.00000
      7.92003     71.18598     78.30659      0.00000
      7.93003     26.77928     29.45797      0.00000
      7.94003      3.70603      4.07674      0.00000
      7.95003      0.18868      0.20755      0.00000
      7.96003      0.00353      0.00389      0.00000
      7.97003      0.00000      0.00000      0.00000
      7.98003      0.00000      0.00000      0.00000
      7.99003      0.00157      0.00145      0.00012
      8.00003      0.09993      0.09256      0.00737
      8.01003      2.34892      2.17487      0.17405
      8.02003     20.43390     18.87903      1.55487
      8.03003     67.90848     61.93389      5.97459
      8.04003    101.34955     86.76668     14.58287
      8.05003    102.96467     76.16417     26.80049
      8.06003     75.30432     50.66327     24.64104
      8.07003     25.95743     17.06518      8.89225
      8.08003      3.46368      2.27108      1.19341
      8.09003      0.46876      0.44770      0.05902
      8.10003      5.12260      5.77369      0.00107
      8.11003     32.35261     36.47400      0.00000
      8.12003     75.21379     84.79525      0.00000
      8.13003     64.32668     72.52124      0.00000
      8.14003     20.23906     22.81731      0.00000
      8.15003      2.34258      2.64100      0.00000
      8.16003      0.09975      0.11246      0.00000
      8.17003      0.00156      0.00176      0.00000
      8.18003      0.00000      0.00000      0.00000
      8.19003      0.00000      0.00000      0.00000
      8.20003      0.00000      0.00000      0.00000
      8.21003      0.00206      0.00208      0.00000
      8.22003      0.12375      0.12510      0.00000
      8.23003      2.73845      2.76842      0.00000
      8.24003     22.29380     22.53774      0.00000
      8.25003     66.76804     67.49861      0.00000
      8.26003     73.56287     74.36778      0.00000
      8.27003     29.81665     30.14261      0.00029
      8.28003      4.47534      4.49773      0.02625
      8.29003      1.23742      0.37135      0.86874
      8.30003     12.80894      2.02422     10.78477
      8.31003     65.33195     14.06853     51.26342
      8.32003    138.24953     41.57325     96.67637
      8.33003    125.96098     50.19036     75.77450
      8.34003     54.62164     29.16284     25.52157
      8.35003     42.75295     39.45971      3.66692
      8.36003     77.14502     77.74240      0.22104
      8.37003     62.58676     63.05912      0.18704
      8.38003     28.67982     26.57983      2.29543
      8.39003     50.67695     39.46484     11.23342
      8.40003     94.09747     67.59633     26.50199
      8.41003    104.76201     58.94921     45.81282
      8.42003     90.26752     37.85781     52.40971
      8.43003     43.11634     16.44113     26.67521
      8.44003     17.15877      8.90589      8.25289
      8.45003     44.95800     29.11977     15.83827
      8.46003     79.81708     52.04102     27.77785
      8.47003     58.16383     38.77328     19.42320
      8.48003     56.55979     40.17055     16.60854
      8.49003    129.69310     82.31469     47.92032
      8.50003    145.89780     78.14459     68.24586
      8.51003     64.09587     28.22179     36.03894
      8.52003     11.05310      4.07613      7.00248
      8.53003      4.46781      4.07043      0.50054
      8.54003     27.04374     27.76487      0.01316
      8.55003     71.39675     73.33650      0.00000
      8.56003     69.38630     71.27144      0.00000
      8.57003     24.80702     25.48099      0.00000
      8.58003      3.26273      3.35137      0.00000
      8.59003      0.15787      0.16216      0.00000
      8.60003      0.00281      0.00289      0.00000
      8.61003      0.00000      0.00000      0.00000
      8.62003      0.00000      0.00000      0.00000
      8.63003      0.00000      0.00000      0.00000
      8.64003      0.00000      0.00000      0.00000
      8.65003      0.00000      0.00000      0.00000
      8.66003      0.00000      0.00000      0.00000
      8.67003      0.00000      0.00000      0.00000
      8.68003      0.00000      0.00000      0.00000
      8.69003      0.01527      0.00646      0.00880
      8.70003      0.58034      0.24573      0.33460
      8.71003      8.11614      3.43664      4.67950
      8.72003     41.75652     17.68107     24.07545
      8.73003     79.03231     33.46485     45.56746
      8.74003     55.02886     23.30101     31.72785
      8.75003     14.09554      5.96851      8.12703
      8.76003      1.32825      0.56242      0.76582
      8.77003      0.04665      0.02002      0.02663
      8.78003      0.04777      0.04071      0.00706
      8.79003      1.35258      1.15980      0.19278
      8.80003     14.26293     12.23007      2.03286
      8.81003     55.32982     47.44380      7.88602
      8.82003     78.96148     67.70729     11.25418
      8.83003     41.45499     35.54651      5.90848
      8.84003      8.00652      6.86537      1.14115
      8.85003      0.56887      0.48779      0.08108
      8.86003      0.01487      0.01275      0.00212
      8.87003      0.00319      0.00335      0.00000
      8.88003      0.17444      0.18307      0.00000
      8.89003      3.50423      3.67766      0.00000
      8.90003     25.89718     27.17885      0.00000
      8.91003     70.40784     73.89222      0.00011
      8.92003     70.46034     73.93670      0.00870
      8.93003     27.14034     28.16477      0.25786
      8.94003     16.91701     14.28040      2.81018
      8.95003     53.93755     42.67964     11.26655
      8.96003     79.29800     62.68115     16.61701
      8.97003     43.02414     34.00801      9.01613
      8.98003      8.58787      6.78819      1.79967
      8.99003      0.63061      0.49846      0.13215
      9.00003      0.01704      0.01347      0.00357
      9.01003      0.00000      0.00000      0.00000
      9.02003      0.00000      0.00000      0.00000
      9.03003      0.00000      0.00000      0.00000
      9.04003      0.00000      0.00000      0.00000
      9.05003      0.00478      0.00462      0.00017
      9.06003      0.24018      0.23088      0.00930
      9.07003      4.47964      4.26742      0.21222
      9.08003     31.93428     29.53274      2.40155
      9.09003     93.85130     79.57587     14.27544
      9.10003    131.65454     92.38510     39.26944
      9.11003     97.55060     53.90591     43.64469
      9.12003     34.82500     16.42633     18.39867
      9.13003      5.16034      2.28073      2.87961
      9.14003      0.29484      0.12870      0.16625
      9.15003      0.11741      0.12043      0.00353
      9.16003      2.53508      2.68453      0.00000
      9.17003     21.25703     22.51019      0.00000
      9.18003     65.57213     69.43781      0.00000
      9.19003     74.41176     78.79856      0.00000
      9.20003     31.06486     32.89623      0.00000
      9.21003      4.77093      5.05219      0.00000
      9.22003      0.26955      0.28544      0.00000
      9.23003      0.00560      0.00593      0.00000
      9.24003      0.00000      0.00000      0.00000
      9.25003      0.00000      0.00000      0.00000
      9.26003      0.00000      0.00000      0.00000
      9.27003      0.00000      0.00000      0.00000
      9.28003      0.00000      0.00000      0.00000
      9.29003      0.00000      0.00000      0.00000
      9.30003      0.00000      0.00000      0.00000
      9.31003      0.00000      0.00000      0.00000
      9.32003      0.00000      0.00000      0.00000
      9.33003      0.00000      0.00000      0.00000
      9.34003      0.00000      0.00000      0.00000
      9.35003      0.00000      0.00000      0.00000
      9.36003      0.00000      0.00000      0.00000
      9.37003      0.00000      0.00000      0.00000
      9.38003      0.00193      0.00180      0.00014
      9.39003      0.11784      0.10947      0.00838
      9.40003      2.64346      2.45555      0.18791
      9.41003     21.81424     20.26357      1.55067
      9.42003     66.22567     61.51790      4.70777
      9.43003     74.08203     68.80825      5.27378
      9.44003     33.24728     30.70323      2.54405
      9.45003     30.34886     26.52097      3.82788
      9.46003     93.96733     80.92230     13.04503
      9.47003    145.57777    124.71551     20.86226
      9.48003     99.33238     84.66485     14.66753
      9.49003     29.03656     24.65700      4.37956
      9.50003      3.44361      2.91803      0.52558
      9.51003      0.15818      0.13390      0.02428
      9.52003      0.00270      0.00228      0.00042
      9.53003      0.00000      0.00000      0.00000
      9.54003      0.00000      0.00000      0.00000
      9.55003      0.00000      0.00000      0.00000
      9.56003      0.00000      0.00000      0.00000
      9.57003      0.00000      0.00000      0.00000
      9.58003      0.00000      0.00000      0.00000
      9.59003      0.00000      0.00000      0.00000
      9.60003      0.00000      0.00000      0.00000
      9.61003      0.00000      0.00000      0.00000
      9.62003      0.00000      0.00000      0.00000
      9.63003      0.00000      0.00000      0.00000
      9.64003      0.00000      0.00000      0.00000
      9.65003      0.00000      0.00000      0.00000
      9.66003      0.00000      0.00000      0.00000
      9.67003      0.00000      0.00000      0.00000
      9.68003      0.00000      0.00000      0.00000
      9.69003      0.00000      0.00000      0.00000
      9.70003      0.00000      0.00000      0.00000
      9.71003      0.00000      0.00000      0.00000
      9.72003      0.00000      0.00000      0.00000
      9.73003      0.00000      0.00000      0.00000
      9.74003      0.00000      0.00000      0.00000
      9.75003      0.00000      0.00000      0.00000
      9.76003      0.00000      0.00000      0.00000
      9.77003      0.00000      0.00000      0.00000
      9.78003      0.00799      0.00372      0.00426
      9.79003      0.35407      0.16511      0.18896
      9.80003      5.77438      2.69269      3.08169
      9.81003     34.64426     16.15520     18.48906
      9.82003     76.46506     35.65694     40.80811
      9.83003     62.08694     28.95219     33.13476
      9.84003     18.57017      8.66840      9.90177
      9.85003      2.86675      1.63543      1.23132
      9.86003     10.40701      8.57293      1.83408
      9.87003     47.31640     39.11209      8.20431
      9.88003     79.76862     65.93808     13.83054
      9.89003     49.47311     40.89530      8.57781
      9.90003     11.28787      9.33074      1.95713
      9.91003      0.94782      0.78357      0.16427
      9.92003      0.06049      0.05782      0.00507
      9.93003      1.02103      1.09552      0.00228
      9.94003     12.52239     13.34789      0.07413
      9.95003     60.87507     63.84255      0.91117
      9.96003    127.69112    129.72274      4.12015
      9.97003    126.30534    123.04094      6.85384
