Energy-E_F (eV)    DOS (1/eV)    PDOS (1/eV)  of atom type H  C  
     -6.84746    196.78174      9.77527    187.00647
     -6.83746    295.33214     22.47663    272.85550
     -6.82746    236.25315     22.52407    213.72908
     -6.81746    124.82298      9.78171    115.04127
     -6.80746     91.16166      2.94969     88.21197
     -6.79746     64.28299      1.33548     62.94751
     -6.78746     83.21325      1.56820     81.64505
     -6.77746    135.11848      2.76509    132.35339
     -6.76746    164.31214      7.59439    156.71774
     -6.75746    236.18721     23.71932    212.46790
     -6.74746    305.11639     38.45801    266.65838
     -6.73746    218.39396     28.26337    190.13059
     -6.72746    119.20820      9.97850    109.22970
     -6.71746     97.52571      4.29180     93.23392
     -6.70746    119.13770      9.70783    109.42988
     -6.69746    209.16176     18.09069    191.07107
     -6.68746    204.70741     13.99023    190.71718
     -6.67746    104.85276      6.92390     97.92886
     -6.66746    130.46675     14.86344    115.60331
     -6.65746    235.01317     27.50452    207.50865
     -6.64746    176.50455     19.44613    157.05842
     -6.63746     75.13407      5.50738     69.62669
     -6.62746    112.36643      2.26919    110.09724
     -6.61746    162.74268      3.60151    159.14117
     -6.60746    125.31514      9.10684    116.20830
     -6.59746    146.53944     22.18105    124.35840
     -6.58746    222.00853     30.54746    191.46108
     -6.57746    219.28406     26.62702    192.65704
     -6.56746    144.33180     15.66760    128.66420
     -6.55746    108.89364      6.28683    102.60681
     -6.54746    148.40149      3.16984    145.23165
     -6.53746    138.36292      3.67962    134.68330
     -6.52746    115.90148     13.06766    102.83382
     -6.51746    203.58464     33.01099    170.57366
     -6.50746    226.26972     33.09328    193.17644
     -6.49746    136.91309     16.26800    120.64509
     -6.48746    110.94352     10.35954    100.58398
     -6.47746    133.28414      7.35190    125.93224
     -6.46746    171.11180      5.63603    165.47578
     -6.45746    179.46665     13.52413    165.94253
     -6.44746    195.30254     28.88883    166.41371
     -6.43746    188.38971     26.92254    161.46717
     -6.42746    160.12675     16.33552    143.79123
     -6.41746    204.83902     27.82305    177.01597
     -6.40746    272.03121     43.07538    228.95583
     -6.39746    265.53044     35.84201    229.68844
     -6.38746    274.92839     24.92364    250.00475
     -6.37746    228.27042     17.65683    210.61360
     -6.36746    130.33971     12.40832    117.93140
     -6.35746     69.63048      5.99166     63.63882
     -6.34746     87.76304      4.56296     83.20008
     -6.33746    123.60571     11.11545    112.49026
     -6.32746    111.79818     15.72864     96.06954
     -6.31746     85.15717      9.32506     75.83212
     -6.30746    129.83488      4.08724    125.74764
     -6.29746    176.65351      6.52588    170.12763
     -6.28746    148.61785     13.15361    135.46424
     -6.27746    122.53861     18.02242    104.51619
     -6.26746    191.07304     29.58306    161.48998
     -6.25746    315.94246     44.19938    271.74308
     -6.24746    303.10567     41.34992    261.75575
     -6.23746    258.74567     40.91024    217.83542
     -6.22746    256.12424     39.16057    216.96367
     -6.21746    224.29860     26.77923    197.51938
     -6.20746    170.30757     14.16800    156.13957
     -6.19746    162.85494     16.22535    146.62959
     -6.18746    174.03918     22.55844    151.48074
     -6.17746    117.92754     14.85171    103.07582
     -6.16746     91.61873      9.19336     82.42537
     -6.15746    154.88982     17.46082    137.42899
     -6.14746    174.14418     19.94766    154.19652
     -6.13746    140.83767     10.95762    129.88006
     -6.12746    146.63414     12.48031    134.15383
     -6.11746    214.69247     22.71816    191.97431
     -6.10746    197.17842     18.27616    178.90227
     -6.09746     83.15047      5.80927     77.34119
     -6.08746     16.13526      0.78987     15.34539
     -6.07746     16.20461      0.84538     15.35922
     -6.06746     96.73256      6.56059     90.17197
     -6.05746    263.05078     22.62174    240.42904
     -6.04746    324.91123     35.23498    289.67625
     -6.03746    208.34987     28.01361    180.33626
     -6.02746     91.72547     13.33393     78.39154
     -6.01746    106.51777     10.32982     96.18796
     -6.00746    235.70640     17.97551    217.73088
     -5.99746    308.03022     19.75603    288.27419
     -5.98746    235.23626     12.85767    222.37859
     -5.97746    104.72317      5.51219     99.21098
     -5.96746     84.59488      8.40712     76.18776
     -5.95746    192.38836     23.73329    168.65507
     -5.94746    249.88768     34.66572    215.22196
     -5.93746    182.79776     26.32951    156.46825
     -5.92746     83.35606     11.02041     72.33565
     -5.91746     54.32596      7.46432     46.86164
     -5.90746    158.27132     23.68489    134.58643
     -5.89746    270.32465     40.73251    229.59215
     -5.88746    249.89410     36.11380    213.78030
     -5.87746    211.84821     29.96086    181.88735
     -5.86746    171.40298     24.55685    146.84614
     -5.85746    124.42070     13.96392    110.45678
     -5.84746    137.69331      9.09416    128.59915
     -5.83746    155.78002     12.73487    143.04515
     -5.82746    134.95575     19.85995    115.09581
     -5.81746    159.76553     29.36286    130.40267
     -5.80746    234.91111     31.77241    203.13870
     -5.79746    317.12055     30.49901    286.62154
     -5.78746    286.08086     24.77891    261.30194
     -5.77746    125.76652     10.60010    115.16642
     -5.76746     31.16171      2.73282     28.42889
     -5.75746     48.74972      4.97806     43.77165
     -5.74746    117.95914     12.24903    105.71010
     -5.73746    188.58186     20.96641    167.61544
     -5.72746    224.98767     24.65069    200.33698
     -5.71746    204.10080     17.80904    186.29176
     -5.70746    147.82637     12.58556    135.24080
     -5.69746    103.14423     14.62849     88.51574
     -5.68746    156.75320     25.02135    131.73185
     -5.67746    220.47073     26.25869    194.21204
     -5.66746    186.54679     19.77759    166.76920
     -5.65746    199.11953     27.70057    171.41896
     -5.64746    255.30605     33.81147    221.49458
     -5.63746    241.58962     22.80718    218.78245
     -5.62746    291.25540     23.08320    268.17220
     -5.61746    362.68953     32.75358    329.93595
     -5.60746    306.90811     31.83908    275.06903
     -5.59746    338.39078     42.50623    295.88455
     -5.58746    554.05757     72.36386    481.69370
     -5.57746    711.07232     90.56834    620.50398
     -5.56746    694.37998     89.94894    604.43104
     -5.55746    639.85908     79.05423    560.80485
     -5.54746    586.21958     63.45121    522.76837
     -5.53746    544.69121     59.84823    484.84298
     -5.52746    505.64621     55.61421    450.03200
     -5.51746    455.09882     46.82918    408.26964
     -5.50746    441.46504     43.59689    397.86815
     -5.49746    520.45986     55.15860    465.30125
     -5.48746    488.85215     59.22792    429.62423
     -5.47746    303.80879     45.76057    258.04822
     -5.46746    259.85675     46.67037    213.18638
     -5.45746    274.66552     41.63296    233.03256
     -5.44746    210.66842     24.32351    186.34491
     -5.43746    166.98817     18.04634    148.94183
     -5.42746    143.62065     23.05036    120.57029
     -5.41746     89.64932     19.98529     69.66403
     -5.40746     86.82234     22.72320     64.09914
     -5.39746    168.63843     43.22061    125.41782
     -5.38746    248.37808     53.41514    194.96294
     -5.37746    300.73367     42.63157    258.10210
     -5.36746    326.59093     38.64366    287.94727
     -5.35746    269.29295     38.69930    230.59365
     -5.34746    149.28392     23.38566    125.89826
     -5.33746     51.84323      7.49768     44.34555
     -5.32746     30.51136      1.57744     28.93393
     -5.31746     67.94186      1.41163     66.53023
     -5.30746     75.90502      1.53542     74.36961
     -5.29746     55.59063      1.67195     53.91868
     -5.28746    103.77289      5.96244     97.81045
     -5.27746    152.97491     12.22254    140.75237
     -5.26746    108.05504      9.84636     98.20868
     -5.25746     78.53650      3.90012     74.63638
     -5.24746     81.36323      1.87972     79.48352
     -5.23746     42.06837      0.87136     41.19701
     -5.22746     12.22223      0.68718     11.53506
     -5.21746     32.72612      3.83426     28.89187
     -5.20746    113.16033     11.25366    101.90667
     -5.19746    220.88695     16.98675    203.90020
     -5.18746    252.56066     17.23301    235.32765
     -5.17746    141.01999      9.86799    131.15200
     -5.16746     32.85423      2.39662     30.45761
     -5.15746      3.13984      0.22506      2.91478
     -5.14746      3.41557      0.07411      3.34146
     -5.13746     25.36977      0.51836     24.85141
     -5.12746     77.00669      1.84430     75.16239
     -5.11746    130.42439      5.86539    124.55900
     -5.10746    210.64189     17.07721    193.56468
     -5.09746    226.75743     23.31438    203.44305
     -5.08746    106.96961     12.30663     94.66298
     -5.07746     33.32439      2.71381     30.61057
     -5.06746     56.22055      1.28365     54.93690
     -5.05746     79.11584      1.59540     77.52044
     -5.04746     42.35387      0.85426     41.49961
     -5.03746     15.64187      0.42817     15.21370
     -5.02746     51.04591      2.47921     48.56670
     -5.01746    139.64128      9.00134    130.63994
     -5.00746    179.81742     12.91150    166.90592
     -4.99746    137.88698      7.79819    130.08879
     -4.98746     66.90396      2.33677     64.56719
     -4.97746     15.84449      0.39102     15.45347
     -4.96746      1.75504      0.03737      1.71767
     -4.95746      5.00342      0.10573      4.89768
     -4.94746     39.29122      0.95924     38.33198
     -4.93746    132.83983      4.50573    128.33410
     -4.92746    207.33895     11.00548    196.33347
     -4.91746    154.63287     12.14268    142.49020
     -4.90746     52.84246      5.36833     47.47413
     -4.89746     11.06916      0.97116     10.09800
     -4.88746     26.26278      0.58800     25.67477
     -4.87746     71.03632      1.50521     69.53111
     -4.86746     80.58051      2.26047     78.32004
     -4.85746     84.79770      4.91420     79.88350
     -4.84746    156.80468     10.78804    146.01664
     -4.83746    204.04026     15.13731    188.90295
     -4.82746    164.02420     12.86995    151.15425
     -4.81746    115.93725      6.09871    109.83853
     -4.80746     70.01288      2.00911     68.00377
     -4.79746     20.84506      0.46389     20.38117
     -4.78746      4.11432      0.08564      4.02867
     -4.77746     19.02681      0.39537     18.63144
     -4.76746     85.27500      2.03136     83.24364
     -4.75746    173.73613      6.30148    167.43464
     -4.74746    183.49266     11.84262    171.65003
     -4.73746    113.76446     10.88016    102.88429
     -4.72746     93.13866      7.23306     85.90560
     -4.71746    208.07549     10.04288    198.03261
     -4.70746    382.06297     13.64777    368.41520
     -4.69746    493.53109     14.73881    478.79228
     -4.68746    475.29377     13.05011    462.24366
     -4.67746    449.97640     11.88960    438.08680
     -4.66746    438.21961     14.89347    423.32614
     -4.65746    379.86273     18.87425    360.98849
     -4.64746    289.77318     15.11463    274.65855
     -4.63746    218.35059      8.22538    210.12521
     -4.62746    170.91988      5.01583    165.90405
     -4.61746    134.92866      3.81853    131.11013
     -4.60746    148.20704      4.69367    143.51337
     -4.59746    218.68737      8.59707    210.09031
     -4.58746    270.66304     11.85033    258.81270
     -4.57746    261.17942     13.63808    247.54134
     -4.56746    262.20339     16.28211    245.92127
     -4.55746    216.14395     11.76350    204.38045
     -4.54746    120.40577      4.70568    115.70009
     -4.53746     90.87555      2.63169     88.24386
     -4.52746     85.55233      2.27209     83.28024
     -4.51746     88.43004      1.99843     86.43161
     -4.50746    139.79468      3.29969    136.49499
     -4.49746    191.25256      6.48771    184.76486
     -4.48746    224.65308     12.93638    211.71670
     -4.47746    246.74756     18.08669    228.66087
     -4.46746    235.37380     14.55209    220.82171
     -4.45746    169.26712      7.17731    162.08980
     -4.44746    102.28809      2.99304     99.29505
     -4.43746     79.73821      2.11525     77.62296
     -4.42746     85.35096      2.31466     83.03630
     -4.41746     69.10499      2.12922     66.97576
     -4.40746    120.45912      5.69611    114.76301
     -4.39746    234.85177     13.58407    221.26770
     -4.38746    247.05765     14.06538    232.99228
     -4.37746    142.35480      6.60029    135.75450
     -4.36746     82.23097      3.48014     78.75083
     -4.35746    137.25660      6.67565    130.58095
     -4.34746    149.30641      7.45529    141.85112
     -4.33746     74.98764      3.45597     71.53167
     -4.32746     82.02326      2.99265     79.03061
     -4.31746    192.01388      9.31713    182.69675
     -4.30746    293.75471     15.87141    277.88329
     -4.29746    261.19700     11.76752    249.42948
     -4.28746    143.52983      4.33793    139.19191
     -4.27746    105.16313      2.37829    102.78484
     -4.26746    149.57195      3.23306    146.33889
     -4.25746    132.84808      3.03969    129.80839
     -4.24746    114.53211      4.60914    109.92296
     -4.23746    203.59900     10.63603    192.96298
     -4.22746    312.92540     17.07882    295.84658
     -4.21746    340.14696     16.57923    323.56772
     -4.20746    204.45557      7.96485    196.49071
     -4.19746     67.39464      2.04260     65.35203
     -4.18746     61.40760      1.58518     59.82241
     -4.17746     96.75694      2.35437     94.40258
     -4.16746    108.05811      2.30032    105.75779
     -4.15746    128.72495      3.58462    125.14033
     -4.14746    185.66524      9.52682    176.13842
     -4.13746    261.63435     16.57828    245.05608
     -4.12746    267.41510     15.28539    252.12971
     -4.11746    200.19629      8.64527    191.55102
     -4.10746    138.38239      3.81938    134.56301
     -4.09746    135.96535      2.81929    133.14607
     -4.08746    125.78751      2.84447    122.94304
     -4.07746     81.09541      2.54084     78.55457
     -4.06746     99.09286      6.02950     93.06337
     -4.05746    186.13001     12.83504    173.29497
     -4.04746    209.86977     12.02915    197.84061
     -4.03746    183.62704      6.53633    177.09072
     -4.02746    170.45198      5.57173    164.88025
     -4.01746    184.46886      7.30202    177.16684
     -4.00746    159.89506      5.80280    154.09226
     -3.99746    155.52648      4.54420    150.98228
     -3.98746    187.41789      7.36076    180.05713
     -3.97746    182.72750     12.11948    170.60802
     -3.96746    179.33044     11.80168    167.52876
     -3.95746    164.05062      6.38463    157.66598
     -3.94746    148.12696      3.66139    144.46558
     -3.93746    121.48721      2.85000    118.63721
     -3.92746     81.82086      2.80890     79.01196
     -3.91746     87.69610      5.08547     82.61063
     -3.90746    123.40606      8.29144    115.11462
     -3.89746    167.18890     12.36342    154.82548
     -3.88746    146.27415     11.41086    134.86329
     -3.87746     53.80332      4.34011     49.46321
     -3.86746      7.44265      0.61784      6.82481
     -3.85746      0.46196      0.03437      0.42759
     -3.84746      2.23897      0.06739      2.17158
     -3.83746     24.22579      0.98490     23.24089
     -3.82746    109.60160      6.08709    103.51451
     -3.81746    214.01823     15.16136    198.85687
     -3.80746    179.25054     14.67649    164.57406
     -3.79746     62.35012      5.40259     56.94753
     -3.78746     17.65925      0.91883     16.74042
     -3.77746     58.97465      1.14985     57.82479
     -3.76746    151.45472      2.90508    148.54964
     -3.75746    201.25592      4.54338    196.71254
     -3.74746    240.56125      8.97289    231.58836
     -3.73746    281.64861     14.76215    266.88646
     -3.72746    225.24482     12.61287    212.63195
     -3.71746    150.07355      7.86215    142.21140
     -3.70746    138.12501      5.41255    132.71246
     -3.69746    171.33866      4.16054    167.17812
     -3.68746    155.36122      3.27949    152.08172
     -3.67746    134.06115      4.34269    129.71846
     -3.66746    176.75101     10.17922    166.57179
     -3.65746    190.79617     13.00092    177.79525
     -3.64746    135.31854      7.37004    127.94849
     -3.63746    120.97228      4.00488    116.96740
     -3.62746    137.06642      5.22398    131.84243
     -3.61746    134.90186      5.46369    129.43817
     -3.60746    168.27078      5.22207    163.04871
     -3.59746    231.35180      9.14778    222.20401
     -3.58746    229.34068     13.59510    215.74558
     -3.57746    125.65569      9.25326    116.40243
     -3.56746     38.82688      2.63809     36.18878
     -3.55746     58.47629      1.53558     56.94071
     -3.54746    156.51001      4.20517    152.30484
     -3.53746    232.43432      7.67750    224.75682
     -3.52746    228.75995     10.28059    218.47935
     -3.51746    198.60640     13.22347    185.38292
     -3.50746    157.10830     11.10254    146.00576
     -3.49746    109.11956      4.93688    104.18268
     -3.48746     65.59220      1.68096     63.91124
     -3.47746     74.42644      1.50336     72.92308
     -3.46746    100.88298      2.85115     98.03183
     -3.45746    165.02646      8.37560    156.65086
     -3.44746    292.50595     16.91218    275.59377
     -3.43746    277.24175     14.81219    262.42956
     -3.42746    162.67675      6.22284    156.45392
     -3.41746     84.04685      2.04654     82.00031
     -3.40746     29.56024      0.66617     28.89407
     -3.39746     35.01353      1.55139     33.46213
     -3.38746    137.34181      7.61367    129.72814
     -3.37746    296.33528     16.62886    279.70642
     -3.36746    326.73887     15.77899    310.95988
     -3.35746    169.88364      6.63182    163.25182
     -3.34746     60.33150      1.71869     58.61281
     -3.33746     74.07641      1.80236     72.27405
     -3.32746     88.98253      3.73892     85.24361
     -3.31746    106.44658      9.02355     97.42304
     -3.30746    187.61653     13.56854    174.04799
     -3.29746    256.35095     11.57224    244.77871
     -3.28746    204.84940      6.89218    197.95722
     -3.27746    125.22997      3.39281    121.83716
     -3.26746    133.55653      3.77701    129.77953
     -3.25746    161.98739      8.16765    153.81974
     -3.24746    149.66437     12.33986    137.32450
     -3.23746    111.38246      9.30551    102.07695
     -3.22746    169.44318      6.94305    162.50013
     -3.21746    238.20040      7.16374    231.03666
     -3.20746    172.02175      5.06820    166.95355
     -3.19746    143.74091      7.17452    136.56639
     -3.18746    173.95358     12.50442    161.44917
     -3.17746    158.79186     10.50992    148.28194
     -3.16746    121.52113      5.43913    116.08200
     -3.15746    118.02900      4.71380    113.31520
     -3.14746    159.90866      5.93923    153.96943
     -3.13746    220.25450      9.79510    210.45940
     -3.12746    213.72090     13.54023    200.18067
     -3.11746    179.19222     10.17418    169.01804
     -3.10746    199.99303      6.44202    193.55101
     -3.09746    200.96223      6.37825    194.58398
     -3.08746    196.39005      8.39976    187.99029
     -3.07746    181.78213     11.87340    169.90873
     -3.06746    173.60256     12.62525    160.97731
     -3.05746    177.16515      8.06346    169.10169
     -3.04746    282.85992      8.20973    274.65020
     -3.03746    391.82874     12.19071    379.63804
     -3.02746    284.02087     13.41822    270.60265
     -3.01746    143.17993     13.01853    130.16140
     -3.00746     65.56460      7.60328     57.96132
     -2.99746     55.61451      2.84051     52.77400
     -2.98746    130.00046      4.49830    125.50216
     -2.97746    183.64031      9.98010    173.66021
     -2.96746    148.93309     13.26651    135.66658
     -2.95746     72.51571      8.48707     64.02864
     -2.94746     27.99938      2.72522     25.27417
     -2.93746     68.39831      3.71935     64.67896
     -2.92746    184.01557     10.65584    173.35973
     -2.91746    257.43440     14.94144    242.49296
     -2.90746    193.50706      9.43738    184.06968
     -2.89746     96.59925      3.83087     92.76839
     -2.88746    100.04590      6.13332     93.91258
     -2.87746    144.02074     12.39939    131.62135
     -2.86746    107.63114     11.44841     96.18273
     -2.85746     51.69751      4.99992     46.69760
     -2.84746     92.44627      5.07726     87.36901
     -2.83746    205.15334     11.95468    193.19866
     -2.82746    241.80187     14.40502    227.39685
     -2.81746    184.13713      8.44940    175.68774
     -2.80746    146.48321      6.24921    140.23400
     -2.79746    146.16294     10.76914    135.39380
     -2.78746    123.41668     12.55013    110.86656
     -2.77746     99.94277      8.17836     91.76441
     -2.76746    144.24185      7.88015    136.36170
     -2.75746    205.97096     12.90568    193.06528
     -2.74746    210.63655     13.63632    197.00024
     -2.73746    200.44705      9.52880    190.91824
     -2.72746    200.37723     10.35391    190.02332
     -2.71746    192.10477     14.16692    177.93786
     -2.70746    155.47997     11.38622    144.09376
     -2.69746    149.95918     10.21960    139.73958
     -2.68746    233.47360     15.50224    217.97135
     -2.67746    257.20709     14.70078    242.50632
     -2.66746    242.63425     13.57839    229.05586
     -2.65746    301.87437     17.71122    284.16316
     -2.64746    337.93871     17.40136    320.53735
     -2.63746    280.55947     16.43725    264.12222
     -2.62746    181.73538     15.02417    166.71122
     -2.61746    130.01011     12.17198    117.83812
     -2.60746    168.55485     14.01965    154.53520
     -2.59746    162.59567     14.01712    148.57855
     -2.58746    145.62782     14.61733    131.01049
     -2.57746    179.67046     15.93380    163.73667
     -2.56746    196.46000     17.41000    179.05000
     -2.55746    170.75123     19.20373    151.54749
     -2.54746    188.14252     23.15787    164.98465
     -2.53746    257.24492     28.10567    229.13925
     -2.52746    266.69126     26.88881    239.80245
     -2.51746    165.85514     15.68866    150.16648
     -2.50746    101.20478      5.04899     96.15578
     -2.49746     80.18479      1.34895     78.83584
     -2.48746     37.75035      0.44782     37.30252
     -2.47746     44.15826      0.62854     43.52971
     -2.46746    152.27294      2.26991    150.00303
     -2.45746    272.86787      4.05513    268.81274
     -2.44746    232.19879      3.37405    228.82473
     -2.43746    108.26643      1.51022    106.75622
     -2.42746    108.97941      1.43715    107.54226
     -2.41746    160.69314      2.12155    158.57159
     -2.40746    108.66068      1.49289    107.16780
     -2.39746     77.18208      1.27131     75.91077
     -2.38746    134.85875      2.24379    132.61496
     -2.37746    190.36616      2.98043    187.38572
     -2.36746    202.77789      3.69753    199.08035
     -2.35746    202.97447      5.08904    197.88543
     -2.34746    156.90058      4.40658    152.49400
     -2.33746    115.22737      2.49377    112.73360
     -2.32746    201.80239      3.23291    198.56948
     -2.31746    221.17790      3.46256    217.71535
     -2.30746     95.41391      1.51006     93.90385
     -2.29746     41.96310      0.96730     40.99580
     -2.28746    215.02031      6.08116    208.93915
     -2.27746    731.85470     21.34663    710.50807
     -2.26746   1203.95383     35.27362   1168.68022
     -2.25746   1133.74924     32.63858   1101.11066
     -2.24746    752.92176     21.62784    731.29392
     -2.23746    467.62711     13.46890    454.15822
     -2.22746    433.97440     11.79750    422.17690
     -2.21746    497.31381     13.20209    484.11172
     -2.20746    425.79711     11.08392    414.71319
     -2.19746    371.97659      9.26646    362.71013
     -2.18746    465.56918     12.12881    453.44037
     -2.17746    506.64606     13.59688    493.04918
     -2.16746    357.39511      9.04178    348.35333
     -2.15746    184.20783      4.02977    180.17806
     -2.14746    105.30056      1.74501    103.55555
     -2.13746     80.26895      1.10988     79.15907
     -2.12746     34.81928      0.46823     34.35105
     -2.11746     22.16481      0.29544     21.86937
     -2.10746     78.07608      1.05092     77.02516
     -2.09746    146.72340      2.00623    144.71717
     -2.08746    115.00999      1.59845    113.41154
     -2.07746     37.39931      0.52701     36.87230
     -2.06746      9.15575      0.13344      9.02231
     -2.05746     31.09833      0.46180     30.63653
     -2.04746     89.70251      1.29763     88.40488
     -2.03746    126.68094      1.72547    124.95547
     -2.02746    100.83044      1.28222     99.54822
     -2.01746     45.51356      0.58117     44.93239
     -2.00746     55.94067      0.96473     54.97594
     -1.99746    217.83045      4.18043    213.65001
     -1.98746    504.73313     10.17348    494.55966
     -1.97746    719.21859     14.63033    704.58827
     -1.96746    753.13573     14.92657    738.20917
     -1.95746    621.23817     12.03184    609.20633
     -1.94746    456.54940      8.80950    447.73990
     -1.93746    450.52648      8.68011    441.84638
     -1.92746    566.04476     11.00371    555.04105
     -1.91746    562.47893     10.91708    551.56185
     -1.90746    487.38890      9.11423    478.27467
     -1.89746    557.08485      9.84952    547.23533
     -1.88746    586.01364     10.30685    575.70679
     -1.87746    405.92469      7.31434    398.61035
     -1.86746    256.09995      4.73640    251.36355
     -1.85746    229.19151      4.14974    225.04177
     -1.84746    193.77795      3.16667    190.61128
     -1.83746    175.90544      2.41097    173.49447
     -1.82746    163.04562      2.19801    160.84761
     -1.81746    126.56155      1.84276    124.71879
     -1.80746     82.91785      1.25771     81.66015
     -1.79746     44.91530      0.62684     44.28846
     -1.78746     81.58446      0.98664     80.59781
     -1.77746    145.73624      1.80090    143.93535
     -1.76746    114.84651      1.47022    113.37629
     -1.75746     38.14633      0.50180     37.64454
     -1.74746     10.37825      0.12914     10.24910
     -1.73746     38.04404      0.44502     37.59902
     -1.72746    110.23682      1.31838    108.91844
     -1.71746    142.24188      1.75391    140.48797
     -1.70746     90.25209      1.13394     89.11815
     -1.69746     64.07091      0.76026     63.31065
     -1.68746     99.83605      1.14254     98.69351
     -1.67746    131.52147      1.52342    129.99805
     -1.66746    150.57183      1.79699    148.77485
     -1.65746    116.00293      1.42385    114.57908
     -1.64746     45.14938      0.56300     44.58638
     -1.63746     21.42963      0.25335     21.17628
     -1.62746     86.93197      1.00114     85.93082
     -1.61746    205.68992      2.39323    203.29669
     -1.60746    198.54699      2.34486    196.20213
     -1.59746     79.97051      0.96029     79.01021
     -1.58746     17.44360      0.21091     17.23269
     -1.57746     38.28100      0.45038     37.83062
     -1.56746    129.53828      1.51741    128.02087
     -1.55746    186.62811      2.17604    184.45206
     -1.54746    146.63136      1.70076    144.93060
     -1.53746     88.28910      1.04249     87.24660
     -1.52746     77.55628      0.98596     76.57032
     -1.51746    108.56692      1.34749    107.21943
     -1.50746    116.32446      1.29223    115.03222
     -1.49746     98.59406      1.07009     97.52397
     -1.48746    114.68302      1.44780    113.23522
     -1.47746    156.44674      2.02699    154.41975
     -1.46746    111.66662      1.38069    110.28592
     -1.45746     72.89705      0.75599     72.14107
     -1.44746    117.55004      1.22624    116.32380
     -1.43746    136.08131      1.65071    134.43060
     -1.42746     80.54897      1.09028     79.45868
     -1.41746     50.58420      0.62385     49.96035
     -1.40746     99.92038      1.03531     98.88507
     -1.39746    138.51267      1.25568    137.25699
     -1.38746     94.53412      0.74422     93.78990
     -1.37746     33.93124      0.25590     33.67534
     -1.36746     43.44248      0.40454     43.03794
     -1.35746    130.93561      1.19125    129.74436
     -1.34746    203.65097      1.88926    201.76171
     -1.33746    256.95380      2.79313    254.16067
     -1.32746    294.25466      3.44936    290.80530
     -1.31746    198.69889      2.19074    196.50814
     -1.30746     90.78592      0.91430     89.87162
     -1.29746    125.71667      1.48511    124.23156
     -1.28746    221.31330      2.89262    218.42068
     -1.27746    212.86000      2.82071    210.03929
     -1.26746    185.13576      1.94518    183.19058
     -1.25746    167.87290      1.45656    166.41634
     -1.24746    129.64068      1.32501    128.31567
     -1.23746    160.16517      1.90164    158.26353
     -1.22746    136.30080      1.52773    134.77307
     -1.21746     79.28673      0.60566     78.68107
     -1.20746    113.89972      0.74519    113.15453
     -1.19746    177.89986      1.94024    175.95962
     -1.18746    172.52634      2.55168    169.97466
     -1.17746     80.90357      1.36371     79.53986
     -1.16746     17.38842      0.31880     17.06962
     -1.15746     18.64596      0.38917     18.25679
     -1.14746     63.34283      1.30665     62.03618
     -1.13746    100.56862      1.89174     98.67688
     -1.12746    104.42836      1.53548    102.89287
     -1.11746     82.70963      1.03064     81.67899
     -1.10746     55.76936      0.90108     54.86828
     -1.09746     75.28682      1.56458     73.72224
     -1.08746     70.10942      1.49190     68.61752
     -1.07746     29.28851      0.58748     28.70104
     -1.06746     37.14220      0.52200     36.62020
     -1.05746    110.23547      1.63566    108.59981
     -1.04746    147.97881      2.46428    145.51454
     -1.03746     82.98624      1.52761     81.45863
     -1.02746     20.27063      0.40264     19.86799
     -1.01746     15.42949      0.33068     15.09880
     -1.00746     59.24467      1.23190     58.01277
     -0.99746    113.02425      2.09904    110.92521
     -0.98746    119.23139      1.77695    117.45443
     -0.97746     74.67260      0.94672     73.72588
     -0.96746     43.67400      0.74939     42.92461
     -0.95746     70.60200      1.53067     69.07133
     -0.94746     73.14020      1.60094     71.53926
     -0.93746     38.47109      0.73644     37.73466
     -0.92746     57.63046      0.75187     56.87859
     -0.91746    119.45027      1.74573    117.70453
     -0.90746    128.93656      2.29078    126.64578
     -0.89746     69.08783      1.40227     67.68556
     -0.88746     18.16812      0.39196     17.77616
     -0.87746     20.20405      0.42783     19.77622
     -0.86746     78.33006      1.53293     76.79714
     -0.85746    140.79213      2.41828    138.37385
     -0.84746    114.00942      1.66241    112.34702
     -0.83746     45.82890      0.63179     45.19710
     -0.82746     39.23934      0.82436     38.41498
     -0.81746     76.56946      1.72901     74.84045
     -0.80746     70.62490      1.51625     69.10866
     -0.79746     60.00615      0.88502     59.12114
     -0.78746     95.72623      1.21764     94.50859
     -0.77746    114.96139      1.91568    113.04571
     -0.76746     94.21362      1.96629     92.24733
     -0.75746     41.81772      0.93874     40.87898
     -0.74746     16.59014      0.34401     16.24614
     -0.73746     59.88604      1.08631     58.79974
     -0.72746    145.09170      2.48634    142.60536
     -0.71746    133.50567      2.15750    131.34816
     -0.70746     48.57581      0.75834     47.81748
     -0.69746     26.68704      0.57100     26.11603
     -0.68746     66.79037      1.54349     65.24688
     -0.67746     91.47066      1.92669     89.54397
     -0.66746     91.95748      1.36499     90.59250
     -0.65746     94.45013      1.17487     93.27526
     -0.64746     88.25472      1.58093     86.67379
     -0.63746     86.51423      1.96485     84.54938
     -0.62746     48.98278      1.13718     47.84560
     -0.61746     32.76140      0.56064     32.20075
     -0.60746     97.23996      1.51518     95.72478
     -0.59746    156.33779      2.64984    153.68795
     -0.58746     97.36879      1.79144     95.57735
     -0.57746     27.97938      0.57274     27.40664
     -0.56746     35.80472      0.82835     34.97637
     -0.55746     96.14793      2.02720     94.12073
     -0.54746    131.75502      2.23843    129.51660
     -0.53746     99.28468      1.32649     97.95818
     -0.52746     60.97492      1.04455     59.93038
     -0.51746     77.29898      1.83686     75.46212
     -0.50746     76.17871      1.77427     74.40444
     -0.49746     66.82541      1.05928     65.76613
     -0.48746    109.38109      1.51427    107.86682
     -0.47746    130.46227      2.36321    128.09906
     -0.46746     84.72316      1.87696     82.84620
     -0.45746     34.17775      0.78288     33.39488
     -0.44746     61.74423      1.16244     60.58179
     -0.43746    145.69980      2.57580    143.12400
     -0.42746    134.97096      2.27692    132.69404
     -0.41746     55.09900      0.96800     54.13101
     -0.40746     52.73484      1.25059     51.48424
     -0.39746    103.77430      2.27676    101.49754
     -0.38746    123.42679      2.03078    121.39602
     -0.37746    102.34288      1.43086    100.91202
     -0.36746     89.64197      1.86489     87.77708
     -0.35746     88.20575      2.13770     86.06805
     -0.34746     79.66066      1.44320     78.21746
     -0.33746    119.08249      1.77942    117.30307
     -0.32746    137.23384      2.58333    134.65051
     -0.31746     83.69678      1.87755     81.81923
     -0.30746     62.77470      1.23263     61.54206
     -0.29746    133.44930      2.35557    131.09373
     -0.28746    149.89757      2.70045    147.19712
     -0.27746     78.25411      1.52276     76.73135
     -0.26746     87.88542      1.84749     86.03793
     -0.25746    150.84894      2.79927    148.04968
     -0.24746    126.78337      2.10805    124.67532
     -0.23746     95.81716      1.92659     93.89057
     -0.22746    134.88666      2.70954    132.17712
     -0.21746    141.58991      2.35307    139.23684
     -0.20746    121.07276      2.26188    118.81088
     -0.19746    139.77281      2.79255    136.98026
     -0.18746    148.76788      2.49449    146.27339
     -0.17746    151.76001      2.73352    149.02648
     -0.16746    170.13589      3.04223    167.09366
     -0.15746    173.91547      2.82679    171.08868
     -0.14746    203.61677      3.38625    200.23052
     -0.13746    212.41389      3.35819    209.05570
     -0.12746    183.78852      3.23519    180.55334
     -0.11746    129.06067      2.95762    126.10305
     -0.10746     96.41269      2.69797     93.71471
     -0.09746     98.25212      2.88128     95.37084
     -0.08746     98.46959      2.90086     95.56873
     -0.07746    107.95277      3.18427    104.76850
     -0.06746    112.15859      3.30945    108.84914
     -0.05746    116.02174      3.42169    112.60005
     -0.04746    123.67307      3.64091    120.03216
     -0.03746    136.90386      4.01825    132.88562
     -0.02746    145.14336      4.24144    140.90191
     -0.01746    135.69051      3.94197    131.74854
     -0.00746    116.44151      3.35233    113.08918
      0.00254     89.00895      2.54532     86.46363
      0.01254     37.30611      1.06472     36.24139
      0.02254      6.31871      0.18027      6.13844
      0.03254      0.40073      0.01143      0.38930
      0.04254      0.00938      0.00027      0.00911
      0.05254      0.00000      0.00000      0.00000
      0.06254      0.00000      0.00000      0.00000
      0.07254      0.00000      0.00000      0.00000
      0.08254      0.00000      0.00000      0.00000
      0.09254      0.00000      0.00000      0.00000
      0.10254      0.00000      0.00000      0.00000
      0.11254      0.00000      0.00000      0.00000
      0.12254      0.00000      0.00000      0.00000
      0.13254      0.00000      0.00000      0.00000
      0.14254      0.00000      0.00000      0.00000
      0.15254      0.00000      0.00000      0.00000
      0.16254      0.00000      0.00000      0.00000
      0.17254      0.00000      0.00000      0.00000
      0.18254      0.00000      0.00000      0.00000
      0.19254      0.00000      0.00000      0.00000
      0.20254      0.00000      0.00000      0.00000
      0.21254      0.00000      0.00000      0.00000
      0.22254      0.00000      0.00000      0.00000
      0.23254      0.00000      0.00000      0.00000
      0.24254      0.00000      0.00000      0.00000
      0.25254      0.00000      0.00000      0.00000
      0.26254      0.00000      0.00000      0.00000
      0.27254      0.00000      0.00000      0.00000
      0.28254      0.00000      0.00000      0.00000
      0.29254      0.00000      0.00000      0.00000
      0.30254      0.00000      0.00000      0.00000
      0.31254      0.00000      0.00000      0.00000
      0.32254      0.00000      0.00000      0.00000
      0.33254      0.00000      0.00000      0.00000
      0.34254      0.00000      0.00000      0.00000
      0.35254      0.00000      0.00000      0.00000
      0.36254      0.00000      0.00000      0.00000
      0.37254      0.00000      0.00000      0.00000
      0.38254      0.00000      0.00000      0.00000
      0.39254      0.00000      0.00000      0.00000
      0.40254      0.00000      0.00000      0.00000
      0.41254      0.00000      0.00000      0.00000
      0.42254      0.00000      0.00000      0.00000
      0.43254      0.00000      0.00000      0.00000
      0.44254      0.00000      0.00000      0.00000
      0.45254      0.00000      0.00000      0.00000
      0.46254      0.00000      0.00000      0.00000
      0.47254      0.00000      0.00000      0.00000
      0.48254      0.00000      0.00000      0.00000
      0.49254      0.00000      0.00000      0.00000
      0.50254      0.00000      0.00000      0.00000
      0.51254      0.00000      0.00000      0.00000
      0.52254      0.00000      0.00000      0.00000
      0.53254      0.00000      0.00000      0.00000
      0.54254      0.00000      0.00000      0.00000
      0.55254      0.00000      0.00000      0.00000
      0.56254      0.00000      0.00000      0.00000
      0.57254      0.00000      0.00000      0.00000
      0.58254      0.00000      0.00000      0.00000
      0.59254      0.00000      0.00000      0.00000
      0.60254      0.00000      0.00000      0.00000
      0.61254      0.00000      0.00000      0.00000
      0.62254      0.00000      0.00000      0.00000
      0.63254      0.00000      0.00000      0.00000
      0.64254      0.00000      0.00000      0.00000
      0.65254      0.00000      0.00000      0.00000
      0.66254      0.00000      0.00000      0.00000
      0.67254      0.00000      0.00000      0.00000
      0.68254      0.00000      0.00000      0.00000
      0.69254      0.00000      0.00000      0.00000
      0.70254      0.00000      0.00000      0.00000
      0.71254      0.00000      0.00000      0.00000
      0.72254      0.00000      0.00000      0.00000
      0.73254      0.00000      0.00000      0.00000
      0.74254      0.00000      0.00000      0.00000
      0.75254      0.00000      0.00000      0.00000
      0.76254      0.00000      0.00000      0.00000
      0.77254      0.00000      0.00000      0.00000
      0.78254      0.00000      0.00000      0.00000
      0.79254      0.00000      0.00000      0.00000
      0.80254      0.00000      0.00000      0.00000
      0.81254      0.00000      0.00000      0.00000
      0.82254      0.00000      0.00000      0.00000
      0.83254      0.00000      0.00000      0.00000
      0.84254      0.00000      0.00000      0.00000
      0.85254      0.00000      0.00000      0.00000
      0.86254      0.00000      0.00000      0.00000
      0.87254      0.00000      0.00000      0.00000
      0.88254      0.00000      0.00000      0.00000
      0.89254      0.00000      0.00000      0.00000
      0.90254      0.00000      0.00000      0.00000
      0.91254      0.00000      0.00000      0.00000
      0.92254      0.00000      0.00000      0.00000
      0.93254      0.00000      0.00000      0.00000
      0.94254      0.00000      0.00000      0.00000
      0.95254      0.00000      0.00000      0.00000
      0.96254      0.00000      0.00000      0.00000
      0.97254      0.00000      0.00000      0.00000
      0.98254      0.00000      0.00000      0.00000
      0.99254      0.00000      0.00000      0.00000
      1.00254      0.00000      0.00000      0.00000
      1.01254      0.00000      0.00000      0.00000
      1.02254      0.00000      0.00000      0.00000
      1.03254      0.00000      0.00000      0.00000
      1.04254      0.00000      0.00000      0.00000
      1.05254      0.00000      0.00000      0.00000
      1.06254      0.00000      0.00000      0.00000
      1.07254      0.00000      0.00000      0.00000
      1.08254      0.00000      0.00000      0.00000
      1.09254      0.00000      0.00000      0.00000
      1.10254      0.00000      0.00000      0.00000
      1.11254      0.00000      0.00000      0.00000
      1.12254      0.00000      0.00000      0.00000
      1.13254      0.00000      0.00000      0.00000
      1.14254      0.00000      0.00000      0.00000
      1.15254      0.00000      0.00000      0.00000
      1.16254      0.00000      0.00000      0.00000
      1.17254      0.00000      0.00000      0.00000
      1.18254      0.00000      0.00000      0.00000
      1.19254      0.00000      0.00000      0.00000
      1.20254      0.00000      0.00000      0.00000
      1.21254      0.00000      0.00000      0.00000
      1.22254      0.00000      0.00000      0.00000
      1.23254      0.00000      0.00000      0.00000
      1.24254      0.00000      0.00000      0.00000
      1.25254      0.00000      0.00000      0.00000
      1.26254      0.00000      0.00000      0.00000
      1.27254      0.00000      0.00000      0.00000
      1.28254      0.00000      0.00000      0.00000
      1.29254      0.00000      0.00000      0.00000
      1.30254      0.00000      0.00000      0.00000
      1.31254      0.00000      0.00000      0.00000
      1.32254      0.00000      0.00000      0.00000
      1.33254      0.00000      0.00000      0.00000
      1.34254      0.00000      0.00000      0.00000
      1.35254      0.00000      0.00000      0.00000
      1.36254      0.00000      0.00000      0.00000
      1.37254      0.00000      0.00000      0.00000
      1.38254      0.00000      0.00000      0.00000
      1.39254      0.00000      0.00000      0.00000
      1.40254      0.00000      0.00000      0.00000
      1.41254      0.00000      0.00000      0.00000
      1.42254      0.00000      0.00000      0.00000
      1.43254      0.00000      0.00000      0.00000
      1.44254      0.00000      0.00000      0.00000
      1.45254      0.00000      0.00000      0.00000
      1.46254      0.00000      0.00000      0.00000
      1.47254      0.00000      0.00000      0.00000
      1.48254      0.00000      0.00000      0.00000
      1.49254      0.00000      0.00000      0.00000
      1.50254      0.00000      0.00000      0.00000
      1.51254      0.00000      0.00000      0.00000
      1.52254      0.00000      0.00000      0.00000
      1.53254      0.00000      0.00000      0.00000
      1.54254      0.00000      0.00000      0.00000
      1.55254      0.00000      0.00000      0.00000
      1.56254      0.00000      0.00000      0.00000
      1.57254      0.00000      0.00000      0.00000
      1.58254      0.00000      0.00000      0.00000
      1.59254      0.00000      0.00000      0.00000
      1.60254      0.00000      0.00000      0.00000
      1.61254      0.00000      0.00000      0.00000
      1.62254      0.00000      0.00000      0.00000
      1.63254      0.00000      0.00000      0.00000
      1.64254      0.00000      0.00000      0.00000
      1.65254      0.00000      0.00000      0.00000
      1.66254      0.00000      0.00000      0.00000
      1.67254      0.00000      0.00000      0.00000
      1.68254      0.00000      0.00000      0.00000
      1.69254      0.00000      0.00000      0.00000
      1.70254      0.00000      0.00000      0.00000
      1.71254      0.00000      0.00000      0.00000
      1.72254      0.00000      0.00000      0.00000
      1.73254      0.00000      0.00000      0.00000
      1.74254      0.00000      0.00000      0.00000
      1.75254      0.00000      0.00000      0.00000
      1.76254      0.00000      0.00000      0.00000
      1.77254      0.00000      0.00000      0.00000
      1.78254      0.00000      0.00000      0.00000
      1.79254      0.00000      0.00000      0.00000
      1.80254      0.00000      0.00000      0.00000
      1.81254      0.00000      0.00000      0.00000
      1.82254      0.00000      0.00000      0.00000
      1.83254      0.00000      0.00000      0.00000
      1.84254      0.00000      0.00000      0.00000
      1.85254      0.00000      0.00000      0.00000
      1.86254      0.00000      0.00000      0.00000
      1.87254      0.00000      0.00000      0.00000
      1.88254      0.00000      0.00000      0.00000
      1.89254      0.00000      0.00000      0.00000
      1.90254      0.00000      0.00000      0.00000
      1.91254      0.00000      0.00000      0.00000
      1.92254      0.00000      0.00000      0.00000
      1.93254      0.00000      0.00000      0.00000
      1.94254      0.00000      0.00000      0.00000
      1.95254      0.00000      0.00000      0.00000
      1.96254      0.00000      0.00000      0.00000
      1.97254      0.00000      0.00000      0.00000
      1.98254      0.00000      0.00000      0.00000
      1.99254      0.00000      0.00000      0.00000
      2.00254      0.00000      0.00000      0.00000
      2.01254      0.00000      0.00000      0.00000
      2.02254      0.00000      0.00000      0.00000
      2.03254      0.00000      0.00000      0.00000
      2.04254      0.00000      0.00000      0.00000
      2.05254      0.00000      0.00000      0.00000
      2.06254      0.00000      0.00000      0.00000
      2.07254      0.00000      0.00000      0.00000
      2.08254      0.00000      0.00000      0.00000
      2.09254      0.00000      0.00000      0.00000
      2.10254      0.00000      0.00000      0.00000
      2.11254      0.00000      0.00000      0.00000
      2.12254      0.00000      0.00000      0.00000
      2.13254      0.00000      0.00000      0.00000
      2.14254      0.00000      0.00000      0.00000
      2.15254      0.00000      0.00000      0.00000
      2.16254      0.00000      0.00000      0.00000
      2.17254      0.00000      0.00000      0.00000
      2.18254      0.00000      0.00000      0.00000
      2.19254      0.00000      0.00000      0.00000
      2.20254      0.00000      0.00000      0.00000
      2.21254      0.00000      0.00000      0.00000
      2.22254      0.00000      0.00000      0.00000
      2.23254      0.00000      0.00000      0.00000
      2.24254      0.00000      0.00000      0.00000
      2.25254      0.00000      0.00000      0.00000
      2.26254      0.00000      0.00000      0.00000
      2.27254      0.00000      0.00000      0.00000
      2.28254      0.00000      0.00000      0.00000
      2.29254      0.00000      0.00000      0.00000
      2.30254      0.00000      0.00000      0.00000
      2.31254      0.00000      0.00000      0.00000
      2.32254      0.00000      0.00000      0.00000
      2.33254      0.00000      0.00000      0.00000
      2.34254      0.00000      0.00000      0.00000
      2.35254      0.00000      0.00000      0.00000
      2.36254      0.00000      0.00000      0.00000
      2.37254      0.00000      0.00000      0.00000
      2.38254      0.00000      0.00000      0.00000
      2.39254      0.00000      0.00000      0.00000
      2.40254      0.00000      0.00000      0.00000
      2.41254      0.00000      0.00000      0.00000
      2.42254      0.00000      0.00000      0.00000
      2.43254      0.00000      0.00000      0.00000
      2.44254      0.00000      0.00000      0.00000
      2.45254      0.00000      0.00000      0.00000
      2.46254      0.00000      0.00000      0.00000
      2.47254      0.00000      0.00000      0.00000
      2.48254      0.00000      0.00000      0.00000
      2.49254      0.00000      0.00000      0.00000
      2.50254      0.00000      0.00000      0.00000
      2.51254      0.00000      0.00000      0.00000
      2.52254      0.00000      0.00000      0.00000
      2.53254      0.00000      0.00000      0.00000
      2.54254      0.00000      0.00000      0.00000
      2.55254      0.00000      0.00000      0.00000
      2.56254      0.00000      0.00000      0.00000
      2.57254      0.00000      0.00000      0.00000
      2.58254      0.00000      0.00000      0.00000
      2.59254      0.00000      0.00000      0.00000
      2.60254      0.00000      0.00000      0.00000
      2.61254      0.00000      0.00000      0.00000
      2.62254      0.00000      0.00000      0.00000
      2.63254      0.00000      0.00000      0.00000
      2.64254      0.00000      0.00000      0.00000
      2.65254      0.00000      0.00000      0.00000
      2.66254      0.00000      0.00000      0.00000
      2.67254      0.00000      0.00000      0.00000
      2.68254      0.00000      0.00000      0.00000
      2.69254      0.00000      0.00000      0.00000
      2.70254      0.00000      0.00000      0.00000
      2.71254      0.00000      0.00000      0.00000
      2.72254      0.00000      0.00000      0.00000
      2.73254      0.00000      0.00000      0.00000
      2.74254      0.00000      0.00000      0.00000
      2.75254      0.00000      0.00000      0.00000
      2.76254      0.00000      0.00000      0.00000
      2.77254      0.00000      0.00000      0.00000
      2.78254      0.00000      0.00000      0.00000
      2.79254      0.00000      0.00000      0.00000
      2.80254      0.00000      0.00000      0.00000
      2.81254      0.00000      0.00000      0.00000
      2.82254      0.00000      0.00000      0.00000
      2.83254      0.00000      0.00000      0.00000
      2.84254      0.00000      0.00000      0.00000
      2.85254      0.00000      0.00000      0.00000
      2.86254      0.00000      0.00000      0.00000
      2.87254      0.00000      0.00000      0.00000
      2.88254      0.00000      0.00000      0.00000
      2.89254      0.00000      0.00000      0.00000
      2.90254      0.00000      0.00000      0.00000
      2.91254      0.00000      0.00000      0.00000
      2.92254      0.00000      0.00000      0.00000
      2.93254      0.00000      0.00000      0.00000
      2.94254      0.00000      0.00000      0.00000
      2.95254      0.00000      0.00000      0.00000
      2.96254      0.00000      0.00000      0.00000
      2.97254      0.00000      0.00000      0.00000
      2.98254      0.00000      0.00000      0.00000
      2.99254      0.00000      0.00000      0.00000
      3.00254      0.00000      0.00000      0.00000
      3.01254      0.00000      0.00000      0.00000
      3.02254      0.00000      0.00000      0.00000
      3.03254      0.00000      0.00000      0.00000
      3.04254      0.00000      0.00000      0.00000
      3.05254      0.00000      0.00000      0.00000
      3.06254      0.00000      0.00000      0.00000
      3.07254      0.00000      0.00000      0.00000
      3.08254      0.00000      0.00000      0.00000
      3.09254      0.00000      0.00000      0.00000
      3.10254      0.00000      0.00000      0.00000
      3.11254      0.00000      0.00000      0.00000
      3.12254      0.00000      0.00000      0.00000
      3.13254      0.00000      0.00000      0.00000
      3.14254      0.00000      0.00000      0.00000
      3.15254      0.00000      0.00000      0.00000
      3.16254      0.00000      0.00000      0.00000
      3.17254      0.00000      0.00000      0.00000
      3.18254      0.00000      0.00000      0.00000
      3.19254      0.00000      0.00000      0.00000
      3.20254      0.00000      0.00000      0.00000
      3.21254      0.00000      0.00000      0.00000
      3.22254      0.00000      0.00000      0.00000
      3.23254      0.00000      0.00000      0.00000
      3.24254      0.00000      0.00000      0.00000
      3.25254      0.00000      0.00000      0.00000
      3.26254      0.00000      0.00000      0.00000
      3.27254      0.00000      0.00000      0.00000
      3.28254      0.00000      0.00000      0.00000
      3.29254      0.01028      0.00011      0.01017
      3.30254      0.45305      0.00490      0.44815
      3.31254      7.63474      0.08285      7.55189
      3.32254     51.06251      0.55679     50.50571
      3.33254    146.15432      1.61008    144.54424
      3.34254    209.77285      2.36190    207.41094
      3.35254    199.19165      2.33322    196.85843
      3.36254    166.28244      2.05314    164.22930
      3.37254    143.78586      1.88030    141.90557
      3.38254    132.50606      1.83018    130.67588
      3.39254    123.03120      1.78865    121.24255
      3.40254    115.56804      1.76981    113.79823
      3.41254    109.27171      1.75454    107.51717
      3.42254    106.53171      1.79702    104.73469
      3.43254    108.77038      1.91610    106.85428
      3.44254    144.62420      2.64000    141.98420
      3.45254    200.17419      3.69504    196.47915
      3.46254    224.39886      4.21700    220.18187
      3.47254    203.63534      3.90483    199.73051
      3.48254    187.03055      3.68905    183.34150
      3.49254    173.28717      3.51673    169.77044
      3.50254    156.43125      3.24712    153.18413
      3.51254    170.33649      3.62496    166.71154
      3.52254    130.63452      2.88442    127.75010
      3.53254    139.07631      3.15415    135.92215
      3.54254    163.54756      3.68421    159.86335
      3.55254    117.93285      2.78882    115.14404
      3.56254    122.82831      3.08653    119.74179
      3.57254    147.81855      3.51009    144.30845
      3.58254    134.46609      3.29111    131.17498
      3.59254    110.89431      3.05368    107.84063
      3.60254    100.99586      2.70050     98.29536
      3.61254    146.75936      3.76000    142.99935
      3.62254    143.49037      3.85578    139.63459
      3.63254     80.08358      2.37122     77.71236
      3.64254     97.28721      3.00318     94.28403
      3.65254    144.47839      4.04346    140.43493
      3.66254    127.54006      3.41183    124.12823
      3.67254    103.06077      3.29780     99.76297
      3.68254     86.89446      3.03843     83.85603
      3.69254     90.35738      2.78011     87.57727
      3.70254    150.60963      4.46985    146.13979
      3.71254    133.82173      4.17842    129.64331
      3.72254     66.43170      2.35422     64.07749
      3.73254     79.25878      3.11506     76.14372
      3.74254    116.39999      4.05010    112.34989
      3.75254    126.95204      3.74644    123.20561
      3.76254    122.27732      4.10631    118.17101
      3.77254     93.72216      3.80376     89.91840
      3.78254     54.62024      2.32233     52.29790
      3.79254     88.50666      3.40166     85.10500
      3.80254    153.64337      5.38398    148.25939
      3.81254    119.36309      3.94835    115.41474
      3.82254     73.92156      3.00843     70.91313
      3.83254     83.98971      4.04235     79.94736
      3.84254     71.69509      3.21913     68.47596
      3.85254     96.03975      3.44471     92.59504
      3.86254    154.81187      5.73093    149.08094
      3.87254    113.28129      4.59241    108.68888
      3.88254     50.05173      2.38072     47.67101
      3.89254     67.97490      3.61955     64.35534
      3.90254     96.72010      4.68566     92.03444
      3.91254    107.41832      3.93450    103.48382
      3.92254    127.22815      4.73010    122.49806
      3.93254    113.54162      5.38941    108.15222
      3.94254     60.48451      3.29449     57.19003
      3.95254     42.57958      2.42738     40.15220
      3.96254     93.46913      4.88496     88.58417
      3.97254    134.21709      5.77260    128.44450
      3.98254    112.63029      4.12539    108.50490
      3.99254     89.23258      4.34347     84.88911
      4.00254     84.86455      5.10944     79.75511
      4.01254     49.52721      3.04389     46.48332
      4.02254     54.60838      2.94477     51.66361
      4.03254    131.40932      6.39190    125.01742
      4.04254    148.44423      9.18374    139.26049
      4.05254    116.74666     41.11030     75.63636
      4.06254    278.90493    198.92573     79.97920
      4.07254    543.87345    424.32489    119.54856
      4.08254    555.34950    454.87714    100.47236
      4.09254    517.68461    401.13096    116.55365
      4.10254    673.00834    476.06586    196.94248
      4.11254    734.51931    551.47041    183.04890
      4.12254    609.80224    506.06110    103.74114
      4.13254    531.96985    436.16393     95.80591
      4.14254    512.84559    393.26028    119.58531
      4.15254    469.52487    363.39245    106.13242
      4.16254    466.95866    341.93526    125.02340
      4.17254    497.84985    327.20211    170.64774
      4.18254    452.63470    311.92731    140.70739
      4.19254    370.09441    295.43828     74.65613
      4.20254    349.73732    283.25769     66.47963
      4.21254    378.22359    274.82200    103.40160
      4.22254    380.63540    265.11556    115.51984
      4.23254    380.17650    255.06323    125.11327
      4.24254    387.77448    248.13605    139.63843
      4.25254    365.76190    241.43357    124.32833
      4.26254    308.26055    231.66655     76.59400
      4.27254    275.80597    224.38888     51.41710
      4.28254    304.91962    219.60148     85.31814
      4.29254    344.86597    217.22769    127.63828
      4.30254    341.96454    208.96245    133.00209
      4.31254    324.33324    203.99266    120.34058
      4.32254    368.97748    198.20718    170.77030
      4.33254    444.75035    197.91995    246.83041
      4.34254    399.77110    189.83118    209.93992
      4.35254    368.34280    189.04836    179.29444
      4.36254    406.00335    183.31303    222.69031
      4.37254    436.87922    185.75846    251.12076
      4.38254    361.09557    174.65511    186.44046
      4.39254    327.62638    175.25407    152.37231
      4.40254    348.04042    171.65947    176.38096
      4.41254    290.91728    166.20085    124.71642
      4.42254    272.09079    167.70012    104.39068
      4.43254    330.10941    158.31448    171.79493
      4.44254    380.92815    170.04468    210.88347
      4.45254    312.22426    153.05950    159.16476
      4.46254    288.96690    159.38218    129.58472
      4.47254    297.92587    154.19617    143.72970
      4.48254    269.38601    148.80223    120.58379
      4.49254    234.06011    152.96584     81.09427
      4.50254    258.69074    143.20701    115.48372
      4.51254    351.96274    150.45070    201.51204
      4.52254    345.54426    148.84440    196.69987
      4.53254    246.23321    139.85713    106.37609
      4.54254    270.18157    144.29109    125.89048
      4.55254    459.14304    157.51911    301.62393
      4.56254    567.09805    161.07844    406.01961
      4.57254    491.69285    158.57629    333.11656
      4.58254    438.57451    156.59043    281.98408
      4.59254    490.71727    146.05739    344.65988
      4.60254    539.81316    153.74679    386.06637
      4.61254    442.99248    152.34035    290.65213
      4.62254    320.01635    129.74650    190.26985
      4.63254    333.03686    142.90966    190.12720
      4.64254    409.91800    148.94724    260.97077
      4.65254    421.03569    125.83494    295.20075
      4.66254    409.61731    141.26269    268.35462
      4.67254    370.08618    143.54039    226.54579
      4.68254    311.25639    114.68915    196.56725
      4.69254    352.96914    137.00651    215.96263
      4.70254    373.95678    146.21194    227.74484
      4.71254    315.90887    108.63564    207.27323
      4.72254    304.58023    124.64001    179.94022
      4.73254    363.05905    149.15033    213.90872
      4.74254    366.91775    111.84673    255.07103
      4.75254    336.21529    112.63593    223.57936
      4.76254    346.47227    148.09629    198.37597
      4.77254    296.18195    115.10686    181.07510
      4.78254    261.24302     94.59448    166.64854
      4.79254    325.14709    141.88311    183.26399
      4.80254    302.85099    132.30020    170.55079
      4.81254    296.19443     87.27863    208.91579
      4.82254    369.46744    120.61516    248.85228
      4.83254    336.92378    147.59988    189.32390
      4.84254    263.19917     96.89227    166.30690
      4.85254    264.26419     88.79311    175.47107
      4.86254    335.03759    144.73007    190.30752
      4.87254    292.59233    126.65393    165.93840
      4.88254    206.44569     72.74387    133.70182
      4.89254    265.92960    107.69925    158.23034
      4.90254    362.83831    150.98836    211.84995
      4.91254    363.92684    103.37056    260.55629
      4.92254    283.99702     73.87075    210.12627
      4.93254    261.26777    128.02488    133.24289
      4.94254    235.07950    137.25862     97.82088
      4.95254    165.77296     72.46604     93.30692
      4.96254    246.04200     78.81086    167.23114
      4.97254    379.78439    146.46068    233.32371
      4.98254    381.28306    130.29453    250.98853
      4.99254    252.20909     63.21773    188.99136
      5.00254    189.90545     81.46941    108.43604
      5.01254    286.31892    148.05887    138.26004
      5.02254    276.18538    117.30121    158.88417
      5.03254    157.49037     52.75820    104.73217
      5.04254    215.84275     86.26697    129.57577
      5.05254    340.30477    150.57094    189.73383
      5.06254    314.61515    110.44907    204.16608
      5.07254    270.11587     53.69796    216.41791
      5.08254    258.97015     87.80680    171.16335
      5.09254    257.44370    147.81167    109.63202
      5.10254    240.77488    109.02521    131.74967
      5.11254    190.68563     46.97655    143.70909
      5.12254    181.70515     74.81887    106.88628
      5.13254    261.32227    145.57942    115.74285
      5.14254    256.79569    117.06917    139.72652
      5.15254    212.40260     49.14788    163.25472
      5.16254    282.42005     68.47991    213.94015
      5.17254    354.75651    142.64173    212.11478
      5.18254    259.94753    128.23272    131.71481
      5.19254    163.73321     51.95480    111.77840
      5.20254    257.61756     53.35453    204.26302
      5.21254    423.81401    133.45950    290.35451
      5.22254    433.62250    154.57888    279.04362
      5.23254    271.43999     73.51367    197.92632
      5.24254    117.78850     33.14367     84.64483
      5.25254    120.15091     87.65051     32.50040
      5.26254    216.33039    147.71052     68.61987
      5.27254    241.21492     98.88451    142.33041
      5.28254    196.26259     38.58703    157.67556
      5.29254    206.81878     62.63860    144.18018
      5.30254    321.64479    141.00977    180.63502
      5.31254    325.04265    131.67006    193.37259
      5.32254    191.00421     51.65796    139.34625
      5.33254    185.20110     39.27683    145.92427
      5.34254    256.67337    107.02920    149.64417
      5.35254    226.08099    147.03107     79.04993
      5.36254    145.51991     80.97724     64.54268
      5.37254    188.09746     32.55356    155.54390
      5.38254    282.35307     68.02244    214.33063
      5.39254    302.53385    141.43534    161.09851
      5.40254    266.94303    126.73616    140.20687
      5.41254    213.72544     51.52937    162.19607
      5.42254    194.50112     39.09026    155.41086
      5.43254    280.11583    105.60317    174.51265
      5.44254    283.72575    147.67975    136.04600
      5.45254    141.19876     83.40952     57.78925
      5.46254     98.13549     33.55156     64.58393
      5.47254    195.79773     69.22759    126.57014
      5.48254    316.06080    132.86525    183.19556
      5.49254    342.56146    125.14327    217.41818
      5.50254    287.02282     72.49447    214.52835
      5.51254    250.75816     73.56601    177.19216
      5.52254    223.83079     95.93603    127.89475
      5.53254    181.61781    104.67782     76.93999
      5.54254    209.27801    122.33575     86.94226
      5.55254    306.40093    115.28083    191.12010
      5.56254    290.90768     78.37634    212.53134
      5.57254    208.29529     91.68416    116.61113
      5.58254    264.54309    142.85421    121.68888
      5.59254    336.55188    119.58033    216.97155
      5.60254    272.00187     81.70805    190.29381
      5.61254    165.36329     85.48193     79.88135
      5.62254    143.27103     78.02872     65.24231
      5.63254    231.28492     91.43898    139.84594
      5.64254    309.92738    109.65268    200.27470
      5.65254    278.52058    103.25850    175.26208
      5.66254    235.27617     80.66841    154.60776
      5.67254    335.04038    147.97128    187.06910
      5.68254    554.87370    371.34971    183.52399
      5.69254    649.74675    489.81157    159.93519
      5.70254    473.79010    349.77932    124.01077
      5.71254    345.61602    218.62281    126.99321
      5.72254    407.33271    197.98525    209.34746
      5.73254    484.44223    214.37365    270.06858
      5.74254    460.64233    208.41797    252.22436
      5.75254    306.40422    146.53674    159.86748
      5.76254    266.01314    129.90297    136.11018
      5.77254    395.58133    210.17710    185.40423
      5.78254    409.61961    225.74070    183.87891
      5.79254    309.61720    148.63235    160.98485
      5.80254    294.28269     94.65138    199.63131
      5.81254    406.61140    134.15116    272.46024
      5.82254    461.35245    187.72466    273.62779
      5.83254    406.35903    205.78297    200.57606
      5.84254    400.67471    239.37523    161.29947
      5.85254    419.01899    204.77221    214.24677
      5.86254    531.10176    218.74762    312.35414
      5.87254    607.71257    245.07595    362.63662
      5.88254    486.13657    207.72940    278.40717
      5.89254    409.83230    186.60422    223.22808
      5.90254    355.14072    150.49293    204.64779
      5.91254    260.05474    134.94517    125.10957
      5.92254    152.08877    107.82902     44.25976
      5.93254     60.03375     50.06574      9.96801
      5.94254     13.85598     12.02049      1.83549
      5.95254     29.33245     23.01293      6.31952
      5.96254    152.64853    112.53185     40.11668
      5.97254    330.35122    220.87864    109.47258
      5.98254    350.24244    195.82861    154.41382
      5.99254    319.39460    161.50689    157.88771
      6.00254    288.25454    151.59751    136.65702
      6.01254    181.63755     74.88436    106.75319
      6.02254    100.36798     19.52649     80.84148
      6.03254     39.41644      4.25989     35.15655
      6.04254      7.44876      1.00063      6.44814
      6.05254     12.45911      6.26671      6.19240
      6.06254     87.08187     41.22470     45.85717
      6.07254    252.37181    115.49413    136.87768
      6.08254    314.92814    159.23334    155.69480
      6.09254    226.62972    153.33513     73.29458
      6.10254    190.56063    164.85539     25.70524
      6.11254    194.02906    170.70660     23.32246
      6.12254    152.29109    102.23469     50.05640
      6.13254    186.34511     71.57859    114.76653
      6.14254    304.77787    157.97737    146.80050
      6.15254    365.82491    248.00343    117.82149
      6.16254    363.01529    251.55573    111.45956
      6.17254    281.20994    178.70203    102.50790
      6.18254    222.73361    162.72717     60.00644
      6.19254    293.04276    245.62498     47.41778
      6.20254    255.91379    212.18243     43.73137
      6.21254    133.51736     83.36546     50.15189
      6.22254    133.65373     46.14757     87.50616
      6.23254    229.89910    112.73600    117.16310
      6.24254    331.75394    197.45622    134.29772
      6.25254    379.33878    244.18341    135.15537
      6.26254    331.77787    211.92268    119.85519
      6.27254    193.30143    123.01457     70.28685
      6.28254    171.68973    114.51154     57.17819
      6.29254    211.40334    124.54845     86.85489
      6.30254    176.08389     98.57444     77.50946
      6.31254    145.72837    106.33678     39.39159
      6.32254    153.91772    119.60915     34.30856
      6.33254    178.17531    104.29649     73.87882
      6.34254    309.90898    133.76043    176.14855
      6.35254    427.47037    190.01334    237.45703
      6.36254    369.94110    209.88002    160.06108
      6.37254    251.24582    186.80870     64.43712
      6.38254    156.46048    130.17199     26.28849
      6.39254    142.14320    102.69700     39.44620
      6.40254    192.90484    112.57311     80.33173
      6.41254    224.73547    143.35639     81.37908
      6.42254    184.43189    139.75340     44.67849
      6.43254    133.46496     95.16792     38.29704
      6.44254    164.64521     90.61737     74.02784
      6.45254    174.07769     88.51563     85.56205
      6.46254    215.43768    123.02553     92.41215
      6.47254    297.88455    166.49190    131.39531
      6.48254    270.55239    134.00543    136.65815
      6.49254    198.69912     98.51905    101.97382
      6.50254    280.61410    231.90623     60.26032
      6.51254    506.28580    489.40783     48.47810
      6.52254    515.75614    514.84570     42.25215
      6.53254    405.68254    382.77384     58.70542
      6.54254    515.74538    478.20354     82.16540
      6.55254    734.81985    730.79824     71.59989
      6.56254    827.53655    809.63065     89.97686
      6.57254    856.02445    796.76838    119.83540
      6.58254    797.28826    729.57775    119.33105
      6.59254    571.06773    528.98643     87.55171
      6.60254    356.00861    355.99389     37.15254
      6.61254    339.31183    335.90527     37.63831
      6.62254    476.63168    416.41926     97.81285
      6.63254    539.08409    445.84041    130.56203
      6.64254    459.62144    412.35442     81.65882
      6.65254    381.05892    387.59328     26.67762
      6.66254    388.97347    398.70225     24.85454
      6.67254    391.82112    359.92405     64.02501
      6.68254    375.77883    323.62963     78.41210
      6.69254    350.93066    335.89083     40.22724
      6.70254    358.09142    365.28517     21.28867
      6.71254    385.49348    352.57645     62.59049
      6.72254    448.90173    330.22889    147.30321
      6.73254    546.31202    372.90840    199.19259
      6.74254    521.27114    376.93144    164.72411
      6.75254    400.97796    343.34072     79.19486
      6.76254    344.01342    339.01286     31.77257
      6.77254    302.02374    312.87393     16.28791
      6.78254    285.17385    298.36852     11.88801
      6.79254    317.38564    309.51349     32.40191
      6.80254    395.57971    323.57851     94.26653
      6.81254    450.52079    321.98684    145.54624
      6.82254    419.12715    305.78805    133.08600
      6.83254    301.08682    242.44276     80.39327
      6.84254    236.16120    210.87337     46.63188
      6.85254    302.65249    253.74305     71.51795
      6.86254    311.16230    257.67316     73.38449
      6.87254    254.42271    246.87028     29.50045
      6.88254    196.30411    208.40888      6.91093
      6.89254    210.80500    220.54664      7.60270
      6.90254    258.49059    254.98293     23.75839
      6.91254    338.55659    261.54699     95.24538
      6.92254    485.13662    292.37139    207.78791
      6.93254    448.09086    248.96192    207.92584
      6.94254    246.45654    136.06992    113.67750
      6.95254    246.71693    164.44745     89.38175
      6.96254    402.64493    342.46895     79.50679
      6.97254    451.75074    442.35136     35.41447
      6.98254    353.09352    362.94727     11.44068
      6.99254    255.46183    255.88221     17.72283
      7.00254    307.16704    255.45935     71.42774
      7.01254    395.29039    267.04892    143.05754
      7.02254    364.34227    239.92680    132.17086
      7.03254    267.78442    222.73779     57.51427
      7.04254    203.54055    210.66979     12.96533
      7.05254    123.13283    120.27574     15.61970
      7.06254     98.27431     48.68558     53.51579
      7.07254    188.51639    113.20800     81.49301
      7.08254    366.28225    293.56724     88.26600
      7.09254    499.24638    400.89070    121.46557
      7.10254    467.15833    356.93752    135.84392
      7.11254    350.30314    235.39841    131.29762
      7.12254    293.43029    179.74718    122.53760
      7.13254    342.24598    255.70438    103.73376
      7.14254    337.41435    286.87317     72.45863
      7.15254    210.32129    186.74489     34.41772
      7.16254    173.88526    127.43759     51.32554
      7.17254    297.39875    196.03950    112.67947
      7.18254    345.07957    245.20918    118.04854
      7.19254    241.27960    195.33732     59.83297
      7.20254    169.76609    128.99500     45.66853
      7.21254    160.71061     77.37613     84.06413
      7.22254    189.81964     76.45261    113.47114
      7.23254    250.54693    126.16225    125.41449
      7.24254    329.38623    215.88303    120.07408
      7.25254    425.90562    317.01885    126.02557
      7.26254    456.72038    339.69536    137.79151
      7.27254    394.55837    292.19995    117.17740
      7.28254    317.78696    260.96796     70.06539
      7.29254    419.41591    350.10473     88.57109
      7.30254    633.73089    463.72395    189.04606
      7.31254    683.01987    454.82378    239.13104
      7.32254    520.21194    335.51478    192.55391
      7.33254    427.55623    249.12924    191.43675
      7.34254    427.64266    246.85652    196.88451
      7.35254    329.48460    218.05597    124.81738
      7.36254    205.17650    127.95930     83.58727
      7.37254    165.00260     78.81460     89.26092
      7.38254    232.21435    154.16413     85.26216
      7.39254    371.26900    304.82865     78.19410
      7.40254    440.86670    350.30473    102.86923
      7.41254    365.36586    242.13016    132.79155
      7.42254    296.61640    140.33471    159.96609
      7.43254    291.04762    115.24919    176.35566
      7.44254    208.54156     74.41656    134.16068
      7.45254    145.74207     67.75969     78.09809
      7.46254    250.28894    175.79723     75.63474
      7.47254    429.12001    328.78341    104.76092
      7.48254    449.04512    361.56405     95.04870
      7.49254    289.97612    243.85373     53.62847
      7.50254    184.73004    119.12108     70.31083
      7.51254    214.38616     78.85107    136.95921
      7.52254    326.40034    145.18664    181.39253
      7.53254    431.13189    238.01987    193.26934
      7.54254    392.86522    244.14238    150.01328
      7.55254    295.51849    229.26205     72.07261
      7.56254    358.72070    332.40424     42.78543
      7.57254    485.95684    429.92629     80.54298
      7.58254    426.37484    317.03119    126.70719
      7.59254    399.79767    217.27410    193.80818
      7.60254    479.71443    223.37913    269.42624
      7.61254    497.20018    245.92215    266.67681
      7.62254    405.64296    244.97992    174.07818
      7.63254    284.07477    216.75536     78.16735
      7.64254    200.42529    175.33382     32.42977
      7.65254    183.12491    162.06167     29.58400
      7.66254    231.30029    177.20946     67.35268
      7.67254    273.98267    188.48769     96.79296
      7.68254    261.43624    181.41622     90.03091
      7.69254    194.61992    128.71437     74.35088
      7.70254    223.64413    106.89184    121.91046
      7.71254    298.46983    155.41559    151.96775
      7.72254    244.32438    166.47593     90.27593
      7.73254    205.32550    149.80311     62.84095
      7.74254    233.55584    177.12045     61.75811
      7.75254    241.77090    208.02651     42.26417
      7.76254    191.28699    154.70372     43.07967
      7.77254    110.11777     68.17536     43.78486
      7.78254     45.81287     22.51612     23.53898
      7.79254     65.45121     34.49442     31.74143
      7.80254    185.02811    116.04835     73.42526
      7.81254    272.38272    187.73153     94.29946
      7.82254    294.68069    195.10515    109.34991
      7.83254    317.64874    216.81469    109.65667
      7.84254    257.06206    176.26446     87.48398
      7.85254    181.80031    103.71155     80.36681
      7.86254    151.77289     98.27327     53.79250
      7.87254    126.99377     99.23342     27.77424
      7.88254    110.65161     80.44049     30.21136
      7.89254    108.74643     51.96478     56.78190
      7.90254    134.68715     61.77115     72.92913
      7.91254    125.26809     84.16588     41.36073
      7.92254     84.36443     75.79150     10.44560
      7.93254     92.70063     94.90658      2.78525
      7.94254    136.99562    130.34650     11.57597
      7.95254    232.56821    191.16762     43.75787
      7.96254    412.73094    313.73089    103.05831
      7.97254    552.11376    409.20271    152.16507
      7.98254    474.38253    325.67568    157.10552
      7.99254    356.85103    231.67447    128.31740
      8.00254    275.49875    216.03749     60.61301
      8.01254    178.50183    163.30967     16.22802
      8.02254     93.03760     88.55493      7.19859
      8.03254    121.23633    102.84916     25.62254
      8.04254    212.76700    158.69526     62.84485
      8.05254    240.11521    186.39931     59.50128
      8.06254    151.65737    131.41039     22.66552
      8.07254     51.90853     47.10055      5.31831
      8.08254     46.66492     38.07598      8.63259
      8.09254    106.55367     87.17021     19.38486
      8.10254    165.39877    138.82199     26.57689
      8.11254    183.35585    147.95120     35.41072
      8.12254    163.57089    106.05126     57.66877
      8.13254    208.44425    112.77180     97.02041
      8.14254    301.93960    194.41565    112.01432
      8.15254    393.90992    296.70481    102.81099
      8.16254    359.40290    297.09959     65.33222
      8.17254    247.77878    200.67141     48.43344
      8.18254    231.44386    126.91350    105.10797
      8.19254    268.75723    105.12664    163.85995
      8.20254    284.96896    114.25811    172.05280
      8.21254    379.17147    198.06273    187.19841
      8.22254    410.56466    261.46875    159.92353
      8.23254    253.23729    187.42607     76.66884
      8.24254    200.38093    163.52844     49.30437
      8.25254    295.21281    223.14242     81.86043
      8.26254    377.21263    278.92858    101.42382
      8.27254    353.55475    267.29380     86.90988
      8.28254    285.17135    216.89937     69.71897
      8.29254    234.19687    186.79427     50.12611
      8.30254    214.94420    178.72460     38.22476
      8.31254    190.56699    159.67491     31.56300
      8.32254    156.49142    128.28639     28.54505
      8.33254    166.55483    119.91443     48.76218
