Energy-E_F (eV)    DOS (1/eV)    PDOS (1/eV)  of atom type C  H  
     -6.56417    240.95514    197.13882     43.81633
     -6.55417    291.05634    241.01519     50.04116
     -6.54417    329.97797    275.65178     54.32619
     -6.53417    262.48966    221.22140     41.26826
     -6.52417    204.50587    175.73012     28.77575
     -6.51417    161.24216    144.58667     16.65549
     -6.50417     79.18519     74.02383      5.16136
     -6.49417     21.85258     20.28022      1.57236
     -6.48417     38.36302     30.52641      7.83661
     -6.47417    122.88758     96.77604     26.11154
     -6.46417    152.76727    120.23016     32.53711
     -6.45417     73.10399     57.76066     15.34333
     -6.44417     43.81024     38.29711      5.51313
     -6.43417    173.97850    161.09961     12.87888
     -6.42417    429.88710    404.58685     25.30025
     -6.41417    519.33326    490.47251     28.86075
     -6.40417    383.08727    356.63150     26.45577
     -6.39417    246.71753    229.23565     17.48189
     -6.38417    150.73226    144.14896      6.58329
     -6.37417     93.06608     90.76985      2.29623
     -6.36417     99.40638     96.65671      2.74967
     -6.35417    129.37196    123.08117      6.29079
     -6.34417    170.23547    159.16338     11.07209
     -6.33417    171.58210    156.33331     15.24879
     -6.32417    191.07312    165.73129     25.34183
     -6.31417    298.48347    262.73252     35.75095
     -6.30417    317.85469    286.04058     31.81411
     -6.29417    170.32818    156.34132     13.98686
     -6.28417     87.55745     83.88524      3.67221
     -6.27417     99.97686     96.49103      3.48583
     -6.26417    106.19100     99.34083      6.85017
     -6.25417     99.85466     91.83480      8.01986
     -6.24417     95.42620     89.77974      5.64646
     -6.23417    117.32177    108.19044      9.13133
     -6.22417    130.71915    112.89393     17.82522
     -6.21417    134.49908    118.39757     16.10151
     -6.20417    153.62556    144.92175      8.70381
     -6.19417    211.55050    199.45124     12.09927
     -6.18417    231.08384    213.05570     18.02814
     -6.17417    124.90938    113.58072     11.32866
     -6.16417     39.80003     36.56512      3.23492
     -6.15417     67.48938     63.02406      4.46532
     -6.14417    139.23389    126.04298     13.19091
     -6.13417    126.16408    110.02790     16.13618
     -6.12417     52.47171     44.72076      7.75095
     -6.11417     47.88365     44.49423      3.38942
     -6.10417    149.07191    141.88656      7.18536
     -6.09417    236.93798    224.78738     12.15060
     -6.08417    219.36021    200.09113     19.26907
     -6.07417    185.50377    159.48066     26.02311
     -6.06417    122.08794    104.25429     17.83365
     -6.05417     55.71666     50.03915      5.67751
     -6.04417     67.31017     65.24742      2.06275
     -6.03417    100.30629     97.01170      3.29458
     -6.02417    110.19530    103.31569      6.87961
     -6.01417    117.60338    105.01932     12.58406
     -6.00417    114.04231     96.92839     17.11391
     -5.99417    112.39239     98.43557     13.95682
     -5.98417    186.21330    170.32372     15.88958
     -5.97417    286.93568    254.77278     32.16290
     -5.96417    270.37196    232.18755     38.18441
     -5.95417    194.42193    167.87897     26.54296
     -5.94417    165.23950    144.78250     20.45700
     -5.93417    163.84965    139.90543     23.94422
     -5.92417    137.36491    119.53774     17.82717
     -5.91417    102.08190     95.56473      6.51717
     -5.90417     48.12077     46.65201      1.46876
     -5.89417     11.20210     10.94846      0.25364
     -5.88417     17.49324     16.77188      0.72136
     -5.87417     83.71324     77.07120      6.64204
     -5.86417    221.07181    192.90759     28.16422
     -5.85417    354.76067    302.35762     52.40305
     -5.84417    329.68632    283.91301     45.77332
     -5.83417    156.10159    135.80210     20.29949
     -5.82417     33.59589     29.16669      4.42920
     -5.81417      7.00374      5.80131      1.20243
     -5.80417     28.75291     23.20172      5.55119
     -5.79417     79.25522     64.93207     14.32315
     -5.78417    106.82199     92.63064     14.19135
     -5.77417    106.85985    100.09412      6.76573
     -5.76417     99.48828     94.07849      5.40979
     -5.75417    130.15504    120.65577      9.49927
     -5.74417    146.30944    137.46529      8.84414
     -5.73417     79.95446     76.34526      3.60920
     -5.72417     32.88930     29.44337      3.44593
     -5.71417     76.31130     63.56781     12.74350
     -5.70417    161.59131    137.91416     23.67715
     -5.69417    179.49577    152.67273     26.82304
     -5.68417    126.15107    102.83452     23.31655
     -5.67417     91.42040     75.67642     15.74398
     -5.66417    141.87077    121.54572     20.32504
     -5.65417    216.26615    180.73339     35.53277
     -5.64417    290.84002    240.18681     50.65321
     -5.63417    337.98348    290.74431     47.23917
     -5.62417    253.80728    230.34228     23.46500
     -5.61417    135.97072    127.80438      8.16634
     -5.60417    147.47278    135.42114     12.05164
     -5.59417    194.52986    171.96729     22.56258
     -5.58417    163.20823    138.58222     24.62601
     -5.57417    117.08632     93.51235     23.57397
     -5.56417    101.55298     77.76879     23.78419
     -5.55417    102.49669     84.20669     18.29001
     -5.54417    156.81967    135.01986     21.79981
     -5.53417    182.51212    155.26112     27.25100
     -5.52417    174.55215    147.96380     26.58836
     -5.51417    173.55058    144.39957     29.15100
     -5.50417    165.77391    129.47089     36.30302
     -5.49417    162.12261    120.80937     41.31324
     -5.48417    104.09452     77.70109     26.39342
     -5.47417     58.45328     49.83044      8.62284
     -5.46417    103.70178     96.70057      7.00121
     -5.45417    156.32956    141.83985     14.48971
     -5.44417    146.61969    129.31921     17.30049
     -5.43417    113.33716     99.40407     13.93309
     -5.42417     87.79309     75.90105     11.89204
     -5.41417    101.31924     87.27961     14.03963
     -5.40417    115.21774    104.69055     10.52720
     -5.39417    122.97995    117.35224      5.62771
     -5.38417    153.93470    145.88652      8.04818
     -5.37417    166.33966    155.65668     10.68299
     -5.36417     84.49135     78.66680      5.82456
     -5.35417     21.05661     19.04352      2.01310
     -5.34417     39.06099     32.44099      6.62000
     -5.33417    119.49857    100.12112     19.37745
     -5.32417    149.00435    126.55989     22.44445
     -5.31417     76.67144     66.29420     10.37725
     -5.30417     44.49039     41.22146      3.26893
     -5.29417    125.97341    117.27147      8.70194
     -5.28417    262.16026    236.93901     25.22125
     -5.27417    313.81491    279.25002     34.56488
     -5.26417    201.23068    180.58837     20.64231
     -5.25417     78.80130     71.37513      7.42618
     -5.24417    112.45667     99.09661     13.36006
     -5.23417    238.51467    209.58730     28.92737
     -5.22417    302.67080    266.47536     36.19544
     -5.21417    325.57420    288.74499     36.82921
     -5.20417    333.13468    299.98909     33.14559
     -5.19417    241.62156    219.91732     21.70424
     -5.18417    138.56445    125.48560     13.07885
     -5.17417     71.97680     64.65152      7.32528
     -5.16417     36.00458     32.68080      3.32378
     -5.15417    117.63642    108.18791      9.44851
     -5.14417    347.66785    318.30894     29.35892
     -5.13417    496.51308    451.35231     45.16077
     -5.12417    403.28051    365.09016     38.19035
     -5.11417    300.08536    272.64949     27.43587
     -5.10417    220.05388    199.81786     20.23602
     -5.09417     85.39543     77.04458      8.35085
     -5.08417     13.57047     12.14162      1.42885
     -5.07417      0.83805      0.74337      0.09468
     -5.06417      0.02415      0.02169      0.00246
     -5.05417      0.24231      0.23741      0.00490
     -5.04417      5.08529      4.98102      0.10427
     -5.03417     41.30374     40.38193      0.92181
     -5.02417    135.45037    131.43799      4.01238
     -5.01417    197.63357    187.60917     10.02440
     -5.00417    148.47871    135.46947     13.00924
     -4.99417     59.71283     52.50009      7.21274
     -4.98417     11.20820      9.66414      1.54406
     -4.97417      0.85763      0.73420      0.12342
     -4.96417      0.15496      0.14860      0.00636
     -4.95417      2.84277      2.78328      0.05949
     -4.94417     22.83756     22.35647      0.48109
     -4.93417     68.25109     66.71049      1.54060
     -4.92417     84.32499     81.19559      3.12940
     -4.91417     81.99542     74.22607      7.76935
     -4.90417    111.94056     99.79746     12.14310
     -4.89417    120.28876    112.12111      8.16765
     -4.88417     79.25852     76.57942      2.67910
     -4.87417     26.05739     25.46147      0.59592
     -4.86417     19.42896     18.34863      1.08032
     -4.85417     83.85862     78.54980      5.30882
     -4.84417    158.15642    148.04542     10.11100
     -4.83417    111.39039    104.09387      7.29652
     -4.82417     43.53994     39.49989      4.04004
     -4.81417     60.02783     51.62492      8.40291
     -4.80417     78.70153     67.44868     11.25286
     -4.79417     43.83948     38.11249      5.72698
     -4.78417     42.20562     40.54350      1.66213
     -4.77417    111.21259    109.10418      2.10841
     -4.76417    146.70827    143.87540      2.83286
     -4.75417     82.29839     80.63808      1.66031
     -4.74417     23.04532     22.51326      0.53206
     -4.73417     47.65716     45.88822      1.76895
     -4.72417    211.45811    202.40849      9.04962
     -4.71417    415.49334    395.70657     19.78677
     -4.70417    385.82902    367.24332     18.58570
     -4.69417    245.80589    236.44475      9.36114
     -4.68417    184.74975    179.71673      5.03302
     -4.67417    125.03676    121.89151      3.14526
     -4.66417    173.07887    168.15303      4.92584
     -4.65417    280.54166    270.55176      9.98991
     -4.64417    227.83263    216.76830     11.06433
     -4.63417    122.33388    114.32370      8.01018
     -4.62417    141.03110    130.43996     10.59114
     -4.61417    188.87145    174.63889     14.23257
     -4.60417    150.77372    141.72104      9.05268
     -4.59417     76.75088     73.73328      3.01760
     -4.58417     32.08410     31.16374      0.92036
     -4.57417     54.34463     52.84889      1.49574
     -4.56417     79.64826     77.45111      2.19715
     -4.55417     45.83935     44.52126      1.31809
     -4.54417     27.01908     25.48218      1.53691
     -4.53417     89.89529     83.17016      6.72512
     -4.52417    179.25244    165.90369     13.34875
     -4.51417    202.43333    190.20316     12.23017
     -4.50417    225.47913    215.02119     10.45794
     -4.49417    191.36643    181.82628      9.54014
     -4.48417     78.75205     74.25046      4.50160
     -4.47417     15.21393     14.31284      0.90109
     -4.46417     18.32187     17.73480      0.58707
     -4.45417     67.13858     64.50015      2.63843
     -4.44417    117.31122    109.69436      7.61686
     -4.43417    115.97256    104.04596     11.92660
     -4.42417     70.04390     61.79461      8.24929
     -4.41417     52.69371     49.76175      2.93196
     -4.40417     79.48940     77.59344      1.89596
     -4.39417     67.84607     66.33427      1.51180
     -4.38417     73.73980     71.77103      1.96877
     -4.37417    165.63131    160.12685      5.50446
     -4.36417    218.93237    208.51718     10.41519
     -4.35417    178.24031    164.07792     14.16239
     -4.34417    115.85080    102.49105     13.35975
     -4.33417     50.05559     43.63932      6.41627
     -4.32417     26.39737     24.70540      1.69197
     -4.31417     61.04518     59.37414      1.67104
     -4.30417     77.76671     75.73378      2.03293
     -4.29417     44.46240     43.33836      1.12404
     -4.28417     61.56488     59.80251      1.76237
     -4.27417    162.97424    156.02742      6.94682
     -4.26417    214.83917    201.66744     13.17173
     -4.25417    132.95451    122.46279     10.49172
     -4.24417     89.37034     83.46869      5.90164
     -4.23417    194.30941    186.02868      8.28073
     -4.22417    284.59184    275.26899      9.32285
     -4.21417    193.81839    188.69884      5.11955
     -4.20417     61.11181     59.23104      1.88077
     -4.19417     35.65627     31.52600      4.13026
     -4.18417     73.23098     63.17214     10.05884
     -4.17417     68.33463     58.99364      9.34100
     -4.16417     32.86439     29.45087      3.41352
     -4.15417     56.96286     55.31905      1.64381
     -4.14417    134.54444    131.56763      2.97682
     -4.13417    188.89485    184.53672      4.35812
     -4.12417    195.59875    188.79479      6.80396
     -4.11417    180.69598    168.88758     11.80840
     -4.10417    144.06968    129.55849     14.51119
     -4.09417     72.72539     63.80152      8.92387
     -4.08417     17.30059     15.01223      2.28836
     -4.07417      1.67127      1.44493      0.22635
     -4.06417      0.44039      0.41067      0.02972
     -4.05417      7.33374      6.87845      0.45529
     -4.04417     52.69237     49.10251      3.58986
     -4.03417    141.52779    131.01050     10.51729
     -4.02417    150.25892    138.34016     11.91877
     -4.01417     99.32211     91.94209      7.38002
     -4.00417     86.88440     81.39267      5.49173
     -3.99417     49.66036     46.63192      3.02844
     -3.98417     15.23182     14.15914      1.07268
     -3.97417     41.20369     37.75515      3.44854
     -3.96417    154.60654    143.72540     10.88114
     -3.95417    231.99165    218.73042     13.26123
     -3.94417    137.33567    131.08292      6.25274
     -3.93417     48.60224     47.10576      1.49648
     -3.92417     80.08391     78.09660      1.98731
     -3.91417    173.11156    166.99035      6.12122
     -3.90417    249.01204    236.11501     12.89703
     -3.89417    244.22068    228.23459     15.98609
     -3.88417    162.09429    152.05513     10.03917
     -3.87417     62.45571     59.55086      2.90485
     -3.86417     11.63085     11.19414      0.43671
     -3.85417      8.56116      7.60100      0.96016
     -3.84417     50.49824     45.04574      5.45250
     -3.83417    139.42769    127.12379     12.30390
     -3.82417    194.42658    181.94595     12.48063
     -3.81417    202.67439    193.99197      8.68243
     -3.80417    210.80013    204.61105      6.18908
     -3.79417    159.89607    154.63490      5.26117
     -3.78417    101.44994     92.80274      8.64720
     -3.77417     84.05354     73.17495     10.87859
     -3.76417     41.05369     35.50651      5.54718
     -3.75417     17.35057     15.75025      1.60032
     -3.74417     68.73615     64.52526      4.21089
     -3.73417    210.69861    197.75093     12.94768
     -3.72417    291.41455    274.38528     17.02927
     -3.71417    173.52312    164.36175      9.16137
     -3.70417     47.67115     45.13778      2.53337
     -3.69417     48.62485     44.25697      4.36788
     -3.68417    135.40195    124.19662     11.20533
     -3.67417    177.25811    165.08920     12.16891
     -3.66417    145.98208    137.89462      8.08746
     -3.65417    138.79727    130.34931      8.44795
     -3.64417    171.51748    158.71791     12.79957
     -3.63417    136.69154    125.80205     10.88949
     -3.62417     77.25696     71.28056      5.97641
     -3.61417    141.89713    131.62933     10.26781
     -3.60417    220.60796    205.15193     15.45604
     -3.59417    170.69313    158.48594     12.20718
     -3.58417    111.04246     99.72121     11.32125
     -3.57417     98.38298     86.06385     12.31913
     -3.56417    127.43149    115.02284     12.40865
     -3.55417    252.78058    235.76203     17.01855
     -3.54417    325.17738    305.90474     19.27264
     -3.53417    239.82975    223.23127     16.59848
     -3.52417    143.57325    134.14244      9.43082
     -3.51417    112.06837    107.78037      4.28800
     -3.50417    102.18980     98.64955      3.54025
     -3.49417     82.37560     79.20332      3.17228
     -3.48417     38.62902     37.11287      1.51616
     -3.47417     43.97349     42.38118      1.59231
     -3.46417    114.58947    110.73842      3.85105
     -3.45417    151.07725    146.38825      4.68899
     -3.44417    130.61425    126.71905      3.89520
     -3.43417    176.90416    171.93229      4.97187
     -3.42417    238.93936    232.90412      6.03525
     -3.41417    200.18167    194.90064      5.28103
     -3.40417    131.20760    127.25223      3.95537
     -3.39417    102.87378     99.97931      2.89448
     -3.38417     77.11261     75.14302      1.96958
     -3.37417     28.91664     28.19375      0.72289
     -3.36417     12.97903     12.63579      0.34324
     -3.35417     44.26730     43.06580      1.20150
     -3.34417     79.47120     77.31333      2.15787
     -3.33417     52.73182     51.30002      1.43180
     -3.32417     13.00427     12.65238      0.35189
     -3.31417      4.07742      3.99337      0.08405
     -3.30417     24.39123     23.95092      0.44031
     -3.29417     82.06108     80.57819      1.48289
     -3.28417    128.87125    126.53343      2.33782
     -3.27417    107.87728    105.91152      1.96576
     -3.26417     45.17057     44.34529      0.82528
     -3.25417      8.04276      7.89567      0.14709
     -3.24417      0.55346      0.54333      0.01012
     -3.23417      0.01419      0.01393      0.00026
     -3.22417      0.00000      0.00000      0.00000
     -3.21417      0.00000      0.00000      0.00000
     -3.20417      0.00044      0.00043      0.00001
     -3.19417      0.03667      0.03601      0.00066
     -3.18417      1.12155      1.10128      0.02026
     -3.17417     12.61910     12.39112      0.22797
     -3.16417     52.23461     51.29097      0.94364
     -3.15417     79.63730     78.19892      1.43838
     -3.14417     46.91140     46.07141      0.84000
     -3.13417     29.49560     29.02728      0.46833
     -3.12417     65.11667     64.14494      0.97173
     -3.11417     75.17551     74.05617      1.11934
     -3.10417     32.25591     31.77566      0.48026
     -3.09417      5.09284      5.01701      0.07583
     -3.08417      0.29581      0.29141      0.00440
     -3.07417      0.00632      0.00623      0.00009
     -3.06417      0.00143      0.00141      0.00003
     -3.05417      0.09319      0.09150      0.00169
     -3.04417      2.22961      2.18909      0.04052
     -3.03417     19.62350     19.26692      0.35659
     -3.02417     63.54209     62.38745      1.15464
     -3.01417     75.90966     74.53098      1.37868
     -3.00417     37.40327     36.73673      0.66653
     -2.99417     34.34654     33.81228      0.53426
     -2.98417     73.28595     72.18035      1.10560
     -2.97417     67.54905     66.53088      1.01817
     -2.96417     22.99943     22.65277      0.34666
     -2.95417      2.88114      2.83772      0.04343
     -2.94417      0.13278      0.13077      0.00200
     -2.93417      0.00225      0.00222      0.00003
     -2.92417      0.00474      0.00466      0.00009
     -2.91417      0.23707      0.23271      0.00436
     -2.90417      4.35793      4.27771      0.08023
     -2.89417     29.47021     28.92769      0.54252
     -2.88417     73.32057     71.97083      1.34974
     -2.87417     67.37666     66.13751      1.23915
     -2.86417     27.53396     27.04807      0.48589
     -2.85417     35.91455     35.39247      0.52209
     -2.84417     90.91844     89.61192      1.30651
     -2.83417    123.64160    121.82144      1.82017
     -2.82417     99.50552     98.00304      1.50248
     -2.81417     48.66992     47.93189      0.73803
     -2.80417     48.14099     47.43543      0.70556
     -2.79417     79.33903     78.18511      1.15392
     -2.78417     55.71622     54.90598      0.81023
     -2.77417     15.48736     15.25765      0.22971
     -2.76417     13.33722     13.09078      0.24644
     -2.75417     51.45917     50.48665      0.97252
     -2.74417     89.15441     87.49634      1.65807
     -2.73417    107.11286    105.28529      1.82757
     -2.72417    156.93928    154.46520      2.47407
     -2.71417    132.62987    130.57775      2.05212
     -2.70417     44.01226     43.33650      0.67575
     -2.69417      5.46631      5.38287      0.08344
     -2.68417      0.46783      0.45755      0.01029
     -2.67417      4.84218      4.69714      0.14504
     -2.66417     40.58905     39.37311      1.21593
     -2.65417    127.51164    123.69460      3.81704
     -2.64417    153.41019    148.86317      4.54702
     -2.63417    105.81969    103.14770      2.67199
     -2.62417    170.46700    167.37548      3.09151
     -2.61417    252.45179    247.92807      4.52371
     -2.60417    275.11251    268.43525      6.67726
     -2.59417    557.45024    540.51389     16.93634
     -2.58417    804.50467    779.55706     24.94761
     -2.57417    543.81328    527.00396     16.80932
     -2.56417    221.24621    214.47992      6.76630
     -2.55417    104.01078    100.87002      3.14076
     -2.54417     73.17515     71.02522      2.14993
     -2.53417    129.42960    125.83661      3.59299
     -2.52417    211.21838    205.64026      5.57812
     -2.51417    236.69270    230.89400      5.79871
     -2.50417    232.74095    227.60316      5.13778
     -2.49417    209.47803    205.11473      4.36329
     -2.48417    115.42844    113.09662      2.33182
     -2.47417     27.71865     27.17778      0.54087
     -2.46417      2.57968      2.53122      0.04846
     -2.45417      0.09010      0.08847      0.00163
     -2.44417      0.00171      0.00168      0.00003
     -2.43417      0.04266      0.04197      0.00069
     -2.42417      1.25521      1.23480      0.02041
     -2.41417     13.58611     13.36514      0.22097
     -2.40417     54.14467     53.26419      0.88048
     -2.39417     80.70721     79.39832      1.30889
     -2.38417     58.26652     57.35498      0.91154
     -2.37417     76.00222     74.85738      1.14484
     -2.36417    160.23312    157.41536      2.81777
     -2.35417    275.76258    270.16782      5.59476
     -2.34417    305.72330    299.23926      6.48404
     -2.33417    243.05480    237.91709      5.13772
     -2.32417    230.29123    225.52322      4.76800
     -2.31417    221.60165    217.07533      4.52632
     -2.30417    237.66660    232.92048      4.74612
     -2.29417    304.66364    298.78361      5.88003
     -2.28417    353.12721    346.47643      6.65078
     -2.27417    372.64455    365.60010      7.04445
     -2.26417    362.10302    355.22532      6.87770
     -2.25417    279.51576    274.33821      5.17754
     -2.24417    208.32315    204.71772      3.60543
     -2.23417    123.70937    121.67018      2.03919
     -2.22417     33.85904     33.31511      0.54392
     -2.21417      3.57275      3.51649      0.05626
     -2.20417      0.25373      0.24989      0.00384
     -2.19417      2.56497      2.52728      0.03769
     -2.18417     21.40115     21.08666      0.31450
     -2.17417     65.74267     64.77656      0.96611
     -2.16417     74.29908     73.20724      1.09185
     -2.15417     31.07514     30.61866      0.45648
     -2.14417      8.41411      8.29402      0.12009
     -2.13417     26.97635     26.60569      0.37066
     -2.12417     71.14357     70.16672      0.97685
     -2.11417     70.13756     69.17520      0.96235
     -2.10417     32.03843     31.60893      0.42950
     -2.09417     41.68591     41.17113      0.51478
     -2.08417     78.93930     77.97249      0.96681
     -2.07417     68.02013     67.17179      0.84834
     -2.06417     61.64264     60.81011      0.83253
     -2.05417     81.28141     80.14976      1.13165
     -2.04417     51.30841     50.59239      0.71602
     -2.03417     12.31764     12.14587      0.17178
     -2.02417      4.75679      4.69320      0.06359
     -2.01417     26.79040     26.43674      0.35365
     -2.00417     71.16684     70.22745      0.93939
     -1.99417     69.63510     68.71593      0.91917
     -1.98417     25.10053     24.76919      0.33134
     -1.97417      4.39633      4.33779      0.05854
     -1.96417     12.45414     12.28398      0.17017
     -1.95417     51.82381     51.11573      0.70808
     -1.94417     84.18342     83.03913      1.14429
     -1.93417     75.50714     74.51818      0.98896
     -1.92417     83.34409     82.31028      1.03381
     -1.91417     67.26651     66.44210      0.82441
     -1.90417     26.06604     25.74924      0.31680
     -1.89417     31.28935     30.92243      0.36691
     -1.88417     72.84838     71.99744      0.85094
     -1.87417     69.12895     68.31824      0.81071
     -1.86417     36.76672     36.30047      0.46625
     -1.85417     56.76500     55.95442      0.81058
     -1.84417     79.42205     78.27700      1.14505
     -1.83417     42.97325     42.35349      0.61976
     -1.82417      8.56769      8.44413      0.12356
     -1.81417      0.62987      0.62078      0.00908
     -1.80417      0.12992      0.12834      0.00158
     -1.79417      2.96692      2.93249      0.03443
     -1.78417     30.12216     29.77655      0.34561
     -1.77417    122.38809    120.97383      1.41426
     -1.76417    210.86873    208.31609      2.55264
     -1.75417    164.43222    162.26092      2.17130
     -1.74417     59.15885     58.30304      0.85582
     -1.73417      9.33314      9.18923      0.14391
     -1.72417      0.60020      0.59062      0.00959
     -1.71417      0.01522      0.01498      0.00024
     -1.70417      0.02995      0.02979      0.00017
     -1.69417      0.97867      0.97297      0.00570
     -1.68417     11.97383     11.89971      0.07412
     -1.67417     57.61171     57.19464      0.41707
     -1.66417    120.78012    119.61985      1.16026
     -1.65417    125.90180    124.27213      1.62967
     -1.64417     66.66178     65.63128      1.03049
     -1.63417     24.70817     24.33870      0.36947
     -1.62417     49.91234     49.32211      0.59023
     -1.61417    107.70117    106.59340      1.10776
     -1.60417    130.90961    129.82376      1.08585
     -1.59417    127.95739    126.65775      1.29963
     -1.58417    153.77870    151.60967      2.16904
     -1.57417    145.48782    143.55961      1.92821
     -1.56417     63.57736     62.87238      0.70498
     -1.55417     11.23354     11.12962      0.10392
     -1.54417      0.77440      0.76822      0.00617
     -1.53417      0.02039      0.02025      0.00015
     -1.52417      0.00135      0.00132      0.00003
     -1.51417      0.08905      0.08690      0.00216
     -1.50417      2.15964      2.10739      0.05225
     -1.49417     19.37030     18.90318      0.46711
     -1.48417     66.14882     64.58541      1.56341
     -1.47417    100.23298     98.09931      2.13367
     -1.46417    102.54899    100.89758      1.65140
     -1.45417     77.38705     76.38153      1.00552
     -1.44417     27.94510     27.60200      0.34311
     -1.43417      3.90983      3.86229      0.04753
     -1.42417      0.20289      0.20043      0.00246
     -1.41417      0.00825      0.00809      0.00016
     -1.40417      0.22236      0.21676      0.00560
     -1.39417      4.16469      4.05980      0.10488
     -1.38417     28.69605     27.97336      0.72269
     -1.37417     72.73901     70.90714      1.83187
     -1.36417     67.82944     66.12121      1.70823
     -1.35417     23.26883     22.68283      0.58601
     -1.34417      2.95954      2.88531      0.07423
     -1.33417      0.92716      0.91435      0.01281
     -1.32417     10.00750      9.88885      0.11864
     -1.31417     46.56660     46.01468      0.55192
     -1.30417     79.73885     78.79365      0.94519
     -1.29417     50.55279     49.94895      0.60384
     -1.28417     17.14829     16.86728      0.28102
     -1.27417     34.73301     33.84520      0.88781
     -1.26417     76.02921     74.05561      1.97360
     -1.25417     62.97321     61.33816      1.63504
     -1.24417     19.19594     18.69754      0.49841
     -1.23417      2.15264      2.09675      0.05589
     -1.22417      0.08881      0.08650      0.00231
     -1.21417      0.00135      0.00131      0.00003
     -1.20417      0.00000      0.00000      0.00000
     -1.19417      0.01668      0.01631      0.00037
     -1.18417      0.71840      0.70285      0.01555
     -1.17417     11.49914     11.25878      0.24036
     -1.16417     68.44644     67.06918      1.37726
     -1.15417    151.57128    148.64335      2.92793
     -1.14417    124.89748    122.58600      2.31148
     -1.13417     38.29473     37.61654      0.67819
     -1.12417      4.36758      4.29358      0.07400
     -1.11417      0.18519      0.18219      0.00300
     -1.10417      0.00292      0.00287      0.00005
     -1.09417      0.00000      0.00000      0.00000
     -1.08417      0.02428      0.02362      0.00066
     -1.07417      0.82389      0.80141      0.02248
     -1.06417     10.28357     10.00298      0.28058
     -1.05417     47.21992     45.93154      1.28838
     -1.04417     79.76804     77.59165      2.17639
     -1.03417     49.73770     48.38337      1.35433
     -1.02417     14.76255     14.41538      0.34718
     -1.01417     26.52220     26.21305      0.30915
     -1.00417     70.13654     69.35940      0.77714
     -0.99417     70.71547     69.93239      0.78308
     -0.98417     26.24146     25.95085      0.29061
     -0.97417      3.66189      3.62000      0.04189
     -0.96417      2.17191      2.11432      0.05759
     -0.95417     18.28412     17.77385      0.51028
     -0.94417     61.71643     59.99385      1.72258
     -0.93417     76.64996     74.51057      2.13939
     -0.92417     35.02100     34.04352      0.97748
     -0.91417      5.88641      5.72212      0.16430
     -0.90417      0.36398      0.35382      0.01016
     -0.89417      0.02100      0.02063      0.00037
     -0.88417      0.50519      0.49983      0.00535
     -0.87417      7.39364      7.31507      0.07857
     -0.86417     40.15227     39.71830      0.43397
     -0.85417     85.48593     84.45413      1.03180
     -0.84417     95.66746     93.96120      1.70626
     -0.83417     93.39925     91.00724      2.39201
     -0.82417     59.70658     58.02914      1.67744
     -0.81417     16.00702     15.55104      0.45598
     -0.80417      1.60924      1.56332      0.04593
     -0.79417      0.05967      0.05796      0.00170
     -0.78417      0.00081      0.00079      0.00002
     -0.77417      0.00350      0.00340      0.00010
     -0.76417      0.18727      0.18180      0.00547
     -0.75417      3.69671      3.58895      0.10775
     -0.74417     27.12818     26.34427      0.78391
     -0.73417     77.76332     75.61963      2.14370
     -0.72417    107.17640    104.76342      2.41298
     -0.71417    102.84629    101.32923      1.51706
     -0.70417     62.61454     61.91974      0.69480
     -0.69417     16.79741     16.62501      0.17240
     -0.68417      1.72011      1.70272      0.01739
     -0.67417      0.07020      0.06939      0.00081
     -0.66417      0.24729      0.23992      0.00737
     -0.65417      4.47806      4.34427      0.13379
     -0.64417     29.94221     29.04761      0.89460
     -0.63417     73.65172     71.45119      2.20053
     -0.62417     66.65297     64.66165      1.99132
     -0.61417     22.43063     21.76542      0.66521
     -0.60417      7.16055      7.03705      0.12351
     -0.59417     29.92916     29.64157      0.28759
     -0.58417     73.55862     72.85787      0.70075
     -0.57417     66.81927     66.18188      0.63739
     -0.56417     23.54464     23.29423      0.25042
     -0.55417     16.23674     15.79819      0.43855
     -0.54417     54.04992     52.40081      1.64911
     -0.53417     79.26622     76.84397      2.42226
     -0.52417     42.86082     41.55103      1.30978
     -0.51417      8.52608      8.26553      0.26055
     -0.50417      0.63305      0.61390      0.01915
     -0.49417      0.40886      0.40483      0.00404
     -0.48417      6.22870      6.17210      0.05660
     -0.47417     37.11761     36.76085      0.35676
     -0.46417     89.46331     88.38684      1.07647
     -0.45417    112.40292    110.24528      2.15764
     -0.44417     97.19073     94.54799      2.64274
     -0.43417     46.97790     45.55301      1.42489
     -0.42417      9.47503      9.18087      0.29417
     -0.41417      0.72199      0.69947      0.02252
     -0.40417      0.02901      0.02816      0.00085
     -0.39417      0.43503      0.42461      0.01042
     -0.38417      8.09548      7.91013      0.18536
     -0.37417     55.93395     54.71558      1.21837
     -0.36417    143.53923    140.57707      2.96216
     -0.35417    136.83763    134.17194      2.66569
     -0.34417     48.45921     47.57061      0.88860
     -0.33417      6.37379      6.26399      0.10980
     -0.32417      0.32760      0.32206      0.00554
     -0.31417      0.65655      0.63707      0.01948
     -0.30417      9.89280      9.61581      0.27699
     -0.29417     58.61148     57.12759      1.48390
     -0.28417    138.50064    135.47767      3.02297
     -0.27417    132.56956    130.18077      2.38879
     -0.26417     51.36045     50.61106      0.74938
     -0.25417      8.22140      8.12370      0.09771
     -0.24417      6.06428      6.00203      0.06224
     -0.23417     40.16828     39.65704      0.51124
     -0.22417    117.09677    115.15715      1.93962
     -0.21417    143.89499    140.83226      3.06273
     -0.20417     75.22186     73.29096      1.93090
     -0.19417     16.28768     15.81859      0.46908
     -0.18417      1.63246      1.58204      0.05042
     -0.17417      4.34456      4.20399      0.14057
     -0.16417     29.23412     28.28798      0.94614
     -0.15417     73.14179     70.77461      2.36719
     -0.14417     67.32223     65.14339      2.17884
     -0.13417     22.83855     22.09941      0.73913
     -0.12417      4.10221      3.97011      0.13210
     -0.11417     13.76810     13.32966      0.43844
     -0.10417     54.19222     52.46674      1.72548
     -0.09417     79.21408     76.69191      2.52217
     -0.08417     42.69196     41.33274      1.35922
     -0.07417     10.69431     10.35595      0.33836
     -0.06417     20.44508     19.81289      0.63219
     -0.05417     63.82415     61.85243      1.97172
     -0.04417     75.52947     73.19616      2.33331
     -0.03417     33.11863     32.09588      1.02274
     -0.02417      9.56708      9.27865      0.28844
     -0.01417     29.54717     28.68279      0.86438
     -0.00417     73.15086     71.01214      2.13872
      0.00583     67.31868     65.35049      1.96819
      0.01583     22.79278     22.12639      0.66639
      0.02583      2.83899      2.75599      0.08300
      0.03583      0.13009      0.12628      0.00380
      0.04583      0.00219      0.00213      0.00006
      0.05583      0.00000      0.00000      0.00000
      0.06583      0.00000      0.00000      0.00000
      0.07583      0.00000      0.00000      0.00000
      0.08583      0.00000      0.00000      0.00000
      0.09583      0.00000      0.00000      0.00000
      0.10583      0.00000      0.00000      0.00000
      0.11583      0.00000      0.00000      0.00000
      0.12583      0.00000      0.00000      0.00000
      0.13583      0.00000      0.00000      0.00000
      0.14583      0.00000      0.00000      0.00000
      0.15583      0.00000      0.00000      0.00000
      0.16583      0.00000      0.00000      0.00000
      0.17583      0.00000      0.00000      0.00000
      0.18583      0.00000      0.00000      0.00000
      0.19583      0.00000      0.00000      0.00000
      0.20583      0.00000      0.00000      0.00000
      0.21583      0.00000      0.00000      0.00000
      0.22583      0.00000      0.00000      0.00000
      0.23583      0.00000      0.00000      0.00000
      0.24583      0.00000      0.00000      0.00000
      0.25583      0.00000      0.00000      0.00000
      0.26583      0.00000      0.00000      0.00000
      0.27583      0.00000      0.00000      0.00000
      0.28583      0.00000      0.00000      0.00000
      0.29583      0.00000      0.00000      0.00000
      0.30583      0.00000      0.00000      0.00000
      0.31583      0.00000      0.00000      0.00000
      0.32583      0.00000      0.00000      0.00000
      0.33583      0.00000      0.00000      0.00000
      0.34583      0.00000      0.00000      0.00000
      0.35583      0.00000      0.00000      0.00000
      0.36583      0.00000      0.00000      0.00000
      0.37583      0.00000      0.00000      0.00000
      0.38583      0.00000      0.00000      0.00000
      0.39583      0.00000      0.00000      0.00000
      0.40583      0.00000      0.00000      0.00000
      0.41583      0.00000      0.00000      0.00000
      0.42583      0.00000      0.00000      0.00000
      0.43583      0.00000      0.00000      0.00000
      0.44583      0.00000      0.00000      0.00000
      0.45583      0.00000      0.00000      0.00000
      0.46583      0.00000      0.00000      0.00000
      0.47583      0.00000      0.00000      0.00000
      0.48583      0.00000      0.00000      0.00000
      0.49583      0.00000      0.00000      0.00000
      0.50583      0.00000      0.00000      0.00000
      0.51583      0.00000      0.00000      0.00000
      0.52583      0.00000      0.00000      0.00000
      0.53583      0.00000      0.00000      0.00000
      0.54583      0.00000      0.00000      0.00000
      0.55583      0.00000      0.00000      0.00000
      0.56583      0.00000      0.00000      0.00000
      0.57583      0.00000      0.00000      0.00000
      0.58583      0.00000      0.00000      0.00000
      0.59583      0.00000      0.00000      0.00000
      0.60583      0.00000      0.00000      0.00000
      0.61583      0.00000      0.00000      0.00000
      0.62583      0.00000      0.00000      0.00000
      0.63583      0.00000      0.00000      0.00000
      0.64583      0.00000      0.00000      0.00000
      0.65583      0.00000      0.00000      0.00000
      0.66583      0.00000      0.00000      0.00000
      0.67583      0.00000      0.00000      0.00000
      0.68583      0.00000      0.00000      0.00000
      0.69583      0.00000      0.00000      0.00000
      0.70583      0.00000      0.00000      0.00000
      0.71583      0.00000      0.00000      0.00000
      0.72583      0.00000      0.00000      0.00000
      0.73583      0.00000      0.00000      0.00000
      0.74583      0.00000      0.00000      0.00000
      0.75583      0.00000      0.00000      0.00000
      0.76583      0.00000      0.00000      0.00000
      0.77583      0.00000      0.00000      0.00000
      0.78583      0.00000      0.00000      0.00000
      0.79583      0.00000      0.00000      0.00000
      0.80583      0.00000      0.00000      0.00000
      0.81583      0.00000      0.00000      0.00000
      0.82583      0.00000      0.00000      0.00000
      0.83583      0.00000      0.00000      0.00000
      0.84583      0.00000      0.00000      0.00000
      0.85583      0.00000      0.00000      0.00000
      0.86583      0.00000      0.00000      0.00000
      0.87583      0.00000      0.00000      0.00000
      0.88583      0.00000      0.00000      0.00000
      0.89583      0.00000      0.00000      0.00000
      0.90583      0.00000      0.00000      0.00000
      0.91583      0.00000      0.00000      0.00000
      0.92583      0.00000      0.00000      0.00000
      0.93583      0.00000      0.00000      0.00000
      0.94583      0.00000      0.00000      0.00000
      0.95583      0.00000      0.00000      0.00000
      0.96583      0.00000      0.00000      0.00000
      0.97583      0.00000      0.00000      0.00000
      0.98583      0.00000      0.00000      0.00000
      0.99583      0.00000      0.00000      0.00000
      1.00583      0.00000      0.00000      0.00000
      1.01583      0.00000      0.00000      0.00000
      1.02583      0.00000      0.00000      0.00000
      1.03583      0.00000      0.00000      0.00000
      1.04583      0.00000      0.00000      0.00000
      1.05583      0.00000      0.00000      0.00000
      1.06583      0.00000      0.00000      0.00000
      1.07583      0.00000      0.00000      0.00000
      1.08583      0.00000      0.00000      0.00000
      1.09583      0.00000      0.00000      0.00000
      1.10583      0.00000      0.00000      0.00000
      1.11583      0.00000      0.00000      0.00000
      1.12583      0.00000      0.00000      0.00000
      1.13583      0.00000      0.00000      0.00000
      1.14583      0.00000      0.00000      0.00000
      1.15583      0.00000      0.00000      0.00000
      1.16583      0.00000      0.00000      0.00000
      1.17583      0.00000      0.00000      0.00000
      1.18583      0.00000      0.00000      0.00000
      1.19583      0.00000      0.00000      0.00000
      1.20583      0.00000      0.00000      0.00000
      1.21583      0.00000      0.00000      0.00000
      1.22583      0.00000      0.00000      0.00000
      1.23583      0.00000      0.00000      0.00000
      1.24583      0.00000      0.00000      0.00000
      1.25583      0.00000      0.00000      0.00000
      1.26583      0.00000      0.00000      0.00000
      1.27583      0.00000      0.00000      0.00000
      1.28583      0.00000      0.00000      0.00000
      1.29583      0.00000      0.00000      0.00000
      1.30583      0.00000      0.00000      0.00000
      1.31583      0.00000      0.00000      0.00000
      1.32583      0.00000      0.00000      0.00000
      1.33583      0.00000      0.00000      0.00000
      1.34583      0.00000      0.00000      0.00000
      1.35583      0.00000      0.00000      0.00000
      1.36583      0.00000      0.00000      0.00000
      1.37583      0.00000      0.00000      0.00000
      1.38583      0.00000      0.00000      0.00000
      1.39583      0.00000      0.00000      0.00000
      1.40583      0.00000      0.00000      0.00000
      1.41583      0.00000      0.00000      0.00000
      1.42583      0.00000      0.00000      0.00000
      1.43583      0.00000      0.00000      0.00000
      1.44583      0.00000      0.00000      0.00000
      1.45583      0.00000      0.00000      0.00000
      1.46583      0.00000      0.00000      0.00000
      1.47583      0.00000      0.00000      0.00000
      1.48583      0.00000      0.00000      0.00000
      1.49583      0.00000      0.00000      0.00000
      1.50583      0.00000      0.00000      0.00000
      1.51583      0.00000      0.00000      0.00000
      1.52583      0.00000      0.00000      0.00000
      1.53583      0.00000      0.00000      0.00000
      1.54583      0.00000      0.00000      0.00000
      1.55583      0.00000      0.00000      0.00000
      1.56583      0.00000      0.00000      0.00000
      1.57583      0.00000      0.00000      0.00000
      1.58583      0.00000      0.00000      0.00000
      1.59583      0.00000      0.00000      0.00000
      1.60583      0.00000      0.00000      0.00000
      1.61583      0.00000      0.00000      0.00000
      1.62583      0.00000      0.00000      0.00000
      1.63583      0.00000      0.00000      0.00000
      1.64583      0.00000      0.00000      0.00000
      1.65583      0.00000      0.00000      0.00000
      1.66583      0.00000      0.00000      0.00000
      1.67583      0.00000      0.00000      0.00000
      1.68583      0.00000      0.00000      0.00000
      1.69583      0.00000      0.00000      0.00000
      1.70583      0.00000      0.00000      0.00000
      1.71583      0.00000      0.00000      0.00000
      1.72583      0.00000      0.00000      0.00000
      1.73583      0.00000      0.00000      0.00000
      1.74583      0.00000      0.00000      0.00000
      1.75583      0.00000      0.00000      0.00000
      1.76583      0.00000      0.00000      0.00000
      1.77583      0.00000      0.00000      0.00000
      1.78583      0.00000      0.00000      0.00000
      1.79583      0.00000      0.00000      0.00000
      1.80583      0.00000      0.00000      0.00000
      1.81583      0.00000      0.00000      0.00000
      1.82583      0.00000      0.00000      0.00000
      1.83583      0.00000      0.00000      0.00000
      1.84583      0.00000      0.00000      0.00000
      1.85583      0.00000      0.00000      0.00000
      1.86583      0.00000      0.00000      0.00000
      1.87583      0.00000      0.00000      0.00000
      1.88583      0.00000      0.00000      0.00000
      1.89583      0.00000      0.00000      0.00000
      1.90583      0.00000      0.00000      0.00000
      1.91583      0.00000      0.00000      0.00000
      1.92583      0.00000      0.00000      0.00000
      1.93583      0.00000      0.00000      0.00000
      1.94583      0.00000      0.00000      0.00000
      1.95583      0.00000      0.00000      0.00000
      1.96583      0.00000      0.00000      0.00000
      1.97583      0.00000      0.00000      0.00000
      1.98583      0.00000      0.00000      0.00000
      1.99583      0.00000      0.00000      0.00000
      2.00583      0.00000      0.00000      0.00000
      2.01583      0.00000      0.00000      0.00000
      2.02583      0.00000      0.00000      0.00000
      2.03583      0.00000      0.00000      0.00000
      2.04583      0.00000      0.00000      0.00000
      2.05583      0.00000      0.00000      0.00000
      2.06583      0.00000      0.00000      0.00000
      2.07583      0.00000      0.00000      0.00000
      2.08583      0.00000      0.00000      0.00000
      2.09583      0.00000      0.00000      0.00000
      2.10583      0.00000      0.00000      0.00000
      2.11583      0.00000      0.00000      0.00000
      2.12583      0.00000      0.00000      0.00000
      2.13583      0.00000      0.00000      0.00000
      2.14583      0.00000      0.00000      0.00000
      2.15583      0.00000      0.00000      0.00000
      2.16583      0.00000      0.00000      0.00000
      2.17583      0.00000      0.00000      0.00000
      2.18583      0.00000      0.00000      0.00000
      2.19583      0.00000      0.00000      0.00000
      2.20583      0.00000      0.00000      0.00000
      2.21583      0.00000      0.00000      0.00000
      2.22583      0.00000      0.00000      0.00000
      2.23583      0.00000      0.00000      0.00000
      2.24583      0.00000      0.00000      0.00000
      2.25583      0.00000      0.00000      0.00000
      2.26583      0.00000      0.00000      0.00000
      2.27583      0.00000      0.00000      0.00000
      2.28583      0.00000      0.00000      0.00000
      2.29583      0.00000      0.00000      0.00000
      2.30583      0.00000      0.00000      0.00000
      2.31583      0.00000      0.00000      0.00000
      2.32583      0.00000      0.00000      0.00000
      2.33583      0.00000      0.00000      0.00000
      2.34583      0.00000      0.00000      0.00000
      2.35583      0.00000      0.00000      0.00000
      2.36583      0.00000      0.00000      0.00000
      2.37583      0.00000      0.00000      0.00000
      2.38583      0.00000      0.00000      0.00000
      2.39583      0.00000      0.00000      0.00000
      2.40583      0.00000      0.00000      0.00000
      2.41583      0.00000      0.00000      0.00000
      2.42583      0.00000      0.00000      0.00000
      2.43583      0.00000      0.00000      0.00000
      2.44583      0.00000      0.00000      0.00000
      2.45583      0.00000      0.00000      0.00000
      2.46583      0.00000      0.00000      0.00000
      2.47583      0.00000      0.00000      0.00000
      2.48583      0.00000      0.00000      0.00000
      2.49583      0.00000      0.00000      0.00000
      2.50583      0.00000      0.00000      0.00000
      2.51583      0.00000      0.00000      0.00000
      2.52583      0.00000      0.00000      0.00000
      2.53583      0.00000      0.00000      0.00000
      2.54583      0.00000      0.00000      0.00000
      2.55583      0.00000      0.00000      0.00000
      2.56583      0.00000      0.00000      0.00000
      2.57583      0.00000      0.00000      0.00000
      2.58583      0.00000      0.00000      0.00000
      2.59583      0.00000      0.00000      0.00000
      2.60583      0.00000      0.00000      0.00000
      2.61583      0.00000      0.00000      0.00000
      2.62583      0.00000      0.00000      0.00000
      2.63583      0.00000      0.00000      0.00000
      2.64583      0.00000      0.00000      0.00000
      2.65583      0.00000      0.00000      0.00000
      2.66583      0.00000      0.00000      0.00000
      2.67583      0.00000      0.00000      0.00000
      2.68583      0.00000      0.00000      0.00000
      2.69583      0.00000      0.00000      0.00000
      2.70583      0.00000      0.00000      0.00000
      2.71583      0.00000      0.00000      0.00000
      2.72583      0.00000      0.00000      0.00000
      2.73583      0.00000      0.00000      0.00000
      2.74583      0.00000      0.00000      0.00000
      2.75583      0.00000      0.00000      0.00000
      2.76583      0.00000      0.00000      0.00000
      2.77583      0.00000      0.00000      0.00000
      2.78583      0.00000      0.00000      0.00000
      2.79583      0.00000      0.00000      0.00000
      2.80583      0.00000      0.00000      0.00000
      2.81583      0.00000      0.00000      0.00000
      2.82583      0.00000      0.00000      0.00000
      2.83583      0.00000      0.00000      0.00000
      2.84583      0.00000      0.00000      0.00000
      2.85583      0.00000      0.00000      0.00000
      2.86583      0.00000      0.00000      0.00000
      2.87583      0.00000      0.00000      0.00000
      2.88583      0.00000      0.00000      0.00000
      2.89583      0.00000      0.00000      0.00000
      2.90583      0.00000      0.00000      0.00000
      2.91583      0.00000      0.00000      0.00000
      2.92583      0.00000      0.00000      0.00000
      2.93583      0.00000      0.00000      0.00000
      2.94583      0.00000      0.00000      0.00000
      2.95583      0.00000      0.00000      0.00000
      2.96583      0.00000      0.00000      0.00000
      2.97583      0.00000      0.00000      0.00000
      2.98583      0.00000      0.00000      0.00000
      2.99583      0.00000      0.00000      0.00000
      3.00583      0.00000      0.00000      0.00000
      3.01583      0.00000      0.00000      0.00000
      3.02583      0.00000      0.00000      0.00000
      3.03583      0.00000      0.00000      0.00000
      3.04583      0.00000      0.00000      0.00000
      3.05583      0.00000      0.00000      0.00000
      3.06583      0.00000      0.00000      0.00000
      3.07583      0.00000      0.00000      0.00000
      3.08583      0.00000      0.00000      0.00000
      3.09583      0.00000      0.00000      0.00000
      3.10583      0.00000      0.00000      0.00000
      3.11583      0.00000      0.00000      0.00000
      3.12583      0.00000      0.00000      0.00000
      3.13583      0.00000      0.00000      0.00000
      3.14583      0.00000      0.00000      0.00000
      3.15583      0.00000      0.00000      0.00000
      3.16583      0.00000      0.00000      0.00000
      3.17583      0.00000      0.00000      0.00000
      3.18583      0.00000      0.00000      0.00000
      3.19583      0.00000      0.00000      0.00000
      3.20583      0.00000      0.00000      0.00000
      3.21583      0.00000      0.00000      0.00000
      3.22583      0.00000      0.00000      0.00000
      3.23583      0.00000      0.00000      0.00000
      3.24583      0.00000      0.00000      0.00000
      3.25583      0.00000      0.00000      0.00000
      3.26583      0.00000      0.00000      0.00000
      3.27583      0.00000      0.00000      0.00000
      3.28583      0.00000      0.00000      0.00000
      3.29583      0.00000      0.00000      0.00000
      3.30583      0.00000      0.00000      0.00000
      3.31583      0.00000      0.00000      0.00000
      3.32583      0.00000      0.00000      0.00000
      3.33583      0.00000      0.00000      0.00000
      3.34583      0.00000      0.00000      0.00000
      3.35583      0.00000      0.00000      0.00000
      3.36583      0.00000      0.00000      0.00000
      3.37583      0.00000      0.00000      0.00000
      3.38583      0.00000      0.00000      0.00000
      3.39583      0.00000      0.00000      0.00000
      3.40583      0.00000      0.00000      0.00000
      3.41583      0.00000      0.00000      0.00000
      3.42583      0.00000      0.00000      0.00000
      3.43583      0.00000      0.00000      0.00000
      3.44583      0.00000      0.00000      0.00000
      3.45583      0.00000      0.00000      0.00000
      3.46583      0.00000      0.00000      0.00000
      3.47583      0.00000      0.00000      0.00000
      3.48583      0.00000      0.00000      0.00000
      3.49583      0.00000      0.00000      0.00000
      3.50583      0.00000      0.00000      0.00000
      3.51583      0.00000      0.00000      0.00000
      3.52583      0.00000      0.00000      0.00000
      3.53583      0.00000      0.00000      0.00000
      3.54583      0.00000      0.00000      0.00000
      3.55583      0.00000      0.00000      0.00000
      3.56583      0.00000      0.00000      0.00000
      3.57583      0.00000      0.00000      0.00000
      3.58583      0.00000      0.00000      0.00000
      3.59583      0.00000      0.00000      0.00000
      3.60583      0.00000      0.00000      0.00000
      3.61583      0.00000      0.00000      0.00000
      3.62583      0.00000      0.00000      0.00000
      3.63583      0.00000      0.00000      0.00000
      3.64583      0.00000      0.00000      0.00000
      3.65583      0.00000      0.00000      0.00000
      3.66583      0.00000      0.00000      0.00000
      3.67583      0.00000      0.00000      0.00000
      3.68583      0.00000      0.00000      0.00000
      3.69583      0.00000      0.00000      0.00000
      3.70583      0.00000      0.00000      0.00000
      3.71583      0.00000      0.00000      0.00000
      3.72583      0.00000      0.00000      0.00000
      3.73583      0.00000      0.00000      0.00000
      3.74583      0.00000      0.00000      0.00000
      3.75583      0.00000      0.00000      0.00000
      3.76583      0.00000      0.00000      0.00000
      3.77583      0.00000      0.00000      0.00000
      3.78583      0.00000      0.00000      0.00000
      3.79583      0.00000      0.00000      0.00000
      3.80583      0.00000      0.00000      0.00000
      3.81583      0.00000      0.00000      0.00000
      3.82583      0.00000      0.00000      0.00000
      3.83583      0.00000      0.00000      0.00000
      3.84583      0.00000      0.00000      0.00000
      3.85583      0.00000      0.00000      0.00000
      3.86583      0.00000      0.00000      0.00000
      3.87583      0.00000      0.00000      0.00000
      3.88583      0.01232      0.01218      0.00014
      3.89583      0.49301      0.48751      0.00549
      3.90583      7.25990      7.17899      0.08092
      3.91583     39.35519     38.91651      0.43868
      3.92583     79.33172     78.44621      0.88551
      3.93583     68.86944     68.08637      0.78307
      3.94583     65.24667     64.45201      0.79466
      3.95583     81.34752     80.33255      1.01498
      3.96583     48.56924     47.95891      0.61034
      3.97583     25.29854     24.94919      0.34935
      3.98583     57.59145     56.74700      0.84444
      3.99583     78.60273     77.44781      1.15492
      4.00583     40.20631     39.61494      0.59137
      4.01583     11.38919     11.21042      0.17877
      4.02583     28.10668     27.61280      0.49388
      4.03583     71.87900     70.61214      1.26686
      4.04583     68.86538     67.65160      1.21379
      4.05583     24.36074     23.93107      0.42967
      4.06583      5.25918      5.15905      0.10012
      4.07583     19.75306     19.33773      0.41533
      4.08583     72.27945     70.78012      1.49933
      4.09583    122.30622    119.86356      2.44267
      4.10583    113.93305    111.77543      2.15762
      4.11583     56.56786     55.53168      1.03618
      4.12583     15.76891     15.45900      0.30991
      4.13583     28.36471     27.66636      0.69835
      4.14583     85.72810     83.66746      2.06064
      4.15583    127.72391    124.88405      2.83986
      4.16583    104.42954    102.32007      2.10947
      4.17583     43.13106     42.30757      0.82349
      4.18583      9.08544      8.89827      0.18718
      4.19583     16.23635     15.75906      0.47729
      4.20583     57.87759     56.15650      1.72109
      4.21583     78.96670     76.62550      2.34120
      4.22583     48.38348     47.04192      1.34156
      4.23583     52.35945     51.26865      1.09080
      4.24583     80.32322     78.75435      1.56887
      4.25583     55.78272     54.63486      1.14786
      4.26583     41.16719     39.92833      1.23885
      4.27583     73.95783     71.41311      2.54472
      4.28583     67.68713     65.34372      2.34341
      4.29583     23.10276     22.30274      0.80002
      4.30583      2.91887      2.81791      0.10096
      4.31583      0.85826      0.83329      0.02497
      4.32583     11.65973     11.32485      0.33487
      4.33583     69.36583     67.32788      2.03795
      4.34583    152.57400    147.98940      4.58461
      4.35583    124.05789    120.24696      3.81093
      4.36583     37.28833     36.11804      1.17029
      4.37583      4.14592      4.01305      0.13288
      4.38583      0.33831      0.32510      0.01321
      4.39583      3.41657      3.26116      0.15540
      4.40583     25.49436     24.33452      1.15984
      4.41583     70.03836     66.85205      3.18631
      4.42583     70.82990     67.60868      3.22122
      4.43583     27.67400     26.44687      1.22712
      4.44583     17.89812     17.41957      0.47855
      4.45583     55.63173     54.40107      1.23066
      4.46583     80.53612     78.71115      1.82497
      4.47583     57.49680     55.46814      2.02866
      4.48583     72.64721     63.26550      9.38171
      4.49583    129.41271     78.70121     50.71150
      4.50583    178.60102     47.79487    130.80615
      4.51583    149.69485     17.89696    131.79789
      4.52583     63.38060      5.64006     57.74055
      4.53583     61.67883      6.65619     55.02264
      4.54583    136.03893     19.94257    116.09636
      4.55583    206.26239     53.43111    152.83128
      4.56583    266.34957     94.72705    171.62252
      4.57583    310.08758     97.57413    212.51345
      4.58583    338.30639    102.77983    235.52656
      4.59583    318.49109    100.31991    218.17119
      4.60583    253.60064     55.62904    197.97160
      4.61583    206.60576     27.50037    179.10539
      4.62583    214.49656     37.63418    176.86238
      4.63583    235.05650     75.81035    159.24614
      4.64583    257.24980     89.44785    167.80194
      4.65583    201.88069     48.73775    153.14293
      4.66583    162.45164     20.85037    141.60127
      4.67583    165.14779     16.73209    148.41570
      4.68583    149.19344     15.09832    134.09511
      4.69583    140.60472     19.16640    121.43832
      4.70583    193.51527     52.29566    141.21961
      4.71583    253.52081    112.22703    141.29378
      4.72583    237.79325    135.86641    101.92684
      4.73583    227.20704     98.14379    129.06324
      4.74583    183.16772     41.73736    141.43036
      4.75583     99.36378     12.72796     86.63582
      4.76583    112.99854     11.95599    101.04255
      4.77583    162.51608     25.99792    136.51816
      4.78583    164.22060     58.64444    105.57616
      4.79583    173.43775     82.56819     90.86956
      4.80583    157.38662     52.59557    104.79104
      4.81583    127.33690     20.29188    107.04501
      4.82583    114.12034     11.70144    102.41890
      4.83583    102.19313      9.82215     92.37098
      4.84583     81.42170     10.46361     70.95809
      4.85583    128.65204     39.15392     89.49812
      4.86583    251.26097    121.95713    129.30384
      4.87583    263.60789    158.05031    105.55758
      4.88583    128.59808     79.17253     49.42555
      4.89583     81.86036     20.39514     61.46522
      4.90583    143.33056     14.68335    128.64721
      4.91583    131.10818     12.61727    118.49091
      4.92583     51.74220      6.57576     45.16644
      4.93583     47.65504     19.78234     27.87271
      4.94583    160.75925     66.50558     94.25367
      4.95583    236.06863     85.70576    150.36287
      4.96583    130.06956     41.11098     88.95858
      4.97583     30.07719      7.66090     22.41629
      4.98583     33.20389      3.46992     29.73398
      4.99583    112.12116     11.88353    100.23763
      5.00583    168.71501     29.67216    139.04285
      5.01583    151.13491     73.62907     77.50584
      5.02583    152.04486    126.93324     25.11162
      5.03583    150.43421    116.23709     34.19713
      5.04583    147.41711     57.68584     89.73127
      5.05583    151.14513     22.47770    128.66743
      5.06583     98.45692     10.10944     88.34747
      5.07583     31.79404      3.11487     28.67917
      5.08583     21.48253      2.19539     19.28714
      5.09583     72.20847     10.20721     62.00126
      5.10583    148.13854     38.01542    110.12313
      5.11583    188.82881     79.09817    109.73064
      5.12583    129.53797     69.49220     60.04577
      5.13583     43.12805     24.17637     18.95168
      5.14583     44.12916     13.44483     30.68432
      5.15583    131.36785     53.85198     77.51587
      5.16583    230.27306    126.76056    103.51250
      5.17583    237.86532    143.96339     93.90193
      5.18583    137.25670     87.48122     49.77549
      5.19583    100.14797     81.70835     18.43962
      5.20583    181.42074    144.82655     36.59419
      5.21583    207.64211    129.73777     77.90434
      5.22583    141.64981     51.36828     90.28154
      5.23583    102.02661     15.01792     87.00870
      5.24583     64.76073      6.78595     57.97479
      5.25583     25.50079      5.78758     19.71322
      5.26583     56.16853     31.01730     25.15123
      5.27583    165.37364     97.68339     67.69025
      5.28583    225.77439    140.56674     85.20765
      5.29583    183.86304    101.73546     82.12759
      5.30583    115.92386     40.49886     75.42500
      5.31583     68.92904     32.19242     36.73662
      5.32583    122.14096    101.80956     20.33140
      5.33583    218.49144    167.61403     50.87740
      5.34583    232.00345    146.90007     85.10338
      5.35583    202.51843    124.92235     77.59608
      5.36583    250.67397    168.23336     82.44061
      5.37583    310.04697    228.27767     81.76930
      5.38583    199.76396    160.90786     38.85609
      5.39583    104.88988     83.44601     21.44387
      5.40583    135.70475     82.29512     53.40963
      5.41583    140.01730     60.98976     79.02754
      5.42583    111.25304     49.06614     62.18690
      5.43583    149.05513     78.07081     70.98432
      5.44583    144.12063     68.85701     75.26363
      5.45583     93.13815     56.65087     36.48728
      5.46583    162.29744    137.97268     24.32476
      5.47583    289.83739    232.20064     57.63675
      5.48583    301.83515    217.83713     83.99802
      5.49583    193.07262    133.71629     59.35633
      5.50583    148.06461     92.08709     55.97753
      5.51583    160.81270     81.99218     78.82053
      5.52583     89.72822     38.82265     50.90558
      5.53583     35.36865     19.03576     16.33290
      5.54583     86.39005     57.57701     28.81305
      5.55583    189.64108    117.00406     72.63702
      5.56583    196.20727    121.48657     74.72070
      5.57583    113.61360     70.04182     43.57178
      5.58583    116.95949     57.07612     59.88337
      5.59583    200.80100    122.77778     78.02322
      5.60583    187.26314    144.03099     43.23216
      5.61583     86.51531     69.91918     16.59613
      5.62583     64.24866     26.67731     37.57135
      5.63583    146.21638     70.88319     75.33319
      5.64583    215.56752    151.99564     63.57188
      5.65583    193.02362    150.75149     42.27212
      5.66583    179.51609    112.32387     67.19222
      5.67583    150.27383     77.69476     72.57908
      5.68583     83.80223     51.06631     32.73591
      5.69583     87.85669     71.46426     16.39243
      5.70583    109.33590     69.28810     40.04780
      5.71583    126.65029     53.12829     73.52200
      5.72583    134.67619     76.80956     57.86663
      5.73583    116.63142     83.54317     33.08825
      5.74583    140.45004     81.37855     59.07150
      5.75583    162.74964     86.18072     76.56891
      5.76583     98.89818     59.62845     39.26973
      5.77583     80.11385     65.55370     14.56016
      5.78583    108.37491     77.70433     30.67058
      5.79583    131.74909     62.63915     69.10994
      5.80583    155.65358     86.29393     69.35964
      5.81583    160.26431    120.51562     39.74869
      5.82583    173.85472    120.75839     53.09634
      5.83583    191.70689    114.06620     77.64069
      5.84583    181.62593    130.65890     50.96703
      5.85583    136.33355    117.94195     18.39160
      5.86583     73.97778     58.99963     14.97816
      5.87583     62.61821     17.35981     45.25839
      5.88583     82.76085      9.32700     73.43385
      5.89583     69.33984     13.37206     55.96778
      5.90583    107.70952     46.88565     60.82387
      5.91583    178.87475    100.32729     78.54745
      5.92583    167.00330    120.08548     46.91781
      5.93583    130.32873    114.38017     15.94856
      5.94583    116.31809    106.72938      9.58871
      5.95583    121.05845     97.48184     23.57661
      5.96583    180.59027     98.01373     82.57655
      5.97583    228.69105     85.82416    142.86690
      5.98583    179.19194     73.29499    105.89695
      5.99583    128.57295     80.47729     48.09566
      6.00583    109.76552     50.12565     59.63987
      6.01583    100.57725     15.82324     84.75401
      6.02583     90.48075      6.55105     83.92969
      6.03583    104.76000     18.60455     86.15545
      6.04583    137.21643     72.63037     64.58606
      6.05583    228.86358    161.42649     67.43710
      6.06583    277.11337    194.18843     82.92494
      6.07583    170.39550    114.49968     55.89583
      6.08583     94.62631     30.03581     64.59050
      6.09583    130.30123      6.93485    123.36638
      6.10583    143.42473     11.49782    131.92691
      6.11583    141.49041     42.80342     98.68699
      6.12583    202.07459    106.34392     95.73067
      6.13583    207.77829    131.35601     76.42228
      6.14583    182.83050     98.82416     84.00635
      6.15583    302.27063    117.92654    184.34408
      6.16583    375.99991    160.69325    215.30666
      6.17583    204.81102     98.05184    106.75918
      6.18583     67.66947     38.70748     28.96200
      6.19583    116.76971     64.87729     51.89243
      6.20583    238.05475    103.08689    134.96786
      6.21583    244.48009    106.33949    138.14060
      6.22583    135.03089     79.90518     55.12571
      6.23583     49.59082     31.27834     18.31248
      6.24583     59.35229     12.50729     46.84500
      6.25583    128.58159     32.36859     96.21300
      6.26583    196.94223     77.64870    119.29353
      6.27583    226.70390    108.44808    118.25583
      6.28583    237.76367    132.90294    104.86072
      6.29583    207.77968    141.92308     65.85660
      6.30583    106.38137     85.94914     20.43223
      6.31583     26.93943     23.95919      2.98024
      6.32583      4.33814      3.47658      0.86156
      6.33583     20.44045     11.58177      8.85868
      6.34583    114.46976     67.47617     46.99359
      6.35583    261.43853    152.13184    109.30670
      6.36583    283.58928    135.70534    147.88394
      6.37583    199.17197     55.13005    144.04192
      6.38583    121.44774     22.49618     98.95156
      6.39583    126.83067     45.31090     81.51978
      6.40583    160.85112     84.06201     76.78911
      6.41583    123.07853     86.03885     37.03968
      6.42583    139.23920    116.27265     22.96655
      6.43583    203.55548    147.72828     55.82719
      6.44583    179.73297     92.06017     87.67280
      6.45583    136.37944     46.24611     90.13333
      6.46583    190.26268    100.68902     89.57366
      6.47583    254.95444    194.47966     60.47478
      6.48583    199.91481    173.05298     26.86183
      6.49583     95.43128     70.81863     24.61265
      6.50583     85.75511     28.61933     57.13578
      6.51583    121.46395     52.75243     68.71151
      6.52583    150.33782     87.32556     63.01226
      6.53583    188.31528     75.79975    112.51553
      6.54583    185.23369     55.07030    130.16338
      6.55583    174.62082     89.73399     84.88683
      6.56583    252.04417    149.12103    102.92314
      6.57583    258.82961    122.28784    136.54177
      6.58583    139.42220     46.82956     92.59265
      6.59583     78.72813     28.80388     49.92425
      6.60583    178.86240     98.35228     80.51012
      6.61583    314.45403    181.92727    132.52676
      6.62583    349.49692    186.63415    162.86278
      6.63583    296.90083    179.03666    117.86418
      6.64583    162.87581    122.63667     40.23913
      6.65583     46.37203     39.48575      6.88628
      6.66583     19.92501     18.89913      1.02589
      6.67583     60.25929     56.68530      3.57399
      6.68583    125.14242    101.87894     23.26348
      6.69583    257.26235    168.20613     89.05622
      6.70583    497.88785    302.28719    195.60066
      6.71583    532.31779    296.10752    236.21026
      6.72583    261.26428    125.20144    136.06284
      6.73583     87.26425     31.87261     55.39164
      6.74583    106.63299     44.92645     61.70654
      6.75583    150.47547     95.69635     54.77912
      6.76583    148.76924    123.20936     25.55988
      6.77583    107.51301     95.27673     12.23628
      6.78583     53.01010     39.48628     13.52382
      6.79583     58.23317     12.86574     45.36744
      6.80583    107.76564     13.30122     94.46442
      6.81583    129.13799     14.35475    114.78324
      6.82583    124.23722     13.72492    110.51230
      6.83583    121.07662     24.32928     96.74734
      6.84583    121.76780     59.67735     62.09045
      6.85583    126.75774     79.86242     46.89533
      6.86583    129.61178     56.14955     73.46224
      6.87583    145.57226     56.43510     89.13716
      6.88583    189.23567     95.13528     94.10039
      6.89583    184.89791     88.26855     96.62937
      6.90583    120.17705     40.55276     79.62428
      6.91583     94.80592     35.10286     59.70305
      6.92583    185.68040     85.48608    100.19432
      6.93583    226.42270     99.78741    126.63529
      6.94583    124.74071     45.56473     79.17603
      6.95583     77.55155     12.71417     64.84111
      6.96583     85.38746     11.36783     74.14081
      6.97583     87.78075     35.43692     53.82132
      6.98583    183.00901    106.04193     84.10886
      6.99583    280.44585    137.50570    158.44848
      7.00583    245.62270     70.67468    195.33456
      7.01583    223.01902     14.22724    234.38827
      7.02583    249.75953      1.11632    279.73108
      7.03583    247.00717      0.24437    277.59628
      7.04583    229.31858      1.92892    253.95698
      7.05583    246.52682      6.90303    262.14759
      7.06583    252.29986     13.95565    254.72844
      7.07583    311.81585     34.76837    290.77253
      7.08583    447.74919     79.57899    385.91991
      7.09583    432.73332    101.77326    351.33433
      7.10583    311.27264     90.17386    241.30591
      7.11583    274.56265     94.43161    201.08679
      7.12583    230.10640     94.94248    151.36155
      7.13583    176.41543     83.01181    104.03996
      7.14583    191.47885     43.00440    164.65944
      7.15583    218.74648     18.18515    218.96258
      7.16583    219.53256     20.51565    212.72091
      7.17583    297.13962     37.96477    277.98633
      7.18583    358.47463     76.91313    300.69979
      7.19583    282.16108     76.48087    215.82488
      7.20583    201.11129     30.15935    180.23547
      7.21583    196.24313      6.42104    202.59331
      7.22583    197.24546     11.25538    197.02811
      7.23583    186.36575     30.34538    165.59113
      7.24583    169.46650     35.09142    145.75822
      7.25583    104.16371     32.92017     78.31308
      7.26583    110.15552     71.11120     42.54224
      7.27583    218.39450    117.19764    110.83145
      7.28583    312.11375    131.69947    197.96544
      7.29583    281.59884    118.87720    175.48940
      7.30583    224.40378     70.89979    161.93514
      7.31583    200.70500     20.96777    193.24675
      7.32583    156.01833      2.77087    167.20329
      7.33583     81.30662      0.49158     87.52040
      7.34583     65.69266      1.64480     66.32646
      7.35583    128.69811      2.99438    132.25666
      7.36583    186.61139      2.07981    202.54904
      7.37583    159.88728      2.09875    177.28654
      7.38583     93.36043     15.12877     86.39413
      7.39583    126.38869     64.52755     63.39694
      7.40583    217.83301    141.43564     78.81144
      7.41583    286.17184    181.02793    114.67993
      7.42583    285.30305    139.35101    162.90397
      7.43583    198.47275     60.36682    153.02833
      7.44583    153.99118     32.40129    128.16774
      7.45583    197.13567     54.28840    144.20551
      7.46583    210.39567     77.04215    134.46666
      7.47583    229.79527     67.24320    167.60707
      7.48583    277.64478     43.03011    244.45539
      7.49583    237.74316     42.40908    204.96400
      7.50583    196.43444     70.14374    133.86381
      7.51583    166.22220     75.89585     95.76360
      7.52583    204.61782     73.13330    139.46193
      7.53583    328.35804    107.54335    233.14656
      7.54583    351.03660    109.72339    253.76696
      7.55583    218.92100     51.28764    179.29263
      7.56583     97.09816     27.60750     75.90217
      7.57583    123.79918     84.01953     41.66616
      7.58583    238.89979    141.88332    100.77772
      7.59583    251.32688     93.08078    168.44304
      7.60583    169.28396     30.24349    150.01415
      7.61583    205.84386     41.49746    172.08340
      7.62583    359.33504     97.58505    272.00494
      7.63583    319.75636    112.63848    216.29827
      7.64583    183.30867     90.42937     96.67807
      7.65583    216.26284    105.68346    115.31910
      7.66583    304.62107    124.15714    191.16265
      7.67583    301.38054    138.47764    172.57855
      7.68583    220.97217    130.54299     93.81437
      7.69583    188.94919    104.35025     86.74303
      7.70583    229.08936     81.03871    154.91611
      7.71583    191.59623     41.70411    159.78153
      7.72583     87.30357     11.68886     81.38980
      7.73583     99.70818     16.69080     87.72344
      7.74583    230.44366     54.87302    184.69209
      7.75583    285.35357     79.09457    214.42689
      7.76583    225.52027     56.73953    171.49183
      7.77583    166.12917     49.17602    117.28427
      7.78583    183.89774     98.79431     85.11830
      7.79583    258.35450    174.27558     84.07992
      7.80583    297.05055    197.76742     99.31723
      7.81583    285.46003    161.08122    124.95260
      7.82583    258.13657    110.38979    151.39737
      7.83583    302.59483     95.11510    216.28990
      7.84583    352.70910    113.52136    247.26649
      7.85583    351.62506    155.69672    198.75633
      7.86583    256.85265    129.20743    128.19138
      7.87583    203.52205     76.47133    128.28985
      7.88583    266.37058     87.17862    184.44206
      7.89583    290.89481     91.31055    211.25306
      7.90583    239.55588     56.50136    195.49791
      7.91583    202.14031     62.34934    145.93846
      7.92583    206.02760    118.93137     88.40131
      7.93583    161.44358    121.10607     40.45029
      7.94583     69.28272     55.84465     13.52206
      7.95583     54.00318     35.54976     19.44451
      7.96583    125.28880     62.47561     67.30828
      7.97583    157.01422     57.95568    106.64528
      7.98583    133.94390     43.09022     96.70278
      7.99583    170.70572     52.00689    125.80352
      8.00583    240.49484     56.14957    195.23766
      8.01583    214.68909     43.85332    177.91864
      8.02583     91.90761     17.83084     75.78368
      8.03583     28.88153     10.66579     18.38761
      8.04583     75.71531     39.50937     36.68433
      8.05583    193.30318     74.82521    122.70463
      8.06583    282.98489     65.35439    232.42429
      8.07583    269.70537     42.46982    247.65437
      8.08583    134.91936     20.83682    125.15963
      8.09583     28.54343      4.74134     26.13882
      8.10583      2.43074      0.48296      2.13683
      8.11583      2.13796      1.73669      0.40706
      8.12583     18.90206     15.67870      3.22351
      8.13583     67.59247     53.78134     13.82087
      8.14583    128.47683     80.86607     47.90787
      8.15583    251.11474     95.22707    159.24463
      8.16583    409.86751    108.03720    315.89314
      8.17583    353.11940     63.59050    311.38064
      8.18583    150.32608     16.79765    146.12708
      8.19583     79.31634     15.69055     66.32146
      8.20583    142.50083     43.89119     98.82369
      8.21583    152.90816     53.17991     99.73455
      8.22583    112.39717     35.17004     77.22718
      8.23583    111.63242     34.79772     76.83676
      8.24583    111.01639     50.45542     60.64284
      8.25583     86.59049     44.55064     43.24038
      8.26583     77.57946     21.65451     62.57998
      8.27583    145.94807     31.74797    129.19391
      8.28583    203.12975     56.94013    162.67547
      8.29583    144.48467     40.23476    114.77466
      8.30583     52.10097     11.50571     44.08328
      8.31583     51.69373     10.74195     41.43945
      8.32583    125.54211     36.96594     88.60226
      8.33583    143.92486     55.69356     88.23182
      8.34583     87.62050     34.29936     53.32241
      8.35583     78.48590     14.15562     64.38678
      8.36583     82.49806      9.01609     74.39790
      8.37583     78.88465      6.20214     78.15368
      8.38583    135.97212     11.91470    136.29187
      8.39583    162.77387     17.43913    157.17690
      8.40583    128.64784      9.87268    128.39159
      8.41583     88.43733      3.77884     92.65935
      8.42583     53.85880     14.59878     42.49453
      8.43583     71.10695     43.82536     27.77853
      8.44583     74.91336     49.09648     25.84505
      8.45583     41.82166     23.46468     18.35768
      8.46583     73.92578     24.43539     49.49825
      8.47583    161.72770     51.98205    109.96662
      8.48583    182.19954     57.23970    127.24523
      8.49583    197.09617     47.14021    158.65159
      8.50583    229.96900     43.78773    198.36186
      8.51583    203.18562     52.51963    157.15652
      8.52583    154.14630     56.74318    100.53348
      8.53583    196.70679     79.37826    123.63179
      8.54583    275.42007    129.56782    153.18012
      8.55583    215.16176    120.10849     98.22709
      8.56583     94.25191     57.70463     37.05313
      8.57583     73.68899     39.70190     34.01675
      8.58583    146.76309     75.26517     71.49904
      8.59583    136.20393     70.13118     66.09872
      8.60583     55.54758     24.82448     31.24455
      8.61583     65.44686      6.42723     62.87115
      8.62583    147.95778      8.28302    150.14046
      8.63583    148.48566     13.38347    145.58056
      8.64583    113.99123     30.96125     87.21844
      8.65583    158.72236     46.42458    115.32877
      8.66583    195.72127     33.56414    168.97328
      8.67583    152.05667     27.55732    131.25611
      8.68583    116.35467     56.54574     62.28199
      8.69583    133.41603     85.28855     48.46050
      8.70583    156.25004     86.93232     69.33422
      8.71583    134.80017     58.00186     76.79861
      8.72583     64.15748     21.46502     42.69246
      8.73583     40.78181     11.11444     29.66737
      8.74583     99.83916     27.21417     72.62499
      8.75583    146.99172     41.34220    105.64952
      8.76583    113.73096     31.33183     82.39928
      8.77583    118.80753     26.68195     92.13506
      8.78583    189.53056     48.53485    141.21356
      8.79583    224.78187     86.58348    140.03967
      8.80583    250.92617    104.74764    151.90343
      8.81583    238.96475     85.37294    160.13999
      8.82583    212.12238     83.68134    131.19642
      8.83583    169.57113     71.81095     98.18670
      8.84583    171.05746     59.55652    111.52642
      8.85583    260.88468     92.52377    168.41469
      8.86583    255.41850     95.72081    160.57179
      8.87583    138.68454     41.31564    102.64552
      8.88583     99.17382     10.90567     99.98618
      8.89583    107.82193     29.14931     88.24973
      8.90583    149.15800     75.04254     77.08746
      8.91583    167.15291     75.14091     93.16695
      8.92583    136.12130     30.30274    108.54790
