Energy-E_F (eV)    DOS (1/eV)    PDOS (1/eV)  of atom type H  C  
     -6.38183     55.41126      6.86625     48.54500
     -6.37183     78.94175      9.78202     69.15973
     -6.36183     41.37338      5.12676     36.24662
     -6.35183      7.97737      0.98852      6.98885
     -6.34183      0.59639      0.07491      0.52148
     -6.33183      0.99418      0.15540      0.83879
     -6.32183     11.53912      1.80925      9.72987
     -6.31183     50.01291      7.84166     42.17125
     -6.30183     79.74380     12.50324     67.24056
     -6.29183     46.77537      7.33404     39.44134
     -6.28183     10.09353      1.58259      8.51094
     -6.27183      0.81869      0.12601      0.69268
     -6.26183      0.71740      0.01968      0.69772
     -6.25183     10.53270      0.26186     10.27083
     -6.24183     61.93328      1.69102     60.24226
     -6.23183    144.92814      4.36880    140.55935
     -6.22183    150.61729      4.77515    145.84214
     -6.21183    111.65694      3.03885    108.61809
     -6.20183     83.35154      2.16459     81.18695
     -6.19183     48.29995      4.46088     43.83907
     -6.18183     62.97952     14.02912     48.95040
     -6.17183     78.51402     18.81791     59.69611
     -6.16183     38.87838      9.34886     29.52953
     -6.15183      7.10662      1.70914      5.39748
     -6.14183      0.47796      0.11495      0.36301
     -6.13183      0.02310      0.00308      0.02002
     -6.12183      0.46078      0.00962      0.45116
     -6.11183      6.92986      0.14462      6.78524
     -6.10183     38.34074      0.80014     37.54060
     -6.09183     78.03731      1.62858     76.40873
     -6.08183     58.43184      1.21943     57.21242
     -6.07183     16.09542      0.33590     15.75952
     -6.06183      1.63103      0.03404      1.59699
     -6.05183      0.06080      0.00127      0.05953
     -6.04183      0.00083      0.00002      0.00082
     -6.03183      0.00000      0.00000      0.00000
     -6.02183      0.00000      0.00000      0.00000
     -6.01183      0.00000      0.00000      0.00000
     -6.00183      0.00000      0.00000      0.00000
     -5.99183      0.00000      0.00000      0.00000
     -5.98183      0.00000      0.00000      0.00000
     -5.97183      0.01128      0.00081      0.01047
     -5.96183      0.46109      0.03325      0.42784
     -5.95183      6.95862      0.50363      6.45499
     -5.94183     39.30371      2.89500     36.40871
     -5.93183     91.49891      7.30867     84.19024
     -5.92183    131.01497     12.30859    118.70639
     -5.91183    166.68856     15.68683    151.00173
     -5.90183    122.19100      9.88403    112.30697
     -5.89183     37.26519      2.48189     34.78330
     -5.88183      4.40446      0.23908      4.16538
     -5.87183      0.19981      0.00912      0.19069
     -5.86183      0.09333      0.01873      0.07460
     -5.85183      2.18999      0.45346      1.73652
     -5.84183     19.94335      4.14669     15.79665
     -5.83183     71.74867     15.14592     56.60275
     -5.82183    119.03958     26.16314     92.87644
     -5.81183    112.95002     26.19543     86.75459
     -5.80183     60.53316     14.22316     46.31000
     -5.79183     28.28928      4.03420     24.25507
     -5.78183     57.16492      3.07482     54.09010
     -5.77183     78.85045      3.92196     74.92849
     -5.76183     40.84932      2.02779     38.82152
     -5.75183      7.78910      0.38664      7.40246
     -5.74183      0.54639      0.02712      0.51927
     -5.73183      0.01410      0.00070      0.01340
     -5.72183      0.00000      0.00000      0.00000
     -5.71183      0.00000      0.00000      0.00000
     -5.70183      0.01202      0.00027      0.01175
     -5.69183      0.48382      0.01082      0.47300
     -5.68183      7.16633      0.16028      7.00604
     -5.67183     39.04975      0.87340     38.17635
     -5.66183     78.27903      1.75082     76.52821
     -5.65183     57.72689      1.29114     56.43575
     -5.64183     15.66170      0.35043     15.31127
     -5.63183      1.62284      0.04644      1.57640
     -5.62183      1.66937      0.31059      1.35878
     -5.61183     15.99435      3.06817     12.92618
     -5.60183     58.92279     11.28224     47.64055
     -5.59183     87.19030     16.41518     70.77512
     -5.58183     82.84499     14.36117     68.48382
     -5.57183     86.49827     13.84295     72.65531
     -5.56183     52.97892      8.34865     44.63028
     -5.55183     13.78661      2.24005     11.54656
     -5.54183     13.08023      2.88915     10.19107
     -5.53183     50.89666     11.54823     39.34844
     -5.52183     79.68528     18.08429     61.60099
     -5.51183     45.92898     10.42344     35.50555
     -5.50183      9.73876      2.21018      7.52858
     -5.49183      0.75967      0.17241      0.58727
     -5.48183      0.02409      0.00555      0.01853
     -5.47183      0.13447      0.03567      0.09880
     -5.46183      2.90762      0.77132      2.13630
     -5.45183     23.14903      6.13649     17.01254
     -5.44183     68.40644     17.99139     50.41505
     -5.43183     82.30606     19.81482     62.49124
     -5.42183     74.07066      9.98570     64.08495
     -5.41183     83.82035      5.22022     78.60013
     -5.40183     51.84958      2.72228     49.12730
     -5.39183     14.02313      0.75669     13.26644
     -5.38183     22.14559      1.64759     20.49800
     -5.37183     95.11510      7.68511     87.42998
     -5.36183    158.98143     13.69276    145.28867
     -5.35183     98.49518      9.00727     89.48791
     -5.34183     22.60886      2.18617     20.42268
     -5.33183      1.92252      0.19571      1.72682
     -5.32183      0.06055      0.00646      0.05409
     -5.31183      0.00049      0.00007      0.00042
     -5.30183      0.00000      0.00000      0.00000
     -5.29183      0.00000      0.00000      0.00000
     -5.28183      0.00000      0.00000      0.00000
     -5.27183      0.00000      0.00000      0.00000
     -5.26183      0.00000      0.00000      0.00000
     -5.25183      0.00000      0.00000      0.00000
     -5.24183      0.00000      0.00000      0.00000
     -5.23183      0.00000      0.00000      0.00000
     -5.22183      0.00256      0.00046      0.00209
     -5.21183      0.14669      0.02659      0.12010
     -5.20183      3.09775      0.56150      2.53625
     -5.19183     24.19354      4.37902     19.81451
     -5.18183     72.71597     13.00715     59.70882
     -5.17183    109.36385     18.22784     91.13601
     -5.16183    153.80072     22.45995    131.34077
     -5.15183    172.77479     23.85202    148.92277
     -5.14183    127.59714     16.82167    110.77547
     -5.13183     89.60877     11.26575     78.34303
     -5.12183     39.21755      4.86730     34.35025
     -5.11183      7.00263      0.86750      6.13514
     -5.10183      0.46629      0.05775      0.40854
     -5.09183      0.01646      0.00190      0.01456
     -5.08183      0.27304      0.02528      0.24775
     -5.07183      5.60577      0.48639      5.11938
     -5.06183     43.62743      3.47920     40.14823
     -5.05183    129.34459      9.29061    120.05398
     -5.04183    146.53348      9.30770    137.22579
     -5.03183     63.45833      3.51827     59.94007
     -5.02183     10.47969      0.50462      9.97506
     -5.01183      0.65694      0.02759      0.62935
     -5.00183      0.01554      0.00058      0.01497
     -4.99183      0.00000      0.00000      0.00000
     -4.98183      0.00000      0.00000      0.00000
     -4.97183      0.00000      0.00000      0.00000
     -4.96183      0.00000      0.00000      0.00000
     -4.95183      0.00000      0.00000      0.00000
     -4.94183      0.00000      0.00000      0.00000
     -4.93183      0.00247      0.00016      0.00231
     -4.92183      0.15940      0.01116      0.14824
     -4.91183      3.84892      0.29528      3.55364
     -4.90183     34.89823      2.94258     31.95566
     -4.89183    119.09369     11.02659    108.06710
     -4.88183    153.18386     15.49725    137.68661
     -4.87183     74.28640      8.14526     66.14114
     -4.86183     13.57065      1.59633     11.97432
     -4.85183      0.93211      0.11634      0.81577
     -4.84183      0.02401      0.00315      0.02086
     -4.83183      0.00000      0.00000      0.00000
     -4.82183      0.00000      0.00000      0.00000
     -4.81183      0.00000      0.00000      0.00000
     -4.80183      0.00000      0.00000      0.00000
     -4.79183      0.00000      0.00000      0.00000
     -4.78183      0.00000      0.00000      0.00000
     -4.77183      0.00000      0.00000      0.00000
     -4.76183      0.00269      0.00007      0.00262
     -4.75183      0.15262      0.00374      0.14888
     -4.74183      3.18458      0.07811      3.10647
     -4.73183     24.44565      0.59958     23.84606
     -4.72183     69.03304      1.69318     67.33986
     -4.71183     71.71632      1.75900     69.95732
     -4.70183     27.40845      0.67225     26.73620
     -4.69183      3.85351      0.09452      3.75899
     -4.68183      0.19931      0.00489      0.19442
     -4.67183      0.00379      0.00009      0.00370
     -4.66183      0.00000      0.00000      0.00000
     -4.65183      0.00000      0.00000      0.00000
     -4.64183      0.00000      0.00000      0.00000
     -4.63183      0.00000      0.00000      0.00000
     -4.62183      0.00085      0.00002      0.00083
     -4.61183      0.07309      0.00209      0.07099
     -4.60183      2.11213      0.06054      2.05158
     -4.59183     23.15762      0.66481     22.49281
     -4.58183     96.99852      2.78954     94.20898
     -4.57183    156.01552      4.49539    151.52013
     -4.56183     96.56521      2.79005     93.77516
     -4.55183     23.64386      0.76662     22.87724
     -4.54183     11.32075      1.41709      9.90366
     -4.53183     44.76838      6.56649     38.20189
     -4.52183     79.55585     11.68394     67.87191
     -4.51183     52.09180      7.65049     44.44130
     -4.50183     12.58475      1.84698     10.73778
     -4.49183      2.26122      0.29006      1.97116
     -4.48183     13.51108      1.44911     12.06197
     -4.47183     63.69443      6.24464     57.44979
     -4.46183    141.92992     11.01564    130.91428
     -4.45183    183.47301      9.54234    173.93067
     -4.44183    137.90202      5.08618    132.81584
     -4.43183     50.16380      1.58175     48.58205
     -4.42183      7.69853      0.22947      7.46906
     -4.41183      0.46598      0.01357      0.45241
     -4.40183      0.01077      0.00031      0.01046
     -4.39183      0.00000      0.00000      0.00000
     -4.38183      0.00000      0.00000      0.00000
     -4.37183      0.00000      0.00000      0.00000
     -4.36183      0.00000      0.00000      0.00000
     -4.35183      0.00000      0.00000      0.00000
     -4.34183      0.00000      0.00000      0.00000
     -4.33183      0.00000      0.00000      0.00000
     -4.32183      0.00000      0.00000      0.00000
     -4.31183      0.00000      0.00000      0.00000
     -4.30183      0.00000      0.00000      0.00000
     -4.29183      0.00000      0.00000      0.00000
     -4.28183      0.00000      0.00000      0.00000
     -4.27183      0.00000      0.00000      0.00000
     -4.26183      0.00000      0.00000      0.00000
     -4.25183      0.00000      0.00000      0.00000
     -4.24183      0.00000      0.00000      0.00000
     -4.23183      0.00163      0.00013      0.00150
     -4.22183      0.11914      0.00977      0.10937
     -4.21183      3.20942      0.26808      2.94135
     -4.20183     31.82968      2.70740     29.12228
     -4.19183    116.23092     10.06438    106.16654
     -4.18183    156.66747     13.78157    142.88590
     -4.17183     83.95435      7.12062     76.83373
     -4.16183     51.50655      2.34002     49.16653
     -4.15183     78.63911      2.27825     76.36086
     -4.14183     59.37254      1.67556     57.69698
     -4.13183     16.67817      0.47024     16.20793
     -4.12183      1.72420      0.04861      1.67559
     -4.11183      0.06557      0.00185      0.06373
     -4.10183      0.00092      0.00003      0.00089
     -4.09183      0.00000      0.00000      0.00000
     -4.08183      0.02100      0.00041      0.02059
     -4.07183      0.73862      0.01450      0.72412
     -4.06183      9.55640      0.18761      9.36879
     -4.05183     45.48532      0.89296     44.59237
     -4.04183     79.64411      1.56355     78.08056
     -4.03183     51.30286      1.00716     50.29570
     -4.02183     12.16157      0.23902     11.92255
     -4.01183      1.28051      0.03867      1.24184
     -4.00183      4.17654      0.33605      3.84049
     -3.99183     28.60656      2.31599     26.29057
     -3.98183     72.67029      5.88345     66.78684
     -3.97183     67.91407      5.49838     62.41568
     -3.96183     23.34899      1.89036     21.45864
     -3.95183      2.95313      0.23909      2.71404
     -3.94183      0.13740      0.01112      0.12628
     -3.93183      0.00710      0.00086      0.00625
     -3.92183      0.23735      0.03324      0.20411
     -3.91183      4.36151      0.61083      3.75068
     -3.90183     29.48437      4.12929     25.35508
     -3.89183     73.32499     10.26918     63.05581
     -3.88183     67.08380      9.39510     57.68870
     -3.87183     22.57817      3.16208     19.41610
     -3.86183      2.79554      0.39152      2.40402
     -3.85183      0.12733      0.01783      0.10950
     -3.84183      0.00213      0.00030      0.00183
     -3.83183      0.00000      0.00000      0.00000
     -3.82183      0.00000      0.00000      0.00000
     -3.81183      0.00000      0.00000      0.00000
     -3.80183      0.00000      0.00000      0.00000
     -3.79183      0.00262      0.00006      0.00255
     -3.78183      0.14935      0.00358      0.14577
     -3.77183      3.13550      0.07525      3.06026
     -3.76183     24.22545      0.58145     23.64400
     -3.75183     69.19174      1.66353     67.52821
     -3.74183     78.05622      1.92130     76.13492
     -3.73183     63.50753      1.80481     61.70273
     -3.72183     80.95024      2.54586     78.40438
     -3.71183     61.09926      1.94308     59.15618
     -3.70183     17.71198      0.56371     17.14827
     -3.69183      1.92511      0.06202      1.86308
     -3.68183      1.22188      0.07294      1.14894
     -3.67183     15.90153      1.06694     14.83459
     -3.66183     81.89545      5.97428     75.92117
     -3.65183    156.89160     12.38434    144.50726
     -3.64183    113.65072      9.60113    104.04959
     -3.63183     47.90841      3.74171     44.16670
     -3.62183     64.72753      3.83769     60.88984
     -3.61183     76.70535      4.41811     72.28724
     -3.60183     34.91755      2.00912     32.90843
     -3.59183      5.85509      0.33688      5.51821
     -3.58183      0.36120      0.02078      0.34042
     -3.57183      0.00820      0.00047      0.00773
     -3.56183      0.00000      0.00000      0.00000
     -3.55183      0.00000      0.00000      0.00000
     -3.54183      0.00000      0.00000      0.00000
     -3.53183      0.00000      0.00000      0.00000
     -3.52183      0.00000      0.00000      0.00000
     -3.51183      0.00000      0.00000      0.00000
     -3.50183      0.01110      0.00152      0.00958
     -3.49183      0.45538      0.06236      0.39301
     -3.48183      6.87378      0.94138      5.93240
     -3.47183     38.17040      5.22751     32.94290
     -3.46183     77.97644     10.67902     67.29742
     -3.45183     58.60107      8.02552     50.57554
     -3.44183     16.20143      2.21882     13.98261
     -3.43183      1.66787      0.22627      1.44160
     -3.42183      0.85925      0.03226      0.82699
     -3.41183     11.98002      0.35632     11.62370
     -3.40183     68.40144      2.02347     66.37797
     -3.39183    149.33089      4.39361    144.93728
     -3.38183    127.44845      3.76116    123.68730
     -3.37183     62.45217      2.10175     60.35042
     -3.36183     71.96108      2.94127     69.01981
     -3.35183     73.53795      3.06647     70.47149
     -3.34183     29.47179      1.23006     28.24172
     -3.33183      4.35734      0.18187      4.17547
     -3.32183      0.23703      0.00989      0.22714
     -3.31183      0.00474      0.00020      0.00455
     -3.30183      0.00000      0.00000      0.00000
     -3.29183      0.00000      0.00000      0.00000
     -3.28183      0.00000      0.00000      0.00000
     -3.27183      0.00000      0.00000      0.00000
     -3.26183      0.00000      0.00000      0.00000
     -3.25183      0.00000      0.00000      0.00000
     -3.24183      0.00000      0.00000      0.00000
     -3.23183      0.00000      0.00000      0.00000
     -3.22183      0.00000      0.00000      0.00000
     -3.21183      0.00032      0.00001      0.00031
     -3.20183      0.02810      0.00062      0.02748
     -3.19183      0.91936      0.02043      0.89893
     -3.18183     11.06425      0.24592     10.81833
     -3.17183     48.98488      1.08875     47.89613
     -3.16183     79.78251      1.77327     78.00925
     -3.15183     47.80341      1.06249     46.74092
     -3.14183     10.53696      0.23420     10.30277
     -3.13183      0.85443      0.01899      0.83544
     -3.12183      0.02549      0.00057      0.02492
     -3.11183      0.00000      0.00000      0.00000
     -3.10183      0.00000      0.00000      0.00000
     -3.09183      0.00000      0.00000      0.00000
     -3.08183      0.00000      0.00000      0.00000
     -3.07183      0.00000      0.00000      0.00000
     -3.06183      0.00000      0.00000      0.00000
     -3.05183      0.00000      0.00000      0.00000
     -3.04183      0.00000      0.00000      0.00000
     -3.03183      0.00000      0.00000      0.00000
     -3.02183      0.00000      0.00000      0.00000
     -3.01183      0.00000      0.00000      0.00000
     -3.00183      0.00000      0.00000      0.00000
     -2.99183      0.00031      0.00001      0.00030
     -2.98183      0.02745      0.00102      0.02643
     -2.97183      0.90334      0.03346      0.86987
     -2.96183     10.93550      0.40510     10.53040
     -2.95183     48.70036      1.80407     46.89630
     -2.94183     79.78686      2.95564     76.83122
     -2.93183     48.08793      1.78138     46.30654
     -2.92183     10.66219      0.39497     10.26721
     -2.91183      0.86968      0.03222      0.83747
     -2.90183      0.02610      0.00097      0.02513
     -2.89183      0.00000      0.00000      0.00000
     -2.88183      0.00000      0.00000      0.00000
     -2.87183      0.00000      0.00000      0.00000
     -2.86183      0.00000      0.00000      0.00000
     -2.85183      0.00000      0.00000      0.00000
     -2.84183      0.00000      0.00000      0.00000
     -2.83183      0.00000      0.00000      0.00000
     -2.82183      0.00000      0.00000      0.00000
     -2.81183      0.00000      0.00000      0.00000
     -2.80183      0.00000      0.00000      0.00000
     -2.79183      0.00000      0.00000      0.00000
     -2.78183      0.00000      0.00000      0.00000
     -2.77183      0.00000      0.00000      0.00000
     -2.76183      0.00000      0.00000      0.00000
     -2.75183      0.00000      0.00000      0.00000
     -2.74183      0.01215      0.00025      0.01190
     -2.73183      0.48787      0.01015      0.47772
     -2.72183      7.20747      0.14989      7.05758
     -2.71183     39.17160      0.81461     38.35699
     -2.70183     78.31869      1.62872     76.68997
     -2.69183     57.60565      1.19797     56.40768
     -2.68183     15.58877      0.32419     15.26458
     -2.67183      1.64811      0.03453      1.61357
     -2.66183      2.34374      0.05482      2.28891
     -2.65183     19.93829      0.46768     19.47061
     -2.64183     63.94362      1.49990     62.44372
     -2.63183     75.44467      1.76967     73.67500
     -2.62183     32.74654      0.76812     31.97842
     -2.61183      5.22887      0.12265      5.10622
     -2.60183      0.30715      0.00720      0.29995
     -2.59183      0.00664      0.00016      0.00648
     -2.58183      0.00000      0.00000      0.00000
     -2.57183      0.00000      0.00000      0.00000
     -2.56183      0.00000      0.00000      0.00000
     -2.55183      0.00107      0.00003      0.00103
     -2.54183      0.08935      0.00280      0.08655
     -2.53183      2.50526      0.07839      2.42687
     -2.52183     27.23160      0.85013     26.38147
     -2.51183    118.40590      3.68756    114.71834
     -2.50183    215.65476      6.70393    208.95083
     -2.49183    181.51663      5.64209    175.87454
     -2.48183    129.43103      4.03920    125.39184
     -2.47183    162.06286      5.07022    156.99264
     -2.46183    122.97712      3.84678    119.13035
     -2.45183     36.05257      1.12726     34.92531
     -2.44183      3.91238      0.12228      3.79010
     -2.43183      0.15666      0.00489      0.15177
     -2.42183      0.00231      0.00007      0.00224
     -2.41183      0.00438      0.00009      0.00429
     -2.40183      0.22271      0.00439      0.21832
     -2.39183      4.16941      0.08212      4.08728
     -2.38183     28.71605      0.56562     28.15043
     -2.37183     72.81623      1.43500     71.38123
     -2.36183     69.47844      1.38853     68.08991
     -2.35183     39.57404      0.97561     38.59844
     -2.34183     61.72568      1.92224     59.80343
     -2.33183     78.04228      2.47330     75.56898
     -2.32183     37.97981      1.20441     36.77539
     -2.31183      6.81704      0.21613      6.60091
     -2.30183      0.74898      0.02103      0.72795
     -2.29183      5.15020      0.11669      5.03351
     -2.28183     32.42428      0.73401     31.69027
     -2.27183     75.25630      1.70364     73.55266
     -2.26183     64.25850      1.45467     62.80383
     -2.25183     20.27736      0.45896     19.81840
     -2.24183      4.56710      0.10161      4.46549
     -2.23183     19.75099      0.43150     19.31949
     -2.22183     63.57607      1.38870     62.18737
     -2.21183     75.66036      1.65266     74.00771
     -2.20183     33.12526      0.72356     32.40170
     -2.19183      5.33526      0.11654      5.21872
     -2.18183      0.31757      0.00693      0.31063
     -2.17183      0.10060      0.00202      0.09858
     -2.16183      2.23858      0.04461      2.19397
     -2.15183     19.67292      0.39201     19.28091
     -2.14183     63.60195      1.26736     62.33460
     -2.13183     75.64456      1.50732     74.13724
     -2.12183     33.09714      0.65951     32.43763
     -2.11183      5.32732      0.10615      5.22116
     -2.10183      0.31545      0.00629      0.30917
     -2.09183      0.00687      0.00014      0.00673
     -2.08183      0.00000      0.00000      0.00000
     -2.07183      0.00000      0.00000      0.00000
     -2.06183      0.00000      0.00000      0.00000
     -2.05183      0.00000      0.00000      0.00000
     -2.04183      0.00000      0.00000      0.00000
     -2.03183      0.00000      0.00000      0.00000
     -2.02183      0.01126      0.00018      0.01108
     -2.01183      0.46055      0.00742      0.45312
     -2.00183      6.92743      0.11168      6.81575
     -1.99183     38.34627      0.61824     37.72803
     -1.98183     78.54468      1.26731     77.27736
     -1.97183     65.86911      1.07684     64.79227
     -1.96183     55.92305      0.98146     54.94159
     -1.95183     80.15318      1.44972     78.70347
     -1.94183     57.01787      1.03348     55.98439
     -1.93183     15.19973      0.27553     14.92419
     -1.92183      1.49205      0.02705      1.46500
     -1.91183      0.05388      0.00098      0.05291
     -1.90183      0.00072      0.00001      0.00070
     -1.89183      0.00000      0.00000      0.00000
     -1.88183      0.00000      0.00000      0.00000
     -1.87183      0.00000      0.00000      0.00000
     -1.86183      0.00000      0.00000      0.00000
     -1.85183      0.00000      0.00000      0.00000
     -1.84183      0.00000      0.00000      0.00000
     -1.83183      0.00000      0.00000      0.00000
     -1.82183      0.00171      0.00004      0.00167
     -1.81183      0.10717      0.00248      0.10470
     -1.80183      2.46788      0.05704      2.41084
     -1.79183     20.90589      0.48317     20.42271
     -1.78183     65.15070      1.50575     63.64495
     -1.77183     74.69217      1.72627     72.96591
     -1.76183     31.50189      0.72806     30.77383
     -1.75183      4.88769      0.11296      4.77473
     -1.74183      0.27898      0.00645      0.27253
     -1.73183      0.00586      0.00014      0.00572
     -1.72183      0.00000      0.00000      0.00000
     -1.71183      0.00000      0.00000      0.00000
     -1.70183      0.00000      0.00000      0.00000
     -1.69183      0.00000      0.00000      0.00000
     -1.68183      0.00000      0.00000      0.00000
     -1.67183      0.00000      0.00000      0.00000
     -1.66183      0.00000      0.00000      0.00000
     -1.65183      0.00788      0.00019      0.00769
     -1.64183      0.35043      0.00834      0.34209
     -1.63183      5.73297      0.13643      5.59654
     -1.62183     34.50394      0.82109     33.68285
     -1.61183     76.39472      1.81798     74.57674
     -1.60183     62.22479      1.48077     60.74402
     -1.59183     18.64529      0.44370     18.20158
     -1.58183      2.05532      0.04891      2.00641
     -1.57183      0.08335      0.00198      0.08136
     -1.56183      0.00124      0.00003      0.00121
     -1.55183      0.00000      0.00000      0.00000
     -1.54183      0.00000      0.00000      0.00000
     -1.53183      0.00000      0.00000      0.00000
     -1.52183      0.00000      0.00000      0.00000
     -1.51183      0.00000      0.00000      0.00000
     -1.50183      0.00000      0.00000      0.00000
     -1.49183      0.00000      0.00000      0.00000
     -1.48183      0.00000      0.00000      0.00000
     -1.47183      0.00000      0.00000      0.00000
     -1.46183      0.00000      0.00000      0.00000
     -1.45183      0.00050      0.00001      0.00049
     -1.44183      0.04040      0.00067      0.03973
     -1.43183      1.20629      0.01998      1.18631
     -1.42183     13.29879      0.22200     13.07679
     -1.41183     55.21009      0.96669     54.24340
     -1.40183     96.43020      2.10683     94.32337
     -1.39183    103.32107      3.50692     99.81414
     -1.38183     86.16691      3.74793     82.41898
     -1.37183     37.44993      1.72324     35.72669
     -1.36183      6.45195      0.29969      6.15226
     -1.35183      0.41382      0.01926      0.39457
     -1.34183      0.00979      0.00046      0.00934
     -1.33183      0.00000      0.00000      0.00000
     -1.32183      0.00000      0.00000      0.00000
     -1.31183      0.00000      0.00000      0.00000
     -1.30183      0.00000      0.00000      0.00000
     -1.29183      0.00000      0.00000      0.00000
     -1.28183      0.00000      0.00000      0.00000
     -1.27183      0.00000      0.00000      0.00000
     -1.26183      0.00000      0.00000      0.00000
     -1.25183      0.00000      0.00000      0.00000
     -1.24183      0.00000      0.00000      0.00000
     -1.23183      0.00000      0.00000      0.00000
     -1.22183      0.00000      0.00000      0.00000
     -1.21183      0.00000      0.00000      0.00000
     -1.20183      0.00000      0.00000      0.00000
     -1.19183      0.00000      0.00000      0.00000
     -1.18183      0.00000      0.00000      0.00000
     -1.17183      0.00000      0.00000      0.00000
     -1.16183      0.00000      0.00000      0.00000
     -1.15183      0.00000      0.00000      0.00000
     -1.14183      0.00000      0.00000      0.00000
     -1.13183      0.00000      0.00000      0.00000
     -1.12183      0.00000      0.00000      0.00000
     -1.11183      0.00000      0.00000      0.00000
     -1.10183      0.00000      0.00000      0.00000
     -1.09183      0.00000      0.00000      0.00000
     -1.08183      0.00000      0.00000      0.00000
     -1.07183      0.00000      0.00000      0.00000
     -1.06183      0.00000      0.00000      0.00000
     -1.05183      0.00561      0.00030      0.00531
     -1.04183      0.26965      0.01423      0.25542
     -1.03183      4.77213      0.25179      4.52034
     -1.02183     31.06940      1.63933     29.43008
     -1.01183     74.41472      3.92638     70.48834
     -1.00183     65.56775      3.45958     62.10817
     -0.99183     21.25334      1.12140     20.13194
     -0.98183      2.53437      0.13372      2.40065
     -0.97183      0.11118      0.00587      0.10531
     -0.96183      0.00179      0.00009      0.00170
     -0.95183      0.00000      0.00000      0.00000
     -0.94183      0.00000      0.00000      0.00000
     -0.93183      0.00000      0.00000      0.00000
     -0.92183      0.00000      0.00000      0.00000
     -0.91183      0.00000      0.00000      0.00000
     -0.90183      0.00000      0.00000      0.00000
     -0.89183      0.00000      0.00000      0.00000
     -0.88183      0.00000      0.00000      0.00000
     -0.87183      0.00000      0.00000      0.00000
     -0.86183      0.00503      0.00007      0.00496
     -0.85183      0.24807      0.00350      0.24456
     -0.84183      4.49969      0.06351      4.43618
     -0.83183     30.02645      0.42379     29.60266
     -0.82183     73.71077      1.04034     72.67043
     -0.81183     66.56768      0.93953     65.62815
     -0.80183     22.11573      0.31214     21.80360
     -0.79183      2.70299      0.03815      2.66484
     -0.78183      0.12153      0.00172      0.11982
     -0.77183      0.00201      0.00003      0.00198
     -0.76183      0.00000      0.00000      0.00000
     -0.75183      0.00000      0.00000      0.00000
     -0.74183      0.00000      0.00000      0.00000
     -0.73183      0.00000      0.00000      0.00000
     -0.72183      0.00000      0.00000      0.00000
     -0.71183      0.00000      0.00000      0.00000
     -0.70183      0.00000      0.00000      0.00000
     -0.69183      0.00610      0.00034      0.00576
     -0.68183      0.28775      0.01610      0.27165
     -0.67183      4.99512      0.27952      4.71560
     -0.66183     31.89890      1.78504     30.11386
     -0.65183     74.93955      4.19356     70.74599
     -0.64183     64.76673      3.62430     61.14243
     -0.63183     20.59199      1.15231     19.43968
     -0.62183      2.40852      0.13478      2.27374
     -0.61183      0.10364      0.00580      0.09784
     -0.60183      0.00164      0.00009      0.00155
     -0.59183      0.00000      0.00000      0.00000
     -0.58183      0.00000      0.00000      0.00000
     -0.57183      0.00000      0.00000      0.00000
     -0.56183      0.00000      0.00000      0.00000
     -0.55183      0.00000      0.00000      0.00000
     -0.54183      0.00000      0.00000      0.00000
     -0.53183      0.00000      0.00000      0.00000
     -0.52183      0.00000      0.00000      0.00000
     -0.51183      0.00000      0.00000      0.00000
     -0.50183      0.00000      0.00000      0.00000
     -0.49183      0.00000      0.00000      0.00000
     -0.48183      0.00000      0.00000      0.00000
     -0.47183      0.00000      0.00000      0.00000
     -0.46183      0.00000      0.00000      0.00000
     -0.45183      0.00000      0.00000      0.00000
     -0.44183      0.00000      0.00000      0.00000
     -0.43183      0.00000      0.00000      0.00000
     -0.42183      0.00000      0.00000      0.00000
     -0.41183      0.00000      0.00000      0.00000
     -0.40183      0.00000      0.00000      0.00000
     -0.39183      0.00000      0.00000      0.00000
     -0.38183      0.00000      0.00000      0.00000
     -0.37183      0.00067      0.00004      0.00064
     -0.36183      0.05126      0.00272      0.04854
     -0.35183      1.43806      0.07644      1.36162
     -0.34183     14.84157      0.78890     14.05267
     -0.33183     56.38297      2.99549     53.38748
     -0.32183     79.82764      4.19464     75.63300
     -0.31183     53.11452      2.27714     50.83738
     -0.30183     59.99350      0.93363     59.05986
     -0.29183     80.05260      0.82930     79.22329
     -0.28183     44.45138      0.44836     44.00301
     -0.27183      9.13541      0.09202      9.04338
     -0.26183      0.69089      0.00696      0.68393
     -0.25183      0.01922      0.00019      0.01903
     -0.24183      0.00000      0.00000      0.00000
     -0.23183      0.00000      0.00000      0.00000
     -0.22183      0.00000      0.00000      0.00000
     -0.21183      0.00000      0.00000      0.00000
     -0.20183      0.00000      0.00000      0.00000
     -0.19183      0.00000      0.00000      0.00000
     -0.18183      0.00000      0.00000      0.00000
     -0.17183      0.00000      0.00000      0.00000
     -0.16183      0.00000      0.00000      0.00000
     -0.15183      0.00000      0.00000      0.00000
     -0.14183      0.00000      0.00000      0.00000
     -0.13183      0.00000      0.00000      0.00000
     -0.12183      0.00000      0.00000      0.00000
     -0.11183      0.00000      0.00000      0.00000
     -0.10183      0.00000      0.00000      0.00000
     -0.09183      0.00000      0.00000      0.00000
     -0.08183      0.00000      0.00000      0.00000
     -0.07183      0.00000      0.00000      0.00000
     -0.06183      0.00000      0.00000      0.00000
     -0.05183      0.00000      0.00000      0.00000
     -0.04183      0.01267      0.00050      0.01217
     -0.03183      0.50361      0.01971      0.48390
     -0.02183      7.36633      0.28828      7.07806
     -0.01183     39.63804      1.55121     38.08683
     -0.00183     78.46544      3.07069     75.39475
      0.00817     57.14131      2.23619     54.90512
      0.01817     15.30832      0.59908     14.70924
      0.02817      1.50873      0.05904      1.44968
      0.03817      0.05470      0.00214      0.05256
      0.04817      0.00073      0.00003      0.00070
      0.05817      0.00000      0.00000      0.00000
      0.06817      0.00000      0.00000      0.00000
      0.07817      0.00000      0.00000      0.00000
      0.08817      0.00000      0.00000      0.00000
      0.09817      0.00000      0.00000      0.00000
      0.10817      0.00000      0.00000      0.00000
      0.11817      0.00000      0.00000      0.00000
      0.12817      0.00000      0.00000      0.00000
      0.13817      0.00000      0.00000      0.00000
      0.14817      0.00000      0.00000      0.00000
      0.15817      0.00000      0.00000      0.00000
      0.16817      0.00000      0.00000      0.00000
      0.17817      0.00000      0.00000      0.00000
      0.18817      0.00000      0.00000      0.00000
      0.19817      0.00000      0.00000      0.00000
      0.20817      0.00000      0.00000      0.00000
      0.21817      0.00000      0.00000      0.00000
      0.22817      0.00000      0.00000      0.00000
      0.23817      0.00000      0.00000      0.00000
      0.24817      0.00000      0.00000      0.00000
      0.25817      0.00000      0.00000      0.00000
      0.26817      0.00000      0.00000      0.00000
      0.27817      0.00000      0.00000      0.00000
      0.28817      0.00000      0.00000      0.00000
      0.29817      0.00000      0.00000      0.00000
      0.30817      0.00000      0.00000      0.00000
      0.31817      0.00000      0.00000      0.00000
      0.32817      0.00000      0.00000      0.00000
      0.33817      0.00000      0.00000      0.00000
      0.34817      0.00000      0.00000      0.00000
      0.35817      0.00000      0.00000      0.00000
      0.36817      0.00000      0.00000      0.00000
      0.37817      0.00000      0.00000      0.00000
      0.38817      0.00000      0.00000      0.00000
      0.39817      0.00000      0.00000      0.00000
      0.40817      0.00000      0.00000      0.00000
      0.41817      0.00000      0.00000      0.00000
      0.42817      0.00000      0.00000      0.00000
      0.43817      0.00000      0.00000      0.00000
      0.44817      0.00000      0.00000      0.00000
      0.45817      0.00000      0.00000      0.00000
      0.46817      0.00000      0.00000      0.00000
      0.47817      0.00000      0.00000      0.00000
      0.48817      0.00000      0.00000      0.00000
      0.49817      0.00000      0.00000      0.00000
      0.50817      0.00000      0.00000      0.00000
      0.51817      0.00000      0.00000      0.00000
      0.52817      0.00000      0.00000      0.00000
      0.53817      0.00000      0.00000      0.00000
      0.54817      0.00000      0.00000      0.00000
      0.55817      0.00000      0.00000      0.00000
      0.56817      0.00000      0.00000      0.00000
      0.57817      0.00000      0.00000      0.00000
      0.58817      0.00000      0.00000      0.00000
      0.59817      0.00000      0.00000      0.00000
      0.60817      0.00000      0.00000      0.00000
      0.61817      0.00000      0.00000      0.00000
      0.62817      0.00000      0.00000      0.00000
      0.63817      0.00000      0.00000      0.00000
      0.64817      0.00000      0.00000      0.00000
      0.65817      0.00000      0.00000      0.00000
      0.66817      0.00000      0.00000      0.00000
      0.67817      0.00000      0.00000      0.00000
      0.68817      0.00000      0.00000      0.00000
      0.69817      0.00000      0.00000      0.00000
      0.70817      0.00000      0.00000      0.00000
      0.71817      0.00000      0.00000      0.00000
      0.72817      0.00000      0.00000      0.00000
      0.73817      0.00000      0.00000      0.00000
      0.74817      0.00000      0.00000      0.00000
      0.75817      0.00000      0.00000      0.00000
      0.76817      0.00000      0.00000      0.00000
      0.77817      0.00000      0.00000      0.00000
      0.78817      0.00000      0.00000      0.00000
      0.79817      0.00000      0.00000      0.00000
      0.80817      0.00000      0.00000      0.00000
      0.81817      0.00000      0.00000      0.00000
      0.82817      0.00000      0.00000      0.00000
      0.83817      0.00000      0.00000      0.00000
      0.84817      0.00000      0.00000      0.00000
      0.85817      0.00000      0.00000      0.00000
      0.86817      0.00000      0.00000      0.00000
      0.87817      0.00000      0.00000      0.00000
      0.88817      0.00000      0.00000      0.00000
      0.89817      0.00000      0.00000      0.00000
      0.90817      0.00000      0.00000      0.00000
      0.91817      0.00000      0.00000      0.00000
      0.92817      0.00000      0.00000      0.00000
      0.93817      0.00000      0.00000      0.00000
      0.94817      0.00000      0.00000      0.00000
      0.95817      0.00000      0.00000      0.00000
      0.96817      0.00000      0.00000      0.00000
      0.97817      0.00000      0.00000      0.00000
      0.98817      0.00000      0.00000      0.00000
      0.99817      0.00000      0.00000      0.00000
      1.00817      0.00000      0.00000      0.00000
      1.01817      0.00000      0.00000      0.00000
      1.02817      0.00000      0.00000      0.00000
      1.03817      0.00000      0.00000      0.00000
      1.04817      0.00000      0.00000      0.00000
      1.05817      0.00000      0.00000      0.00000
      1.06817      0.00000      0.00000      0.00000
      1.07817      0.00000      0.00000      0.00000
      1.08817      0.00000      0.00000      0.00000
      1.09817      0.00000      0.00000      0.00000
      1.10817      0.00000      0.00000      0.00000
      1.11817      0.00000      0.00000      0.00000
      1.12817      0.00000      0.00000      0.00000
      1.13817      0.00000      0.00000      0.00000
      1.14817      0.00000      0.00000      0.00000
      1.15817      0.00000      0.00000      0.00000
      1.16817      0.00000      0.00000      0.00000
      1.17817      0.00000      0.00000      0.00000
      1.18817      0.00000      0.00000      0.00000
      1.19817      0.00000      0.00000      0.00000
      1.20817      0.00000      0.00000      0.00000
      1.21817      0.00000      0.00000      0.00000
      1.22817      0.00000      0.00000      0.00000
      1.23817      0.00000      0.00000      0.00000
      1.24817      0.00000      0.00000      0.00000
      1.25817      0.00000      0.00000      0.00000
      1.26817      0.00000      0.00000      0.00000
      1.27817      0.00000      0.00000      0.00000
      1.28817      0.00000      0.00000      0.00000
      1.29817      0.00000      0.00000      0.00000
      1.30817      0.00000      0.00000      0.00000
      1.31817      0.00000      0.00000      0.00000
      1.32817      0.00000      0.00000      0.00000
      1.33817      0.00000      0.00000      0.00000
      1.34817      0.00000      0.00000      0.00000
      1.35817      0.00000      0.00000      0.00000
      1.36817      0.00000      0.00000      0.00000
      1.37817      0.00000      0.00000      0.00000
      1.38817      0.00000      0.00000      0.00000
      1.39817      0.00000      0.00000      0.00000
      1.40817      0.00000      0.00000      0.00000
      1.41817      0.00000      0.00000      0.00000
      1.42817      0.00000      0.00000      0.00000
      1.43817      0.00000      0.00000      0.00000
      1.44817      0.00000      0.00000      0.00000
      1.45817      0.00000      0.00000      0.00000
      1.46817      0.00000      0.00000      0.00000
      1.47817      0.00000      0.00000      0.00000
      1.48817      0.00000      0.00000      0.00000
      1.49817      0.00000      0.00000      0.00000
      1.50817      0.00000      0.00000      0.00000
      1.51817      0.00000      0.00000      0.00000
      1.52817      0.00000      0.00000      0.00000
      1.53817      0.00000      0.00000      0.00000
      1.54817      0.00000      0.00000      0.00000
      1.55817      0.00000      0.00000      0.00000
      1.56817      0.00000      0.00000      0.00000
      1.57817      0.00000      0.00000      0.00000
      1.58817      0.00000      0.00000      0.00000
      1.59817      0.00000      0.00000      0.00000
      1.60817      0.00000      0.00000      0.00000
      1.61817      0.00000      0.00000      0.00000
      1.62817      0.00000      0.00000      0.00000
      1.63817      0.00000      0.00000      0.00000
      1.64817      0.00000      0.00000      0.00000
      1.65817      0.00000      0.00000      0.00000
      1.66817      0.00000      0.00000      0.00000
      1.67817      0.00000      0.00000      0.00000
      1.68817      0.00000      0.00000      0.00000
      1.69817      0.00000      0.00000      0.00000
      1.70817      0.00000      0.00000      0.00000
      1.71817      0.00000      0.00000      0.00000
      1.72817      0.00000      0.00000      0.00000
      1.73817      0.00000      0.00000      0.00000
      1.74817      0.00000      0.00000      0.00000
      1.75817      0.00000      0.00000      0.00000
      1.76817      0.00000      0.00000      0.00000
      1.77817      0.00000      0.00000      0.00000
      1.78817      0.00000      0.00000      0.00000
      1.79817      0.00000      0.00000      0.00000
      1.80817      0.00000      0.00000      0.00000
      1.81817      0.00000      0.00000      0.00000
      1.82817      0.00000      0.00000      0.00000
      1.83817      0.00000      0.00000      0.00000
      1.84817      0.00000      0.00000      0.00000
      1.85817      0.00000      0.00000      0.00000
      1.86817      0.00000      0.00000      0.00000
      1.87817      0.00000      0.00000      0.00000
      1.88817      0.00000      0.00000      0.00000
      1.89817      0.00000      0.00000      0.00000
      1.90817      0.00000      0.00000      0.00000
      1.91817      0.00000      0.00000      0.00000
      1.92817      0.00000      0.00000      0.00000
      1.93817      0.00000      0.00000      0.00000
      1.94817      0.00000      0.00000      0.00000
      1.95817      0.00000      0.00000      0.00000
      1.96817      0.00000      0.00000      0.00000
      1.97817      0.00000      0.00000      0.00000
      1.98817      0.00000      0.00000      0.00000
      1.99817      0.00000      0.00000      0.00000
      2.00817      0.00000      0.00000      0.00000
      2.01817      0.00000      0.00000      0.00000
      2.02817      0.00000      0.00000      0.00000
      2.03817      0.00000      0.00000      0.00000
      2.04817      0.00000      0.00000      0.00000
      2.05817      0.00000      0.00000      0.00000
      2.06817      0.00000      0.00000      0.00000
      2.07817      0.00000      0.00000      0.00000
      2.08817      0.00000      0.00000      0.00000
      2.09817      0.00000      0.00000      0.00000
      2.10817      0.00000      0.00000      0.00000
      2.11817      0.00000      0.00000      0.00000
      2.12817      0.00000      0.00000      0.00000
      2.13817      0.00000      0.00000      0.00000
      2.14817      0.00000      0.00000      0.00000
      2.15817      0.00000      0.00000      0.00000
      2.16817      0.00000      0.00000      0.00000
      2.17817      0.00000      0.00000      0.00000
      2.18817      0.00000      0.00000      0.00000
      2.19817      0.00000      0.00000      0.00000
      2.20817      0.00000      0.00000      0.00000
      2.21817      0.00000      0.00000      0.00000
      2.22817      0.00000      0.00000      0.00000
      2.23817      0.00000      0.00000      0.00000
      2.24817      0.00000      0.00000      0.00000
      2.25817      0.00000      0.00000      0.00000
      2.26817      0.00000      0.00000      0.00000
      2.27817      0.00000      0.00000      0.00000
      2.28817      0.00000      0.00000      0.00000
      2.29817      0.00000      0.00000      0.00000
      2.30817      0.00000      0.00000      0.00000
      2.31817      0.00000      0.00000      0.00000
      2.32817      0.00000      0.00000      0.00000
      2.33817      0.00000      0.00000      0.00000
      2.34817      0.00000      0.00000      0.00000
      2.35817      0.00000      0.00000      0.00000
      2.36817      0.00000      0.00000      0.00000
      2.37817      0.00000      0.00000      0.00000
      2.38817      0.00000      0.00000      0.00000
      2.39817      0.00000      0.00000      0.00000
      2.40817      0.00000      0.00000      0.00000
      2.41817      0.00000      0.00000      0.00000
      2.42817      0.00000      0.00000      0.00000
      2.43817      0.00000      0.00000      0.00000
      2.44817      0.00000      0.00000      0.00000
      2.45817      0.00000      0.00000      0.00000
      2.46817      0.00000      0.00000      0.00000
      2.47817      0.00000      0.00000      0.00000
      2.48817      0.00000      0.00000      0.00000
      2.49817      0.00000      0.00000      0.00000
      2.50817      0.00000      0.00000      0.00000
      2.51817      0.00000      0.00000      0.00000
      2.52817      0.00000      0.00000      0.00000
      2.53817      0.00000      0.00000      0.00000
      2.54817      0.00000      0.00000      0.00000
      2.55817      0.00000      0.00000      0.00000
      2.56817      0.00000      0.00000      0.00000
      2.57817      0.00000      0.00000      0.00000
      2.58817      0.00000      0.00000      0.00000
      2.59817      0.00000      0.00000      0.00000
      2.60817      0.00000      0.00000      0.00000
      2.61817      0.00000      0.00000      0.00000
      2.62817      0.00000      0.00000      0.00000
      2.63817      0.00000      0.00000      0.00000
      2.64817      0.00000      0.00000      0.00000
      2.65817      0.00000      0.00000      0.00000
      2.66817      0.00000      0.00000      0.00000
      2.67817      0.00000      0.00000      0.00000
      2.68817      0.00000      0.00000      0.00000
      2.69817      0.00000      0.00000      0.00000
      2.70817      0.00000      0.00000      0.00000
      2.71817      0.00000      0.00000      0.00000
      2.72817      0.00000      0.00000      0.00000
      2.73817      0.00000      0.00000      0.00000
      2.74817      0.00000      0.00000      0.00000
      2.75817      0.00000      0.00000      0.00000
      2.76817      0.00000      0.00000      0.00000
      2.77817      0.00000      0.00000      0.00000
      2.78817      0.00000      0.00000      0.00000
      2.79817      0.00000      0.00000      0.00000
      2.80817      0.00000      0.00000      0.00000
      2.81817      0.00000      0.00000      0.00000
      2.82817      0.00000      0.00000      0.00000
      2.83817      0.00000      0.00000      0.00000
      2.84817      0.00000      0.00000      0.00000
      2.85817      0.00000      0.00000      0.00000
      2.86817      0.00000      0.00000      0.00000
      2.87817      0.00000      0.00000      0.00000
      2.88817      0.00000      0.00000      0.00000
      2.89817      0.00000      0.00000      0.00000
      2.90817      0.00000      0.00000      0.00000
      2.91817      0.00000      0.00000      0.00000
      2.92817      0.00000      0.00000      0.00000
      2.93817      0.00000      0.00000      0.00000
      2.94817      0.00000      0.00000      0.00000
      2.95817      0.00000      0.00000      0.00000
      2.96817      0.00000      0.00000      0.00000
      2.97817      0.00000      0.00000      0.00000
      2.98817      0.00000      0.00000      0.00000
      2.99817      0.00000      0.00000      0.00000
      3.00817      0.00000      0.00000      0.00000
      3.01817      0.00000      0.00000      0.00000
      3.02817      0.00000      0.00000      0.00000
      3.03817      0.00000      0.00000      0.00000
      3.04817      0.00000      0.00000      0.00000
      3.05817      0.00000      0.00000      0.00000
      3.06817      0.00000      0.00000      0.00000
      3.07817      0.00000      0.00000      0.00000
      3.08817      0.00000      0.00000      0.00000
      3.09817      0.00000      0.00000      0.00000
      3.10817      0.00000      0.00000      0.00000
      3.11817      0.00000      0.00000      0.00000
      3.12817      0.00000      0.00000      0.00000
      3.13817      0.00000      0.00000      0.00000
      3.14817      0.00000      0.00000      0.00000
      3.15817      0.00000      0.00000      0.00000
      3.16817      0.00000      0.00000      0.00000
      3.17817      0.00000      0.00000      0.00000
      3.18817      0.00000      0.00000      0.00000
      3.19817      0.00000      0.00000      0.00000
      3.20817      0.00000      0.00000      0.00000
      3.21817      0.00000      0.00000      0.00000
      3.22817      0.00000      0.00000      0.00000
      3.23817      0.00000      0.00000      0.00000
      3.24817      0.00000      0.00000      0.00000
      3.25817      0.00000      0.00000      0.00000
      3.26817      0.00000      0.00000      0.00000
      3.27817      0.00000      0.00000      0.00000
      3.28817      0.00000      0.00000      0.00000
      3.29817      0.00000      0.00000      0.00000
      3.30817      0.00000      0.00000      0.00000
      3.31817      0.00000      0.00000      0.00000
      3.32817      0.00000      0.00000      0.00000
      3.33817      0.00000      0.00000      0.00000
      3.34817      0.00000      0.00000      0.00000
      3.35817      0.00000      0.00000      0.00000
      3.36817      0.00000      0.00000      0.00000
      3.37817      0.00000      0.00000      0.00000
      3.38817      0.00000      0.00000      0.00000
      3.39817      0.00000      0.00000      0.00000
      3.40817      0.00000      0.00000      0.00000
      3.41817      0.00000      0.00000      0.00000
      3.42817      0.00000      0.00000      0.00000
      3.43817      0.00000      0.00000      0.00000
      3.44817      0.00000      0.00000      0.00000
      3.45817      0.00000      0.00000      0.00000
      3.46817      0.00000      0.00000      0.00000
      3.47817      0.00000      0.00000      0.00000
      3.48817      0.00000      0.00000      0.00000
      3.49817      0.00000      0.00000      0.00000
      3.50817      0.00000      0.00000      0.00000
      3.51817      0.00000      0.00000      0.00000
      3.52817      0.00000      0.00000      0.00000
      3.53817      0.00000      0.00000      0.00000
      3.54817      0.00000      0.00000      0.00000
      3.55817      0.00000      0.00000      0.00000
      3.56817      0.00000      0.00000      0.00000
      3.57817      0.00000      0.00000      0.00000
      3.58817      0.00000      0.00000      0.00000
      3.59817      0.00000      0.00000      0.00000
      3.60817      0.00000      0.00000      0.00000
      3.61817      0.00000      0.00000      0.00000
      3.62817      0.00000      0.00000      0.00000
      3.63817      0.00000      0.00000      0.00000
      3.64817      0.00000      0.00000      0.00000
      3.65817      0.00000      0.00000      0.00000
      3.66817      0.00000      0.00000      0.00000
      3.67817      0.00000      0.00000      0.00000
      3.68817      0.00000      0.00000      0.00000
      3.69817      0.00000      0.00000      0.00000
      3.70817      0.00000      0.00000      0.00000
      3.71817      0.00000      0.00000      0.00000
      3.72817      0.00000      0.00000      0.00000
      3.73817      0.00000      0.00000      0.00000
      3.74817      0.00000      0.00000      0.00000
      3.75817      0.00000      0.00000      0.00000
      3.76817      0.00000      0.00000      0.00000
      3.77817      0.00000      0.00000      0.00000
      3.78817      0.00000      0.00000      0.00000
      3.79817      0.00000      0.00000      0.00000
      3.80817      0.00000      0.00000      0.00000
      3.81817      0.00000      0.00000      0.00000
      3.82817      0.00000      0.00000      0.00000
      3.83817      0.00000      0.00000      0.00000
      3.84817      0.00000      0.00000      0.00000
      3.85817      0.00000      0.00000      0.00000
      3.86817      0.00000      0.00000      0.00000
      3.87817      0.00000      0.00000      0.00000
      3.88817      0.00000      0.00000      0.00000
      3.89817      0.00000      0.00000      0.00000
      3.90817      0.00000      0.00000      0.00000
      3.91817      0.00000      0.00000      0.00000
      3.92817      0.00000      0.00000      0.00000
      3.93817      0.00000      0.00000      0.00000
      3.94817      0.00000      0.00000      0.00000
      3.95817      0.00000      0.00000      0.00000
      3.96817      0.00000      0.00000      0.00000
      3.97817      0.00000      0.00000      0.00000
      3.98817      0.00000      0.00000      0.00000
      3.99817      0.00000      0.00000      0.00000
      4.00817      0.00000      0.00000      0.00000
      4.01817      0.00000      0.00000      0.00000
      4.02817      0.00000      0.00000      0.00000
      4.03817      0.00000      0.00000      0.00000
      4.04817      0.00000      0.00000      0.00000
      4.05817      0.00000      0.00000      0.00000
      4.06817      0.00000      0.00000      0.00000
      4.07817      0.00000      0.00000      0.00000
      4.08817      0.00000      0.00000      0.00000
      4.09817      0.00000      0.00000      0.00000
      4.10817      0.00000      0.00000      0.00000
      4.11817      0.00000      0.00000      0.00000
      4.12817      0.00000      0.00000      0.00000
      4.13817      0.00000      0.00000      0.00000
      4.14817      0.00000      0.00000      0.00000
      4.15817      0.00000      0.00000      0.00000
      4.16817      0.00000      0.00000      0.00000
      4.17817      0.00000      0.00000      0.00000
      4.18817      0.00000      0.00000      0.00000
      4.19817      0.00000      0.00000      0.00000
      4.20817      0.00000      0.00000      0.00000
      4.21817      0.00000      0.00000      0.00000
      4.22817      0.00000      0.00000      0.00000
      4.23817      0.00000      0.00000      0.00000
      4.24817      0.00000      0.00000      0.00000
      4.25817      0.00000      0.00000      0.00000
      4.26817      0.00260      0.00005      0.00254
      4.27817      0.14840      0.00298      0.14542
      4.28817      3.12112      0.06266      3.05845
      4.29817     24.14897      0.48485     23.66412
      4.30817     68.73736      1.38007     67.35729
      4.31817     71.97682      1.44511     70.53171
      4.32817     27.72669      0.55668     27.17000
      4.33817      3.92924      0.07889      3.85035
      4.34817      0.20484      0.00411      0.20073
      4.35817      0.00393      0.00008      0.00385
      4.36817      0.00000      0.00000      0.00000
      4.37817      0.00000      0.00000      0.00000
      4.38817      0.00000      0.00000      0.00000
      4.39817      0.00000      0.00000      0.00000
      4.40817      0.00000      0.00000      0.00000
      4.41817      0.00000      0.00000      0.00000
      4.42817      0.00000      0.00000      0.00000
      4.43817      0.00000      0.00000      0.00000
      4.44817      0.00000      0.00000      0.00000
      4.45817      0.00000      0.00000      0.00000
      4.46817      0.00000      0.00000      0.00000
      4.47817      0.00000      0.00000      0.00000
      4.48817      0.00000      0.00000      0.00000
      4.49817      0.00889      0.00039      0.00849
      4.50817      0.38433      0.01707      0.36726
      4.51817      6.11314      0.27147      5.84167
      4.52817     35.77069      1.58850     34.18219
      4.53817     77.00540      3.41955     73.58585
      4.54817     61.20412      2.71293     58.49118
      4.55817     21.98461      0.88290     21.10171
      4.56817     30.82439      0.72883     30.09556
      4.57817     72.98399      1.62757     71.35641
      4.58817     67.61883      1.50641     66.11242
      4.59817     23.06992      0.51394     22.55598
      4.60817      2.89559      0.06451      2.83108
      4.61817      0.13370      0.00298      0.13072
      4.62817      0.00227      0.00005      0.00222
      4.63817      0.00000      0.00000      0.00000
      4.64817      0.00000      0.00000      0.00000
      4.65817      0.00000      0.00000      0.00000
      4.66817      0.00129      0.00119      0.00010
      4.67817      0.09894      0.09122      0.00772
      4.68817      2.79913      2.58071      0.21842
      4.69817     29.14870     26.87392      2.27478
      4.70817    111.72334    103.00353      8.71981
      4.71817    157.61492    145.31213     12.30279
      4.72817     81.84308     75.45372      6.38936
      4.73817     15.67899     14.42367      1.25532
      4.74817      2.23050      1.10358      1.12692
      4.75817     12.71116      1.02666     11.68451
      4.76817     52.35890      4.12999     48.22891
      4.77817     79.51991      6.27241     73.24750
      4.78817     44.42962      3.50504     40.92459
      4.79817      9.17896      0.76255      8.41641
      4.80817      2.03950      1.26632      0.77318
      4.81817     14.25753     12.79234      1.46518
      4.82817     55.28576     49.66532      5.62045
      4.83817     78.99189     70.96152      8.03037
      4.84817     42.20674     37.91878      4.28795
      4.85817     17.30654     15.58462      1.72192
      4.86817     45.38193     40.94930      4.43262
      4.87817     79.58424     71.81493      7.76931
      4.88817     51.97712     46.90296      5.07416
      4.89817     12.52793     11.30488      1.22305
      4.90817      2.24510      2.02479      0.22031
      4.91817     12.79767     11.53564      1.26203
      4.92817     52.51596     47.33702      5.17894
      4.93817     79.55497     71.70983      7.84514
      4.94817     45.82211     41.31094      4.51117
      4.95817     24.68898     22.29513      2.39384
      4.96817     59.71909     52.97809      6.74100
      4.97817     93.36924     72.71925     20.64998
      4.98817     95.86039     41.89262     53.96777
      4.99817     85.83034     15.34931     70.48104
      5.00817     40.61680      4.93730     35.67949
      5.01817      7.57395      0.85723      6.71671
      5.02817      1.47217      0.19331      1.27887
      5.03817     13.55760      3.22848     10.32912
      5.04817     78.90857     30.12155     48.78702
      5.05817    195.04085    107.13461     87.90623
      5.06817    205.47288    143.15997     62.31292
      5.07817     89.52018     71.34480     18.17539
      5.08817     15.48000     13.21159      2.26841
      5.09817      1.02899      0.90738      0.12161
      5.10817      0.02579      0.02309      0.00271
      5.11817      0.00104      0.00095      0.00009
      5.12817      0.07257      0.06626      0.00631
      5.13817      1.85734      1.69596      0.16138
      5.14817     17.48758     15.96817      1.51941
      5.15817     60.57236     55.30951      5.26285
      5.16817     77.18356     70.47744      6.70612
      5.17817     36.18809     33.04383      3.14426
      5.18817      6.56224      5.99003      0.57221
      5.19817      5.82134      5.27247      0.54887
      5.20817     33.86964     30.35546      3.51417
      5.21817     82.69819     69.60606     13.09213
      5.22817    101.50032     62.16519     39.33512
      5.23817     97.43045     27.35810     70.07235
      5.24817     60.77363      9.30044     51.47319
      5.25817     16.43779      2.24951     14.18829
      5.26817      4.97463      3.24439      1.73024
      5.27817     25.16782     22.92469      2.24313
      5.28817     69.67407     63.59778      6.07629
      5.29817     71.13029     64.92768      6.20261
      5.30817     26.71460     24.38507      2.32953
      5.31817      3.69104      3.36918      0.32186
      5.32817      0.18761      0.17125      0.01636
      5.33817      0.00351      0.00320      0.00031
      5.34817      0.00166      0.00151      0.00015
      5.35817      0.10468      0.09514      0.00954
      5.36817      2.42617      2.20497      0.22121
      5.37817     20.68571     18.79969      1.88601
      5.38817     64.88209     58.96648      5.91561
      5.39817     74.86603     68.04014      6.82589
      5.40817     31.78012     28.88257      2.89754
      5.41817      4.99527      4.53991      0.45536
      5.42817      1.31082      1.19384      0.11698
      5.43817     11.90566     10.84765      1.05801
      5.44817     50.89757     46.27139      4.62618
      5.45817     82.53747     72.79078      9.74669
      5.46817     68.84360     43.28331     25.56030
      5.47817     77.12789     12.87757     64.25032
      5.48817     73.88313      5.00405     68.87908
      5.49817     29.22465      1.74046     27.48418
      5.50817      4.29062      0.25278      4.03785
      5.51817      0.23191      0.01366      0.21825
      5.52817      0.00461      0.00027      0.00434
      5.53817      0.00000      0.00000      0.00000
      5.54817      0.02072      0.01883      0.00189
      5.55817      0.73118      0.66460      0.06658
      5.56817      9.49358      8.62725      0.86633
      5.57817     45.45201     41.20369      4.24832
      5.58817     82.40401     72.49222      9.91178
      5.59817     73.94432     47.71089     26.23343
      5.60817     79.21366     13.90688     65.30677
      5.61817     74.52274      4.06783     70.45491
      5.62817     30.97805      2.48789     28.49016
      5.63817     18.61852     13.12704      5.49149
      5.64817     55.51319     50.29005      5.22314
      5.65817     79.25897     71.87214      7.38683
      5.66817     46.39056     38.18539      8.20517
      5.67817     39.47798      9.98535     29.49263
      5.68817     75.22988      6.88424     68.34564
      5.69817     65.21677      5.57199     59.64477
      5.70817     20.94899      1.78587     19.16312
      5.71817      2.53987      0.21599      2.32388
      5.72817      1.80055      0.13936      1.66118
      5.73817     16.48565      1.26779     15.21786
      5.74817     59.04691      4.54080     54.50611
      5.75817     77.81069      5.98377     71.82693
      5.76817     37.74463      2.92199     34.82264
      5.77817      7.52608      1.24262      6.28346
      5.78817     10.54050      9.18143      1.35907
      5.79817     47.61565     42.48663      5.12903
      5.80817     90.47795     73.13315     17.34479
      5.81817     98.35367     48.74176     49.61191
      5.82817     92.45832     16.02083     76.43749
      5.83817     62.03763      5.24867     56.78896
      5.84817     63.13204      5.32187     57.81016
      5.85817     84.43393     10.35086     74.08307
      5.86817     72.70883     29.13582     43.57300
      5.87817     81.39966     66.33430     15.06536
      5.88817     69.25616     62.35689      6.89926
      5.89817     23.98442     21.78023      2.20419
      5.90817      3.08201      2.80087      0.28115
      5.91817      0.14582      0.13251      0.01330
      5.92817      0.00254      0.00231      0.00023
      5.93817      0.00000      0.00000      0.00000
      5.94817      0.00000      0.00000      0.00000
      5.95817      0.00000      0.00000      0.00000
      5.96817      0.00000      0.00000      0.00000
      5.97817      0.00000      0.00000      0.00000
      5.98817      0.00000      0.00000      0.00000
      5.99817      0.01191      0.01013      0.00179
      6.00817      0.51741      0.41843      0.09898
      6.01817      8.55373      6.38604      2.16769
      6.02817     54.66329     36.09305     18.57024
      6.03817    137.14046     75.88768     61.25278
      6.04817    136.44037     59.78790     76.65247
      6.05817     53.82708     17.84106     35.98601
      6.06817      8.33532      2.04562      6.28969
      6.07817      0.49887      0.09157      0.40730
      6.08817      0.01944      0.00896      0.01049
      6.09817      0.35725      0.32437      0.03288
      6.10817      5.81051      5.27568      0.53483
      6.11817     34.76623     31.56616      3.20008
      6.12817     76.52555     69.48172      7.04383
      6.13817     61.98636     56.28177      5.70459
      6.14817     19.15281     17.42493      1.72788
      6.15817     11.18006     10.61398      0.56608
      6.16817     44.60780     42.75452      1.85331
      6.17817     80.60825     77.30737      3.30175
      6.18817     64.74133     62.42829      2.32302
      6.19817     68.26075     63.97402      4.32866
      6.20817    117.76017     83.04116     34.78377
      6.21817    170.82859     53.04328    117.82210
      6.22817    178.22178     20.12176    158.10771
      6.23817    128.07829      9.72838    118.35051
      6.24817     89.85987      7.16289     82.69700
      6.25817     39.62021      3.24408     36.37614
      6.26817      7.13438      0.58658      6.54780
      6.27817      0.47997      0.03949      0.44049
      6.28817      0.07478      0.00606      0.06872
      6.29817      1.67262      0.13519      1.53742
      6.30817     16.35729      1.32212     15.03517
      6.31817     58.84798      4.75655     54.09143
      6.32817     77.89048      6.29993     71.59055
      6.33817     38.16364      3.29434     34.86930
      6.34817     11.21273      4.73773      6.47500
      6.35817     30.16425     28.19593      1.96833
      6.36817     73.54795     69.68335      3.86460
      6.37817     68.18032     64.55306      3.62727
      6.38817     36.39586     33.90153      2.49433
      6.39817     57.64136     52.32094      5.32042
      6.40817     79.18965     71.72683      7.46281
      6.41817     41.90313     37.95158      3.95155
      6.42817      8.25151      7.47832      0.77318
      6.43817      2.63365      2.50830      0.12535
      6.44817     18.61827     17.97945      0.63882
      6.45817     62.21205     60.04003      2.17202
      6.46817     77.77017     73.89087      3.87930
      6.47817     48.82969     34.29452     14.53517
      6.48817     62.59363     10.39280     52.20083
      6.49817     95.34255     20.01663     75.32592
      6.50817     99.85234     56.81632     43.03602
      6.51817     86.13323     73.23578     12.89745
      6.52817     39.06077     35.89123      3.16954
      6.53817      6.99356      6.50236      0.49120
      6.54817      0.46549      0.43367      0.03182
      6.55817      0.01142      0.01064      0.00078
      6.56817      0.00000      0.00000      0.00000
      6.57817      0.00000      0.00000      0.00000
      6.58817      0.00000      0.00000      0.00000
      6.59817      0.02418      0.02154      0.00263
      6.60817      0.82118      0.73168      0.08949
      6.61817     10.28131      9.14877      1.13254
      6.62817     47.99995     42.31221      5.68774
      6.63817     92.43552     76.01964     16.41588
      6.64817    121.63000     76.04144     45.58856
      6.65817    164.26311     85.89268     78.37043
      6.66817    122.40326     67.56333     54.83993
      6.67817     37.77854     21.81059     15.96795
      6.68817     20.71452      3.46939     17.24513
      6.69817     59.58150      3.18830     56.39320
      6.70817     77.66997      4.01881     73.65115
      6.71817     37.34886      1.93167     35.41719
      6.72817      6.60726      0.34172      6.26553
      6.73817      0.43000      0.02224      0.40776
      6.74817      0.01426      0.00082      0.01344
      6.75817      0.20626      0.01478      0.19148
      6.76817      3.94851      0.28290      3.66562
      6.77817     27.80926      1.99422     25.81504
      6.78817     72.16770      5.27647     66.89123
      6.79817     71.43398      7.45001     63.98397
      6.80817     46.53606     22.23114     24.30493
      6.81817     70.19299     61.36916      8.82383
      6.82817     76.49380     67.41730      9.07650
      6.83817     52.82210     29.96484     22.85726
      6.84817     72.15756     12.53777     59.61979
      6.85817     73.39319      9.38945     64.00374
      6.86817     34.53832      3.82047     30.71785
      6.87817     38.76806      1.70349     37.06458
      6.88817     76.65849      2.62963     74.02886
      6.89817     62.15118      2.11573     60.03545
      6.90817     18.58885      0.63268     17.95618
      6.91817      2.04547      0.06962      1.97585
      6.92817      0.08434      0.00422      0.08011
      6.93817      0.10161      0.09019      0.01143
      6.94817      2.44065      2.12652      0.31413
      6.95817     22.81658     18.47421      4.34238
      6.96817     86.29078     59.20146     27.08931
      6.97817    141.88985     70.26811     71.62174
      6.98817    106.22900     31.21368     75.01532
      6.99817     35.54209      5.59555     29.94653
      7.00817     11.09147      5.11665      5.97482
      7.01817     43.09781     29.57301     13.52481
      7.02817    119.28541     69.82844     49.45696
      7.03817    142.21703     65.00294     77.21408
      7.04817     79.63196     30.85689     48.77507
      7.05817     54.13817     39.04803     15.09013
      7.06817     79.45505     71.24124      8.21382
      7.07817     58.19723     52.82383      5.37340
      7.08817     16.26080     14.76791      1.49289
      7.09817      7.23952      6.57867      0.66084
      7.10817     34.23366     31.11372      3.11994
      7.11817     76.22709     69.28009      6.94700
      7.12817     62.54834     56.84796      5.70038
      7.13817     18.88132     17.16056      1.72076
      7.14817      2.09679      1.90570      0.19109
      7.15817      0.08566      0.07785      0.00781
      7.16817      0.00129      0.00117      0.00012
      7.17817      0.00000      0.00000      0.00000
      7.18817      0.00000      0.00000      0.00000
      7.19817      0.00000      0.00000      0.00000
      7.20817      0.00000      0.00000      0.00000
      7.21817      0.00039      0.00020      0.00019
      7.22817      0.03331      0.01676      0.01655
      7.23817      1.04389      0.52526      0.51863
      7.24817     12.04347      6.06445      5.97990
      7.25817     51.38180     26.05620     25.36508
      7.26817     85.13372     46.21242     39.58079
      7.27817     79.31947     60.65016     22.72156
      7.28817     85.64593     90.01641      4.79841
      7.29817     65.75868     73.24738      0.37295
      7.30817     37.04700     41.65439      0.02157
      7.31817     65.04345     72.94417      0.28757
      7.32817     96.61964    103.58526      3.09769
      7.33817    107.77206     95.73043     16.73197
      7.34817    127.85678     77.51515     51.14667
      7.35817    114.89312     37.65678     77.28717
      7.36817     64.22558     10.42194     53.80482
      7.37817     53.71150      6.91243     46.79906
      7.38817    101.96347     21.12387     80.83960
      7.39817    128.47632     47.03433     81.44207
      7.40817    111.46202     65.38725     46.08123
      7.41817     98.87704     84.36537     14.69551
      7.42817     92.95885     91.97695      2.90453
      7.43817     92.48180     95.13381      4.76568
      7.44817    127.52361    111.94853     26.36988
      7.45817    163.56574    112.20642     58.39286
      7.46817    149.85507    106.00833     47.64890
      7.47817     70.13631     57.66742     14.30438
      7.48817     14.40163     13.24445      1.57976
      7.49817      7.12442      7.20635      0.06418
      7.50817     35.46031     36.11119      0.00096
      7.51817     76.84285     78.25428      0.00000
      7.52817     61.31728     62.44353      0.00000
      7.53817     18.02444     18.35035      0.00491
      7.54817      2.92144      2.77902      0.18678
      7.55817     14.44799     11.97392      2.61193
      7.56817     77.99100     65.34527     13.43664
      7.57817    156.44503    132.72574     25.42879
      7.58817    119.54066    103.63350     17.70379
      7.59817     59.51956     58.70429      4.53432
      7.60817     75.35142     83.57848      0.42723
      7.61817     68.64151     76.80028      0.01998
      7.62817     24.38227     27.02462      0.21337
      7.63817     10.02651      7.13843      3.25497
      7.64817     40.72225     21.92705     18.81254
      7.65817     99.01311     54.59033     44.42308
      7.66817    124.03834     72.23908     51.79926
      7.67817     90.82258     55.53711     35.28547
      7.68817     32.95919     20.57521     12.38433
      7.69817      5.03771      3.23608      1.82145
      7.70817      3.30066      3.62047      0.10222
      7.71817     23.70118     27.00416      0.00259
      7.72817     68.31692     77.80488      0.03674
      7.73817     73.61564     82.62747      1.08447
      7.74817     41.72484     33.88649     11.77547
      7.75817     57.98637     11.51363     47.03754
      7.76817     79.47560     10.38335     69.12206
      7.77817     42.85330      5.48636     37.36752
      7.78817      8.52168      1.09017      7.43151
      7.79817      0.62347      0.07976      0.54371
      7.80817      0.01678      0.00215      0.01463
      7.81817      0.00132      0.00104      0.00028
      7.82817      0.09408      0.07061      0.02347
      7.83817      2.47864      1.77382      0.70660
      7.84817     25.75912     17.03753      8.79073
      7.85817    114.27038     67.54326     47.71392
      7.86817    240.84028    129.94770    116.07338
      7.87817    256.29328    140.28375    126.01576
      7.88817    129.78535     77.93583     58.95920
      7.89817     29.01432     19.45345     11.41925
      7.90817     13.95446     12.21583      1.91747
      7.91817     50.23183     45.62750      4.62023
      7.92817     82.61175     75.44868      7.41305
      7.93817     76.26675     73.25461      5.41020
      7.94817    124.48548    126.58969      6.36124
      7.95817    180.09917    176.42009     14.67283
      7.96817    148.52540    126.69561     27.08206
      7.97817     89.45049     63.92096     26.45264
      7.98817     31.07601     20.64533     10.49036
      7.99817      4.50926      2.94901      1.56167
      8.00817      0.24648      0.16064      0.08584
      8.01817      0.00499      0.00325      0.00174
      8.02817      0.00000      0.00000      0.00000
      8.03817      0.00000      0.00000      0.00000
      8.04817      0.00000      0.00000      0.00000
      8.05817      0.00730      0.00571      0.00159
      8.06817      0.33059      0.25841      0.07218
      8.07817      5.50473      4.30280      1.20192
      8.08817     33.71972     26.35722      7.36250
      8.09817     76.00242     59.40797     16.59445
      8.10817     63.58695     49.71139     13.87556
      8.11817     27.45061     21.57173      5.87888
      8.12817     44.24699     35.17238      9.07461
      8.13817     79.19617     63.00635     16.18982
      8.14817     54.69661     43.51550     11.18112
      8.15817     13.97910     11.08643      2.89295
      8.16817      3.15862      1.61129      1.56414
      8.17817     19.67863      7.45085     12.58665
      8.18817     82.87423     40.85885     44.83326
      8.19817    145.90583     95.25372     58.79201
      8.20817    110.10564     90.32971     28.42605
      8.21817     38.32302     35.30332      6.40322
      8.22817     31.79259     20.79959     11.55230
      8.23817     97.01110     58.54267     39.54690
      8.24817    191.66874    122.45082     74.80664
      8.25817    249.04873    165.41553     94.54588
      8.26817    200.06478    118.23121     89.67318
      8.27817    127.52952     46.12555     83.47584
      8.28817     76.26753     15.83960     60.62937
      8.29817     24.56616      4.30997     20.26339
      8.30817      3.13180      0.53463      2.59727
      8.31817      0.14855      0.02524      0.12331
      8.32817      0.00452      0.00221      0.00230
      8.33817      0.11723      0.10827      0.00896
      8.34817      2.63346      2.43216      0.20130
      8.35817     21.76333     20.09973      1.66360
      8.36817     66.16504     61.10735      5.05769
      8.37817     74.00096     68.34429      5.65667
      8.38817     30.45576     28.12750      2.32826
      8.39817      4.97169      4.58261      0.38907
      8.40817      6.13266      5.51768      0.61497
      8.41817     34.99154     31.44634      3.54520
      8.42817     76.63316     68.86872      7.76444
      8.43817     61.75060     55.49405      6.25655
      8.44817     18.30506     16.45040      1.85466
      8.45817      2.00268      1.79759      0.20509
      8.46817      0.38163      0.24156      0.14007
      8.47817      5.20216      2.93465      2.26751
      8.48817     33.81300     19.31661     14.49639
      8.49817     89.41765     53.59436     35.82329
      8.50817    119.29125     80.08535     39.20590
      8.51817     99.15965     74.44201     24.71764
      8.52817     44.02138     34.61579      9.40559
      8.53817      8.19309      6.52167      1.67142
      8.54817      0.57960      0.46265      0.11695
      8.55817      0.01519      0.01213      0.00305
      8.56817      0.00000      0.00000      0.00000
      8.57817      0.00961      0.01105      0.00000
      8.58817      0.40797      0.46904      0.00000
      8.59817      6.37179      7.32556      0.00000
      8.60817     36.64265     42.12535      0.00000
      8.61817     78.51985     90.20182      0.00000
      8.62817     73.01659     83.14746      0.00000
      8.63817     69.91930     77.11107      0.00000
      8.64817     81.28015     88.51045      0.00000
      8.65817     44.14469     48.01487      0.00000
      8.66817      8.99352      9.78116      0.00000
      8.67817      0.67496      0.73407      0.00000
      8.68817      0.01864      0.02027      0.00000
      8.69817      0.00000      0.00000      0.00000
      8.70817      0.00000      0.00000      0.00000
      8.71817      0.00000      0.00000      0.00000
      8.72817      0.00000      0.00000      0.00000
      8.73817      0.00000      0.00000      0.00000
      8.74817      0.00000      0.00000      0.00000
      8.75817      0.00000      0.00000      0.00000
      8.76817      0.00000      0.00000      0.00000
      8.77817      0.00000      0.00000      0.00000
      8.78817      0.00000      0.00000      0.00000
      8.79817      0.00000      0.00000      0.00000
      8.80817      0.00000      0.00000      0.00000
      8.81817      0.00000      0.00000      0.00000
      8.82817      0.00000      0.00000      0.00000
      8.83817      0.00000      0.00000      0.00000
      8.84817      0.00032      0.00025      0.00006
      8.85817      0.03499      0.02886      0.00613
      8.86817      1.23583      1.02739      0.20843
      8.87817     16.41348     13.76765      2.64583
      8.88817     82.41629     69.72036     12.69593
      8.89817    160.69558    135.25495     25.44063
      8.90817    151.66135    114.66311     36.99824
      8.91817    152.43808     90.62208     61.81600
      8.92817    150.24399     91.90714     58.33685
      8.93817     70.58823     48.22936     22.35887
      8.94817     14.17135     10.26594      3.90541
      8.95817     11.68009      4.94539      6.73470
      8.96817     48.21438     18.80652     29.40787
      8.97817     79.78773     31.10248     48.68525
      8.98817     48.61816     18.95587     29.66229
      8.99817     11.52110      4.63084      6.89026
      9.00817      9.52268      5.62892      3.89375
      9.01817     44.35377     27.27091     17.08286
      9.02817     93.37062     58.76556     34.60506
      9.03817    108.78699     73.06359     35.72340
      9.04817     92.46122     65.94356     26.51766
      9.05817     43.01764     31.27717     11.74048
      9.06817      8.20881      5.99885      2.20996
      9.07817      1.79359      1.52997      0.26361
      9.08817     13.29058     12.11728      1.17330
      9.09817     53.50783     48.79532      4.71251
      9.10817     79.34083     72.35316      6.98766
      9.11817     43.27944     39.46776      3.81168
      9.12817      8.68800      7.92263      0.76537
      9.13817      0.80534      0.72318      0.08216
      9.14817      3.37296      2.84630      0.52666
      9.15817     25.23497     21.28658      3.94864
      9.16817     70.04116     59.12248     10.93219
      9.17817     76.42964     65.32536     11.37459
      9.18817     70.21003     65.59377      6.60595
      9.19817    134.98527    131.34117      9.03358
      9.20817    150.02568    144.22965     11.21082
      9.21817     88.32756     80.53578     10.25127
      9.22817    116.33624     95.13141     23.34486
      9.23817    159.01295    126.06288     35.58848
      9.24817     86.92048     67.61042     20.66263
      9.25817     17.60047     13.43716      4.41958
      9.26817      1.31601      0.98609      0.34778
      9.27817      0.03633      0.02672      0.01007
      9.28817      0.00000      0.00000      0.00000
      9.29817      0.00000      0.00000      0.00000
      9.30817      0.00000      0.00000      0.00000
