Energy-E_F (eV)    DOS (1/eV)    PDOS (1/eV)  of atom type H  C  
     -6.84019    202.00378      9.99707    192.00671
     -6.83019    293.57099     22.64942    270.92157
     -6.82019    228.83546     22.29140    206.54406
     -6.81019    124.72824      9.59921    115.12903
     -6.80019     89.80043      2.87057     86.92985
     -6.79019     62.93103      1.30070     61.63033
     -6.78019     88.75884      1.65705     87.10179
     -6.77019    138.36322      2.83533    135.52789
     -6.76019    163.80801      7.87626    155.93175
     -6.75019    237.05348     24.25223    212.80125
     -6.74019    300.87741     38.37941    262.49800
     -6.73019    214.56915     27.72756    186.84159
     -6.72019    121.52038      9.75820    111.76219
     -6.71019     96.64159      4.32288     92.31871
     -6.70019    122.98490     10.04976    112.93514
     -6.69019    216.20057     18.27780    197.92277
     -6.68019    197.78141     13.60107    184.18034
     -6.67019     97.57489      6.80770     90.76719
     -6.66019    135.29000     15.37882    119.91118
     -6.65019    237.34338     27.62663    209.71675
     -6.64019    169.84411     18.87304    150.97107
     -6.63019     76.66761      5.28587     71.38173
     -6.62019    122.09729      2.39353    119.70376
     -6.61019    160.45291      3.67477    156.77814
     -6.60019    118.49114      9.46844    109.02270
     -6.59019    150.13597     22.69956    127.43641
     -6.58019    223.82003     30.42045    193.39958
     -6.57019    212.69057     26.07481    186.61576
     -6.56019    142.10157     15.32214    126.77943
     -6.55019    116.83890      6.30875    110.53015
     -6.54019    153.27521      3.21747    150.05774
     -6.53019    131.10342      3.71494    127.38848
     -6.52019    114.57651     13.73243    100.84408
     -6.51019    209.95508     33.66375    176.29133
     -6.50019    222.12528     32.42580    189.69948
     -6.49019    129.59871     15.58506    114.01365
     -6.48019    112.76745     10.27377    102.49368
     -6.47019    142.74018      7.44879    135.29140
     -6.46019    173.97413      5.74308    168.23105
     -6.45019    172.42594     13.83622    158.58972
     -6.44019    193.26347     29.16098    164.10249
     -6.43019    191.05204     26.63902    164.41302
     -6.42019    159.64702     16.37518    143.27184
     -6.41019    203.35682     28.51182    174.84500
     -6.40019    272.79130     43.04818    229.74312
     -6.39019    271.98856     35.22430    236.76425
     -6.38019    278.50029     24.66777    253.83252
     -6.37019    218.14375     17.48198    200.66177
     -6.36019    123.46764     12.25058    111.21706
     -6.35019     72.51082      5.96557     66.54524
     -6.34019     92.33240      4.69800     87.63440
     -6.33019    119.96582     11.19748    108.76834
     -6.32019    108.21746     15.63288     92.58458
     -6.31019     90.93752      9.24214     81.69538
     -6.30019    140.04357      4.22717    135.81641
     -6.29019    172.95057      6.66235    166.28822
     -6.28019    139.28727     13.23461    126.05266
     -6.27019    121.19790     18.24485    102.95305
     -6.26019    199.18558     30.39708    168.78850
     -6.25019    321.77989     44.49681    277.28308
     -6.24019    299.16705     41.21402    257.95302
     -6.23019    259.35447     41.21369    218.14078
     -6.22019    260.81915     39.07042    221.74873
     -6.21019    223.11562     26.01837    197.09725
     -6.20019    164.65174     13.52616    151.12559
     -6.19019    156.05049     16.14144    139.90905
     -6.18019    170.37238     22.47083    147.90155
     -6.17019    118.76579     14.75251    104.01329
     -6.16019     99.84614      9.77604     90.07010
     -6.15019    160.85777     18.17199    142.68578
     -6.14019    172.37842     19.44157    152.93685
     -6.13019    136.18624     10.28613    125.90011
     -6.12019    144.08376     12.56122    131.52254
     -6.11019    219.01705     22.91915    196.09789
     -6.10019    194.51226     17.98335    176.52891
     -6.09019     75.14417      5.48725     69.65692
     -6.08019     13.43989      0.71171     12.72819
     -6.07019     19.83312      0.97323     18.85989
     -6.06019    110.09635      7.22389    102.87246
     -6.05019    274.73064     23.67147    251.05916
     -6.04019    316.33087     35.16055    281.17032
     -6.03019    194.67394     27.03445    167.63949
     -6.02019     89.33221     12.87766     76.45454
     -6.01019    116.25532     10.64718    105.60814
     -6.00019    245.33240     18.27067    227.06172
     -5.99019    305.37017     19.52847    285.84169
     -5.98019    225.31440     12.47448    212.83992
     -5.97019     98.28607      5.37436     92.91170
     -5.96019     90.48068      8.97782     81.50286
     -5.95019    201.20000     24.84845    176.35155
     -5.94019    245.20816     34.73716    210.47100
     -5.93019    173.37999     25.22895    148.15103
     -5.92019     79.97955     10.44766     69.53189
     -5.91019     60.94634      8.19630     52.75004
     -5.90019    171.90943     25.38980    146.51963
     -5.89019    268.54368     40.65643    227.88725
     -5.88019    239.13712     34.82049    204.31662
     -5.87019    208.51683     29.55923    178.95760
     -5.86019    171.45899     24.31839    147.14060
     -5.85019    128.55611     13.70641    114.84970
     -5.84019    140.56139      9.13956    131.42183
     -5.83019    151.62705     13.14557    138.48147
     -5.82019    135.55333     20.89557    114.65776
     -5.81019    166.00866     29.74228    136.26638
     -5.80019    243.44672     31.19718    212.24955
     -5.79019    319.24060     30.05792    289.18268
     -5.78019    274.44819     24.18262    250.26557
     -5.77019    114.00057     10.05171    103.94886
     -5.76019     28.40133      2.63494     25.76639
     -5.75019     51.58204      5.22696     46.35507
     -5.74019    127.21998     13.03342    114.18656
     -5.73019    200.20924     22.06201    178.14722
     -5.72019    225.20006     24.30950    200.89056
     -5.71019    194.81035     16.77208    178.03827
     -5.70019    139.59143     12.47884    127.11259
     -5.69019    106.02838     15.71861     90.30977
     -5.68019    166.02430     25.72192    140.30238
     -5.67019    219.73349     25.30774    194.42575
     -5.66019    179.52697     19.44929    160.07767
     -5.65019    200.07543     28.27268    171.80276
     -5.64019    258.48795     33.39114    225.09681
     -5.63019    246.06573     22.24121    223.82452
     -5.62019    295.10781     23.32224    271.78557
     -5.61019    357.95139     32.75541    325.19598
     -5.60019    298.22464     31.87246    266.35219
     -5.59019    344.64923     44.22176    300.42747
     -5.58019    567.77309     74.35951    493.41358
     -5.57019    717.40897     91.22612    626.18285
     -5.56019    701.63037     90.49132    611.13906
     -5.55019    638.71635     77.44103    561.27533
     -5.54019    576.98804     61.95506    515.03298
     -5.53019    535.48847     59.48074    476.00774
     -5.52019    501.00818     55.19501    445.81317
     -5.51019    455.33466     46.58897    408.74568
     -5.50019    449.90899     44.32177    405.58722
     -5.49019    526.01348     56.53576    469.47772
     -5.48019    479.36001     59.14261    420.21740
     -5.47019    303.30091     46.57840    256.72251
     -5.46019    267.94539     47.20804    220.73735
     -5.45019    267.99254     39.25977    228.73277
     -5.44019    204.88710     22.97273    181.91438
     -5.43019    167.56651     18.85506    148.71145
     -5.42019    137.29695     23.38783    113.90912
     -5.41019     84.31616     19.57585     64.74030
     -5.40019     94.95640     24.97773     69.97867
     -5.39019    181.34535     45.84099    135.50435
     -5.38019    256.12662     52.41899    203.70763
     -5.37019    303.18357     40.36986    262.81371
     -5.36019    317.77585     38.27024    279.50561
     -5.35019    254.65431     37.72699    216.92732
     -5.34019    138.72478     21.80361    116.92117
     -5.33019     48.44177      6.75380     41.68797
     -5.32019     35.59519      1.54010     34.05509
     -5.31019     73.52415      1.51091     72.01324
     -5.30019     71.60303      1.44794     70.15509
     -5.29019     55.79546      1.72031     54.07515
     -5.28019    110.71433      6.35144    104.36289
     -5.27019    149.84533     12.33759    137.50774
     -5.26019    104.08295      9.52375     94.55920
     -5.25019     82.76763      3.79322     78.97441
     -5.24019     78.24325      1.78419     76.45905
     -5.23019     34.64926      0.72704     33.92222
     -5.22019     10.53277      0.72297      9.80980
     -5.21019     37.02799      4.20361     32.82438
     -5.20019    125.60728     11.79604    113.81124
     -5.19019    234.13238     17.29506    216.83733
     -5.18019    246.06688     16.96312    229.10377
     -5.17019    124.15164      9.17721    114.97443
     -5.16019     26.06711      2.08517     23.98194
     -5.15019      2.41058      0.18581      2.22478
     -5.14019      5.02552      0.10527      4.92025
     -5.13019     32.30068      0.65977     31.64091
     -5.12019     85.00825      2.06695     82.94130
     -5.11019    135.42844      6.40728    129.02116
     -5.10019    214.95027     17.94912    197.00115
     -5.09019    216.35451     22.90686    193.44764
     -5.08019     95.74479     11.30006     84.44473
     -5.07019     34.91877      2.46527     32.45350
     -5.06019     63.59117      1.40249     62.18868
     -5.05019     76.28288      1.53735     74.74553
     -5.04019     34.90140      0.70379     34.19761
     -5.03019     16.00825      0.44722     15.56103
     -5.02019     60.59782      2.83235     57.76547
     -5.01019    148.30077      9.54186    138.75891
     -5.00019    179.51669     12.85903    166.65766
     -4.99019    131.48177      7.32106    124.16071
     -4.98019     56.94524      2.00701     54.93823
     -4.97019     11.48144      0.28955     11.19188
     -4.96019      1.36655      0.02902      1.33754
     -4.95019      7.56027      0.15699      7.40327
     -4.94019     50.74277      1.21108     49.53169
     -4.93019    147.56207      5.01065    142.55142
     -4.92019    203.59190     11.30304    192.28886
     -4.91019    139.12775     11.70105    127.42670
     -4.90019     44.87190      4.85396     40.01794
     -4.89019     11.34796      0.86839     10.47957
     -4.88019     33.20053      0.72116     32.47937
     -4.87019     76.36892      1.62296     74.74595
     -4.86019     75.76944      2.23621     73.53323
     -4.85019     86.59991      5.16993     81.42998
     -4.84019    166.93802     11.29288    155.64513
     -4.83019    204.59666     15.34915    189.24752
     -4.82019    160.12648     12.47364    147.65284
     -4.81019    113.21926      5.66535    107.55391
     -4.80019     61.07933      1.72904     59.35030
     -4.79019     15.44451      0.34447     15.10004
     -4.78019      4.25880      0.08784      4.17096
     -4.77019     26.07125      0.53640     25.53485
     -4.76019    100.60941      2.39470     98.21472
     -4.75019    179.31089      6.78679    172.52409
     -4.74019    172.25945     11.98752    160.27193
     -4.73019    104.24689     10.40551     93.84138
     -4.72019    103.29864      7.31233     95.98631
     -4.71019    245.18095     11.04412    234.13683
     -4.70019    425.57748     14.77308    410.80440
     -4.69019    500.27443     14.82911    485.44532
     -4.68019    461.61595     12.47846    449.13749
     -4.67019    446.24649     11.81499    434.43151
     -4.66019    424.98476     15.13357    409.85120
     -4.65019    362.65599     18.70926    343.94673
     -4.64019    277.02161     14.33042    262.69119
     -4.63019    211.67310      7.73546    203.93763
     -4.62019    161.48979      4.69895    156.79085
     -4.61019    131.77704      3.71242    128.06462
     -4.60019    152.88732      4.85253    148.03478
     -4.59019    229.73449      9.06405    220.67043
     -4.58019    273.93038     12.11201    261.81837
     -4.57019    260.59961     14.01059    246.58902
     -4.56019    261.67816     16.28432    245.39384
     -4.55019    201.17416     10.85011    190.32406
     -4.54019    109.78338      4.18229    105.60109
     -4.53019     91.41179      2.61275     88.79904
     -4.52019     82.83262      2.14551     80.68711
     -4.51019     95.94365      2.12259     93.82105
     -4.50019    151.56924      3.68234    147.88690
     -4.49019    195.50665      7.00174    188.50491
     -4.48019    221.30472     13.49934    207.80538
     -4.47019    246.15892     18.05803    228.10089
     -4.46019    232.48817     13.87819    218.60998
     -4.45019    160.58860      6.58738    154.00122
     -4.44019     94.67013      2.73944     91.93069
     -4.43019     81.92211      2.19105     79.73106
     -4.42019     82.28661      2.23321     80.05340
     -4.41019     69.06479      2.19146     66.87333
     -4.40019    139.65707      6.64358    133.01349
     -4.39019    248.42199     14.36420    234.05779
     -4.38019    234.69485     13.31957    221.37528
     -4.37019    122.49727      5.67632    116.82095
     -4.36019     82.43410      3.53976     78.89434
     -4.35019    145.70052      7.04993    138.65059
     -4.34019    139.90287      7.08752    132.81534
     -4.33019     70.51635      3.15780     67.35856
     -4.32019     98.52667      3.56349     94.96318
     -4.31019    215.44336     10.52688    204.91648
     -4.30019    301.96001     16.07178    285.88823
     -4.29019    242.39289     10.62067    231.77223
     -4.28019    125.27117      3.67540    121.59577
     -4.27019    112.20924      2.53771    109.67153
     -4.26019    153.16830      3.26748    149.90082
     -4.25019    119.46819      2.82533    116.64286
     -4.24019    118.42597      5.02316    113.40281
     -4.23019    225.49070     11.67554    213.81516
     -4.22019    333.24890     17.86542    315.38348
     -4.21019    329.81585     15.79372    314.02212
     -4.20019    170.30650      6.65252    163.65399
     -4.19019     56.98134      1.70981     55.27153
     -4.18019     70.42894      1.80753     68.62142
     -4.17019    100.17952      2.37457     97.80495
     -4.16019    110.04972      2.29063    107.75909
     -4.15019    134.57505      4.06586    130.50919
     -4.14019    197.79676     10.64825    187.14851
     -4.13019    266.20146     16.88897    249.31250
     -4.12019    259.71208     14.47327    245.23881
     -4.11019    189.65480      7.86091    181.79389
     -4.10019    136.80291      3.56628    133.23664
     -4.09019    138.56612      2.90334    135.66279
     -4.08019    117.20446      2.72904    114.47542
     -4.07019     74.30650      2.58976     71.71675
     -4.06019    113.08254      7.03570    106.04684
     -4.05019    198.59540     13.43949    185.15591
     -4.04019    209.02928     11.29539    197.73389
     -4.03019    177.25126      5.94053    171.31073
     -4.02019    166.97912      5.63480    161.34431
     -4.01019    183.97441      7.33838    176.63602
     -4.00019    158.06739      5.60435    152.46305
     -3.99019    165.06288      4.85666    160.20622
     -3.98019    185.91111      7.96979    177.94132
     -3.97019    179.72951     12.50329    167.22622
     -3.96019    181.79541     11.19360    170.60181
     -3.95019    165.28114      5.85682    159.42432
     -3.94019    146.11390      3.51666    142.59724
     -3.93019    109.13133      2.60237    106.52896
     -3.92019     70.65157      2.74320     67.90837
     -3.91019     89.97465      5.43936     84.53529
     -3.90019    134.43142      9.02589    125.40553
     -3.89019    174.32778     12.92324    161.40454
     -3.88019    130.80964     10.44153    120.36811
     -3.87019     40.25100      3.40014     36.85085
     -3.86019      4.66161      0.41369      4.24792
     -3.85019      0.38458      0.02278      0.36180
     -3.84019      4.00953      0.11705      3.89248
     -3.83019     34.88257      1.42014     33.46242
     -3.82019    129.90661      7.43837    122.46824
     -3.81019    216.64218     15.95578    200.68640
     -3.80019    159.45520     13.39631    146.05889
     -3.79019     50.16201      4.30828     45.85373
     -3.78019     22.85591      0.83721     22.01869
     -3.77019     83.07383      1.59419     81.47965
     -3.76019    170.28871      3.28711    167.00160
     -3.75019    202.58247      4.90438    197.67809
     -3.74019    249.40305     10.10520    239.29784
     -3.73019    275.51708     14.94509    260.57199
     -3.72019    201.24547     11.44304    189.80243
     -3.71019    141.11017      7.27213    133.83804
     -3.70019    150.60886      5.36821    145.24065
     -3.69019    177.44827      4.12780    173.32047
     -3.68019    145.00132      3.13793    141.86339
     -3.67019    138.27999      5.07024    133.20974
     -3.66019    185.35886     11.30203    174.05683
     -3.65019    182.59602     12.40241    170.19361
     -3.64019    126.24464      6.27521    119.96943
     -3.63019    121.47648      3.91130    117.56518
     -3.62019    133.66860      5.32467    128.34393
     -3.61019    141.77061      5.48298    136.28763
     -3.60019    187.03412      5.77363    181.26049
     -3.59019    238.53056     10.27051    228.26006
     -3.58019    211.36538     13.44481    197.92056
     -3.57019     99.68049      7.71862     91.96187
     -3.56019     34.82540      2.02381     32.80158
     -3.55019     77.38318      1.90099     75.48219
     -3.54019    177.05672      4.83020    172.22653
     -3.53019    234.48872      8.10346    226.38526
     -3.52019    224.27464     10.96249    213.31215
     -3.51019    191.94644     13.49320    178.45325
     -3.50019    149.06606      9.98655    139.07951
     -3.49019     97.66920      3.97164     93.69757
     -3.48019     62.38228      1.45721     60.92507
     -3.47019     81.49008      1.66386     79.82623
     -3.46019    104.37423      3.34485    101.02938
     -3.45019    190.48340     10.11900    180.36440
     -3.44019    310.13100     17.76603    292.36497
     -3.43019    255.95291     13.19280    242.76010
     -3.42019    142.33115      4.98657    137.34458
     -3.41019     67.32209      1.56687     65.75521
     -3.40019     23.21935      0.58258     22.63677
     -3.39019     50.09013      2.32650     47.76363
     -3.38019    173.29302      9.62549    163.66754
     -3.37019    320.54920     17.52152    303.02768
     -3.36019    301.48531     14.04393    287.44137
     -3.35019    133.24068      5.07681    128.16387
     -3.34019     58.11772      1.54005     56.57767
     -3.33019     81.64586      2.10106     79.54480
     -3.32019     87.07065      4.50404     82.56661
     -3.31019    119.38312     10.39740    108.98571
     -3.30019    209.45332     13.56330    195.89003
     -3.29019    254.99804     10.55452    244.44352
     -3.28019    183.21997      5.99745    177.22252
     -3.27019    124.00606      3.27032    120.73573
     -3.26019    142.06026      4.45856    137.60170
     -3.25019    161.97554      9.41598    152.55956
     -3.24019    136.48915     12.17236    124.31679
     -3.23019    112.69479      8.24858    104.44622
     -3.22019    195.59565      7.05760    188.53805
     -3.21019    234.22367      6.89349    227.33018
     -3.20019    156.49901      5.01403    151.48497
     -3.19019    151.32114      8.55776    142.76338
     -3.18019    174.73596     12.86179    161.87418
     -3.17019    148.58938      9.11986    139.46952
     -3.16019    111.64852      4.71586    106.93266
     -3.15019    124.50771      4.89228    119.61543
     -3.14019    181.96806      6.73451    175.23356
     -3.13019    229.23458     11.17732    218.05726
     -3.12019    200.73140     13.32946    187.40194
     -3.11019    183.29978      9.00536    174.29442
     -3.10019    200.37430      6.02841    194.34590
     -3.09019    195.73512      6.60466    189.13046
     -3.08019    195.77456      9.27149    186.50306
     -3.07019    180.37365     12.74921    167.62444
     -3.06019    173.72933     11.73882    161.99051
     -3.05019    196.28087      7.48461    188.79626
     -3.04019    326.59498      9.28216    317.31281
     -3.03019    374.70140     12.43708    362.26432
     -3.02019    237.08788     13.41675    223.67113
     -3.01019    119.65395     12.23437    107.41958
     -3.00019     55.62448      6.00232     49.62216
     -2.99019     68.38310      2.64698     65.73612
     -2.98019    148.10849      5.58641    142.52208
     -2.97019    182.33907     11.41813    170.92094
     -2.96019    133.21570     12.91827    120.29743
     -2.95019     55.74146      6.63206     49.10940
     -2.94019     27.62310      2.19013     25.43297
     -2.93019     91.18406      5.02965     86.15441
     -2.92019    215.88892     12.65317    203.23575
     -2.91019    257.52845     14.44617    243.08228
     -2.90019    163.62457      7.41279    156.21178
     -2.89019     82.51624      3.51119     79.00505
     -2.88019    112.34189      7.79828    104.54362
     -2.87019    146.17631     13.33465    132.84166
     -2.86019     90.40700      9.74943     80.65757
     -2.85019     49.24324      4.01136     45.23188
     -2.84019    119.57963      6.53293    113.04671
     -2.83019    230.89619     13.73665    217.15954
     -2.82019    232.14037     13.27570    218.86467
     -2.81019    165.64797      6.90560    158.74237
     -2.80019    142.96133      7.03458    135.92674
     -2.79019    146.44153     12.13138    134.31014
     -2.78019    113.65145     11.62373    102.02772
     -2.77019    102.72884      7.21399     95.51485
     -2.76019    166.12327      9.17715    156.94613
     -2.75019    215.42654     14.02477    201.40177
     -2.74019    202.28695     12.37924    189.90771
     -2.73019    201.19804      9.04398    192.15406
     -2.72019    201.08875     11.76878    189.31998
     -2.71019    184.28845     14.05290    170.23555
     -2.70019    144.23226     10.18316    134.04910
     -2.69019    169.02290     11.61584    157.40706
     -2.68019    251.64645     16.14091    235.50553
     -2.67019    248.08811     13.67633    234.41178
     -2.66019    250.70646     14.63593    236.07054
     -2.65019    319.34980     18.16710    301.18270
     -2.64019    330.46767     16.86591    313.60177
     -2.63019    259.94461     16.70116    243.24346
     -2.62019    160.86002     14.06528    146.79473
     -2.61019    139.13442     12.52649    126.60793
     -2.60019    175.68023     14.40886    161.27137
     -2.59019    152.93368     13.99486    138.93881
     -2.58019    151.41972     15.03785    136.38187
     -2.57019    189.94018     16.27407    173.66611
     -2.56019    191.44698     18.03397    173.41301
     -2.55019    170.45567     20.31461    150.14106
     -2.54019    207.40733     24.84327    182.56406
     -2.53019    274.31782     28.95284    245.36498
     -2.52019    242.01373     24.22027    217.79346
     -2.51019    132.94643     11.38943    121.55700
     -2.50019     93.68932      3.11647     90.57285
     -2.49019     68.55359      0.92872     67.62487
     -2.48019     32.11132      0.39087     31.72045
     -2.47019     70.20561      1.02365     69.18196
     -2.46019    199.13887      2.97129    196.16758
     -2.45019    278.66168      4.12205    274.53963
     -2.44019    188.41315      2.71380    185.69936
     -2.43019     91.21557      1.24568     89.96989
     -2.42019    131.13518      1.72530    129.40988
     -2.41019    154.45500      2.04908    152.40593
     -2.40019     87.86843      1.25998     86.60845
     -2.39019     89.12992      1.51182     87.61811
     -2.38019    155.57213      2.52109    153.05105
     -2.37019    192.71892      2.98114    189.73778
     -2.36019    187.27842      3.63786    183.64056
     -2.35019    190.07973      5.04483    185.03491
     -2.34019    150.13448      4.15660    145.97787
     -2.33019    142.46725      2.78043    139.68682
     -2.32019    230.38450      3.65588    226.72862
     -2.31019    187.70042      2.94155    184.75886
     -2.30019     62.76382      1.03337     61.73045
     -2.29019     68.45820      1.82550     66.63270
     -2.28019    359.09650     10.32843    348.76807
     -2.27019    928.57542     27.21704    901.35837
     -2.26019   1231.64334     35.88683   1195.75651
     -2.25019   1013.01637     29.01022    984.00615
     -2.24019    636.32233     18.36510    617.95723
     -2.23019    429.67103     12.20491    417.46612
     -2.22019    460.82476     12.35885    448.46591
     -2.21019    490.10804     12.97892    477.12912
     -2.20019    394.63729     10.10636    384.53093
     -2.19019    392.71097      9.84316    382.86781
     -2.18019    501.01378     13.28937    487.72442
     -2.17019    471.79257     12.55045    459.24212
     -2.16019    292.92745      7.12331    285.80414
     -2.15019    145.26489      2.93817    142.32672
     -2.14019     97.22057      1.47031     95.75026
     -2.13019     66.53596      0.90486     65.63109
     -2.12019     24.05773      0.32250     23.73523
     -2.11019     32.93179      0.43967     32.49212
     -2.10019    105.44175      1.42619    104.01556
     -2.09019    149.29241      2.05246    147.23995
     -2.08019     87.89795      1.22747     86.67048
     -2.07019     21.83075      0.30912     21.52163
     -2.06019     11.21519      0.16625     11.04894
     -2.05019     48.15002      0.71115     47.43887
     -2.04019    107.58002      1.53178    106.04824
     -2.03019    125.03663      1.66183    123.37481
     -2.02019     81.97230      1.02770     80.94460
     -2.01019     37.16910      0.51481     36.65430
     -2.00019     92.68955      1.68882     91.00073
     -1.99019    315.84015      6.19364    309.64652
     -1.98019    604.55099     12.28365    592.26734
     -1.97019    748.84260     15.14126    733.70134
     -1.96019    715.26200     14.02494    701.23706
     -1.95019    553.28472     10.68638    542.59834
     -1.94019    428.36004      8.25038    420.10967
     -1.93019    477.68865      9.22980    468.45886
     -1.92019    585.89521     11.40543    574.48978
     -1.91019    540.96114     10.42810    530.53304
     -1.90019    503.08614      9.20517    493.88096
     -1.89019    589.95904     10.35752    579.60152
     -1.88019    542.39641      9.59894    532.79748
     -1.87019    339.41234      6.18307    333.22926
     -1.86019    240.16204      4.43417    235.72786
     -1.85019    216.07250      3.82034    212.25215
     -1.84019    178.78004      2.72961    176.05043
     -1.83019    173.97308      2.31629    171.65678
     -1.82019    152.47298      2.10695    150.36603
     -1.81019    113.84731      1.69361    112.15370
     -1.80019     64.38987      0.97167     63.41820
     -1.79019     46.83738      0.60368     46.23370
     -1.78019    107.82837      1.30574    106.52263
     -1.77019    147.85201      1.84984    146.00217
     -1.76019     86.70830      1.12211     85.58619
     -1.75019     21.93260      0.28933     21.64327
     -1.74019     13.73270      0.16277     13.56993
     -1.73019     60.34960      0.70994     59.63966
     -1.72019    131.38103      1.58718    129.79385
     -1.71019    130.00303      1.61891    128.38412
     -1.70019     72.31933      0.90151     71.41782
     -1.69019     73.07207      0.84806     72.22402
     -1.68019    112.95847      1.29424    111.66424
     -1.67019    141.09708      1.64963    139.44745
     -1.66019    146.57756      1.76823    144.80933
     -1.65019     90.61728      1.12060     89.49668
     -1.64019     28.63242      0.35603     28.27638
     -1.63019     33.00741      0.38167     32.62573
     -1.62019    130.29793      1.50482    128.79311
     -1.61019    224.70399      2.62715    222.07684
     -1.60019    159.23509      1.89164    157.34345
     -1.59019     47.73168      0.57619     47.15549
     -1.58019     15.89626      0.18975     15.70651
     -1.57019     65.39036      0.76756     64.62280
     -1.56019    161.65078      1.89073    159.76006
     -1.55019    179.60428      2.08998    177.51430
     -1.54019    124.00376      1.43955    122.56421
     -1.53019     76.83253      0.93009     75.90243
     -1.52019     88.34070      1.12993     87.21076
     -1.51019    115.74100      1.38587    114.35514
     -1.50019    111.35533      1.19826    110.15707
     -1.49019     96.34894      1.10231     95.24663
     -1.48019    134.00985      1.73440    132.27544
     -1.47019    150.40403      1.92828    148.47576
     -1.46019     88.33022      1.04333     87.28688
     -1.45019     83.79651      0.83583     82.96068
     -1.44019    134.01450      1.47611    132.53839
     -1.43019    120.57161      1.53823    119.03338
     -1.42019     60.07425      0.81711     59.25715
     -1.41019     61.73023      0.70160     61.02863
     -1.40019    122.16247      1.20769    120.95478
     -1.39019    131.34842      1.12861    130.21981
     -1.38019     68.19924      0.51716     67.68208
     -1.37019     27.12430      0.22417     26.90013
     -1.36019     71.07473      0.66208     70.41266
     -1.35019    165.03701      1.48884    163.54817
     -1.34019    218.93814      2.13417    216.80396
     -1.33019    279.97396      3.18975    276.78421
     -1.32019    274.62369      3.18687    271.43682
     -1.31019    148.63682      1.56888    147.06795
     -1.30019     86.90477      0.91792     85.98684
     -1.29019    166.34852      2.05812    164.29040
     -1.28019    230.87696      3.08385    227.79311
     -1.27019    197.60842      2.46054    195.14788
     -1.26019    185.21716      1.74589    183.47127
     -1.25019    147.97045      1.31524    146.65521
     -1.24019    135.47382      1.52688    133.94694
     -1.23019    164.43931      1.93847    162.50084
     -1.22019    109.43219      1.12261    108.30958
     -1.21019     85.63634      0.51432     85.12202
     -1.20019    139.99227      1.12361    138.86866
     -1.19019    184.97638      2.37536    182.60103
     -1.18019    140.97812      2.23627    138.74186
     -1.17019     47.97859      0.83396     47.14463
     -1.16019     11.43397      0.22313     11.21083
     -1.15019     32.88669      0.68788     32.19881
     -1.14019     82.32497      1.66435     80.66062
     -1.13019    104.00229      1.80615    102.19614
     -1.12019     99.54792      1.32928     98.21864
     -1.11019     69.01791      0.89381     68.12410
     -1.10019     60.24959      1.12982     59.11978
     -1.09019     81.10677      1.71508     79.39170
     -1.08019     52.88976      1.12122     51.76854
     -1.07019     23.12831      0.40270     22.72561
     -1.06019     61.18724      0.86101     60.32622
     -1.05019    138.00415      2.14746    135.85669
     -1.04019    130.87386      2.27129    128.60258
     -1.03019     51.38243      0.97339     50.40904
     -1.02019     11.83212      0.24354     11.58858
     -1.01019     28.50265      0.60864     27.89401
     -1.00019     83.92949      1.69275     82.23673
     -0.99019    121.81936      2.08979    119.72957
     -0.98019    105.06502      1.42985    103.63517
     -0.97019     55.99571      0.74089     55.25483
     -0.96019     51.30420      1.02855     50.27564
     -0.95019     79.88201      1.75030     78.13171
     -0.94019     57.26396      1.23424     56.02971
     -0.93019     36.14827      0.56784     35.58043
     -0.92019     82.87356      1.10556     81.76800
     -0.91019    135.05005      2.14557    132.90448
     -0.90019    109.62927      2.07104    107.55823
     -0.89019     42.22593      0.88136     41.34456
     -0.88019     12.27430      0.26655     12.00776
     -0.87019     38.89326      0.80318     38.09008
     -0.86019    110.61593      2.06786    108.54807
     -0.85019    141.01145      2.25978    138.75167
     -0.84019     82.82521      1.13417     81.69104
     -0.83019     34.04241      0.55413     33.48827
     -0.82019     56.30681      1.25429     55.05253
     -0.81019     80.98475      1.81755     79.16720
     -0.80019     59.31685      1.14542     58.17143
     -0.79019     72.22877      0.91786     71.31091
     -0.78019    109.69540      1.54396    108.15144
     -0.77019    112.33384      2.10598    110.22785
     -0.76019     72.21888      1.57336     70.64552
     -0.75019     23.70606      0.53165     23.17440
     -0.74019     26.36954      0.50544     25.86410
     -0.73019     99.77475      1.77275     98.00200
     -0.72019    157.34815      2.62722    154.72094
     -0.71019     94.40831      1.47985     92.92846
     -0.70019     28.62046      0.48460     28.13586
     -0.69019     41.97596      0.96448     41.01149
     -0.68019     83.86877      1.89892     81.96985
     -0.67019     90.00517      1.67159     88.33358
     -0.66019     94.34573      1.20045     93.14529
     -0.65019     91.74990      1.30437     90.44553
     -0.64019     90.79869      1.88715     88.91154
     -0.63019     72.53617      1.69020     70.84598
     -0.62019     32.52890      0.70150     31.82740
     -0.61019     53.90593      0.83553     53.07040
     -0.60019    136.93624      2.22500    134.71125
     -0.59019    141.09583      2.48106    138.61477
     -0.58019     56.71155      1.07773     55.63383
     -0.57019     22.56662      0.50671     22.05991
     -0.56019     62.75612      1.41357     61.34256
     -0.55019    120.47008      2.33032    118.13976
     -0.54019    122.38506      1.81842    120.56663
     -0.53019     75.93585      1.03460     74.90125
     -0.52019     66.11353      1.41792     64.69562
     -0.51019     83.06509      2.00642     81.05867
     -0.50019     65.08221      1.33154     63.75067
     -0.49019     83.80141      1.13100     82.67042
     -0.48019    129.59785      2.04630    127.55156
     -0.47019    114.82074      2.33062    112.49012
     -0.46019     53.01211      1.22643     51.78568
     -0.45019     35.74001      0.73513     35.00488
     -0.44019    105.93486      1.93128    104.00358
     -0.43019    158.04175      2.72469    155.31707
     -0.42019     91.39069      1.51683     89.87386
     -0.41019     42.92314      0.90426     42.01888
     -0.40019     79.66771      1.87858     77.78913
     -0.39019    119.26275      2.29981    116.96294
     -0.38019    114.99380      1.62501    113.36879
     -0.37019     93.28174      1.57315     91.70859
     -0.36019     92.13940      2.18576     89.95363
     -0.35019     79.00359      1.74443     77.25916
     -0.34019     95.45563      1.43616     94.01946
     -0.33019    140.20254      2.35709    137.84545
     -0.32019    113.58708      2.38124    111.20584
     -0.31019     59.80467      1.31322     58.49146
     -0.30019     96.36858      1.74199     94.62659
     -0.29019    159.87694      2.84694    157.03000
     -0.28019    109.87796      2.01865    107.85931
     -0.27019     69.75436      1.46589     68.28847
     -0.26019    128.40431      2.54777    125.85655
     -0.25019    147.93374      2.53103    145.40271
     -0.24019    100.51398      1.80040     98.71359
     -0.23019    114.82100      2.44625    112.37475
     -0.22019    145.53509      2.60601    142.92908
     -0.21019    128.72958      2.16836    126.56121
     -0.20019    132.06440      2.67526    129.38915
     -0.19019    149.43136      2.66361    146.76776
     -0.18019    147.25163      2.52157    144.73006
     -0.17019    162.86476      3.03374    159.83102
     -0.16019    171.91944      2.85381    169.06563
     -0.15019    192.18251      3.16871    189.01380
     -0.14019    219.55530      3.50321    216.05209
     -0.13019    199.44753      3.24358    196.20395
     -0.12019    149.18884      3.12119    146.06765
     -0.11019    100.61183      2.68608     97.92575
     -0.10019     97.87214      2.85450     95.01764
     -0.09019     98.19529      2.89024     95.30505
     -0.08019    104.56567      3.08337    101.48230
     -0.07019    108.84050      3.21133    105.62917
     -0.06019    115.88192      3.41862    112.46330
     -0.05019    122.80075      3.61811    119.18264
     -0.04019    132.17941      3.88464    128.29478
     -0.03019    141.20835      4.13346    137.07489
     -0.02019    141.80658      4.12854    137.67804
     -0.01019    128.37107      3.70732    124.66375
     -0.00019    103.81332      2.97421    100.83911
      0.00981     52.19846      1.49055     50.70791
      0.01981     11.34506      0.32370     11.02136
      0.02981      0.94035      0.02683      0.91353
      0.03981      0.02887      0.00082      0.02805
      0.04981      0.00033      0.00001      0.00032
      0.05981      0.00000      0.00000      0.00000
      0.06981      0.00000      0.00000      0.00000
      0.07981      0.00000      0.00000      0.00000
      0.08981      0.00000      0.00000      0.00000
      0.09981      0.00000      0.00000      0.00000
      0.10981      0.00000      0.00000      0.00000
      0.11981      0.00000      0.00000      0.00000
      0.12981      0.00000      0.00000      0.00000
      0.13981      0.00000      0.00000      0.00000
      0.14981      0.00000      0.00000      0.00000
      0.15981      0.00000      0.00000      0.00000
      0.16981      0.00000      0.00000      0.00000
      0.17981      0.00000      0.00000      0.00000
      0.18981      0.00000      0.00000      0.00000
      0.19981      0.00000      0.00000      0.00000
      0.20981      0.00000      0.00000      0.00000
      0.21981      0.00000      0.00000      0.00000
      0.22981      0.00000      0.00000      0.00000
      0.23981      0.00000      0.00000      0.00000
      0.24981      0.00000      0.00000      0.00000
      0.25981      0.00000      0.00000      0.00000
      0.26981      0.00000      0.00000      0.00000
      0.27981      0.00000      0.00000      0.00000
      0.28981      0.00000      0.00000      0.00000
      0.29981      0.00000      0.00000      0.00000
      0.30981      0.00000      0.00000      0.00000
      0.31981      0.00000      0.00000      0.00000
      0.32981      0.00000      0.00000      0.00000
      0.33981      0.00000      0.00000      0.00000
      0.34981      0.00000      0.00000      0.00000
      0.35981      0.00000      0.00000      0.00000
      0.36981      0.00000      0.00000      0.00000
      0.37981      0.00000      0.00000      0.00000
      0.38981      0.00000      0.00000      0.00000
      0.39981      0.00000      0.00000      0.00000
      0.40981      0.00000      0.00000      0.00000
      0.41981      0.00000      0.00000      0.00000
      0.42981      0.00000      0.00000      0.00000
      0.43981      0.00000      0.00000      0.00000
      0.44981      0.00000      0.00000      0.00000
      0.45981      0.00000      0.00000      0.00000
      0.46981      0.00000      0.00000      0.00000
      0.47981      0.00000      0.00000      0.00000
      0.48981      0.00000      0.00000      0.00000
      0.49981      0.00000      0.00000      0.00000
      0.50981      0.00000      0.00000      0.00000
      0.51981      0.00000      0.00000      0.00000
      0.52981      0.00000      0.00000      0.00000
      0.53981      0.00000      0.00000      0.00000
      0.54981      0.00000      0.00000      0.00000
      0.55981      0.00000      0.00000      0.00000
      0.56981      0.00000      0.00000      0.00000
      0.57981      0.00000      0.00000      0.00000
      0.58981      0.00000      0.00000      0.00000
      0.59981      0.00000      0.00000      0.00000
      0.60981      0.00000      0.00000      0.00000
      0.61981      0.00000      0.00000      0.00000
      0.62981      0.00000      0.00000      0.00000
      0.63981      0.00000      0.00000      0.00000
      0.64981      0.00000      0.00000      0.00000
      0.65981      0.00000      0.00000      0.00000
      0.66981      0.00000      0.00000      0.00000
      0.67981      0.00000      0.00000      0.00000
      0.68981      0.00000      0.00000      0.00000
      0.69981      0.00000      0.00000      0.00000
      0.70981      0.00000      0.00000      0.00000
      0.71981      0.00000      0.00000      0.00000
      0.72981      0.00000      0.00000      0.00000
      0.73981      0.00000      0.00000      0.00000
      0.74981      0.00000      0.00000      0.00000
      0.75981      0.00000      0.00000      0.00000
      0.76981      0.00000      0.00000      0.00000
      0.77981      0.00000      0.00000      0.00000
      0.78981      0.00000      0.00000      0.00000
      0.79981      0.00000      0.00000      0.00000
      0.80981      0.00000      0.00000      0.00000
      0.81981      0.00000      0.00000      0.00000
      0.82981      0.00000      0.00000      0.00000
      0.83981      0.00000      0.00000      0.00000
      0.84981      0.00000      0.00000      0.00000
      0.85981      0.00000      0.00000      0.00000
      0.86981      0.00000      0.00000      0.00000
      0.87981      0.00000      0.00000      0.00000
      0.88981      0.00000      0.00000      0.00000
      0.89981      0.00000      0.00000      0.00000
      0.90981      0.00000      0.00000      0.00000
      0.91981      0.00000      0.00000      0.00000
      0.92981      0.00000      0.00000      0.00000
      0.93981      0.00000      0.00000      0.00000
      0.94981      0.00000      0.00000      0.00000
      0.95981      0.00000      0.00000      0.00000
      0.96981      0.00000      0.00000      0.00000
      0.97981      0.00000      0.00000      0.00000
      0.98981      0.00000      0.00000      0.00000
      0.99981      0.00000      0.00000      0.00000
      1.00981      0.00000      0.00000      0.00000
      1.01981      0.00000      0.00000      0.00000
      1.02981      0.00000      0.00000      0.00000
      1.03981      0.00000      0.00000      0.00000
      1.04981      0.00000      0.00000      0.00000
      1.05981      0.00000      0.00000      0.00000
      1.06981      0.00000      0.00000      0.00000
      1.07981      0.00000      0.00000      0.00000
      1.08981      0.00000      0.00000      0.00000
      1.09981      0.00000      0.00000      0.00000
      1.10981      0.00000      0.00000      0.00000
      1.11981      0.00000      0.00000      0.00000
      1.12981      0.00000      0.00000      0.00000
      1.13981      0.00000      0.00000      0.00000
      1.14981      0.00000      0.00000      0.00000
      1.15981      0.00000      0.00000      0.00000
      1.16981      0.00000      0.00000      0.00000
      1.17981      0.00000      0.00000      0.00000
      1.18981      0.00000      0.00000      0.00000
      1.19981      0.00000      0.00000      0.00000
      1.20981      0.00000      0.00000      0.00000
      1.21981      0.00000      0.00000      0.00000
      1.22981      0.00000      0.00000      0.00000
      1.23981      0.00000      0.00000      0.00000
      1.24981      0.00000      0.00000      0.00000
      1.25981      0.00000      0.00000      0.00000
      1.26981      0.00000      0.00000      0.00000
      1.27981      0.00000      0.00000      0.00000
      1.28981      0.00000      0.00000      0.00000
      1.29981      0.00000      0.00000      0.00000
      1.30981      0.00000      0.00000      0.00000
      1.31981      0.00000      0.00000      0.00000
      1.32981      0.00000      0.00000      0.00000
      1.33981      0.00000      0.00000      0.00000
      1.34981      0.00000      0.00000      0.00000
      1.35981      0.00000      0.00000      0.00000
      1.36981      0.00000      0.00000      0.00000
      1.37981      0.00000      0.00000      0.00000
      1.38981      0.00000      0.00000      0.00000
      1.39981      0.00000      0.00000      0.00000
      1.40981      0.00000      0.00000      0.00000
      1.41981      0.00000      0.00000      0.00000
      1.42981      0.00000      0.00000      0.00000
      1.43981      0.00000      0.00000      0.00000
      1.44981      0.00000      0.00000      0.00000
      1.45981      0.00000      0.00000      0.00000
      1.46981      0.00000      0.00000      0.00000
      1.47981      0.00000      0.00000      0.00000
      1.48981      0.00000      0.00000      0.00000
      1.49981      0.00000      0.00000      0.00000
      1.50981      0.00000      0.00000      0.00000
      1.51981      0.00000      0.00000      0.00000
      1.52981      0.00000      0.00000      0.00000
      1.53981      0.00000      0.00000      0.00000
      1.54981      0.00000      0.00000      0.00000
      1.55981      0.00000      0.00000      0.00000
      1.56981      0.00000      0.00000      0.00000
      1.57981      0.00000      0.00000      0.00000
      1.58981      0.00000      0.00000      0.00000
      1.59981      0.00000      0.00000      0.00000
      1.60981      0.00000      0.00000      0.00000
      1.61981      0.00000      0.00000      0.00000
      1.62981      0.00000      0.00000      0.00000
      1.63981      0.00000      0.00000      0.00000
      1.64981      0.00000      0.00000      0.00000
      1.65981      0.00000      0.00000      0.00000
      1.66981      0.00000      0.00000      0.00000
      1.67981      0.00000      0.00000      0.00000
      1.68981      0.00000      0.00000      0.00000
      1.69981      0.00000      0.00000      0.00000
      1.70981      0.00000      0.00000      0.00000
      1.71981      0.00000      0.00000      0.00000
      1.72981      0.00000      0.00000      0.00000
      1.73981      0.00000      0.00000      0.00000
      1.74981      0.00000      0.00000      0.00000
      1.75981      0.00000      0.00000      0.00000
      1.76981      0.00000      0.00000      0.00000
      1.77981      0.00000      0.00000      0.00000
      1.78981      0.00000      0.00000      0.00000
      1.79981      0.00000      0.00000      0.00000
      1.80981      0.00000      0.00000      0.00000
      1.81981      0.00000      0.00000      0.00000
      1.82981      0.00000      0.00000      0.00000
      1.83981      0.00000      0.00000      0.00000
      1.84981      0.00000      0.00000      0.00000
      1.85981      0.00000      0.00000      0.00000
      1.86981      0.00000      0.00000      0.00000
      1.87981      0.00000      0.00000      0.00000
      1.88981      0.00000      0.00000      0.00000
      1.89981      0.00000      0.00000      0.00000
      1.90981      0.00000      0.00000      0.00000
      1.91981      0.00000      0.00000      0.00000
      1.92981      0.00000      0.00000      0.00000
      1.93981      0.00000      0.00000      0.00000
      1.94981      0.00000      0.00000      0.00000
      1.95981      0.00000      0.00000      0.00000
      1.96981      0.00000      0.00000      0.00000
      1.97981      0.00000      0.00000      0.00000
      1.98981      0.00000      0.00000      0.00000
      1.99981      0.00000      0.00000      0.00000
      2.00981      0.00000      0.00000      0.00000
      2.01981      0.00000      0.00000      0.00000
      2.02981      0.00000      0.00000      0.00000
      2.03981      0.00000      0.00000      0.00000
      2.04981      0.00000      0.00000      0.00000
      2.05981      0.00000      0.00000      0.00000
      2.06981      0.00000      0.00000      0.00000
      2.07981      0.00000      0.00000      0.00000
      2.08981      0.00000      0.00000      0.00000
      2.09981      0.00000      0.00000      0.00000
      2.10981      0.00000      0.00000      0.00000
      2.11981      0.00000      0.00000      0.00000
      2.12981      0.00000      0.00000      0.00000
      2.13981      0.00000      0.00000      0.00000
      2.14981      0.00000      0.00000      0.00000
      2.15981      0.00000      0.00000      0.00000
      2.16981      0.00000      0.00000      0.00000
      2.17981      0.00000      0.00000      0.00000
      2.18981      0.00000      0.00000      0.00000
      2.19981      0.00000      0.00000      0.00000
      2.20981      0.00000      0.00000      0.00000
      2.21981      0.00000      0.00000      0.00000
      2.22981      0.00000      0.00000      0.00000
      2.23981      0.00000      0.00000      0.00000
      2.24981      0.00000      0.00000      0.00000
      2.25981      0.00000      0.00000      0.00000
      2.26981      0.00000      0.00000      0.00000
      2.27981      0.00000      0.00000      0.00000
      2.28981      0.00000      0.00000      0.00000
      2.29981      0.00000      0.00000      0.00000
      2.30981      0.00000      0.00000      0.00000
      2.31981      0.00000      0.00000      0.00000
      2.32981      0.00000      0.00000      0.00000
      2.33981      0.00000      0.00000      0.00000
      2.34981      0.00000      0.00000      0.00000
      2.35981      0.00000      0.00000      0.00000
      2.36981      0.00000      0.00000      0.00000
      2.37981      0.00000      0.00000      0.00000
      2.38981      0.00000      0.00000      0.00000
      2.39981      0.00000      0.00000      0.00000
      2.40981      0.00000      0.00000      0.00000
      2.41981      0.00000      0.00000      0.00000
      2.42981      0.00000      0.00000      0.00000
      2.43981      0.00000      0.00000      0.00000
      2.44981      0.00000      0.00000      0.00000
      2.45981      0.00000      0.00000      0.00000
      2.46981      0.00000      0.00000      0.00000
      2.47981      0.00000      0.00000      0.00000
      2.48981      0.00000      0.00000      0.00000
      2.49981      0.00000      0.00000      0.00000
      2.50981      0.00000      0.00000      0.00000
      2.51981      0.00000      0.00000      0.00000
      2.52981      0.00000      0.00000      0.00000
      2.53981      0.00000      0.00000      0.00000
      2.54981      0.00000      0.00000      0.00000
      2.55981      0.00000      0.00000      0.00000
      2.56981      0.00000      0.00000      0.00000
      2.57981      0.00000      0.00000      0.00000
      2.58981      0.00000      0.00000      0.00000
      2.59981      0.00000      0.00000      0.00000
      2.60981      0.00000      0.00000      0.00000
      2.61981      0.00000      0.00000      0.00000
      2.62981      0.00000      0.00000      0.00000
      2.63981      0.00000      0.00000      0.00000
      2.64981      0.00000      0.00000      0.00000
      2.65981      0.00000      0.00000      0.00000
      2.66981      0.00000      0.00000      0.00000
      2.67981      0.00000      0.00000      0.00000
      2.68981      0.00000      0.00000      0.00000
      2.69981      0.00000      0.00000      0.00000
      2.70981      0.00000      0.00000      0.00000
      2.71981      0.00000      0.00000      0.00000
      2.72981      0.00000      0.00000      0.00000
      2.73981      0.00000      0.00000      0.00000
      2.74981      0.00000      0.00000      0.00000
      2.75981      0.00000      0.00000      0.00000
      2.76981      0.00000      0.00000      0.00000
      2.77981      0.00000      0.00000      0.00000
      2.78981      0.00000      0.00000      0.00000
      2.79981      0.00000      0.00000      0.00000
      2.80981      0.00000      0.00000      0.00000
      2.81981      0.00000      0.00000      0.00000
      2.82981      0.00000      0.00000      0.00000
      2.83981      0.00000      0.00000      0.00000
      2.84981      0.00000      0.00000      0.00000
      2.85981      0.00000      0.00000      0.00000
      2.86981      0.00000      0.00000      0.00000
      2.87981      0.00000      0.00000      0.00000
      2.88981      0.00000      0.00000      0.00000
      2.89981      0.00000      0.00000      0.00000
      2.90981      0.00000      0.00000      0.00000
      2.91981      0.00000      0.00000      0.00000
      2.92981      0.00000      0.00000      0.00000
      2.93981      0.00000      0.00000      0.00000
      2.94981      0.00000      0.00000      0.00000
      2.95981      0.00000      0.00000      0.00000
      2.96981      0.00000      0.00000      0.00000
      2.97981      0.00000      0.00000      0.00000
      2.98981      0.00000      0.00000      0.00000
      2.99981      0.00000      0.00000      0.00000
      3.00981      0.00000      0.00000      0.00000
      3.01981      0.00000      0.00000      0.00000
      3.02981      0.00000      0.00000      0.00000
      3.03981      0.00000      0.00000      0.00000
      3.04981      0.00000      0.00000      0.00000
      3.05981      0.00000      0.00000      0.00000
      3.06981      0.00000      0.00000      0.00000
      3.07981      0.00000      0.00000      0.00000
      3.08981      0.00000      0.00000      0.00000
      3.09981      0.00000      0.00000      0.00000
      3.10981      0.00000      0.00000      0.00000
      3.11981      0.00000      0.00000      0.00000
      3.12981      0.00000      0.00000      0.00000
      3.13981      0.00000      0.00000      0.00000
      3.14981      0.00000      0.00000      0.00000
      3.15981      0.00000      0.00000      0.00000
      3.16981      0.00000      0.00000      0.00000
      3.17981      0.00000      0.00000      0.00000
      3.18981      0.00000      0.00000      0.00000
      3.19981      0.00000      0.00000      0.00000
      3.20981      0.00000      0.00000      0.00000
      3.21981      0.00000      0.00000      0.00000
      3.22981      0.00000      0.00000      0.00000
      3.23981      0.00000      0.00000      0.00000
      3.24981      0.00000      0.00000      0.00000
      3.25981      0.00000      0.00000      0.00000
      3.26981      0.00000      0.00000      0.00000
      3.27981      0.00000      0.00000      0.00000
      3.28981      0.00000      0.00000      0.00000
      3.29981      0.00000      0.00000      0.00000
      3.30981      0.02464      0.00027      0.02438
      3.31981      0.90296      0.00979      0.89317
      3.32981     12.72717      0.13842     12.58876
      3.33981     71.71771      0.78468     70.93303
      3.34981    174.82823      1.93640    172.89183
      3.35981    218.77202      2.48582    216.28620
      3.36981    191.52394      2.27705    189.24689
      3.37981    160.24847      2.01707    158.23140
      3.38981    141.47420      1.88445    139.58974
      3.39981    129.71044      1.82465    127.88579
      3.40981    120.61245      1.78736    118.82509
      3.41981    114.71392      1.78781    112.92611
      3.42981    108.13508      1.76977    106.36531
      3.43981    106.71139      1.82924    104.88215
      3.44981    114.31521      2.04927    112.26593
      3.45981    164.14081      3.01435    161.12647
      3.46981    216.24682      4.01480    212.23202
      3.47981    226.54046      4.28661    222.25385
      3.48981    195.92227      3.79065    192.13162
      3.49981    186.42237      3.72329    182.69908
      3.50981    159.90570      3.27982    156.62587
      3.51981    164.20912      3.44495    160.76416
      3.52981    159.82032      3.44246    156.37787
      3.53981    125.37198      2.80933    122.56264
      3.54981    160.23131      3.61743    156.61388
      3.55981    145.43961      3.30728    142.13233
      3.56981    110.23164      2.72676    107.50488
      3.57981    138.61783      3.40952    135.20831
      3.58981    145.54399      3.42986    142.11413
      3.59981    124.38023      3.22991    121.15032
      3.60981    101.92091      2.83043     99.09047
      3.61981    118.79457      3.05843    115.73614
      3.62981    159.33861      4.15412    155.18449
      3.63981    111.04092      3.09855    107.94237
      3.64981     76.41823      2.36838     74.04985
      3.65981    125.88082      3.72243    122.15839
      3.66981    144.15525      3.86783    140.28742
      3.67981    112.51609      3.23374    109.28235
      3.68981     96.77281      3.32734     93.44546
      3.69981     80.91763      2.70047     78.21717
      3.70981    119.84894      3.53952    116.30942
      3.71981    158.04963      4.79398    153.25565
      3.72981     94.86757      3.10178     91.76579
      3.73981     63.38727      2.44868     60.93859
      3.74981    101.44710      3.81792     97.62918
      3.75981    124.91694      3.92442    120.99252
      3.76981    126.47292      3.84653    122.62639
      3.77981    111.70533      4.20436    107.50097
      3.78981     69.92631      2.96406     66.96225
      3.79981     60.89155      2.46746     58.42409
      3.80981    129.96590      4.74622    125.21969
      3.81981    148.00758      4.97750    143.03009
      3.82981     86.78808      3.06335     83.72473
      3.83981     78.32505      3.62407     74.70098
      3.84981     80.27210      3.82729     76.44481
      3.85981     74.92310      2.92033     72.00277
      3.86981    134.26552      4.80818    129.45734
      3.87981    145.48305      5.65165    139.83140
      3.88981     70.54244      3.06563     67.47681
      3.89981     52.20491      2.73318     49.47173
      3.90981     88.18360      4.55584     83.62777
      3.91981    101.92847      4.25998     97.66849
      3.92981    119.75231      4.16134    115.59097
      3.93981    126.07805      5.40528    120.67278
      3.94981     85.18136      4.43011     80.75125
      3.95981     41.25068      2.33646     38.91422
      3.96981     66.67693      3.66534     63.01158
      3.97981    124.14230      5.87314    118.26915
      3.98981    127.78377      4.86092    122.92285
      3.99981     94.63602      3.90533     90.73069
      4.00981     89.39823      5.10447     84.29376
      4.01981     66.16502      4.08204     62.08298
      4.02981     41.79267      2.41612     39.37655
      4.03981     97.30851      4.92008     92.38843
      4.04981    157.69416      8.92722    148.76695
      4.05981    133.98031     31.63262    102.34769
      4.06981    230.44662    159.50480     70.94182
      4.07981    495.71194    382.68179    113.03015
      4.08981    565.86512    454.19821    111.66691
      4.09981    494.55973    397.46637     97.09336
      4.10981    614.94152    446.73598    168.20555
      4.11981    753.86785    547.10879    206.75906
      4.12981    658.42260    527.61672    130.80589
      4.13981    540.34049    451.91720     88.42329
      4.14981    515.01544    402.02352    112.99192
      4.15981    483.13407    370.15398    112.98009
      4.16981    455.09167    345.89369    109.19797
      4.17981    487.07656    329.80385    157.27272
      4.18981    478.42705    315.93866    162.48839
      4.19981    396.29763    299.38011     96.91751
      4.20981    346.01343    285.16910     60.84433
      4.21981    365.62235    276.52101     89.10135
      4.22981    382.79992    268.01143    114.78849
      4.23981    376.29230    257.09779    119.19451
      4.24981    385.64072    249.32008    136.32063
      4.25981    377.30957    243.08682    134.22275
      4.26981    330.63154    234.65253     95.97901
      4.27981    279.46261    225.53747     53.92514
      4.28981    287.31757    219.77333     67.54423
      4.29981    333.39376    218.03893    115.35483
      4.30981    345.77879    210.90618    134.87261
      4.31981    326.76295    205.54695    121.21601
      4.32981    332.12507    198.67126    133.45381
      4.33981    420.59569    198.28466    222.31103
      4.34981    429.72195    191.88496    237.83699
      4.35981    374.00314    188.84591    185.15724
      4.36981    387.04116    184.34730    202.69386
      4.37981    433.97363    184.80856    249.16507
      4.38981    398.10773    178.97455    219.13318
      4.39981    325.63593    172.82419    152.81174
      4.40981    347.56139    175.03922    172.52217
      4.41981    316.39501    164.77211    151.62290
      4.42981    269.72587    170.32230     99.40357
      4.43981    298.73174    156.82973    141.90200
      4.44981    378.90841    169.52187    209.38653
      4.45981    340.97705    157.02624    183.95081
      4.46981    287.08836    156.54812    130.54024
      4.47981    297.03126    157.59361    139.43765
      4.48981    283.63137    147.67439    135.95698
      4.49981    246.13890    154.20948     91.92942
      4.50981    235.04383    144.04431     90.99952
      4.51981    321.08702    147.76454    173.32248
      4.52981    366.76844    151.08939    215.67905
      4.53981    278.19442    141.45704    136.73738
      4.54981    233.23108    140.95522     92.27586
      4.55981    373.06209    151.75772    221.30437
      4.56981    550.12969    160.33153    389.79817
      4.57981    535.21190    160.00193    375.20998
      4.58981    451.21372    159.14762    292.06610
      4.59981    463.78756    147.51540    316.27216
      4.60981    537.59296    150.68798    386.90498
      4.61981    493.51170    156.91018    336.60152
      4.62981    350.44644    133.50763    216.93881
      4.63981    316.69758    137.36349    179.33409
      4.64981    384.90094    151.42805    233.47289
      4.65981    422.14134    129.30545    292.83589
      4.66981    417.64186    135.85670    281.78516
      4.67981    391.75477    148.40680    243.34797
      4.68981    319.01132    118.09052    200.92081
      4.69981    335.30162    128.73601    206.56561
      4.70981    377.60494    150.70972    226.89522
      4.71981    332.05397    115.16767    216.88629
      4.72981    303.39329    115.92636    187.46693
      4.73981    344.60013    149.42566    195.17447
      4.74981    369.96966    120.87186    249.09780
      4.75981    343.97950    105.98324    237.99626
      4.76981    348.93447    145.04830    203.88617
      4.77981    315.29353    126.49880    188.79472
      4.78981    259.07213     91.29869    167.77343
      4.79981    310.95202    131.99297    178.95904
      4.80981    318.52060    142.49774    176.02286
      4.81981    276.38429     91.42719    184.95710
      4.82981    357.84574    108.53848    249.30726
      4.83981    362.35254    149.97131    212.38123
      4.84981    275.45224    109.05974    166.39251
      4.85981    253.50091     81.82246    171.67845
      4.86981    321.88235    134.86968    187.01267
      4.87981    319.32415    139.24766    180.07649
      4.88981    217.22687     78.68937    138.53750
      4.89981    240.48971     93.84216    146.64755
      4.90981    340.89984    149.01664    191.88320
      4.91981    366.71874    116.93312    249.78563
      4.92981    310.98353     72.49295    238.49058
      4.93981    269.01489    115.16213    153.85276
      4.94981    253.71420    145.34964    108.36455
      4.95981    170.19440     84.31660     85.87780
      4.96981    205.99501     67.63752    138.35749
      4.97981    353.45878    135.09180    218.36698
      4.98981    393.94877    143.13778    250.81099
      4.99981    291.80199     73.63348    218.16851
      5.00981    195.98326     69.64471    126.33854
      5.01981    258.09007    138.49572    119.59435
      5.02981    296.04926    132.28745    163.76181
      5.03981    180.38690     60.43368    119.95322
      5.04981    181.46851     70.97223    110.49628
      5.05981    319.57029    143.49006    176.08022
      5.06981    327.16605    126.05315    201.11290
      5.07981    273.07021     58.83758    214.23263
      5.08981    269.27591     74.38359    194.89233
      5.09981    264.21146    141.68590    122.52556
      5.10981    241.78969    124.17924    117.61045
      5.11981    201.84443     54.24355    147.60088
      5.12981    179.74333     61.61387    118.12946
      5.13981    243.84366    135.55896    108.28470
      5.14981    264.86986    131.69297    133.17689
      5.15981    209.65292     57.79546    151.85746
      5.16981    255.15462     56.20617    198.94845
      5.17981    357.36879    130.73146    226.63733
      5.18981    299.59921    141.90157    157.69764
      5.19981    166.22964     63.94242    102.28723
      5.20981    212.19288     43.57090    168.62198
      5.21981    389.34189    115.71379    273.62810
      5.22981    454.19365    161.96277    292.23088
      5.23981    320.72313     91.96052    228.76260
      5.24981    151.93891     34.14029    117.79862
      5.25981    110.36643     71.18059     39.18585
      5.26981    193.00967    142.90744     50.10223
      5.27981    234.68968    114.34197    120.34771
      5.28981    207.03632     45.35895    161.67736
      5.29981    196.69382     50.75995    145.93387
      5.30981    294.36501    127.50257    166.86244
      5.31981    341.61116    144.02303    197.58812
      5.32981    219.39490     65.34826    154.04664
      5.33981    169.23705     33.72978    135.50727
      5.34981    250.68750     90.81693    159.87057
      5.35981    251.08995    149.09535    101.99460
      5.36981    153.17716     97.53330     55.64386
      5.37981    156.99766     34.96514    122.03253
      5.38981    266.64245     54.96934    211.67312
      5.39981    312.83458    130.58201    182.25257
      5.40981    274.89903    138.86728    136.03175
      5.41981    221.26988     63.70598    157.56390
      5.42981    191.56398     34.54072    157.02325
      5.43981    259.14445     89.40501    169.73943
      5.44981    307.36290    148.90153    158.46137
      5.45981    174.64757    100.14772     74.49985
      5.46981     89.12086     36.55666     52.56420
      5.47981    165.50036     56.86910    108.63126
      5.48981    292.57939    123.22947    169.34992
      5.49981    342.82794    133.05880    209.76914
      5.50981    299.05614     80.80290    218.25324
      5.51981    260.98229     69.79430    191.18800
      5.52981    237.02261     93.54991    143.47270
      5.53981    192.54257    102.19323     90.34933
      5.54981    193.22421    120.37073     72.85348
      5.55981    279.43628    120.20781    159.22846
      5.56981    308.30357     84.22397    224.07960
      5.57981    227.10954     84.25427    142.85528
      5.58981    240.75055    136.49537    104.25518
      5.59981    321.22096    127.97769    193.24326
      5.60981    300.85991     85.91317    214.94674
      5.61981    192.81297     85.76250    107.05047
      5.62981    134.63753     77.52120     57.11633
      5.63981    201.85896     85.49763    116.36133
      5.64981    301.22480    109.50981    191.71499
      5.65981    295.38427    107.94915    187.43512
      5.66981    230.80773     81.26915    149.53858
      5.67981    298.77169    119.56139    179.21029
      5.68981    518.64810    327.60614    191.04196
      5.69981    662.37653    494.24604    168.13049
      5.70981    519.36870    385.31593    134.05277
      5.71981    348.79654    231.60728    117.18926
      5.72981    380.70261    195.73504    184.96757
      5.73981    470.57135    210.62803    259.94332
      5.74981    483.31622    216.15593    267.16030
      5.75981    343.66654    158.96250    184.70404
      5.76981    251.59014    121.82643    129.76371
      5.77981    367.16291    193.03903    174.12387
      5.78981    421.24042    230.90291    190.33751
      5.79981    327.95490    163.88667    164.06822
      5.80981    282.05961     99.52454    182.53507
      5.81981    379.00500    121.46838    257.53662
      5.82981    467.24576    184.36712    282.87864
      5.83981    427.43032    204.84217    222.58816
      5.84981    402.50414    240.11273    162.39141
      5.85981    406.26128    212.47210    193.78918
      5.86981    497.35124    211.65457    285.69667
      5.87981    612.74719    248.64963    364.09756
      5.88981    523.06721    215.39988    307.66733
      5.89981    418.22688    189.36419    228.86269
      5.90981    364.24745    151.45403    212.79342
      5.91981    282.72759    134.40435    148.32324
      5.92981    174.60053    114.15960     60.44093
      5.93981     74.72537     60.00725     14.71812
      5.94981     18.06263     15.61546      2.44718
      5.95981     21.00264     17.19901      3.80364
      5.96981    121.38517     93.20875     28.17642
      5.97981    303.46454    211.16908     92.29546
      5.98981    354.75156    206.14742    148.60415
      5.99981    322.12615    162.33698    159.78918
      6.00981    300.40896    157.52184    142.88712
      6.01981    198.23996     86.88387    111.35609
      6.02981    113.16832     24.42180     88.74652
      6.03981     53.12136      5.88711     47.23425
      6.04981     12.07869      1.30070     10.77799
      6.05981      8.27229      4.22043      4.05186
      6.06981     62.48898     31.56371     30.92528
      6.07981    216.70745    101.26259    115.44486
      6.08981    321.27963    156.66976    164.60987
      6.09981    250.77888    156.74108     94.03780
      6.10981    191.83197    160.32791     31.50406
      6.11981    194.87185    173.39447     21.47738
      6.12981    155.47404    116.43257     39.04147
      6.13981    166.36164     68.20843     98.15321
      6.14981    286.78408    139.35686    147.42722
      6.15981    367.96863    240.23974    127.72888
      6.16981    370.26194    259.30390    110.95804
      6.17981    299.28425    191.10563    108.17862
      6.18981    223.53823    154.86092     68.67732
      6.19981    283.50141    234.78492     48.71649
      6.20981    272.77184    228.71824     44.05359
      6.21981    143.62624    100.22329     43.40296
      6.22981    121.28166     43.23523     78.04643
      6.23981    210.14454     97.56960    112.57493
      6.24981    318.90592    185.73683    133.16909
      6.25981    377.74389    240.94140    136.80250
      6.26981    351.71693    225.19675    126.52018
      6.27981    212.63272    132.50055     80.13217
      6.28981    163.44438    109.73511     53.70928
      6.29981    207.30277    126.93683     80.36594
      6.30981    188.05475    103.23929     84.81546
      6.31981    149.42101    102.51843     46.90258
      6.32981    152.14362    119.70683     32.43678
      6.33981    163.99453    104.74544     59.24909
      6.34981    274.64337    123.71198    150.93139
      6.35981    422.36346    184.62195    237.74151
      6.36981    396.90790    211.78290    185.12500
      6.37981    273.94744    193.98001     79.96743
      6.38981    168.18234    139.05939     29.12295
      6.39981    136.98249    104.53287     32.44961
      6.40981    181.21391    108.88416     72.32975
      6.41981    225.19437    138.28617     86.90821
      6.42981    197.81128    145.54379     52.26749
      6.43981    133.97995     99.23885     34.74110
      6.44981    155.77060     89.45159     66.31900
      6.45981    175.66482     88.70647     86.95834
      6.46981    202.63524    114.51830     88.11694
      6.47981    287.56005    163.79156    123.76932
      6.48981    280.87734    142.37783    138.54668
      6.49981    205.98268     95.64572    111.31407
      6.50981    247.16789    187.00485     68.12227
      6.51981    465.74075    442.23263     50.33030
      6.52981    529.64194    529.15645     41.76088
      6.53981    413.84031    399.45793     51.43361
      6.54981    471.47287    431.05645     80.62774
      6.55981    695.51519    684.73792     73.92963
      6.56981    826.78225    816.76041     83.67709
      6.57981    865.60745    811.81467    117.49315
      6.58981    822.36515    754.94259    120.69375
      6.59981    615.36566    566.63655     95.77231
      6.60981    384.64683    378.59263     44.93582
      6.61981    324.60637    327.36704     31.31738
      6.62981    449.33230    402.24108     84.16054
      6.63981    541.30531    447.84908    131.16194
      6.64981    482.53015    421.96172     95.54524
      6.65981    388.24533    387.33077     34.02610
      6.66981    385.37386    398.71545     21.03047
      6.67981    395.14890    372.40818     55.87711
      6.68981    384.21573    330.30955     81.33187
      6.69981    353.56739    330.17879     48.34380
      6.70981    351.34311    358.52972     20.54699
      6.71981    379.64511    359.18195     50.19939
      6.72981    434.30412    331.20356    131.92297
      6.73981    539.63462    370.11794    196.35666
      6.74981    538.50491    381.94631    177.77392
      6.75981    417.60290    344.60863     93.67992
      6.76981    348.96146    338.10882     36.76523
      6.77981    308.07387    317.79326     17.74144
      6.78981    284.36616    298.59487     11.20444
      6.79981    310.16220    308.47028     26.25640
      6.80981    384.08690    325.11213     82.18250
      6.81981    446.99227    323.91455    140.76479
      6.82981    426.17795    306.86570    138.01137
      6.83981    322.37893    254.10184     90.25498
      6.84981    235.49370    208.21027     48.32093
      6.85981    292.05618    248.83066     66.06277
      6.86981    317.70143    259.90462     77.98348
      6.87981    264.15586    248.96110     36.73249
      6.88981    204.17557    215.73675      8.46361
      6.89981    203.36735    213.36754      6.89819
      6.90981    253.05196    253.92919     19.12623
      6.91981    322.91524    263.34025     78.48520
      6.92981    468.18656    291.11390    192.81889
      6.93981    473.50162    264.79169    219.01770
      6.94981    271.51487    149.06215    126.29717
      6.95981    228.59481    145.48992     88.68111
      6.96981    377.06766    309.37975     84.66761
      6.97981    452.67585    436.35266     42.05712
      6.98981    375.03873    384.30427     13.21022
      6.99981    263.59136    267.45462     14.23795
      7.00981    292.89218    253.33546     59.18169
      7.01981    389.37705    271.41988    134.32623
      7.02981    378.47737    245.70481    141.27764
      7.03981    277.67920    218.72638     69.62492
      7.04981    210.46278    213.66950     16.43321
      7.05981    137.75746    140.43145     12.28449
      7.06981     95.59962     54.04249     46.38922
      7.07981    168.44794     93.04369     80.43600
      7.08981    338.78584    265.27718     87.33125
      7.09981    489.89974    395.25883    116.55634
      7.10981    481.92181    371.42979    136.31946
      7.11981    371.55239    258.26843    132.02580
      7.12981    292.37871    177.32261    124.11518
      7.13981    325.39741    235.14809    105.27237
      7.14981    348.18010    292.06484     78.62218
      7.15981    233.10177    207.87496     38.38327
      7.16981    170.12791    129.18921     45.85470
      7.17981    276.70519    180.87684    105.47523
      7.18981    347.22026    242.78431    122.09988
      7.19981    257.44320    206.27559     66.57590
      7.20981    176.09017    140.07176     42.27782
      7.21981    161.15411     84.40023     77.84420
      7.22981    186.48886     74.85783    111.74079
      7.23981    242.53436    117.16655    126.05355
      7.24981    313.34416    197.37426    121.09398
      7.25981    411.52047    303.19494    123.76774
      7.26981    461.22212    344.14774    138.12677
      7.27981    409.10856    301.95751    123.09946
      7.28981    317.79359    256.23896     74.25515
      7.29981    394.30186    332.65342     79.91690
      7.30981    616.17380    460.88870    175.18275
      7.31981    695.35519    468.02349    239.70418
      7.32981    538.62067    348.28023    197.97008
      7.33981    425.47386    251.24901    186.22458
      7.34981    434.98311    248.26015    202.72809
      7.35981    349.67942    227.55110    136.39277
      7.36981    216.93330    139.67573     84.80361
      7.37981    162.76451     78.43141     87.38167
      7.38981    218.56667    137.15290     87.63536
      7.39981    356.83186    289.76824     78.42427
      7.40981    439.80269    354.70950     97.57122
      7.41981    377.44713    259.37520    128.39611
      7.42981    302.33520    150.24980    156.60363
      7.43981    297.07747    119.42532    178.44402
      7.44981    220.68075     78.14261    142.59225
      7.45981    147.56872     63.40502     84.23705
      7.46981    231.46115    158.40442     73.89856
      7.47981    405.77809    309.22778    100.33579
      7.48981    453.28360    362.76046     97.78943
      7.49981    310.50480    261.52541     56.68993
      7.50981    190.94255    133.40837     62.81304
      7.51981    207.77693     80.89689    128.71556
      7.52981    316.56788    137.26127    179.57048
      7.53981    428.00575    231.98123    196.15017
      7.54981    401.76686    244.34552    158.46247
      7.55981    298.67217    223.90333     79.64246
      7.56981    340.17438    313.14578     41.63248
      7.57981    479.37448    429.65194     73.95237
      7.58981    436.07571    335.08973    119.78010
      7.59981    387.65101    217.85905    181.23906
      7.60981    471.02813    220.87056    262.71360
      7.61981    507.03338    247.55745    274.79531
      7.62981    426.38086    249.49917    190.78986
      7.63981    297.02972    220.52956     87.79735
      7.64981    206.33670    179.32639     34.81166
      7.65981    177.12333    158.79973     26.07920
      7.66981    220.90607    172.43997     61.34188
      7.67981    271.39477    187.31511     95.96492
      7.68981    268.92980    185.54107     93.41174
      7.69981    203.54099    138.60421     73.93539
      7.70981    215.08903    106.45075    113.97063
      7.71981    295.72738    148.81609    154.87002
      7.72981    255.96901    169.62874     98.85866
      7.73981    209.27592    153.41099     64.12250
      7.74981    227.53373    170.19817     62.44653
      7.75981    239.66730    204.95280     42.92517
      7.76981    200.64695    165.89130     41.92306
      7.77981    120.21340     77.52194     45.03348
      7.78981     49.38268     24.91949     24.77587
      7.79981     55.40415     28.58291     27.39075
      7.80981    167.37695    102.79687     68.25632
      7.81981    268.27970    183.51692     93.89749
      7.82981    296.52474    197.64495    108.91967
      7.83981    321.28753    217.63878    112.57713
      7.84981    266.05521    184.58589     88.68410
      7.85981    185.58317    107.46245     80.89885
      7.86981    155.27985     97.93563     57.75168
      7.87981    131.46603    101.86777     29.62033
      7.88981    111.57921     83.28412     28.29554
      7.89981    104.02481     51.97708     52.04786
      7.90981    131.14314     57.65411     73.49739
      7.91981    129.77826     83.39888     46.56637
      7.92981     87.33267     75.98792     12.88321
      7.93981     89.08698     90.78954      2.95441
      7.94981    133.75498    128.66672     10.29537
      7.95981    223.34330    185.60368     40.29458
      7.96981    393.58908    299.52130     97.54616
      7.97981    543.72337    403.72065    148.70958
      7.98981    484.62176    337.56835    156.04484
      7.99981    365.48667    236.07357    133.13700
      8.00981    283.29710    217.00068     67.54430
      8.01981    190.19025    172.47734     18.71523
      8.02981     97.54949     92.96921      6.88253
      8.03981    111.50305     96.41145     21.76046
      8.04981    203.61389    153.16235     59.38154
      8.05981    243.99841    187.32782     62.92861
      8.06981    165.90456    142.14990     26.52837
      8.07981     59.92558     54.37454      6.19378
      8.08981     45.13330     37.04461      8.15018
      8.09981    101.22383     82.44032     18.78574
      8.10981    160.29453    134.22760     26.06701
      8.11981    184.01630    149.90081     34.11944
      8.12981    162.03620    108.42273     53.72211
      8.13981    199.70128    107.33164     93.47104
      8.14981    290.64415    182.77214    111.98561
      8.15981    387.89252    288.75141    104.87527
      8.16981    369.55799    303.38126     69.52208
      8.17981    256.58823    211.35865     46.67118
      8.18981    228.42681    131.79702     97.27846
      8.19981    265.38514    105.65216    159.95693
      8.20981    279.69160    109.59454    171.13348
      8.21981    366.94712    185.45102    186.79701
      8.22981    418.78852    262.12640    167.19694
      8.23981    270.88572    197.43786     84.29491
      8.24981    198.96431    161.95890     49.24686
      8.25981    289.06423    220.28972     79.35446
      8.26981    374.22904    277.09893    100.96680
      8.27981    354.52168    268.48809     86.76791
      8.28981    287.24700    218.57175     69.95498
      8.29981    240.19454    189.56689     53.28913
      8.30981    218.59894    180.82464     39.94192
      8.31981    193.92824    162.63591     32.06982
      8.32981    155.29414    129.08656     26.51522
      8.33981    163.26788    119.14247     45.82765
      8.34981    173.95213    128.02773     52.98963
