Energy-E_F (eV)    DOS (1/eV)    PDOS (1/eV)  of atom type H  C  
     -4.99000    144.53981     16.29943    128.24038
     -4.98000    218.73299     26.44253    192.29046
     -4.97000    253.37241     27.10608    226.26634
     -4.96000    219.15037     23.76431    195.38606
     -4.95000    170.04836     16.36960    153.67876
     -4.94000    173.29490     13.04219    160.25270
     -4.93000    190.85236     11.74248    179.10987
     -4.92000    148.48840      6.51955    141.96886
     -4.91000     86.65019      3.11544     83.53475
     -4.90000     48.75811      5.58988     43.16823
     -4.89000     75.49127     15.62960     59.86167
     -4.88000    111.93141     22.65189     89.27951
     -4.87000    142.76335     22.79546    119.96789
     -4.86000    149.45839     16.35661    133.10178
     -4.85000     95.86168      7.52050     88.34117
     -4.84000     77.11928      7.70517     69.41411
     -4.83000     79.77956      9.19241     70.58715
     -4.82000     39.68208      4.50394     35.17814
     -4.81000     22.87675      1.13505     21.74170
     -4.80000     76.62907      2.37699     74.25208
     -4.79000    175.07890     10.42119    164.65771
     -4.78000    232.99258     26.15561    206.83697
     -4.77000    191.16979     31.64176    159.52803
     -4.76000     90.75736     17.59780     73.15956
     -4.75000     46.08553      7.12651     38.95902
     -4.74000     73.46975      8.72026     64.74950
     -4.73000     71.56425      8.11505     63.44920
     -4.72000     45.21936      3.27751     41.94185
     -4.71000     68.63752      1.71102     66.92649
     -4.70000     83.24303      1.89370     81.34933
     -4.69000     84.03235      4.17842     79.85393
     -4.68000    148.98542     15.60639    133.37903
     -4.67000    197.99680     30.28861    167.70820
     -4.66000    163.92417     28.65386    135.27031
     -4.65000    120.54296     17.83937    102.70359
     -4.64000     98.42989     10.40018     88.02971
     -4.63000     89.90823      4.68099     85.22724
     -4.62000     81.36945      2.06741     79.30203
     -4.61000     36.48514      0.79099     35.69415
     -4.60000      8.91241      0.70908      8.20333
     -4.59000     24.83505      4.95479     19.88026
     -4.58000     95.68277     16.31650     79.36627
     -4.57000    189.22317     23.93165    165.29152
     -4.56000    224.34297     23.03229    201.31068
     -4.55000    206.55449     22.16879    184.38570
     -4.54000    165.77152     16.20368    149.56784
     -4.53000     86.00269      7.72929     78.27340
     -4.52000     62.17741     10.58806     51.58935
     -4.51000     82.76559     16.84235     65.92325
     -4.50000     70.85194     13.36543     57.48652
     -4.49000    109.13099     17.70453     91.42646
     -4.48000    197.76943     33.56102    164.20841
     -4.47000    211.82110     34.37140    177.44970
     -4.46000    191.66281     19.19783    172.46498
     -4.45000    192.18679     11.78482    180.40198
     -4.44000    164.96195     16.79660    148.16535
     -4.43000    119.50648     18.70902    100.79746
     -4.42000    132.56420     21.02398    111.54022
     -4.41000    160.46196     24.30420    136.15776
     -4.40000     92.99465     13.99788     78.99677
     -4.39000     53.95063      7.81146     46.13917
     -4.38000    118.51387     14.61019    103.90368
     -4.37000    161.15362     16.76329    144.39033
     -4.36000    142.50961     15.81062    126.69899
     -4.35000    202.79518     29.90550    172.88968
     -4.34000    256.38909     38.44862    217.94047
     -4.33000    187.92312     22.35752    165.56560
     -4.32000     78.53812      5.88969     72.64843
     -4.31000     36.29391      2.53435     33.75955
     -4.30000     93.62268      7.42112     86.20155
     -4.29000    166.49200     12.51298    153.97902
     -4.28000    167.38862     16.80609    150.58253
     -4.27000    183.85240     28.32737    155.52503
     -4.26000    208.28129     37.11775    171.16354
     -4.25000    192.19319     34.04509    158.14810
     -4.24000    125.04926     19.18275    105.86651
     -4.23000     73.21290      6.24379     66.96910
     -4.22000    140.70912      5.24732    135.46180
     -4.21000    233.15245     12.41916    220.73329
     -4.20000    213.82941     19.67752    194.15188
     -4.19000    159.39573     22.37516    137.02056
     -4.18000    191.78280     28.89225    162.89054
     -4.17000    309.63319     38.37923    271.25396
     -4.16000    391.33470     41.18026    350.15444
     -4.15000    477.41694     47.73518    429.68176
     -4.14000    551.25451     48.32221    502.93230
     -4.13000    577.01893     45.59825    531.42068
     -4.12000    649.05658     55.71738    593.33919
     -4.11000    747.96007     71.24350    676.71658
     -4.10000    669.90906     67.14904    602.76002
     -4.09000    411.64850     37.87351    373.77499
     -4.08000    194.19182     12.36545    181.82637
     -4.07000    117.16476      6.71061    110.45415
     -4.06000    156.95691     15.28036    141.67655
     -4.05000    190.12886     21.84420    168.28467
     -4.04000    171.59487     17.83084    153.76403
     -4.03000    153.43272     16.13066    137.30206
     -4.02000    165.15243     15.62786    149.52456
     -4.01000    193.26826     17.02854    176.23972
     -4.00000    199.37065     19.96740    179.40324
     -3.99000    173.95355     23.56196    150.39160
     -3.98000    131.98031     19.78177    112.19855
     -3.97000    138.32620      9.59353    128.73267
     -3.96000    171.23717      7.73862    163.49855
     -3.95000    161.50571     14.56032    146.94539
     -3.94000    151.64921     24.30733    127.34188
     -3.93000    154.95852     26.66653    128.29199
     -3.92000    148.68930     17.89591    130.79339
     -3.91000    145.62688     14.64344    130.98344
     -3.90000    167.37993     17.44256    149.93738
     -3.89000    146.69005     15.29640    131.39365
     -3.88000    120.58674     17.88180    102.70494
     -3.87000    150.56541     23.31949    127.24591
     -3.86000    277.88947     32.32830    245.56117
     -3.85000    374.66574     35.01746    339.64828
     -3.84000    237.90201     20.59399    217.30801
     -3.83000    105.25962     16.74798     88.51163
     -3.82000    108.94437     25.77576     83.16862
     -3.81000    158.81920     31.92234    126.89686
     -3.80000    227.49287     39.36868    188.12419
     -3.79000    255.06680     38.61397    216.45283
     -3.78000    320.34627     32.54310    287.80317
     -3.77000    312.99292     25.47147    287.52145
     -3.76000    136.09289     11.01536    125.07753
     -3.75000     25.61194      1.99839     23.61356
     -3.74000     30.32557      0.81724     29.50833
     -3.73000    110.60202      2.66304    107.93897
     -3.72000    157.70397      3.87917    153.82481
     -3.71000     91.53536      3.07744     88.45793
     -3.70000     70.20656      6.26099     63.94557
     -3.69000    143.38444     12.52501    130.85943
     -3.68000    190.70619     12.02276    178.68343
     -3.67000    198.71550     10.22870    188.48680
     -3.66000    181.27007      9.61282    171.65725
     -3.65000    132.51484      5.72075    126.79409
     -3.64000     78.24411      2.36399     75.88012
     -3.63000     65.73501      1.85844     63.87657
     -3.62000    135.39723      5.57997    129.81726
     -3.61000    200.19987     12.35759    187.84228
     -3.60000    162.04327     12.68446    149.35881
     -3.59000     96.61495      5.84913     90.76582
     -3.58000     91.34725      2.54954     88.79772
     -3.57000     83.87695      3.46919     80.40776
     -3.56000     87.13725      6.24681     80.89044
     -3.55000     67.73435      5.46317     62.27118
     -3.54000     31.77459      3.18810     28.58649
     -3.53000     49.87821      6.86667     43.01154
     -3.52000     79.88206     11.23598     68.64608
     -3.51000     49.51727      6.96419     42.55308
     -3.50000     12.48235      1.61033     10.87202
     -3.49000     14.28917      0.38383     13.90534
     -3.48000     57.51985      1.27253     56.24732
     -3.47000    109.03262      3.65409    105.37853
     -3.46000    124.46312      7.13644    117.32668
     -3.45000    130.80018     10.56237    120.23780
     -3.44000    184.92373     14.15113    170.77259
     -3.43000    214.59305     11.74060    202.85245
     -3.42000    126.72998      4.66336    122.06662
     -3.41000     33.52639      0.89640     32.63000
     -3.40000      3.86150      0.08916      3.77233
     -3.39000      4.86893      0.20231      4.66662
     -3.38000     53.25335      2.38523     50.86812
     -3.37000    231.55378     11.17750    220.37629
     -3.36000    388.70384     20.54807    368.15577
     -3.35000    252.21063     14.76736    237.44327
     -3.34000     63.12215      4.11172     59.01043
     -3.33000      6.06748      0.43856      5.62892
     -3.32000      0.37043      0.02209      0.34834
     -3.31000      3.59906      0.12966      3.46940
     -3.30000     35.73363      1.62105     34.11258
     -3.29000    153.01178      8.50428    144.50750
     -3.28000    288.50282     18.13269    270.37013
     -3.27000    234.66190     15.27598    219.38592
     -3.26000     94.92273      5.27882     89.64391
     -3.25000     72.00053      1.72949     70.27105
     -3.24000     76.92258      1.40593     75.51664
     -3.23000     36.69242      0.79691     35.89552
     -3.22000     32.77060      2.21487     30.55573
     -3.21000    130.39042      9.64394    120.74648
     -3.20000    262.15545     17.48632    244.66914
     -3.19000    243.21177     13.42131    229.79047
     -3.18000    109.92267      4.69036    105.23230
     -3.17000     23.20382      0.77505     22.42877
     -3.16000      2.55317      0.10337      2.44981
     -3.15000      9.23683      0.81705      8.41978
     -3.14000     68.42763      5.57034     62.85729
     -3.13000    201.07082     14.64748    186.42334
     -3.12000    263.51047     15.71626    247.79421
     -3.11000    229.55684      8.80206    220.75479
     -3.10000    160.88245      4.07173    156.81072
     -3.09000     58.52618      1.33367     57.19250
     -3.08000     15.70833      0.89730     14.81103
     -3.07000     53.90824      5.15434     48.75390
     -3.06000    142.29894     13.60431    128.69464
     -3.05000    139.92395     13.24852    126.67543
     -3.04000     59.05615      4.92820     54.12795
     -3.03000     58.23991      1.74101     56.49890
     -3.02000    142.67258      3.27062    139.40196
     -3.01000    236.05210      6.65135    229.40075
     -3.00000    261.28342     11.82712    249.45630
     -2.99000    191.19378     14.76543    176.42835
     -2.98000     86.61510      9.36807     77.24703
     -2.97000     24.44440      2.69915     21.74525
     -2.96000     33.16220      1.71542     31.44678
     -2.95000     82.85280      3.93314     78.91966
     -2.94000    132.55624      6.86020    125.69604
     -2.93000    220.61529     12.87357    207.74172
     -2.92000    240.89769     14.57743    226.32026
     -2.91000    155.34015      8.61858    146.72157
     -2.90000    102.16291      4.52330     97.63962
     -2.89000     91.70132      2.99684     88.70448
     -2.88000    140.89217      5.87236    135.01981
     -2.87000    204.43244     13.22271    191.20973
     -2.86000    219.41728     15.05060    204.36668
     -2.85000    209.65460      9.90379    199.75081
     -2.84000    209.87726      7.31090    202.56635
     -2.83000    163.49316      6.27542    157.21775
     -2.82000    162.89019      9.72890    153.16129
     -2.81000    235.83325     16.40994    219.42331
     -2.80000    270.22786     15.15921    255.06865
     -2.79000    209.54900      7.93442    201.61458
     -2.78000    100.38620      3.30669     97.07951
     -2.77000     77.69889      5.49045     72.20844
     -2.76000    147.40028     11.69897    135.70130
     -2.75000    134.11953      9.92942    124.19011
     -2.74000     47.03679      3.29099     43.74580
     -2.73000     19.40719      2.22409     17.18311
     -2.72000     54.45722      7.42532     47.03191
     -2.71000     81.07770     10.87966     70.19804
     -2.70000     61.04243      6.26176     54.78068
     -2.69000     81.72216      3.85362     77.86854
     -2.68000    131.30265      8.52964    122.77301
     -2.67000    116.37036     11.45167    104.91869
     -2.66000     55.63421      6.77238     48.86184
     -2.65000     49.43576      5.82713     43.60863
     -2.64000    116.57952     11.21009    105.36943
     -2.63000    150.27589     11.23666    139.03923
     -2.62000    117.97359      9.38670    108.58689
     -2.61000    101.51642     12.08108     89.43534
     -2.60000     91.86819     12.36627     79.50191
     -2.59000    110.75298     14.80625     95.94673
     -2.58000    168.22036     20.32930    147.89107
     -2.57000    234.20926     23.94331    210.26595
     -2.56000    188.23231     16.72562    171.50669
     -2.55000     65.31078      5.23088     60.07990
     -2.54000      8.96104      0.66232      8.29872
     -2.53000      1.56722      0.05274      1.51448
     -2.52000     12.49225      0.23038     12.26187
     -2.51000     52.10457      0.95857     51.14600
     -2.50000     82.67485      1.50875     81.16610
     -2.49000     68.89526      1.16581     67.72945
     -2.48000     77.95369      1.14264     76.81105
     -2.47000     73.16780      1.03885     72.12895
     -2.46000     34.22553      0.49209     33.73344
     -2.45000     40.94608      0.62378     40.32231
     -2.44000     83.47799      1.27697     82.20102
     -2.43000     95.18394      1.43313     93.75081
     -2.42000     93.85563      1.37868     92.47695
     -2.41000     63.59565      0.92657     62.66909
     -2.40000     20.70604      0.31156     20.39449
     -2.39000     22.41200      0.41564     21.99635
     -2.38000     64.65824      1.22391     63.43433
     -2.37000     75.83955      1.43275     74.40680
     -2.36000     42.13800      0.75486     41.38314
     -2.35000     55.80795      0.84508     54.96287
     -2.34000    111.13650      1.68040    109.45610
     -2.33000    125.30746      1.96604    123.34141
     -2.32000     77.41144      1.25058     76.16086
     -2.31000     22.21250      0.36327     21.84923
     -2.30000      2.55351      0.04192      2.51159
     -2.29000      0.13562      0.00229      0.13333
     -2.28000      0.95949      0.01781      0.94169
     -2.27000     13.82576      0.25113     13.57463
     -2.26000     75.08616      1.33055     73.75561
     -2.25000    154.65202      2.66738    151.98464
     -2.24000    131.37399      2.20560    129.16839
     -2.23000     87.43003      1.45861     85.97142
     -2.22000     83.18483      1.40376     81.78107
     -2.21000     43.91297      0.74286     43.17010
     -2.20000      8.87172      0.15012      8.72160
     -2.19000      0.66466      0.01129      0.65337
     -2.18000      0.24638      0.00682      0.23956
     -2.17000      5.90162      0.16395      5.73768
     -2.16000     60.55420      1.64104     58.91316
     -2.15000    254.97771      6.80911    248.16860
     -2.14000    476.51069     12.76200    463.74868
     -2.13000    489.00177     13.27649    475.72528
     -2.12000    392.48374     10.77770    381.70603
     -2.11000    294.47704      8.45327    286.02377
     -2.10000    232.31784      7.02358    225.29426
     -2.09000    212.88104      6.50222    206.37883
     -2.08000    229.27723      6.92175    222.35549
     -2.07000    277.36320      8.25244    269.11076
     -2.06000    299.17350      8.86037    290.31313
     -2.05000    249.39388      7.24679    242.14708
     -2.04000    172.43550      4.19599    168.23950
     -2.03000    160.91109      2.73261    158.17848
     -2.02000    131.74751      2.03753    129.70998
     -2.01000     52.38292      0.83298     51.54994
     -2.00000     21.44811      0.52571     20.92240
     -1.99000     74.94948      2.23653     72.71295
     -1.98000    155.19512      4.64630    150.54882
     -1.97000    119.11260      3.56629    115.54631
     -1.96000     34.22907      1.01881     33.21026
     -1.95000     14.98099      0.32484     14.65615
     -1.94000     86.81598      1.63144     85.18454
     -1.93000    261.20762      4.78041    256.42721
     -1.92000    351.64086      6.35786    345.28300
     -1.91000    279.20753      5.28774    273.91979
     -1.90000    194.80544      3.96694    190.83850
     -1.89000    183.52520      3.72542    179.79978
     -1.88000    204.25448      4.00494    200.24954
     -1.87000    199.50515      3.90653    195.59863
     -1.86000    190.81227      3.86035    186.95192
     -1.85000    185.76469      3.81578    181.94891
     -1.84000    220.81587      4.39098    216.42489
     -1.83000    302.16120      5.67361    296.48759
     -1.82000    396.67062      7.23789    389.43273
     -1.81000    442.70225      8.09905    434.60320
     -1.80000    339.59656      6.29689    333.29967
     -1.79000    165.03734      2.90566    162.13168
     -1.78000     98.91185      1.36831     97.54354
     -1.77000     63.80344      0.79150     63.01194
     -1.76000     19.06315      0.23406     18.82909
     -1.75000      8.08182      0.10924      7.97257
     -1.74000     35.83495      0.49980     35.33515
     -1.73000     81.82664      1.13832     80.68832
     -1.72000     93.06293      1.27483     91.78809
     -1.71000     92.84172      1.23911     91.60261
     -1.70000     66.82120      0.88349     65.93771
     -1.69000     21.01518      0.27721     20.73797
     -1.68000      7.03844      0.08849      6.94995
     -1.67000     30.62624      0.37513     30.25111
     -1.66000     75.71790      0.92940     74.78850
     -1.65000     82.76035      1.03685     81.72350
     -1.64000     81.68344      1.08412     80.59931
     -1.63000     89.82161      1.20533     88.61628
     -1.62000     82.87725      1.04277     81.83449
     -1.61000     86.29234      1.02106     85.27128
     -1.60000     52.02888      0.60849     51.42039
     -1.59000     12.31051      0.14379     12.16672
     -1.58000      1.12100      0.01321      1.10780
     -1.57000      1.28956      0.01848      1.27108
     -1.56000     13.88737      0.19932     13.68805
     -1.55000     60.72455      0.85583     59.86872
     -1.54000    127.84428      1.68452    126.15976
     -1.53000    177.02372      2.06499    174.95872
     -1.52000    150.91951      1.60514    149.31437
     -1.51000     58.67460      0.59224     58.08236
     -1.50000      9.08029      0.08841      8.99189
     -1.49000      0.69303      0.00715      0.68588
     -1.48000      3.83052      0.04876      3.78175
     -1.47000     35.10888      0.42675     34.68213
     -1.46000    120.28555      1.38834    118.89720
     -1.45000    153.62444      1.67708    151.94735
     -1.44000     73.18622      0.75328     72.43294
     -1.43000     14.26657      0.13252     14.13405
     -1.42000     16.70671      0.10042     16.60629
     -1.41000     77.21560      0.52434     76.69126
     -1.40000    158.24075      1.24715    156.99360
     -1.39000    164.42643      1.37886    163.04756
     -1.38000    125.73316      1.02256    124.71060
     -1.37000     97.89887      1.10883     96.79004
     -1.36000     90.95035      1.44463     89.50572
     -1.35000     54.06189      0.92418     53.13770
     -1.34000     13.09551      0.22612     12.86938
     -1.33000      1.18295      0.02045      1.16250
     -1.32000      0.04027      0.00070      0.03957
     -1.31000      0.06579      0.00149      0.06430
     -1.30000      1.76599      0.03954      1.72646
     -1.29000     18.23824      0.39731     17.84093
     -1.28000     75.65792      1.54734     74.11058
     -1.27000    136.88985      2.48880    134.40104
     -1.26000    115.42101      1.80112    113.61989
     -1.25000     44.35527      0.60954     43.74572
     -1.24000      7.14482      0.09137      7.05345
     -1.23000      0.45024      0.00558      0.44466
     -1.22000      0.03873      0.00081      0.03792
     -1.21000      0.92040      0.02228      0.89812
     -1.20000     11.07255      0.26805     10.80450
     -1.19000     49.00314      1.18629     47.81686
     -1.18000     79.78268      1.93140     77.85128
     -1.17000     47.82864      1.15732     46.67132
     -1.16000     11.80225      0.26998     11.53226
     -1.15000     14.56619      0.18319     14.38300
     -1.14000     54.35415      0.64454     53.70962
     -1.13000     79.19204      0.93871     78.25333
     -1.12000     42.79568      0.51173     42.28395
     -1.11000     13.96487      0.24004     13.72483
     -1.10000     34.62254      0.86384     33.75870
     -1.09000     76.15944      1.91780     74.24164
     -1.08000     62.70466      1.57917     61.12549
     -1.07000     18.99652      0.47841     18.51810
     -1.06000      2.11716      0.05332      2.06384
     -1.05000      0.08786      0.00220      0.08566
     -1.04000      0.07606      0.00092      0.07514
     -1.03000      1.97295      0.02422      1.94872
     -1.02000     20.00031      0.26547     19.73484
     -1.01000     81.51153      1.23877     80.27276
     -1.00000    142.24394      2.57692    139.66702
     -0.99000    110.82949      2.35522    108.47427
     -0.98000     37.77387      0.89084     36.88303
     -0.97000      5.29668      0.13183      5.16485
     -0.96000      0.28940      0.00738      0.28202
     -0.95000      0.00632      0.00016      0.00616
     -0.94000      0.03575      0.00095      0.03479
     -0.93000      1.10042      0.02932      1.07110
     -0.92000     12.47232      0.33219     12.14013
     -0.91000     52.34468      1.38820     50.95648
     -0.90000     86.12499      2.19296     83.93203
     -0.89000     82.03385      1.60714     80.42671
     -0.88000     86.90178      1.10725     85.79453
     -0.87000     60.30779      0.67888     59.62891
     -0.86000     16.85943      0.18700     16.67243
     -0.85000      1.76653      0.01982      1.74670
     -0.84000      0.67226      0.01726      0.65501
     -0.83000      8.35339      0.22790      8.12548
     -0.82000     42.39750      1.15680     41.24070
     -0.81000     79.17213      2.16018     77.01195
     -0.80000     54.40020      1.48410     52.91610
     -0.79000     14.20820      0.37994     13.82826
     -0.78000      8.23003      0.10855      8.12148
     -0.77000     38.45182      0.40827     38.04355
     -0.76000     78.07427      0.82772     77.24655
     -0.75000     58.86759      0.63263     58.23497
     -0.74000     23.41077      0.37549     23.03527
     -0.73000     41.23551      1.12281     40.11270
     -0.72000     78.51765      2.19047     76.32717
     -0.71000     57.16899      1.59564     55.57335
     -0.70000     15.32432      0.42772     14.89660
     -0.69000      1.51481      0.04222      1.47260
     -0.68000      0.24800      0.00348      0.24452
     -0.67000      3.79094      0.03862      3.75232
     -0.66000     27.80042      0.29408     27.50634
     -0.65000     81.09004      0.99596     80.09408
     -0.64000    115.14063      2.00584    113.13479
     -0.63000    104.45773      2.52420    101.93353
     -0.62000     54.27209      1.48913     52.78295
     -0.61000     12.17410      0.34462     11.82948
     -0.60000      1.04410      0.02975      1.01435
     -0.59000      0.03542      0.00100      0.03442
     -0.58000      0.15216      0.00324      0.14892
     -0.57000      3.82247      0.07942      3.74305
     -0.56000     35.51234      0.71960     34.79274
     -0.55000    121.70874      2.40327    119.30547
     -0.54000    153.87903      2.95856    150.92047
     -0.53000     71.77182      1.34269     70.42913
     -0.52000     12.34924      0.22466     12.12457
     -0.51000      0.78384      0.01386      0.76998
     -0.50000      0.04497      0.00110      0.04387
     -0.49000      0.91239      0.02635      0.88604
     -0.48000     11.92744      0.32978     11.59766
     -0.47000     61.77035      1.55910     60.21126
     -0.46000    134.08226      2.87038    131.21188
     -0.45000    127.90405      2.16506    125.73899
     -0.44000     53.43203      0.70766     52.72437
     -0.43000      9.29167      0.10218      9.18949
     -0.42000      0.67317      0.00729      0.66588
     -0.41000      1.26553      0.03301      1.23252
     -0.40000     16.16295      0.39668     15.76628
     -0.39000     80.10860      1.79255     78.31604
     -0.38000    153.12597      3.05403    150.07194
     -0.37000    113.25392      1.97828    111.27564
     -0.36000     32.38566      0.49156     31.89410
     -0.35000      4.40422      0.05397      4.35025
     -0.34000     10.84694      0.09162     10.75533
     -0.33000     51.67020      0.50294     51.16726
     -0.32000    107.95966      1.50651    106.45315
     -0.31000    126.48889      2.68117    123.80771
     -0.30000    112.75786      2.48163    110.27623
     -0.29000    100.55732      1.33269     99.22464
     -0.28000     66.78710      0.58145     66.20566
     -0.27000     20.11509      0.16261     19.95247
     -0.26000      6.78350      0.16141      6.62209
     -0.25000     30.25488      0.96011     29.29477
     -0.24000     73.80564      2.34768     71.45796
     -0.23000     66.43945      2.11341     64.32605
     -0.22000     22.00411      0.69994     21.30417
     -0.21000      2.77123      0.08819      2.68304
     -0.20000      2.30487      0.07430      2.23057
     -0.19000     19.37703      0.62510     18.75192
     -0.18000     63.21110      2.03920     61.17190
     -0.17000     75.86639      2.44746     73.41893
     -0.16000     33.50940      1.08102     32.42838
     -0.15000      5.92465      0.19124      5.73341
     -0.14000      7.48982      0.24319      7.24663
     -0.13000     39.05207      1.26836     37.78370
     -0.12000     78.27820      2.54238     75.73582
     -0.11000     57.78786      1.87687     55.91099
     -0.10000     17.20226      0.55853     16.64373
     -0.09000     17.06551      0.55249     16.51302
     -0.08000     57.52691      1.86183     55.66509
     -0.07000     78.60743      2.54395     76.06348
     -0.06000     43.74250      1.41337     42.32912
     -0.05000     37.05073      1.18345     35.86728
     -0.04000     75.37332      2.39880     72.97452
     -0.03000     81.90172      2.59202     79.30970
     -0.02000     88.31379      2.73155     85.58224
     -0.01000    130.14499      3.94301    126.20198
     -0.00000    121.53391      3.62252    117.91139
      0.01000     56.46296      1.66417     54.79880
      0.02000     11.37335      0.33347     11.03988
      0.03000      0.90146      0.02638      0.87508
      0.04000      0.02677      0.00078      0.02598
      0.05000      0.00030      0.00001      0.00029
      0.06000      0.00000      0.00000      0.00000
      0.07000      0.00000      0.00000      0.00000
      0.08000      0.00000      0.00000      0.00000
      0.09000      0.00000      0.00000      0.00000
      0.10000      0.00000      0.00000      0.00000
      0.11000      0.00000      0.00000      0.00000
      0.12000      0.00000      0.00000      0.00000
      0.13000      0.00000      0.00000      0.00000
      0.14000      0.00000      0.00000      0.00000
      0.15000      0.00000      0.00000      0.00000
      0.16000      0.00000      0.00000      0.00000
      0.17000      0.00000      0.00000      0.00000
      0.18000      0.00000      0.00000      0.00000
      0.19000      0.00000      0.00000      0.00000
      0.20000      0.00000      0.00000      0.00000
      0.21000      0.00000      0.00000      0.00000
      0.22000      0.00000      0.00000      0.00000
      0.23000      0.00000      0.00000      0.00000
      0.24000      0.00000      0.00000      0.00000
      0.25000      0.00000      0.00000      0.00000
      0.26000      0.00000      0.00000      0.00000
      0.27000      0.00000      0.00000      0.00000
      0.28000      0.00000      0.00000      0.00000
      0.29000      0.00000      0.00000      0.00000
      0.30000      0.00000      0.00000      0.00000
      0.31000      0.00000      0.00000      0.00000
      0.32000      0.00000      0.00000      0.00000
      0.33000      0.00000      0.00000      0.00000
      0.34000      0.00000      0.00000      0.00000
      0.35000      0.00000      0.00000      0.00000
      0.36000      0.00000      0.00000      0.00000
      0.37000      0.00000      0.00000      0.00000
      0.38000      0.00000      0.00000      0.00000
      0.39000      0.00000      0.00000      0.00000
      0.40000      0.00000      0.00000      0.00000
      0.41000      0.00000      0.00000      0.00000
      0.42000      0.00000      0.00000      0.00000
      0.43000      0.00000      0.00000      0.00000
      0.44000      0.00000      0.00000      0.00000
      0.45000      0.00000      0.00000      0.00000
      0.46000      0.00000      0.00000      0.00000
      0.47000      0.00000      0.00000      0.00000
      0.48000      0.00000      0.00000      0.00000
      0.49000      0.00000      0.00000      0.00000
      0.50000      0.00000      0.00000      0.00000
      0.51000      0.00000      0.00000      0.00000
      0.52000      0.00000      0.00000      0.00000
      0.53000      0.00000      0.00000      0.00000
      0.54000      0.00000      0.00000      0.00000
      0.55000      0.00000      0.00000      0.00000
      0.56000      0.00000      0.00000      0.00000
      0.57000      0.00000      0.00000      0.00000
      0.58000      0.00000      0.00000      0.00000
      0.59000      0.00000      0.00000      0.00000
      0.60000      0.00000      0.00000      0.00000
      0.61000      0.00000      0.00000      0.00000
      0.62000      0.00000      0.00000      0.00000
      0.63000      0.00000      0.00000      0.00000
      0.64000      0.00000      0.00000      0.00000
      0.65000      0.00000      0.00000      0.00000
      0.66000      0.00000      0.00000      0.00000
      0.67000      0.00000      0.00000      0.00000
      0.68000      0.00000      0.00000      0.00000
      0.69000      0.00000      0.00000      0.00000
      0.70000      0.00000      0.00000      0.00000
      0.71000      0.00000      0.00000      0.00000
      0.72000      0.00000      0.00000      0.00000
      0.73000      0.00000      0.00000      0.00000
      0.74000      0.00000      0.00000      0.00000
      0.75000      0.00000      0.00000      0.00000
      0.76000      0.00000      0.00000      0.00000
      0.77000      0.00000      0.00000      0.00000
      0.78000      0.00000      0.00000      0.00000
      0.79000      0.00000      0.00000      0.00000
      0.80000      0.00000      0.00000      0.00000
      0.81000      0.00000      0.00000      0.00000
      0.82000      0.00000      0.00000      0.00000
      0.83000      0.00000      0.00000      0.00000
      0.84000      0.00000      0.00000      0.00000
      0.85000      0.00000      0.00000      0.00000
      0.86000      0.00000      0.00000      0.00000
      0.87000      0.00000      0.00000      0.00000
      0.88000      0.00000      0.00000      0.00000
      0.89000      0.00000      0.00000      0.00000
      0.90000      0.00000      0.00000      0.00000
      0.91000      0.00000      0.00000      0.00000
      0.92000      0.00000      0.00000      0.00000
      0.93000      0.00000      0.00000      0.00000
      0.94000      0.00000      0.00000      0.00000
      0.95000      0.00000      0.00000      0.00000
      0.96000      0.00000      0.00000      0.00000
      0.97000      0.00000      0.00000      0.00000
      0.98000      0.00000      0.00000      0.00000
      0.99000      0.00000      0.00000      0.00000
      1.00000      0.00000      0.00000      0.00000
      1.01000      0.00000      0.00000      0.00000
      1.02000      0.00000      0.00000      0.00000
      1.03000      0.00000      0.00000      0.00000
      1.04000      0.00000      0.00000      0.00000
      1.05000      0.00000      0.00000      0.00000
      1.06000      0.00000      0.00000      0.00000
      1.07000      0.00000      0.00000      0.00000
      1.08000      0.00000      0.00000      0.00000
      1.09000      0.00000      0.00000      0.00000
      1.10000      0.00000      0.00000      0.00000
      1.11000      0.00000      0.00000      0.00000
      1.12000      0.00000      0.00000      0.00000
      1.13000      0.00000      0.00000      0.00000
      1.14000      0.00000      0.00000      0.00000
      1.15000      0.00000      0.00000      0.00000
      1.16000      0.00000      0.00000      0.00000
      1.17000      0.00000      0.00000      0.00000
      1.18000      0.00000      0.00000      0.00000
      1.19000      0.00000      0.00000      0.00000
      1.20000      0.00000      0.00000      0.00000
      1.21000      0.00000      0.00000      0.00000
      1.22000      0.00000      0.00000      0.00000
      1.23000      0.00000      0.00000      0.00000
      1.24000      0.00000      0.00000      0.00000
      1.25000      0.00000      0.00000      0.00000
      1.26000      0.00000      0.00000      0.00000
      1.27000      0.00000      0.00000      0.00000
      1.28000      0.00000      0.00000      0.00000
      1.29000      0.00000      0.00000      0.00000
      1.30000      0.00000      0.00000      0.00000
      1.31000      0.00000      0.00000      0.00000
      1.32000      0.00000      0.00000      0.00000
      1.33000      0.00000      0.00000      0.00000
      1.34000      0.00000      0.00000      0.00000
      1.35000      0.00000      0.00000      0.00000
      1.36000      0.00000      0.00000      0.00000
      1.37000      0.00000      0.00000      0.00000
      1.38000      0.00000      0.00000      0.00000
      1.39000      0.00000      0.00000      0.00000
      1.40000      0.00000      0.00000      0.00000
      1.41000      0.00000      0.00000      0.00000
      1.42000      0.00000      0.00000      0.00000
      1.43000      0.00000      0.00000      0.00000
      1.44000      0.00000      0.00000      0.00000
      1.45000      0.00000      0.00000      0.00000
      1.46000      0.00000      0.00000      0.00000
      1.47000      0.00000      0.00000      0.00000
      1.48000      0.00000      0.00000      0.00000
      1.49000      0.00000      0.00000      0.00000
      1.50000      0.00000      0.00000      0.00000
      1.51000      0.00000      0.00000      0.00000
      1.52000      0.00000      0.00000      0.00000
      1.53000      0.00153      0.00002      0.00151
      1.54000      0.09796      0.00109      0.09687
      1.55000      2.31397      0.02579      2.28817
      1.56000     20.19215      0.22521     19.96694
      1.57000     66.76720      0.74775     66.01944
      1.58000     97.18844      1.11285     96.07559
      1.59000     98.99162      1.19373     97.79788
      1.60000     82.48259      1.03150     81.45108
      1.61000     55.94592      0.75444     55.19148
      1.62000     74.44767      1.08386     73.36381
      1.63000     71.57012      1.05210     70.51802
      1.64000     32.28501      0.49126     31.79375
      1.65000     38.23573      0.66323     37.57249
      1.66000     76.62268      1.34997     75.27271
      1.67000     62.19583      1.09640     61.09943
      1.68000     20.02511      0.35807     19.66704
      1.69000     16.90157      0.35067     16.55090
      1.70000     56.45581      1.19529     55.26052
      1.71000     78.69178      1.66648     77.02530
      1.72000     40.43374      0.85638     39.57736
      1.73000      8.46692      0.18269      8.28423
      1.74000     10.89102      0.27276     10.61825
      1.75000     47.41172      1.19675     46.21497
      1.76000     79.78174      2.01384     77.76789
      1.77000     49.81752      1.25444     48.56308
      1.78000     17.89080      0.40421     17.48659
      1.79000     40.03231      0.74836     39.28396
      1.80000     95.18375      1.91732     93.26643
      1.81000    120.77494      2.88463    117.89031
      1.82000    102.44850      2.75426     99.69424
      1.83000     80.63159      1.89827     78.73332
      1.84000     85.57569      1.65604     83.91965
      1.85000     55.64217      1.05493     54.58725
      1.86000     26.86493      0.71171     26.15322
      1.87000     55.50602      1.89076     53.61526
      1.88000     88.93119      2.93375     85.99744
      1.89000     88.73904      2.38175     86.35729
      1.90000     88.32910      1.84810     86.48100
      1.91000     52.21660      1.02942     51.18718
      1.92000     16.78664      0.42055     16.36609
      1.93000     31.49060      1.23414     30.25647
      1.94000     74.07420      2.95239     71.12181
      1.95000     67.63181      2.66924     64.96257
      1.96000     36.69052      1.17585     35.51467
      1.97000     59.11892      1.26953     57.84939
      1.98000     79.34390      1.65143     77.69247
      1.99000     48.26136      1.19236     47.06900
      2.00000     48.88616      2.03488     46.85127
      2.01000     79.44743      3.60126     75.84617
      2.02000     55.51225      2.52514     52.98711
      2.03000     14.37125      0.65349     13.71776
      2.04000      1.91496      0.07476      1.84021
      2.05000      8.33253      0.20362      8.12891
      2.06000     49.16120      1.33974     47.82146
      2.07000    122.11966      3.96752    118.15214
      2.08000    135.72913      5.32575    130.40338
      2.09000     68.21203      3.07341     65.13861
      2.10000     14.63786      0.71100     13.92686
      2.11000      1.26451      0.06365      1.20086
      2.12000      0.53154      0.03043      0.50111
      2.13000      7.23716      0.41806      6.81910
      2.14000     39.31431      2.26919     37.04512
      2.15000     79.93820      4.56366     75.37454
      2.16000     73.37270      3.69733     69.67537
      2.17000     73.57354      2.26790     71.30564
      2.18000     79.72505      1.93542     77.78963
      2.19000     39.08276      0.93644     38.14632
      2.20000     12.06194      0.48799     11.57395
      2.21000     32.38807      2.06168     30.32639
      2.22000     74.96080      4.81573     70.14507
      2.23000     64.75164      4.16027     60.59137
      2.24000     20.57977      1.32224     19.25753
      2.25000      2.41238      0.15488      2.25750
      2.26000      0.44190      0.02213      0.41977
      2.27000      6.85154      0.31773      6.53381
      2.28000     51.04859      2.39942     48.64917
      2.29000    140.06595      6.67241    133.39354
      2.30000    141.49174      6.83025    134.66150
      2.31000     52.62346      2.57372     50.04974
      2.32000      7.20697      0.35708      6.84989
      2.33000      0.44722      0.02460      0.42262
      2.34000      2.07296      0.15716      1.91579
      2.35000     18.70749      1.41985     17.28764
      2.36000     62.31048      4.72920     57.58128
      2.37000     76.35056      5.79480     70.55576
      2.38000     34.44262      2.61284     31.82978
      2.39000      6.57393      0.45691      6.11702
      2.40000     11.03189      0.32138     10.71051
      2.41000     49.48336      1.42961     48.05375
      2.42000     94.75358      3.36921     91.38437
      2.43000    105.33316      5.81889     99.51426
      2.44000     89.60363      6.53502     83.06861
      2.45000     41.12538      3.21367     37.91170
      2.46000      7.59503      0.60077      6.99426
      2.47000      0.55954      0.04436      0.51518
      2.48000      1.10757      0.08823      1.01934
      2.49000     12.41599      0.98910     11.42690
      2.50000     51.82743      4.12873     47.69870
      2.51000     79.59901      6.34050     73.25851
      2.52000     45.43719      3.59576     41.84143
      2.53000     16.43590      0.95367     15.48223
      2.54000     39.56741      1.20471     38.36270
      2.55000     79.05495      2.37280     76.68215
      2.56000     68.27505      2.49654     65.77851
      2.57000     63.11858      4.06930     59.04928
      2.58000     81.35283      6.12025     75.23258
      2.59000     49.52346      3.76793     45.75553
      2.60000     11.28493      0.85918     10.42575
      2.61000      0.97270      0.07379      0.89891
      2.62000      0.89306      0.05865      0.83441
      2.63000     10.78277      0.69540     10.08737
      2.64000     51.76342      3.16745     48.59597
      2.65000    107.23455      5.41515    101.81940
      2.66000    121.73520      3.71688    118.01833
      2.67000     92.81065      1.58589     91.22476
      2.68000     79.17695      1.91575     77.26120
      2.69000     97.68744      2.81433     94.87311
      2.70000    107.40567      2.68680    104.71887
      2.71000    127.04623      3.63512    123.41111
      2.72000    120.04142      4.85915    115.18227
      2.73000     65.59117      3.20894     62.38223
      2.74000     16.24048      0.84595     15.39452
      2.75000      2.74462      0.11838      2.62624
      2.76000     13.04714      0.38967     12.65747
      2.77000     53.63376      1.61018     52.02358
      2.78000     88.75968      2.84473     85.91495
      2.79000     88.79455      3.63254     85.16201
      2.80000     89.27589      4.41704     84.85885
      2.81000     62.49475      3.05200     59.44275
      2.82000     58.89093      2.24605     56.64487
      2.83000     81.01666      2.81818     78.19847
      2.84000     55.10321      2.04993     53.05328
      2.85000     54.58304      3.21355     51.36948
      2.86000    156.02347     10.25452    145.76895
      2.87000    252.85939     17.25671    235.60268
      2.88000    257.66306     18.38583    239.27723
      2.89000    216.75916     15.90814    200.85101
      2.90000    150.82139     11.75963    139.06176
      2.91000    106.19553      8.80731     97.38822
      2.92000     93.23845      7.84190     85.39655
      2.93000     87.56755      7.35476     80.21278
      2.94000     74.93090      6.19967     68.73123
      2.95000    103.97603      7.82053     96.15550
      2.96000    163.17071      9.53894    153.63177
      2.97000    264.76063     13.99863    250.76200
      2.98000    271.51121     15.78480    255.72641
      2.99000    132.94963      8.60361    124.34602
      3.00000     58.41952      4.43873     53.98079
      3.01000     77.90282      6.33001     71.57282
      3.02000     64.32209      5.24019     59.08190
      3.03000     32.81438      2.66080     30.15358
      3.04000     56.54595      4.55012     51.99582
      3.05000     85.07598      6.74746     78.32852
      3.06000     86.26437      6.06896     80.19542
      3.07000    147.57631      8.82063    138.75568
      3.08000    205.28762     12.18584    193.10177
      3.09000    148.35964      9.45938    138.90026
      3.10000     59.99762      3.95917     56.03845
      3.11000     61.37791      3.22445     58.15346
      3.12000    130.33530      7.19753    123.13777
      3.13000    134.65017      8.32572    126.32445
      3.14000     60.80697      4.11564     56.69133
      3.15000     23.58262      1.69473     21.88789
      3.16000     73.02870      5.29034     67.73836
      3.17000    155.10809     11.23517    143.87292
      3.18000    134.23416      9.38781    124.84636
      3.19000     89.16464      4.89132     84.27332
      3.20000     95.28356      4.52613     90.75742
      3.21000     95.17151      5.63787     89.53365
      3.22000     88.63046      6.25925     82.37120
      3.23000     46.54203      3.41309     43.12893
      3.24000     12.80909      0.91540     11.89369
      3.25000     32.79738      2.05877     30.73861
      3.26000    131.54633      8.00756    123.53878
      3.27000    222.42383     13.35747    209.06636
      3.28000    158.07228      9.55355    148.51873
      3.29000     50.89282      3.14770     47.74511
      3.30000     42.14689      2.62311     39.52378
      3.31000    123.13353      7.56878    115.56475
      3.32000    153.12441      9.32099    143.80341
      3.33000     70.68180      4.26159     66.42021
      3.34000     14.38486      0.87253     13.51233
      3.35000     21.06241      1.37495     19.68746
      3.36000     65.03616      4.25744     60.77872
      3.37000     83.78097      5.44550     78.33546
      3.38000     75.54567      4.72731     70.81836
      3.39000     88.60738      5.29198     83.31540
      3.40000     89.27190      4.76642     84.50548
      3.41000    136.85557      6.85861    129.99697
      3.42000    200.07669     11.34959    188.72710
      3.43000    161.00547     10.08398    150.92149
      3.44000     66.62966      4.32437     62.30530
      3.45000     29.87730      1.80397     28.07333
      3.46000     62.50788      3.57342     58.93447
      3.47000     76.70408      4.37637     72.32771
      3.48000     35.12203      2.00397     33.11806
      3.49000      7.26365      0.41932      6.84433
      3.50000     18.05706      1.08127     16.97579
      3.51000     88.14381      5.23290     82.91090
      3.52000    178.23398     10.64685    167.58713
      3.53000    174.18929     10.91952    163.26977
      3.54000    106.31397      7.10870     99.20527
      3.55000     63.92523      3.91692     60.00832
      3.56000     97.17544      5.27882     91.89662
      3.57000    132.57763      7.64104    124.93659
      3.58000     99.14294      6.13810     93.00484
      3.59000     37.72371      2.40290     35.32081
      3.60000     24.09930      1.34205     22.75725
      3.61000     63.15499      3.35867     59.79632
      3.62000     83.46171      4.56998     78.89173
      3.63000     73.71974      4.72090     68.99884
      3.64000     92.07499      6.49575     85.57925
      3.65000    114.78428      7.12565    107.65864
      3.66000    160.52420      8.40372    152.12048
      3.67000    138.04031      6.94300    131.09731
      3.68000     49.23243      2.45528     46.77715
      3.69000     23.71641      1.09234     22.62407
      3.70000     64.53880      2.93275     61.60605
      3.71000    103.92087      5.04749     98.87338
      3.72000    108.58615      5.96757    102.61858
      3.73000     93.31801      5.42856     87.88945
      3.74000    112.03496      6.30416    105.73080
      3.75000    161.93856      9.03652    152.90204
      3.76000    108.09079      6.06524    102.02555
      3.77000     37.63943      1.91978     35.71966
      3.78000     57.04642      2.25773     54.78869
      3.79000    117.72872      5.08179    112.64693
      3.80000    129.88637      6.39413    123.49224
      3.81000     94.47151      4.60725     89.86425
      3.82000     86.44817      3.17523     83.27294
      3.83000     75.31856      2.41850     72.90007
      3.84000     45.20052      1.36970     43.83082
      3.85000     72.02878      2.24722     69.78156
      3.86000    135.51841      5.52713    129.99128
      3.87000    202.86680     10.26744    192.59937
      3.88000    212.89943     10.30954    202.58989
      3.89000    139.84359      5.29856    134.54503
      3.90000    110.89944      3.12704    107.77241
      3.91000    161.94820      5.02448    156.92372
      3.92000    206.44131      6.47749    199.96383
      3.93000    213.28811      5.00812    208.27999
      3.94000    191.41271      3.20151    188.21120
      3.95000    107.34376      1.58485    105.75891
      3.96000     27.16006      0.38893     26.77113
      3.97000      2.75561      0.03904      2.71657
      3.98000      0.20389      0.00556      0.19833
      3.99000      2.33741      0.09953      2.23788
      4.00000     21.65867      0.95430     20.70437
      4.01000     81.22280      3.87325     77.34955
      4.02000    136.80482      7.92636    128.87846
      4.03000    123.94083     17.16362    106.77721
      4.04000    131.68405     67.96346     63.72059
      4.05000    225.92492    150.25727     75.66765
      4.06000    199.65974    127.09553     72.56421
      4.07000     67.66182     39.85875     27.80306
      4.08000      8.59276      4.62952      3.96324
      4.09000      0.41507      0.20535      0.20972
      4.10000      0.33534      0.29687      0.03847
      4.11000      5.97735      5.34813      0.62922
      4.12000     42.98365     38.33707      4.64657
      4.13000    132.88065    116.14557     16.73508
      4.14000    217.89659    174.45137     43.44523
      4.15000    270.43890    184.52794     85.91095
      4.16000    334.51566    220.17122    114.34444
      4.17000    441.69670    282.41123    159.28547
      4.18000    472.83771    291.86506    180.97265
      4.19000    350.32349    248.27180    102.05169
      4.20000    254.47326    216.35084     38.12242
      4.21000    209.54975    187.72247     21.82728
      4.22000    193.62741    174.28930     19.33811
      4.23000    186.17198    167.55358     18.61839
      4.24000    158.23050    140.74426     17.48624
      4.25000    192.16203    157.34957     34.81246
      4.26000    213.70207    141.79289     71.90918
      4.27000    208.69351    128.05192     80.64160
      4.28000    187.29531    142.63234     44.66297
      4.29000    137.74737    119.79655     17.95082
      4.30000    124.97098    109.04072     15.93026
      4.31000    164.81845    119.10337     45.71508
      4.32000    245.87236    125.18538    120.68698
      4.33000    269.65738    119.34285    150.31453
      4.34000    178.02620     97.82423     80.20196
      4.35000    126.72441    101.75512     24.96930
      4.36000    133.80989    119.72374     14.08615
      4.37000    107.64181     95.29292     12.34889
      4.38000     93.40806     67.33289     26.07518
      4.39000    174.78880    104.64722     70.14158
      4.40000    215.46300    133.75196     81.71103
      4.41000    122.96010     85.47360     37.48651
      4.42000     55.90900     45.29582     10.61318
      4.43000    112.75293     89.03433     23.71860
      4.44000    206.59382    140.14909     66.44473
      4.45000    178.59323     97.44101     81.15221
      4.46000     83.61122     36.95756     46.65366
      4.47000    108.47408     57.80808     50.66600
      4.48000    219.60999    133.30960     86.30039
      4.49000    190.42454    127.17653     63.24801
      4.50000     66.11982     48.32001     17.79981
      4.51000     23.15119     19.84478      3.30641
      4.52000     78.01891     70.20473      7.81417
      4.53000    160.97623    140.63922     20.33701
      4.54000    158.50977    108.54898     49.96079
      4.55000    154.45796     40.36990    114.08806
      4.56000    159.78428     27.25830    132.52598
      4.57000    143.98004     72.54975     71.43030
      4.58000    168.86448    141.14593     27.71855
      4.59000    121.92351    109.34623     12.57727
      4.60000     35.52330     31.69339      3.82991
      4.61000     16.64557      9.06930      7.57626
      4.62000     84.56270     44.26779     40.29491
      4.63000    211.40403    127.39536     84.00867
      4.64000    204.38680    137.86725     66.51955
      4.65000     83.94675     56.67754     27.26921
      4.66000     54.47267     13.93667     40.53600
      4.67000     94.01663     21.84002     72.17661
      4.68000    129.03363     73.67105     55.36258
      4.69000    167.13293    138.94920     28.18373
      4.70000    136.55509    108.34451     28.21058
      4.71000     95.36325     36.41237     58.95088
      4.72000     83.15435     10.73351     72.42084
      4.73000     55.36671     19.39045     35.97626
      4.74000     88.79837     75.02093     13.77743
      4.75000    150.55756    135.35983     15.19773
      4.76000    121.09350    101.21399     19.87951
      4.77000     95.53124     36.52666     59.00458
      4.78000    150.05759     19.84402    130.21357
      4.79000    144.52184     26.76413    117.75771
      4.80000    112.53492     65.89675     46.63817
      4.81000    142.93583    124.57305     18.36278
      4.82000    123.67473    111.49477     12.17997
      4.83000     50.04391     44.15362      5.89029
      4.84000     21.93035      8.76239     13.16795
      4.85000     60.70765     10.82960     49.87805
      4.86000    118.85868     42.89555     75.96313
      4.87000    149.12170    100.08866     49.03304
      4.88000    143.44365    122.75701     20.68664
      4.89000     85.89623     76.90512      8.99111
      4.90000     28.10392     22.47895      5.62496
      4.91000     36.38544      7.22865     29.15679
      4.92000    126.17569     24.85339    101.32230
      4.93000    212.50854     70.83342    141.67512
      4.94000    196.78811    112.90839     83.87972
      4.95000    143.72275    110.77407     32.94868
      4.96000    109.22707     66.71831     42.50876
      4.97000     96.51722     24.72481     71.79241
      4.98000     62.07479      9.51978     52.55501
      4.99000     34.00716     18.00671     16.00044
      5.00000     67.29799     59.72477      7.57322
      5.01000    108.52279     98.19417     10.32862
      5.02000    110.54998     99.78779     10.76219
      5.03000     71.42051     64.35132      7.06919
      5.04000     21.54287     19.31560      2.22726
      5.05000      6.93360      3.89115      3.04245
      5.06000     45.99633     17.13869     28.85764
      5.07000    181.84277     66.91545    114.92731
      5.08000    302.19504    111.34076    190.85428
      5.09000    263.62160    110.81636    152.80524
      5.10000    148.22781     82.44579     65.78202
      5.11000     46.71707     32.38634     14.33073
      5.12000      7.05658      5.59849      1.45809
      5.13000      7.81141      7.05860      0.75281
      5.14000     40.31996     36.53938      3.78058
      5.15000     86.19504     77.43140      8.76364
      5.16000    105.59421     87.13364     18.46057
      5.17000    141.33143     90.10083     51.23060
      5.18000    140.13641     64.66885     75.46756
      5.19000     65.11028     21.15008     43.96021
      5.20000     16.60419      4.74386     11.86033
      5.21000     38.34470     17.64382     20.70089
      5.22000    131.96729     62.73811     69.22918
      5.23000    204.97626     93.62882    111.34744
      5.24000    200.94958     90.84858    110.10101
      5.25000    148.87261     82.19621     66.67640
      5.26000     60.35732     41.11408     19.24324
      5.27000     10.98719      8.36759      2.61960
      5.28000      8.86589      4.29434      4.57155
      5.29000     55.52457     27.77620     27.74837
      5.30000    144.05372     79.84737     64.20636
      5.31000    155.54021     98.89459     56.64562
      5.32000    111.81878     88.12283     23.69595
      5.33000     83.30293     73.49542      9.80752
      5.34000     35.66422     31.53222      4.13199
      5.35000     16.41038      6.79133      9.61905
      5.36000     68.05016     11.64623     56.40394
      5.37000    169.62167     38.93947    130.68220
      5.38000    193.16151     77.91402    115.24749
      5.39000    140.67146     97.00700     43.66446
      5.40000    108.15807     94.00808     14.14999
      5.41000     80.07248     70.31717      9.75531
      5.42000     48.36566     29.60433     18.76133
      5.43000     68.85784     17.97600     50.88184
      5.44000     80.40634     18.42415     61.98219
      5.45000     72.37962     22.07247     50.30715
      5.46000    132.30118     62.60249     69.69869
      5.47000    183.39258    116.68623     66.70635
      5.48000    148.98594    118.18990     30.79603
      5.49000     76.03560     65.38315     10.65244
      5.50000     34.84091     18.72790     16.11301
      5.51000     60.79511      9.43484     51.36027
      5.52000     78.72969     10.66888     68.06080
      5.53000     51.49140     12.21686     39.27455
      5.54000     95.21132     53.14273     42.06859
      5.55000    217.37007    140.62556     76.74451
      5.56000    201.43447    140.76271     60.67177
      5.57000     79.09213     54.58741     24.50472
      5.58000     53.75817     19.06008     34.69809
      5.59000     81.60805     23.02432     58.58373
      5.60000     68.36145     28.98506     39.37638
      5.61000     73.40442     59.10043     14.30399
      5.62000    105.11498     84.89190     20.22309
      5.63000    143.08449     87.28256     55.80192
      5.64000    177.09218     97.76120     79.33098
      5.65000    162.39761     87.32454     75.07306
      5.66000    170.28045     92.64751     77.63295
      5.67000    122.81571     75.41379     47.40192
      5.68000     40.81606     28.35466     12.46140
      5.69000     37.52900     26.10263     11.42637
      5.70000    119.75999     77.77634     41.98365
      5.71000    177.00103    112.74433     64.25670
      5.72000    145.28080    103.20932     42.07148
      5.73000    108.19523     80.80730     27.38794
      5.74000    116.90056     65.56289     51.33766
      5.75000    153.35948     87.01683     66.34264
      5.76000    110.64620     73.45658     37.18962
      5.77000     59.01602     33.00842     26.00760
      5.78000    102.33504     40.17847     62.15657
      5.79000    200.45632     98.09043    102.36588
      5.80000    251.62540    149.90066    101.72474
      5.81000    164.38531    111.09819     53.28712
      5.82000     48.73006     36.09775     12.63231
      5.83000     13.37801      7.25307      6.12494
      5.84000     40.15573     13.56355     26.59218
      5.85000     79.82347     26.72382     53.09965
      5.86000     71.55533     24.88766     46.66767
      5.87000     81.04738     35.50055     45.54683
      5.88000    143.03518     85.87817     57.15702
      5.89000    214.77924    171.76215     43.01708
      5.90000    341.46172    300.93523     40.52649
      5.91000    498.71294    420.57863     78.13431
      5.92000    541.77931    430.74930    111.03000
      5.93000    468.61465    370.65123     97.96343
      5.94000    370.92721    301.38784     69.53937
      5.95000    343.68792    282.31708     61.37084
      5.96000    404.50335    328.51769     75.98566
      5.97000    372.44528    302.91855     69.52673
      5.98000    188.26503    155.70303     32.56200
      5.99000     80.40193     69.89491     10.50702
      6.00000     86.56723     77.81703      8.75020
      6.01000     83.28182     75.72754      7.55427
      6.02000     87.00658     80.09168      6.91490
      6.03000     75.18212     65.66652      9.51560
      6.04000     64.86330     36.30930     28.55400
      6.05000    116.17633     55.96132     60.21501
      6.06000    139.40793     87.54885     51.85908
      6.07000     88.90307     68.86091     20.04216
      6.08000     67.29285     56.33263     10.96022
      6.09000     81.69920     68.03248     13.66672
      6.10000     48.88862     40.64789      8.24073
      6.11000     12.04992     10.00000      2.04992
      6.12000     15.61913     12.29052      3.32861
      6.13000     76.67723     57.31328     19.36396
      6.14000    152.88393    108.10040     44.78353
      6.15000    120.22013     80.64874     39.57139
      6.16000     68.42398     49.00140     19.42258
      6.17000    140.31267    106.12333     34.18934
      6.18000    236.96006    170.59780     66.36225
      6.19000    225.35270    158.13157     67.22113
      6.20000    222.63456    152.64678     69.98778
      6.21000    230.37005    149.94593     80.42412
      6.22000    168.48727    111.28034     57.20693
      6.23000     99.12491     70.28244     28.84247
      6.24000     42.56136     32.23202     10.32934
      6.25000     44.71058     39.76503      4.94555
      6.26000    114.08750    101.15879     12.92871
      6.27000    179.03556    146.10116     32.93440
      6.28000    183.55563    133.07295     50.48268
      6.29000    143.94508    104.82018     39.12491
      6.30000     93.82974     76.32980     17.49993
      6.31000     37.02497     31.87443      5.15054
      6.32000     22.66781     20.50095      2.16686
      6.33000     61.77074     56.42022      5.35052
      6.34000     96.93098     86.34966     10.58132
      6.35000    139.81467    109.84905     29.96561
      6.36000    225.79134    154.76147     71.02987
      6.37000    193.27045    119.07153     74.19892
      6.38000     99.97992     53.93154     46.04838
      6.39000     85.87547     42.54038     43.33509
      6.40000     60.65699     30.29482     30.36217
      6.41000     29.22861     19.56706      9.66154
      6.42000     60.63414     52.81018      7.82396
      6.43000    122.58264    102.41464     20.16801
      6.44000    145.90922    114.45899     31.45023
      6.45000    137.01016    108.21181     28.79835
      6.46000    134.92116     96.22656     38.69460
      6.47000    192.19755    101.02033     91.17722
      6.48000    269.12835    132.82887    136.29948
      6.49000    282.04444    130.87936    151.16507
      6.50000    247.45292    103.60532    143.84760
      6.51000    184.06199     79.82781    104.23419
      6.52000    185.90029     87.32149     98.57879
      6.53000    228.01784    107.40941    120.61097
      6.54000    230.15182    100.90465    129.34117
      6.55000    299.00816    162.35954    137.98195
      6.56000    443.73882    295.01597    156.26922
      6.57000    462.30719    336.00273    144.81599
      6.58000    366.35347    281.08078    109.23527
      6.59000    324.03357    256.27158     93.43557
      6.60000    380.61302    315.29116     98.73241
      6.61000    467.41149    380.91056    126.41914
      6.62000    551.06454    411.05107    176.53749
      6.63000    610.46472    439.49512    199.37820
      6.64000    537.67800    419.17744    142.96135
      6.65000    376.22520    335.12784     63.75175
      6.66000    380.18521    348.04528     56.15650
      6.67000    381.64346    330.22446     73.19816
      6.68000    261.01669    228.11063     50.74230
      6.69000    190.25859    194.63875     14.89610
      6.70000    156.81711    171.86624      2.74467
      6.71000    179.23487    187.84674      9.47473
      6.72000    277.62913    257.73729     38.46944
      6.73000    365.91178    305.30839     74.64680
      6.74000    337.43478    280.46452     65.28254
      6.75000    222.94696    207.00916     24.36005
      6.76000    182.53267    192.83559      5.58163
      6.77000    218.06830    224.48126     11.60561
      6.78000    224.96895    207.00762     27.97639
      6.79000    169.62609    148.42447     27.18027
      6.80000    184.43549    179.09089     18.76336
      6.81000    264.58875    240.86301     40.87140
      6.82000    240.21197    185.92784     63.47984
      6.83000    168.10680    137.85154     38.44167
      6.84000    186.27163    192.36576      9.70768
      6.85000    201.15294    206.59068      8.01976
      6.86000    198.99586    176.13669     27.27614
      6.87000    214.54333    172.10132     45.11723
      6.88000    210.27412    189.85866     31.12643
      6.89000    232.06395    240.47214     12.12909
      6.90000    208.20956    211.73770     12.07600
      6.91000    136.03003    109.64280     31.33094
      6.92000    148.51588     83.23854     68.41677
      6.93000    204.03981    129.88887     83.89312
      6.94000    222.53370    183.30314     55.37538
      6.95000    240.70528    225.15729     29.97934
      6.96000    261.45485    238.19241     30.39882
      6.97000    204.92549    181.78729     25.83190
      6.98000    137.63976    133.62265     10.59276
      6.99000    158.34450    170.57598      1.80576
      7.00000    131.72974    142.73784      0.72564
      7.01000     76.54448     72.30784      8.09413
      7.02000    158.32201    119.92078     40.01633
      7.03000    281.11533    213.24355     73.73821
      7.04000    239.28384    198.63169     52.13065
      7.05000    168.54946    156.04370     24.13875
      7.06000    210.37536    183.08355     38.95377
      7.07000    259.51153    191.03234     77.05740
      7.08000    297.01459    200.58048    100.06768
      7.09000    280.14748    203.35761     82.71139
      7.10000    180.17585    154.63578     37.05728
      7.11000     86.50815     88.75564      7.46941
      7.12000     73.21773     79.70539      1.70513
      7.13000    133.84710    139.72492      5.00346
      7.14000    150.12392    147.17472     10.39256
      7.15000    134.98240    123.69362     15.88280
      7.16000    153.05787    145.30884     17.12071
      7.17000    120.31447    122.78212      8.56344
      7.18000     72.21822     74.57428      3.21244
      7.19000    111.46904    112.00063      4.68227
      7.20000    148.90272    153.53770      5.01107
      7.21000     99.08866    100.21866      6.72104
      7.22000     85.28108     65.75851     23.87261
      7.23000    150.77833    117.02581     41.38606
      7.24000    173.68038    154.53604     28.64497
      7.25000    147.66188    135.79494     16.39811
      7.26000    134.36220    109.34918     26.44965
      7.27000    144.93358    118.87793     29.49996
      7.28000    157.58895    152.10747     12.97496
      7.29000    135.23464    140.95792      2.12335
      7.30000     70.27983     74.13191      0.12812
      7.31000     44.00611     45.09467      0.00434
      7.32000     82.49133     83.66720      0.06907
      7.33000    114.77400    117.88294      1.17415
      7.34000    139.00227    139.51560      7.34663
      7.35000    163.55089    154.28894     17.01010
      7.36000    168.98828    161.61174     15.39117
      7.37000    152.10055    150.47361      8.11776
      7.38000    103.27531    100.29640      5.23203
      7.39000     47.54549     42.41308      5.81397
      7.40000     69.16283     48.78347     23.10224
      7.41000    151.84958    107.22083     51.47027
      7.42000    154.85461    109.73238     51.47735
      7.43000    143.01048     91.23797     53.94430
      7.44000    168.09560    101.80322     66.56710
      7.45000    143.77301     99.32296     44.52994
      7.46000    167.67393    142.66865     25.99450
      7.47000    183.35078    170.48115     18.22001
      7.48000    132.02996    136.17208      6.50670
      7.49000     69.28175     75.98560      1.12144
      7.50000     49.60286     50.54068      1.68295
      7.51000    105.35609    104.86058      4.11722
      7.52000    141.78949    146.22318      3.80471
      7.53000     89.68539     95.73344      1.33184
      7.54000     38.15217     40.93964      0.78564
      7.55000     80.42347     83.08292      3.95111
      7.56000    173.36048    173.28200     12.43101
      7.57000    198.88481    176.97382     30.76814
      7.58000    190.33034    137.01270     55.66385
      7.59000    157.93078    100.39464     57.96356
      7.60000    132.87509     90.97492     43.84114
      7.61000    146.25632    127.87051     25.25337
      7.62000    168.85999    163.56276     14.42716
      7.63000    150.70248    130.96340     25.97313
      7.64000    160.85099    117.42676     52.35901
      7.65000    186.45862    139.77580     59.48261
      7.66000    187.84954    135.30214     59.86562
      7.67000    168.24925    116.75108     53.04329
      7.68000    110.38933     79.23657     31.29293
      7.69000    132.40643     96.81853     35.99229
      7.70000    176.89972    138.33510     41.49249
      7.71000    153.62279    139.23524     22.28854
      7.72000    129.64630    121.38608     16.75283
      7.73000    183.10471    147.12083     43.62106
      7.74000    229.81869    186.02990     55.90156
      7.75000    148.32087    125.26919     33.59310
      7.76000    108.52315     72.29446     39.70019
      7.77000    155.89416     94.29164     62.02403
      7.78000    129.33305     85.91429     43.45356
      7.79000     88.47266     65.74500     23.06023
      7.80000    114.75505     94.10857     23.18661
      7.81000    153.50294    139.29262     21.39190
      7.82000    168.35390    154.04167     22.45061
      7.83000    149.35127    138.79636     18.25590
      7.84000    169.43164    169.86467     11.61606
      7.85000    139.07351    141.58423      7.72644
      7.86000     76.79778     71.98331      8.10943
      7.87000    101.97373     76.19001     26.17462
      7.88000    138.91142     78.72781     60.20594
      7.89000    137.78397     60.50042     77.42968
      7.90000    169.32122     92.35199     78.45193
      7.91000    207.62526    150.84758     62.33042
      7.92000    154.58347    136.96895     25.48250
      7.93000    102.52900     98.73964     10.07024
      7.94000    186.99176    174.02192     22.61345
      7.95000    259.86668    237.86232     34.15546
      7.96000    186.25754    166.37689     25.91857
      7.97000     91.24064     79.20634     13.14206
      7.98000     29.34275     23.62231      5.79619
      7.99000     25.38096      8.55026     16.87342
      8.00000     77.19786     26.39799     51.43016
      8.01000    144.20895     83.66949     64.11589
      8.02000    198.91340    164.07957     42.31437
      8.03000    210.98721    186.90954     30.17631
      8.04000    228.22256    195.90896     37.03936
      8.05000    248.37682    207.56455     50.66186
      8.06000    188.29941    153.93000     45.47508
      8.07000     86.70704     67.14294     24.24539
      8.08000     70.80811     47.35333     24.18123
      8.09000     86.30243     57.19709     29.15553
      8.10000     93.62500     70.16471     23.66629
      8.11000    180.37020    142.93813     39.20566
      8.12000    278.03268    209.65174     74.02232
      8.13000    268.24058    191.90227     82.93952
      8.14000    179.54156    132.08369     50.30240
      8.15000    157.06206    124.31744     33.27085
      8.16000    291.37413    222.53977     69.58952
      8.17000    524.54786    391.88760    135.22500
      8.18000    632.35059    469.31167    166.35712
      8.19000    580.87518    420.40263    162.05224
      8.20000    577.20929    414.45973    163.02826
      8.21000    561.65449    404.08828    157.63394
      8.22000    584.06066    414.24562    170.26115
      8.23000    728.40594    517.07850    212.79164
      8.24000    753.90983    530.48833    225.19110
      8.25000    557.85110    377.45246    181.18691
      8.26000    237.55309    156.84088     80.90415
      8.27000     52.04256     37.46842     15.56673
      8.28000     40.70110     45.10364      1.23861
      8.29000     85.49794     96.21618      1.16804
      8.30000    116.67760    117.68008      8.21142
      8.31000    172.28824    152.13807     22.77770
      8.32000    188.68282    161.73621     27.22226
      8.33000    137.69393    118.35180     19.35276
      8.34000    101.29243     85.92912     15.36346
      8.35000    105.21320     79.19926     26.01394
      8.36000    109.29811     52.78456     56.51355
      8.37000    107.85778     30.46072     77.39768
      8.38000    121.99023     54.72221     67.30035
      8.39000    182.52467    125.40802     57.74068
      8.40000    215.97683    180.67532     39.73245
      8.41000    180.79095    173.36466     19.00049
      8.42000     98.97053    104.81209      5.28065
      8.43000     27.85977     31.14847      0.64316
      8.44000      3.35528      3.81672      0.04990
      8.45000      1.18027      0.49360      0.71245
      8.46000     15.01740      5.55454      9.51045
      8.47000     85.78622     39.19387     47.21027
      8.48000    198.89437    114.56279     87.31049
      8.49000    196.52130    141.47424     60.33011
      8.50000     85.40307     73.23117     15.62164
      8.51000     16.86263     16.23630      1.55690
      8.52000     12.50859     12.90279      1.02072
      8.53000     62.50351     59.66736      9.25255
      8.54000    142.21748    120.14720     33.34897
      8.55000    150.96362    108.08999     50.16973
      8.56000    119.44479     74.91094     46.27201
      8.57000    121.53067     78.70733     43.02469
      8.58000    191.55417    131.09736     60.94570
      8.59000    286.41518    194.36785     93.79375
      8.60000    224.55045    153.14385     73.72472
      8.61000     91.07504     63.49637     28.71066
      8.62000     64.53300     41.46981     23.26654
      8.63000     80.06317     49.68366     30.39417
      8.64000     44.09575     27.48544     16.66434
      8.65000     17.08584     13.50193      4.44859
      8.66000     56.08463     51.47914      9.72745
      8.67000    142.72424    122.86637     31.01977
      8.68000    156.47795    119.75945     45.68361
      8.69000    141.14455     81.40308     62.65869
      8.70000    192.26284    103.45477     90.73545
      8.71000    185.89557    122.00148     67.46428
      8.72000     93.60030     75.68419     20.75533
      8.73000     25.76924     22.46226      4.14019
      8.74000     30.20145     18.62348     11.66793
      8.75000     72.38956     42.63398     29.75915
      8.76000     69.67312     40.56192     29.11125
      8.77000     37.53521     17.20767     20.32824
      8.78000     58.11860     15.12259     43.03124
      8.79000     91.87661     30.93167     61.59771
      8.80000    122.21452     88.06483     38.59965
      8.81000    208.71691    191.19247     28.68421
      8.82000    205.84936    181.95111     34.19406
      8.83000     97.03495     76.04635     24.48299
      8.84000     63.41778     36.13784     27.71624
      8.85000     80.99074     41.80698     39.20380
      8.86000     52.20443     26.78092     25.42385
      8.87000     46.34375     22.79505     23.54870
      8.88000    125.33462     58.92192     66.41270
      8.89000    176.69008     81.89661     94.79347
      8.90000    139.19382     68.15160     71.04222
      8.91000     88.30021     47.15914     41.14155
      8.92000     53.59371     32.23297     21.38626
      8.93000     88.71403     61.37141     27.85284
      8.94000    156.65160    120.95434     39.45150
      8.95000    190.65808    164.15732     36.66283
      8.96000    178.47047    136.98596     51.60377
      8.97000    180.44117     80.58059    103.56756
      8.98000    173.13999     49.82171    123.81786
      8.99000    176.39284     57.36911    119.04850
      9.00000    211.71326     78.42683    133.28688
      9.01000    189.84976     64.63918    125.21059
      9.02000    138.54320     38.58765     99.95555
      9.03000    107.80335     26.55170     81.25165
      9.04000    114.70863     26.37551     88.33312
      9.05000    159.37440     35.62680    123.74774
      9.06000    224.80701     62.47331    162.34301
      9.07000    226.96459     85.86834    141.31751
      9.08000    187.90884    107.75918     82.08366
      9.09000    207.35175    145.26868     68.30219
      9.10000    201.33423    131.28646     77.40486
      9.11000    207.80788     82.90490    128.10475
      9.12000    351.71029     82.49395    269.72894
      9.13000    454.96827     89.40973    365.58873
      9.14000    518.46319    114.15987    404.30398
      9.15000    500.34218    133.88753    366.45465
      9.16000    391.67075    115.70547    275.96528
      9.17000    461.14622    142.34596    318.80026
      9.18000    528.60536    171.37904    357.22632
      9.19000    488.71518    149.26835    339.44683
      9.20000    464.93479    140.60443    324.33036
      9.21000    466.60523    163.28819    303.31704
      9.22000    490.32024    194.45929    295.86094
      9.23000    450.36287    203.19301    247.16986
      9.24000    440.01045    185.08334    254.92711
      9.25000    512.78113    156.26568    356.51546
      9.26000    388.96788     95.07504    293.89284
      9.27000    152.52466     38.94841    113.57625
      9.28000     95.93643     37.76608     58.17035
      9.29000    156.55356     59.14449     97.40907
      9.30000    253.01446     93.89287    159.12159
      9.31000    295.20035    124.02105    171.17931
      9.32000    243.16405    105.40115    137.76289
      9.33000    166.22312     55.13236    111.09076
      9.34000    115.65471     17.90858     97.74612
      9.35000     90.26285     15.70469     74.55816
      9.36000    137.97569     44.51655     93.45913
      9.37000    233.57078     86.28283    147.28795
      9.38000    297.32870    120.21517    177.11353
      9.39000    382.92888    151.09590    231.83298
      9.40000    428.66693    176.46565    252.20128
      9.41000    312.15869    149.10674    163.05195
      9.42000    183.95270    102.96271     80.99000
      9.43000    128.40379     64.40680     63.99700
      9.44000     94.81560     42.24090     52.57470
      9.45000     90.39680     43.25869     47.13812
      9.46000     71.84481     34.51392     37.33089
      9.47000     67.84225     26.38659     41.45566
      9.48000    135.86697     47.95132     87.91565
      9.49000    143.38318     51.32502     92.05816
      9.50000     63.67672     24.70798     38.96874
      9.51000     49.20897     31.48142     17.72755
      9.52000    141.17515    104.04405     37.13110
      9.53000    223.41577    172.83070     50.58507
      9.54000    182.17582    138.66109     43.51473
      9.55000    164.69857     97.84576     66.85282
      9.56000    225.33842    104.44060    120.89782
      9.57000    218.59402     80.59160    138.00241
      9.58000    190.49507     48.14093    142.35414
      9.59000    238.02490     57.72152    180.30338
      9.60000    244.26498     70.13813    174.12685
      9.61000    158.96438     47.19274    111.77165
      9.62000    152.61777     38.88334    113.73443
      9.63000    182.21918     49.96234    132.25684
      9.64000    216.49664     69.71504    146.78160
      9.65000    260.17450     96.64209    163.53241
      9.66000    222.99944     92.51927    130.48016
      9.67000    192.26793     85.84704    106.42088
      9.68000    270.06966    110.96460    159.10506
      9.69000    452.75566    149.07751    303.67815
      9.70000    526.46529    138.51528    387.95000
      9.71000    490.57179    100.13332    390.43847
      9.72000    542.73875    104.85827    437.88048
      9.73000    655.53587    144.29913    511.23674
      9.74000    647.82978    158.14860    489.68118
      9.75000    474.87481    115.00992    359.86489
      9.76000    315.69293     64.87873    250.81420
      9.77000    302.47825     62.26131    240.21694
      9.78000    379.01074     99.75482    279.25592
      9.79000    413.60894    109.55303    304.05591
      9.80000    329.72594     73.08385    256.64209
      9.81000    206.42861     43.41069    163.01792
      9.82000    253.43643     57.00196    196.43447
      9.83000    287.63261     60.79894    226.83367
      9.84000    165.34217     37.05656    128.28561
      9.85000     97.39147     47.38722     50.00425
      9.86000    150.98858     75.76872     75.21986
      9.87000    202.23762     65.14485    137.09276
      9.88000    180.06845     50.03638    130.03208
      9.89000    210.02867     81.73126    128.29741
      9.90000    322.61174    125.45274    197.15900
      9.91000    350.96258    123.57120    227.39138
      9.92000    266.19706     94.25396    171.94311
      9.93000    248.93211     71.27161    177.66050
      9.94000    343.20420     65.63755    277.56665
      9.95000    335.38950     55.44295    279.94655
      9.96000    271.65494     65.94531    205.70962
      9.97000    347.68841    117.58306    230.10535
      9.98000    396.25626    146.54809    249.70817
      9.99000    258.34888     98.80001    159.54886
     10.00000    187.52404     61.75167    125.77237
     10.01000    314.23928     95.21657    219.02271
     10.02000    404.82020    137.73388    267.08632
     10.03000    409.35582    165.05853    244.29730
     10.04000    325.46455    139.01277    186.45178
     10.05000    201.31000     83.38540    117.92460
     10.06000    203.92535     83.15971    120.76565
     10.07000    315.23000    139.01641    176.21359
     10.08000    387.49487    174.74224    212.75263
     10.09000    374.80694    158.01656    216.79038
     10.10000    247.05551     98.33952    148.71599
     10.11000    136.42060     50.75610     85.66450
     10.12000    196.90366     72.14960    124.75406
     10.13000    262.09121    104.73226    157.35895
     10.14000    195.74220     87.26612    108.47607
     10.15000    127.61573     53.15358     74.46215
     10.16000    241.50367     82.54085    158.96282
     10.17000    427.73349    151.16130    276.57219
     10.18000    364.58234    132.62649    231.95585
     10.19000    212.41756     78.64364    133.77393
     10.20000    216.97484     89.21625    127.75858
     10.21000    278.20369    133.30614    144.89754
     10.22000    358.58735    175.49387    183.09348
     10.23000    331.82323    155.33394    176.48929
     10.24000    248.11439    114.04595    134.06845
     10.25000    298.83902    132.89600    165.94301
     10.26000    354.73681    142.59108    212.14573
     10.27000    313.78188    109.30047    204.48141
     10.28000    253.47197     82.74665    170.72532
     10.29000    234.58033     80.54022    154.04011
     10.30000    207.50137     77.83857    129.66280
     10.31000    160.22388     65.55770     94.66618
     10.32000    133.42751     48.47326     84.95425
     10.33000    170.17098     53.20748    116.96350
     10.34000    190.37532     71.08741    119.28791
     10.35000    228.80883    104.68426    124.12457
     10.36000    217.06312     98.64299    118.42013
     10.37000    118.84952     58.52815     60.32137
     10.38000     97.65424     68.22802     29.42622
     10.39000    150.38075    101.70256     48.67820
     10.40000    224.41294    127.65434     96.75861
     10.41000    260.58945    122.90583    137.68363
     10.42000    189.72669     76.17069    113.55599
     10.43000    101.53366     49.28131     52.25235
     10.44000     87.85819     60.04918     27.80901
     10.45000     70.54951     49.48574     21.06377
     10.46000     72.61511     39.39884     33.21627
     10.47000    143.01996     61.11618     81.90378
     10.48000    180.37267     65.49974    114.87293
     10.49000    214.63945     71.05932    143.58013
     10.50000    265.79713     81.21362    184.58351
