Energy-E_F (eV)    DOS (1/eV)    PDOS (1/eV)  of atom type H  C  
     -6.56448    240.63171     43.60609    197.02562
     -6.55448    288.61305     49.54419    239.06886
     -6.54448    328.11362     53.82972    274.28390
     -6.53448    272.45385     41.06816    231.38568
     -6.52448    227.10070     28.86857    198.23212
     -6.51448    160.82235     17.10260    143.71975
     -6.50448     56.96664      5.19771     51.76892
     -6.49448     12.13950      1.49721     10.64229
     -6.48448     37.52693      7.92298     29.60395
     -6.47448    124.17353     26.43143     97.74210
     -6.46448    153.00165     32.57099    120.43066
     -6.45448     71.42941     15.02875     56.40066
     -6.44448     35.00311      5.22332     29.77980
     -6.43448    110.01769     11.57740     98.44029
     -6.42448    243.06201     21.46676    221.59524
     -6.41448    350.30018     25.30701    324.99318
     -6.40448    439.17430     27.53365    411.64065
     -6.39448    379.86482     20.32887    359.53595
     -6.38448    228.37560      8.25635    220.11925
     -6.37448    145.58738      3.36574    142.22164
     -6.36448    114.17393      3.07032    111.10361
     -6.35448    143.66424      6.64870    137.01554
     -6.34448    177.83753     11.34215    166.49538
     -6.33448    200.00686     16.30784    183.69902
     -6.32448    269.23575     28.27327    240.96248
     -6.31448    331.01271     37.58426    293.42846
     -6.30448    284.32127     29.90382    254.41744
     -6.29448    135.20611     11.70286    123.50325
     -6.28448     60.89061      2.79979     58.09082
     -6.27448     99.61265      3.82224     95.79040
     -6.26448    132.68551      7.85685    124.82865
     -6.25448    102.52414      7.81363     94.71051
     -6.24448     80.20386      5.17341     75.03045
     -6.23448    125.69535     10.27446    115.42089
     -6.22448    168.09589     19.08869    149.00720
     -6.21448    158.19196     15.41122    142.78074
     -6.20448    134.64059      7.87346    126.76713
     -6.19448    193.23476     12.33848    180.89628
     -6.18448    225.63174     17.89182    207.73992
     -6.17448    116.85903     10.53627    106.32277
     -6.16448     35.39354      3.14965     32.24388
     -6.15448     69.14649      5.91980     63.22669
     -6.14448    148.79492     15.16652    133.62840
     -6.13448    126.80420     15.02351    111.78069
     -6.12448     55.60663      6.04080     49.56583
     -6.11448     88.86136      4.08836     84.77300
     -6.10448    195.98230      8.67700    187.30530
     -6.09448    219.21980     12.72600    206.49381
     -6.08448    178.15761     19.97322    158.18439
     -6.07448    160.70979     24.73774    135.97206
     -6.06448    108.45898     15.60975     92.84923
     -6.05448     51.02506      4.89236     46.13270
     -6.04448     67.40982      2.06257     65.34725
     -6.03448    107.61949      3.87248    103.74701
     -6.02448    121.93426      8.20299    113.73127
     -6.01448    128.50331     14.46644    114.03686
     -6.00448    138.25568     17.60475    120.65093
     -5.99448    157.04437     13.56654    143.47783
     -5.98448    204.32851     18.63589    185.69262
     -5.97448    252.66326     34.27972    218.38354
     -5.96448    227.04458     35.09151    191.95307
     -5.95448    181.84253     24.21222    157.63031
     -5.94448    173.05924     22.18451    150.87473
     -5.93448    154.15657     24.00149    130.15508
     -5.92448    113.32737     14.51888     98.80848
     -5.91448     93.78869      4.73939     89.04930
     -5.90448     53.04435      1.31633     51.72802
     -5.89448     19.99229      0.42329     19.56900
     -5.88448     46.65791      1.83938     44.81853
     -5.87448    127.49585     11.54461    115.95124
     -5.86448    238.85193     36.00223    202.84970
     -5.85448    335.59337     52.27959    283.31378
     -5.84448    291.79603     38.87336    252.92267
     -5.83448    126.98427     15.18650    111.79777
     -5.82448     24.29369      2.87808     21.41561
     -5.81448     10.59124      1.93710      8.65414
     -5.80448     44.39765      8.58259     35.81506
     -5.79448     88.34290     15.74794     72.59497
     -5.78448     97.51841     11.33489     86.18352
     -5.77448    101.70916      4.82808     96.88108
     -5.76448    114.71850      5.50011    109.21840
     -5.75448    160.54635     10.05779    150.48856
     -5.74448    133.78921      8.44702    125.34219
     -5.73448     46.52640      3.19219     43.33421
     -5.72448     29.89447      5.03012     24.86435
     -5.71448     96.94095     16.16534     80.77561
     -5.70448    175.15900     25.46676    149.69224
     -5.69448    172.45239     26.92891    145.52348
     -5.68448    107.52473     20.37293     87.15180
     -5.67448     86.57026     13.91954     72.65072
     -5.66448    161.42233     23.53688    137.88545
     -5.65448    250.66429     41.47232    209.19197
     -5.64448    320.70111     52.73715    267.96396
     -5.63448    314.77781     41.39668    273.38113
     -5.62448    222.45693     18.15399    204.30294
     -5.61448    167.49217      9.02809    158.46407
     -5.60448    166.14141     15.36593    150.77548
     -5.59448    163.21233     23.18055    140.03178
     -5.58448    136.14314     23.70755    112.43559
     -5.57448    110.99998     24.35452     86.64545
     -5.56448     93.98218     22.19626     71.78592
     -5.55448     99.95670     17.00729     82.94941
     -5.54448    164.63614     23.32156    141.31458
     -5.53448    182.21177     26.65002    155.56175
     -5.52448    181.70338     27.31922    154.38416
     -5.51448    179.75899     31.53267    148.22633
     -5.50448    168.69901     38.83786    129.86115
     -5.49448    151.83638     39.17083    112.66555
     -5.48448     83.10754     20.70860     62.39894
     -5.47448     54.42762      6.47432     47.95331
     -5.46448    116.43802      8.49453    107.94349
     -5.45448    160.95005     15.52638    145.42367
     -5.44448    136.22508     15.90716    120.31792
     -5.43448    110.08024     13.51099     96.56925
     -5.42448    101.69642     13.67533     88.02109
     -5.41448    121.79761     14.41342    107.38419
     -5.40448    123.15223      8.61125    114.54098
     -5.39448    100.24763      4.37969     95.86795
     -5.38448    131.11310      7.77459    123.33850
     -5.37448    159.73106     10.52081    149.21025
     -5.36448     82.36572      5.58508     76.78064
     -5.35448     23.20027      2.45503     20.74525
     -5.34448     50.26714      8.68738     41.57976
     -5.33448    128.77765     20.90931    107.86835
     -5.32448    139.55053     20.59212    118.95841
     -5.31448     66.78984      8.55071     58.23913
     -5.30448     48.90911      3.25644     45.65268
     -5.29448    149.72545     10.81762    138.90783
     -5.28448    302.93259     28.96005    273.97254
     -5.27448    318.75373     34.16018    284.59355
     -5.26448    156.82994     16.84861    139.98133
     -5.25448     59.27157      6.67994     52.59163
     -5.24448    128.09840     15.67805    112.42035
     -5.23448    252.41142     30.66171    221.74971
     -5.22448    304.60602     36.56506    268.04096
     -5.21448    326.12615     36.86968    289.25647
     -5.20448    321.05433     31.20450    289.84984
     -5.19448    225.28018     19.61753    205.66265
     -5.18448    130.62203     12.24569    118.37635
     -5.17448     67.31877      6.74545     60.57332
     -5.16448     47.37519      3.60314     43.77205
     -5.15448    161.47145     11.73579    149.73565
     -5.14448    380.48517     32.32747    348.15770
     -5.13448    479.07941     45.25098    433.82844
     -5.12448    388.33056     36.83516    351.49540
     -5.11448    301.69059     27.41939    274.27120
     -5.10448    191.40198     18.37282    173.02916
     -5.09448     58.39269      6.16698     52.22571
     -5.08448      7.18572      0.83170      6.35402
     -5.07448      0.34461      0.04305      0.30156
     -5.06448      0.01775      0.00107      0.01668
     -5.05448      0.51496      0.01039      0.50458
     -5.04448      8.83805      0.18262      8.65543
     -5.03448     58.78033      1.37025     57.41008
     -5.02448    159.08663      5.25347    153.83316
     -5.01448    195.93358     11.44030    184.49328
     -5.00448    126.79793     12.27579    114.52215
     -4.99448     43.04958      5.44623     37.60334
     -4.98448      6.57839      0.92223      5.65616
     -4.97448      0.43558      0.05882      0.37676
     -4.96448      1.10120      0.02419      1.07701
     -4.95448     12.40078      0.25949     12.14130
     -4.94448     51.86602      1.09362     50.77240
     -4.93448     81.43190      1.93096     79.50094
     -4.92448     62.70798      3.46614     59.24184
     -4.91448     75.75073      9.06392     66.68681
     -4.90448    113.54572     11.83169    101.71404
     -4.89448    113.33013      6.56281    106.76733
     -4.88448     67.70891      1.93593     65.77298
     -4.87448     22.70699      0.52071     22.18628
     -4.86448     38.48686      1.70644     36.78042
     -4.85448    118.33619      6.59070    111.74549
     -4.84448    150.18111     10.02324    140.15787
     -4.83448     77.51555      6.16897     71.34658
     -4.82448     36.59045      4.41600     32.17444
     -4.81448     67.55409      9.63299     57.92110
     -4.80448     74.22001     10.59495     63.62506
     -4.79448     37.74848      4.47146     33.27702
     -4.78448     58.81067      1.69639     57.11428
     -4.77448    143.11060      2.77664    140.33396
     -4.76448    138.53735      2.64526    135.89209
     -4.75448     49.54642      0.94258     48.60384
     -4.74448      8.59221      0.22398      8.36823
     -4.73448     31.38978      1.56264     29.82714
     -4.72448    179.50045      9.08216    170.41829
     -4.71448    419.78753     20.49656    399.29097
     -4.70448    447.58714     19.20263    428.38451
     -4.69448    292.61725      9.67764    282.93961
     -4.68448    161.62929      4.41339    157.21590
     -4.67448     86.77556      2.33368     84.44188
     -4.66448    150.21668      4.50282    145.71386
     -4.65448    280.52108     10.30757    270.21351
     -4.64448    243.80284     11.59182    232.21103
     -4.63448    124.17107      8.24654    115.92453
     -4.62448    136.44778     11.19701    125.25077
     -4.61448    185.34437     13.89807    171.44629
     -4.60448    148.92131      8.12734    140.79398
     -4.59448     82.48573      2.84663     79.63910
     -4.58448     32.76470      0.89467     31.87003
     -4.57448     45.30480      1.24310     44.06170
     -4.56448     79.32507      2.18947     77.13560
     -4.55448     55.77554      1.62935     54.14618
     -4.54448     30.94981      1.98230     28.96752
     -4.53448     87.89618      7.53782     80.35836
     -4.52448    175.07568     13.39574    161.67995
     -4.51448    194.34151     11.30023    183.04127
     -4.50448    219.88316     10.13100    209.75216
     -4.49448    200.78535      9.66737    191.11798
     -4.48448     88.20774      4.48053     83.72720
     -4.47448     16.60138      0.84011     15.76127
     -4.46448     13.16585      0.47162     12.69423
     -4.45448     59.68094      2.74562     56.93532
     -4.44448    126.68452      8.67267    118.01185
     -4.43448    127.23978     12.37130    114.86849
     -4.42448     64.08744      7.30017     56.78726
     -4.41448     39.91291      2.21531     37.69760
     -4.40448     73.17620      1.69712     71.47908
     -4.39448     74.86902      1.65480     73.21423
     -4.38448     71.26720      1.91176     69.35544
     -4.37448    157.45580      5.49801    151.95779
     -4.36448    232.75854     11.30847    221.45006
     -4.35448    195.49507     15.15714    180.33793
     -4.34448    115.23681     12.99991    102.23690
     -4.33448     43.11464      5.51439     37.60025
     -4.32448     20.91404      1.30455     19.60949
     -4.31448     55.42088      1.49904     53.92185
     -4.30448     79.79877      2.08287     77.71590
     -4.29448     52.23863      1.31603     50.92260
     -4.28448     68.52499      2.04445     66.48055
     -4.27448    161.33109      7.45519    153.87591
     -4.26448    209.58340     13.36729    196.21611
     -4.25448    133.29198     10.03039    123.26159
     -4.24448     89.19268      5.69215     83.50053
     -4.23448    181.25114      8.02868    173.22246
     -4.22448    268.39519      8.82664    259.56856
     -4.21448    204.34188      5.22389    199.11798
     -4.20448     76.14008      2.24849     73.89158
     -4.19448     42.00451      4.59617     37.40834
     -4.18448     75.45709     10.33655     65.12054
     -4.17448     65.28270      8.95229     56.33040
     -4.16448     27.56010      3.01156     24.54854
     -4.15448     47.47624      1.36609     46.11015
     -4.14448    127.52178      2.82622    124.69557
     -4.13448    190.08393      4.46086    185.62307
     -4.12448    205.17069      7.27584    197.89486
     -4.11448    193.72889     12.48730    181.24159
     -4.10448    146.03921     14.53303    131.50618
     -4.09448     68.52451      8.39638     60.12814
     -4.08448     15.23964      2.01730     13.22234
     -4.07448      1.38056      0.18680      1.19376
     -4.06448      0.50205      0.03215      0.46990
     -4.05448      8.34462      0.51998      7.82464
     -4.04448     56.89678      3.89214     53.00464
     -4.03448    145.18069     10.83246    134.34823
     -4.02448    147.89910     11.74628    136.15282
     -4.01448     98.57969      7.24808     91.33161
     -4.00448     85.91059      5.40672     80.50387
     -3.99448     46.37278      2.82980     43.54298
     -3.98448     13.54019      1.02385     12.51634
     -3.97448     36.22739      3.54828     32.67912
     -3.96448    136.41681     10.74122    125.67559
     -3.95448    222.42295     12.89648    209.52647
     -3.94448    156.82009      6.40176    150.41833
     -3.93448     70.74526      1.86296     68.88230
     -3.92448     91.52547      2.22054     89.30493
     -3.91448    155.98322      5.85824    150.12498
     -3.90448    226.92970     12.45977    214.46993
     -3.89448    244.93277     15.93933    228.99344
     -3.88448    170.67271     10.19534    160.47737
     -3.87448     69.42325      3.04661     66.37664
     -3.86448     14.02524      0.48483     13.54040
     -3.85448      8.05970      0.94248      7.11722
     -3.84448     43.66684      5.28690     38.37994
     -3.83448    122.10955     11.94322    110.16633
     -3.82448    191.73359     12.48881    179.24478
     -3.81448    215.74380      8.95607    206.78773
     -3.80448    211.51756      6.13842    205.37913
     -3.79448    164.11654      5.33250    158.78404
     -3.78448    108.41791      8.77740     99.64051
     -3.77448     86.17147     10.93670     75.23477
     -3.76448     41.54015      5.59313     35.94702
     -3.75448     17.13657      1.60933     15.52724
     -3.74448     61.73178      4.01668     57.71509
     -3.73448    183.48765     12.21650    171.27115
     -3.72448    275.37664     16.67389    258.70275
     -3.71448    199.41551      9.85130    189.56421
     -3.70448     70.27895      3.04121     67.23774
     -3.69448     63.06131      4.53174     58.52957
     -3.68448    148.72806     11.36006    137.36801
     -3.67448    169.74753     12.16208    157.58544
     -3.66448    129.84639      7.85570    121.99069
     -3.65448    119.91777      7.84858    112.06920
     -3.64448    157.85979     12.33468    145.52511
     -3.63448    148.59402     11.32213    137.27189
     -3.62448     85.11169      6.21462     78.89707
     -3.61448    134.74475      9.95368    124.79107
     -3.60448    224.36426     15.57951    208.78476
     -3.59448    180.09183     12.47883    167.61300
     -3.58448    113.04796     11.23313    101.81484
     -3.57448    103.69290     12.44460     91.24831
     -3.56448    140.09085     12.65185    127.43900
     -3.55448    243.67138     16.76172    226.90965
     -3.54448    298.01894     18.68302    279.33593
     -3.53448    241.65066     16.71378    224.93688
     -3.52448    151.16327      9.81912    141.34416
     -3.51448    117.14984      4.51607    112.63377
     -3.50448    107.93930      3.69569    104.24360
     -3.49448     83.73445      3.19840     80.53606
     -3.48448     38.00409      1.49314     36.51094
     -3.47448     40.37187      1.50655     38.86532
     -3.46448    100.87642      3.51633     97.36008
     -3.45448    142.19615      4.46888    137.72727
     -3.44448    141.52385      4.18022    137.34363
     -3.43448    174.12095      4.95126    169.16969
     -3.42448    227.90335      5.80393    222.09942
     -3.41448    212.22239      5.53869    206.68369
     -3.40448    139.39457      4.10212    135.29246
     -3.39448     99.10717      2.78205     96.32512
     -3.38448     81.37487      2.07275     79.30212
     -3.37448     34.88572      0.86971     34.01601
     -3.36448      8.45713      0.21642      8.24071
     -3.35448     22.55672      0.61167     21.94505
     -3.34448     66.67793      1.81048     64.86744
     -3.33448     73.64156      1.99953     71.64203
     -3.32448     30.20566      0.81756     29.38810
     -3.31448      9.47834      0.21166      9.26668
     -3.30448     32.95981      0.59648     32.36332
     -3.29448     85.57795      1.54525     84.03271
     -3.28448    112.92025      2.04822    110.87203
     -3.27448    100.42245      1.83167     98.59077
     -3.26448     51.10506      0.93436     50.17070
     -3.25448     11.03421      0.20185     10.83236
     -3.24448      0.90432      0.01654      0.88777
     -3.23448      0.02742      0.00050      0.02692
     -3.22448      0.00031      0.00001      0.00030
     -3.21448      0.00000      0.00000      0.00000
     -3.20448      0.00081      0.00001      0.00079
     -3.19448      0.05925      0.00107      0.05818
     -3.18448      1.60018      0.02891      1.57127
     -3.17448     15.89935      0.28723     15.61212
     -3.16448     58.11647      1.04991     57.06656
     -3.15448     78.18580      1.41235     76.77345
     -3.14448     39.80655      0.71548     39.09106
     -3.13448     19.84943      0.31789     19.53154
     -3.12448     53.08868      0.79193     52.29675
     -3.11448     79.49519      1.18363     78.31155
     -3.10448     44.17013      0.65765     43.51249
     -3.09448      9.02995      0.13445      8.89551
     -3.08448      0.67912      0.01011      0.66901
     -3.07448      0.01879      0.00028      0.01851
     -3.06448      0.00334      0.00006      0.00328
     -3.05448      0.18044      0.00328      0.17716
     -3.04448      3.58985      0.06523      3.52461
     -3.03448     26.27451      0.47745     25.79706
     -3.02448     70.74712      1.28557     69.46155
     -3.01448     70.17900      1.27493     68.90407
     -3.00448     27.93558      0.50019     27.43539
     -2.99448     23.97046      0.37191     23.59855
     -2.98448     64.88034      0.97845     63.90189
     -2.97448     74.97756      1.13013     73.84743
     -2.96448     31.95590      0.48166     31.47423
     -2.95448      5.01065      0.07552      4.93512
     -2.94448      0.28903      0.00436      0.28467
     -2.93448      0.00613      0.00009      0.00604
     -2.92448      0.00733      0.00013      0.00719
     -2.91448      0.33134      0.00610      0.32524
     -2.90448      5.51335      0.10150      5.41186
     -2.89448     33.74969      0.62130     33.12839
     -2.88448     76.00383      1.39915     74.60468
     -2.87448     63.03811      1.16016     61.87795
     -2.86448     21.08378      0.38008     20.70369
     -2.85448     20.31549      0.29728     20.01820
     -2.84448     68.58024      0.98012     67.60012
     -2.83448    117.74349      1.71519    116.02830
     -2.82448    114.88975      1.72089    113.16886
     -2.81448     65.57521      0.99697     64.57824
     -2.80448     39.91420      0.59222     39.32198
     -2.79448     70.81249      1.03073     69.78176
     -2.78448     71.48114      1.03947     70.44167
     -2.77448     28.01965      0.41174     27.60792
     -2.76448     15.38164      0.27470     15.10694
     -2.75448     50.56162      0.95601     49.60561
     -2.74448     84.17161      1.58062     82.59099
     -2.73448     84.37803      1.47963     82.89840
     -2.72448    132.26269      2.10173    130.16096
     -2.71448    151.60776      2.34743    149.26033
     -2.70448     70.98363      1.08567     69.89795
     -2.69448     12.71056      0.19243     12.51813
     -2.68448      1.01986      0.01765      1.00221
     -2.67448      3.86376      0.11546      3.74831
     -2.66448     35.11004      1.05183     34.05821
     -2.65448    120.06850      3.59486    116.47364
     -2.64448    156.02934      4.64167    151.38767
     -2.63448    103.44891      2.74113    100.70778
     -2.62448    148.22287      2.77691    145.44596
     -2.61448    252.03518      4.56627    247.46891
     -2.60448    318.51181      7.65088    310.86093
     -2.59448    607.28743     18.29632    588.99111
     -2.58448    805.60306     24.95191    780.65115
     -2.57448    505.29438     15.60446    489.68992
     -2.56448    198.28469      6.05539    192.22930
     -2.55448    101.32987      3.05932     98.27055
     -2.54448     71.08470      2.10640     68.97829
     -2.53448    114.75922      3.22267    111.53655
     -2.52448    194.21997      5.15524    189.06473
     -2.51448    232.17653      5.73089    226.44564
     -2.50448    232.45022      5.17367    227.27655
     -2.49448    217.46328      4.54907    212.91421
     -2.48448    138.23668      2.87182    135.36486
     -2.47448     39.76358      0.82423     38.93935
     -2.46448      4.42970      0.09131      4.33839
     -2.45448      0.18359      0.00376      0.17983
     -2.44448      0.00320      0.00006      0.00313
     -2.43448      0.03262      0.00053      0.03209
     -2.42448      1.02786      0.01672      1.01114
     -2.41448     11.91419      0.19377     11.72042
     -2.40448     50.83515      0.82670     50.00845
     -2.39448     80.75973      1.31079     79.44894
     -2.38448     58.64580      0.92479     57.72101
     -2.37448     71.14626      1.07558     70.07068
     -2.36448    158.13790      2.76490    155.37300
     -2.35448    279.44462      5.63271    273.81191
     -2.34448    313.16387      6.62497    306.53890
     -2.33448    249.68757      5.27039    244.41718
     -2.32448    234.16391      4.84508    229.31883
     -2.31448    226.01836      4.61428    221.40407
     -2.30448    247.74177      4.94754    242.79424
     -2.29448    308.09430      5.96163    302.13267
     -2.28448    352.04525      6.63099    345.41426
     -2.27448    378.35555      7.13587    371.21969
     -2.26448    360.21868      6.83262    353.38606
     -2.25448    267.12463      4.94689    262.17774
     -2.24448    198.65978      3.42467    195.23511
     -2.23448    117.30305      1.90585    115.39720
     -2.22448     31.93192      0.49910     31.43282
     -2.21448      3.40614      0.05163      3.35451
     -2.20448      0.23494      0.00346      0.23148
     -2.19448      2.29568      0.03373      2.26195
     -2.18448     19.97520      0.29354     19.68166
     -2.17448     63.99184      0.94038     63.05146
     -2.16448     75.41886      1.10830     74.31056
     -2.15448     32.85706      0.48269     32.37437
     -2.14448      8.51011      0.12188      8.38823
     -2.13448     25.26128      0.34715     24.91413
     -2.12448     69.55852      0.95507     68.60345
     -2.11448     72.05164      0.98814     71.06349
     -2.10448     36.84151      0.49088     36.35063
     -2.09448     50.23328      0.61990     49.61338
     -2.08448     80.69521      0.98839     79.70681
     -2.07448     60.21116      0.75340     59.45776
     -2.06448     57.99949      0.78933     57.21016
     -2.05448     80.71242      1.12481     79.58761
     -2.04448     50.50033      0.70480     49.79554
     -2.03448     11.93558      0.16645     11.76913
     -2.02448      4.61961      0.06174      4.55787
     -2.01448     26.40587      0.34858     26.05729
     -2.00448     70.83387      0.93499     69.89887
     -1.99448     69.98542      0.92379     69.06163
     -1.98448     25.47566      0.33629     25.13937
     -1.97448      4.55423      0.06066      4.49357
     -1.96448     13.02396      0.17795     12.84601
     -1.95448     53.01343      0.72424     52.28919
     -1.94448     84.89615      1.15281     83.74334
     -1.93448     77.53413      1.01217     76.52195
     -1.92448     84.83787      1.05146     83.78640
     -1.91448     64.14875      0.78618     63.36257
     -1.90448     23.28755      0.28295     23.00460
     -1.89448     29.57229      0.34660     29.22569
     -1.88448     71.84593      0.83928     71.00666
     -1.87448     70.74820      0.83086     69.91734
     -1.86448     40.91298      0.52290     40.39008
     -1.85448     62.16700      0.88782     61.27918
     -1.84448     77.99049      1.12436     76.86613
     -1.83448     37.79517      0.54508     37.25010
     -1.82448      6.75037      0.09735      6.65301
     -1.81448      0.44592      0.00643      0.43949
     -1.80448      0.16314      0.00199      0.16114
     -1.79448      3.56092      0.04239      3.51853
     -1.78448     32.79514      0.38510     32.41004
     -1.77448    125.17025      1.47101    123.69924
     -1.76448    210.62239      2.56693    208.05547
     -1.75448    162.46892      2.12885    160.34007
     -1.74448     56.41173      0.79986     55.61187
     -1.73448      8.31350      0.12527      8.18823
     -1.72448      0.49094      0.00769      0.48325
     -1.71448      0.01115      0.00018      0.01097
     -1.70448      0.02376      0.00013      0.02363
     -1.69448      0.83341      0.00498      0.82844
     -1.68448     10.95924      0.07112     10.88812
     -1.67448     56.93581      0.43798     56.49783
     -1.66448    126.25241      1.25493    124.99748
     -1.65448    129.58035      1.66066    127.91969
     -1.64448     62.56005      0.94442     61.61562
     -1.63448     22.99840      0.33371     22.66468
     -1.62448     51.24982      0.61100     50.63882
     -1.61448    104.71936      1.10070    103.61866
     -1.60448    127.61409      1.09557    126.51852
     -1.59448    136.26466      1.46020    134.80446
     -1.58448    157.91485      2.23449    155.68035
     -1.57448    139.14211      1.76623    137.37588
     -1.56448     60.84758      0.60954     60.23804
     -1.55448     11.25542      0.09128     11.16414
     -1.54448      0.82445      0.00581      0.81864
     -1.53448      0.02306      0.00015      0.02291
     -1.52448      0.00266      0.00006      0.00260
     -1.51448      0.15142      0.00367      0.14775
     -1.50448      3.16962      0.07669      3.09293
     -1.49448     24.52895      0.59179     23.93716
     -1.48448     72.34749      1.71040     70.63709
     -1.47448     97.20972      2.04639     95.16332
     -1.46448     97.46611      1.51475     95.95136
     -1.45448     74.72430      0.95357     73.77073
     -1.44448     26.59327      0.32514     26.26813
     -1.43448      3.62065      0.04398      3.57666
     -1.42448      0.18234      0.00221      0.18013
     -1.41448      0.01156      0.00025      0.01132
     -1.40448      0.36068      0.00908      0.35159
     -1.39448      5.84920      0.14731      5.70189
     -1.38448     34.89633      0.87884     34.01749
     -1.37448     76.58941      1.92884     74.66056
     -1.36448     61.83911      1.55737     60.28174
     -1.35448     18.36806      0.46258     17.90547
     -1.34448      2.03256      0.05085      1.98171
     -1.33448      0.93432      0.01215      0.92217
     -1.32448     10.53160      0.12484     10.40676
     -1.31448     47.78844      0.56640     47.22204
     -1.30448     79.79658      0.94598     78.85061
     -1.29448     49.55442      0.59516     48.95926
     -1.28448     18.93962      0.33552     18.60410
     -1.27448     41.99185      1.07730     40.91455
     -1.26448     78.89488      2.04804     76.84683
     -1.25448     55.71264      1.44653     54.26612
     -1.24448     14.47819      0.37591     14.10228
     -1.23448      1.38415      0.03594      1.34821
     -1.22448      0.04868      0.00126      0.04742
     -1.21448      0.00063      0.00002      0.00061
     -1.20448      0.00000      0.00000      0.00000
     -1.19448      0.02769      0.00066      0.02704
     -1.18448      1.03426      0.02361      1.01065
     -1.17448     14.51920      0.31623     14.20297
     -1.16448     76.86790      1.58374     75.28416
     -1.15448    153.84977      2.97615    150.87362
     -1.14448    116.54154      2.10594    114.43560
     -1.13448     33.39647      0.56277     32.83370
     -1.12448      3.61346      0.05690      3.55656
     -1.11448      0.14718      0.00218      0.14500
     -1.10448      0.00225      0.00003      0.00222
     -1.09448      0.00054      0.00001      0.00053
     -1.08448      0.04328      0.00118      0.04210
     -1.07448      1.26861      0.03461      1.23399
     -1.06448     13.67987      0.37325     13.30662
     -1.05448     54.26782      1.48068     52.78715
     -1.04448     79.19992      2.16089     77.03903
     -1.03448     42.68431      1.16194     41.52237
     -1.02448     11.77431      0.26652     11.50779
     -1.01448     25.93643      0.29710     25.63933
     -1.00448     69.89720      0.77428     69.12292
     -0.99448     70.93344      0.78549     70.14795
     -0.98448     26.49010      0.29338     26.19672
     -0.97448      3.76449      0.04380      3.72068
     -0.96448      2.95400      0.07935      2.87465
     -0.95448     22.45526      0.62670     21.82856
     -0.94448     66.94416      1.86849     65.07567
     -0.93448     73.43092      2.04955     71.38138
     -0.92448     29.63131      0.82705     28.80426
     -0.91448      4.39874      0.12277      4.27596
     -0.90448      0.24022      0.00670      0.23352
     -0.89448      0.01705      0.00026      0.01678
     -0.88448      0.49008      0.00519      0.48489
     -0.87448      7.24623      0.07709      7.16914
     -0.86448     39.84730      0.43327     39.41403
     -0.85448     86.72963      1.06981     85.65982
     -0.84448    100.03661      1.82302     98.21359
     -0.83448     94.73983      2.42550     92.31433
     -0.82448     55.83486      1.56618     54.26867
     -0.81448     13.74804      0.39145     13.35659
     -0.80448      1.27102      0.03627      1.23475
     -0.79448      0.04336      0.00124      0.04212
     -0.78448      0.00054      0.00002      0.00053
     -0.77448      0.00510      0.00015      0.00496
     -0.76448      0.25086      0.00733      0.24353
     -0.75448      4.54487      0.13254      4.41233
     -0.74448     30.56953      0.88497     29.68456
     -0.73448     80.14200      2.21920     77.92280
     -0.72448    102.92350      2.30783    100.61567
     -0.71448     99.31511      1.42167     97.89343
     -0.70448     62.94867      0.68569     62.26298
     -0.69448     17.40318      0.17770     17.22548
     -0.68448      1.82527      0.01843      1.80683
     -0.67448      0.07723      0.00091      0.07632
     -0.66448      0.30198      0.00900      0.29297
     -0.65448      5.15488      0.15401      5.00086
     -0.64448     32.48058      0.97044     31.51014
     -0.63448     75.28952      2.24946     73.04006
     -0.62448     64.20744      1.91825     62.28919
     -0.61448     20.39094      0.60414     19.78680
     -0.60448      6.85285      0.11258      6.74027
     -0.59448     30.23706      0.29004     29.94702
     -0.58448     73.79077      0.70295     73.08782
     -0.57448     66.50255      0.63436     65.86819
     -0.56448     23.25700      0.24753     23.00948
     -0.55448     16.13011      0.43646     15.69365
     -0.54448     53.95088      1.64615     52.30473
     -0.53448     79.28421      2.42281     76.86140
     -0.52448     42.95648      1.31271     41.64377
     -0.51448      8.56223      0.26165      8.30058
     -0.50448      0.63511      0.01925      0.61585
     -0.49448      0.34654      0.00348      0.34306
     -0.48448      5.52391      0.05029      5.47361
     -0.47448     34.76053      0.33594     34.42460
     -0.46448     88.40081      1.06917     87.33164
     -0.45448    114.93520      2.18481    112.75039
     -0.44448     98.83387      2.65695     96.17692
     -0.43448     47.06550      1.42119     45.64431
     -0.42448      9.40995      0.29178      9.11817
     -0.41448      0.71309      0.02223      0.69086
     -0.40448      0.02769      0.00082      0.02687
     -0.39448      0.39571      0.00955      0.38616
     -0.38448      7.55944      0.17422      7.38522
     -0.37448     53.65893      1.17454     52.48440
     -0.36448    141.58535      2.93003    138.65532
     -0.35448    138.90340      2.70691    136.19650
     -0.34448     50.66685      0.92691     49.73994
     -0.33448      6.86994      0.11774      6.75220
     -0.32448      0.36031      0.00599      0.35432
     -0.31448      0.59227      0.01751      0.57476
     -0.30448      9.21437      0.25740      8.95697
     -0.29448     56.38923      1.42655     54.96268
     -0.28448    137.15945      3.00220    134.15725
     -0.27448    134.54763      2.44410    132.10353
     -0.26448     53.21508      0.78657     52.42852
     -0.25448      8.61551      0.10409      8.51142
     -0.24448      5.48941      0.05589      5.43352
     -0.23448     37.34858      0.46898     36.87960
     -0.22448    113.44561      1.85356    111.59205
     -0.21448    145.19981      3.05768    142.14213
     -0.20448     79.17795      2.01914     77.15881
     -0.19448     17.92881      0.51459     17.41421
     -0.18448      1.81581      0.05590      1.75991
     -0.17448      3.92578      0.12701      3.79877
     -0.16448     27.47803      0.88931     26.58872
     -0.15448     71.77312      2.32289     69.45023
     -0.14448     68.96961      2.23216     66.73745
     -0.13448     24.41765      0.79024     23.62740
     -0.12448      4.28899      0.13822      4.15077
     -0.11448     12.74654      0.40593     12.34061
     -0.10448     52.18755      1.66165     50.52590
     -0.09448     79.54444      2.53269     77.01175
     -0.08448     44.69539      1.42301     43.27237
     -0.07448     11.41476      0.36135     11.05341
     -0.06448     20.23445      0.62576     19.60869
     -0.05448     63.44289      1.95995     61.48294
     -0.04448     75.75082      2.34015     73.41067
     -0.03448     33.48889      1.03422     32.45467
     -0.02448      9.36199      0.28262      9.07937
     -0.01448     28.27001      0.82706     27.44296
     -0.00448     72.16369      2.10985     70.05383
      0.00552     68.52899      2.00358     66.52541
      0.01552     23.94294      0.70002     23.24293
      0.02552      3.07742      0.08997      2.98744
      0.03552      0.14551      0.00425      0.14126
      0.04552      0.00253      0.00007      0.00246
      0.05552      0.00000      0.00000      0.00000
      0.06552      0.00000      0.00000      0.00000
      0.07552      0.00000      0.00000      0.00000
      0.08552      0.00000      0.00000      0.00000
      0.09552      0.00000      0.00000      0.00000
      0.10552      0.00000      0.00000      0.00000
      0.11552      0.00000      0.00000      0.00000
      0.12552      0.00000      0.00000      0.00000
      0.13552      0.00000      0.00000      0.00000
      0.14552      0.00000      0.00000      0.00000
      0.15552      0.00000      0.00000      0.00000
      0.16552      0.00000      0.00000      0.00000
      0.17552      0.00000      0.00000      0.00000
      0.18552      0.00000      0.00000      0.00000
      0.19552      0.00000      0.00000      0.00000
      0.20552      0.00000      0.00000      0.00000
      0.21552      0.00000      0.00000      0.00000
      0.22552      0.00000      0.00000      0.00000
      0.23552      0.00000      0.00000      0.00000
      0.24552      0.00000      0.00000      0.00000
      0.25552      0.00000      0.00000      0.00000
      0.26552      0.00000      0.00000      0.00000
      0.27552      0.00000      0.00000      0.00000
      0.28552      0.00000      0.00000      0.00000
      0.29552      0.00000      0.00000      0.00000
      0.30552      0.00000      0.00000      0.00000
      0.31552      0.00000      0.00000      0.00000
      0.32552      0.00000      0.00000      0.00000
      0.33552      0.00000      0.00000      0.00000
      0.34552      0.00000      0.00000      0.00000
      0.35552      0.00000      0.00000      0.00000
      0.36552      0.00000      0.00000      0.00000
      0.37552      0.00000      0.00000      0.00000
      0.38552      0.00000      0.00000      0.00000
      0.39552      0.00000      0.00000      0.00000
      0.40552      0.00000      0.00000      0.00000
      0.41552      0.00000      0.00000      0.00000
      0.42552      0.00000      0.00000      0.00000
      0.43552      0.00000      0.00000      0.00000
      0.44552      0.00000      0.00000      0.00000
      0.45552      0.00000      0.00000      0.00000
      0.46552      0.00000      0.00000      0.00000
      0.47552      0.00000      0.00000      0.00000
      0.48552      0.00000      0.00000      0.00000
      0.49552      0.00000      0.00000      0.00000
      0.50552      0.00000      0.00000      0.00000
      0.51552      0.00000      0.00000      0.00000
      0.52552      0.00000      0.00000      0.00000
      0.53552      0.00000      0.00000      0.00000
      0.54552      0.00000      0.00000      0.00000
      0.55552      0.00000      0.00000      0.00000
      0.56552      0.00000      0.00000      0.00000
      0.57552      0.00000      0.00000      0.00000
      0.58552      0.00000      0.00000      0.00000
      0.59552      0.00000      0.00000      0.00000
      0.60552      0.00000      0.00000      0.00000
      0.61552      0.00000      0.00000      0.00000
      0.62552      0.00000      0.00000      0.00000
      0.63552      0.00000      0.00000      0.00000
      0.64552      0.00000      0.00000      0.00000
      0.65552      0.00000      0.00000      0.00000
      0.66552      0.00000      0.00000      0.00000
      0.67552      0.00000      0.00000      0.00000
      0.68552      0.00000      0.00000      0.00000
      0.69552      0.00000      0.00000      0.00000
      0.70552      0.00000      0.00000      0.00000
      0.71552      0.00000      0.00000      0.00000
      0.72552      0.00000      0.00000      0.00000
      0.73552      0.00000      0.00000      0.00000
      0.74552      0.00000      0.00000      0.00000
      0.75552      0.00000      0.00000      0.00000
      0.76552      0.00000      0.00000      0.00000
      0.77552      0.00000      0.00000      0.00000
      0.78552      0.00000      0.00000      0.00000
      0.79552      0.00000      0.00000      0.00000
      0.80552      0.00000      0.00000      0.00000
      0.81552      0.00000      0.00000      0.00000
      0.82552      0.00000      0.00000      0.00000
      0.83552      0.00000      0.00000      0.00000
      0.84552      0.00000      0.00000      0.00000
      0.85552      0.00000      0.00000      0.00000
      0.86552      0.00000      0.00000      0.00000
      0.87552      0.00000      0.00000      0.00000
      0.88552      0.00000      0.00000      0.00000
      0.89552      0.00000      0.00000      0.00000
      0.90552      0.00000      0.00000      0.00000
      0.91552      0.00000      0.00000      0.00000
      0.92552      0.00000      0.00000      0.00000
      0.93552      0.00000      0.00000      0.00000
      0.94552      0.00000      0.00000      0.00000
      0.95552      0.00000      0.00000      0.00000
      0.96552      0.00000      0.00000      0.00000
      0.97552      0.00000      0.00000      0.00000
      0.98552      0.00000      0.00000      0.00000
      0.99552      0.00000      0.00000      0.00000
      1.00552      0.00000      0.00000      0.00000
      1.01552      0.00000      0.00000      0.00000
      1.02552      0.00000      0.00000      0.00000
      1.03552      0.00000      0.00000      0.00000
      1.04552      0.00000      0.00000      0.00000
      1.05552      0.00000      0.00000      0.00000
      1.06552      0.00000      0.00000      0.00000
      1.07552      0.00000      0.00000      0.00000
      1.08552      0.00000      0.00000      0.00000
      1.09552      0.00000      0.00000      0.00000
      1.10552      0.00000      0.00000      0.00000
      1.11552      0.00000      0.00000      0.00000
      1.12552      0.00000      0.00000      0.00000
      1.13552      0.00000      0.00000      0.00000
      1.14552      0.00000      0.00000      0.00000
      1.15552      0.00000      0.00000      0.00000
      1.16552      0.00000      0.00000      0.00000
      1.17552      0.00000      0.00000      0.00000
      1.18552      0.00000      0.00000      0.00000
      1.19552      0.00000      0.00000      0.00000
      1.20552      0.00000      0.00000      0.00000
      1.21552      0.00000      0.00000      0.00000
      1.22552      0.00000      0.00000      0.00000
      1.23552      0.00000      0.00000      0.00000
      1.24552      0.00000      0.00000      0.00000
      1.25552      0.00000      0.00000      0.00000
      1.26552      0.00000      0.00000      0.00000
      1.27552      0.00000      0.00000      0.00000
      1.28552      0.00000      0.00000      0.00000
      1.29552      0.00000      0.00000      0.00000
      1.30552      0.00000      0.00000      0.00000
      1.31552      0.00000      0.00000      0.00000
      1.32552      0.00000      0.00000      0.00000
      1.33552      0.00000      0.00000      0.00000
      1.34552      0.00000      0.00000      0.00000
      1.35552      0.00000      0.00000      0.00000
      1.36552      0.00000      0.00000      0.00000
      1.37552      0.00000      0.00000      0.00000
      1.38552      0.00000      0.00000      0.00000
      1.39552      0.00000      0.00000      0.00000
      1.40552      0.00000      0.00000      0.00000
      1.41552      0.00000      0.00000      0.00000
      1.42552      0.00000      0.00000      0.00000
      1.43552      0.00000      0.00000      0.00000
      1.44552      0.00000      0.00000      0.00000
      1.45552      0.00000      0.00000      0.00000
      1.46552      0.00000      0.00000      0.00000
      1.47552      0.00000      0.00000      0.00000
      1.48552      0.00000      0.00000      0.00000
      1.49552      0.00000      0.00000      0.00000
      1.50552      0.00000      0.00000      0.00000
      1.51552      0.00000      0.00000      0.00000
      1.52552      0.00000      0.00000      0.00000
      1.53552      0.00000      0.00000      0.00000
      1.54552      0.00000      0.00000      0.00000
      1.55552      0.00000      0.00000      0.00000
      1.56552      0.00000      0.00000      0.00000
      1.57552      0.00000      0.00000      0.00000
      1.58552      0.00000      0.00000      0.00000
      1.59552      0.00000      0.00000      0.00000
      1.60552      0.00000      0.00000      0.00000
      1.61552      0.00000      0.00000      0.00000
      1.62552      0.00000      0.00000      0.00000
      1.63552      0.00000      0.00000      0.00000
      1.64552      0.00000      0.00000      0.00000
      1.65552      0.00000      0.00000      0.00000
      1.66552      0.00000      0.00000      0.00000
      1.67552      0.00000      0.00000      0.00000
      1.68552      0.00000      0.00000      0.00000
      1.69552      0.00000      0.00000      0.00000
      1.70552      0.00000      0.00000      0.00000
      1.71552      0.00000      0.00000      0.00000
      1.72552      0.00000      0.00000      0.00000
      1.73552      0.00000      0.00000      0.00000
      1.74552      0.00000      0.00000      0.00000
      1.75552      0.00000      0.00000      0.00000
      1.76552      0.00000      0.00000      0.00000
      1.77552      0.00000      0.00000      0.00000
      1.78552      0.00000      0.00000      0.00000
      1.79552      0.00000      0.00000      0.00000
      1.80552      0.00000      0.00000      0.00000
      1.81552      0.00000      0.00000      0.00000
      1.82552      0.00000      0.00000      0.00000
      1.83552      0.00000      0.00000      0.00000
      1.84552      0.00000      0.00000      0.00000
      1.85552      0.00000      0.00000      0.00000
      1.86552      0.00000      0.00000      0.00000
      1.87552      0.00000      0.00000      0.00000
      1.88552      0.00000      0.00000      0.00000
      1.89552      0.00000      0.00000      0.00000
      1.90552      0.00000      0.00000      0.00000
      1.91552      0.00000      0.00000      0.00000
      1.92552      0.00000      0.00000      0.00000
      1.93552      0.00000      0.00000      0.00000
      1.94552      0.00000      0.00000      0.00000
      1.95552      0.00000      0.00000      0.00000
      1.96552      0.00000      0.00000      0.00000
      1.97552      0.00000      0.00000      0.00000
      1.98552      0.00000      0.00000      0.00000
      1.99552      0.00000      0.00000      0.00000
      2.00552      0.00000      0.00000      0.00000
      2.01552      0.00000      0.00000      0.00000
      2.02552      0.00000      0.00000      0.00000
      2.03552      0.00000      0.00000      0.00000
      2.04552      0.00000      0.00000      0.00000
      2.05552      0.00000      0.00000      0.00000
      2.06552      0.00000      0.00000      0.00000
      2.07552      0.00000      0.00000      0.00000
      2.08552      0.00000      0.00000      0.00000
      2.09552      0.00000      0.00000      0.00000
      2.10552      0.00000      0.00000      0.00000
      2.11552      0.00000      0.00000      0.00000
      2.12552      0.00000      0.00000      0.00000
      2.13552      0.00000      0.00000      0.00000
      2.14552      0.00000      0.00000      0.00000
      2.15552      0.00000      0.00000      0.00000
      2.16552      0.00000      0.00000      0.00000
      2.17552      0.00000      0.00000      0.00000
      2.18552      0.00000      0.00000      0.00000
      2.19552      0.00000      0.00000      0.00000
      2.20552      0.00000      0.00000      0.00000
      2.21552      0.00000      0.00000      0.00000
      2.22552      0.00000      0.00000      0.00000
      2.23552      0.00000      0.00000      0.00000
      2.24552      0.00000      0.00000      0.00000
      2.25552      0.00000      0.00000      0.00000
      2.26552      0.00000      0.00000      0.00000
      2.27552      0.00000      0.00000      0.00000
      2.28552      0.00000      0.00000      0.00000
      2.29552      0.00000      0.00000      0.00000
      2.30552      0.00000      0.00000      0.00000
      2.31552      0.00000      0.00000      0.00000
      2.32552      0.00000      0.00000      0.00000
      2.33552      0.00000      0.00000      0.00000
      2.34552      0.00000      0.00000      0.00000
      2.35552      0.00000      0.00000      0.00000
      2.36552      0.00000      0.00000      0.00000
      2.37552      0.00000      0.00000      0.00000
      2.38552      0.00000      0.00000      0.00000
      2.39552      0.00000      0.00000      0.00000
      2.40552      0.00000      0.00000      0.00000
      2.41552      0.00000      0.00000      0.00000
      2.42552      0.00000      0.00000      0.00000
      2.43552      0.00000      0.00000      0.00000
      2.44552      0.00000      0.00000      0.00000
      2.45552      0.00000      0.00000      0.00000
      2.46552      0.00000      0.00000      0.00000
      2.47552      0.00000      0.00000      0.00000
      2.48552      0.00000      0.00000      0.00000
      2.49552      0.00000      0.00000      0.00000
      2.50552      0.00000      0.00000      0.00000
      2.51552      0.00000      0.00000      0.00000
      2.52552      0.00000      0.00000      0.00000
      2.53552      0.00000      0.00000      0.00000
      2.54552      0.00000      0.00000      0.00000
      2.55552      0.00000      0.00000      0.00000
      2.56552      0.00000      0.00000      0.00000
      2.57552      0.00000      0.00000      0.00000
      2.58552      0.00000      0.00000      0.00000
      2.59552      0.00000      0.00000      0.00000
      2.60552      0.00000      0.00000      0.00000
      2.61552      0.00000      0.00000      0.00000
      2.62552      0.00000      0.00000      0.00000
      2.63552      0.00000      0.00000      0.00000
      2.64552      0.00000      0.00000      0.00000
      2.65552      0.00000      0.00000      0.00000
      2.66552      0.00000      0.00000      0.00000
      2.67552      0.00000      0.00000      0.00000
      2.68552      0.00000      0.00000      0.00000
      2.69552      0.00000      0.00000      0.00000
      2.70552      0.00000      0.00000      0.00000
      2.71552      0.00000      0.00000      0.00000
      2.72552      0.00000      0.00000      0.00000
      2.73552      0.00000      0.00000      0.00000
      2.74552      0.00000      0.00000      0.00000
      2.75552      0.00000      0.00000      0.00000
      2.76552      0.00000      0.00000      0.00000
      2.77552      0.00000      0.00000      0.00000
      2.78552      0.00000      0.00000      0.00000
      2.79552      0.00000      0.00000      0.00000
      2.80552      0.00000      0.00000      0.00000
      2.81552      0.00000      0.00000      0.00000
      2.82552      0.00000      0.00000      0.00000
      2.83552      0.00000      0.00000      0.00000
      2.84552      0.00000      0.00000      0.00000
      2.85552      0.00000      0.00000      0.00000
      2.86552      0.00000      0.00000      0.00000
      2.87552      0.00000      0.00000      0.00000
      2.88552      0.00000      0.00000      0.00000
      2.89552      0.00000      0.00000      0.00000
      2.90552      0.00000      0.00000      0.00000
      2.91552      0.00000      0.00000      0.00000
      2.92552      0.00000      0.00000      0.00000
      2.93552      0.00000      0.00000      0.00000
      2.94552      0.00000      0.00000      0.00000
      2.95552      0.00000      0.00000      0.00000
      2.96552      0.00000      0.00000      0.00000
      2.97552      0.00000      0.00000      0.00000
      2.98552      0.00000      0.00000      0.00000
      2.99552      0.00000      0.00000      0.00000
      3.00552      0.00000      0.00000      0.00000
      3.01552      0.00000      0.00000      0.00000
      3.02552      0.00000      0.00000      0.00000
      3.03552      0.00000      0.00000      0.00000
      3.04552      0.00000      0.00000      0.00000
      3.05552      0.00000      0.00000      0.00000
      3.06552      0.00000      0.00000      0.00000
      3.07552      0.00000      0.00000      0.00000
      3.08552      0.00000      0.00000      0.00000
      3.09552      0.00000      0.00000      0.00000
      3.10552      0.00000      0.00000      0.00000
      3.11552      0.00000      0.00000      0.00000
      3.12552      0.00000      0.00000      0.00000
      3.13552      0.00000      0.00000      0.00000
      3.14552      0.00000      0.00000      0.00000
      3.15552      0.00000      0.00000      0.00000
      3.16552      0.00000      0.00000      0.00000
      3.17552      0.00000      0.00000      0.00000
      3.18552      0.00000      0.00000      0.00000
      3.19552      0.00000      0.00000      0.00000
      3.20552      0.00000      0.00000      0.00000
      3.21552      0.00000      0.00000      0.00000
      3.22552      0.00000      0.00000      0.00000
      3.23552      0.00000      0.00000      0.00000
      3.24552      0.00000      0.00000      0.00000
      3.25552      0.00000      0.00000      0.00000
      3.26552      0.00000      0.00000      0.00000
      3.27552      0.00000      0.00000      0.00000
      3.28552      0.00000      0.00000      0.00000
      3.29552      0.00000      0.00000      0.00000
      3.30552      0.00000      0.00000      0.00000
      3.31552      0.00000      0.00000      0.00000
      3.32552      0.00000      0.00000      0.00000
      3.33552      0.00000      0.00000      0.00000
      3.34552      0.00000      0.00000      0.00000
      3.35552      0.00000      0.00000      0.00000
      3.36552      0.00000      0.00000      0.00000
      3.37552      0.00000      0.00000      0.00000
      3.38552      0.00000      0.00000      0.00000
      3.39552      0.00000      0.00000      0.00000
      3.40552      0.00000      0.00000      0.00000
      3.41552      0.00000      0.00000      0.00000
      3.42552      0.00000      0.00000      0.00000
      3.43552      0.00000      0.00000      0.00000
      3.44552      0.00000      0.00000      0.00000
      3.45552      0.00000      0.00000      0.00000
      3.46552      0.00000      0.00000      0.00000
      3.47552      0.00000      0.00000      0.00000
      3.48552      0.00000      0.00000      0.00000
      3.49552      0.00000      0.00000      0.00000
      3.50552      0.00000      0.00000      0.00000
      3.51552      0.00000      0.00000      0.00000
      3.52552      0.00000      0.00000      0.00000
      3.53552      0.00000      0.00000      0.00000
      3.54552      0.00000      0.00000      0.00000
      3.55552      0.00000      0.00000      0.00000
      3.56552      0.00000      0.00000      0.00000
      3.57552      0.00000      0.00000      0.00000
      3.58552      0.00000      0.00000      0.00000
      3.59552      0.00000      0.00000      0.00000
      3.60552      0.00000      0.00000      0.00000
      3.61552      0.00000      0.00000      0.00000
      3.62552      0.00000      0.00000      0.00000
      3.63552      0.00000      0.00000      0.00000
      3.64552      0.00000      0.00000      0.00000
      3.65552      0.00000      0.00000      0.00000
      3.66552      0.00000      0.00000      0.00000
      3.67552      0.00000      0.00000      0.00000
      3.68552      0.00000      0.00000      0.00000
      3.69552      0.00000      0.00000      0.00000
      3.70552      0.00000      0.00000      0.00000
      3.71552      0.00000      0.00000      0.00000
      3.72552      0.00000      0.00000      0.00000
      3.73552      0.00000      0.00000      0.00000
      3.74552      0.00000      0.00000      0.00000
      3.75552      0.00000      0.00000      0.00000
      3.76552      0.00000      0.00000      0.00000
      3.77552      0.00000      0.00000      0.00000
      3.78552      0.00000      0.00000      0.00000
      3.79552      0.00000      0.00000      0.00000
      3.80552      0.00000      0.00000      0.00000
      3.81552      0.00000      0.00000      0.00000
      3.82552      0.00000      0.00000      0.00000
      3.83552      0.00000      0.00000      0.00000
      3.84552      0.00000      0.00000      0.00000
      3.85552      0.00000      0.00000      0.00000
      3.86552      0.00000      0.00000      0.00000
      3.87552      0.00000      0.00000      0.00000
      3.88552      0.00592      0.00007      0.00586
      3.89552      0.28131      0.00314      0.27817
      3.90552      4.91631      0.05480      4.86151
      3.91552     31.62072      0.35245     31.26827
      3.92552     75.26073      0.83951     74.42122
      3.93552     72.39505      0.81685     71.57820
      3.94552     60.40301      0.72689     59.67612
      3.95552     80.92601      1.00841     79.91760
      3.96552     58.17261      0.72899     57.44362
      3.97552     25.99903      0.34838     25.65065
      3.98552     49.58664      0.72529     48.86135
      3.99552     79.84382      1.17308     78.67073
      4.00552     48.84514      0.71809     48.12705
      4.01552     13.76271      0.21049     13.55221
      4.02552     23.60527      0.41340     23.19187
      4.03552     67.24617      1.18516     66.06101
      4.04552     73.22238      1.29058     71.93180
      4.05552     29.38485      0.51807     28.86678
      4.06552      5.59250      0.10303      5.48947
      4.07552     14.31814      0.30077     14.01737
      4.08552     61.47314      1.27815     60.19499
      4.09552    118.94541      2.39179    116.55362
      4.10552    121.19832      2.31533    118.88299
      4.11552     65.62672      1.20741     64.41931
      4.12552     18.05669      0.34212     17.71457
      4.13552     21.70649      0.52978     21.17670
      4.14552     75.14002      1.81435     73.32568
      4.15552    127.47274      2.87254    124.60020
      4.16552    113.47712      2.32983    111.14729
      4.17552     50.94246      0.98147     49.96099
      4.18552     10.86538      0.21503     10.65035
      4.19552     12.61358      0.36691     12.24667
      4.20552     50.75051      1.50909     49.24142
      4.21552     80.22528      2.38068     77.84461
      4.22552     53.68847      1.51828     52.17018
      4.23552     50.15973      1.07558     49.08414
      4.24552     79.56994      1.55568     78.01426
      4.25552     59.22921      1.19324     58.03597
      4.26552     37.40984      1.06919     36.34066
      4.27552     68.46914      2.34906     66.12008
      4.28552     73.42175      2.54174     70.88001
      4.29552     29.54754      1.02319     28.52435
      4.30552      4.38852      0.15187      4.23664
      4.31552      0.76613      0.02238      0.74375
      4.32552      9.25371      0.25661      8.99711
      4.33552     60.34511      1.73512     58.60999
      4.34552    146.60885      4.37130    142.23754
      4.35552    132.66717      4.09802    128.56916
      4.36552     44.71349      1.42846     43.28503
      4.37552      5.61259      0.18503      5.42756
      4.38552      0.36200      0.01344      0.34857
      4.39552      2.35134      0.10692      2.24442
      4.40552     20.26171      0.92179     19.33993
      4.41552     64.35560      2.92778     61.42782
      4.42552     75.23090      3.42174     71.80916
      4.43552     33.39669      1.49414     31.90255
      4.44552     17.37177      0.50245     16.86932
      4.45552     51.84216      1.14921     50.69295
      4.46552     80.66199      1.81209     78.84990
      4.47552     57.53887      1.94135     55.59753
      4.48552     67.41848      9.43094     57.98753
      4.49552    132.92153     52.51747     80.40407
      4.50552    187.49673    132.78286     54.71388
      4.51552    150.66766    130.37281     20.29485
      4.52552     61.61574     55.87244      5.74330
      4.53552     60.56324     54.13676      6.42648
      4.54552    133.48060    115.29912     18.18148
      4.55552    200.63861    152.80537     47.83324
      4.56552    266.22713    174.17576     92.05137
      4.57552    318.46644    216.42346    102.04298
      4.58552    340.91899    236.21728    104.70171
      4.59552    319.02835    217.14826    101.88009
      4.60552    254.78703    197.14548     57.64155
      4.61552    205.83744    178.34746     27.48998
      4.62552    210.19263    175.94879     34.24384
      4.63552    228.47398    157.87844     70.59554
      4.64552    258.07640    166.66191     91.41449
      4.65552    205.33157    151.63403     53.69754
      4.66552    161.76270    139.52133     22.24137
      4.67552    165.54292    148.64166     16.90127
      4.68552    151.86142    136.58000     15.28142
      4.69552    139.07865    121.08822     17.99042
      4.70552    188.38193    140.00362     48.37831
      4.71552    253.24451    142.16695    111.07756
      4.72552    242.85340    102.31642    140.53698
      4.73552    228.43766    128.27574    100.16192
      4.74552    183.45697    141.96167     41.49530
      4.75552     99.32501     86.73371     12.59129
      4.76552    110.29591     98.74913     11.54677
      4.77552    160.14572    135.41362     24.73210
      4.78552    163.25546    106.87547     56.37999
      4.79552    173.18119     90.49602     82.68517
      4.80552    157.60621    102.82132     54.78489
      4.81552    127.41289    106.20309     21.20981
      4.82552    117.28511    105.15604     12.12907
      4.83552    104.42045     94.38190     10.03855
      4.84552     79.63238     69.57378     10.05860
      4.85552    122.93739     85.72460     37.21279
      4.86552    248.95878    129.35741    119.60137
      4.87552    268.57453    109.21324    159.36129
      4.88552    131.92296     50.27018     81.65278
      4.89552     76.34267     55.78472     20.55795
      4.90552    139.15917    124.80584     14.35333
      4.91552    137.50023    124.25516     13.24507
      4.92552     57.05641     49.98160      7.07482
      4.93552     44.88275     25.44212     19.44063
      4.94552    151.37942     85.88251     65.49691
      4.95552    235.61418    149.90333     85.71085
      4.96552    139.51098     97.38382     42.12716
      4.97552     33.80732     25.75289      8.05443
      4.98552     28.99835     25.91781      3.08053
      4.99552    102.80800     91.64564     11.16236
      5.00552    170.30699    139.27693     31.03006
      5.01552    163.36664     86.25368     77.11297
      5.02552    155.89752     28.58006    127.31746
      5.03552    144.29714     30.73347    113.56367
      5.04552    138.12009     82.60992     55.51017
      5.05552    149.54603    127.54363     22.00240
      5.06552    105.86880     95.08158     10.78722
      5.07552     36.69135     33.09735      3.59400
      5.08552     18.49088     16.54593      1.94495
      5.09552     63.45152     53.79685      9.65466
      5.10552    144.35748    105.65768     38.69979
      5.11552    194.21303    113.84050     80.37253
      5.12552    137.54627     68.28429     69.26198
      5.13552     45.18334     21.51524     23.66810
      5.14552     39.94424     24.93713     15.00712
      5.15552    130.36463     69.57600     60.78862
      5.16552    233.41098    100.50541    132.90557
      5.17552    237.33260     97.55115    139.78145
      5.18552    141.81067     59.50644     82.30422
      5.19552    108.18834     21.96925     86.21909
      5.20552    180.04309     31.37081    148.67228
      5.21552    193.96480     71.69070    122.27410
      5.22552    133.38392     88.56043     44.82350
      5.23552    100.86532     87.23593     13.62939
      5.24552     73.35008     65.72142      7.62867
      5.25552     32.05144     24.41150      7.63994
      5.26552     55.98729     19.94109     36.04620
      5.27552    161.61150     59.41857    102.19293
      5.28552    222.65777     85.55757    137.10020
      5.29552    177.09152     81.30409     95.78743
      5.30552    118.99468     79.22002     39.77466
      5.31552     85.80822     45.61429     40.19393
      5.32552    131.50395     20.80991    110.69405
      5.33552    200.73120     41.64386    159.08734
      5.34552    215.31737     80.38222    134.93514
      5.35552    206.22646     80.73465    125.49181
      5.36552    254.57152     80.10710    174.46442
      5.37552    317.68161     87.02363    230.65798
      5.38552    203.50130     46.78893    156.71236
      5.39552     97.33635     19.51010     77.82626
      5.40552    123.54190     43.34286     80.19904
      5.41552    140.11193     77.28323     62.82869
      5.42552    116.08963     67.09588     48.99375
      5.43552    143.99164     67.21253     76.77911
      5.44552    150.61081     78.78455     71.82626
      5.45552    107.58484     45.15967     62.42517
      5.46552    167.46207     22.90019    144.56188
      5.47552    285.09658     44.45624    240.64035
      5.48552    299.73467     79.45272    220.28195
      5.49552    190.21962     69.40719    120.81243
      5.50552    135.99810     54.74504     81.25307
      5.51552    157.90548     77.02088     80.88460
      5.52552    101.26990     60.01665     41.25325
      5.53552     39.08255     20.30742     18.77513
      5.54552     76.18246     21.31324     54.86922
      5.55552    181.04369     62.73369    118.31001
      5.56552    206.23152     80.83321    125.39831
      5.57552    120.40186     50.42772     69.97414
      5.58552    114.55322     56.39717     58.15605
      5.59552    209.12567     79.95979    129.16588
      5.60552    194.06543     49.34122    144.72421
      5.61552     79.02812     15.03763     63.99049
      5.62552     51.25415     24.48295     26.77120
      5.63552    148.67352     67.45360     81.21991
      5.64552    232.70088     75.48856    157.21232
      5.65552    189.34322     46.00136    143.34186
      5.66552    165.81173     58.81372    106.99801
      5.67552    149.62946     76.41619     73.21327
      5.68552     90.07247     42.62512     47.44734
      5.69552     86.70244     16.96540     69.73704
      5.70552    103.57702     31.11561     72.46141
      5.71552    131.91396     68.55976     63.35420
      5.72552    150.58658     66.73177     83.85481
      5.73552    107.42145     35.25881     72.16264
      5.74552    118.12945     51.17519     66.95426
      5.75552    164.66614     78.20481     86.46133
      5.76552    120.49368     48.48622     72.00745
      5.77552     91.78935     16.84038     74.94897
      5.78552     94.82893     22.60887     72.22007
      5.79552    111.55179     59.49065     52.06114
      5.80552    166.01711     75.72772     90.28938
      5.81552    189.34697     47.78917    141.55780
      5.82552    174.51237     50.22298    124.28939
      5.83552    185.83142     77.24878    108.58264
      5.84552    185.34005     56.65479    128.68526
      5.85552    130.70075     20.28972    110.41103
      5.86552     61.84208     10.70031     51.14177
      5.87552     47.90424     34.20728     13.69696
      5.88552     80.35508     71.14668      9.20840
      5.89552     83.48924     65.52367     17.96557
      5.90552    119.87733     64.17594     55.70140
      5.91552    179.57841     79.71648     99.86192
      5.92552    161.95687     49.47094    112.48593
      5.93552    139.38960     17.66152    121.72808
      5.94552    124.30292      9.60170    114.70122
      5.95552    111.25554     17.30048     93.95506
      5.96552    158.67716     66.13522     92.54194
      5.97552    213.15878    136.98572     76.17306
      5.98552    186.49245    120.37239     66.12006
      5.99552    135.79056     55.70870     80.08185
      6.00552    110.09880     55.99105     54.10774
      6.01552    101.24328     83.30564     17.93764
      6.02552     91.13816     83.04878      8.08939
      6.03552    113.94642     87.42618     26.52024
      6.04552    161.21840     69.52911     91.68930
      6.05552    240.99599     64.95602    176.03997
      6.06552    271.40680     87.30196    184.10483
      6.07552    182.07096     88.80909     93.26187
      6.08552    149.50462    127.69056     21.81407
      6.09552    187.12124    180.67070      6.45054
      6.10552    185.08899    172.14497     12.94402
      6.11552    184.61242    133.24271     51.36970
      6.12552    226.31330     99.98879    126.32450
      6.13552    187.26892     50.93402    136.33491
      6.14552    129.09945     39.66085     89.43860
      6.15552    223.46718    103.36486    120.10232
      6.16552    332.93989    181.77636    151.16353
      6.17552    263.43249    176.21099     87.22150
      6.18552    127.19095     86.88863     40.30231
      6.19552    110.59945     40.19242     70.40703
      6.20552    175.10421     66.91229    108.19192
      6.21552    181.47403     72.89761    108.57643
      6.22552    100.23503     31.76939     68.46564
      6.23552     33.00445     11.92208     21.08237
      6.24552     50.91059     36.76583     14.14476
      6.25552    128.32226     78.45470     49.86756
      6.26552    192.38902     92.74383     99.64519
      6.27552    238.62053    117.94780    120.67272
      6.28552    252.35951    132.39519    119.96432
      6.29552    195.55684     86.55523    109.00161
      6.30552    103.24599     28.65521     74.59079
      6.31552     33.40957      8.11698     25.29259
      6.32552     35.12053     26.58941      8.53112
      6.33552    105.28875     73.38278     31.90596
      6.34552    201.37324    101.26921    100.10403
      6.35552    251.74120    101.89136    149.84984
      6.36552    184.36248     82.42500    101.93749
      6.37552    113.79813     78.15121     35.64692
      6.38552     88.22182     71.70141     16.52041
      6.39552     97.74080     59.58760     38.15320
      6.40552    166.54196     79.00273     87.53924
      6.41552    183.31111     63.19512    120.11599
      6.42552    182.85840     31.12068    151.73772
      6.43552    173.05671     42.27994    130.77677
      6.44552    134.09716     75.99151     58.10565
      6.45552    126.12228     81.75198     44.37030
      6.46552    224.48515     90.75457    133.73058
      6.47552    308.64548     89.80288    218.84260
      6.48552    221.39036     71.81969    149.57067
      6.49552    125.62654     74.55556     51.07097
      6.50552     75.97579     50.89110     25.08469
      6.51552     89.70932     33.43004     56.27928
      6.52552    154.91792     66.15497     88.76295
      6.53552    161.36795     96.26527     65.10268
      6.54552    151.47590     94.95311     56.52279
      6.55552    177.36097     76.42312    100.93785
      6.56552    217.56767     83.48045    134.08722
      6.57552    211.39322    106.37902    105.01420
      6.58552    151.99283    103.75682     48.23600
      6.59552    127.33668     83.70973     43.62695
      6.60552    204.21948     88.25649    115.96299
      6.61552    280.45685    107.37210    173.08475
      6.62552    311.64344    137.26084    174.38260
      6.63552    326.46789    140.66180    185.80609
      6.64552    186.06966     67.90644    118.16322
      6.65552     46.32557     13.34647     32.97910
      6.66552     26.19222      1.47606     24.71617
      6.67552     70.26578      1.66964     68.59613
      6.68552    112.81999      6.85485    105.96514
      6.69552    219.15550     42.57260    176.58289
      6.70552    445.02152    149.55076    295.47075
      6.71552    520.97201    250.02110    270.95092
      6.72552    310.13634    191.37439    118.76195
      6.73552     99.81206     67.56391     32.24815
      6.74552     88.80936     37.94999     50.85937
      6.75552    184.08653     66.43727    117.64926
      6.76552    191.99693     57.64033    134.35660
      6.77552    101.95921     21.87206     80.08715
      6.78552     29.87539      6.60023     23.27516
      6.79552     27.55818     21.78330      5.77489
      6.80552     82.73523     72.55285     10.18238
      6.81552    131.75182    116.47605     15.27576
      6.82552    128.92710    113.47577     15.45133
      6.83552    126.83603     98.61258     28.22345
      6.84552    147.86521     81.80193     66.06328
      6.85552    118.10756     43.60079     74.50677
      6.86552     85.37055     41.56753     43.80301
      6.87552    129.04397     75.56698     53.47699
      6.88552    188.22126     92.32775     95.89351
      6.89552    195.25939    105.25901     90.00038
      6.90552    151.57043    103.66027     47.91016
      6.91552    109.09183     64.08450     45.00733
      6.92552    117.25088     39.77421     77.47667
      6.93552    163.35463     84.34335     79.01128
      6.94552    183.25158    132.15774     51.09635
      6.95552    131.90213    107.63599     24.35611
      6.96552    114.56760     98.08391     17.68910
      6.97552    168.14836    122.57967     51.92242
      6.98552    276.23461    166.73129    124.21561
      6.99552    303.24593    194.57095    128.12841
      7.00552    249.77774    221.13665     52.31961
      7.01552    244.65992    265.77099      8.31525
      7.02552    240.70620    270.40535      0.50821
      7.03552    212.67148    239.46652      0.01819
      7.04552    188.82898    212.20888      0.17538
      7.05552    161.59373    177.03971      1.91979
      7.06552    200.84706    202.23000     10.48961
      7.07552    388.82944    366.53942     39.49013
      7.08552    532.54887    462.86282     92.05775
      7.09552    434.36062    352.37877    102.52184
      7.10552    287.64350    228.98946     78.62275
      7.11552    247.90695    169.61520     96.06746
      7.12552    208.15288    110.83911    108.75374
      7.13552    204.95899    135.78132     83.00859
      7.14552    208.54059    192.71164     34.84536
      7.15552    179.98427    179.18893     15.22355
      7.16552    220.47696    218.65211     18.02558
      7.17552    287.22162    278.29468     29.38082
      7.18552    312.79553    256.09280     68.41841
      7.19552    271.71357    194.36608     83.18192
      7.20552    215.61110    186.08741     40.13155
      7.21552    213.64620    215.63445     12.17240
      7.22552    222.33725    211.80068     21.96677
      7.23552    213.03622    188.51402     36.17101
      7.24552    133.46518    117.80744     25.23025
      7.25552     65.07742     43.71099     25.41303
      7.26552    121.82446     63.66331     64.18834
      7.27552    241.42719    158.99761     97.54856
      7.28552    291.46426    177.95217    129.31908
      7.29552    254.31141    122.45119    140.70566
      7.30552    230.97710    164.82207     76.39646
      7.31552    224.62182    218.95255     19.65655
      7.32552    147.12094    154.58077      3.15467
      7.33552     58.01359     61.89161      0.50954
      7.34552     59.48700     62.10283      1.09889
      7.35552    169.85575    180.22161      2.74083
      7.36552    225.46028    244.31434      2.57916
      7.37552    121.03814    132.77973      1.53821
      7.38552     35.42047     29.82138      8.74631
      7.39552     56.34797     13.94154     43.44223
      7.40552    148.63448     57.05043     96.55901
      7.41552    278.17389    152.19013    139.13190
      7.42552    357.45797    211.83645    162.25784
      7.43552    258.34089    154.24981    115.71766
      7.44552    121.40483     77.71003     47.80746
      7.45552    140.86640    106.75369     34.94842
      7.46552    234.14987    185.60179     50.65245
      7.47552    304.52097    237.42847     74.16220
      7.48552    304.62939    236.74499     77.39699
      7.49552    220.78297    184.55771     43.78618
      7.50552    201.78702    163.92391     44.70626
      7.51552    229.88061    149.04597     86.74408
      7.52552    227.12796    136.61775     99.51222
      7.53552    254.14572    165.08781    101.78709
      7.54552    280.68213    201.01019     92.37457
      7.55552    234.49015    185.35211     60.27762
      7.56552    116.23383     92.74869     28.76507
      7.57552     71.08265     53.78726     19.58345
      7.58552    210.87365    147.96438     69.48908
      7.59552    378.18990    242.67439    147.22030
      7.60552    282.69839    167.41118    123.95663
      7.61552    128.62807     94.66306     41.24000
      7.62552    139.79413    137.01187     13.48916
      7.63552    195.79731    161.35081     42.08597
      7.64552    248.89610    145.23927    107.01078
      7.65552    323.51747    172.39477    157.88580
      7.66552    386.66753    208.05871    190.16453
      7.67552    316.65576    164.44408    159.68501
      7.68552    198.91469    112.31450     88.57141
      7.69552    194.05075    115.85174     80.31173
      7.70552    214.46920    137.00833     84.67312
      7.71552    198.38719    136.67196     71.53248
      7.72552    146.89648    103.12637     49.50119
      7.73552    153.22628    130.58825     28.29040
      7.74552    212.50371    197.55633     24.60378
      7.75552    246.33501    206.37895     47.07288
      7.76552    272.57535    186.67747     87.83873
      7.77552    248.11453    154.62827     93.68102
      7.78552    188.31827    100.11923     88.20623
      7.79552    173.61414     59.46572    114.14872
      7.80552    204.09122     57.00201    147.10161
      7.81552    240.90334     84.40773    156.78121
      7.82552    286.85617    141.72388    147.57487
      7.83552    330.34222    221.15116    116.94866
      7.84552    316.54146    233.53886     92.15379
      7.85552    235.61668    165.38821     74.24881
      7.86552    226.71646    126.00049    101.50340
      7.87552    327.22897    176.51631    151.69434
      7.88552    358.18467    229.97609    132.51531
      7.89552    331.70319    233.21069    109.14372
      7.90552    294.41757    198.26761    109.01946
      7.91552    205.12368    109.26505    103.23073
      7.92552    126.65630     39.11857     89.39360
      7.93552     99.64829     22.26715     77.57014
      7.94552     76.34779     17.85958     58.52256
      7.95552     37.02267     12.78028     24.71175
      7.96552     65.31343     41.44714     26.86964
      7.97552    150.87064     98.06412     60.05313
      7.98552    158.34149    106.77493     59.75777
      7.99552    153.85503    120.45769     43.14379
      8.00552    205.01771    164.34762     51.53890
      8.01552    219.34498    166.21717     58.47064
      8.02552    183.72400    125.14294     59.56443
      8.03552    126.14042     57.29234     68.92248
      8.04552    112.53072     41.33493     71.43246
      8.05552    141.59933    102.59007     41.73768
      8.06552    238.07710    217.68243     32.55276
      8.07552    300.40663    278.83469     42.42353
      8.08552    237.86495    207.90294     43.71003
      8.09552    161.65557    125.54372     39.58040
      8.10552    120.52259     79.62912     41.22607
      8.11552    106.76622     43.00588     63.77237
      8.12552    113.16825     42.72651     70.44195
      8.13552    107.55400     65.61671     41.94332
      8.14552     73.20770     55.94418     17.46616
      8.15552     63.16157     57.97687      7.73481
      8.16552    177.36401    168.10349     21.33290
      8.17552    297.26769    264.58346     54.25536
      8.18552    213.01884    171.70282     55.89858
      8.19552     80.25977     60.47444     23.51858
      8.20552     69.30254     60.29085      9.37338
      8.21552     79.73073     70.33432      9.40965
      8.22552     57.57496     41.03884     16.53627
      8.23552     73.26413     33.94459     39.32075
      8.24552     78.43065     34.75565     43.72933
      8.25552     74.80254     43.79435     31.90767
      8.26552    177.33684    122.29489     60.61131
      8.27552    293.73058    206.48723    100.89225
      8.28552    265.23889    193.66164     87.58537
      8.29552    154.20768    128.48776     37.49534
      8.30552     56.83741     54.63608      7.19801
      8.31552     31.69274     30.21853      2.39944
      8.32552     68.31717     62.48568      5.89725
      8.33552     81.75105     71.06947     10.68332
      8.34552     82.94023     54.47713     28.46412
      8.35552    139.18861     83.39605     55.83979
      8.36552    142.17919     97.68339     45.30384
      8.37552     88.82020     79.44669     14.46051
      8.38552     85.08019     95.06351      1.84692
      8.39552     72.44359     83.17178      0.09560
      8.40552     60.72141     68.04709      0.00533
      8.41552     81.33306     89.64470      0.17391
      8.42552     61.82007     64.24487      3.38653
      8.43552     61.16325     36.33776     26.34707
      8.44552    172.99292     85.61001     87.52981
      8.45552    292.10650    159.77543    132.33636
      8.46552    247.60502    152.93331     94.67797
      8.47552    174.76717    132.38989     42.56254
      8.48552    169.98792    141.88358     30.14185
      8.49552    175.42669    157.06156     26.60921
      8.50552    232.62392    208.12157     36.77827
      8.51552    254.32263    201.78569     59.39306
      8.52552    210.07272    147.97601     64.87197
      8.53552    200.70849    157.62784     48.62033
      8.54552    206.30114    164.52488     49.43499
      8.55552    256.08367    141.45654    118.59139
      8.56552    343.02608    149.65003    194.13119
      8.57552    290.28853    133.59598    156.74546
      8.58552    184.44279     87.29696     97.14734
      8.59552    155.86155     74.10272     81.76914
      8.60552    135.35143     82.18167     53.43690
      8.61552    138.57726    106.99124     34.13128
      8.62552    221.61564    191.20804     39.32921
      8.63552    202.20979    185.59842     28.12647
      8.64552     83.47887     80.48704      8.70324
      8.65552     69.92338     67.39576      5.57911
      8.66552    144.53377    141.06711      9.89905
      8.67552    133.27747    132.85745      7.53526
      8.68552     47.39214     47.94533      2.36883
      8.69552     13.56084      8.73663      5.26575
      8.70552     53.37763     16.54907     36.85310
      8.71552    145.99812     46.16740     99.83122
      8.72552    169.05830     63.68988    105.36842
      8.73552    123.91044     68.52379     55.38665
      8.74552     74.18606     51.00502     23.18104
      8.75552     23.51382     16.98475      6.52907
      8.76552      8.48779      6.98931      1.49849
      8.77552     38.95394     32.81858      6.13718
      8.78552    125.45408     95.98616     29.53198
      8.79552    244.49834    162.43511     82.89516
      8.80552    323.59480    202.77968    124.78998
      8.81552    313.14041    202.17410    117.95284
      8.82552    245.89679    166.93786     83.47652
      8.83552    169.68357    123.70421     47.05398
      8.84552    129.39778     83.84693     45.64538
      8.85552    109.98456     44.10175     65.91254
      8.86552     73.71247     22.20699     52.04243
      8.87552     46.86492     34.52427     16.31176
      8.88552     73.22222     81.83855      2.18865
      8.89552     78.01730     83.60060      5.23667
      8.90552     79.12532     47.02565     36.19063
      8.91552    159.99942     62.63221     98.81653
      8.92552    210.12025    105.21648    107.73819
