Energy-E_F (eV)    DOS (1/eV)    PDOS (1/eV)  of atom type C  H  
     -5.54555      1.60976      1.15600      0.45376
     -5.53555      0.05973      0.04289      0.01684
     -5.52555      0.00082      0.00059      0.00023
     -5.51555      0.00000      0.00000      0.00000
     -5.50555      0.00000      0.00000      0.00000
     -5.49555      0.00000      0.00000      0.00000
     -5.48555      0.00000      0.00000      0.00000
     -5.47555      0.00000      0.00000      0.00000
     -5.46555      0.00000      0.00000      0.00000
     -5.45555      0.00000      0.00000      0.00000
     -5.44555      0.00000      0.00000      0.00000
     -5.43555      0.00000      0.00000      0.00000
     -5.42555      0.00000      0.00000      0.00000
     -5.41555      0.00000      0.00000      0.00000
     -5.40555      0.00000      0.00000      0.00000
     -5.39555      0.00000      0.00000      0.00000
     -5.38555      0.00000      0.00000      0.00000
     -5.37555      0.01711      0.01668      0.00044
     -5.36555      0.63273      0.61663      0.01610
     -5.35555      8.60745      8.38843      0.21902
     -5.34555     43.07575     41.97967      1.09608
     -5.33555     79.30429     77.28635      2.01794
     -5.32555     53.71135     52.34463      1.36671
     -5.31555     13.38261     13.04208      0.34053
     -5.30555      1.22665      1.19544      0.03121
     -5.29555      0.04136      0.04031      0.00105
     -5.28555      0.00051      0.00050      0.00001
     -5.27555      0.00000      0.00000      0.00000
     -5.26555      0.00000      0.00000      0.00000
     -5.25555      0.00000      0.00000      0.00000
     -5.24555      0.00000      0.00000      0.00000
     -5.23555      0.00000      0.00000      0.00000
     -5.22555      0.00000      0.00000      0.00000
     -5.21555      0.00000      0.00000      0.00000
     -5.20555      0.00000      0.00000      0.00000
     -5.19555      0.00000      0.00000      0.00000
     -5.18555      0.00000      0.00000      0.00000
     -5.17555      0.00000      0.00000      0.00000
     -5.16555      0.00000      0.00000      0.00000
     -5.15555      0.00000      0.00000      0.00000
     -5.14555      0.00000      0.00000      0.00000
     -5.13555      0.00000      0.00000      0.00000
     -5.12555      0.00000      0.00000      0.00000
     -5.11555      0.00000      0.00000      0.00000
     -5.10555      0.00000      0.00000      0.00000
     -5.09555      0.00000      0.00000      0.00000
     -5.08555      0.00000      0.00000      0.00000
     -5.07555      0.00000      0.00000      0.00000
     -5.06555      0.00000      0.00000      0.00000
     -5.05555      0.00156      0.00114      0.00042
     -5.04555      0.09956      0.07253      0.02703
     -5.03555      2.33935      1.70432      0.63503
     -5.02555     20.22164     14.73235      5.48929
     -5.01555     64.30474     46.84882     17.45592
     -5.00555     75.22722     54.80632     20.42089
     -4.99555     32.37521     23.58676      8.78845
     -4.98555      5.12573      3.73432      1.39141
     -4.97555      0.29854      0.21750      0.08104
     -4.96555      0.00640      0.00466      0.00174
     -4.95555      0.00000      0.00000      0.00000
     -4.94555      0.00000      0.00000      0.00000
     -4.93555      0.00000      0.00000      0.00000
     -4.92555      0.00000      0.00000      0.00000
     -4.91555      0.00000      0.00000      0.00000
     -4.90555      0.00000      0.00000      0.00000
     -4.89555      0.00000      0.00000      0.00000
     -4.88555      0.00000      0.00000      0.00000
     -4.87555      0.00000      0.00000      0.00000
     -4.86555      0.00000      0.00000      0.00000
     -4.85555      0.00000      0.00000      0.00000
     -4.84555      0.00000      0.00000      0.00000
     -4.83555      0.00000      0.00000      0.00000
     -4.82555      0.00000      0.00000      0.00000
     -4.81555      0.00000      0.00000      0.00000
     -4.80555      0.00000      0.00000      0.00000
     -4.79555      0.00000      0.00000      0.00000
     -4.78555      0.00000      0.00000      0.00000
     -4.77555      0.00000      0.00000      0.00000
     -4.76555      0.00000      0.00000      0.00000
     -4.75555      0.00000      0.00000      0.00000
     -4.74555      0.00000      0.00000      0.00000
     -4.73555      0.00000      0.00000      0.00000
     -4.72555      0.00371      0.00301      0.00070
     -4.71555      0.19589      0.15913      0.03676
     -4.70555      3.80631      3.09202      0.71429
     -4.69555     27.20845     22.10256      5.10590
     -4.68555     71.54996     58.12300     13.42695
     -4.67555     69.21822     56.22883     12.98938
     -4.66555     24.63411     20.01131      4.62280
     -4.65555      3.22522      2.61998      0.60524
     -4.64555      0.15534      0.12619      0.02915
     -4.63555      0.00275      0.00224      0.00052
     -4.62555      0.00000      0.00000      0.00000
     -4.61555      0.00000      0.00000      0.00000
     -4.60555      0.00000      0.00000      0.00000
     -4.59555      0.00000      0.00000      0.00000
     -4.58555      0.00000      0.00000      0.00000
     -4.57555      0.00000      0.00000      0.00000
     -4.56555      0.00000      0.00000      0.00000
     -4.55555      0.00000      0.00000      0.00000
     -4.54555      0.00000      0.00000      0.00000
     -4.53555      0.00000      0.00000      0.00000
     -4.52555      0.00000      0.00000      0.00000
     -4.51555      0.00000      0.00000      0.00000
     -4.50555      0.00000      0.00000      0.00000
     -4.49555      0.00000      0.00000      0.00000
     -4.48555      0.00000      0.00000      0.00000
     -4.47555      0.00000      0.00000      0.00000
     -4.46555      0.00000      0.00000      0.00000
     -4.45555      0.00170      0.00164      0.00006
     -4.44555      0.10679      0.10301      0.00378
     -4.43555      2.46145      2.37431      0.08713
     -4.42555     20.87205     20.13319      0.73886
     -4.41555     65.11055     62.80554      2.30501
     -4.40555     74.78394     72.12714      2.65680
     -4.39555     33.25646     31.82909      1.42737
     -4.38555     21.50332     18.31654      3.18678
     -4.37555     59.59122     48.82140     10.76982
     -4.36555     79.71475     65.35430     14.36045
     -4.35555     55.68414     46.55279      9.13135
     -4.34555     68.19826     59.12498      9.07327
     -4.33555     77.17564     67.28967      9.88597
     -4.32555     35.21933     30.71795      4.50138
     -4.31555      5.94275      5.18330      0.75945
     -4.30555      0.36900      0.32185      0.04716
     -4.29555      0.00843      0.00735      0.00108
     -4.28555      0.00000      0.00000      0.00000
     -4.27555      0.00000      0.00000      0.00000
     -4.26555      0.00000      0.00000      0.00000
     -4.25555      0.00000      0.00000      0.00000
     -4.24555      0.00000      0.00000      0.00000
     -4.23555      0.00000      0.00000      0.00000
     -4.22555      0.00000      0.00000      0.00000
     -4.21555      0.00000      0.00000      0.00000
     -4.20555      0.00000      0.00000      0.00000
     -4.19555      0.00000      0.00000      0.00000
     -4.18555      0.00000      0.00000      0.00000
     -4.17555      0.00000      0.00000      0.00000
     -4.16555      0.00000      0.00000      0.00000
     -4.15555      0.00000      0.00000      0.00000
     -4.14555      0.00000      0.00000      0.00000
     -4.13555      0.00000      0.00000      0.00000
     -4.12555      0.00000      0.00000      0.00000
     -4.11555      0.00000      0.00000      0.00000
     -4.10555      0.00000      0.00000      0.00000
     -4.09555      0.00000      0.00000      0.00000
     -4.08555      0.00000      0.00000      0.00000
     -4.07555      0.00000      0.00000      0.00000
     -4.06555      0.00000      0.00000      0.00000
     -4.05555      0.00000      0.00000      0.00000
     -4.04555      0.00000      0.00000      0.00000
     -4.03555      0.00000      0.00000      0.00000
     -4.02555      0.00000      0.00000      0.00000
     -4.01555      0.00000      0.00000      0.00000
     -4.00555      0.00000      0.00000      0.00000
     -3.99555      0.00000      0.00000      0.00000
     -3.98555      0.00000      0.00000      0.00000
     -3.97555      0.00000      0.00000      0.00000
     -3.96555      0.00000      0.00000      0.00000
     -3.95555      0.00000      0.00000      0.00000
     -3.94555      0.00000      0.00000      0.00000
     -3.93555      0.00000      0.00000      0.00000
     -3.92555      0.00000      0.00000      0.00000
     -3.91555      0.00000      0.00000      0.00000
     -3.90555      0.00000      0.00000      0.00000
     -3.89555      0.00000      0.00000      0.00000
     -3.88555      0.00000      0.00000      0.00000
     -3.87555      0.00000      0.00000      0.00000
     -3.86555      0.00000      0.00000      0.00000
     -3.85555      0.00000      0.00000      0.00000
     -3.84555      0.00000      0.00000      0.00000
     -3.83555      0.00000      0.00000      0.00000
     -3.82555      0.00000      0.00000      0.00000
     -3.81555      0.00000      0.00000      0.00000
     -3.80555      0.00000      0.00000      0.00000
     -3.79555      0.00329      0.00319      0.00010
     -3.78555      0.17858      0.17305      0.00553
     -3.77555      3.56343      3.45308      0.11035
     -3.76555     26.15857     25.34853      0.81004
     -3.75555     70.64240     68.45485      2.18755
     -3.74555     70.18147     68.00819      2.17328
     -3.73555     25.64986     24.85557      0.79429
     -3.72555      3.44868      3.34189      0.10679
     -3.71555      0.17058      0.16530      0.00528
     -3.70555      0.00310      0.00301      0.00010
     -3.69555      0.00000      0.00000      0.00000
     -3.68555      0.00000      0.00000      0.00000
     -3.67555      0.00000      0.00000      0.00000
     -3.66555      0.00000      0.00000      0.00000
     -3.65555      0.00000      0.00000      0.00000
     -3.64555      0.00000      0.00000      0.00000
     -3.63555      0.00000      0.00000      0.00000
     -3.62555      0.00000      0.00000      0.00000
     -3.61555      0.00000      0.00000      0.00000
     -3.60555      0.00000      0.00000      0.00000
     -3.59555      0.00000      0.00000      0.00000
     -3.58555      0.00000      0.00000      0.00000
     -3.57555      0.00000      0.00000      0.00000
     -3.56555      0.00000      0.00000      0.00000
     -3.55555      0.00000      0.00000      0.00000
     -3.54555      0.00000      0.00000      0.00000
     -3.53555      0.00000      0.00000      0.00000
     -3.52555      0.00000      0.00000      0.00000
     -3.51555      0.00000      0.00000      0.00000
     -3.50555      0.00000      0.00000      0.00000
     -3.49555      0.00000      0.00000      0.00000
     -3.48555      0.00000      0.00000      0.00000
     -3.47555      0.00193      0.00167      0.00027
     -3.46555      0.11792      0.10164      0.01628
     -3.45555      2.64460      2.27955      0.36506
     -3.44555     21.82008     18.80808      3.01200
     -3.43555     66.23043     57.08812      9.14231
     -3.42555     73.95446     63.74594     10.20852
     -3.41555     30.37922     26.18574      4.19348
     -3.40555      4.59086      3.95715      0.63371
     -3.39555      0.25522      0.21999      0.03523
     -3.38555      0.00522      0.00450      0.00072
     -3.37555      0.00000      0.00000      0.00000
     -3.36555      0.00000      0.00000      0.00000
     -3.35555      0.00000      0.00000      0.00000
     -3.34555      0.00000      0.00000      0.00000
     -3.33555      0.00000      0.00000      0.00000
     -3.32555      0.00000      0.00000      0.00000
     -3.31555      0.00000      0.00000      0.00000
     -3.30555      0.00000      0.00000      0.00000
     -3.29555      0.00000      0.00000      0.00000
     -3.28555      0.00000      0.00000      0.00000
     -3.27555      0.00000      0.00000      0.00000
     -3.26555      0.00000      0.00000      0.00000
     -3.25555      0.00997      0.00850      0.00147
     -3.24555      0.41953      0.35766      0.06187
     -3.23555      6.49563      5.53767      0.95796
     -3.22555     36.99873     31.54224      5.45648
     -3.21555     77.52789     66.09427     11.43363
     -3.20555     59.76332     50.94957      8.81375
     -3.19555     16.94794     14.44850      2.49944
     -3.18555      1.76809      1.50734      0.26075
     -3.17555      0.06786      0.05785      0.01001
     -3.16555      0.00096      0.00082      0.00014
     -3.15555      0.00000      0.00000      0.00000
     -3.14555      0.00000      0.00000      0.00000
     -3.13555      0.00000      0.00000      0.00000
     -3.12555      0.00000      0.00000      0.00000
     -3.11555      0.00000      0.00000      0.00000
     -3.10555      0.00000      0.00000      0.00000
     -3.09555      0.00000      0.00000      0.00000
     -3.08555      0.00000      0.00000      0.00000
     -3.07555      0.00000      0.00000      0.00000
     -3.06555      0.00000      0.00000      0.00000
     -3.05555      0.00000      0.00000      0.00000
     -3.04555      0.00000      0.00000      0.00000
     -3.03555      0.00000      0.00000      0.00000
     -3.02555      0.00000      0.00000      0.00000
     -3.01555      0.00000      0.00000      0.00000
     -3.00555      0.00000      0.00000      0.00000
     -2.99555      0.00000      0.00000      0.00000
     -2.98555      0.00000      0.00000      0.00000
     -2.97555      0.00000      0.00000      0.00000
     -2.96555      0.00000      0.00000      0.00000
     -2.95555      0.00000      0.00000      0.00000
     -2.94555      0.00000      0.00000      0.00000
     -2.93555      0.00000      0.00000      0.00000
     -2.92555      0.00000      0.00000      0.00000
     -2.91555      0.00000      0.00000      0.00000
     -2.90555      0.00000      0.00000      0.00000
     -2.89555      0.00000      0.00000      0.00000
     -2.88555      0.00000      0.00000      0.00000
     -2.87555      0.00000      0.00000      0.00000
     -2.86555      0.00000      0.00000      0.00000
     -2.85555      0.00000      0.00000      0.00000
     -2.84555      0.00000      0.00000      0.00000
     -2.83555      0.00000      0.00000      0.00000
     -2.82555      0.00000      0.00000      0.00000
     -2.81555      0.00000      0.00000      0.00000
     -2.80555      0.00000      0.00000      0.00000
     -2.79555      0.00000      0.00000      0.00000
     -2.78555      0.00000      0.00000      0.00000
     -2.77555      0.00000      0.00000      0.00000
     -2.76555      0.00157      0.00152      0.00006
     -2.75555      0.10030      0.09677      0.00353
     -2.74555      2.35205      2.26928      0.08277
     -2.73555     20.28999     19.57600      0.71399
     -2.72555     64.39073     62.12488      2.26585
     -2.71555     75.17448     72.52917      2.64532
     -2.70555     32.28666     31.15052      1.13614
     -2.69555      5.10130      4.92179      0.17951
     -2.68555      0.29651      0.28608      0.01043
     -2.67555      0.00634      0.00612      0.00022
     -2.66555      0.00000      0.00000      0.00000
     -2.65555      0.00000      0.00000      0.00000
     -2.64555      0.00160      0.00152      0.00008
     -2.63555      0.10141      0.09641      0.00499
     -2.62555      2.37079      2.25407      0.11672
     -2.61555     20.39060     19.38673      1.00387
     -2.60555     64.51672     61.34044      3.17629
     -2.59555     75.09656     71.39940      3.69715
     -2.58555     32.15683     30.57369      1.58314
     -2.57555      5.06561      4.81622      0.24939
     -2.56555      0.29356      0.27911      0.01445
     -2.55555      0.00626      0.00595      0.00031
     -2.54555      0.00000      0.00000      0.00000
     -2.53555      0.00000      0.00000      0.00000
     -2.52555      0.00000      0.00000      0.00000
     -2.51555      0.00000      0.00000      0.00000
     -2.50555      0.00000      0.00000      0.00000
     -2.49555      0.00000      0.00000      0.00000
     -2.48555      0.00000      0.00000      0.00000
     -2.47555      0.00000      0.00000      0.00000
     -2.46555      0.00000      0.00000      0.00000
     -2.45555      0.00000      0.00000      0.00000
     -2.44555      0.00000      0.00000      0.00000
     -2.43555      0.00000      0.00000      0.00000
     -2.42555      0.00000      0.00000      0.00000
     -2.41555      0.00000      0.00000      0.00000
     -2.40555      0.00000      0.00000      0.00000
     -2.39555      0.00000      0.00000      0.00000
     -2.38555      0.00000      0.00000      0.00000
     -2.37555      0.00000      0.00000      0.00000
     -2.36555      0.00000      0.00000      0.00000
     -2.35555      0.00000      0.00000      0.00000
     -2.34555      0.00000      0.00000      0.00000
     -2.33555      0.00000      0.00000      0.00000
     -2.32555      0.00000      0.00000      0.00000
     -2.31555      0.00000      0.00000      0.00000
     -2.30555      0.00000      0.00000      0.00000
     -2.29555      0.00000      0.00000      0.00000
     -2.28555      0.00000      0.00000      0.00000
     -2.27555      0.00000      0.00000      0.00000
     -2.26555      0.00000      0.00000      0.00000
     -2.25555      0.00000      0.00000      0.00000
     -2.24555      0.00727      0.00665      0.00063
     -2.23555      0.32953      0.30110      0.02843
     -2.22555      5.49235      5.01858      0.47377
     -2.21555     33.67668     30.77173      2.90495
     -2.20555     75.96357     69.41095      6.55262
     -2.19555     63.03577     57.59830      5.43746
     -2.18555     19.24306     17.58316      1.65991
     -2.17555      2.16106      1.97465      0.18641
     -2.16555      0.08928      0.08158      0.00770
     -2.15555      0.00136      0.00124      0.00012
     -2.14555      0.00000      0.00000      0.00000
     -2.13555      0.00000      0.00000      0.00000
     -2.12555      0.00000      0.00000      0.00000
     -2.11555      0.00000      0.00000      0.00000
     -2.10555      0.00000      0.00000      0.00000
     -2.09555      0.00000      0.00000      0.00000
     -2.08555      0.00000      0.00000      0.00000
     -2.07555      0.00000      0.00000      0.00000
     -2.06555      0.00000      0.00000      0.00000
     -2.05555      0.00000      0.00000      0.00000
     -2.04555      0.00000      0.00000      0.00000
     -2.03555      0.00000      0.00000      0.00000
     -2.02555      0.00000      0.00000      0.00000
     -2.01555      0.00000      0.00000      0.00000
     -2.00555      0.00000      0.00000      0.00000
     -1.99555      0.00000      0.00000      0.00000
     -1.98555      0.00000      0.00000      0.00000
     -1.97555      0.00000      0.00000      0.00000
     -1.96555      0.00000      0.00000      0.00000
     -1.95555      0.00000      0.00000      0.00000
     -1.94555      0.00000      0.00000      0.00000
     -1.93555      0.00000      0.00000      0.00000
     -1.92555      0.00000      0.00000      0.00000
     -1.91555      0.00000      0.00000      0.00000
     -1.90555      0.00000      0.00000      0.00000
     -1.89555      0.00365      0.00352      0.00013
     -1.88555      0.19336      0.18667      0.00669
     -1.87555      3.77133      3.64084      0.13049
     -1.86555     27.05943     26.12317      0.93626
     -1.85555     71.42465     68.95335      2.47130
     -1.84555     69.35586     66.95614      2.39972
     -1.83555     24.77557     23.91833      0.85724
     -1.82555      3.25589      3.14324      0.11265
     -1.81555      0.15741      0.15196      0.00545
     -1.80555      0.00280      0.00270      0.00010
     -1.79555      0.00000      0.00000      0.00000
     -1.78555      0.00000      0.00000      0.00000
     -1.77555      0.00000      0.00000      0.00000
     -1.76555      0.00000      0.00000      0.00000
     -1.75555      0.00000      0.00000      0.00000
     -1.74555      0.00000      0.00000      0.00000
     -1.73555      0.00000      0.00000      0.00000
     -1.72555      0.00000      0.00000      0.00000
     -1.71555      0.00000      0.00000      0.00000
     -1.70555      0.00095      0.00092      0.00003
     -1.69555      0.06718      0.06511      0.00207
     -1.68555      1.75506      1.70108      0.05397
     -1.67555     16.86814     16.34939      0.51875
     -1.66555     59.64150     57.80733      1.83418
     -1.65555     77.57743     75.19166      2.38577
     -1.64555     37.12168     35.98007      1.14162
     -1.63555      6.53470      6.33373      0.20096
     -1.62555      0.42318      0.41017      0.01301
     -1.61555      0.01008      0.00977      0.00031
     -1.60555      0.00000      0.00000      0.00000
     -1.59555      0.00000      0.00000      0.00000
     -1.58555      0.00000      0.00000      0.00000
     -1.57555      0.00000      0.00000      0.00000
     -1.56555      0.00000      0.00000      0.00000
     -1.55555      0.00000      0.00000      0.00000
     -1.54555      0.00000      0.00000      0.00000
     -1.53555      0.00000      0.00000      0.00000
     -1.52555      0.00000      0.00000      0.00000
     -1.51555      0.00000      0.00000      0.00000
     -1.50555      0.00000      0.00000      0.00000
     -1.49555      0.00000      0.00000      0.00000
     -1.48555      0.00000      0.00000      0.00000
     -1.47555      0.00000      0.00000      0.00000
     -1.46555      0.00000      0.00000      0.00000
     -1.45555      0.00000      0.00000      0.00000
     -1.44555      0.00000      0.00000      0.00000
     -1.43555      0.00000      0.00000      0.00000
     -1.42555      0.00000      0.00000      0.00000
     -1.41555      0.00000      0.00000      0.00000
     -1.40555      0.00000      0.00000      0.00000
     -1.39555      0.00000      0.00000      0.00000
     -1.38555      0.00000      0.00000      0.00000
     -1.37555      0.00000      0.00000      0.00000
     -1.36555      0.00000      0.00000      0.00000
     -1.35555      0.00000      0.00000      0.00000
     -1.34555      0.00000      0.00000      0.00000
     -1.33555      0.00000      0.00000      0.00000
     -1.32555      0.00000      0.00000      0.00000
     -1.31555      0.00000      0.00000      0.00000
     -1.30555      0.00000      0.00000      0.00000
     -1.29555      0.00000      0.00000      0.00000
     -1.28555      0.00000      0.00000      0.00000
     -1.27555      0.00000      0.00000      0.00000
     -1.26555      0.00000      0.00000      0.00000
     -1.25555      0.00000      0.00000      0.00000
     -1.24555      0.00000      0.00000      0.00000
     -1.23555      0.00000      0.00000      0.00000
     -1.22555      0.00000      0.00000      0.00000
     -1.21555      0.00000      0.00000      0.00000
     -1.20555      0.00000      0.00000      0.00000
     -1.19555      0.00000      0.00000      0.00000
     -1.18555      0.00000      0.00000      0.00000
     -1.17555      0.00000      0.00000      0.00000
     -1.16555      0.00000      0.00000      0.00000
     -1.15555      0.00000      0.00000      0.00000
     -1.14555      0.00000      0.00000      0.00000
     -1.13555      0.00000      0.00000      0.00000
     -1.12555      0.00000      0.00000      0.00000
     -1.11555      0.00000      0.00000      0.00000
     -1.10555      0.00000      0.00000      0.00000
     -1.09555      0.00000      0.00000      0.00000
     -1.08555      0.00000      0.00000      0.00000
     -1.07555      0.00000      0.00000      0.00000
     -1.06555      0.00000      0.00000      0.00000
     -1.05555      0.00000      0.00000      0.00000
     -1.04555      0.00000      0.00000      0.00000
     -1.03555      0.00000      0.00000      0.00000
     -1.02555      0.00000      0.00000      0.00000
     -1.01555      0.00000      0.00000      0.00000
     -1.00555      0.00000      0.00000      0.00000
     -0.99555      0.00000      0.00000      0.00000
     -0.98555      0.00000      0.00000      0.00000
     -0.97555      0.00000      0.00000      0.00000
     -0.96555      0.00000      0.00000      0.00000
     -0.95555      0.00000      0.00000      0.00000
     -0.94555      0.00000      0.00000      0.00000
     -0.93555      0.00000      0.00000      0.00000
     -0.92555      0.00000      0.00000      0.00000
     -0.91555      0.00000      0.00000      0.00000
     -0.90555      0.00000      0.00000      0.00000
     -0.89555      0.00000      0.00000      0.00000
     -0.88555      0.00000      0.00000      0.00000
     -0.87555      0.00000      0.00000      0.00000
     -0.86555      0.00000      0.00000      0.00000
     -0.85555      0.00000      0.00000      0.00000
     -0.84555      0.00000      0.00000      0.00000
     -0.83555      0.00000      0.00000      0.00000
     -0.82555      0.00000      0.00000      0.00000
     -0.81555      0.00262      0.00254      0.00008
     -0.80555      0.14956      0.14512      0.00444
     -0.79555      3.13867      3.04555      0.09312
     -0.78555     24.23131     23.51241      0.71890
     -0.77555     68.82516     66.78291      2.04226
     -0.76555     72.16004     70.00299      2.15704
     -0.75555     32.23040     30.98327      1.24713
     -0.74555     34.29341     31.35122      2.94219
     -0.73555     74.16194     67.27676      6.88518
     -0.72555     66.22844     60.06855      6.15989
     -0.71555     21.81497     19.78588      2.02908
     -0.70555      2.64360      2.39771      0.24589
     -0.69555      0.11785      0.10689      0.01096
     -0.68555      0.00193      0.00175      0.00018
     -0.67555      0.00000      0.00000      0.00000
     -0.66555      0.00000      0.00000      0.00000
     -0.65555      0.00000      0.00000      0.00000
     -0.64555      0.00000      0.00000      0.00000
     -0.63555      0.00000      0.00000      0.00000
     -0.62555      0.00000      0.00000      0.00000
     -0.61555      0.00000      0.00000      0.00000
     -0.60555      0.00000      0.00000      0.00000
     -0.59555      0.00000      0.00000      0.00000
     -0.58555      0.00000      0.00000      0.00000
     -0.57555      0.00000      0.00000      0.00000
     -0.56555      0.00000      0.00000      0.00000
     -0.55555      0.00000      0.00000      0.00000
     -0.54555      0.00000      0.00000      0.00000
     -0.53555      0.00000      0.00000      0.00000
     -0.52555      0.00000      0.00000      0.00000
     -0.51555      0.00000      0.00000      0.00000
     -0.50555      0.00000      0.00000      0.00000
     -0.49555      0.00000      0.00000      0.00000
     -0.48555      0.00000      0.00000      0.00000
     -0.47555      0.00000      0.00000      0.00000
     -0.46555      0.00000      0.00000      0.00000
     -0.45555      0.00000      0.00000      0.00000
     -0.44555      0.00000      0.00000      0.00000
     -0.43555      0.00000      0.00000      0.00000
     -0.42555      0.00000      0.00000      0.00000
     -0.41555      0.00000      0.00000      0.00000
     -0.40555      0.00000      0.00000      0.00000
     -0.39555      0.00000      0.00000      0.00000
     -0.38555      0.00000      0.00000      0.00000
     -0.37555      0.00000      0.00000      0.00000
     -0.36555      0.00000      0.00000      0.00000
     -0.35555      0.00000      0.00000      0.00000
     -0.34555      0.00000      0.00000      0.00000
     -0.33555      0.00000      0.00000      0.00000
     -0.32555      0.00000      0.00000      0.00000
     -0.31555      0.00000      0.00000      0.00000
     -0.30555      0.00000      0.00000      0.00000
     -0.29555      0.00000      0.00000      0.00000
     -0.28555      0.00000      0.00000      0.00000
     -0.27555      0.00000      0.00000      0.00000
     -0.26555      0.00000      0.00000      0.00000
     -0.25555      0.00000      0.00000      0.00000
     -0.24555      0.00000      0.00000      0.00000
     -0.23555      0.00000      0.00000      0.00000
     -0.22555      0.00000      0.00000      0.00000
     -0.21555      0.00000      0.00000      0.00000
     -0.20555      0.00000      0.00000      0.00000
     -0.19555      0.00000      0.00000      0.00000
     -0.18555      0.00000      0.00000      0.00000
     -0.17555      0.00000      0.00000      0.00000
     -0.16555      0.00000      0.00000      0.00000
     -0.15555      0.00000      0.00000      0.00000
     -0.14555      0.00000      0.00000      0.00000
     -0.13555      0.00000      0.00000      0.00000
     -0.12555      0.00000      0.00000      0.00000
     -0.11555      0.00000      0.00000      0.00000
     -0.10555      0.00000      0.00000      0.00000
     -0.09555      0.00000      0.00000      0.00000
     -0.08555      0.00000      0.00000      0.00000
     -0.07555      0.00000      0.00000      0.00000
     -0.06555      0.00000      0.00000      0.00000
     -0.05555      0.00000      0.00000      0.00000
     -0.04555      0.00249      0.00222      0.00027
     -0.03555      0.14377      0.12813      0.01564
     -0.02555      3.05097      2.71906      0.33191
     -0.01555     23.81754     21.22646      2.59107
     -0.00555     68.40092     60.95969      7.44123
      0.00445     72.26575     64.40408      7.86168
      0.01445     28.08721     25.03165      3.05556
      0.02445      4.01597      3.57908      0.43689
      0.03445      0.21124      0.18826      0.02298
      0.04445      0.00409      0.00364      0.00044
      0.05445      0.00000      0.00000      0.00000
      0.06445      0.00000      0.00000      0.00000
      0.07445      0.00000      0.00000      0.00000
      0.08445      0.00000      0.00000      0.00000
      0.09445      0.00000      0.00000      0.00000
      0.10445      0.00000      0.00000      0.00000
      0.11445      0.00000      0.00000      0.00000
      0.12445      0.00000      0.00000      0.00000
      0.13445      0.00000      0.00000      0.00000
      0.14445      0.00000      0.00000      0.00000
      0.15445      0.00000      0.00000      0.00000
      0.16445      0.00000      0.00000      0.00000
      0.17445      0.00000      0.00000      0.00000
      0.18445      0.00000      0.00000      0.00000
      0.19445      0.00000      0.00000      0.00000
      0.20445      0.00000      0.00000      0.00000
      0.21445      0.00000      0.00000      0.00000
      0.22445      0.00000      0.00000      0.00000
      0.23445      0.00000      0.00000      0.00000
      0.24445      0.00000      0.00000      0.00000
      0.25445      0.00000      0.00000      0.00000
      0.26445      0.00000      0.00000      0.00000
      0.27445      0.00000      0.00000      0.00000
      0.28445      0.00000      0.00000      0.00000
      0.29445      0.00000      0.00000      0.00000
      0.30445      0.00000      0.00000      0.00000
      0.31445      0.00000      0.00000      0.00000
      0.32445      0.00000      0.00000      0.00000
      0.33445      0.00000      0.00000      0.00000
      0.34445      0.00000      0.00000      0.00000
      0.35445      0.00000      0.00000      0.00000
      0.36445      0.00000      0.00000      0.00000
      0.37445      0.00000      0.00000      0.00000
      0.38445      0.00000      0.00000      0.00000
      0.39445      0.00000      0.00000      0.00000
      0.40445      0.00000      0.00000      0.00000
      0.41445      0.00000      0.00000      0.00000
      0.42445      0.00000      0.00000      0.00000
      0.43445      0.00000      0.00000      0.00000
      0.44445      0.00000      0.00000      0.00000
      0.45445      0.00000      0.00000      0.00000
      0.46445      0.00000      0.00000      0.00000
      0.47445      0.00000      0.00000      0.00000
      0.48445      0.00000      0.00000      0.00000
      0.49445      0.00000      0.00000      0.00000
      0.50445      0.00000      0.00000      0.00000
      0.51445      0.00000      0.00000      0.00000
      0.52445      0.00000      0.00000      0.00000
      0.53445      0.00000      0.00000      0.00000
      0.54445      0.00000      0.00000      0.00000
      0.55445      0.00000      0.00000      0.00000
      0.56445      0.00000      0.00000      0.00000
      0.57445      0.00000      0.00000      0.00000
      0.58445      0.00000      0.00000      0.00000
      0.59445      0.00000      0.00000      0.00000
      0.60445      0.00000      0.00000      0.00000
      0.61445      0.00000      0.00000      0.00000
      0.62445      0.00000      0.00000      0.00000
      0.63445      0.00000      0.00000      0.00000
      0.64445      0.00000      0.00000      0.00000
      0.65445      0.00000      0.00000      0.00000
      0.66445      0.00000      0.00000      0.00000
      0.67445      0.00000      0.00000      0.00000
      0.68445      0.00000      0.00000      0.00000
      0.69445      0.00000      0.00000      0.00000
      0.70445      0.00000      0.00000      0.00000
      0.71445      0.00000      0.00000      0.00000
      0.72445      0.00000      0.00000      0.00000
      0.73445      0.00000      0.00000      0.00000
      0.74445      0.00000      0.00000      0.00000
      0.75445      0.00000      0.00000      0.00000
      0.76445      0.00000      0.00000      0.00000
      0.77445      0.00000      0.00000      0.00000
      0.78445      0.00000      0.00000      0.00000
      0.79445      0.00000      0.00000      0.00000
      0.80445      0.00000      0.00000      0.00000
      0.81445      0.00000      0.00000      0.00000
      0.82445      0.00000      0.00000      0.00000
      0.83445      0.00000      0.00000      0.00000
      0.84445      0.00000      0.00000      0.00000
      0.85445      0.00000      0.00000      0.00000
      0.86445      0.00000      0.00000      0.00000
      0.87445      0.00000      0.00000      0.00000
      0.88445      0.00000      0.00000      0.00000
      0.89445      0.00000      0.00000      0.00000
      0.90445      0.00000      0.00000      0.00000
      0.91445      0.00000      0.00000      0.00000
      0.92445      0.00000      0.00000      0.00000
      0.93445      0.00000      0.00000      0.00000
      0.94445      0.00000      0.00000      0.00000
      0.95445      0.00000      0.00000      0.00000
      0.96445      0.00000      0.00000      0.00000
      0.97445      0.00000      0.00000      0.00000
      0.98445      0.00000      0.00000      0.00000
      0.99445      0.00000      0.00000      0.00000
      1.00445      0.00000      0.00000      0.00000
      1.01445      0.00000      0.00000      0.00000
      1.02445      0.00000      0.00000      0.00000
      1.03445      0.00000      0.00000      0.00000
      1.04445      0.00000      0.00000      0.00000
      1.05445      0.00000      0.00000      0.00000
      1.06445      0.00000      0.00000      0.00000
      1.07445      0.00000      0.00000      0.00000
      1.08445      0.00000      0.00000      0.00000
      1.09445      0.00000      0.00000      0.00000
      1.10445      0.00000      0.00000      0.00000
      1.11445      0.00000      0.00000      0.00000
      1.12445      0.00000      0.00000      0.00000
      1.13445      0.00000      0.00000      0.00000
      1.14445      0.00000      0.00000      0.00000
      1.15445      0.00000      0.00000      0.00000
      1.16445      0.00000      0.00000      0.00000
      1.17445      0.00000      0.00000      0.00000
      1.18445      0.00000      0.00000      0.00000
      1.19445      0.00000      0.00000      0.00000
      1.20445      0.00000      0.00000      0.00000
      1.21445      0.00000      0.00000      0.00000
      1.22445      0.00000      0.00000      0.00000
      1.23445      0.00000      0.00000      0.00000
      1.24445      0.00000      0.00000      0.00000
      1.25445      0.00000      0.00000      0.00000
      1.26445      0.00000      0.00000      0.00000
      1.27445      0.00000      0.00000      0.00000
      1.28445      0.00000      0.00000      0.00000
      1.29445      0.00000      0.00000      0.00000
      1.30445      0.00000      0.00000      0.00000
      1.31445      0.00000      0.00000      0.00000
      1.32445      0.00000      0.00000      0.00000
      1.33445      0.00000      0.00000      0.00000
      1.34445      0.00000      0.00000      0.00000
      1.35445      0.00000      0.00000      0.00000
      1.36445      0.00000      0.00000      0.00000
      1.37445      0.00000      0.00000      0.00000
      1.38445      0.00000      0.00000      0.00000
      1.39445      0.00000      0.00000      0.00000
      1.40445      0.00000      0.00000      0.00000
      1.41445      0.00000      0.00000      0.00000
      1.42445      0.00000      0.00000      0.00000
      1.43445      0.00000      0.00000      0.00000
      1.44445      0.00000      0.00000      0.00000
      1.45445      0.00000      0.00000      0.00000
      1.46445      0.00000      0.00000      0.00000
      1.47445      0.00000      0.00000      0.00000
      1.48445      0.00000      0.00000      0.00000
      1.49445      0.00000      0.00000      0.00000
      1.50445      0.00000      0.00000      0.00000
      1.51445      0.00000      0.00000      0.00000
      1.52445      0.00000      0.00000      0.00000
      1.53445      0.00000      0.00000      0.00000
      1.54445      0.00000      0.00000      0.00000
      1.55445      0.00000      0.00000      0.00000
      1.56445      0.00000      0.00000      0.00000
      1.57445      0.00000      0.00000      0.00000
      1.58445      0.00000      0.00000      0.00000
      1.59445      0.00000      0.00000      0.00000
      1.60445      0.00000      0.00000      0.00000
      1.61445      0.00000      0.00000      0.00000
      1.62445      0.00000      0.00000      0.00000
      1.63445      0.00000      0.00000      0.00000
      1.64445      0.00000      0.00000      0.00000
      1.65445      0.00000      0.00000      0.00000
      1.66445      0.00000      0.00000      0.00000
      1.67445      0.00000      0.00000      0.00000
      1.68445      0.00000      0.00000      0.00000
      1.69445      0.00000      0.00000      0.00000
      1.70445      0.00000      0.00000      0.00000
      1.71445      0.00000      0.00000      0.00000
      1.72445      0.00000      0.00000      0.00000
      1.73445      0.00000      0.00000      0.00000
      1.74445      0.00000      0.00000      0.00000
      1.75445      0.00000      0.00000      0.00000
      1.76445      0.00000      0.00000      0.00000
      1.77445      0.00000      0.00000      0.00000
      1.78445      0.00000      0.00000      0.00000
      1.79445      0.00000      0.00000      0.00000
      1.80445      0.00000      0.00000      0.00000
      1.81445      0.00000      0.00000      0.00000
      1.82445      0.00000      0.00000      0.00000
      1.83445      0.00000      0.00000      0.00000
      1.84445      0.00000      0.00000      0.00000
      1.85445      0.00000      0.00000      0.00000
      1.86445      0.00000      0.00000      0.00000
      1.87445      0.00000      0.00000      0.00000
      1.88445      0.00000      0.00000      0.00000
      1.89445      0.00000      0.00000      0.00000
      1.90445      0.00000      0.00000      0.00000
      1.91445      0.00000      0.00000      0.00000
      1.92445      0.00000      0.00000      0.00000
      1.93445      0.00000      0.00000      0.00000
      1.94445      0.00000      0.00000      0.00000
      1.95445      0.00000      0.00000      0.00000
      1.96445      0.00000      0.00000      0.00000
      1.97445      0.00000      0.00000      0.00000
      1.98445      0.00000      0.00000      0.00000
      1.99445      0.00000      0.00000      0.00000
      2.00445      0.00000      0.00000      0.00000
      2.01445      0.00000      0.00000      0.00000
      2.02445      0.00000      0.00000      0.00000
      2.03445      0.00000      0.00000      0.00000
      2.04445      0.00000      0.00000      0.00000
      2.05445      0.00000      0.00000      0.00000
      2.06445      0.00000      0.00000      0.00000
      2.07445      0.00000      0.00000      0.00000
      2.08445      0.00000      0.00000      0.00000
      2.09445      0.00000      0.00000      0.00000
      2.10445      0.00000      0.00000      0.00000
      2.11445      0.00000      0.00000      0.00000
      2.12445      0.00000      0.00000      0.00000
      2.13445      0.00000      0.00000      0.00000
      2.14445      0.00000      0.00000      0.00000
      2.15445      0.00000      0.00000      0.00000
      2.16445      0.00000      0.00000      0.00000
      2.17445      0.00000      0.00000      0.00000
      2.18445      0.00000      0.00000      0.00000
      2.19445      0.00000      0.00000      0.00000
      2.20445      0.00000      0.00000      0.00000
      2.21445      0.00000      0.00000      0.00000
      2.22445      0.00000      0.00000      0.00000
      2.23445      0.00000      0.00000      0.00000
      2.24445      0.00000      0.00000      0.00000
      2.25445      0.00000      0.00000      0.00000
      2.26445      0.00000      0.00000      0.00000
      2.27445      0.00000      0.00000      0.00000
      2.28445      0.00000      0.00000      0.00000
      2.29445      0.00000      0.00000      0.00000
      2.30445      0.00000      0.00000      0.00000
      2.31445      0.00000      0.00000      0.00000
      2.32445      0.00000      0.00000      0.00000
      2.33445      0.00000      0.00000      0.00000
      2.34445      0.00000      0.00000      0.00000
      2.35445      0.00000      0.00000      0.00000
      2.36445      0.00000      0.00000      0.00000
      2.37445      0.00000      0.00000      0.00000
      2.38445      0.00000      0.00000      0.00000
      2.39445      0.00000      0.00000      0.00000
      2.40445      0.00000      0.00000      0.00000
      2.41445      0.00000      0.00000      0.00000
      2.42445      0.00000      0.00000      0.00000
      2.43445      0.00000      0.00000      0.00000
      2.44445      0.00000      0.00000      0.00000
      2.45445      0.00000      0.00000      0.00000
      2.46445      0.00000      0.00000      0.00000
      2.47445      0.00000      0.00000      0.00000
      2.48445      0.00000      0.00000      0.00000
      2.49445      0.00000      0.00000      0.00000
      2.50445      0.00000      0.00000      0.00000
      2.51445      0.00000      0.00000      0.00000
      2.52445      0.00000      0.00000      0.00000
      2.53445      0.00000      0.00000      0.00000
      2.54445      0.00000      0.00000      0.00000
      2.55445      0.00000      0.00000      0.00000
      2.56445      0.00000      0.00000      0.00000
      2.57445      0.00000      0.00000      0.00000
      2.58445      0.00000      0.00000      0.00000
      2.59445      0.00000      0.00000      0.00000
      2.60445      0.00000      0.00000      0.00000
      2.61445      0.00000      0.00000      0.00000
      2.62445      0.00000      0.00000      0.00000
      2.63445      0.00000      0.00000      0.00000
      2.64445      0.00000      0.00000      0.00000
      2.65445      0.00000      0.00000      0.00000
      2.66445      0.00000      0.00000      0.00000
      2.67445      0.00000      0.00000      0.00000
      2.68445      0.00000      0.00000      0.00000
      2.69445      0.00000      0.00000      0.00000
      2.70445      0.00000      0.00000      0.00000
      2.71445      0.00000      0.00000      0.00000
      2.72445      0.00000      0.00000      0.00000
      2.73445      0.00000      0.00000      0.00000
      2.74445      0.00000      0.00000      0.00000
      2.75445      0.00000      0.00000      0.00000
      2.76445      0.00000      0.00000      0.00000
      2.77445      0.00000      0.00000      0.00000
      2.78445      0.00000      0.00000      0.00000
      2.79445      0.00000      0.00000      0.00000
      2.80445      0.00000      0.00000      0.00000
      2.81445      0.00000      0.00000      0.00000
      2.82445      0.00000      0.00000      0.00000
      2.83445      0.00000      0.00000      0.00000
      2.84445      0.00000      0.00000      0.00000
      2.85445      0.00000      0.00000      0.00000
      2.86445      0.00000      0.00000      0.00000
      2.87445      0.00000      0.00000      0.00000
      2.88445      0.00000      0.00000      0.00000
      2.89445      0.00000      0.00000      0.00000
      2.90445      0.00000      0.00000      0.00000
      2.91445      0.00000      0.00000      0.00000
      2.92445      0.00000      0.00000      0.00000
      2.93445      0.00000      0.00000      0.00000
      2.94445      0.00000      0.00000      0.00000
      2.95445      0.00000      0.00000      0.00000
      2.96445      0.00000      0.00000      0.00000
      2.97445      0.00000      0.00000      0.00000
      2.98445      0.00000      0.00000      0.00000
      2.99445      0.00000      0.00000      0.00000
      3.00445      0.00000      0.00000      0.00000
      3.01445      0.00000      0.00000      0.00000
      3.02445      0.00000      0.00000      0.00000
      3.03445      0.00000      0.00000      0.00000
      3.04445      0.00000      0.00000      0.00000
      3.05445      0.00000      0.00000      0.00000
      3.06445      0.00000      0.00000      0.00000
      3.07445      0.00000      0.00000      0.00000
      3.08445      0.00000      0.00000      0.00000
      3.09445      0.00000      0.00000      0.00000
      3.10445      0.00000      0.00000      0.00000
      3.11445      0.00000      0.00000      0.00000
      3.12445      0.00000      0.00000      0.00000
      3.13445      0.00000      0.00000      0.00000
      3.14445      0.00000      0.00000      0.00000
      3.15445      0.00000      0.00000      0.00000
      3.16445      0.00000      0.00000      0.00000
      3.17445      0.00000      0.00000      0.00000
      3.18445      0.00000      0.00000      0.00000
      3.19445      0.00000      0.00000      0.00000
      3.20445      0.00000      0.00000      0.00000
      3.21445      0.00000      0.00000      0.00000
      3.22445      0.00000      0.00000      0.00000
      3.23445      0.00000      0.00000      0.00000
      3.24445      0.00000      0.00000      0.00000
      3.25445      0.00000      0.00000      0.00000
      3.26445      0.00000      0.00000      0.00000
      3.27445      0.00000      0.00000      0.00000
      3.28445      0.00000      0.00000      0.00000
      3.29445      0.00000      0.00000      0.00000
      3.30445      0.00000      0.00000      0.00000
      3.31445      0.00000      0.00000      0.00000
      3.32445      0.00000      0.00000      0.00000
      3.33445      0.00000      0.00000      0.00000
      3.34445      0.00000      0.00000      0.00000
      3.35445      0.00000      0.00000      0.00000
      3.36445      0.00000      0.00000      0.00000
      3.37445      0.00000      0.00000      0.00000
      3.38445      0.00000      0.00000      0.00000
      3.39445      0.00000      0.00000      0.00000
      3.40445      0.00000      0.00000      0.00000
      3.41445      0.00000      0.00000      0.00000
      3.42445      0.00000      0.00000      0.00000
      3.43445      0.00000      0.00000      0.00000
      3.44445      0.00000      0.00000      0.00000
      3.45445      0.00000      0.00000      0.00000
      3.46445      0.00000      0.00000      0.00000
      3.47445      0.00000      0.00000      0.00000
      3.48445      0.00000      0.00000      0.00000
      3.49445      0.00000      0.00000      0.00000
      3.50445      0.00000      0.00000      0.00000
      3.51445      0.00000      0.00000      0.00000
      3.52445      0.00000      0.00000      0.00000
      3.53445      0.00000      0.00000      0.00000
      3.54445      0.00000      0.00000      0.00000
      3.55445      0.00000      0.00000      0.00000
      3.56445      0.00000      0.00000      0.00000
      3.57445      0.00000      0.00000      0.00000
      3.58445      0.00000      0.00000      0.00000
      3.59445      0.00000      0.00000      0.00000
      3.60445      0.00000      0.00000      0.00000
      3.61445      0.00000      0.00000      0.00000
      3.62445      0.00000      0.00000      0.00000
      3.63445      0.00000      0.00000      0.00000
      3.64445      0.00000      0.00000      0.00000
      3.65445      0.00000      0.00000      0.00000
      3.66445      0.00000      0.00000      0.00000
      3.67445      0.00000      0.00000      0.00000
      3.68445      0.00000      0.00000      0.00000
      3.69445      0.00000      0.00000      0.00000
      3.70445      0.00000      0.00000      0.00000
      3.71445      0.00000      0.00000      0.00000
      3.72445      0.00000      0.00000      0.00000
      3.73445      0.00000      0.00000      0.00000
      3.74445      0.00000      0.00000      0.00000
      3.75445      0.00000      0.00000      0.00000
      3.76445      0.00000      0.00000      0.00000
      3.77445      0.00000      0.00000      0.00000
      3.78445      0.00000      0.00000      0.00000
      3.79445      0.00000      0.00000      0.00000
      3.80445      0.00000      0.00000      0.00000
      3.81445      0.00000      0.00000      0.00000
      3.82445      0.00000      0.00000      0.00000
      3.83445      0.00000      0.00000      0.00000
      3.84445      0.00000      0.00000      0.00000
      3.85445      0.00000      0.00000      0.00000
      3.86445      0.00000      0.00000      0.00000
      3.87445      0.00000      0.00000      0.00000
      3.88445      0.00000      0.00000      0.00000
      3.89445      0.00000      0.00000      0.00000
      3.90445      0.00000      0.00000      0.00000
      3.91445      0.00000      0.00000      0.00000
      3.92445      0.00000      0.00000      0.00000
      3.93445      0.00000      0.00000      0.00000
      3.94445      0.00000      0.00000      0.00000
      3.95445      0.00000      0.00000      0.00000
      3.96445      0.00000      0.00000      0.00000
      3.97445      0.00000      0.00000      0.00000
      3.98445      0.00000      0.00000      0.00000
      3.99445      0.00000      0.00000      0.00000
      4.00445      0.00000      0.00000      0.00000
      4.01445      0.00000      0.00000      0.00000
      4.02445      0.00000      0.00000      0.00000
      4.03445      0.00000      0.00000      0.00000
      4.04445      0.00000      0.00000      0.00000
      4.05445      0.00000      0.00000      0.00000
      4.06445      0.00000      0.00000      0.00000
      4.07445      0.00000      0.00000      0.00000
      4.08445      0.00000      0.00000      0.00000
      4.09445      0.00000      0.00000      0.00000
      4.10445      0.00000      0.00000      0.00000
      4.11445      0.00000      0.00000      0.00000
      4.12445      0.00000      0.00000      0.00000
      4.13445      0.00000      0.00000      0.00000
      4.14445      0.00000      0.00000      0.00000
      4.15445      0.00000      0.00000      0.00000
      4.16445      0.00000      0.00000      0.00000
      4.17445      0.00000      0.00000      0.00000
      4.18445      0.00000      0.00000      0.00000
      4.19445      0.00000      0.00000      0.00000
      4.20445      0.00000      0.00000      0.00000
      4.21445      0.00000      0.00000      0.00000
      4.22445      0.00000      0.00000      0.00000
      4.23445      0.00000      0.00000      0.00000
      4.24445      0.00000      0.00000      0.00000
      4.25445      0.00000      0.00000      0.00000
      4.26445      0.00000      0.00000      0.00000
      4.27445      0.00000      0.00000      0.00000
      4.28445      0.00000      0.00000      0.00000
      4.29445      0.00000      0.00000      0.00000
      4.30445      0.00000      0.00000      0.00000
      4.31445      0.00000      0.00000      0.00000
      4.32445      0.00000      0.00000      0.00000
      4.33445      0.00000      0.00000      0.00000
      4.34445      0.00000      0.00000      0.00000
      4.35445      0.00000      0.00000      0.00000
      4.36445      0.00000      0.00000      0.00000
      4.37445      0.00000      0.00000      0.00000
      4.38445      0.00000      0.00000      0.00000
      4.39445      0.00000      0.00000      0.00000
      4.40445      0.00000      0.00000      0.00000
      4.41445      0.00000      0.00000      0.00000
      4.42445      0.00000      0.00000      0.00000
      4.43445      0.00000      0.00000      0.00000
      4.44445      0.00000      0.00000      0.00000
      4.45445      0.00000      0.00000      0.00000
      4.46445      0.00000      0.00000      0.00000
      4.47445      0.00000      0.00000      0.00000
      4.48445      0.00000      0.00000      0.00000
      4.49445      0.00000      0.00000      0.00000
      4.50445      0.00000      0.00000      0.00000
      4.51445      0.00000      0.00000      0.00000
      4.52445      0.00000      0.00000      0.00000
      4.53445      0.00000      0.00000      0.00000
      4.54445      0.00000      0.00000      0.00000
      4.55445      0.00000      0.00000      0.00000
      4.56445      0.00000      0.00000      0.00000
      4.57445      0.00000      0.00000      0.00000
      4.58445      0.00000      0.00000      0.00000
      4.59445      0.00000      0.00000      0.00000
      4.60445      0.00000      0.00000      0.00000
      4.61445      0.00000      0.00000      0.00000
      4.62445      0.00000      0.00000      0.00000
      4.63445      0.00000      0.00000      0.00000
      4.64445      0.00000      0.00000      0.00000
      4.65445      0.00000      0.00000      0.00000
      4.66445      0.00000      0.00000      0.00000
      4.67445      0.00000      0.00000      0.00000
      4.68445      0.00000      0.00000      0.00000
      4.69445      0.00000      0.00000      0.00000
      4.70445      0.00000      0.00000      0.00000
      4.71445      0.00000      0.00000      0.00000
      4.72445      0.00000      0.00000      0.00000
      4.73445      0.00000      0.00000      0.00000
      4.74445      0.00000      0.00000      0.00000
      4.75445      0.00000      0.00000      0.00000
      4.76445      0.00000      0.00000      0.00000
      4.77445      0.00000      0.00000      0.00000
      4.78445      0.00000      0.00000      0.00000
      4.79445      0.00000      0.00000      0.00000
      4.80445      0.00000      0.00000      0.00000
      4.81445      0.00000      0.00000      0.00000
      4.82445      0.00000      0.00000      0.00000
      4.83445      0.00000      0.00000      0.00000
      4.84445      0.00000      0.00000      0.00000
      4.85445      0.00000      0.00000      0.00000
      4.86445      0.00000      0.00000      0.00000
      4.87445      0.00000      0.00000      0.00000
      4.88445      0.00000      0.00000      0.00000
      4.89445      0.00000      0.00000      0.00000
      4.90445      0.00000      0.00000      0.00000
      4.91445      0.00000      0.00000      0.00000
      4.92445      0.00000      0.00000      0.00000
      4.93445      0.00000      0.00000      0.00000
      4.94445      0.00000      0.00000      0.00000
      4.95445      0.00000      0.00000      0.00000
      4.96445      0.00000      0.00000      0.00000
      4.97445      0.00000      0.00000      0.00000
      4.98445      0.00000      0.00000      0.00000
      4.99445      0.00000      0.00000      0.00000
      5.00445      0.00000      0.00000      0.00000
      5.01445      0.00000      0.00000      0.00000
      5.02445      0.00000      0.00000      0.00000
      5.03445      0.00000      0.00000      0.00000
      5.04445      0.00000      0.00000      0.00000
      5.05445      0.00000      0.00000      0.00000
      5.06445      0.00000      0.00000      0.00000
      5.07445      0.00000      0.00000      0.00000
      5.08445      0.00000      0.00000      0.00000
      5.09445      0.00000      0.00000      0.00000
      5.10445      0.00000      0.00000      0.00000
      5.11445      0.00000      0.00000      0.00000
      5.12445      0.00000      0.00000      0.00000
      5.13445      0.00000      0.00000      0.00000
      5.14445      0.00000      0.00000      0.00000
      5.15445      0.00000      0.00000      0.00000
      5.16445      0.00000      0.00000      0.00000
      5.17445      0.00000      0.00000      0.00000
      5.18445      0.00000      0.00000      0.00000
      5.19445      0.00000      0.00000      0.00000
      5.20445      0.00000      0.00000      0.00000
      5.21445      0.00000      0.00000      0.00000
      5.22445      0.00000      0.00000      0.00000
      5.23445      0.00000      0.00000      0.00000
      5.24445      0.00000      0.00000      0.00000
      5.25445      0.00000      0.00000      0.00000
      5.26445      0.00000      0.00000      0.00000
      5.27445      0.00000      0.00000      0.00000
      5.28445      0.00000      0.00000      0.00000
      5.29445      0.00000      0.00000      0.00000
      5.30445      0.00000      0.00000      0.00000
      5.31445      0.00000      0.00000      0.00000
      5.32445      0.00000      0.00000      0.00000
      5.33445      0.00000      0.00000      0.00000
      5.34445      0.00000      0.00000      0.00000
      5.35445      0.00000      0.00000      0.00000
      5.36445      0.00000      0.00000      0.00000
      5.37445      0.00000      0.00000      0.00000
      5.38445      0.00000      0.00000      0.00000
      5.39445      0.00000      0.00000      0.00000
      5.40445      0.00000      0.00000      0.00000
      5.41445      0.00000      0.00000      0.00000
      5.42445      0.00000      0.00000      0.00000
      5.43445      0.00000      0.00000      0.00000
      5.44445      0.00000      0.00000      0.00000
      5.45445      0.00000      0.00000      0.00000
      5.46445      0.00000      0.00000      0.00000
      5.47445      0.00000      0.00000      0.00000
      5.48445      0.00000      0.00000      0.00000
      5.49445      0.00000      0.00000      0.00000
      5.50445      0.00000      0.00000      0.00000
      5.51445      0.00000      0.00000      0.00000
      5.52445      0.00000      0.00000      0.00000
      5.53445      0.00000      0.00000      0.00000
      5.54445      0.00000      0.00000      0.00000
      5.55445      0.00000      0.00000      0.00000
      5.56445      0.00000      0.00000      0.00000
      5.57445      0.00000      0.00000      0.00000
      5.58445      0.00000      0.00000      0.00000
      5.59445      0.00000      0.00000      0.00000
      5.60445      0.00000      0.00000      0.00000
      5.61445      0.00000      0.00000      0.00000
      5.62445      0.00000      0.00000      0.00000
      5.63445      0.00000      0.00000      0.00000
      5.64445      0.00000      0.00000      0.00000
      5.65445      0.00000      0.00000      0.00000
      5.66445      0.00000      0.00000      0.00000
      5.67445      0.00000      0.00000      0.00000
      5.68445      0.00000      0.00000      0.00000
      5.69445      0.00000      0.00000      0.00000
      5.70445      0.00000      0.00000      0.00000
      5.71445      0.00000      0.00000      0.00000
      5.72445      0.00000      0.00000      0.00000
      5.73445      0.00000      0.00000      0.00000
      5.74445      0.00000      0.00000      0.00000
      5.75445      0.00000      0.00000      0.00000
      5.76445      0.00000      0.00000      0.00000
      5.77445      0.00000      0.00000      0.00000
      5.78445      0.00000      0.00000      0.00000
      5.79445      0.00000      0.00000      0.00000
      5.80445      0.00000      0.00000      0.00000
      5.81445      0.00000      0.00000      0.00000
      5.82445      0.00000      0.00000      0.00000
      5.83445      0.00000      0.00000      0.00000
      5.84445      0.00000      0.00000      0.00000
      5.85445      0.00000      0.00000      0.00000
      5.86445      0.00000      0.00000      0.00000
      5.87445      0.01070      0.00077      0.00992
      5.88445      0.44361      0.03198      0.41163
      5.89445      6.80511      0.49095      6.31415
      5.90445     39.44905      2.85418     36.59487
      5.91445     94.25270      6.89596     87.35674
      5.92445    117.95809      8.86774    109.09035
      5.93445     94.30138      7.27918     87.02220
      5.94445     39.50227      3.08138     36.42089
      5.95445      6.82105      0.53349      6.28756
      5.96445      0.44511      0.03483      0.41028
      5.97445      0.01074      0.00084      0.00990
      5.98445      0.00000      0.00000      0.00000
      5.99445      0.00000      0.00000      0.00000
      6.00445      0.00000      0.00000      0.00000
      6.01445      0.00000      0.00000      0.00000
      6.02445      0.00000      0.00000      0.00000
      6.03445      0.00000      0.00000      0.00000
      6.04445      0.00000      0.00000      0.00000
      6.05445      0.00000      0.00000      0.00000
      6.06445      0.00000      0.00000      0.00000
      6.07445      0.00000      0.00000      0.00000
      6.08445      0.00000      0.00000      0.00000
      6.09445      0.00000      0.00000      0.00000
      6.10445      0.00000      0.00000      0.00000
      6.11445      0.00000      0.00000      0.00000
      6.12445      0.00000      0.00000      0.00000
      6.13445      0.00000      0.00000      0.00000
      6.14445      0.00000      0.00000      0.00000
      6.15445      0.00000      0.00000      0.00000
      6.16445      0.00000      0.00000      0.00000
      6.17445      0.00000      0.00000      0.00000
      6.18445      0.00000      0.00000      0.00000
      6.19445      0.00000      0.00000      0.00000
      6.20445      0.00000      0.00000      0.00000
      6.21445      0.00000      0.00000      0.00000
      6.22445      0.00000      0.00000      0.00000
      6.23445      0.00000      0.00000      0.00000
      6.24445      0.00000      0.00000      0.00000
      6.25445      0.00619      0.00051      0.00568
      6.26445      0.29118      0.02391      0.26727
      6.27445      5.03678      0.41357      4.62321
      6.28445     32.05159      2.63175     29.41984
      6.29445     75.03285      6.16094     68.87191
      6.30445     64.61977      5.30593     59.31384
      6.31445     20.54214      1.68692     18.85522
      6.32445      4.18750      0.34906      3.83844
      6.33445     17.25485      1.46790     15.78695
      6.34445     60.18769      5.20011     54.98758
      6.35445     80.01294      8.68636     71.32658
      6.36445     58.43294     20.65823     37.77471
      6.37445     74.69945     55.78730     18.91215
      6.38445     94.34686     77.28420     17.06266
      6.39445     94.41630     80.97516     13.44115
      6.40445     80.16202     70.37898      9.78304
      6.41445     33.13229     29.21511      3.91718
      6.42445      5.27004      4.64930      0.62074
      6.43445      0.35077      0.27672      0.07404
      6.44445      1.21753      0.09774      1.11979
      6.45445     13.26928      1.00611     12.26318
      6.46445     53.49644      4.05622     49.44022
      6.47445     79.34283      6.01595     73.32689
      6.48445     43.29084      3.28241     40.00844
      6.49445      8.68940      0.65885      8.03055
      6.50445      0.64164      0.04865      0.59299
      6.51445      0.01743      0.00132      0.01611
      6.52445      0.00000      0.00000      0.00000
      6.53445      0.00000      0.00000      0.00000
      6.54445      0.00000      0.00000      0.00000
      6.55445      0.00000      0.00000      0.00000
      6.56445      0.00000      0.00000      0.00000
      6.57445      0.00000      0.00000      0.00000
      6.58445      0.00000      0.00000      0.00000
      6.59445      0.00000      0.00000      0.00000
      6.60445      0.00000      0.00000      0.00000
      6.61445      0.00000      0.00000      0.00000
      6.62445      0.00000      0.00000      0.00000
      6.63445      0.00000      0.00000      0.00000
      6.64445      0.00000      0.00000      0.00000
      6.65445      0.00000      0.00000      0.00000
      6.66445      0.00294      0.00023      0.00271
      6.67445      0.16332      0.01277      0.15055
      6.68445      3.34300      0.26130      3.08170
      6.69445     25.17373      1.96765     23.20609
      6.70445     69.73717      5.45084     64.28632
      6.71445     71.07004      5.55502     65.51501
      6.72445     26.64491      2.08264     24.56227
      6.73445      3.67492      0.28724      3.38768
      6.74445      0.18646      0.01457      0.17189
      6.75445      0.00348      0.00027      0.00321
      6.76445      0.00000      0.00000      0.00000
      6.77445      0.00000      0.00000      0.00000
      6.78445      0.00167      0.00015      0.00153
      6.79445      0.10526      0.00926      0.09599
      6.80445      2.43578      0.21439      2.22139
      6.81445     20.73657      1.82515     18.91142
      6.82445     64.94444      5.71614     59.22830
      6.83445     74.82601      6.58587     68.24014
      6.84445     31.71529      2.79145     28.92385
      6.85445      4.94527      0.43526      4.51001
      6.86445      0.28367      0.02497      0.25871
      6.87445      0.02830      0.02151      0.00679
      6.88445      0.77308      0.72699      0.04608
      6.89445      9.85389      9.26651      0.58738
      6.90445     46.20605     43.45177      2.75428
      6.91445     79.70683     74.95561      4.75122
      6.92445     50.58220     47.56706      3.01514
      6.93445     11.80879     11.10489      0.70391
      6.94445      1.01419      0.95373      0.06045
      6.95445      0.03204      0.03013      0.00191
      6.96445      0.00037      0.00035      0.00002
      6.97445      0.00000      0.00000      0.00000
      6.98445      0.00000      0.00000      0.00000
      6.99445      0.00000      0.00000      0.00000
      7.00445      0.00000      0.00000      0.00000
      7.01445      0.00000      0.00000      0.00000
      7.02445      0.00000      0.00000      0.00000
      7.03445      0.00000      0.00000      0.00000
      7.04445      0.00000      0.00000      0.00000
      7.05445      0.00000      0.00000      0.00000
      7.06445      0.00000      0.00000      0.00000
      7.07445      0.00000      0.00000      0.00000
      7.08445      0.00000      0.00000      0.00000
      7.09445      0.00000      0.00000      0.00000
      7.10445      0.00000      0.00000      0.00000
      7.11445      0.00000      0.00000      0.00000
      7.12445      0.00000      0.00000      0.00000
      7.13445      0.00000      0.00000      0.00000
      7.14445      0.01600      0.00102      0.01498
      7.15445      0.60142      0.03843      0.56299
      7.16445      8.31569      0.53134      7.78436
      7.17445     42.29861      2.70271     39.59590
      7.18445     79.15151      5.05745     74.09405
      7.19445     54.48762      3.48153     51.00608
      7.20445     13.79882      0.88169     12.91713
      7.21445      1.28556      0.08214      1.20342
      7.22445      0.04406      0.00282      0.04124
      7.23445      0.00056      0.00004      0.00052
      7.24445      0.00000      0.00000      0.00000
      7.25445      0.00992      0.00083      0.00909
      7.26445      0.41795      0.03497      0.38298
      7.27445      6.47873      0.54205      5.93669
      7.28445     36.94542      3.09105     33.85437
      7.29445     77.50624      6.48459     71.02165
      7.30445     59.81611      5.00454     54.81157
      7.31445     16.98264      1.42086     15.56178
      7.32445      1.77377      0.14840      1.62537
      7.33445      0.06815      0.00570      0.06245
      7.34445      0.00096      0.00008      0.00088
      7.35445      0.00188      0.00000      0.00188
      7.36445      0.11519      0.00000      0.11535
      7.37445      2.60027      0.00000      2.60393
      7.38445     21.59350      0.00000     21.62397
      7.39445     65.96807      0.00000     66.06115
      7.40445     74.13958      0.00000     74.24419
      7.41445     30.67623      0.00003     30.71944
      7.42445      5.46094      0.00114      5.46637
      7.43445     10.33231      0.01440     10.31828
      7.44445     46.72866      0.06682     46.66185
      7.45445     79.74088      0.11404     79.62684
      7.46445     50.08867      0.09328     49.99539
      7.47445     12.37235      0.75674     11.61561
      7.48445     11.13930      9.29717      1.84213
      7.49445     46.95463     42.94624      4.00839
      7.50445     79.75197     72.99112      6.76086
      7.51445     49.86437     45.63739      4.22698
      7.52445     11.47504     10.50109      0.97394
      7.53445      1.23560      1.07233      0.16328
      7.54445      4.74525      3.30176      1.44349
      7.55445     30.85394     21.42494      9.42900
      7.56445     74.27313     51.57500     22.69813
      7.57445     65.77535     45.67417     20.10118
      7.58445     21.42891     14.88016      6.54875
      7.59445      2.56828      1.78341      0.78488
      7.60445      0.11324      0.07863      0.03461
      7.61445      0.00184      0.00128      0.00056
      7.62445      0.00000      0.00000      0.00000
      7.63445      0.00000      0.00000      0.00000
      7.64445      0.00000      0.00000      0.00000
      7.65445      0.00000      0.00000      0.00000
      7.66445      0.00000      0.00000      0.00000
      7.67445      0.00000      0.00000      0.00000
      7.68445      0.01964      0.00438      0.01526
      7.69445      0.70209      0.15657      0.54552
      7.70445      9.23512      2.05945      7.17566
      7.71445     44.68889      9.96574     34.72315
      7.72445     79.55404     17.74075     61.81328
      7.73445     52.09912     11.61824     40.48088
      7.74445     12.55174      2.79907      9.75267
      7.75445      1.11246      0.24808      0.86438
      7.76445      0.03627      0.00809      0.02818
      7.77445      0.00044      0.00010      0.00034
      7.78445      0.00000      0.00000      0.00000
      7.79445      0.00000      0.00000      0.00000
      7.80445      0.00000      0.00000      0.00000
      7.81445      0.00000      0.00000      0.00000
      7.82445      0.00000      0.00000      0.00000
      7.83445      0.02301      0.00255      0.02046
      7.84445      0.79152      0.08758      0.70394
      7.85445     10.04185      1.10966      8.93219
      7.86445     47.63738      5.21952     42.41786
      7.87445     91.92772      9.57164     82.35608
      7.88445    101.59748      8.70715     92.89033
      7.89445     91.27086      6.16932     85.10153
      7.90445     46.39820      2.89317     43.50503
      7.91445      9.55536      0.58728      8.96808
      7.92445      0.73530      0.04509      0.69020
      7.93445      0.02086      0.00128      0.01958
      7.94445      0.00000      0.00000      0.00000
      7.95445      0.00000      0.00000      0.00000
      7.96445      0.00000      0.00000      0.00000
      7.97445      0.00000      0.00000      0.00000
      7.98445      0.00000      0.00000      0.00000
      7.99445      0.00000      0.00000      0.00000
      8.00445      0.00000      0.00000      0.00000
      8.01445      0.00974      0.00079      0.00895
      8.02445      0.41229      0.03354      0.37875
      8.03445      6.41793      0.52206      5.89588
      8.04445     36.75288      2.98960     33.76327
      8.05445     77.42710      6.29818     71.12892
      8.06445     60.00675      4.88115     55.12560
      8.07445     17.10853      1.39167     15.71687
      8.08445      1.79445      0.14597      1.64848
      8.09445      0.06924      0.00563      0.06361
      8.10445      0.00098      0.00008      0.00090
      8.11445      0.00000      0.00000      0.00000
      8.12445      0.00000      0.00000      0.00000
      8.13445      0.00577      0.00004      0.00573
      8.14445      0.27589      0.00213      0.27376
      8.15445      4.84957      0.03747      4.81210
      8.16445     31.36707      0.24915     31.11792
      8.17445     74.92913      0.88649     74.04264
      8.18445     70.75252      5.68322     65.06930
      8.19445     54.59967     31.98540     22.61428
      8.20445     78.40190     71.95817      6.44372
      8.21445     63.30241     59.83231      3.47010
      8.22445     21.00774     18.44108      2.56666
      8.23445     18.65281      3.40322     15.24959
      8.24445     59.12930      4.89766     54.23164
      8.25445     77.81496      6.34398     71.47098
      8.26445     37.72899      3.07534     34.65366
      8.27445      6.72977      0.54855      6.18122
      8.28445      0.44160      0.03600      0.40561
      8.29445      0.01066      0.00087      0.00979
      8.30445      0.00000      0.00000      0.00000
      8.31445      0.00000      0.00000      0.00000
      8.32445      0.00000      0.00000      0.00000
      8.33445      0.00000      0.00000      0.00000
      8.34445      0.00000      0.00000      0.00000
      8.35445      0.00000      0.00000      0.00000
      8.36445      0.00000      0.00000      0.00000
      8.37445      0.00000      0.00000      0.00000
      8.38445      0.00000      0.00000      0.00000
      8.39445      0.00000      0.00000      0.00000
      8.40445      0.00000      0.00000      0.00000
      8.41445      0.00000      0.00000      0.00000
      8.42445      0.00000      0.00000      0.00000
      8.43445      0.00000      0.00000      0.00000
      8.44445      0.00000      0.00000      0.00000
      8.45445      0.00000      0.00000      0.00000
      8.46445      0.00000      0.00000      0.00000
      8.47445      0.00000      0.00000      0.00000
      8.48445      0.00000      0.00000      0.00000
      8.49445      0.00000      0.00000      0.00000
      8.50445      0.00000      0.00000      0.00000
      8.51445      0.00000      0.00000      0.00000
      8.52445      0.00000      0.00000      0.00000
      8.53445      0.00000      0.00000      0.00000
      8.54445      0.00000      0.00000      0.00000
      8.55445      0.00000      0.00000      0.00000
      8.56445      0.00000      0.00000      0.00000
      8.57445      0.00000      0.00000      0.00000
      8.58445      0.00000      0.00000      0.00000
      8.59445      0.00000      0.00000      0.00000
      8.60445      0.00000      0.00000      0.00000
      8.61445      0.00000      0.00000      0.00000
      8.62445      0.00000      0.00000      0.00000
      8.63445      0.00000      0.00000      0.00000
      8.64445      0.00683      0.00591      0.00092
      8.65445      0.31384      0.27169      0.04215
      8.66445      5.32875      4.59664      0.73212
      8.67445     33.75407     28.63797      5.11610
      8.68445     85.03886     66.02782     19.01105
      8.69445    108.84795     57.87238     50.97557
      8.70445     99.33578     21.92949     77.40628
      8.71445     53.85577      5.09298     48.76280
      8.72445     12.40145      0.83208     11.56937
      8.73445      1.08117      0.06710      1.01407
      8.74445      0.03784      0.00345      0.03439
      8.75445      0.16635      0.07356      0.09280
      8.76445      3.38131      1.49833      1.88297
      8.77445     25.34717     11.23190     14.11527
      8.78445     69.90183     30.97458     38.92725
      8.79445     71.00411     31.43107     39.57305
      8.80445     28.63002     11.90140     16.72862
      8.81445     22.89017      3.15414     19.73603
      8.82445     63.23700      5.13675     58.10025
      8.83445     75.95724      6.09124     69.86600
      8.84445     33.66662      2.70580     30.96081
      8.85445      5.84247      0.75719      5.08527
      8.86445      6.11753      5.19487      0.92266
      8.87445     34.69942     30.97680      3.72267
      8.88445     76.51975     68.29657      8.22724
      8.89445     63.03067     55.39555      7.76461
      8.90445     30.13713     16.52938     15.12761
      8.91445     52.22755      1.81444     56.97560
      8.92445     79.81521      0.07327     90.16616
      8.93445     46.59403      0.00109     52.68443
      8.94445     10.01623      0.00000     11.32574
      8.95445      0.79213      0.00000      0.89569
      8.96445      0.02305      0.00000      0.02606
      8.97445      0.00000      0.00000      0.00000
      8.98445      0.00000      0.00000      0.00000
      8.99445      0.00000      0.00000      0.00000
      9.00445      0.00000      0.00000      0.00000
      9.01445      0.00000      0.00000      0.00000
      9.02445      0.00000      0.00000      0.00000
      9.03445      0.00000      0.00000      0.00000
      9.04445      0.00000      0.00000      0.00000
      9.05445      0.00200      0.00013      0.00187
      9.06445      0.12098      0.00803      0.11295
      9.07445      2.69413      0.17886      2.51528
      9.08445     22.07107      1.46525     20.60582
      9.09445     66.51710      4.41593     62.10116
      9.10445     73.74773      4.89596     68.85177
      9.11445     30.07943      1.99691     28.08252
      9.12445      4.51332      0.29963      4.21369
      9.13445      0.24913      0.01654      0.23259
      9.14445      0.00506      0.00034      0.00472
      9.15445      0.00000      0.00000      0.00000
      9.16445      0.00000      0.00000      0.00000
      9.17445      0.00000      0.00000      0.00000
      9.18445      0.00000      0.00000      0.00000
      9.19445      0.00000      0.00000      0.00000
      9.20445      0.00000      0.00000      0.00000
      9.21445      0.00000      0.00000      0.00000
      9.22445      0.00000      0.00000      0.00000
      9.23445      0.00000      0.00000      0.00000
      9.24445      0.00000      0.00000      0.00000
      9.25445      0.00000      0.00000      0.00000
      9.26445      0.00000      0.00000      0.00000
      9.27445      0.00000      0.00000      0.00000
      9.28445      0.00000      0.00000      0.00000
      9.29445      0.00000      0.00000      0.00000
      9.30445      0.00000      0.00000      0.00000
      9.31445      0.00000      0.00000      0.00000
      9.32445      0.00000      0.00000      0.00000
      9.33445      0.00000      0.00000      0.00000
      9.34445      0.00000      0.00000      0.00000
      9.35445      0.00000      0.00000      0.00000
      9.36445      0.00000      0.00000      0.00000
      9.37445      0.01544      0.00314      0.01230
      9.38445      0.58530      0.11893      0.46637
      9.39445      8.16335      1.65873      6.50462
      9.40445     41.88556      8.51083     33.37473
      9.41445     79.06887     16.06887     63.00000
      9.42445     55.22854     11.34294     43.88560
      9.43445     19.50482      5.98044     13.52438
      9.44445     34.95298     19.48246     15.47051
      9.45445     75.99767     43.39211     32.60626
      9.46445     63.52939     36.03383     27.52456
      9.47445     26.11528     11.01046     15.54343
      9.48445     40.23886      1.23768     41.44198
      9.49445     78.03048      0.05118     82.97605
      9.50445     58.69984      0.00078     62.46220
      9.51445     16.26275      0.00000     17.30534
      9.52445      1.65755      0.00000      1.76381
      9.53445      0.08349      0.00000      0.09001
      9.54445      0.74831      0.00000      0.83718
      9.55445      9.63311      0.00000     10.77785
      9.56445     45.67267      0.00000     51.10013
      9.57445     79.66213      0.00000     89.12869
      9.58445     51.11554      0.00000     57.18980
      9.59445     12.06590      0.00000     13.49973
      9.60445      1.04778      0.00000      1.17230
      9.61445      0.03347      0.00000      0.03745
      9.62445      0.00039      0.00000      0.00044
      9.63445      0.00000      0.00000      0.00000
      9.64445      0.00000      0.00000      0.00000
      9.65445      0.00000      0.00000      0.00000
      9.66445      0.00000      0.00000      0.00000
      9.67445      0.00000      0.00000      0.00000
      9.68445      0.00000      0.00000      0.00000
      9.69445      0.02170      0.00111      0.02059
      9.70445      0.75704      0.03867      0.71837
      9.71445      9.71608      0.49628      9.21980
      9.72445     45.87414      2.34317     43.53097
      9.73445     79.68016      4.06993     75.61023
      9.74445     50.91409      2.60061     48.31348
      9.75445     11.96827      0.61132     11.35695
      9.76445      1.03498      0.05286      0.98211
      9.77445      0.03293      0.00168      0.03124
      9.78445      0.00039      0.00002      0.00037
      9.79445      0.00000      0.00000      0.00000
      9.80445      0.00000      0.00000      0.00000
      9.81445      0.00000      0.00000      0.00000
      9.82445      0.00000      0.00000      0.00000
      9.83445      0.00233      0.00032      0.00201
      9.84445      0.13618      0.01873      0.11746
      9.85445      2.93423      0.40352      2.53070
      9.86445     23.25762      3.19846     20.05916
      9.87445     67.81758      9.32648     58.49110
      9.88445     72.74861     10.00461     62.74400
      9.89445     28.70864      3.94810     24.76055
      9.90445      4.16779      0.57317      3.59463
      9.91445      0.22259      0.03061      0.19198
      9.92445      0.00437      0.00060      0.00377
      9.93445      0.00000      0.00000      0.00000
      9.94445      0.00000      0.00000      0.00000
      9.95445      0.00000      0.00000      0.00000
      9.96445      0.00000      0.00000      0.00000
      9.97445      0.00000      0.00000      0.00000
      9.98445      0.00000      0.00000      0.00000
      9.99445      0.00000      0.00000      0.00000
     10.00445      0.00000      0.00000      0.00000
     10.01445      0.00000      0.00000      0.00000
     10.02445      0.00000      0.00000      0.00000
     10.03445      0.00000      0.00000      0.00000
     10.04445      0.00000      0.00000      0.00000
     10.05445      0.00000      0.00000      0.00000
     10.06445      0.00691      0.00089      0.00602
     10.07445      0.31670      0.04089      0.27581
     10.08445      5.34209      0.68973      4.65236
     10.09445     33.14941      4.28000     28.86941
     10.10445     75.67391      9.77044     65.90348
     10.11445     63.55095      8.20521     55.34574
     10.12445     19.63376      2.53496     17.09880
     10.13445      2.23147      0.28811      1.94336
     10.14445      0.09330      0.01205      0.08125
     10.15445      0.00144      0.00019      0.00125
     10.16445      0.00000      0.00000      0.00000
     10.17445      0.00097      0.00042      0.00056
     10.18445      0.06871      0.02952      0.03920
     10.19445      1.78442      0.76652      1.01790
     10.20445     17.04754      7.32300      9.72454
     10.21445     59.91457     25.73711     34.17746
     10.22445     77.46555     33.27637     44.18918
     10.23445     36.84907     15.82829     21.02078
     10.24445      6.61642      2.80236      3.81405
     10.25445      3.84260      0.84388      2.99872
     10.26445     25.56519      4.96681     20.59838
     10.27445     70.10080     13.61198     56.48882
     10.28445     71.03018     13.75263     57.27755
     10.29445     31.42884      5.40717     26.02167
     10.30445     36.13670      2.63915     33.49756
     10.31445     75.51129      4.53134     70.97995
     10.32445     64.13675      3.82864     60.30811
     10.33445     20.08629      1.19891     18.88738
     10.34445      2.31430      0.13814      2.17617
     10.35445      0.09809      0.00586      0.09224
     10.36445      0.00153      0.00009      0.00144
     10.37445      0.00000      0.00000      0.00000
     10.38445      0.00000      0.00000      0.00000
     10.39445      0.00000      0.00000      0.00000
     10.40445      0.00000      0.00000      0.00000
     10.41445      0.00000      0.00000      0.00000
     10.42445      0.00000      0.00000      0.00000
     10.43445      0.00000      0.00000      0.00000
     10.44445      0.00000      0.00000      0.00000
     10.45445      0.00000      0.00000      0.00000
     10.46445      0.00000      0.00000      0.00000
     10.47445      0.00000      0.00000      0.00000
     10.48445      0.00000      0.00000      0.00000
     10.49445      0.00000      0.00000      0.00000
     10.50445      0.00000      0.00000      0.00000
     10.51445      0.00000      0.00000      0.00000
     10.52445      0.00000      0.00000      0.00000
     10.53445      0.00000      0.00000      0.00000
     10.54445      0.00000      0.00000      0.00000
     10.55445      0.00000      0.00000      0.00000
     10.56445      0.00000      0.00000      0.00000
     10.57445      0.00000      0.00000      0.00000
     10.58445      0.00048      0.00035      0.00013
     10.59445      0.03928      0.02842      0.01087
     10.60445      1.18053      0.85401      0.32652
     10.61445     13.05099      9.44126      3.60974
     10.62445     53.07810     38.39739     14.68071
     10.63445     79.41320     57.44854     21.96466
     10.64445     43.70947     31.62000     12.08947
     10.65445      8.85042      6.40251      2.44791
     10.66445      0.65926      0.47692      0.18234
     10.67445      0.01807      0.01307      0.00500
     10.68445      0.00000      0.00000      0.00000
     10.69445      0.00000      0.00000      0.00000
     10.70445      0.00000      0.00000      0.00000
     10.71445      0.00000      0.00000      0.00000
     10.72445      0.00000      0.00000      0.00000
     10.73445      0.00000      0.00000      0.00000
     10.74445      0.00000      0.00000      0.00000
     10.75445      0.00000      0.00000      0.00000
     10.76445      0.00818      0.00125      0.00692
     10.77445      0.36046      0.05515      0.30531
     10.78445      5.84676      0.89461      4.95215
     10.79445     34.88813      5.33821     29.54992
     10.80445     76.58540     11.71829     64.86712
     10.81445     61.84717      9.46320     52.38397
     10.82445     18.37381      2.81137     15.56244
     10.83445      2.00809      0.30726      1.70084
     10.84445      0.08074      0.01235      0.06838
     10.85445      0.00119      0.00018      0.00101
     10.86445      0.00000      0.00000      0.00000
     10.87445      0.00000      0.00000      0.00000
     10.88445      0.00000      0.00000      0.00000
     10.89445      0.00000      0.00000      0.00000
     10.90445      0.00000      0.00000      0.00000
     10.91445      0.00000      0.00000      0.00000
