Energy-E_F (eV)    DOS (1/eV)    PDOS (1/eV)  of atom type H  C  
     -6.38183     55.41123      6.86625     48.54498
     -6.37183     78.94176      9.78202     69.15973
     -6.36183     41.37340      5.12676     36.24664
     -6.35183      7.97738      0.98852      6.98886
     -6.34183      0.59639      0.07491      0.52148
     -6.33183      0.99418      0.15539      0.83879
     -6.32183     11.53910      1.80925      9.72986
     -6.31183     50.01286      7.84165     42.17121
     -6.30183     79.74380     12.50324     67.24056
     -6.29183     46.77542      7.33404     39.44137
     -6.28183     10.09355      1.58259      8.51095
     -6.27183      0.81869      0.12601      0.69268
     -6.26183      0.71742      0.01968      0.69774
     -6.25183     10.53292      0.26187     10.27105
     -6.24183     61.93398      1.69104     60.24294
     -6.23183    144.92855      4.36881    140.55974
     -6.22183    150.61691      4.77514    145.84177
     -6.21183    111.65673      3.03884    108.61789
     -6.20183     83.35123      2.16458     81.18664
     -6.19183     48.29959      4.46087     43.83872
     -6.18183     62.97940     14.02911     48.95029
     -6.17183     78.51402     18.81791     59.69611
     -6.16183     38.87842      9.34887     29.52955
     -6.15183      7.10663      1.70914      5.39749
     -6.14183      0.47796      0.11495      0.36301
     -6.13183      0.02310      0.00308      0.02002
     -6.12183      0.46078      0.00962      0.45116
     -6.11183      6.92985      0.14462      6.78523
     -6.10183     38.34073      0.80014     37.54059
     -6.09183     78.03731      1.62858     76.40873
     -6.08183     58.43186      1.21943     57.21243
     -6.07183     16.09543      0.33590     15.75953
     -6.06183      1.63103      0.03404      1.59699
     -6.05183      0.06080      0.00127      0.05953
     -6.04183      0.00083      0.00002      0.00082
     -6.03183      0.00000      0.00000      0.00000
     -6.02183      0.00000      0.00000      0.00000
     -6.01183      0.00000      0.00000      0.00000
     -6.00183      0.00000      0.00000      0.00000
     -5.99183      0.00000      0.00000      0.00000
     -5.98183      0.00000      0.00000      0.00000
     -5.97183      0.01128      0.00081      0.01047
     -5.96183      0.46108      0.03325      0.42783
     -5.95183      6.95859      0.50363      6.45496
     -5.94183     39.30362      2.89499     36.40863
     -5.93183     91.49889      7.30866     84.19022
     -5.92183    131.01520     12.30858    118.70662
     -5.91183    166.68884     15.68683    151.00201
     -5.90183    122.19090      9.88405    112.30685
     -5.89183     37.26500      2.48190     34.78310
     -5.88183      4.40441      0.23908      4.16533
     -5.87183      0.19981      0.00912      0.19069
     -5.86183      0.09333      0.01873      0.07460
     -5.85183      2.18997      0.45346      1.73651
     -5.84183     19.94323      4.14667     15.79656
     -5.83183     71.74848     15.14588     56.60260
     -5.82183    119.03956     26.16313     92.87643
     -5.81183    112.95015     26.19545     86.75470
     -5.80183     60.53333     14.22319     46.31014
     -5.79183     28.28952      4.03423     24.25529
     -5.78183     57.16525      3.07484     54.09042
     -5.77183     78.85036      3.92196     74.92841
     -5.76183     40.84899      2.02778     38.82122
     -5.75183      7.78898      0.38663      7.40235
     -5.74183      0.54638      0.02712      0.51925
     -5.73183      0.01410      0.00070      0.01340
     -5.72183      0.00000      0.00000      0.00000
     -5.71183      0.00000      0.00000      0.00000
     -5.70183      0.01202      0.00027      0.01175
     -5.69183      0.48382      0.01082      0.47300
     -5.68183      7.16636      0.16029      7.00607
     -5.67183     39.04984      0.87340     38.17644
     -5.66183     78.27906      1.75082     76.52824
     -5.65183     57.72680      1.29114     56.43566
     -5.64183     15.66165      0.35043     15.31122
     -5.63183      1.62284      0.04644      1.57639
     -5.62183      1.66935      0.31058      1.35876
     -5.61183     15.99422      3.06815     12.92608
     -5.60183     58.92258     11.28220     47.64038
     -5.59183     87.19028     16.41518     70.77510
     -5.58183     82.84496     14.36117     68.48379
     -5.57183     86.49830     13.84296     72.65534
     -5.56183     52.97915      8.34868     44.63047
     -5.55183     13.78672      2.24007     11.54665
     -5.54183     13.08018      2.88914     10.19103
     -5.53183     50.89653     11.54820     39.34833
     -5.52183     79.68529     18.08429     61.60100
     -5.51183     45.92912     10.42347     35.50565
     -5.50183      9.73881      2.21019      7.52862
     -5.49183      0.75968      0.17241      0.58727
     -5.48183      0.02409      0.00555      0.01853
     -5.47183      0.13447      0.03567      0.09880
     -5.46183      2.90760      0.77132      2.13628
     -5.45183     23.14892      6.13646     17.01246
     -5.44183     68.40634     17.99136     50.41498
     -5.43183     82.30623     19.81485     62.49138
     -5.42183     74.07098      9.98575     64.08523
     -5.41183     83.82040      5.22023     78.60017
     -5.40183     51.84938      2.72227     49.12712
     -5.39183     14.02303      0.75669     13.26634
     -5.38183     22.14549      1.64758     20.49791
     -5.37183     95.11490      7.68509     87.42981
     -5.36183    158.98141     13.69275    145.28866
     -5.35183     98.49538      9.00729     89.48808
     -5.34183     22.60895      2.18619     20.42277
     -5.33183      1.92254      0.19571      1.72683
     -5.32183      0.06055      0.00646      0.05409
     -5.31183      0.00049      0.00007      0.00042
     -5.30183      0.00000      0.00000      0.00000
     -5.29183      0.00000      0.00000      0.00000
     -5.28183      0.00000      0.00000      0.00000
     -5.27183      0.00000      0.00000      0.00000
     -5.26183      0.00000      0.00000      0.00000
     -5.25183      0.00000      0.00000      0.00000
     -5.24183      0.00000      0.00000      0.00000
     -5.23183      0.00000      0.00000      0.00000
     -5.22183      0.00256      0.00046      0.00209
     -5.21183      0.14669      0.02659      0.12009
     -5.20183      3.09772      0.56149      2.53623
     -5.19183     24.19340      4.37900     19.81440
     -5.18183     72.71580     13.00712     59.70868
     -5.17183    109.36372     18.22783     91.13590
     -5.16183    153.80051     22.45993    131.34058
     -5.15183    172.77487     23.85203    148.92284
     -5.14183    127.59729     16.82169    110.77560
     -5.13183     89.60894     11.26577     78.34317
     -5.12183     39.21775      4.86732     34.35043
     -5.11183      7.00270      0.86750      6.13519
     -5.10183      0.46629      0.05775      0.40854
     -5.09183      0.01646      0.00190      0.01456
     -5.08183      0.27303      0.02528      0.24775
     -5.07183      5.60573      0.48638      5.11934
     -5.06183     43.62727      3.47918     40.14810
     -5.05183    129.34450      9.29059    120.05390
     -5.04183    146.53364      9.30772    137.22593
     -5.03183     63.45845      3.51828     59.94017
     -5.02183     10.47970      0.50463      9.97508
     -5.01183      0.65695      0.02759      0.62935
     -5.00183      0.01554      0.00058      0.01497
     -4.99183      0.00000      0.00000      0.00000
     -4.98183      0.00000      0.00000      0.00000
     -4.97183      0.00000      0.00000      0.00000
     -4.96183      0.00000      0.00000      0.00000
     -4.95183      0.00000      0.00000      0.00000
     -4.94183      0.00000      0.00000      0.00000
     -4.93183      0.00247      0.00016      0.00231
     -4.92183      0.15940      0.01116      0.14824
     -4.91183      3.84891      0.29527      3.55363
     -4.90183     34.89814      2.94256     31.95558
     -4.89183    119.09350     11.02656    108.06695
     -4.88183    153.18388     15.49725    137.68662
     -4.87183     74.28659      8.14529     66.14129
     -4.86183     13.57073      1.59634     11.97438
     -4.85183      0.93212      0.11634      0.81578
     -4.84183      0.02401      0.00315      0.02086
     -4.83183      0.00000      0.00000      0.00000
     -4.82183      0.00000      0.00000      0.00000
     -4.81183      0.00000      0.00000      0.00000
     -4.80183      0.00000      0.00000      0.00000
     -4.79183      0.00000      0.00000      0.00000
     -4.78183      0.00000      0.00000      0.00000
     -4.77183      0.00000      0.00000      0.00000
     -4.76183      0.00269      0.00007      0.00262
     -4.75183      0.15262      0.00374      0.14888
     -4.74183      3.18458      0.07811      3.10647
     -4.73183     24.44566      0.59958     23.84608
     -4.72183     69.03305      1.69318     67.33987
     -4.71183     71.71631      1.75900     69.95731
     -4.70183     27.40844      0.67225     26.73619
     -4.69183      3.85351      0.09452      3.75899
     -4.68183      0.19931      0.00489      0.19442
     -4.67183      0.00379      0.00009      0.00370
     -4.66183      0.00000      0.00000      0.00000
     -4.65183      0.00000      0.00000      0.00000
     -4.64183      0.00000      0.00000      0.00000
     -4.63183      0.00000      0.00000      0.00000
     -4.62183      0.00085      0.00002      0.00083
     -4.61183      0.07309      0.00209      0.07099
     -4.60183      2.11212      0.06054      2.05158
     -4.59183     23.15760      0.66481     22.49279
     -4.58183     96.99848      2.78954     94.20894
     -4.57183    156.01551      4.49539    151.52012
     -4.56183     96.56525      2.79005     93.77520
     -4.55183     23.64387      0.76662     22.87726
     -4.54183     11.32069      1.41708      9.90361
     -4.53183     44.76822      6.56647     38.20175
     -4.52183     79.55583     11.68394     67.87189
     -4.51183     52.09196      7.65052     44.44144
     -4.50183     12.58483      1.84699     10.73784
     -4.49183      2.26122      0.29006      1.97116
     -4.48183     13.51100      1.44910     12.06190
     -4.47183     63.69426      6.24462     57.44964
     -4.46183    141.92990     11.01564    130.91426
     -4.45183    183.47316      9.54236    173.93080
     -4.44183    137.90212      5.08619    132.81593
     -4.43183     50.16382      1.58175     48.58207
     -4.42183      7.69853      0.22947      7.46906
     -4.41183      0.46598      0.01357      0.45241
     -4.40183      0.01077      0.00031      0.01046
     -4.39183      0.00000      0.00000      0.00000
     -4.38183      0.00000      0.00000      0.00000
     -4.37183      0.00000      0.00000      0.00000
     -4.36183      0.00000      0.00000      0.00000
     -4.35183      0.00000      0.00000      0.00000
     -4.34183      0.00000      0.00000      0.00000
     -4.33183      0.00000      0.00000      0.00000
     -4.32183      0.00000      0.00000      0.00000
     -4.31183      0.00000      0.00000      0.00000
     -4.30183      0.00000      0.00000      0.00000
     -4.29183      0.00000      0.00000      0.00000
     -4.28183      0.00000      0.00000      0.00000
     -4.27183      0.00000      0.00000      0.00000
     -4.26183      0.00000      0.00000      0.00000
     -4.25183      0.00000      0.00000      0.00000
     -4.24183      0.00000      0.00000      0.00000
     -4.23183      0.00163      0.00013      0.00150
     -4.22183      0.11914      0.00977      0.10937
     -4.21183      3.20941      0.26807      2.94133
     -4.20183     31.82960      2.70739     29.12220
     -4.19183    116.23078     10.06437    106.16642
     -4.18183    156.66751     13.78157    142.88594
     -4.17183     83.95449      7.12064     76.83385
     -4.16183     51.50658      2.34003     49.16655
     -4.15183     78.63910      2.27825     76.36085
     -4.14183     59.37257      1.67556     57.69700
     -4.13183     16.67819      0.47024     16.20794
     -4.12183      1.72420      0.04861      1.67559
     -4.11183      0.06557      0.00185      0.06373
     -4.10183      0.00092      0.00003      0.00089
     -4.09183      0.00000      0.00000      0.00000
     -4.08183      0.02100      0.00041      0.02059
     -4.07183      0.73862      0.01450      0.72412
     -4.06183      9.55639      0.18761      9.36878
     -4.05183     45.48530      0.89296     44.59234
     -4.04183     79.64411      1.56355     78.08056
     -4.03183     51.30289      1.00716     50.29572
     -4.02183     12.16158      0.23902     11.92256
     -4.01183      1.28051      0.03867      1.24184
     -4.00183      4.17651      0.33605      3.84046
     -3.99183     28.60646      2.31598     26.29048
     -3.98183     72.67021      5.88345     66.78677
     -3.97183     67.91416      5.49839     62.41577
     -3.96183     23.34908      1.89036     21.45872
     -3.95183      2.95314      0.23909      2.71406
     -3.94183      0.13741      0.01112      0.12628
     -3.93183      0.00710      0.00086      0.00625
     -3.92183      0.23735      0.03324      0.20411
     -3.91183      4.36149      0.61083      3.75067
     -3.90183     29.48430      4.12928     25.35501
     -3.89183     73.32493     10.26917     63.05576
     -3.88183     67.08387      9.39511     57.68876
     -3.87183     22.57824      3.16209     19.41615
     -3.86183      2.79555      0.39152      2.40403
     -3.85183      0.12734      0.01783      0.10950
     -3.84183      0.00213      0.00030      0.00183
     -3.83183      0.00000      0.00000      0.00000
     -3.82183      0.00000      0.00000      0.00000
     -3.81183      0.00000      0.00000      0.00000
     -3.80183      0.00000      0.00000      0.00000
     -3.79183      0.00262      0.00006      0.00255
     -3.78183      0.14935      0.00358      0.14577
     -3.77183      3.13550      0.07525      3.06025
     -3.76183     24.22543      0.58145     23.64398
     -3.75183     69.19172      1.66353     67.52819
     -3.74183     78.05621      1.92130     76.13491
     -3.73183     63.50747      1.80480     61.70266
     -3.72183     80.95020      2.54586     78.40434
     -3.71183     61.09935      1.94308     59.15627
     -3.70183     17.71204      0.56371     17.14833
     -3.69183      1.92512      0.06202      1.86309
     -3.68183      1.22188      0.07294      1.14893
     -3.67183     15.90148      1.06694     14.83454
     -3.66183     81.89532      5.97426     75.92106
     -3.65183    156.89156     12.38433    144.50723
     -3.64183    113.65084      9.60114    104.04969
     -3.63183     47.90842      3.74171     44.16671
     -3.62183     64.72746      3.83769     60.88977
     -3.61183     76.70539      4.41811     72.28728
     -3.60183     34.91763      2.00913     32.90851
     -3.59183      5.85512      0.33689      5.51823
     -3.58183      0.36120      0.02078      0.34042
     -3.57183      0.00820      0.00047      0.00773
     -3.56183      0.00000      0.00000      0.00000
     -3.55183      0.00000      0.00000      0.00000
     -3.54183      0.00000      0.00000      0.00000
     -3.53183      0.00000      0.00000      0.00000
     -3.52183      0.00000      0.00000      0.00000
     -3.51183      0.00000      0.00000      0.00000
     -3.50183      0.01110      0.00152      0.00958
     -3.49183      0.45537      0.06236      0.39301
     -3.48183      6.87376      0.94137      5.93239
     -3.47183     38.17035      5.22750     32.94285
     -3.46183     77.97642     10.67901     67.29740
     -3.45183     58.60112      8.02553     50.57559
     -3.44183     16.20146      2.21882     13.98264
     -3.43183      1.66788      0.22627      1.44161
     -3.42183      0.85925      0.03226      0.82699
     -3.41183     11.98001      0.35632     11.62368
     -3.40183     68.40140      2.02346     66.37793
     -3.39183    149.33087      4.39361    144.93726
     -3.38183    127.44848      3.76116    123.68733
     -3.37183     62.45215      2.10175     60.35040
     -3.36183     71.96103      2.94127     69.01976
     -3.35183     73.53800      3.06647     70.47153
     -3.34183     29.47185      1.23007     28.24179
     -3.33183      4.35736      0.18187      4.17549
     -3.32183      0.23703      0.00989      0.22714
     -3.31183      0.00474      0.00020      0.00455
     -3.30183      0.00000      0.00000      0.00000
     -3.29183      0.00000      0.00000      0.00000
     -3.28183      0.00000      0.00000      0.00000
     -3.27183      0.00000      0.00000      0.00000
     -3.26183      0.00000      0.00000      0.00000
     -3.25183      0.00000      0.00000      0.00000
     -3.24183      0.00000      0.00000      0.00000
     -3.23183      0.00000      0.00000      0.00000
     -3.22183      0.00000      0.00000      0.00000
     -3.21183      0.00032      0.00001      0.00031
     -3.20183      0.02810      0.00062      0.02748
     -3.19183      0.91936      0.02043      0.89893
     -3.18183     11.06424      0.24592     10.81833
     -3.17183     48.98487      1.08875     47.89612
     -3.16183     79.78251      1.77327     78.00925
     -3.15183     47.80342      1.06249     46.74093
     -3.14183     10.53697      0.23420     10.30277
     -3.13183      0.85443      0.01899      0.83544
     -3.12183      0.02549      0.00057      0.02492
     -3.11183      0.00000      0.00000      0.00000
     -3.10183      0.00000      0.00000      0.00000
     -3.09183      0.00000      0.00000      0.00000
     -3.08183      0.00000      0.00000      0.00000
     -3.07183      0.00000      0.00000      0.00000
     -3.06183      0.00000      0.00000      0.00000
     -3.05183      0.00000      0.00000      0.00000
     -3.04183      0.00000      0.00000      0.00000
     -3.03183      0.00000      0.00000      0.00000
     -3.02183      0.00000      0.00000      0.00000
     -3.01183      0.00000      0.00000      0.00000
     -3.00183      0.00000      0.00000      0.00000
     -2.99183      0.00031      0.00001      0.00030
     -2.98183      0.02745      0.00102      0.02643
     -2.97183      0.90334      0.03346      0.86987
     -2.96183     10.93549      0.40510     10.53039
     -2.95183     48.70035      1.80407     46.89628
     -2.94183     79.78686      2.95564     76.83122
     -2.93183     48.08794      1.78138     46.30656
     -2.92183     10.66219      0.39497     10.26722
     -2.91183      0.86969      0.03222      0.83747
     -2.90183      0.02610      0.00097      0.02513
     -2.89183      0.00000      0.00000      0.00000
     -2.88183      0.00000      0.00000      0.00000
     -2.87183      0.00000      0.00000      0.00000
     -2.86183      0.00000      0.00000      0.00000
     -2.85183      0.00000      0.00000      0.00000
     -2.84183      0.00000      0.00000      0.00000
     -2.83183      0.00000      0.00000      0.00000
     -2.82183      0.00000      0.00000      0.00000
     -2.81183      0.00000      0.00000      0.00000
     -2.80183      0.00000      0.00000      0.00000
     -2.79183      0.00000      0.00000      0.00000
     -2.78183      0.00000      0.00000      0.00000
     -2.77183      0.00000      0.00000      0.00000
     -2.76183      0.00000      0.00000      0.00000
     -2.75183      0.00000      0.00000      0.00000
     -2.74183      0.01215      0.00025      0.01190
     -2.73183      0.48786      0.01015      0.47772
     -2.72183      7.20745      0.14989      7.05757
     -2.71183     39.17155      0.81461     38.35694
     -2.70183     78.31868      1.62872     76.68996
     -2.69183     57.60569      1.19797     56.40772
     -2.68183     15.58880      0.32419     15.26461
     -2.67183      1.64811      0.03453      1.61358
     -2.66183      2.34374      0.05482      2.28891
     -2.65183     19.93828      0.46768     19.47060
     -2.64183     63.94359      1.49990     62.44370
     -2.63183     75.44468      1.76967     73.67501
     -2.62183     32.74657      0.76812     31.97844
     -2.61183      5.22888      0.12265      5.10623
     -2.60183      0.30715      0.00720      0.29995
     -2.59183      0.00664      0.00016      0.00648
     -2.58183      0.00000      0.00000      0.00000
     -2.57183      0.00000      0.00000      0.00000
     -2.56183      0.00000      0.00000      0.00000
     -2.55183      0.00107      0.00003      0.00103
     -2.54183      0.08935      0.00280      0.08655
     -2.53183      2.50525      0.07839      2.42686
     -2.52183     27.23157      0.85013     26.38144
     -2.51183    118.40586      3.68756    114.71830
     -2.50183    215.65478      6.70393    208.95085
     -2.49183    181.51666      5.64209    175.87457
     -2.48183    129.43100      4.03920    125.39180
     -2.47183    162.06284      5.07022    156.99263
     -2.46183    122.97717      3.84678    119.13039
     -2.45183     36.05260      1.12726     34.92533
     -2.44183      3.91238      0.12228      3.79011
     -2.43183      0.15666      0.00489      0.15177
     -2.42183      0.00231      0.00007      0.00224
     -2.41183      0.00438      0.00009      0.00429
     -2.40183      0.22271      0.00439      0.21832
     -2.39183      4.16940      0.08212      4.08727
     -2.38183     28.71601      0.56562     28.15039
     -2.37183     72.81620      1.43499     71.38120
     -2.36183     69.47847      1.38853     68.08994
     -2.35183     39.57405      0.97561     38.59844
     -2.34183     61.72564      1.92224     59.80340
     -2.33183     78.04229      2.47330     75.56900
     -2.32183     37.97985      1.20442     36.77544
     -2.31183      6.81705      0.21613      6.60092
     -2.30183      0.74899      0.02103      0.72795
     -2.29183      5.15020      0.11669      5.03351
     -2.28183     32.42428      0.73401     31.69026
     -2.27183     75.25629      1.70364     73.55266
     -2.26183     64.25850      1.45467     62.80383
     -2.25183     20.27736      0.45896     19.81840
     -2.24183      4.56709      0.10161      4.46548
     -2.23183     19.75096      0.43150     19.31946
     -2.22183     63.57603      1.38870     62.18733
     -2.21183     75.66038      1.65266     74.00773
     -2.20183     33.12530      0.72356     32.40174
     -2.19183      5.33527      0.11654      5.21873
     -2.18183      0.31757      0.00693      0.31063
     -2.17183      0.10060      0.00202      0.09858
     -2.16183      2.23857      0.04461      2.19397
     -2.15183     19.67289      0.39201     19.28088
     -2.14183     63.60192      1.26736     62.33456
     -2.13183     75.64458      1.50732     74.13726
     -2.12183     33.09717      0.65951     32.43767
     -2.11183      5.32733      0.10615      5.22117
     -2.10183      0.31545      0.00629      0.30917
     -2.09183      0.00687      0.00014      0.00673
     -2.08183      0.00000      0.00000      0.00000
     -2.07183      0.00000      0.00000      0.00000
     -2.06183      0.00000      0.00000      0.00000
     -2.05183      0.00000      0.00000      0.00000
     -2.04183      0.00000      0.00000      0.00000
     -2.03183      0.00000      0.00000      0.00000
     -2.02183      0.01126      0.00018      0.01108
     -2.01183      0.46054      0.00742      0.45312
     -2.00183      6.92742      0.11168      6.81573
     -1.99183     38.34623      0.61824     37.72799
     -1.98183     78.54466      1.26731     77.27735
     -1.97183     65.86915      1.07684     64.79231
     -1.96183     55.92306      0.98146     54.94160
     -1.95183     80.15318      1.44972     78.70346
     -1.94183     57.01788      1.03348     55.98440
     -1.93183     15.19974      0.27553     14.92420
     -1.92183      1.49205      0.02705      1.46500
     -1.91183      0.05388      0.00098      0.05291
     -1.90183      0.00072      0.00001      0.00070
     -1.89183      0.00000      0.00000      0.00000
     -1.88183      0.00000      0.00000      0.00000
     -1.87183      0.00000      0.00000      0.00000
     -1.86183      0.00000      0.00000      0.00000
     -1.85183      0.00000      0.00000      0.00000
     -1.84183      0.00000      0.00000      0.00000
     -1.83183      0.00000      0.00000      0.00000
     -1.82183      0.00171      0.00004      0.00167
     -1.81183      0.10717      0.00248      0.10470
     -1.80183      2.46787      0.05704      2.41084
     -1.79183     20.90586      0.48317     20.42269
     -1.78183     65.15067      1.50575     63.64492
     -1.77183     74.69219      1.72627     72.96593
     -1.76183     31.50192      0.72806     30.77386
     -1.75183      4.88770      0.11296      4.77474
     -1.74183      0.27898      0.00645      0.27253
     -1.73183      0.00586      0.00014      0.00572
     -1.72183      0.00000      0.00000      0.00000
     -1.71183      0.00000      0.00000      0.00000
     -1.70183      0.00000      0.00000      0.00000
     -1.69183      0.00000      0.00000      0.00000
     -1.68183      0.00000      0.00000      0.00000
     -1.67183      0.00000      0.00000      0.00000
     -1.66183      0.00000      0.00000      0.00000
     -1.65183      0.00788      0.00019      0.00769
     -1.64183      0.35043      0.00834      0.34209
     -1.63183      5.73296      0.13643      5.59654
     -1.62183     34.50393      0.82109     33.68283
     -1.61183     76.39471      1.81798     74.57673
     -1.60183     62.22481      1.48077     60.74403
     -1.59183     18.64530      0.44370     18.20159
     -1.58183      2.05533      0.04891      2.00641
     -1.57183      0.08335      0.00198      0.08136
     -1.56183      0.00124      0.00003      0.00121
     -1.55183      0.00000      0.00000      0.00000
     -1.54183      0.00000      0.00000      0.00000
     -1.53183      0.00000      0.00000      0.00000
     -1.52183      0.00000      0.00000      0.00000
     -1.51183      0.00000      0.00000      0.00000
     -1.50183      0.00000      0.00000      0.00000
     -1.49183      0.00000      0.00000      0.00000
     -1.48183      0.00000      0.00000      0.00000
     -1.47183      0.00000      0.00000      0.00000
     -1.46183      0.00000      0.00000      0.00000
     -1.45183      0.00050      0.00001      0.00049
     -1.44183      0.04040      0.00067      0.03973
     -1.43183      1.20629      0.01998      1.18631
     -1.42183     13.29878      0.22200     13.07678
     -1.41183     55.21007      0.96669     54.24339
     -1.40183     96.43019      2.10683     94.32337
     -1.39183    103.32107      3.50692     99.81415
     -1.38183     86.16692      3.74793     82.41899
     -1.37183     37.44994      1.72324     35.72670
     -1.36183      6.45195      0.29969      6.15226
     -1.35183      0.41382      0.01926      0.39457
     -1.34183      0.00979      0.00046      0.00934
     -1.33183      0.00000      0.00000      0.00000
     -1.32183      0.00000      0.00000      0.00000
     -1.31183      0.00000      0.00000      0.00000
     -1.30183      0.00000      0.00000      0.00000
     -1.29183      0.00000      0.00000      0.00000
     -1.28183      0.00000      0.00000      0.00000
     -1.27183      0.00000      0.00000      0.00000
     -1.26183      0.00000      0.00000      0.00000
     -1.25183      0.00000      0.00000      0.00000
     -1.24183      0.00000      0.00000      0.00000
     -1.23183      0.00000      0.00000      0.00000
     -1.22183      0.00000      0.00000      0.00000
     -1.21183      0.00000      0.00000      0.00000
     -1.20183      0.00000      0.00000      0.00000
     -1.19183      0.00000      0.00000      0.00000
     -1.18183      0.00000      0.00000      0.00000
     -1.17183      0.00000      0.00000      0.00000
     -1.16183      0.00000      0.00000      0.00000
     -1.15183      0.00000      0.00000      0.00000
     -1.14183      0.00000      0.00000      0.00000
     -1.13183      0.00000      0.00000      0.00000
     -1.12183      0.00000      0.00000      0.00000
     -1.11183      0.00000      0.00000      0.00000
     -1.10183      0.00000      0.00000      0.00000
     -1.09183      0.00000      0.00000      0.00000
     -1.08183      0.00000      0.00000      0.00000
     -1.07183      0.00000      0.00000      0.00000
     -1.06183      0.00000      0.00000      0.00000
     -1.05183      0.00561      0.00030      0.00531
     -1.04183      0.26965      0.01423      0.25542
     -1.03183      4.77213      0.25179      4.52034
     -1.02183     31.06940      1.63933     29.43007
     -1.01183     74.41472      3.92638     70.48834
     -1.00183     65.56776      3.45958     62.10818
     -0.99183     21.25335      1.12140     20.13195
     -0.98183      2.53437      0.13372      2.40065
     -0.97183      0.11118      0.00587      0.10531
     -0.96183      0.00179      0.00009      0.00170
     -0.95183      0.00000      0.00000      0.00000
     -0.94183      0.00000      0.00000      0.00000
     -0.93183      0.00000      0.00000      0.00000
     -0.92183      0.00000      0.00000      0.00000
     -0.91183      0.00000      0.00000      0.00000
     -0.90183      0.00000      0.00000      0.00000
     -0.89183      0.00000      0.00000      0.00000
     -0.88183      0.00000      0.00000      0.00000
     -0.87183      0.00000      0.00000      0.00000
     -0.86183      0.00503      0.00007      0.00496
     -0.85183      0.24807      0.00350      0.24456
     -0.84183      4.49969      0.06351      4.43618
     -0.83183     30.02644      0.42379     29.60265
     -0.82183     73.71076      1.04034     72.67042
     -0.81183     66.56768      0.93953     65.62816
     -0.80183     22.11574      0.31214     21.80360
     -0.79183      2.70299      0.03815      2.66484
     -0.78183      0.12153      0.00172      0.11982
     -0.77183      0.00201      0.00003      0.00198
     -0.76183      0.00000      0.00000      0.00000
     -0.75183      0.00000      0.00000      0.00000
     -0.74183      0.00000      0.00000      0.00000
     -0.73183      0.00000      0.00000      0.00000
     -0.72183      0.00000      0.00000      0.00000
     -0.71183      0.00000      0.00000      0.00000
     -0.70183      0.00000      0.00000      0.00000
     -0.69183      0.00610      0.00034      0.00576
     -0.68183      0.28775      0.01610      0.27165
     -0.67183      4.99512      0.27952      4.71560
     -0.66183     31.89890      1.78504     30.11386
     -0.65183     74.93955      4.19356     70.74599
     -0.64183     64.76673      3.62430     61.14243
     -0.63183     20.59200      1.15231     19.43968
     -0.62183      2.40852      0.13478      2.27374
     -0.61183      0.10364      0.00580      0.09784
     -0.60183      0.00164      0.00009      0.00155
     -0.59183      0.00000      0.00000      0.00000
     -0.58183      0.00000      0.00000      0.00000
     -0.57183      0.00000      0.00000      0.00000
     -0.56183      0.00000      0.00000      0.00000
     -0.55183      0.00000      0.00000      0.00000
     -0.54183      0.00000      0.00000      0.00000
     -0.53183      0.00000      0.00000      0.00000
     -0.52183      0.00000      0.00000      0.00000
     -0.51183      0.00000      0.00000      0.00000
     -0.50183      0.00000      0.00000      0.00000
     -0.49183      0.00000      0.00000      0.00000
     -0.48183      0.00000      0.00000      0.00000
     -0.47183      0.00000      0.00000      0.00000
     -0.46183      0.00000      0.00000      0.00000
     -0.45183      0.00000      0.00000      0.00000
     -0.44183      0.00000      0.00000      0.00000
     -0.43183      0.00000      0.00000      0.00000
     -0.42183      0.00000      0.00000      0.00000
     -0.41183      0.00000      0.00000      0.00000
     -0.40183      0.00000      0.00000      0.00000
     -0.39183      0.00000      0.00000      0.00000
     -0.38183      0.00000      0.00000      0.00000
     -0.37183      0.00067      0.00004      0.00064
     -0.36183      0.05126      0.00272      0.04854
     -0.35183      1.43806      0.07644      1.36162
     -0.34183     14.84157      0.78890     14.05267
     -0.33183     56.38297      2.99549     53.38748
     -0.32183     79.82764      4.19464     75.63300
     -0.31183     53.11452      2.27714     50.83738
     -0.30183     59.99349      0.93363     59.05985
     -0.29183     80.05260      0.82930     79.22330
     -0.28183     44.45139      0.44836     44.00302
     -0.27183      9.13541      0.09202      9.04338
     -0.26183      0.69089      0.00696      0.68393
     -0.25183      0.01922      0.00019      0.01903
     -0.24183      0.00000      0.00000      0.00000
     -0.23183      0.00000      0.00000      0.00000
     -0.22183      0.00000      0.00000      0.00000
     -0.21183      0.00000      0.00000      0.00000
     -0.20183      0.00000      0.00000      0.00000
     -0.19183      0.00000      0.00000      0.00000
     -0.18183      0.00000      0.00000      0.00000
     -0.17183      0.00000      0.00000      0.00000
     -0.16183      0.00000      0.00000      0.00000
     -0.15183      0.00000      0.00000      0.00000
     -0.14183      0.00000      0.00000      0.00000
     -0.13183      0.00000      0.00000      0.00000
     -0.12183      0.00000      0.00000      0.00000
     -0.11183      0.00000      0.00000      0.00000
     -0.10183      0.00000      0.00000      0.00000
     -0.09183      0.00000      0.00000      0.00000
     -0.08183      0.00000      0.00000      0.00000
     -0.07183      0.00000      0.00000      0.00000
     -0.06183      0.00000      0.00000      0.00000
     -0.05183      0.00000      0.00000      0.00000
     -0.04183      0.01267      0.00050      0.01217
     -0.03183      0.50361      0.01971      0.48390
     -0.02183      7.36633      0.28828      7.07806
     -0.01183     39.63803      1.55121     38.08683
     -0.00183     78.46544      3.07069     75.39475
      0.00817     57.14132      2.23619     54.90513
      0.01817     15.30832      0.59908     14.70924
      0.02817      1.50873      0.05904      1.44968
      0.03817      0.05470      0.00214      0.05256
      0.04817      0.00073      0.00003      0.00070
      0.05817      0.00000      0.00000      0.00000
      0.06817      0.00000      0.00000      0.00000
      0.07817      0.00000      0.00000      0.00000
      0.08817      0.00000      0.00000      0.00000
      0.09817      0.00000      0.00000      0.00000
      0.10817      0.00000      0.00000      0.00000
      0.11817      0.00000      0.00000      0.00000
      0.12817      0.00000      0.00000      0.00000
      0.13817      0.00000      0.00000      0.00000
      0.14817      0.00000      0.00000      0.00000
      0.15817      0.00000      0.00000      0.00000
      0.16817      0.00000      0.00000      0.00000
      0.17817      0.00000      0.00000      0.00000
      0.18817      0.00000      0.00000      0.00000
      0.19817      0.00000      0.00000      0.00000
      0.20817      0.00000      0.00000      0.00000
      0.21817      0.00000      0.00000      0.00000
      0.22817      0.00000      0.00000      0.00000
      0.23817      0.00000      0.00000      0.00000
      0.24817      0.00000      0.00000      0.00000
      0.25817      0.00000      0.00000      0.00000
      0.26817      0.00000      0.00000      0.00000
      0.27817      0.00000      0.00000      0.00000
      0.28817      0.00000      0.00000      0.00000
      0.29817      0.00000      0.00000      0.00000
      0.30817      0.00000      0.00000      0.00000
      0.31817      0.00000      0.00000      0.00000
      0.32817      0.00000      0.00000      0.00000
      0.33817      0.00000      0.00000      0.00000
      0.34817      0.00000      0.00000      0.00000
      0.35817      0.00000      0.00000      0.00000
      0.36817      0.00000      0.00000      0.00000
      0.37817      0.00000      0.00000      0.00000
      0.38817      0.00000      0.00000      0.00000
      0.39817      0.00000      0.00000      0.00000
      0.40817      0.00000      0.00000      0.00000
      0.41817      0.00000      0.00000      0.00000
      0.42817      0.00000      0.00000      0.00000
      0.43817      0.00000      0.00000      0.00000
      0.44817      0.00000      0.00000      0.00000
      0.45817      0.00000      0.00000      0.00000
      0.46817      0.00000      0.00000      0.00000
      0.47817      0.00000      0.00000      0.00000
      0.48817      0.00000      0.00000      0.00000
      0.49817      0.00000      0.00000      0.00000
      0.50817      0.00000      0.00000      0.00000
      0.51817      0.00000      0.00000      0.00000
      0.52817      0.00000      0.00000      0.00000
      0.53817      0.00000      0.00000      0.00000
      0.54817      0.00000      0.00000      0.00000
      0.55817      0.00000      0.00000      0.00000
      0.56817      0.00000      0.00000      0.00000
      0.57817      0.00000      0.00000      0.00000
      0.58817      0.00000      0.00000      0.00000
      0.59817      0.00000      0.00000      0.00000
      0.60817      0.00000      0.00000      0.00000
      0.61817      0.00000      0.00000      0.00000
      0.62817      0.00000      0.00000      0.00000
      0.63817      0.00000      0.00000      0.00000
      0.64817      0.00000      0.00000      0.00000
      0.65817      0.00000      0.00000      0.00000
      0.66817      0.00000      0.00000      0.00000
      0.67817      0.00000      0.00000      0.00000
      0.68817      0.00000      0.00000      0.00000
      0.69817      0.00000      0.00000      0.00000
      0.70817      0.00000      0.00000      0.00000
      0.71817      0.00000      0.00000      0.00000
      0.72817      0.00000      0.00000      0.00000
      0.73817      0.00000      0.00000      0.00000
      0.74817      0.00000      0.00000      0.00000
      0.75817      0.00000      0.00000      0.00000
      0.76817      0.00000      0.00000      0.00000
      0.77817      0.00000      0.00000      0.00000
      0.78817      0.00000      0.00000      0.00000
      0.79817      0.00000      0.00000      0.00000
      0.80817      0.00000      0.00000      0.00000
      0.81817      0.00000      0.00000      0.00000
      0.82817      0.00000      0.00000      0.00000
      0.83817      0.00000      0.00000      0.00000
      0.84817      0.00000      0.00000      0.00000
      0.85817      0.00000      0.00000      0.00000
      0.86817      0.00000      0.00000      0.00000
      0.87817      0.00000      0.00000      0.00000
      0.88817      0.00000      0.00000      0.00000
      0.89817      0.00000      0.00000      0.00000
      0.90817      0.00000      0.00000      0.00000
      0.91817      0.00000      0.00000      0.00000
      0.92817      0.00000      0.00000      0.00000
      0.93817      0.00000      0.00000      0.00000
      0.94817      0.00000      0.00000      0.00000
      0.95817      0.00000      0.00000      0.00000
      0.96817      0.00000      0.00000      0.00000
      0.97817      0.00000      0.00000      0.00000
      0.98817      0.00000      0.00000      0.00000
      0.99817      0.00000      0.00000      0.00000
      1.00817      0.00000      0.00000      0.00000
      1.01817      0.00000      0.00000      0.00000
      1.02817      0.00000      0.00000      0.00000
      1.03817      0.00000      0.00000      0.00000
      1.04817      0.00000      0.00000      0.00000
      1.05817      0.00000      0.00000      0.00000
      1.06817      0.00000      0.00000      0.00000
      1.07817      0.00000      0.00000      0.00000
      1.08817      0.00000      0.00000      0.00000
      1.09817      0.00000      0.00000      0.00000
      1.10817      0.00000      0.00000      0.00000
      1.11817      0.00000      0.00000      0.00000
      1.12817      0.00000      0.00000      0.00000
      1.13817      0.00000      0.00000      0.00000
      1.14817      0.00000      0.00000      0.00000
      1.15817      0.00000      0.00000      0.00000
      1.16817      0.00000      0.00000      0.00000
      1.17817      0.00000      0.00000      0.00000
      1.18817      0.00000      0.00000      0.00000
      1.19817      0.00000      0.00000      0.00000
      1.20817      0.00000      0.00000      0.00000
      1.21817      0.00000      0.00000      0.00000
      1.22817      0.00000      0.00000      0.00000
      1.23817      0.00000      0.00000      0.00000
      1.24817      0.00000      0.00000      0.00000
      1.25817      0.00000      0.00000      0.00000
      1.26817      0.00000      0.00000      0.00000
      1.27817      0.00000      0.00000      0.00000
      1.28817      0.00000      0.00000      0.00000
      1.29817      0.00000      0.00000      0.00000
      1.30817      0.00000      0.00000      0.00000
      1.31817      0.00000      0.00000      0.00000
      1.32817      0.00000      0.00000      0.00000
      1.33817      0.00000      0.00000      0.00000
      1.34817      0.00000      0.00000      0.00000
      1.35817      0.00000      0.00000      0.00000
      1.36817      0.00000      0.00000      0.00000
      1.37817      0.00000      0.00000      0.00000
      1.38817      0.00000      0.00000      0.00000
      1.39817      0.00000      0.00000      0.00000
      1.40817      0.00000      0.00000      0.00000
      1.41817      0.00000      0.00000      0.00000
      1.42817      0.00000      0.00000      0.00000
      1.43817      0.00000      0.00000      0.00000
      1.44817      0.00000      0.00000      0.00000
      1.45817      0.00000      0.00000      0.00000
      1.46817      0.00000      0.00000      0.00000
      1.47817      0.00000      0.00000      0.00000
      1.48817      0.00000      0.00000      0.00000
      1.49817      0.00000      0.00000      0.00000
      1.50817      0.00000      0.00000      0.00000
      1.51817      0.00000      0.00000      0.00000
      1.52817      0.00000      0.00000      0.00000
      1.53817      0.00000      0.00000      0.00000
      1.54817      0.00000      0.00000      0.00000
      1.55817      0.00000      0.00000      0.00000
      1.56817      0.00000      0.00000      0.00000
      1.57817      0.00000      0.00000      0.00000
      1.58817      0.00000      0.00000      0.00000
      1.59817      0.00000      0.00000      0.00000
      1.60817      0.00000      0.00000      0.00000
      1.61817      0.00000      0.00000      0.00000
      1.62817      0.00000      0.00000      0.00000
      1.63817      0.00000      0.00000      0.00000
      1.64817      0.00000      0.00000      0.00000
      1.65817      0.00000      0.00000      0.00000
      1.66817      0.00000      0.00000      0.00000
      1.67817      0.00000      0.00000      0.00000
      1.68817      0.00000      0.00000      0.00000
      1.69817      0.00000      0.00000      0.00000
      1.70817      0.00000      0.00000      0.00000
      1.71817      0.00000      0.00000      0.00000
      1.72817      0.00000      0.00000      0.00000
      1.73817      0.00000      0.00000      0.00000
      1.74817      0.00000      0.00000      0.00000
      1.75817      0.00000      0.00000      0.00000
      1.76817      0.00000      0.00000      0.00000
      1.77817      0.00000      0.00000      0.00000
      1.78817      0.00000      0.00000      0.00000
      1.79817      0.00000      0.00000      0.00000
      1.80817      0.00000      0.00000      0.00000
      1.81817      0.00000      0.00000      0.00000
      1.82817      0.00000      0.00000      0.00000
      1.83817      0.00000      0.00000      0.00000
      1.84817      0.00000      0.00000      0.00000
      1.85817      0.00000      0.00000      0.00000
      1.86817      0.00000      0.00000      0.00000
      1.87817      0.00000      0.00000      0.00000
      1.88817      0.00000      0.00000      0.00000
      1.89817      0.00000      0.00000      0.00000
      1.90817      0.00000      0.00000      0.00000
      1.91817      0.00000      0.00000      0.00000
      1.92817      0.00000      0.00000      0.00000
      1.93817      0.00000      0.00000      0.00000
      1.94817      0.00000      0.00000      0.00000
      1.95817      0.00000      0.00000      0.00000
      1.96817      0.00000      0.00000      0.00000
      1.97817      0.00000      0.00000      0.00000
      1.98817      0.00000      0.00000      0.00000
      1.99817      0.00000      0.00000      0.00000
      2.00817      0.00000      0.00000      0.00000
      2.01817      0.00000      0.00000      0.00000
      2.02817      0.00000      0.00000      0.00000
      2.03817      0.00000      0.00000      0.00000
      2.04817      0.00000      0.00000      0.00000
      2.05817      0.00000      0.00000      0.00000
      2.06817      0.00000      0.00000      0.00000
      2.07817      0.00000      0.00000      0.00000
      2.08817      0.00000      0.00000      0.00000
      2.09817      0.00000      0.00000      0.00000
      2.10817      0.00000      0.00000      0.00000
      2.11817      0.00000      0.00000      0.00000
      2.12817      0.00000      0.00000      0.00000
      2.13817      0.00000      0.00000      0.00000
      2.14817      0.00000      0.00000      0.00000
      2.15817      0.00000      0.00000      0.00000
      2.16817      0.00000      0.00000      0.00000
      2.17817      0.00000      0.00000      0.00000
      2.18817      0.00000      0.00000      0.00000
      2.19817      0.00000      0.00000      0.00000
      2.20817      0.00000      0.00000      0.00000
      2.21817      0.00000      0.00000      0.00000
      2.22817      0.00000      0.00000      0.00000
      2.23817      0.00000      0.00000      0.00000
      2.24817      0.00000      0.00000      0.00000
      2.25817      0.00000      0.00000      0.00000
      2.26817      0.00000      0.00000      0.00000
      2.27817      0.00000      0.00000      0.00000
      2.28817      0.00000      0.00000      0.00000
      2.29817      0.00000      0.00000      0.00000
      2.30817      0.00000      0.00000      0.00000
      2.31817      0.00000      0.00000      0.00000
      2.32817      0.00000      0.00000      0.00000
      2.33817      0.00000      0.00000      0.00000
      2.34817      0.00000      0.00000      0.00000
      2.35817      0.00000      0.00000      0.00000
      2.36817      0.00000      0.00000      0.00000
      2.37817      0.00000      0.00000      0.00000
      2.38817      0.00000      0.00000      0.00000
      2.39817      0.00000      0.00000      0.00000
      2.40817      0.00000      0.00000      0.00000
      2.41817      0.00000      0.00000      0.00000
      2.42817      0.00000      0.00000      0.00000
      2.43817      0.00000      0.00000      0.00000
      2.44817      0.00000      0.00000      0.00000
      2.45817      0.00000      0.00000      0.00000
      2.46817      0.00000      0.00000      0.00000
      2.47817      0.00000      0.00000      0.00000
      2.48817      0.00000      0.00000      0.00000
      2.49817      0.00000      0.00000      0.00000
      2.50817      0.00000      0.00000      0.00000
      2.51817      0.00000      0.00000      0.00000
      2.52817      0.00000      0.00000      0.00000
      2.53817      0.00000      0.00000      0.00000
      2.54817      0.00000      0.00000      0.00000
      2.55817      0.00000      0.00000      0.00000
      2.56817      0.00000      0.00000      0.00000
      2.57817      0.00000      0.00000      0.00000
      2.58817      0.00000      0.00000      0.00000
      2.59817      0.00000      0.00000      0.00000
      2.60817      0.00000      0.00000      0.00000
      2.61817      0.00000      0.00000      0.00000
      2.62817      0.00000      0.00000      0.00000
      2.63817      0.00000      0.00000      0.00000
      2.64817      0.00000      0.00000      0.00000
      2.65817      0.00000      0.00000      0.00000
      2.66817      0.00000      0.00000      0.00000
      2.67817      0.00000      0.00000      0.00000
      2.68817      0.00000      0.00000      0.00000
      2.69817      0.00000      0.00000      0.00000
      2.70817      0.00000      0.00000      0.00000
      2.71817      0.00000      0.00000      0.00000
      2.72817      0.00000      0.00000      0.00000
      2.73817      0.00000      0.00000      0.00000
      2.74817      0.00000      0.00000      0.00000
      2.75817      0.00000      0.00000      0.00000
      2.76817      0.00000      0.00000      0.00000
      2.77817      0.00000      0.00000      0.00000
      2.78817      0.00000      0.00000      0.00000
      2.79817      0.00000      0.00000      0.00000
      2.80817      0.00000      0.00000      0.00000
      2.81817      0.00000      0.00000      0.00000
      2.82817      0.00000      0.00000      0.00000
      2.83817      0.00000      0.00000      0.00000
      2.84817      0.00000      0.00000      0.00000
      2.85817      0.00000      0.00000      0.00000
      2.86817      0.00000      0.00000      0.00000
      2.87817      0.00000      0.00000      0.00000
      2.88817      0.00000      0.00000      0.00000
      2.89817      0.00000      0.00000      0.00000
      2.90817      0.00000      0.00000      0.00000
      2.91817      0.00000      0.00000      0.00000
      2.92817      0.00000      0.00000      0.00000
      2.93817      0.00000      0.00000      0.00000
      2.94817      0.00000      0.00000      0.00000
      2.95817      0.00000      0.00000      0.00000
      2.96817      0.00000      0.00000      0.00000
      2.97817      0.00000      0.00000      0.00000
      2.98817      0.00000      0.00000      0.00000
      2.99817      0.00000      0.00000      0.00000
      3.00817      0.00000      0.00000      0.00000
      3.01817      0.00000      0.00000      0.00000
      3.02817      0.00000      0.00000      0.00000
      3.03817      0.00000      0.00000      0.00000
      3.04817      0.00000      0.00000      0.00000
      3.05817      0.00000      0.00000      0.00000
      3.06817      0.00000      0.00000      0.00000
      3.07817      0.00000      0.00000      0.00000
      3.08817      0.00000      0.00000      0.00000
      3.09817      0.00000      0.00000      0.00000
      3.10817      0.00000      0.00000      0.00000
      3.11817      0.00000      0.00000      0.00000
      3.12817      0.00000      0.00000      0.00000
      3.13817      0.00000      0.00000      0.00000
      3.14817      0.00000      0.00000      0.00000
      3.15817      0.00000      0.00000      0.00000
      3.16817      0.00000      0.00000      0.00000
      3.17817      0.00000      0.00000      0.00000
      3.18817      0.00000      0.00000      0.00000
      3.19817      0.00000      0.00000      0.00000
      3.20817      0.00000      0.00000      0.00000
      3.21817      0.00000      0.00000      0.00000
      3.22817      0.00000      0.00000      0.00000
      3.23817      0.00000      0.00000      0.00000
      3.24817      0.00000      0.00000      0.00000
      3.25817      0.00000      0.00000      0.00000
      3.26817      0.00000      0.00000      0.00000
      3.27817      0.00000      0.00000      0.00000
      3.28817      0.00000      0.00000      0.00000
      3.29817      0.00000      0.00000      0.00000
      3.30817      0.00000      0.00000      0.00000
      3.31817      0.00000      0.00000      0.00000
      3.32817      0.00000      0.00000      0.00000
      3.33817      0.00000      0.00000      0.00000
      3.34817      0.00000      0.00000      0.00000
      3.35817      0.00000      0.00000      0.00000
      3.36817      0.00000      0.00000      0.00000
      3.37817      0.00000      0.00000      0.00000
      3.38817      0.00000      0.00000      0.00000
      3.39817      0.00000      0.00000      0.00000
      3.40817      0.00000      0.00000      0.00000
      3.41817      0.00000      0.00000      0.00000
      3.42817      0.00000      0.00000      0.00000
      3.43817      0.00000      0.00000      0.00000
      3.44817      0.00000      0.00000      0.00000
      3.45817      0.00000      0.00000      0.00000
      3.46817      0.00000      0.00000      0.00000
      3.47817      0.00000      0.00000      0.00000
      3.48817      0.00000      0.00000      0.00000
      3.49817      0.00000      0.00000      0.00000
      3.50817      0.00000      0.00000      0.00000
      3.51817      0.00000      0.00000      0.00000
      3.52817      0.00000      0.00000      0.00000
      3.53817      0.00000      0.00000      0.00000
      3.54817      0.00000      0.00000      0.00000
      3.55817      0.00000      0.00000      0.00000
      3.56817      0.00000      0.00000      0.00000
      3.57817      0.00000      0.00000      0.00000
      3.58817      0.00000      0.00000      0.00000
      3.59817      0.00000      0.00000      0.00000
      3.60817      0.00000      0.00000      0.00000
      3.61817      0.00000      0.00000      0.00000
      3.62817      0.00000      0.00000      0.00000
      3.63817      0.00000      0.00000      0.00000
      3.64817      0.00000      0.00000      0.00000
      3.65817      0.00000      0.00000      0.00000
      3.66817      0.00000      0.00000      0.00000
      3.67817      0.00000      0.00000      0.00000
      3.68817      0.00000      0.00000      0.00000
      3.69817      0.00000      0.00000      0.00000
      3.70817      0.00000      0.00000      0.00000
      3.71817      0.00000      0.00000      0.00000
      3.72817      0.00000      0.00000      0.00000
      3.73817      0.00000      0.00000      0.00000
      3.74817      0.00000      0.00000      0.00000
      3.75817      0.00000      0.00000      0.00000
      3.76817      0.00000      0.00000      0.00000
      3.77817      0.00000      0.00000      0.00000
      3.78817      0.00000      0.00000      0.00000
      3.79817      0.00000      0.00000      0.00000
      3.80817      0.00000      0.00000      0.00000
      3.81817      0.00000      0.00000      0.00000
      3.82817      0.00000      0.00000      0.00000
      3.83817      0.00000      0.00000      0.00000
      3.84817      0.00000      0.00000      0.00000
      3.85817      0.00000      0.00000      0.00000
      3.86817      0.00000      0.00000      0.00000
      3.87817      0.00000      0.00000      0.00000
      3.88817      0.00000      0.00000      0.00000
      3.89817      0.00000      0.00000      0.00000
      3.90817      0.00000      0.00000      0.00000
      3.91817      0.00000      0.00000      0.00000
      3.92817      0.00000      0.00000      0.00000
      3.93817      0.00000      0.00000      0.00000
      3.94817      0.00000      0.00000      0.00000
      3.95817      0.00000      0.00000      0.00000
      3.96817      0.00000      0.00000      0.00000
      3.97817      0.00000      0.00000      0.00000
      3.98817      0.00000      0.00000      0.00000
      3.99817      0.00000      0.00000      0.00000
      4.00817      0.00000      0.00000      0.00000
      4.01817      0.00000      0.00000      0.00000
      4.02817      0.00000      0.00000      0.00000
      4.03817      0.00000      0.00000      0.00000
      4.04817      0.00000      0.00000      0.00000
      4.05817      0.00000      0.00000      0.00000
      4.06817      0.00000      0.00000      0.00000
      4.07817      0.00000      0.00000      0.00000
      4.08817      0.00000      0.00000      0.00000
      4.09817      0.00000      0.00000      0.00000
      4.10817      0.00000      0.00000      0.00000
      4.11817      0.00000      0.00000      0.00000
      4.12817      0.00000      0.00000      0.00000
      4.13817      0.00000      0.00000      0.00000
      4.14817      0.00000      0.00000      0.00000
      4.15817      0.00000      0.00000      0.00000
      4.16817      0.00000      0.00000      0.00000
      4.17817      0.00000      0.00000      0.00000
      4.18817      0.00000      0.00000      0.00000
      4.19817      0.00000      0.00000      0.00000
      4.20817      0.00000      0.00000      0.00000
      4.21817      0.00000      0.00000      0.00000
      4.22817      0.00000      0.00000      0.00000
      4.23817      0.00000      0.00000      0.00000
      4.24817      0.00000      0.00000      0.00000
      4.25817      0.00000      0.00000      0.00000
      4.26817      0.00260      0.00005      0.00254
      4.27817      0.14840      0.00298      0.14542
      4.28817      3.12111      0.06266      3.05845
      4.29817     24.14896      0.48485     23.66411
      4.30817     68.73736      1.38007     67.35728
      4.31817     71.97682      1.44511     70.53171
      4.32817     27.72669      0.55668     27.17001
      4.33817      3.92924      0.07889      3.85035
      4.34817      0.20484      0.00411      0.20073
      4.35817      0.00393      0.00008      0.00385
      4.36817      0.00000      0.00000      0.00000
      4.37817      0.00000      0.00000      0.00000
      4.38817      0.00000      0.00000      0.00000
      4.39817      0.00000      0.00000      0.00000
      4.40817      0.00000      0.00000      0.00000
      4.41817      0.00000      0.00000      0.00000
      4.42817      0.00000      0.00000      0.00000
      4.43817      0.00000      0.00000      0.00000
      4.44817      0.00000      0.00000      0.00000
      4.45817      0.00000      0.00000      0.00000
      4.46817      0.00000      0.00000      0.00000
      4.47817      0.00000      0.00000      0.00000
      4.48817      0.00000      0.00000      0.00000
      4.49817      0.00889      0.00039      0.00849
      4.50817      0.38433      0.01707      0.36726
      4.51817      6.11314      0.27147      5.84167
      4.52817     35.77069      1.58850     34.18219
      4.53817     77.00540      3.41955     73.58585
      4.54817     61.20412      2.71293     58.49118
      4.55817     21.98461      0.88290     21.10171
      4.56817     30.82439      0.72883     30.09556
      4.57817     72.98399      1.62757     71.35641
      4.58817     67.61883      1.50641     66.11242
      4.59817     23.06992      0.51394     22.55598
      4.60817      2.89559      0.06451      2.83108
      4.61817      0.13370      0.00298      0.13072
      4.62817      0.00227      0.00005      0.00222
      4.63817      0.00000      0.00000      0.00000
      4.64817      0.00000      0.00000      0.00000
      4.65817      0.00000      0.00000      0.00000
      4.66817      0.00129      0.00119      0.00010
      4.67817      0.09894      0.09122      0.00772
      4.68817      2.79913      2.58070      0.21842
      4.69817     29.14869     26.87392      2.27478
      4.70817    111.72332    103.00352      8.71981
      4.71817    157.61493    145.31213     12.30279
      4.72817     81.84309     75.45373      6.38936
      4.73817     15.67899     14.42367      1.25532
      4.74817      2.23050      1.10358      1.12692
      4.75817     12.71116      1.02666     11.68450
      4.76817     52.35890      4.12999     48.22891
      4.77817     79.51991      6.27241     73.24750
      4.78817     44.42962      3.50504     40.92459
      4.79817      9.17896      0.76255      8.41641
      4.80817      2.03950      1.26632      0.77318
      4.81817     14.25754     12.79235      1.46519
      4.82817     55.28578     49.66533      5.62045
      4.83817     78.99189     70.96151      8.03037
      4.84817     42.20672     37.91877      4.28795
      4.85817     17.30654     15.58462      1.72192
      4.86817     45.38194     40.94932      4.43262
      4.87817     79.58424     71.81494      7.76931
      4.88817     51.97710     46.90295      5.07416
      4.89817     12.52793     11.30488      1.22305
      4.90817      2.24510      2.02479      0.22031
      4.91817     12.79768     11.53565      1.26203
      4.92817     52.51597     47.33703      5.17894
      4.93817     79.55497     71.70983      7.84514
      4.94817     45.82209     41.31092      4.51117
      4.95817     24.68898     22.29513      2.39384
      4.96817     59.71910     52.97810      6.74100
      4.97817     93.36923     72.71925     20.64998
      4.98817     95.86038     41.89261     53.96777
      4.99817     85.83034     15.34930     70.48104
      5.00817     40.61680      4.93730     35.67949
      5.01817      7.57395      0.85723      6.71671
      5.02817      1.47217      0.19331      1.27887
      5.03817     13.55760      3.22848     10.32912
      5.04817     78.90858     30.12156     48.78702
      5.05817    195.04085    107.13462     87.90623
      5.06817    205.47288    143.15997     62.31291
      5.07817     89.52018     71.34479     18.17538
      5.08817     15.48000     13.21159      2.26841
      5.09817      1.02899      0.90738      0.12161
      5.10817      0.02579      0.02309      0.00271
      5.11817      0.00104      0.00095      0.00009
      5.12817      0.07257      0.06626      0.00631
      5.13817      1.85734      1.69596      0.16138
      5.14817     17.48759     15.96817      1.51941
      5.15817     60.57237     55.30952      5.26285
      5.16817     77.18356     70.47744      6.70612
      5.17817     36.18808     33.04382      3.14426
      5.18817      6.56224      5.99003      0.57221
      5.19817      5.82135      5.27247      0.54887
      5.20817     33.86965     30.35547      3.51417
      5.21817     82.69819     69.60606     13.09213
      5.22817    101.50031     62.16519     39.33512
      5.23817     97.43044     27.35809     70.07235
      5.24817     60.77363      9.30044     51.47319
      5.25817     16.43779      2.24951     14.18829
      5.26817      4.97463      3.24439      1.73024
      5.27817     25.16783     22.92470      2.24313
      5.28817     69.67408     63.59778      6.07629
      5.29817     71.13028     64.92767      6.20261
      5.30817     26.71459     24.38506      2.32953
      5.31817      3.69104      3.36917      0.32186
      5.32817      0.18761      0.17125      0.01636
      5.33817      0.00351      0.00320      0.00031
      5.34817      0.00166      0.00151      0.00015
      5.35817      0.10468      0.09514      0.00954
      5.36817      2.42617      2.20497      0.22121
      5.37817     20.68572     18.79970      1.88602
      5.38817     64.88210     58.96649      5.91561
      5.39817     74.86602     68.04013      6.82589
      5.40817     31.78011     28.88256      2.89754
      5.41817      4.99527      4.53990      0.45536
      5.42817      1.31082      1.19384      0.11698
      5.43817     11.90566     10.84765      1.05801
      5.44817     50.89758     46.27140      4.62618
      5.45817     82.53747     72.79078      9.74669
      5.46817     68.84360     43.28330     25.56030
      5.47817     77.12789     12.87756     64.25033
      5.48817     73.88313      5.00405     68.87908
      5.49817     29.22464      1.74046     27.48417
      5.50817      4.29062      0.25278      4.03784
      5.51817      0.23191      0.01366      0.21825
      5.52817      0.00461      0.00027      0.00434
      5.53817      0.00000      0.00000      0.00000
      5.54817      0.02072      0.01883      0.00189
      5.55817      0.73118      0.66460      0.06658
      5.56817      9.49358      8.62725      0.86633
      5.57817     45.45203     41.20370      4.24833
      5.58817     82.40401     72.49223      9.91179
      5.59817     73.94431     47.71087     26.23344
      5.60817     79.21366     13.90688     65.30678
      5.61817     74.52274      4.06783     70.45491
      5.62817     30.97805      2.48789     28.49015
      5.63817     18.61853     13.12704      5.49148
      5.64817     55.51320     50.29006      5.22315
      5.65817     79.25896     71.87214      7.38683
      5.66817     46.39055     38.18539      8.20517
      5.67817     39.47798      9.98534     29.49263
      5.68817     75.22989      6.88425     68.34564
      5.69817     65.21676      5.57199     59.64477
      5.70817     20.94899      1.78587     19.16311
      5.71817      2.53987      0.21599      2.32388
      5.72817      1.80055      0.13936      1.66119
      5.73817     16.48566      1.26779     15.21787
      5.74817     59.04693      4.54080     54.50612
      5.75817     77.81069      5.98377     71.82692
      5.76817     37.74461      2.92199     34.82262
      5.77817      7.52608      1.24262      6.28346
      5.78817     10.54050      9.18143      1.35907
      5.79817     47.61566     42.48663      5.12903
      5.80817     90.47795     73.13315     17.34480
      5.81817     98.35368     48.74176     49.61192
      5.82817     92.45832     16.02083     76.43749
      5.83817     62.03763      5.24867     56.78896
      5.84817     63.13204      5.32188     57.81017
      5.85817     84.43393     10.35087     74.08307
      5.86817     72.70884     29.13584     43.57300
      5.87817     81.39967     66.33432     15.06535
      5.88817     69.25614     62.35688      6.89926
      5.89817     23.98440     21.78022      2.20419
      5.90817      3.08201      2.80086      0.28115
      5.91817      0.14581      0.13251      0.01330
      5.92817      0.00254      0.00231      0.00023
      5.93817      0.00000      0.00000      0.00000
      5.94817      0.00000      0.00000      0.00000
      5.95817      0.00000      0.00000      0.00000
      5.96817      0.00000      0.00000      0.00000
      5.97817      0.00000      0.00000      0.00000
      5.98817      0.00000      0.00000      0.00000
      5.99817      0.01191      0.01013      0.00179
      6.00817      0.51741      0.41843      0.09898
      6.01817      8.55373      6.38604      2.16769
      6.02817     54.66328     36.09305     18.57023
      6.03817    137.14045     75.88768     61.25277
      6.04817    136.44038     59.78790     76.65248
      6.05817     53.82708     17.84107     35.98602
      6.06817      8.33532      2.04562      6.28969
      6.07817      0.49887      0.09157      0.40730
      6.08817      0.01944      0.00896      0.01049
      6.09817      0.35725      0.32437      0.03288
      6.10817      5.81052      5.27568      0.53483
      6.11817     34.76625     31.56617      3.20008
      6.12817     76.52556     69.48172      7.04383
      6.13817     61.98634     56.28175      5.70459
      6.14817     19.15279     17.42491      1.72788
      6.15817     11.18002     10.61394      0.56608
      6.16817     44.60771     42.75443      1.85331
      6.17817     80.60822     77.30735      3.30175
      6.18817     64.74132     62.42828      2.32303
      6.19817     68.26061     63.97387      4.32867
      6.20817    117.76025     83.04119     34.78381
      6.21817    170.82886     53.04349    117.82216
      6.22817    178.22183     20.12184    158.10768
      6.23817    128.07824      9.72839    118.35044
      6.24817     89.85985      7.16289     82.69698
      6.25817     39.62021      3.24408     36.37613
      6.26817      7.13438      0.58658      6.54780
      6.27817      0.47997      0.03949      0.44049
      6.28817      0.07478      0.00606      0.06872
      6.29817      1.67262      0.13519      1.53743
      6.30817     16.35732      1.32212     15.03519
      6.31817     58.84802      4.75655     54.09147
      6.32817     77.89046      6.29993     71.59054
      6.33817     38.16360      3.29434     34.86926
      6.34817     11.21270      4.73771      6.47499
      6.35817     30.16419     28.19587      1.96832
      6.36817     73.54791     69.68331      3.86460
      6.37817     68.18038     64.55311      3.62727
      6.38817     36.39592     33.90158      2.49433
      6.39817     57.64137     52.32095      5.32042
      6.40817     79.18965     71.72683      7.46281
      6.41817     41.90313     37.95158      3.95155
      6.42817      8.25151      7.47832      0.77318
      6.43817      2.63365      2.50830      0.12535
      6.44817     18.61826     17.97945      0.63882
      6.45817     62.21205     60.04003      2.17202
      6.46817     77.77017     73.89087      3.87930
      6.47817     48.82970     34.29452     14.53518
      6.48817     62.59364     10.39281     52.20084
      6.49817     95.34255     20.01663     75.32592
      6.50817     99.85233     56.81632     43.03601
      6.51817     86.13322     73.23578     12.89745
      6.52817     39.06077     35.89123      3.16954
      6.53817      6.99356      6.50236      0.49120
      6.54817      0.46549      0.43367      0.03182
      6.55817      0.01142      0.01064      0.00078
      6.56817      0.00000      0.00000      0.00000
      6.57817      0.00000      0.00000      0.00000
      6.58817      0.00000      0.00000      0.00000
      6.59817      0.02418      0.02154      0.00263
      6.60817      0.82118      0.73168      0.08949
      6.61817     10.28131      9.14877      1.13254
      6.62817     47.99995     42.31221      5.68774
      6.63817     92.43554     76.01964     16.41589
      6.64817    121.63005     76.04145     45.58860
      6.65817    164.26312     85.89268     78.37044
      6.66817    122.40320     67.56332     54.83988
      6.67817     37.77851     21.81059     15.96793
      6.68817     20.71451      3.46939     17.24512
      6.69817     59.58150      3.18830     56.39319
      6.70817     77.66997      4.01881     73.65116
      6.71817     37.34887      1.93167     35.41720
      6.72817      6.60726      0.34173      6.26554
      6.73817      0.43000      0.02224      0.40776
      6.74817      0.01426      0.00082      0.01344
      6.75817      0.20626      0.01478      0.19148
      6.76817      3.94852      0.28290      3.66562
      6.77817     27.80928      1.99422     25.81506
      6.78817     72.16772      5.27647     66.89125
      6.79817     71.43396      7.45000     63.98396
      6.80817     46.53604     22.23113     24.30491
      6.81817     70.19298     61.36915      8.82383
      6.82817     76.49381     67.41731      9.07650
      6.83817     52.82211     29.96485     22.85726
      6.84817     72.15757     12.53777     59.61980
      6.85817     73.39318      9.38945     64.00373
      6.86817     34.53832      3.82046     30.71786
      6.87817     38.76810      1.70349     37.06462
      6.88817     76.65851      2.62963     74.02888
      6.89817     62.15114      2.11573     60.03541
      6.90817     18.58882      0.63268     17.95615
      6.91817      2.04546      0.06962      1.97584
      6.92817      0.08434      0.00422      0.08011
      6.93817      0.10161      0.09019      0.01143
      6.94817      2.44065      2.12652      0.31413
      6.95817     22.81659     18.47420      4.34238
      6.96817     86.29081     59.20146     27.08935
      6.97817    141.88989     70.26811     71.62178
      6.98817    106.22897     31.21368     75.01529
      6.99817     35.54205      5.59555     29.94649
      7.00817     11.09146      5.11665      5.97482
      7.01817     43.09782     29.57301     13.52482
      7.02817    119.28544     69.82845     49.45699
      7.03817    142.21704     65.00295     77.21409
      7.04817     79.63194     30.85690     48.77505
      7.05817     54.13817     39.04804     15.09012
      7.06817     79.45506     71.24124      8.21381
      7.07817     58.19722     52.82382      5.37340
      7.08817     16.26079     14.76790      1.49289
      7.09817      7.23951      6.57867      0.66084
      7.10817     34.23364     31.11370      3.11994
      7.11817     76.22708     69.28008      6.94700
      7.12817     62.54836     56.84798      5.70038
      7.13817     18.88133     17.16057      1.72076
      7.14817      2.09679      1.90570      0.19109
      7.15817      0.08566      0.07785      0.00781
      7.16817      0.00129      0.00117      0.00012
      7.17817      0.00000      0.00000      0.00000
      7.18817      0.00000      0.00000      0.00000
      7.19817      0.00000      0.00000      0.00000
      7.20817      0.00000      0.00000      0.00000
      7.21817      0.00039      0.00020      0.00019
      7.22817      0.03331      0.01676      0.01655
      7.23817      1.04389      0.52526      0.51863
      7.24817     12.04348      6.06445      5.97990
      7.25817     51.38182     26.05621     25.36509
      7.26817     85.13371     46.21241     39.58079
      7.27817     79.31943     60.65012     22.72155
      7.28817     85.64591     90.01639      4.79840
      7.29817     65.75870     73.24741      0.37295
      7.30817     37.04703     41.65442      0.02157
      7.31817     65.04346     72.94418      0.28757
      7.32817     96.61965    103.58526      3.09769
      7.33817    107.77207     95.73043     16.73198
      7.34817    127.85681     77.51515     51.14669
      7.35817    114.89312     37.65678     77.28718
      7.36817     64.22556     10.42194     53.80480
      7.37817     53.71149      6.91243     46.79906
      7.38817    101.96347     21.12387     80.83961
      7.39817    128.47629     47.03431     81.44206
      7.40817    111.46192     65.38717     46.08122
      7.41817     98.87695     84.36528     14.69550
      7.42817     92.95893     91.97702      2.90453
      7.43817     92.48191     95.13391      4.76569
      7.44817    127.52363    111.94851     26.36993
      7.45817    163.56563    112.20628     58.39289
      7.46817    149.85500    106.00831     47.64886
      7.47817     70.13641     57.66755     14.30435
      7.48817     14.40170     13.24452      1.57975
      7.49817      7.12447      7.20640      0.06418
      7.50817     35.46045     36.11133      0.00096
      7.51817     76.84291     78.25434      0.00000
      7.52817     61.31714     62.44339      0.00000
      7.53817     18.02435     18.35025      0.00491
      7.54817      2.92142      2.77901      0.18678
      7.55817     14.44802     11.97394      2.61193
      7.56817     77.99108     65.34535     13.43665
      7.57817    156.44506    132.72577     25.42879
      7.58817    119.54058    103.63343     17.70378
      7.59817     59.51955     58.70428      4.53432
      7.60817     75.35145     83.57851      0.42723
      7.61817     68.64147     76.80023      0.01998
      7.62817     24.38223     27.02458      0.21337
      7.63817     10.02650      7.13842      3.25496
      7.64817     40.72224     21.92704     18.81254
      7.65817     99.01311     54.59033     44.42308
      7.66817    124.03836     72.23909     51.79927
      7.67817     90.82259     55.53712     35.28547
      7.68817     32.95919     20.57521     12.38433
      7.69817      5.03771      3.23608      1.82145
      7.70817      3.30065      3.62046      0.10222
      7.71817     23.70115     27.00413      0.00259
      7.72817     68.31689     77.80485      0.03674
      7.73817     73.61566     82.62750      1.08447
      7.74817     41.72488     33.88653     11.77547
      7.75817     57.98639     11.51364     47.03755
      7.76817     79.47560     10.38335     69.12206
      7.77817     42.85329      5.48636     37.36751
      7.78817      8.52168      1.09017      7.43151
      7.79817      0.62347      0.07976      0.54371
      7.80817      0.01678      0.00215      0.01463
      7.81817      0.00132      0.00104      0.00028
      7.82817      0.09408      0.07061      0.02347
      7.83817      2.47864      1.77382      0.70660
      7.84817     25.75914     17.03754      8.79074
      7.85817    114.27039     67.54322     47.71396
      7.86817    240.84016    129.94750    116.07344
      7.87817    256.29319    140.28367    126.01575
      7.88817    129.78544     77.93601     58.95913
      7.89817     29.01439     19.45356     11.41922
      7.90817     13.95446     12.21584      1.91747
      7.91817     50.23181     45.62749      4.62022
      7.92817     82.61176     75.44871      7.41305
      7.93817     76.26689     73.25475      5.41020
      7.94817    124.48566    126.58989      6.36125
      7.95817    180.09910    176.42002     14.67283
      7.96817    148.52521    126.69541     27.08206
      7.97817     89.45043     63.92090     26.45264
      7.98817     31.07601     20.64533     10.49036
      7.99817      4.50926      2.94901      1.56167
      8.00817      0.24648      0.16064      0.08584
      8.01817      0.00499      0.00325      0.00174
      8.02817      0.00000      0.00000      0.00000
      8.03817      0.00000      0.00000      0.00000
      8.04817      0.00000      0.00000      0.00000
      8.05817      0.00730      0.00571      0.00159
      8.06817      0.33059      0.25841      0.07218
      8.07817      5.50471      4.30279      1.20192
      8.08817     33.71968     26.35719      7.36249
      8.09817     76.00240     59.40795     16.59445
      8.10817     63.58699     49.71142     13.87557
      8.11817     27.45066     21.57176      5.87889
      8.12817     44.24704     35.17242      9.07462
      8.13817     79.19618     63.00636     16.18982
      8.14817     54.69657     43.51546     11.18111
      8.15817     13.97907     11.08642      2.89295
      8.16817      3.15862      1.61129      1.56414
      8.17817     19.67862      7.45083     12.58666
      8.18817     82.87414     40.85873     44.83327
      8.19817    145.90571     95.25359     58.79200
      8.20817    110.10572     90.32981     28.42603
      8.21817     38.32311     35.30344      6.40321
      8.22817     31.79251     20.79957     11.55225
      8.23817     97.01098     58.54264     39.54682
      8.24817    191.66882    122.45097     74.80658
      8.25817    249.04877    165.41559     94.54586
      8.26817    200.06479    118.23112     89.67326
      8.27817    127.52959     46.12552     83.47594
      8.28817     76.26757     15.83960     60.62940
      8.29817     24.56617      4.30997     20.26340
      8.30817      3.13180      0.53463      2.59727
      8.31817      0.14855      0.02524      0.12331
      8.32817      0.00452      0.00221      0.00230
      8.33817      0.11723      0.10827      0.00896
      8.34817      2.63347      2.43216      0.20130
      8.35817     21.76335     20.09974      1.66360
      8.36817     66.16506     61.10737      5.05769
      8.37817     74.00095     68.34427      5.65667
      8.38817     30.45573     28.12747      2.32826
      8.39817      4.97168      4.58261      0.38907
      8.40817      6.13266      5.51768      0.61497
      8.41817     34.99154     31.44634      3.54520
      8.42817     76.63316     68.86872      7.76444
      8.43817     61.75060     55.49405      6.25655
      8.44817     18.30506     16.45040      1.85466
      8.45817      2.00268      1.79759      0.20509
      8.46817      0.38163      0.24156      0.14007
      8.47817      5.20215      2.93465      2.26751
      8.48817     33.81297     19.31659     14.49637
      8.49817     89.41769     53.59439     35.82329
      8.50817    119.29139     80.08545     39.20594
      8.51817     99.15965     74.44200     24.71765
      8.52817     44.02128     34.61571      9.40557
      8.53817      8.19305      6.52164      1.67141
      8.54817      0.57960      0.46264      0.11695
      8.55817      0.01519      0.01213      0.00305
      8.56817      0.00000      0.00000      0.00000
      8.57817      0.00961      0.01105      0.00000
      8.58817      0.40797      0.46904      0.00000
      8.59817      6.37175      7.32552      0.00000
      8.60817     36.64255     42.12523      0.00000
      8.61817     78.51981     90.20177      0.00000
      8.62817     73.01673     83.14762      0.00000
      8.63817     69.91944     77.11123      0.00000
      8.64817     81.28015     88.51045      0.00000
      8.65817     44.14462     48.01479      0.00000
      8.66817      8.99349      9.78113      0.00000
      8.67817      0.67496      0.73407      0.00000
      8.68817      0.01864      0.02027      0.00000
      8.69817      0.00000      0.00000      0.00000
      8.70817      0.00000      0.00000      0.00000
      8.71817      0.00000      0.00000      0.00000
      8.72817      0.00000      0.00000      0.00000
      8.73817      0.00000      0.00000      0.00000
      8.74817      0.00000      0.00000      0.00000
      8.75817      0.00000      0.00000      0.00000
      8.76817      0.00000      0.00000      0.00000
      8.77817      0.00000      0.00000      0.00000
      8.78817      0.00000      0.00000      0.00000
      8.79817      0.00000      0.00000      0.00000
      8.80817      0.00000      0.00000      0.00000
      8.81817      0.00000      0.00000      0.00000
      8.82817      0.00000      0.00000      0.00000
      8.83817      0.00000      0.00000      0.00000
      8.84817      0.00032      0.00025      0.00006
      8.85817      0.03499      0.02886      0.00613
      8.86817      1.23583      1.02740      0.20843
      8.87817     16.41352     13.76768      2.64583
      8.88817     82.41636     69.72042     12.69594
      8.89817    160.69553    135.25493     25.44060
      8.90817    151.66114    114.66301     36.99813
      8.91817    152.43795     90.62203     61.81592
      8.92817    150.24412     91.90717     58.33695
      8.93817     70.58835     48.22939     22.35896
      8.94817     14.17137     10.26594      3.90543
      8.95817     11.68004      4.94537      6.73467
      8.96817     48.21427     18.80647     29.40779
      8.97817     79.78773     31.10248     48.68525
      8.98817     48.61827     18.95591     29.66236
      8.99817     11.52115      4.63085      6.89029
      9.00817      9.52260      5.62888      3.89373
      9.01817     44.35356     27.27078     17.08277
      9.02817     93.37059     58.76554     34.60505
      9.03817    108.78723     73.06374     35.72349
      9.04817     92.46133     65.94362     26.51770
      9.05817     43.01763     31.27715     11.74048
      9.06817      8.20880      5.99884      2.20996
      9.07817      1.79365      1.53003      0.26362
      9.08817     13.29104     12.11771      1.17334
      9.09817     53.50872     48.79613      4.71259
      9.10817     79.34067     72.35302      6.98765
      9.11817     43.27855     39.46694      3.81161
      9.12817      8.68766      7.92232      0.76534
      9.13817      0.80530      0.72314      0.08216
      9.14817      3.37300      2.84633      0.52667
      9.15817     25.23515     21.28673      3.94867
      9.16817     70.04133     59.12262     10.93222
      9.17817     76.42946     65.32520     11.37456
      9.18817     70.20977     65.59354      6.60591
      9.19817    134.98514    131.34106      9.03357
      9.20817    150.02573    144.22970     11.21082
      9.21817     88.32759     80.53585     10.25124
      9.22817    116.33614     95.13139     23.34478
      9.23817    159.01295    126.06288     35.58848
      9.24817     86.92060     67.61047     20.66270
      9.25817     17.60052     13.43719      4.41961
      9.26817      1.31602      0.98610      0.34779
      9.27817      0.03633      0.02672      0.01007
      9.28817      0.00000      0.00000      0.00000
      9.29817      0.00000      0.00000      0.00000
      9.30817      0.00000      0.00000      0.00000
