Energy-E_F (eV)    DOS (1/eV)    PDOS (1/eV)  of atom type H  C  
     -6.84015    201.95028      9.99277    191.95752
     -6.83015    293.53955     22.64646    270.89308
     -6.82015    228.76108     22.29288    206.46820
     -6.81015    124.69018      9.60141    115.08877
     -6.80015     89.79206      2.87110     86.92096
     -6.79015     62.89339      1.29999     61.59340
     -6.78015     88.71019      1.65592     87.05427
     -6.77015    138.39077      2.83430    135.55647
     -6.76015    163.72807      7.86627    155.86180
     -6.75015    236.86928     24.23334    212.63595
     -6.74015    300.91172     38.37830    262.53341
     -6.73015    214.64019     27.74383    186.89636
     -6.72015    121.46249      9.76683    111.69565
     -6.71015     96.71490      4.32331     92.39160
     -6.70015    122.97659     10.04149    112.93510
     -6.69015    216.03602     18.27284    197.76318
     -6.68015    197.87125     13.61051    184.26074
     -6.67015     97.70242      6.80953     90.89289
     -6.66015    135.10406     15.36270    119.74136
     -6.65015    237.28131     27.62359    209.65772
     -6.64015    170.07732     18.89071    151.18661
     -6.63015     76.68447      5.29275     71.39172
     -6.62015    121.96398      2.39127    119.57272
     -6.61015    160.54050      3.67260    156.86790
     -6.60015    118.55307      9.45498    109.09809
     -6.59015    150.02413     22.68364    127.34050
     -6.58015    223.80635     30.42579    193.38056
     -6.57015    212.83657     26.09209    186.74448
     -6.56015    142.19767     15.33365    126.86402
     -6.55015    116.86193      6.31181    110.55012
     -6.54015    153.31740      3.21827    150.09913
     -6.53015    131.10427      3.71318    127.39109
     -6.52015    114.49901     13.72295    100.77606
     -6.51015    209.88624     33.65605    176.23019
     -6.50015    222.16708     32.43422    189.73286
     -6.49015    129.66645     15.59334    114.07310
     -6.48015    112.83753     10.27658    102.56095
     -6.47015    142.84121      7.45145    135.38976
     -6.46015    173.97481      5.74575    168.22905
     -6.45015    172.39693     13.84504    158.55188
     -6.44015    193.32257     29.16821    164.15436
     -6.43015    191.10031     26.62897    164.47134
     -6.42015    159.48990     16.34900    143.14090
     -6.41015    203.08081     28.47648    174.60432
     -6.40015    272.85025     43.05717    229.79308
     -6.39015    272.31883     35.26483    237.05400
     -6.38015    278.58549     24.67914    253.90635
     -6.37015    217.98037     17.47509    200.50527
     -6.36015    123.42603     12.24822    111.17781
     -6.35015     72.69789      5.96945     66.72844
     -6.34015     92.49519      4.70382     87.79136
     -6.33015    119.81027     11.19968    108.61059
     -6.32015    108.05927     15.62911     92.43016
     -6.31015     90.99264      9.23763     81.75501
     -6.30015    140.22183      4.22661    135.99522
     -6.29015    172.83564      6.65182    166.18382
     -6.28015    139.02913     13.22179    125.80733
     -6.27015    121.20737     18.24783    102.95955
     -6.26015    199.37683     30.39156    168.98527
     -6.25015    321.88945     44.48462    277.40483
     -6.24015    298.86167     41.19267    257.66900
     -6.23015    259.07904     41.18871    217.89033
     -6.22015    260.92315     39.07732    221.84583
     -6.21015    223.43508     26.05795    197.37713
     -6.20015    164.80969     13.55971    151.24998
     -6.19015    155.91978     16.14924    139.77054
     -6.18015    170.27692     22.46764    147.80929
     -6.17015    118.83361     14.74643    104.08718
     -6.16015    100.01078      9.75755     90.25323
     -6.15015    160.79962     18.14672    142.65291
     -6.14015    172.32607     19.45676    152.86931
     -6.13015    136.20087     10.31198    125.88889
     -6.12015    144.10935     12.57211    131.53725
     -6.11015    219.19943     22.92536    196.27408
     -6.10015    194.45285     17.97940    176.47345
     -6.09015     74.90893      5.48044     69.42849
     -6.08015     13.36572      0.70977     12.65595
     -6.07015     19.93624      0.97353     18.96272
     -6.06015    110.35800      7.21708    103.14092
     -6.05015    274.76936     23.65078    251.11858
     -6.04015    316.09074     35.16325    280.92748
     -6.03015    194.54116     27.05448    167.48668
     -6.02015     89.30809     12.87736     76.43073
     -6.01015    116.20431     10.63182    105.57249
     -6.00015    245.04743     18.26223    226.78521
     -5.99015    305.17339     19.53771    285.63567
     -5.98015    225.52183     12.48594    213.03589
     -5.97015     98.54994      5.38051     93.16943
     -5.96015     90.65283      8.97117     81.68166
     -5.95015    201.13795     24.81201    176.32594
     -5.94015    245.00199     34.72049    210.28150
     -5.93015    173.41703     25.26381    148.15323
     -5.92015     80.05139     10.46478     69.58662
     -5.91015     60.91662      8.16359     52.75304
     -5.90015    171.75774     25.32053    146.43721
     -5.89015    268.50120     40.66691    227.83429
     -5.88015    239.27413     34.88855    204.38558
     -5.87015    208.52159     29.57480    178.94678
     -5.86015    171.50073     24.31454    147.18619
     -5.85015    128.88677     13.72307    115.16370
     -5.84015    140.67537      9.14612    131.52924
     -5.83015    151.28310     13.11760    138.16550
     -5.82015    135.15672     20.83891    114.31782
     -5.81015    165.80562     29.72557    136.08005
     -5.80015    243.67693     31.24317    212.43375
     -5.79015    319.84096     30.10777    289.73319
     -5.78015    274.53192     24.19387    250.33805
     -5.77015    113.74218     10.04592    103.69626
     -5.76015     28.31568      2.63268     25.68300
     -5.75015     51.61799      5.22334     46.39465
     -5.74015    127.32943     13.00766    114.32177
     -5.73015    200.10610     22.01607    178.09003
     -5.72015    224.89816     24.32112    200.57703
     -5.71015    194.82778     16.81562    178.01216
     -5.70015    139.70278     12.47799    127.22478
     -5.69015    106.03096     15.67174     90.35922
     -5.68015    166.39089     25.71499    140.67590
     -5.67015    220.01255     25.35558    194.65697
     -5.66015    179.09317     19.44511    159.64806
     -5.65015    199.71597     28.25116    171.46481
     -5.64015    258.43715     33.41354    225.02361
     -5.63015    246.26256     22.26759    223.99496
     -5.62015    295.76934     23.33871    272.43063
     -5.61015    358.09469     32.75565    325.33904
     -5.60015    297.68455     31.84266    265.84189
     -5.59015    344.12279     44.14895    299.97384
     -5.58015    567.46729     74.30046    493.16683
     -5.57015    717.55164     91.20126    626.35038
     -5.56015    702.05030     90.46480    611.58550
     -5.55015    638.90176     77.51637    561.38539
     -5.54015    576.69277     62.01652    514.67625
     -5.53015    535.46659     59.50436    475.96223
     -5.52015    501.23093     55.22373    446.00720
     -5.51015    455.67560     46.59780    409.07781
     -5.50015    450.36785     44.29013    406.07772
     -5.49015    525.72973     56.46868    469.26105
     -5.48015    478.68227     59.11575    419.56652
     -5.47015    302.71651     46.51080    256.20571
     -5.46015    267.77060     47.19234    220.57826
     -5.45015    268.75384     39.38478    229.36906
     -5.44015    205.82159     23.03255    182.78904
     -5.43015    167.40077     18.79171    148.60906
     -5.42015    136.55866     23.34978    113.20888
     -5.41015     84.07733     19.58680     64.49053
     -5.40015     94.50856     24.86324     69.64532
     -5.39015    181.09851     45.72994    135.36857
     -5.38015    256.94319     52.49722    204.44598
     -5.37015    303.79799     40.49289    263.30510
     -5.36015    317.16505     38.26962    278.89543
     -5.35015    254.37548     37.75299    216.62249
     -5.34015    139.00858     21.87313    117.13545
     -5.33015     48.78436      6.79374     41.99062
     -5.32015     36.13983      1.55790     34.58193
     -5.31015     73.89226      1.51878     72.37349
     -5.30015     71.14906      1.43865     69.71041
     -5.29015     55.40727      1.71026     53.69701
     -5.28015    110.63344      6.34354    104.28989
     -5.27015    149.83293     12.33539    137.49754
     -5.26015    104.42330      9.53681     94.88649
     -5.25015     83.25892      3.80693     79.45198
     -5.24015     77.99527      1.77988     76.21540
     -5.23015     34.16338      0.71703     33.44634
     -5.22015     10.35703      0.71485      9.64218
     -5.21015     36.93476      4.18362     32.75114
     -5.20015    125.89743     11.78942    114.10801
     -5.19015    234.89273     17.33052    217.56220
     -5.18015    246.03547     16.97960    229.05587
     -5.17015    123.53632      9.16498    114.37134
     -5.16015     25.81407      2.07847     23.73560
     -5.15015      2.38864      0.18511      2.20353
     -5.14015      5.12478      0.10724      5.01754
     -5.13015     32.67061      0.66696     32.00365
     -5.12015     85.23621      2.06787     83.16834
     -5.11015    135.00825      6.37940    128.62885
     -5.10015    214.49272     17.91508    196.57764
     -5.09015    216.32468     22.92072    193.40397
     -5.08015     95.92569     11.32941     84.59628
     -5.07015     35.16126      2.47753     32.68373
     -5.06015     63.85577      1.40845     62.44731
     -5.05015     76.14486      1.53459     74.61027
     -5.04015     34.64365      0.69851     33.94514
     -5.03015     15.99636      0.44589     15.55047
     -5.02015     60.75119      2.83075     57.92044
     -5.01015    148.33903      9.53734    138.80168
     -5.00015    179.46157     12.86126    166.60031
     -4.99015    131.43007      7.32589    124.10418
     -4.98015     56.83592      2.00659     54.82933
     -4.97015     11.43274      0.28874     11.14400
     -4.96015      1.36299      0.02894      1.33404
     -4.95015      7.59463      0.15751      7.43712
     -4.94015     50.91039      1.21256     49.69783
     -4.93015    147.77680      5.00774    142.76906
     -4.92015    203.45668     11.29371    192.16298
     -4.91015    138.88657     11.70217    127.18440
     -4.90015     44.82342      4.86073     39.96268
     -4.89015     11.34593      0.87038     10.47555
     -4.88015     33.17991      0.72088     32.45903
     -4.87015     76.34805      1.62187     74.72617
     -4.86015     75.72411      2.22947     73.49464
     -4.85015     86.51251      5.15250     81.36001
     -4.84015    167.02762     11.28562    155.74200
     -4.83015    204.64306     15.35726    189.28580
     -4.82015    160.02299     12.48522    147.53777
     -4.81015    113.21413      5.67369    107.54044
     -4.80015     61.17426      1.73277     59.44149
     -4.79015     15.49551      0.34565     15.14985
     -4.78015      4.26489      0.08793      4.17696
     -4.77015     26.08608      0.53612     25.54995
     -4.76015    100.71537      2.39285     98.32252
     -4.75015    179.35469      6.77682    172.57787
     -4.74015    172.07576     11.97803    160.09772
     -4.73015    104.09334     10.40854     93.68480
     -4.72015    102.80431      7.29602     95.50829
     -4.71015    244.00070     11.00911    232.99159
     -4.70015    424.66053     14.75693    409.90360
     -4.69015    500.98277     14.85500    486.12777
     -4.68015    462.81384     12.51289    450.30095
     -4.67015    446.78265     11.82655    434.95610
     -4.66015    425.11261     15.12574    409.98687
     -4.65015    362.78522     18.70895    344.07627
     -4.64015    277.33973     14.35127    262.98846
     -4.63015    211.82789      7.74710    204.08080
     -4.62015    161.36411      4.69634    156.66777
     -4.61015    131.74880      3.70911    128.03970
     -4.60015    152.95267      4.84436    148.10832
     -4.59015    229.61632      9.05061    220.56571
     -4.58015    273.78878     12.10983    261.67894
     -4.57015    260.70670     14.01010    246.69660
     -4.56015    262.10352     16.29902    245.80449
     -4.55015    201.21847     10.86573    190.35274
     -4.54015    109.50636      4.18107    105.32529
     -4.53015     91.30755      2.61069     88.69686
     -4.52015     82.72568      2.14231     80.58336
     -4.51015     95.94944      2.12221     93.82723
     -4.50015    151.69058      3.68360    148.00697
     -4.49015    195.49976      6.98993    188.50983
     -4.48015    220.92390     13.46812    207.45578
     -4.47015    245.89160     18.04804    227.84357
     -4.46015    232.69797     13.90268    218.79529
     -4.45015    160.83172      6.60878    154.22294
     -4.44015     94.73356      2.74511     91.98845
     -4.43015     81.98104      2.19311     79.78793
     -4.42015     82.24176      2.23151     80.01026
     -4.41015     69.02632      2.18499     66.84133
     -4.40015    139.70040      6.62577    133.07462
     -4.39015    248.47441     14.35372    234.12069
     -4.38015    234.72457     13.33838    221.38618
     -4.37015    122.38370      5.68687    116.69683
     -4.36015     82.31902      3.53123     78.78779
     -4.35015    145.58737      7.03813    138.54924
     -4.34015    139.85992      7.09397    132.76596
     -4.33015     70.35708      3.16376     67.19333
     -4.32015     98.17765      3.54944     94.62821
     -4.31015    215.24176     10.50195    204.73981
     -4.30015    301.35423     16.06423    285.29000
     -4.29015    242.16806     10.64024    231.52782
     -4.28015    126.07387      3.69775    122.37612
     -4.27015    112.16060      2.53829    109.62231
     -4.26015    152.70041      3.25934    149.44107
     -4.25015    119.95364      2.82643    117.12721
     -4.24015    118.58275      5.00681    113.57594
     -4.23015    225.02928     11.64616    213.38312
     -4.22015    332.71419     17.85204    314.86214
     -4.21015    330.13904     15.82376    314.31528
     -4.20015    171.25414      6.68899    164.56515
     -4.19015     57.27278      1.71837     55.55440
     -4.18015     70.26639      1.80385     68.46254
     -4.17015     99.93774      2.37135     97.56639
     -4.16015    109.80811      2.28593    107.52217
     -4.15015    134.60064      4.05107    130.54957
     -4.14015    197.56997     10.61107    186.95890
     -4.13015    265.92470     16.87499    249.04971
     -4.12015    259.92191     14.50026    245.42165
     -4.11015    190.08143      7.89250    182.18893
     -4.10015    136.85794      3.57610    133.28184
     -4.09015    138.40395      2.89926    135.50469
     -4.08015    117.39633      2.73164    114.66469
     -4.07015     74.48441      2.58584     71.89857
     -4.06015    112.67795      7.00103    105.67691
     -4.05015    198.31300     13.42384    184.88916
     -4.04015    209.36778     11.32730    198.04047
     -4.03015    177.63978      5.96069    171.67909
     -4.02015    166.77048      5.62259    161.14789
     -4.01015    183.83111      7.33546    176.49564
     -4.00015    158.06819      5.61417    152.45402
     -3.99015    164.74095      4.84662    159.89433
     -3.98015    186.06739      7.94766    178.11973
     -3.97015    180.27879     12.49833    167.78046
     -3.96015    181.97830     11.22257    170.75573
     -3.95015    164.83013      5.86881    158.96132
     -3.94015    145.86832      3.51602    142.35230
     -3.93015    109.40546      2.60687    106.79859
     -3.92015     70.84304      2.73806     68.10498
     -3.91015     89.97414      5.42452     84.54962
     -3.90015    134.75755      9.01082    125.74672
     -3.89015    174.50368     12.91363    161.59005
     -3.88015    130.72764     10.47044    120.25720
     -3.87015     40.22389      3.42559     36.79831
     -3.86015      4.66415      0.41894      4.24521
     -3.85015      0.39047      0.02319      0.36728
     -3.84015      4.07962      0.11728      3.96235
     -3.83015     35.10950      1.41228     33.69722
     -3.82015    129.73686      7.39259    122.34427
     -3.81015    215.97891     15.91794    200.06098
     -3.80015    159.56208     13.43938    146.12270
     -3.79015     50.44245      4.34691     46.09553
     -3.78015     22.45328      0.83593     21.61735
     -3.77015     81.84741      1.57124     80.27617
     -3.76015    170.14696      3.28210    166.86486
     -3.75015    203.81317      4.91004    198.90313
     -3.74015    248.86312     10.05496    238.80816
     -3.73015    274.84685     14.92671    259.92015
     -3.72015    201.91852     11.48593    190.43259
     -3.71015    141.43532      7.29413    134.14119
     -3.70015    150.26514      5.37348    144.89166
     -3.69015    177.63757      4.13688    173.50069
     -3.68015    146.24986      3.15670    143.09315
     -3.67015    138.58417      5.04716    133.53701
     -3.66015    184.30314     11.24864    173.05450
     -3.65015    182.32372     12.42074    169.90298
     -3.64015    126.41181      6.31238    120.09943
     -3.63015    121.42314      3.91192    117.51122
     -3.62015    133.79591      5.32095    128.47495
     -3.61015    142.28916      5.49681    136.79235
     -3.60015    187.54498      5.76991    181.77507
     -3.59015    237.87175     10.21491    227.65684
     -3.58015    210.85814     13.43506    197.42309
     -3.57015    100.11246      7.77250     92.33996
     -3.56015     35.00924      2.04788     32.96136
     -3.55015     77.17773      1.89718     75.28055
     -3.54015    176.80148      4.81592    171.98556
     -3.53015    234.82611      8.09064    226.73547
     -3.52015    224.58460     10.93158    213.65303
     -3.51015    191.58415     13.47623    178.10792
     -3.50015    149.09588     10.03259    139.06330
     -3.49015     97.83830      4.00308     93.83522
     -3.48015     62.37357      1.46153     60.91204
     -3.47015     81.44497      1.66098     79.78399
     -3.46015    104.39256      3.32481    101.06775
     -3.45015    190.42927     10.06276    180.36652
     -3.44015    310.08129     17.75017    292.33111
     -3.43015    256.05453     13.24963    242.80490
     -3.42015    142.41657      5.02081    137.39576
     -3.41015     67.34899      1.57236     65.77662
     -3.40015     23.23066      0.58038     22.65028
     -3.39015     50.02603      2.30248     47.72355
     -3.38015    173.08446      9.56647    163.51799
     -3.37015    320.65019     17.51619    303.13399
     -3.36015    301.71292     14.10188    287.61105
     -3.35015    133.24051      5.10606    128.13444
     -3.34015     58.15606      1.54524     56.61083
     -3.33015     81.60776      2.09276     79.51500
     -3.32015     86.67692      4.45689     82.22003
     -3.31015    119.03999     10.34569    108.69430
     -3.30015    209.83104     13.59669    196.23435
     -3.29015    255.35198     10.60247    244.74950
     -3.28015    183.27844      6.01662    177.26183
     -3.27015    124.07366      3.27435    120.79930
     -3.26015    141.86823      4.42763    137.44059
     -3.25015    161.40096      9.34763    152.05333
     -3.24015    136.41946     12.17650    124.24296
     -3.23015    113.18901      8.31084    104.87817
     -3.22015    195.97622      7.08348    188.89273
     -3.21015    234.28043      6.89805    227.38239
     -3.20015    156.16582      4.98792    151.17790
     -3.19015    150.79274      8.49107    142.30167
     -3.18015    174.75916     12.85926    161.89990
     -3.17015    149.04834      9.18529    139.86305
     -3.16015    111.58318      4.73708    106.84610
     -3.15015    124.23941      4.88448    119.35494
     -3.14015    181.72393      6.70226    175.02167
     -3.13015    228.96150     11.11301    217.84849
     -3.12015    201.02457     13.34597    187.67859
     -3.11015    183.93353      9.07880    174.85474
     -3.10015    200.44940      6.04984    194.39956
     -3.09015    195.51673      6.58796    188.92877
     -3.08015    195.57648      9.21469    186.36179
     -3.07015    180.81019     12.70852    168.10167
     -3.06015    174.77173     11.80864    162.96310
     -3.05015    196.23019      7.54179    188.68839
     -3.04015    326.12863      9.28171    316.84692
     -3.03015    373.98851     12.39097    361.59754
     -3.02015    236.43839     13.35172    223.08667
     -3.01015    119.79850     12.25169    107.54681
     -3.00015     56.25996      6.06741     50.19255
     -2.99015     68.92326      2.67093     66.25233
     -2.98015    147.86256      5.55251    142.31006
     -2.97015    181.39606     11.34085    170.05520
     -2.96015    133.10747     12.92398    120.18349
     -2.95015     56.24322      6.70242     49.54080
     -2.94015     27.76198      2.21095     25.55104
     -2.93015     90.90489      4.98872     85.91617
     -2.92015    215.71579     12.59277    203.12303
     -2.91015    258.17320     14.48185    243.69135
     -2.90015    163.91207      7.47497    156.43710
     -2.89015     82.08835      3.50481     78.58354
     -2.88015    111.71070      7.72904    103.98166
     -2.87015    145.91308     13.29840    132.61469
     -2.86015     90.91791      9.81651     81.10140
     -2.85015     49.64721      4.05290     45.59432
     -2.84015    119.68421      6.49559    113.18862
     -2.83015    230.81241     13.68307    217.12934
     -2.82015    232.17470     13.31447    218.86022
     -2.81015    165.68176      6.95248    158.72928
     -2.80015    142.53695      6.99568    135.54127
     -2.79015    145.94481     12.07134    133.87347
     -2.78015    113.98620     11.66711    102.31909
     -2.77015    103.31022      7.26244     96.04778
     -2.76015    166.23246      9.13157    157.10089
     -2.75015    215.17372     13.98666    201.18706
     -2.74015    202.39968     12.43472    189.96496
     -2.73015    201.11685      9.04679    192.07007
     -2.72015    200.48039     11.70388    188.77652
     -2.71015    184.39003     14.07693    170.31310
     -2.70015    144.55857     10.21909    134.33949
     -2.69015    169.10120     11.56895    157.53225
     -2.68015    252.16882     16.15329    236.01553
     -2.67015    248.05693     13.70954    234.34739
     -2.66015    250.00121     14.58793    235.41328
     -2.65015    319.42262     18.17789    301.24473
     -2.64015    330.56560     16.87670    313.68889
     -2.63015    259.47303     16.65728    242.81575
     -2.62015    160.95563     14.07609    146.87953
     -2.61015    139.50551     12.51215    126.99336
     -2.60015    175.70857     14.40400    161.30457
     -2.59015    152.27223     13.97374    138.29849
     -2.58015    151.13880     15.01975    136.11905
     -2.57015    189.87059     16.25986    173.61073
     -2.56015    191.11750     18.00441    173.11309
     -2.55015    170.14445     20.26952    149.87492
     -2.54015    207.49605     24.79250    182.70354
     -2.53015    274.72547     28.95349    245.77198
     -2.52015    242.46212     24.33633    218.12579
     -2.51015    133.69989     11.53319    122.16669
     -2.50015     94.10590      3.17243     90.93347
     -2.49015     68.43775      0.93413     67.50363
     -2.48015     31.98819      0.39022     31.59797
     -2.47015     70.40233      1.02839     69.37394
     -2.46015    199.52204      2.97926    196.54278
     -2.45015    278.40449      4.11716    274.28732
     -2.44015    188.05919      2.70616    185.35303
     -2.43015     91.16887      1.24414     89.92474
     -2.42015    131.10880      1.72478    129.38402
     -2.41015    154.52389      2.05035    152.47353
     -2.40015     88.25573      1.26704     86.98870
     -2.39015     89.61632      1.52087     88.09546
     -2.38015    155.28832      2.51609    152.77223
     -2.37015    192.27582      2.97333    189.30249
     -2.36015    187.32342      3.64017    183.68325
     -2.35015    190.16408      5.04734    185.11674
     -2.34015    150.05774      4.15379    145.90395
     -2.33015    142.63630      2.78309    139.85322
     -2.32015    230.57267      3.65956    226.91311
     -2.31015    187.43109      2.93580    184.49529
     -2.30015     62.52897      1.02857     61.50040
     -2.29015     68.54224      1.82903     66.71321
     -2.28015    359.90799     10.35403    349.55396
     -2.27015    930.15370     27.26349    902.89021
     -2.26015   1232.00876     35.89536   1196.11340
     -2.25015   1011.86014     28.97622    982.88393
     -2.24015    635.37515     18.33808    617.03707
     -2.23015    429.30452     12.19498    417.10954
     -2.22015    460.97408     12.36239    448.61169
     -2.21015    490.27419     12.98124    477.29296
     -2.20015    394.50928     10.10190    384.40738
     -2.19015    392.66588      9.84298    382.82290
     -2.18015    500.97911     13.28983    487.68928
     -2.17015    471.46470     12.54133    458.92337
     -2.16015    292.69239      7.11616    285.57623
     -2.15015    145.28062      2.93793    142.34269
     -2.14015     97.24980      1.47083     95.77896
     -2.13015     66.52900      0.90479     65.62421
     -2.12015     24.05061      0.32241     23.72820
     -2.11015     32.93109      0.43965     32.49143
     -2.10015    105.42784      1.42598    104.00186
     -2.09015    149.27679      2.05224    147.22455
     -2.08015     87.91103      1.22767     86.68337
     -2.07015     21.84450      0.30932     21.53517
     -2.06015     11.23205      0.16650     11.06554
     -2.05015     48.19508      0.71180     47.48328
     -2.04015    107.62339      1.53232    106.09107
     -2.03015    125.03110      1.66165    123.36944
     -2.02015     81.92156      1.02706     80.89450
     -2.01015     37.17955      0.51526     36.66429
     -2.00015     92.98482      1.69481     91.29001
     -1.99015    316.66476      6.21054    310.45422
     -1.98015    605.30345     12.29857    593.00489
     -1.97015    748.50128     15.13258    733.36870
     -1.96015    714.31656     14.00480    700.31176
     -1.95015    552.63128     10.67414    541.95713
     -1.94015    428.11079      8.24627    419.86451
     -1.93015    477.27503      9.22258    468.05244
     -1.92015    585.76457     11.40331    574.36126
     -1.91015    541.38114     10.43540    530.94574
     -1.90015    503.18356      9.20587    493.97769
     -1.89015    589.71102     10.35305    579.35798
     -1.88015    542.43568      9.60062    532.83506
     -1.87015    339.45431      6.18470    333.26960
     -1.86015    240.05568      4.43255    235.62313
     -1.85015    216.33788      3.82441    212.51347
     -1.84015    179.39223      2.73898    176.65325
     -1.83015    174.06522      2.31817    171.74706
     -1.82015    151.87657      2.09870    149.77787
     -1.81015    113.55580      1.68953    111.86626
     -1.80015     64.70711      0.97645     63.73066
     -1.79015     47.23049      0.60891     46.62158
     -1.78015    108.11225      1.30925    106.80300
     -1.77015    147.72034      1.84845    145.87188
     -1.76015     86.43585      1.11884     85.31701
     -1.75015     21.85286      0.28831     21.56455
     -1.74015     13.90452      0.16476     13.73975
     -1.73015     60.93549      0.71704     60.21845
     -1.72015    131.87188      1.59362    130.27826
     -1.71015    129.52905      1.61340    127.91564
     -1.70015     71.19184      0.88783     70.30401
     -1.69015     72.09057      0.83656     71.25401
     -1.68015    113.37562      1.29904    112.07657
     -1.67015    142.25344      1.66314    140.59030
     -1.66015    146.94994      1.77272    145.17722
     -1.65015     90.28690      1.11650     89.17041
     -1.64015     28.33224      0.35230     27.97994
     -1.63015     32.67129      0.37780     32.29349
     -1.62015    129.79985      1.49934    128.30052
     -1.61015    224.98454      2.63063    222.35391
     -1.60015    159.76823      1.89756    157.87067
     -1.59015     47.78285      0.57651     47.20634
     -1.58015     15.97353      0.19062     15.78292
     -1.57015     65.73143      0.77163     64.95980
     -1.56015    161.43150      1.88827    159.54323
     -1.55015    178.23002      2.07401    176.15601
     -1.54015    123.77644      1.43691    122.33953
     -1.53015     77.94182      0.94316     76.99866
     -1.52015     88.98538      1.13756     87.84782
     -1.51015    115.78608      1.38583    114.40025
     -1.50015    111.18790      1.19605    109.99185
     -1.49015     95.90055      1.09776     94.80279
     -1.48015    133.10888      1.72446    131.38442
     -1.47015    150.22867      1.92585    148.30282
     -1.46015     89.18046      1.05268     88.12778
     -1.45015     84.33492      0.84198     83.49295
     -1.44015    134.16914      1.47839    132.69075
     -1.43015    120.44463      1.53691    118.90772
     -1.42015     59.62379      0.81153     58.81226
     -1.41015     60.92565      0.69203     60.23362
     -1.40015    122.10238      1.20669    120.89569
     -1.39015    132.13788      1.13768    131.00021
     -1.38015     68.54181      0.52140     68.02041
     -1.37015     27.18105      0.22492     26.95614
     -1.36015     71.16359      0.66282     70.50077
     -1.35015    164.88337      1.48669    163.39669
     -1.34015    218.22336      2.12555    216.09782
     -1.33015    279.70666      3.18583    276.52084
     -1.32015    275.23390      3.19410    272.03981
     -1.31015    149.00907      1.57427    147.43480
     -1.30015     86.95109      0.91852     86.03258
     -1.29015    166.26320      2.05576    164.20744
     -1.28015    230.66628      3.08077    227.58551
     -1.27015    197.32140      2.45819    194.86321
     -1.26015    185.16905      1.74578    183.42327
     -1.25015    148.25561      1.31773    146.93788
     -1.24015    135.55088      1.52525    134.02563
     -1.23015    164.52129      1.93968    162.58161
     -1.22015    109.60882      1.12704    108.48178
     -1.21015     85.66178      0.51460     85.14719
     -1.20015    139.53371      1.11686    138.41685
     -1.19015    184.55173      2.36917    182.18256
     -1.18015    141.33846      2.24219    139.09626
     -1.17015     48.36319      0.84061     47.52257
     -1.16015     11.44635      0.22315     11.22320
     -1.15015     32.61237      0.68210     31.93028
     -1.14015     82.13808      1.66057     80.47751
     -1.13015    104.22545      1.81131    102.41414
     -1.12015     99.73861      1.33344     98.40517
     -1.11015     68.98687      0.89267     68.09420
     -1.10015     59.98092      1.12380     58.85712
     -1.09015     81.07175      1.71428     79.35747
     -1.08015     53.19247      1.12763     52.06484
     -1.07015     23.29627      0.40583     22.89044
     -1.06015     61.15105      0.85906     60.29199
     -1.05015    137.75130      2.14183    135.60947
     -1.04015    130.85769      2.27211    128.58558
     -1.03015     51.59422      0.97856     50.61566
     -1.02015     11.87192      0.24447     11.62745
     -1.01015     28.34174      0.60496     27.73677
     -1.00015     83.89042      1.69060     82.19981
     -0.99015    122.22649      2.09610    120.13039
     -0.98015    105.20528      1.43325    103.77203
     -0.97015     55.74177      0.73790     55.00386
     -0.96015     51.06001      1.02421     50.03581
     -0.95015     79.83929      1.74945     78.08984
     -0.94015     57.45133      1.23798     56.21334
     -0.93015     36.41257      0.57156     35.84101
     -0.92015     83.07472      1.10738     81.96734
     -0.91015    134.83891      2.14254    132.69636
     -0.90015    109.41674      2.06906    107.34768
     -0.89015     42.22666      0.88213     41.34453
     -0.88015     12.29210      0.26692     12.02518
     -0.87015     38.95786      0.80367     38.15418
     -0.86015    110.87352      2.07047    108.80305
     -0.85015    141.15485      2.26152    138.89333
     -0.84015     82.58006      1.13179     81.44827
     -0.83015     33.89739      0.55307     33.34432
     -0.82015     56.34543      1.25553     55.08990
     -0.81015     80.99510      1.81749     79.17761
     -0.80015     59.41105      1.14559     58.26545
     -0.79015     72.48530      0.92062     71.56468
     -0.78015    109.71582      1.54563    108.17019
     -0.77015    112.15763      2.10510    110.05253
     -0.76015     72.02350      1.56989     70.45360
     -0.75015     23.62601      0.52983     23.09617
     -0.74015     26.52086      0.50814     26.01272
     -0.73015    100.12010      1.77853     98.34157
     -0.72015    157.32820      2.62626    154.70194
     -0.71015     94.06828      1.47419     92.59409
     -0.70015     28.53776      0.48393     28.05383
     -0.69015     42.16235      0.96901     41.19334
     -0.68015     83.95649      1.90060     82.05588
     -0.67015     89.90733      1.66791     88.23942
     -0.66015     94.32156      1.19911     93.12245
     -0.65015     91.79310      1.30677     90.48632
     -0.64015     90.86096      1.88969     88.97127
     -0.63015     72.37643      1.68658     70.68985
     -0.62015     32.39688      0.69829     31.69859
     -0.61015     54.00353      0.83756     53.16597
     -0.60015    137.10153      2.22878    134.87275
     -0.59015    140.99851      2.47904    138.51947
     -0.58015     56.54655      1.07401     55.47254
     -0.57015     22.58007      0.50712     22.07294
     -0.56015     62.85895      1.41627     61.44268
     -0.55015    120.41002      2.32938    118.08064
     -0.54015    122.25766      1.81544    120.44222
     -0.53015     75.93592      1.03408     74.90184
     -0.52015     66.14799      1.41848     64.72951
     -0.51015     83.05684      2.00631     81.05052
     -0.50015     65.01164      1.33063     63.68101
     -0.49015     83.74265      1.13074     82.61191
     -0.48015    129.68690      2.04795    127.63895
     -0.47015    114.89145      2.33117    112.56028
     -0.46015     52.96750      1.22502     51.74248
     -0.45015     35.61258      0.73257     34.88001
     -0.44015    105.72514      1.92761    103.79753
     -0.43015    158.07091      2.72551    155.34540
     -0.42015     91.56924      1.51969     90.04955
     -0.41015     42.86128      0.90193     41.95935
     -0.40015     79.48917      1.87458     77.61459
     -0.39015    119.27354      2.30184    116.97170
     -0.38015    115.06247      1.62688    113.43559
     -0.37015     93.18586      1.56883     91.61704
     -0.36015     92.09974      2.18402     89.91572
     -0.35015     79.15886      1.74929     77.40957
     -0.34015     95.32588      1.43395     93.89193
     -0.33015    139.97309      2.35033    137.62277
     -0.32015    113.78468      2.38521    111.39947
     -0.31015     59.97070      1.31747     58.65323
     -0.30015     96.08145      1.73482     94.34663
     -0.29015    159.81961      2.84543    156.97418
     -0.28015    110.15701      2.02545    108.13155
     -0.27015     69.61214      1.46129     68.15086
     -0.26015    128.25897      2.54312    125.71584
     -0.25015    148.18779      2.53799    145.64979
     -0.24015    100.42826      1.79800     98.63026
     -0.23015    114.71258      2.44143    112.27116
     -0.22015    145.84564      2.61305    143.23259
     -0.21015    128.61792      2.16634    126.45158
     -0.20015    131.97775      2.67181    129.30594
     -0.19015    149.71531      2.66947    147.04584
     -0.18015    147.13063      2.51805    144.61258
     -0.17015    162.99709      3.03441    159.96267
     -0.16015    172.19077      2.85922    169.33155
     -0.15015    192.26277      3.16802    189.09475
     -0.14015    219.76763      3.50688    216.26076
     -0.13015    199.23456      3.24273    195.99183
     -0.12015    148.83947      3.11927    145.72019
     -0.11015    100.54773      2.68739     97.86034
     -0.10015     97.90689      2.85591     95.05099
     -0.09015     98.31115      2.89366     95.41749
     -0.08015    104.66409      3.08627    101.57782
     -0.07015    108.96092      3.21489    105.74603
     -0.06015    116.02639      3.42287    112.60352
     -0.05015    122.98681      3.62356    119.36325
     -0.04015    132.36867      3.89014    128.47853
     -0.03015    141.33772      4.13716    137.20057
     -0.02015    141.75003      4.12677    137.62326
     -0.01015    128.18233      3.70170    124.48063
     -0.00015    103.58579      2.96759    100.61820
      0.00985     51.96345      1.48383     50.47962
      0.01985     11.25488      0.32113     10.93375
      0.02985      0.92931      0.02651      0.90280
      0.03985      0.02842      0.00081      0.02761
      0.04985      0.00032      0.00001      0.00031
      0.05985      0.00000      0.00000      0.00000
      0.06985      0.00000      0.00000      0.00000
      0.07985      0.00000      0.00000      0.00000
      0.08985      0.00000      0.00000      0.00000
      0.09985      0.00000      0.00000      0.00000
      0.10985      0.00000      0.00000      0.00000
      0.11985      0.00000      0.00000      0.00000
      0.12985      0.00000      0.00000      0.00000
      0.13985      0.00000      0.00000      0.00000
      0.14985      0.00000      0.00000      0.00000
      0.15985      0.00000      0.00000      0.00000
      0.16985      0.00000      0.00000      0.00000
      0.17985      0.00000      0.00000      0.00000
      0.18985      0.00000      0.00000      0.00000
      0.19985      0.00000      0.00000      0.00000
      0.20985      0.00000      0.00000      0.00000
      0.21985      0.00000      0.00000      0.00000
      0.22985      0.00000      0.00000      0.00000
      0.23985      0.00000      0.00000      0.00000
      0.24985      0.00000      0.00000      0.00000
      0.25985      0.00000      0.00000      0.00000
      0.26985      0.00000      0.00000      0.00000
      0.27985      0.00000      0.00000      0.00000
      0.28985      0.00000      0.00000      0.00000
      0.29985      0.00000      0.00000      0.00000
      0.30985      0.00000      0.00000      0.00000
      0.31985      0.00000      0.00000      0.00000
      0.32985      0.00000      0.00000      0.00000
      0.33985      0.00000      0.00000      0.00000
      0.34985      0.00000      0.00000      0.00000
      0.35985      0.00000      0.00000      0.00000
      0.36985      0.00000      0.00000      0.00000
      0.37985      0.00000      0.00000      0.00000
      0.38985      0.00000      0.00000      0.00000
      0.39985      0.00000      0.00000      0.00000
      0.40985      0.00000      0.00000      0.00000
      0.41985      0.00000      0.00000      0.00000
      0.42985      0.00000      0.00000      0.00000
      0.43985      0.00000      0.00000      0.00000
      0.44985      0.00000      0.00000      0.00000
      0.45985      0.00000      0.00000      0.00000
      0.46985      0.00000      0.00000      0.00000
      0.47985      0.00000      0.00000      0.00000
      0.48985      0.00000      0.00000      0.00000
      0.49985      0.00000      0.00000      0.00000
      0.50985      0.00000      0.00000      0.00000
      0.51985      0.00000      0.00000      0.00000
      0.52985      0.00000      0.00000      0.00000
      0.53985      0.00000      0.00000      0.00000
      0.54985      0.00000      0.00000      0.00000
      0.55985      0.00000      0.00000      0.00000
      0.56985      0.00000      0.00000      0.00000
      0.57985      0.00000      0.00000      0.00000
      0.58985      0.00000      0.00000      0.00000
      0.59985      0.00000      0.00000      0.00000
      0.60985      0.00000      0.00000      0.00000
      0.61985      0.00000      0.00000      0.00000
      0.62985      0.00000      0.00000      0.00000
      0.63985      0.00000      0.00000      0.00000
      0.64985      0.00000      0.00000      0.00000
      0.65985      0.00000      0.00000      0.00000
      0.66985      0.00000      0.00000      0.00000
      0.67985      0.00000      0.00000      0.00000
      0.68985      0.00000      0.00000      0.00000
      0.69985      0.00000      0.00000      0.00000
      0.70985      0.00000      0.00000      0.00000
      0.71985      0.00000      0.00000      0.00000
      0.72985      0.00000      0.00000      0.00000
      0.73985      0.00000      0.00000      0.00000
      0.74985      0.00000      0.00000      0.00000
      0.75985      0.00000      0.00000      0.00000
      0.76985      0.00000      0.00000      0.00000
      0.77985      0.00000      0.00000      0.00000
      0.78985      0.00000      0.00000      0.00000
      0.79985      0.00000      0.00000      0.00000
      0.80985      0.00000      0.00000      0.00000
      0.81985      0.00000      0.00000      0.00000
      0.82985      0.00000      0.00000      0.00000
      0.83985      0.00000      0.00000      0.00000
      0.84985      0.00000      0.00000      0.00000
      0.85985      0.00000      0.00000      0.00000
      0.86985      0.00000      0.00000      0.00000
      0.87985      0.00000      0.00000      0.00000
      0.88985      0.00000      0.00000      0.00000
      0.89985      0.00000      0.00000      0.00000
      0.90985      0.00000      0.00000      0.00000
      0.91985      0.00000      0.00000      0.00000
      0.92985      0.00000      0.00000      0.00000
      0.93985      0.00000      0.00000      0.00000
      0.94985      0.00000      0.00000      0.00000
      0.95985      0.00000      0.00000      0.00000
      0.96985      0.00000      0.00000      0.00000
      0.97985      0.00000      0.00000      0.00000
      0.98985      0.00000      0.00000      0.00000
      0.99985      0.00000      0.00000      0.00000
      1.00985      0.00000      0.00000      0.00000
      1.01985      0.00000      0.00000      0.00000
      1.02985      0.00000      0.00000      0.00000
      1.03985      0.00000      0.00000      0.00000
      1.04985      0.00000      0.00000      0.00000
      1.05985      0.00000      0.00000      0.00000
      1.06985      0.00000      0.00000      0.00000
      1.07985      0.00000      0.00000      0.00000
      1.08985      0.00000      0.00000      0.00000
      1.09985      0.00000      0.00000      0.00000
      1.10985      0.00000      0.00000      0.00000
      1.11985      0.00000      0.00000      0.00000
      1.12985      0.00000      0.00000      0.00000
      1.13985      0.00000      0.00000      0.00000
      1.14985      0.00000      0.00000      0.00000
      1.15985      0.00000      0.00000      0.00000
      1.16985      0.00000      0.00000      0.00000
      1.17985      0.00000      0.00000      0.00000
      1.18985      0.00000      0.00000      0.00000
      1.19985      0.00000      0.00000      0.00000
      1.20985      0.00000      0.00000      0.00000
      1.21985      0.00000      0.00000      0.00000
      1.22985      0.00000      0.00000      0.00000
      1.23985      0.00000      0.00000      0.00000
      1.24985      0.00000      0.00000      0.00000
      1.25985      0.00000      0.00000      0.00000
      1.26985      0.00000      0.00000      0.00000
      1.27985      0.00000      0.00000      0.00000
      1.28985      0.00000      0.00000      0.00000
      1.29985      0.00000      0.00000      0.00000
      1.30985      0.00000      0.00000      0.00000
      1.31985      0.00000      0.00000      0.00000
      1.32985      0.00000      0.00000      0.00000
      1.33985      0.00000      0.00000      0.00000
      1.34985      0.00000      0.00000      0.00000
      1.35985      0.00000      0.00000      0.00000
      1.36985      0.00000      0.00000      0.00000
      1.37985      0.00000      0.00000      0.00000
      1.38985      0.00000      0.00000      0.00000
      1.39985      0.00000      0.00000      0.00000
      1.40985      0.00000      0.00000      0.00000
      1.41985      0.00000      0.00000      0.00000
      1.42985      0.00000      0.00000      0.00000
      1.43985      0.00000      0.00000      0.00000
      1.44985      0.00000      0.00000      0.00000
      1.45985      0.00000      0.00000      0.00000
      1.46985      0.00000      0.00000      0.00000
      1.47985      0.00000      0.00000      0.00000
      1.48985      0.00000      0.00000      0.00000
      1.49985      0.00000      0.00000      0.00000
      1.50985      0.00000      0.00000      0.00000
      1.51985      0.00000      0.00000      0.00000
      1.52985      0.00000      0.00000      0.00000
      1.53985      0.00000      0.00000      0.00000
      1.54985      0.00000      0.00000      0.00000
      1.55985      0.00000      0.00000      0.00000
      1.56985      0.00000      0.00000      0.00000
      1.57985      0.00000      0.00000      0.00000
      1.58985      0.00000      0.00000      0.00000
      1.59985      0.00000      0.00000      0.00000
      1.60985      0.00000      0.00000      0.00000
      1.61985      0.00000      0.00000      0.00000
      1.62985      0.00000      0.00000      0.00000
      1.63985      0.00000      0.00000      0.00000
      1.64985      0.00000      0.00000      0.00000
      1.65985      0.00000      0.00000      0.00000
      1.66985      0.00000      0.00000      0.00000
      1.67985      0.00000      0.00000      0.00000
      1.68985      0.00000      0.00000      0.00000
      1.69985      0.00000      0.00000      0.00000
      1.70985      0.00000      0.00000      0.00000
      1.71985      0.00000      0.00000      0.00000
      1.72985      0.00000      0.00000      0.00000
      1.73985      0.00000      0.00000      0.00000
      1.74985      0.00000      0.00000      0.00000
      1.75985      0.00000      0.00000      0.00000
      1.76985      0.00000      0.00000      0.00000
      1.77985      0.00000      0.00000      0.00000
      1.78985      0.00000      0.00000      0.00000
      1.79985      0.00000      0.00000      0.00000
      1.80985      0.00000      0.00000      0.00000
      1.81985      0.00000      0.00000      0.00000
      1.82985      0.00000      0.00000      0.00000
      1.83985      0.00000      0.00000      0.00000
      1.84985      0.00000      0.00000      0.00000
      1.85985      0.00000      0.00000      0.00000
      1.86985      0.00000      0.00000      0.00000
      1.87985      0.00000      0.00000      0.00000
      1.88985      0.00000      0.00000      0.00000
      1.89985      0.00000      0.00000      0.00000
      1.90985      0.00000      0.00000      0.00000
      1.91985      0.00000      0.00000      0.00000
      1.92985      0.00000      0.00000      0.00000
      1.93985      0.00000      0.00000      0.00000
      1.94985      0.00000      0.00000      0.00000
      1.95985      0.00000      0.00000      0.00000
      1.96985      0.00000      0.00000      0.00000
      1.97985      0.00000      0.00000      0.00000
      1.98985      0.00000      0.00000      0.00000
      1.99985      0.00000      0.00000      0.00000
      2.00985      0.00000      0.00000      0.00000
      2.01985      0.00000      0.00000      0.00000
      2.02985      0.00000      0.00000      0.00000
      2.03985      0.00000      0.00000      0.00000
      2.04985      0.00000      0.00000      0.00000
      2.05985      0.00000      0.00000      0.00000
      2.06985      0.00000      0.00000      0.00000
      2.07985      0.00000      0.00000      0.00000
      2.08985      0.00000      0.00000      0.00000
      2.09985      0.00000      0.00000      0.00000
      2.10985      0.00000      0.00000      0.00000
      2.11985      0.00000      0.00000      0.00000
      2.12985      0.00000      0.00000      0.00000
      2.13985      0.00000      0.00000      0.00000
      2.14985      0.00000      0.00000      0.00000
      2.15985      0.00000      0.00000      0.00000
      2.16985      0.00000      0.00000      0.00000
      2.17985      0.00000      0.00000      0.00000
      2.18985      0.00000      0.00000      0.00000
      2.19985      0.00000      0.00000      0.00000
      2.20985      0.00000      0.00000      0.00000
      2.21985      0.00000      0.00000      0.00000
      2.22985      0.00000      0.00000      0.00000
      2.23985      0.00000      0.00000      0.00000
      2.24985      0.00000      0.00000      0.00000
      2.25985      0.00000      0.00000      0.00000
      2.26985      0.00000      0.00000      0.00000
      2.27985      0.00000      0.00000      0.00000
      2.28985      0.00000      0.00000      0.00000
      2.29985      0.00000      0.00000      0.00000
      2.30985      0.00000      0.00000      0.00000
      2.31985      0.00000      0.00000      0.00000
      2.32985      0.00000      0.00000      0.00000
      2.33985      0.00000      0.00000      0.00000
      2.34985      0.00000      0.00000      0.00000
      2.35985      0.00000      0.00000      0.00000
      2.36985      0.00000      0.00000      0.00000
      2.37985      0.00000      0.00000      0.00000
      2.38985      0.00000      0.00000      0.00000
      2.39985      0.00000      0.00000      0.00000
      2.40985      0.00000      0.00000      0.00000
      2.41985      0.00000      0.00000      0.00000
      2.42985      0.00000      0.00000      0.00000
      2.43985      0.00000      0.00000      0.00000
      2.44985      0.00000      0.00000      0.00000
      2.45985      0.00000      0.00000      0.00000
      2.46985      0.00000      0.00000      0.00000
      2.47985      0.00000      0.00000      0.00000
      2.48985      0.00000      0.00000      0.00000
      2.49985      0.00000      0.00000      0.00000
      2.50985      0.00000      0.00000      0.00000
      2.51985      0.00000      0.00000      0.00000
      2.52985      0.00000      0.00000      0.00000
      2.53985      0.00000      0.00000      0.00000
      2.54985      0.00000      0.00000      0.00000
      2.55985      0.00000      0.00000      0.00000
      2.56985      0.00000      0.00000      0.00000
      2.57985      0.00000      0.00000      0.00000
      2.58985      0.00000      0.00000      0.00000
      2.59985      0.00000      0.00000      0.00000
      2.60985      0.00000      0.00000      0.00000
      2.61985      0.00000      0.00000      0.00000
      2.62985      0.00000      0.00000      0.00000
      2.63985      0.00000      0.00000      0.00000
      2.64985      0.00000      0.00000      0.00000
      2.65985      0.00000      0.00000      0.00000
      2.66985      0.00000      0.00000      0.00000
      2.67985      0.00000      0.00000      0.00000
      2.68985      0.00000      0.00000      0.00000
      2.69985      0.00000      0.00000      0.00000
      2.70985      0.00000      0.00000      0.00000
      2.71985      0.00000      0.00000      0.00000
      2.72985      0.00000      0.00000      0.00000
      2.73985      0.00000      0.00000      0.00000
      2.74985      0.00000      0.00000      0.00000
      2.75985      0.00000      0.00000      0.00000
      2.76985      0.00000      0.00000      0.00000
      2.77985      0.00000      0.00000      0.00000
      2.78985      0.00000      0.00000      0.00000
      2.79985      0.00000      0.00000      0.00000
      2.80985      0.00000      0.00000      0.00000
      2.81985      0.00000      0.00000      0.00000
      2.82985      0.00000      0.00000      0.00000
      2.83985      0.00000      0.00000      0.00000
      2.84985      0.00000      0.00000      0.00000
      2.85985      0.00000      0.00000      0.00000
      2.86985      0.00000      0.00000      0.00000
      2.87985      0.00000      0.00000      0.00000
      2.88985      0.00000      0.00000      0.00000
      2.89985      0.00000      0.00000      0.00000
      2.90985      0.00000      0.00000      0.00000
      2.91985      0.00000      0.00000      0.00000
      2.92985      0.00000      0.00000      0.00000
      2.93985      0.00000      0.00000      0.00000
      2.94985      0.00000      0.00000      0.00000
      2.95985      0.00000      0.00000      0.00000
      2.96985      0.00000      0.00000      0.00000
      2.97985      0.00000      0.00000      0.00000
      2.98985      0.00000      0.00000      0.00000
      2.99985      0.00000      0.00000      0.00000
      3.00985      0.00000      0.00000      0.00000
      3.01985      0.00000      0.00000      0.00000
      3.02985      0.00000      0.00000      0.00000
      3.03985      0.00000      0.00000      0.00000
      3.04985      0.00000      0.00000      0.00000
      3.05985      0.00000      0.00000      0.00000
      3.06985      0.00000      0.00000      0.00000
      3.07985      0.00000      0.00000      0.00000
      3.08985      0.00000      0.00000      0.00000
      3.09985      0.00000      0.00000      0.00000
      3.10985      0.00000      0.00000      0.00000
      3.11985      0.00000      0.00000      0.00000
      3.12985      0.00000      0.00000      0.00000
      3.13985      0.00000      0.00000      0.00000
      3.14985      0.00000      0.00000      0.00000
      3.15985      0.00000      0.00000      0.00000
      3.16985      0.00000      0.00000      0.00000
      3.17985      0.00000      0.00000      0.00000
      3.18985      0.00000      0.00000      0.00000
      3.19985      0.00000      0.00000      0.00000
      3.20985      0.00000      0.00000      0.00000
      3.21985      0.00000      0.00000      0.00000
      3.22985      0.00000      0.00000      0.00000
      3.23985      0.00000      0.00000      0.00000
      3.24985      0.00000      0.00000      0.00000
      3.25985      0.00000      0.00000      0.00000
      3.26985      0.00000      0.00000      0.00000
      3.27985      0.00000      0.00000      0.00000
      3.28985      0.00000      0.00000      0.00000
      3.29985      0.00000      0.00000      0.00000
      3.30985      0.02449      0.00026      0.02422
      3.31985      0.89849      0.00974      0.88874
      3.32985     12.68127      0.13792     12.54335
      3.33985     71.54985      0.78282     70.76703
      3.34985    174.61462      1.93394    172.68068
      3.35985    218.70149      2.48482    216.21667
      3.36985    191.58617      2.27754    189.30863
      3.37985    160.35862      2.01821    158.34041
      3.38985    141.56885      1.88550    139.68335
      3.39985    129.78367      1.82554    127.95813
      3.40985    120.69662      1.78852    118.90810
      3.41985    114.78400      1.78886    112.99514
      3.42985    108.19383      1.77074    106.42309
      3.43985    106.73566      1.82969    104.90598
      3.44985    114.27180      2.04859    112.22321
      3.45985    163.98378      3.01166    160.97212
      3.46985    216.18293      4.01389    212.16904
      3.47985    226.63137      4.28842    222.34296
      3.48985    196.02609      3.79283    192.23326
      3.49985    186.54564      3.72588    182.81976
      3.50985    159.94804      3.28072    156.66732
      3.51985    164.28672      3.44702    160.83970
      3.52985    159.83146      3.44263    156.38882
      3.53985    125.40783      2.81052    122.59731
      3.54985    160.25933      3.61843    156.64090
      3.55985    145.37887      3.30569    142.07318
      3.56985    110.35541      2.73002    107.62539
      3.57985    138.63123      3.40950    135.22174
      3.58985    145.49332      3.42882    142.06450
      3.59985    124.42231      3.23181    121.19050
      3.60985    101.86908      2.82854     99.04054
      3.61985    118.91867      3.06144    115.85722
      3.62985    159.36460      4.15547    155.20913
      3.63985    110.81734      3.09276    107.72459
      3.64985     76.48227      2.37050     74.11178
      3.65985    126.07584      3.72683    122.34901
      3.66985    144.11262      3.86617    140.24645
      3.67985    112.48617      3.23573    109.25045
      3.68985     96.71000      3.32627     93.38374
      3.69985     80.74167      2.69248     78.04919
      3.70985    119.79886      3.53524    116.26362
      3.71985    157.95920      4.79174    153.16746
      3.72985     94.80420      3.10190     91.70231
      3.73985     63.41547      2.45012     60.96534
      3.74985    101.59087      3.82110     97.76977
      3.75985    125.08165      3.92768    121.15398
      3.76985    126.34409      3.84335    122.50074
      3.77985    111.51679      4.20018    107.31661
      3.78985     69.90133      2.96374     66.93759
      3.79985     60.98806      2.46934     58.51872
      3.80985    130.16000      4.75022    125.40979
      3.81985    147.98103      4.97724    143.00379
      3.82985     86.57658      3.05848     83.51810
      3.83985     78.23021      3.62140     74.60881
      3.84985     80.31916      3.82881     76.49035
      3.85985     75.08574      2.92447     72.16127
      3.86985    134.35390      4.80996    129.54394
      3.87985    145.34726      5.64868    139.69858
      3.88985     70.44407      3.06400     67.38007
      3.89985     52.20915      2.73400     49.47515
      3.90985     88.22844      4.55707     83.67137
      3.91985    102.02760      4.26208     97.76552
      3.92985    119.80283      4.16356    115.63927
      3.93985    126.00454      5.40469    120.59984
      3.94985     85.09476      4.42710     80.66765
      3.95985     41.25499      2.33705     38.91794
      3.96985     66.77858      3.67084     63.10774
      3.97985    124.17167      5.87330    118.29837
      3.98985    127.72824      4.85745    122.87078
      3.99985     94.66365      3.90887     90.75478
      4.00985     89.42970      5.10732     84.32238
      4.01985     66.07015      4.07628     61.99387
      4.02985     41.79936      2.41701     39.38235
      4.03985     97.41858      4.92780     92.49078
      4.04985    157.62022      8.91100    148.70922
      4.05985    133.71200     31.45389    102.25811
      4.06985    229.67016    158.69430     70.97585
      4.07985    494.43655    381.46985    112.96671
      4.08985    565.42592    453.94421    111.48171
      4.09985    495.02875    397.96098     97.06776
      4.10985    615.51355    447.17908    168.33448
      4.11985    754.15155    547.34913    206.80242
      4.12985    658.50295    527.74138    130.76157
      4.13985    540.56211    452.02558     88.53654
      4.14985    515.22777    402.12032    113.10745
      4.15985    483.05028    370.23239    112.81789
      4.16985    454.98711    345.97399    109.01312
      4.17985    487.26016    329.88428    157.37588
      4.18985    478.64308    316.00484    162.63825
      4.19985    396.27965    299.42652     96.85313
      4.20985    346.05862    285.20247     60.85615
      4.21985    365.68719    276.49813     89.18906
      4.22985    382.69864    268.01278    114.68586
      4.23985    376.29040    257.26568    119.02472
      4.24985    385.85020    249.45984    136.39036
      4.25985    377.50137    243.13427    134.36709
      4.26985    330.70825    234.74458     95.96366
      4.27985    279.51842    225.62939     53.88903
      4.28985    287.32052    219.78165     67.53887
      4.29985    333.29342    218.01117    115.28225
      4.30985    345.67676    210.92026    134.75650
      4.31985    326.81347    205.56711    121.24636
      4.32985    332.21209    198.70414    133.50794
      4.33985    420.60099    198.29252    222.30847
      4.34985    429.79266    191.91296    237.87970
      4.35985    374.09472    188.86540    185.22932
      4.36985    387.12811    184.37664    202.75146
      4.37985    433.87748    184.80041    249.07707
      4.38985    398.04277    178.98929    219.05348
      4.39985    325.54160    172.81605    152.72555
      4.40985    347.51984    175.07573    172.44410
      4.41985    316.57573    164.84030    151.73544
      4.42985    269.78295    170.33541     99.44754
      4.43985    298.78811    156.88768    141.90043
      4.44985    379.07044    169.49561    209.57483
      4.45985    341.04820    157.04503    184.00316
      4.46985    286.84733    156.53745    130.30987
      4.47985    296.86431    157.57271    139.29160
      4.48985    283.77202    147.75829    136.01373
      4.49985    246.18281    154.14614     92.03667
      4.50985    235.27564    144.15373     91.12191
      4.51985    321.39121    147.74410    173.64711
      4.52985    366.83838    151.05863    215.77975
      4.53985    278.02124    141.55378    136.46746
      4.54985    232.95533    140.83873     92.11661
      4.55985    373.14762    151.87395    221.27366
      4.56985    550.21084    160.36808    389.84276
      4.57985    535.33652    159.92322    375.41329
      4.58985    451.91182    159.33395    292.57788
      4.59985    464.17875    147.43328    316.74547
      4.60985    537.15047    150.64042    386.51006
      4.61985    493.21838    157.05893    336.15945
      4.62985    350.22846    133.35628    216.87218
      4.63985    316.79921    137.42445    179.37476
      4.64985    385.10792    151.57210    233.53582
      4.65985    422.26777    129.13469    293.13308
      4.66985    418.52386    135.99440    282.52946
      4.67985    391.82789    148.50894    243.31895
      4.68985    317.94164    117.79498    200.14666
      4.69985    335.08368    128.75412    206.32956
      4.70985    377.93731    150.83085    227.10646
      4.71985    332.00593    115.00773    216.99820
      4.72985    303.49262    116.04288    187.44974
      4.73985    345.14385    149.62144    195.52241
      4.74985    370.23256    120.65065    249.58191
      4.75985    343.93945    105.98398    237.95547
      4.76985    349.06614    145.30339    203.76275
      4.77985    314.91869    126.31540    188.60328
      4.78985    258.74731     91.15450    167.59280
      4.79985    311.38973    132.29116    179.09857
      4.80985    318.59699    142.46937    176.12762
      4.81985    277.08503     91.19472    185.89031
      4.82985    358.41839    108.75447    249.66392
      4.83985    361.47979    150.10876    211.37103
      4.84985    274.70271    108.73324    165.96947
      4.85985    253.48425     81.78402    171.70023
      4.86985    322.40504    135.20901    187.19604
      4.87985    318.99304    139.11737    179.87567
      4.88985    216.95718     78.40510    138.55208
      4.89985    241.53337     94.10889    147.42449
      4.90985    341.64844    149.26214    192.38630
      4.91985    366.21036    116.60791    249.60244
      4.92985    309.97902     72.32911    237.64990
      4.93985    268.64286    115.46990    153.17295
      4.94985    253.45610    145.34685    108.10926
      4.95985    169.88042     83.96165     85.91877
      4.96985    206.80169     67.76961    139.03208
      4.97985    354.56709    135.48748    219.07962
      4.98985    393.76830    142.93776    250.83054
      4.99985    290.43156     73.19972    217.23184
      5.00985    195.45008     69.62465    125.82543
      5.01985    258.76527    138.70160    120.06367
      5.02985    296.06334    132.20774    163.85559
      5.03985    179.65567     60.30471    119.35095
      5.04985    181.85875     71.33644    110.52230
      5.05985    320.58501    143.91059    176.67442
      5.06985    327.00874    125.68985    201.31888
      5.07985    272.53485     58.48865    214.04620
      5.08985    269.12476     74.63329    194.49147
      5.09985    263.98689    141.96595    122.02094
      5.10985    241.40389    123.84213    117.56177
      5.11985    201.88605     53.97158    147.91446
      5.12985    179.66710     61.83500    117.83210
      5.13985    243.82560    135.85808    107.96752
      5.14985    265.17053    131.45530    133.71523
      5.15985    209.91284     57.53449    152.37835
      5.16985    255.18093     56.38339    198.79754
      5.17985    357.32249    131.05739    226.26511
      5.18985    298.94872    141.68058    157.26814
      5.19985    165.08672     63.55593    101.53080
      5.20985    211.68493     43.61153    168.07340
      5.21985    390.32474    116.10399    274.22075
      5.22985    454.70765    161.94817    292.75948
      5.23985    320.35639     91.60336    228.75302
      5.24985    152.09292     34.10944    117.98349
      5.25985    110.84286     71.48862     39.35424
      5.26985    193.34401    143.04534     50.29867
      5.27985    234.20979    114.03103    120.17876
      5.28985    206.01119     45.15154    160.85965
      5.29985    196.13373     50.92139    145.21234
      5.30985    294.73141    127.78884    166.94257
      5.31985    341.97460    143.85796    198.11664
      5.32985    219.73296     65.10545    154.62752
      5.33985    169.46408     33.79394    135.67014
      5.34985    250.85618     91.12857    159.72762
      5.35985    251.19898    149.15123    102.04775
      5.36985    152.47250     97.18459     55.28791
      5.37985    155.58213     34.75940    120.82272
      5.38985    265.93186     55.11279    210.81908
      5.39985    313.96454    130.92097    183.04357
      5.40985    275.68261    138.76089    136.92172
      5.41985    221.49819     63.44503    158.05316
      5.42985    191.56989     34.54155    157.02834
      5.43985    258.94983     89.67642    169.27341
      5.44985    307.78417    149.08316    158.70101
      5.45985    174.68735     99.86679     74.82056
      5.46985     88.35972     36.31403     52.04569
      5.47985    164.30586     56.88643    107.41943
      5.48985    292.08825    123.51398    168.57427
      5.49985    343.63846    133.13651    210.50195
      5.50985    299.50844     80.49988    219.00856
      5.51985    260.95829     69.62826    191.33003
      5.52985    237.17863     93.72383    143.45480
      5.53985    193.37884    102.57162     90.80722
      5.54985    192.42823    120.20120     72.22703
      5.55985    277.23955    119.75443    157.48512
      5.56985    308.76811     84.19864    224.56947
      5.57985    228.92200     84.52121    144.40079
      5.58985    240.52710    136.79650    103.73060
      5.59985    319.76479    127.80938    191.95541
      5.60985    301.35803     85.57700    215.78103
      5.61985    194.27800     85.74602    108.53198
      5.62985    135.07157     77.82312     57.24844
      5.63985    200.38683     85.68550    114.70134
      5.64985    298.76580    109.10723    189.65857
      5.65985    296.29056    107.69803    188.59253
      5.66985    232.61348     81.53540    151.07808
      5.67985    299.47554    120.23333    179.24221
      5.68985    519.55712    328.37980    191.17732
      5.69985    662.14858    494.06785    168.08073
      5.70985    518.65108    384.78948    133.86160
      5.71985    347.71976    231.87492    115.84484
      5.72985    379.25237    195.93527    183.31710
      5.73985    470.53426    210.15472    260.37954
      5.74985    484.45734    215.90001    268.55733
      5.75985    344.92399    158.96866    185.95532
      5.76985    251.72085    122.46470    129.25615
      5.77985    367.50879    194.24081    173.26798
      5.78985    420.66868    230.10456    190.56412
      5.79985    326.38331    162.41108    163.97223
      5.80985    280.71698     99.63999    181.07699
      5.81985    379.91023    122.69065    257.21958
      5.82985    469.20158    185.25146    283.95012
      5.83985    429.23189    205.60132    223.63057
      5.84985    402.47113    240.00224    162.46889
      5.85985    403.97729    211.52389    192.45340
      5.86985    496.37089    212.41274    283.95815
      5.87985    612.16561    248.51002    363.65559
      5.88985    523.79492    214.01295    309.78197
      5.89985    418.21408    188.91275    229.30134
      5.90985    365.00284    152.22216    212.78068
      5.91985    285.83784    135.68940    150.14844
      5.92985    175.78405    113.99520     61.78886
      5.93985     73.24737     58.38135     14.86602
      5.94985     17.21233     14.83284      2.37950
      5.95985     21.64407     17.82280      3.82127
      5.96985    123.60783     95.53809     28.06974
      5.97985    303.67391    212.22102     91.45289
      5.98985    351.67092    204.22727    147.44365
      5.99985    321.29907    161.48834    159.81073
      6.00985    300.97389    157.15177    143.82212
      6.01985    198.37618     86.14246    112.23371
      6.02985    113.19499     24.13380     89.06119
      6.03985     53.04516      5.84764     47.19752
      6.04985     12.07336      1.32635     10.74702
      6.05985      8.70813      4.60522      4.10291
      6.06985     64.07415     33.00974     31.06441
      6.07985    217.43047    102.10470    115.32577
      6.08985    319.54260    155.18543    164.35717
      6.09985    249.71710    155.60852     94.10858
      6.10985    191.10620    159.58570     31.52050
      6.11985    194.28510    173.02974     21.25536
      6.12985    155.09137    116.88644     38.20493
      6.13985    165.87892     68.36937     97.50955
      6.14985    288.34128    139.78664    148.55463
      6.15985    371.02896    242.18668    128.84228
      6.16985    371.01450    260.03647    110.97802
      6.17985    297.48429    189.64130    107.84299
      6.18985    223.02302    154.28766     68.73536
      6.19985    284.54879    235.52389     49.02490
      6.20985    272.48118    228.51930     43.96188
      6.21985    142.42405     99.36912     43.05493
      6.22985    120.83953     43.17652     77.66301
      6.23985    210.24315     98.46351    111.77964
      6.24985    319.40902    186.30449    133.10453
      6.25985    378.70015    240.43427    138.26588
      6.26985    352.07774    224.87797    127.19977
      6.27985    213.01757    133.11576     79.90181
      6.28985    163.49665    110.01998     53.47667
      6.29985    205.54261    125.67073     79.87188
      6.30985    187.13734    102.45734     84.68000
      6.31985    150.24459    103.01428     47.23031
      6.32985    153.88277    121.01194     32.87083
      6.33985    164.66157    105.22191     59.43967
      6.34985    274.35069    123.66327    150.68741
      6.35985    420.78057    183.65781    237.12276
      6.36985    396.36550    211.11268    185.25282
      6.37985    273.46061    193.41952     80.04110
      6.38985    167.10752    138.19344     28.91408
      6.39985    136.40770    103.90230     32.50540
      6.40985    181.80591    109.17713     72.62878
      6.41985    225.32617    138.54354     86.78262
      6.42985    197.90518    145.76879     52.13639
      6.43985    134.93148     99.57094     35.36054
      6.44985    156.99012     89.72800     67.26212
      6.45985    176.75750     89.84493     86.91257
      6.46985    203.73407    115.92314     87.81092
      6.47985    285.88109    163.10677    122.77521
      6.48985    277.27723    140.87126    136.45378
      6.49985    204.88012     94.90084    110.96630
      6.50985    247.43317    186.04769     69.39703
      6.51985    466.77602    442.65214     51.03259
      6.52985    532.05086    531.01470     42.33893
      6.53985    416.44890    401.17885     52.41369
      6.54985    475.11425    435.08058     80.70308
      6.55985    697.60359    688.53893     72.68320
      6.56985    824.13335    815.23735     82.51202
      6.57985    861.31382    808.09789    116.69736
      6.58985    821.30476    754.26970    120.16524
      6.59985    617.15908    567.66560     96.44473
      6.60985    385.93815    378.61111     46.12304
      6.61985    324.99244    327.10180     31.89199
      6.62985    450.14175    402.13749     85.01750
      6.63985    542.14417    447.90652    131.96981
      6.64985    481.60171    421.77862     94.82409
      6.65985    387.13198    387.08250     33.15435
      6.66985    384.71191    398.32749     20.75440
      6.67985    393.00495    370.50903     55.58444
      6.68985    381.78415    327.99357     81.09802
      6.69985    355.04549    331.39660     48.55693
      6.70985    353.43612    360.80602     20.45255
      6.71985    378.89703    359.32495     49.35596
      6.72985    433.55698    330.01844    132.36360
      6.73985    540.17584    369.12877    197.83109
      6.74985    539.07148    382.52443    177.70329
      6.75985    417.03054    344.73316     93.00348
      6.76985    348.56900    338.00966     36.51150
      6.77985    308.62783    318.12207     17.93752
      6.78985    284.60235    298.74753     11.27857
      6.79985    309.14767    307.75976     25.92677
      6.80985    383.71365    324.80911     82.08693
      6.81985    449.26860    324.88771    142.03459
      6.82985    427.90254    307.67021    138.97810
      6.83985    320.87158    253.37682     89.43266
      6.84985    233.75643    208.06330     46.74756
      6.85985    290.35191    248.40279     64.76077
      6.86985    317.81588    259.42922     78.50478
      6.87985    265.62467    249.31713     37.85787
      6.88985    204.36365    215.58606      8.79542
      6.89985    203.46969    213.56815      6.86773
      6.90985    251.37422    252.57235     18.78304
      6.91985    319.13917    260.74354     77.27289
      6.92985    464.75027    289.86940    190.63521
      6.93985    474.28647    265.42858    219.04781
      6.94985    274.01706    149.66098    128.10914
      6.95985    227.59260    144.26269     88.90385
      6.96985    378.82045    310.69319     85.18320
      6.97985    456.44670    439.32885     42.96265
      6.98985    375.41620    384.41702     13.43958
      6.99985    261.57042    265.80166     13.80366
      7.00985    290.30545    251.77094     58.21153
      7.01985    388.62869    270.67107    134.30268
      7.02985    379.20724    245.66383    141.98101
      7.03985    280.04906    220.68072     70.07760
      7.04985    212.18759    215.17877     16.66368
      7.05985    137.17955    140.13785     11.93051
      7.06985     94.34666     53.65979     45.48573
      7.07985    168.14965     92.92484     80.27323
      7.08985    338.07373    264.59309     87.31692
      7.09985    488.26776    394.36912    115.82080
      7.10985    483.30636    372.16340    136.99241
      7.11985    373.92814    259.35060    133.29322
      7.12985    292.16760    177.40330    123.80151
      7.13985    324.37034    235.02772    104.38087
      7.14985    348.61327    291.98678     79.12622
      7.15985    234.05139    207.90556     39.28039
      7.16985    170.22972    129.30397     45.84368
      7.17985    275.00040    180.43738    104.21605
      7.18985    346.42596    242.36386    121.69415
      7.19985    258.79305    206.50790     67.67763
      7.20985    176.70411    140.31680     42.66558
      7.21985    160.11421     83.92091     77.29266
      7.22985    184.16046     73.69066    110.58051
      7.23985    242.45155    117.26749    125.86856
      7.24985    314.95548    198.29504    121.77402
      7.25985    410.26156    302.54948    123.11527
      7.26985    459.61634    342.51069    138.12015
      7.27985    410.98090    302.65440    124.30891
      7.28985    319.84699    257.70552     74.87205
      7.29985    391.80631    331.30342     78.71582
      7.30985    611.11251    458.16718    172.79724
      7.31985    696.58109    468.97157    240.04152
      7.32985    542.53651    350.88530    199.32291
      7.33985    425.16758    251.10557    186.03537
      7.34985    433.21766    246.02982    203.12011
      7.35985    351.17327    228.04492    137.38862
      7.36985    218.89981    141.93055     84.59533
      7.37985    161.96593     78.92549     86.11796
      7.38985    218.76355    136.78120     88.17783
      7.39985    356.92791    288.82536     79.41762
      7.40985    438.70826    353.82668     97.30956
      7.41985    377.56775    259.86959    128.05997
      7.42985    301.03324    149.78591    155.84153
      7.43985    296.92861    119.20057    178.54442
      7.44985    224.25344     80.02351    144.28636
      7.45985    148.72913     64.00997     84.79202
      7.46985    228.68808    156.69789     72.82784
      7.47985    402.92766    308.05090     98.65330
      7.48985    455.30791    364.28791     98.28499
      7.49985    313.25125    262.95198     58.01633
      7.50985    190.79843    133.72337     62.35921
      7.51985    206.45090     80.83322    127.45580
      7.52985    314.41815    135.94187    178.74059
      7.53985    426.65600    230.03695    196.74277
      7.54985    404.71505    245.20590    160.53332
      7.55985    299.89760    224.29574     80.38198
      7.56985    336.65658    310.17920     40.84381
      7.57985    476.41174    427.78046     72.78736
      7.58985    439.50911    338.08785    120.41568
      7.59985    390.74371    219.89524    182.34981
      7.60985    469.62456    219.98500    262.08929
      7.61985    504.72278    245.83343    274.15866
      7.62985    426.38950    249.39516    190.99979
      7.63985    298.29296    221.49420     88.17268
      7.64985    207.78709    180.25481     35.37868
      7.65985    177.48660    158.90073     26.24237
      7.66985    221.18605    172.68173     61.31646
      7.67985    272.56346    188.09922     96.44772
      7.68985    269.56070    185.94242     93.67711
      7.69985    204.42880    139.71064     73.75886
      7.70985    216.70978    107.78582    114.23618
      7.71985    294.63901    147.46330    154.95318
      7.72985    252.89561    167.43920     97.96194
      7.73985    207.88586    153.01624     63.30443
      7.74985    227.46904    169.93512     62.65542
      7.75985    240.06756    204.93564     43.29747
      7.76985    201.86046    167.27284     41.83550
      7.77985    121.51018     78.74154     45.18028
      7.78985     50.04133     25.34318     25.02220
      7.79985     54.84996     28.25004     27.14043
      7.80985    165.98798    101.52804     68.01979
      7.81985    268.18214    182.68530     94.53939
      7.82985    296.80091    197.59896    109.29298
      7.83985    320.55191    217.21752    112.29397
      7.84985    267.66866    185.86233     89.08996
      7.85985    186.87178    108.57371     81.14676
      7.86985    155.01372     98.10873     57.33011
      7.87985    131.84754    102.43903     29.43195
      7.88985    111.61552     83.48155     28.13444
      7.89985    103.35931     51.67820     51.68124
      7.90985    130.87161     57.40677     73.47277
      7.91985    129.98727     83.29856     46.86873
      7.92985     87.12680     75.60389     13.02575
      7.93985     88.40238     90.07685      2.94112
      7.94985    133.37366    128.46150     10.14699
      7.95985    223.49382    185.85006     40.22228
      7.96985    393.84057    299.61050     97.62947
      7.97985    542.08076    402.36631    148.33015
      7.98985    484.17557    337.67794    155.56455
      7.99985    366.04884    236.58843    133.27760
      8.00985    283.66557    216.82942     68.10238
      8.01985    191.16893    173.19010     18.97543
      8.02985     97.91925     93.20154      6.95409
      8.03985    110.70802     95.47043     21.80914
      8.04985    203.50285    153.05270     59.41070
      8.05985    244.53473    187.99082     62.88715
      8.06985    166.84125    143.16512     26.49980
      8.07985     60.70362     55.12223      6.24095
      8.08985     45.90563     37.67089      8.29856
      8.09985    101.13207     82.33713     18.79727
      8.10985    158.68061    132.92083     25.75986
      8.11985    183.58791    149.56561     34.02596
      8.12985    163.03075    109.11609     54.01727
      8.13985    199.46847    106.98314     93.54680
      8.14985    288.72159    181.06240    111.70451
      8.15985    386.74849    287.80084    104.69929
      8.16985    370.42271    304.13129     69.69894
      8.17985    258.58924    212.89024     47.16327
      8.18985    230.64448    133.24966     98.05176
      8.19985    266.39191    106.17716    160.43615
      8.20985    278.97440    108.83599    171.11867
      8.21985    364.40231    183.17560    186.36625
      8.22985    416.95812    260.97254    166.44073
      8.23985    270.62842    197.74854     83.71249
      8.24985    198.52522    161.86489     48.83115
      8.25985    291.36502    222.55488     79.55870
      8.26985    376.42723    278.82817    101.61180
      8.27985    354.43768    267.76761     87.43600
      8.28985    286.45918    217.43392     70.27978
      8.29985    239.87171    189.49359     53.02715
      8.30985    219.30489    181.65460     39.84435
      8.31985    193.45718    162.53272     31.72024
      8.32985    154.94123    128.74587     26.49474
      8.33985    163.51739    118.86658     46.25767
      8.34985    172.07975    126.33569     52.60990
