Energy-E_F (eV)    DOS (1/eV)    PDOS (1/eV)  of atom type H  C  
     -4.99000    237.24147     20.25451    216.98696
     -4.98000    266.55050     26.09819    240.45231
     -4.97000    384.75611     41.45359    343.30252
     -4.96000    475.92578     45.80637    430.11941
     -4.95000    409.49530     28.83371    380.66160
     -4.94000    303.20083     17.28376    285.91707
     -4.93000    279.48646     23.61518    255.87128
     -4.92000    258.37468     34.08027    224.29441
     -4.91000    181.15840     29.88499    151.27341
     -4.90000    126.96939     14.92752    112.04188
     -4.89000    155.82924     10.13486    145.69438
     -4.88000    242.64804     21.44251    221.20553
     -4.87000    284.03989     32.48880    251.55109
     -4.86000    241.94947     29.71994    212.22953
     -4.85000    161.07527     17.39424    143.68103
     -4.84000    103.67192      9.59866     94.07327
     -4.83000    202.35331     18.82988    183.52342
     -4.82000    325.10741     31.58487    293.52254
     -4.81000    264.46745     30.62680    233.84065
     -4.80000    132.56843     19.35835    113.21009
     -4.79000    101.96982     10.45467     91.51515
     -4.78000    206.29308     15.63862    190.65447
     -4.77000    291.52523     27.43925    264.08598
     -4.76000    255.79750     32.62470    223.17281
     -4.75000    175.49319     23.99194    151.50125
     -4.74000    155.17433     13.34285    141.83147
     -4.73000    162.83655     12.47180    150.36475
     -4.72000    185.36434     18.67698    166.68736
     -4.71000    276.48923     32.64009    243.84914
     -4.70000    278.88410     32.11986    246.76425
     -4.69000    177.46727     17.67814    159.78912
     -4.68000    115.81237     11.23899    104.57338
     -4.67000    127.97534     12.28131    115.69403
     -4.66000    260.20965     26.36711    233.84254
     -4.65000    323.02968     36.29682    286.73286
     -4.64000    216.50706     25.63689    190.87017
     -4.63000    123.22425     12.18472    111.03953
     -4.62000    128.35462     10.30366    118.05096
     -4.61000    201.69442     21.65932    180.03510
     -4.60000    280.89089     32.64678    248.24411
     -4.59000    272.56423     30.21366    242.35056
     -4.58000    177.84363     15.97674    161.86688
     -4.57000    133.97234     10.92748    123.04486
     -4.56000    168.92134     22.03940    146.88194
     -4.55000    234.52618     29.91443    204.61175
     -4.54000    292.59491     30.93683    261.65808
     -4.53000    312.30136     36.19757    276.10379
     -4.52000    285.34982     42.09674    243.25308
     -4.51000    286.51628     47.04207    239.47421
     -4.50000    304.12807     47.80980    256.31827
     -4.49000    355.95265     47.06850    308.88416
     -4.48000    361.67601     42.37310    319.30291
     -4.47000    266.12644     33.23311    232.89333
     -4.46000    178.02935     23.99614    154.03321
     -4.45000    272.34392     36.26657    236.07734
     -4.44000    391.03177     55.38545    335.64632
     -4.43000    296.52874     39.16208    257.36666
     -4.42000    214.10683     20.72355    193.38328
     -4.41000    264.20674     27.08154    237.12520
     -4.40000    300.08076     36.66226    263.41850
     -4.39000    274.24513     42.23660    232.00853
     -4.38000    272.84439     41.43672    231.40768
     -4.37000    292.07498     31.00229    261.07269
     -4.36000    287.11639     22.60281    264.51358
     -4.35000    281.86428     33.47268    248.39160
     -4.34000    287.10927     43.94372    243.16555
     -4.33000    248.88003     35.77469    213.10534
     -4.32000    256.63248     27.66979    228.96269
     -4.31000    324.54891     32.94695    291.60195
     -4.30000    336.94285     39.26513    297.67772
     -4.29000    277.82535     34.56940    243.25595
     -4.28000    278.07835     34.37875    243.69960
     -4.27000    282.88749     35.31248    247.57501
     -4.26000    255.88236     31.68936    224.19300
     -4.25000    295.37461     32.24451    263.13009
     -4.24000    407.62467     43.26375    364.36092
     -4.23000    378.09411     45.06754    333.02657
     -4.22000    258.61291     32.41004    226.20286
     -4.21000    224.56569     24.22051    200.34518
     -4.20000    322.87757     37.19527    285.68230
     -4.19000    452.32761     54.28812    398.03949
     -4.18000    511.58795     51.30866    460.27929
     -4.17000    590.89739     53.69546    537.20192
     -4.16000    827.99955     81.91292    746.08663
     -4.15000   1073.23288    103.68926    969.54362
     -4.14000   1256.14549    108.76910   1147.37639
     -4.13000   1327.51877    107.94664   1219.57213
     -4.12000   1376.92260    114.59619   1262.32641
     -4.11000   1369.83019    125.03262   1244.79757
     -4.10000   1034.55437    101.56743    932.98693
     -4.09000    571.36710     55.58554    515.78156
     -4.08000    329.82891     24.43391    305.39499
     -4.07000    352.04533     26.24858    325.79674
     -4.06000    472.89848     46.49228    426.40620
     -4.05000    414.09052     40.47878    373.61174
     -4.04000    268.83815     21.26767    247.57048
     -4.03000    273.53453     26.37948    247.15505
     -4.02000    336.57797     38.17894    298.39903
     -4.01000    348.52227     36.06675    312.45552
     -4.00000    329.35158     29.54825    299.80332
     -3.99000    318.86637     29.15477    289.71159
     -3.98000    349.99884     38.51914    311.47971
     -3.97000    318.55596     39.73532    278.82064
     -3.96000    248.38752     26.22521    222.16231
     -3.95000    256.21235     26.39883    229.81352
     -3.94000    350.88832     40.74768    310.14065
     -3.93000    398.11177     42.76123    355.35054
     -3.92000    305.50343     34.80193    270.70150
     -3.91000    254.68243     32.03072    222.65171
     -3.90000    288.07211     35.97259    252.09952
     -3.89000    327.47819     39.70740    287.77079
     -3.88000    412.17510     43.46812    368.70698
     -3.87000    445.96744     43.54655    402.42089
     -3.86000    377.86965     41.19637    336.67327
     -3.85000    417.34613     49.29576    368.05038
     -3.84000    404.90897     51.42025    353.48872
     -3.83000    329.41617     48.08701    281.32917
     -3.82000    417.90161     56.95442    360.94719
     -3.81000    590.21404     79.09271    511.12132
     -3.80000    579.72223     96.74963    482.97259
     -3.79000    434.00830     78.07798    355.93032
     -3.78000    309.49103     35.67802    273.81300
     -3.77000    267.77467     16.18753    251.58714
     -3.76000    276.33815     19.09038    257.24776
     -3.75000    300.14224     18.85035    281.29188
     -3.74000    232.92432     10.54022    222.38410
     -3.73000    192.77410      8.10642    184.66768
     -3.72000    261.31133     14.37561    246.93572
     -3.71000    260.81566     15.58452    245.23114
     -3.70000    212.78698     12.02800    200.75898
     -3.69000    237.71751     12.00602    225.71149
     -3.68000    309.46957     15.51932    293.95025
     -3.67000    269.72024     15.41346    254.30678
     -3.66000    180.28951      9.12137    171.16814
     -3.65000    221.95226      9.33967    212.61259
     -3.64000    296.73930     16.51701    280.22229
     -3.63000    350.38565     20.23534    330.15032
     -3.62000    349.35061     14.53135    334.81926
     -3.61000    285.58113      8.64144    276.93969
     -3.60000    218.97117     10.26088    208.71030
     -3.59000    202.22345     17.09287    185.13058
     -3.58000    186.14256     15.28403    170.85853
     -3.57000    130.51561      6.66362    123.85200
     -3.56000     84.31859      4.96617     79.35242
     -3.55000     97.03708     10.93594     86.10114
     -3.54000    133.59716     14.33282    119.26434
     -3.53000    132.55456     10.30279    122.25177
     -3.52000    129.67542      7.02016    122.65526
     -3.51000    140.57199     10.23356    130.33842
     -3.50000    118.10342     12.17976    105.92366
     -3.49000     94.51871      9.00837     85.51033
     -3.48000    110.98351      8.44483    102.53869
     -3.47000    175.01235     11.83172    163.18062
     -3.46000    290.64106     15.44981    275.19124
     -3.45000    279.19786     11.36481    267.83305
     -3.44000    225.26077      9.20444    216.05633
     -3.43000    289.83379     14.97237    274.86141
     -3.42000    271.81926     16.77915    255.04012
     -3.41000    201.75729     10.46001    191.29728
     -3.40000    246.95787      8.02797    238.92990
     -3.39000    295.28743     13.74912    281.53831
     -3.38000    237.99319     17.48999    220.50320
     -3.37000    155.72064     11.17386    144.54678
     -3.36000    198.89657      6.95228    191.94429
     -3.35000    288.98080     11.99048    276.99032
     -3.34000    287.15845     18.14967    269.00878
     -3.33000    202.28670     13.41968    188.86702
     -3.32000    178.84784      7.14402    171.70382
     -3.31000    208.21096      9.94788    198.26307
     -3.30000    238.02672     16.55308    221.47364
     -3.29000    255.13557     14.76924    240.36633
     -3.28000    241.96892      8.87221    233.09670
     -3.27000    232.67574     10.61141    222.06433
     -3.26000    211.06507     15.66311    195.40196
     -3.25000    172.50554     12.98199    159.52355
     -3.24000    193.30493      8.44079    184.86414
     -3.23000    306.69266     12.66344    294.02923
     -3.22000    298.92067     17.09788    281.82279
     -3.21000    181.31211     12.33631    168.97580
     -3.20000    131.25310      7.55154    123.70156
     -3.19000    223.88628     12.37340    211.51288
     -3.18000    310.70969     17.38069    293.32900
     -3.17000    258.16789     12.65971    245.50818
     -3.16000    167.60199      8.45650    159.14549
     -3.15000    215.51937     13.59647    201.92290
     -3.14000    299.66186     16.87158    282.79029
     -3.13000    210.77140     10.69340    200.07800
     -3.12000    145.33557      9.09678    136.23879
     -3.11000    255.22503     15.82810    239.39692
     -3.10000    334.78086     16.13223    318.64864
     -3.09000    250.57652     10.47909    240.09743
     -3.08000    169.85870     11.90421    157.95449
     -3.07000    187.61396     15.31637    172.29759
     -3.06000    222.48366     11.57253    210.91114
     -3.05000    315.94337     12.58629    303.35708
     -3.04000    332.08327     17.83353    314.24974
     -3.03000    194.01876     13.40134    180.61742
     -3.02000    136.70057      8.70399    127.99658
     -3.01000    269.36852     15.24133    254.12719
     -3.00000    326.56367     17.61636    308.94731
     -2.99000    254.69387     12.02098    242.67289
     -2.98000    235.51817     13.01694    222.50123
     -2.97000    252.63755     16.41670    236.22085
     -2.96000    292.97110     14.67736    278.29374
     -2.95000    259.53898     13.10218    246.43681
     -2.94000    223.67932     15.71662    207.96270
     -2.93000    265.21916     15.03901    250.18015
     -2.92000    343.15668     14.68112    328.47556
     -2.91000    360.82016     18.68061    342.13956
     -2.90000    249.41070     15.62829    233.78241
     -2.89000    205.77391     12.70084    193.07307
     -2.88000    315.83158     18.09689    297.73469
     -2.87000    399.43236     19.26488    380.16748
     -2.86000    363.97379     16.59760    347.37619
     -2.85000    363.31157     19.67013    343.64144
     -2.84000    405.80277     20.32331    385.47946
     -2.83000    418.72636     20.30818    398.41818
     -2.82000    441.64815     23.64836    417.99978
     -2.81000    491.02208     23.51121    467.51087
     -2.80000    569.29778     25.08980    544.20798
     -2.79000    433.70682     21.23544    412.47137
     -2.78000    179.88184     12.57697    167.30487
     -2.77000     98.85057     11.96781     86.88276
     -2.76000     88.16295     11.18802     76.97493
     -2.75000    130.64395     11.87387    118.77008
     -2.74000    226.32930     14.12411    212.20520
     -2.73000    228.09986     13.59473    214.50512
     -2.72000    150.09318     13.67035    136.42284
     -2.71000     99.48513     12.59132     86.89381
     -2.70000    101.96822     13.49495     88.47327
     -2.69000    129.16206     13.90612    115.25594
     -2.68000    215.72823     15.79274    199.93549
     -2.67000    262.94608     16.89290    246.05317
     -2.66000    196.76320     16.79681    179.96639
     -2.65000    136.27990     16.58267    119.69723
     -2.64000    129.72556     17.42617    112.29939
     -2.63000    151.40108     18.78226    132.61881
     -2.62000    225.28014     21.17840    204.10173
     -2.61000    315.64403     24.40007    291.24396
     -2.60000    302.85576     27.22374    275.63202
     -2.59000    263.91304     31.90897    232.00407
     -2.58000    308.82214     41.66190    267.16024
     -2.57000    345.69072     46.26863    299.42209
     -2.56000    262.17800     29.62630    232.55171
     -2.55000    191.34725      9.87265    181.47460
     -2.54000    146.81480      2.92639    143.88842
     -2.53000     60.01936      0.95767     59.06170
     -2.52000     10.65429      0.17015     10.48414
     -2.51000     10.21177      0.12308     10.08869
     -2.50000     63.83958      0.78496     63.05462
     -2.49000    178.42856      2.35042    176.07814
     -2.48000    232.05039      3.30523    228.74516
     -2.47000    183.03767      2.69624    180.34143
     -2.46000    135.23558      1.90871    133.32687
     -2.45000    111.04831      1.52154    109.52677
     -2.44000     79.30648      1.08033     78.22614
     -2.43000     99.77606      1.38669     98.38937
     -2.42000    207.42979      3.01686    204.41292
     -2.41000    206.16463      3.11244    203.05218
     -2.40000     84.16695      1.30293     82.86402
     -2.39000     39.90431      0.58505     39.31926
     -2.38000     94.59123      1.32478     93.26645
     -2.37000    149.47675      2.08784    147.38890
     -2.36000    144.73200      2.16248    142.56952
     -2.35000    120.41509      2.00646    118.40863
     -2.34000    103.69974      1.65095    102.04879
     -2.33000    117.33776      1.65599    115.68178
     -2.32000    123.74029      1.73172    122.00857
     -2.31000     89.36064      1.29592     88.06473
     -2.30000     65.34409      1.07979     64.26430
     -2.29000    117.09863      1.97810    115.12053
     -2.28000    177.34492      2.72880    174.61612
     -2.27000    163.47487      2.36109    161.11377
     -2.26000     82.41276      1.18679     81.22596
     -2.25000     25.17373      0.38820     24.78553
     -2.24000     54.50014      0.93132     53.56882
     -2.23000    174.67161      2.85369    171.81792
     -2.22000    227.06740      3.53439    223.53301
     -2.21000    115.05839      1.71733    113.34106
     -2.20000     24.94586      0.36373     24.58213
     -2.19000     30.22755      0.48613     29.74141
     -2.18000    127.08856      2.10934    124.97922
     -2.17000    244.34279      4.33648    240.00631
     -2.16000    312.92135      7.37140    305.54995
     -2.15000    524.15396     15.70024    508.45372
     -2.14000    747.26417     22.98672    724.27745
     -2.13000    782.81624     22.88043    759.93581
     -2.12000    752.76557     20.57819    732.18737
     -2.11000    639.40948     17.36571    622.04377
     -2.10000    505.29310     14.44495    490.84814
     -2.09000    476.36404     13.92077    462.44327
     -2.08000    530.85227     14.78627    516.06600
     -2.07000    621.56817     16.42314    605.14503
     -2.06000    692.99936     18.50555    674.49381
     -2.05000    543.28933     15.07254    528.21679
     -2.04000    228.09144      6.45338    221.63806
     -2.03000     74.92435      1.60366     73.32070
     -2.02000    112.19487      1.47233    110.72254
     -2.01000    147.94719      2.00007    145.94712
     -2.00000     98.87896      1.63137     97.24759
     -1.99000    101.39196      2.70593     98.68603
     -1.98000    177.31118      4.96157    172.34962
     -1.97000    201.25874      4.51925    196.73949
     -1.96000    194.12893      3.09121    191.03772
     -1.95000    170.99810      2.76254    168.23556
     -1.94000    262.39715      5.15586    257.24130
     -1.93000    429.96884      8.68035    421.28849
     -1.92000    507.64108      9.92438    497.71670
     -1.91000    548.46649     10.11733    538.34916
     -1.90000    503.94793      9.29919    494.64874
     -1.89000    395.86990      7.81039    388.05951
     -1.88000    353.66789      7.22685    346.44103
     -1.87000    417.36640      8.03413    409.33227
     -1.86000    534.11268      9.53898    524.57371
     -1.85000    540.04575      9.67079    530.37497
     -1.84000    469.34671      8.98269    460.36402
     -1.83000    501.45840      9.82977    491.62864
     -1.82000    691.35024     12.98070    678.36954
     -1.81000    862.22095     15.43100    846.78995
     -1.80000    652.82105     11.31193    641.50911
     -1.79000    246.05581      4.14875    241.90706
     -1.78000     51.61829      0.81122     50.80707
     -1.77000     65.91637      0.83779     65.07858
     -1.76000    171.19743      2.08872    169.10872
     -1.75000    211.14479      2.50357    208.64123
     -1.74000    116.16406      1.35216    114.81191
     -1.73000     37.24188      0.44113     36.80075
     -1.72000     57.51380      0.71577     56.79803
     -1.71000    126.67793      1.54151    125.13641
     -1.70000    172.50471      2.02181    170.48290
     -1.69000    151.95193      1.74398    150.20795
     -1.68000     84.52673      0.98042     83.54631
     -1.67000     79.62675      0.96315     78.66360
     -1.66000    123.64629      1.46445    122.18184
     -1.65000    123.16781      1.39418    121.77362
     -1.64000     90.75618      1.01422     89.74195
     -1.63000    111.52405      1.29980    110.22424
     -1.62000    157.03273      1.85592    155.17681
     -1.61000    156.25975      1.77126    154.48849
     -1.60000    108.31801      1.13697    107.18104
     -1.59000     50.13729      0.52725     49.61003
     -1.58000     66.58108      0.80643     65.77465
     -1.57000    167.96294      1.94420    166.01873
     -1.56000    213.84453      2.30500    211.53953
     -1.55000    121.89103      1.25106    120.63997
     -1.54000     53.97825      0.59872     53.37953
     -1.53000    105.50513      1.20430    104.30084
     -1.52000    156.56439      1.64130    154.92309
     -1.51000    112.85164      1.11033    111.74131
     -1.50000    108.55735      1.12977    107.42759
     -1.49000    175.61311      1.82491    173.78820
     -1.48000    190.40763      2.00512    188.40251
     -1.47000    110.53306      1.17694    109.35612
     -1.46000     74.48085      0.58393     73.89692
     -1.45000    120.40983      0.91119    119.49864
     -1.44000    167.92850      1.62431    166.30419
     -1.43000    201.58884      2.13154    199.45730
     -1.42000    202.10262      1.90856    200.19405
     -1.41000    164.23270      1.18023    163.05248
     -1.40000    141.91815      0.80850    141.10965
     -1.39000    197.79609      1.29732    196.49877
     -1.38000    266.76804      1.96460    264.80344
     -1.37000    247.75205      1.91599    245.83607
     -1.36000    156.78388      1.41302    155.37086
     -1.35000     78.71912      0.97494     77.74418
     -1.34000     73.42668      1.31635     72.11033
     -1.33000     77.61290      1.48346     76.12944
     -1.32000     37.38296      0.70114     36.68182
     -1.31000     29.68736      0.42181     29.26555
     -1.30000     93.33198      1.32109     92.01088
     -1.29000    149.33733      2.33322    147.00411
     -1.28000    100.33016      1.71856     98.61160
     -1.27000     28.35774      0.52067     27.83707
     -1.26000     11.12718      0.22065     10.90653
     -1.25000     46.05213      0.89421     45.15792
     -1.24000    111.43453      1.97954    109.45499
     -1.23000    131.49434      1.99697    129.49737
     -1.22000     79.77029      1.04358     78.72670
     -1.21000     33.57829      0.50717     33.07112
     -1.20000     53.68765      1.09447     52.59318
     -1.19000     80.75672      1.66904     79.08768
     -1.18000     57.36659      1.07907     56.28752
     -1.17000     62.05646      0.80219     61.25428
     -1.16000     98.32296      1.27938     97.04358
     -1.15000    107.37198      1.80391    105.56807
     -1.14000     86.78653      1.73179     85.05474
     -1.13000     36.70283      0.76460     35.93823
     -1.12000     12.74231      0.23568     12.50663
     -1.11000     50.59734      0.81956     49.77779
     -1.10000    139.35992      2.25199    137.10793
     -1.09000    142.26367      2.29870    139.96497
     -1.08000     53.76310      0.87045     52.89265
     -1.07000     13.00810      0.24037     12.76773
     -1.06000     35.26930      0.74987     34.51944
     -1.05000     86.56092      1.75563     84.80529
     -1.04000    110.14443      1.86546    108.27897
     -1.03000     99.44018      1.28694     98.15325
     -1.02000     60.66380      0.77998     59.88382
     -1.01000     55.97716      1.09692     54.88024
     -1.00000     80.71204      1.74671     78.96533
     -0.99000     56.33563      1.18162     55.15400
     -0.98000     42.57892      0.60949     41.96943
     -0.97000     88.65794      1.12480     87.53314
     -0.96000    124.43848      1.96642    122.47206
     -0.95000    102.05517      1.98108    100.07409
     -0.94000     43.50112      0.92344     42.57768
     -0.93000     12.57367      0.25462     12.31905
     -0.92000     41.44573      0.71625     40.72949
     -0.91000    128.55142      2.14589    126.40554
     -0.90000    149.77943      2.42019    147.35924
     -0.89000     65.11109      1.02010     64.09099
     -0.88000     16.51775      0.29436     16.22338
     -0.87000     37.45149      0.82362     36.62787
     -0.86000     89.30775      1.85647     87.45129
     -0.85000    112.61821      1.89972    110.71849
     -0.84000     98.45707      1.23888     97.21819
     -0.83000     59.32854      0.78325     58.54528
     -0.82000     60.98758      1.26695     59.72063
     -0.81000     81.30422      1.82542     79.47880
     -0.80000     56.77731      1.14621     55.63110
     -0.79000     61.89875      0.77935     61.11939
     -0.78000    103.85182      1.35260    102.49922
     -0.77000    115.27838      2.03443    113.24395
     -0.76000     83.06723      1.77282     81.29441
     -0.75000     31.34958      0.69124     30.65834
     -0.74000     26.34385      0.41814     25.92571
     -0.73000     96.68451      1.50133     95.18318
     -0.72000    157.79254      2.60528    155.18726
     -0.71000     97.19597      1.70242     95.49355
     -0.70000     24.77910      0.46700     24.31210
     -0.69000     24.37568      0.51950     23.85618
     -0.68000     87.73049      1.71721     86.01328
     -0.67000    145.32202      2.45030    142.87172
     -0.66000    105.77237      1.49087    104.28151
     -0.65000     40.30884      0.57155     39.73729
     -0.64000     45.48509      1.01457     44.47051
     -0.63000     90.12508      1.97912     88.14596
     -0.62000    105.82726      1.80519    104.02207
     -0.61000     97.48497      1.16825     96.31672
     -0.60000     71.82683      1.03053     70.79630
     -0.59000     78.42458      1.72885     76.69573
     -0.58000     81.52568      1.83819     79.68749
     -0.57000     70.59902      1.09663     69.50240
     -0.56000     95.54672      1.12806     94.41867
     -0.55000    108.87297      1.79537    107.07760
     -0.54000     95.19215      2.08568     93.10647
     -0.53000     56.21741      1.20066     55.01674
     -0.52000     62.41529      0.81439     61.60090
     -0.51000    120.00023      1.70657    118.29365
     -0.50000    129.58941      2.39829    127.19112
     -0.49000     72.17369      1.55326     70.62043
     -0.48000     43.59503      0.70613     42.88890
     -0.47000    100.06741      1.41398     98.65343
     -0.46000    148.56378      2.52043    146.04335
     -0.45000     96.74132      1.91000     94.83133
     -0.44000     46.40037      0.80839     45.59199
     -0.43000     91.26490      1.29782     89.96708
     -0.42000    150.34814      2.51011    147.83803
     -0.41000    108.64375      2.08051    106.56324
     -0.40000     61.05752      0.98652     60.07100
     -0.39000    104.49313      1.43779    103.05534
     -0.38000    145.31465      2.49789    142.81677
     -0.37000    110.43986      2.09211    108.34775
     -0.36000     93.79781      1.26671     92.53110
     -0.35000    120.14261      1.67730    118.46531
     -0.34000    141.46272      2.54573    138.91700
     -0.33000    143.13649      2.25678    140.87970
     -0.32000    121.26541      1.48309    119.78232
     -0.31000    153.46346      2.16262    151.30084
     -0.30000    212.87949      3.15356    209.72593
     -0.29000    210.15799      2.55564    207.60235
     -0.28000    169.45007      1.94394    167.50613
     -0.27000    126.69412      2.31383    124.38029
     -0.26000     83.50064      2.06328     81.43735
     -0.25000     40.08968      1.07812     39.01156
     -0.24000     53.72046      1.47791     52.24255
     -0.23000     80.41080      2.21532     78.19548
     -0.22000     53.82896      1.48561     52.34335
     -0.21000     48.00129      1.33742     46.66387
     -0.20000     79.00539      2.20777     76.79761
     -0.19000     64.86589      1.81500     63.05089
     -0.18000     51.34064      1.44797     49.89267
     -0.17000     78.82898      2.23230     76.59668
     -0.16000     69.88108      1.98203     67.89905
     -0.15000     59.75518      1.70679     58.04838
     -0.14000     82.56954      2.36699     80.20256
     -0.13000     71.68129      2.05987     69.62142
     -0.12000     73.29157      2.11910     71.17247
     -0.11000     86.59611      2.51011     84.08599
     -0.10000     77.80046      2.26368     75.53678
     -0.09000     90.34901      2.63892     87.71009
     -0.08000     90.84537      2.65999     88.18538
     -0.07000     97.56365      2.86581     94.69784
     -0.06000    105.08522      3.09272    101.99250
     -0.05000    113.97617      3.36002    110.61615
     -0.04000    127.77467      3.76889    124.00578
     -0.03000    149.83284      4.41482    145.41802
     -0.02000    193.44902      5.67468    187.77434
     -0.01000    250.31335      7.28981    243.02354
      0.00000    223.46457      6.46823    216.99634
      0.01000     98.17970      2.83057     95.34913
      0.02000     18.07438      0.51975     17.55462
      0.03000      1.30620      0.03750      1.26871
      0.04000      0.03602      0.00103      0.03499
      0.05000      0.00000      0.00000      0.00000
      0.06000      0.00000      0.00000      0.00000
      0.07000      0.00000      0.00000      0.00000
      0.08000      0.00000      0.00000      0.00000
      0.09000      0.00000      0.00000      0.00000
      0.10000      0.00000      0.00000      0.00000
      0.11000      0.00000      0.00000      0.00000
      0.12000      0.00000      0.00000      0.00000
      0.13000      0.00000      0.00000      0.00000
      0.14000      0.00000      0.00000      0.00000
      0.15000      0.00000      0.00000      0.00000
      0.16000      0.00000      0.00000      0.00000
      0.17000      0.00000      0.00000      0.00000
      0.18000      0.00000      0.00000      0.00000
      0.19000      0.00000      0.00000      0.00000
      0.20000      0.00000      0.00000      0.00000
      0.21000      0.00000      0.00000      0.00000
      0.22000      0.00000      0.00000      0.00000
      0.23000      0.00000      0.00000      0.00000
      0.24000      0.00000      0.00000      0.00000
      0.25000      0.00000      0.00000      0.00000
      0.26000      0.00000      0.00000      0.00000
      0.27000      0.00000      0.00000      0.00000
      0.28000      0.00000      0.00000      0.00000
      0.29000      0.00000      0.00000      0.00000
      0.30000      0.00000      0.00000      0.00000
      0.31000      0.00000      0.00000      0.00000
      0.32000      0.00000      0.00000      0.00000
      0.33000      0.00000      0.00000      0.00000
      0.34000      0.00000      0.00000      0.00000
      0.35000      0.00000      0.00000      0.00000
      0.36000      0.00000      0.00000      0.00000
      0.37000      0.00000      0.00000      0.00000
      0.38000      0.00000      0.00000      0.00000
      0.39000      0.00000      0.00000      0.00000
      0.40000      0.00000      0.00000      0.00000
      0.41000      0.00000      0.00000      0.00000
      0.42000      0.00000      0.00000      0.00000
      0.43000      0.00000      0.00000      0.00000
      0.44000      0.00000      0.00000      0.00000
      0.45000      0.00000      0.00000      0.00000
      0.46000      0.00000      0.00000      0.00000
      0.47000      0.00000      0.00000      0.00000
      0.48000      0.00000      0.00000      0.00000
      0.49000      0.00000      0.00000      0.00000
      0.50000      0.00000      0.00000      0.00000
      0.51000      0.00000      0.00000      0.00000
      0.52000      0.00000      0.00000      0.00000
      0.53000      0.00000      0.00000      0.00000
      0.54000      0.00000      0.00000      0.00000
      0.55000      0.00000      0.00000      0.00000
      0.56000      0.00000      0.00000      0.00000
      0.57000      0.00000      0.00000      0.00000
      0.58000      0.00000      0.00000      0.00000
      0.59000      0.00000      0.00000      0.00000
      0.60000      0.00000      0.00000      0.00000
      0.61000      0.00000      0.00000      0.00000
      0.62000      0.00000      0.00000      0.00000
      0.63000      0.00000      0.00000      0.00000
      0.64000      0.00000      0.00000      0.00000
      0.65000      0.00000      0.00000      0.00000
      0.66000      0.00000      0.00000      0.00000
      0.67000      0.00000      0.00000      0.00000
      0.68000      0.00000      0.00000      0.00000
      0.69000      0.00000      0.00000      0.00000
      0.70000      0.00000      0.00000      0.00000
      0.71000      0.00000      0.00000      0.00000
      0.72000      0.00000      0.00000      0.00000
      0.73000      0.00000      0.00000      0.00000
      0.74000      0.00000      0.00000      0.00000
      0.75000      0.00000      0.00000      0.00000
      0.76000      0.00000      0.00000      0.00000
      0.77000      0.00000      0.00000      0.00000
      0.78000      0.00000      0.00000      0.00000
      0.79000      0.00000      0.00000      0.00000
      0.80000      0.00000      0.00000      0.00000
      0.81000      0.00000      0.00000      0.00000
      0.82000      0.00000      0.00000      0.00000
      0.83000      0.00000      0.00000      0.00000
      0.84000      0.00000      0.00000      0.00000
      0.85000      0.00000      0.00000      0.00000
      0.86000      0.00000      0.00000      0.00000
      0.87000      0.00000      0.00000      0.00000
      0.88000      0.00000      0.00000      0.00000
      0.89000      0.00000      0.00000      0.00000
      0.90000      0.00000      0.00000      0.00000
      0.91000      0.00000      0.00000      0.00000
      0.92000      0.00000      0.00000      0.00000
      0.93000      0.00000      0.00000      0.00000
      0.94000      0.00000      0.00000      0.00000
      0.95000      0.00000      0.00000      0.00000
      0.96000      0.00000      0.00000      0.00000
      0.97000      0.00000      0.00000      0.00000
      0.98000      0.00000      0.00000      0.00000
      0.99000      0.00000      0.00000      0.00000
      1.00000      0.00000      0.00000      0.00000
      1.01000      0.00000      0.00000      0.00000
      1.02000      0.00000      0.00000      0.00000
      1.03000      0.00000      0.00000      0.00000
      1.04000      0.00000      0.00000      0.00000
      1.05000      0.00000      0.00000      0.00000
      1.06000      0.00000      0.00000      0.00000
      1.07000      0.00000      0.00000      0.00000
      1.08000      0.00000      0.00000      0.00000
      1.09000      0.00000      0.00000      0.00000
      1.10000      0.00000      0.00000      0.00000
      1.11000      0.00000      0.00000      0.00000
      1.12000      0.00000      0.00000      0.00000
      1.13000      0.00000      0.00000      0.00000
      1.14000      0.00000      0.00000      0.00000
      1.15000      0.00000      0.00000      0.00000
      1.16000      0.00000      0.00000      0.00000
      1.17000      0.00000      0.00000      0.00000
      1.18000      0.00000      0.00000      0.00000
      1.19000      0.00000      0.00000      0.00000
      1.20000      0.00000      0.00000      0.00000
      1.21000      0.00000      0.00000      0.00000
      1.22000      0.00000      0.00000      0.00000
      1.23000      0.00000      0.00000      0.00000
      1.24000      0.00000      0.00000      0.00000
      1.25000      0.00000      0.00000      0.00000
      1.26000      0.00000      0.00000      0.00000
      1.27000      0.00000      0.00000      0.00000
      1.28000      0.00000      0.00000      0.00000
      1.29000      0.00000      0.00000      0.00000
      1.30000      0.00000      0.00000      0.00000
      1.31000      0.00000      0.00000      0.00000
      1.32000      0.00000      0.00000      0.00000
      1.33000      0.00000      0.00000      0.00000
      1.34000      0.00000      0.00000      0.00000
      1.35000      0.00000      0.00000      0.00000
      1.36000      0.00000      0.00000      0.00000
      1.37000      0.00000      0.00000      0.00000
      1.38000      0.00000      0.00000      0.00000
      1.39000      0.00000      0.00000      0.00000
      1.40000      0.00000      0.00000      0.00000
      1.41000      0.00000      0.00000      0.00000
      1.42000      0.00000      0.00000      0.00000
      1.43000      0.00000      0.00000      0.00000
      1.44000      0.00000      0.00000      0.00000
      1.45000      0.00000      0.00000      0.00000
      1.46000      0.00000      0.00000      0.00000
      1.47000      0.00000      0.00000      0.00000
      1.48000      0.00000      0.00000      0.00000
      1.49000      0.00000      0.00000      0.00000
      1.50000      0.00000      0.00000      0.00000
      1.51000      0.00000      0.00000      0.00000
      1.52000      0.00038      0.00000      0.00038
      1.53000      0.03620      0.00039      0.03580
      1.54000      1.22574      0.01330      1.21243
      1.55000     15.99671      0.17425     15.82246
      1.56000     83.75945      0.91862     82.84083
      1.57000    190.89743      2.12270    188.77473
      1.58000    226.11507      2.58656    223.52851
      1.59000    191.00858      2.29391    188.71467
      1.60000    156.52704      1.99354    154.53350
      1.61000    135.63812      1.82751    133.81061
      1.62000    122.81791      1.74418    121.07373
      1.63000    112.25226      1.67572    110.57654
      1.64000    106.61754      1.66723    104.95031
      1.65000     98.04305      1.60473     96.43832
      1.66000     97.44660      1.66397     95.78263
      1.67000     87.70628      1.55788     86.14840
      1.68000     90.98096      1.68802     89.29295
      1.69000     82.34313      1.57236     80.77077
      1.70000     81.42226      1.63159     79.79067
      1.71000     84.51150      1.73324     82.77826
      1.72000     69.89640      1.49064     68.40576
      1.73000     83.34087      1.84319     81.49768
      1.74000     72.64712      1.63380     71.01332
      1.75000     66.35196      1.56533     64.78663
      1.76000     83.86714      2.01596     81.85118
      1.77000     73.26499      1.72729     71.53770
      1.78000    120.53983      2.67003    117.86980
      1.79000    205.07671      4.33414    200.74257
      1.80000    200.87945      4.08871    196.79074
      1.81000    186.61189      3.98668    182.62521
      1.82000    182.28183      4.11125    178.17058
      1.83000    137.27352      3.05773    134.21579
      1.84000    146.00630      3.35805    142.64826
      1.85000    146.98604      3.66646    143.31958
      1.86000    117.53770      2.83902    114.69868
      1.87000    131.75198      3.13708    128.61491
      1.88000    131.97405      3.56588    128.40817
      1.89000    102.58544      2.77005     99.81539
      1.90000    118.16312      2.88583    115.27729
      1.91000    138.36022      3.78477    134.57545
      1.92000     97.92026      2.97753     94.94274
      1.93000     79.98833      2.19308     77.79526
      1.94000    137.58832      3.72480    133.86352
      1.95000    137.77942      4.08156    133.69786
      1.96000     65.90105      2.11604     63.78500
      1.97000     69.82364      2.20833     67.61531
      1.98000    147.36044      4.45304    142.90740
      1.99000    134.12821      3.92488    130.20333
      2.00000     60.94924      1.92482     59.02443
      2.01000     70.64124      2.72491     67.91633
      2.02000    117.00498      4.08095    112.92402
      2.03000    121.55963      3.45014    118.10949
      2.04000     96.94692      2.89951     94.04741
      2.05000     91.64434      3.66985     87.97450
      2.06000     73.78687      3.09419     70.69268
      2.07000     67.62417      2.21041     65.41376
      2.08000    128.56613      4.05915    124.50698
      2.09000    141.29449      5.05675    136.23774
      2.10000     68.06161      2.73319     65.32842
      2.11000     35.34994      1.60201     33.74793
      2.12000     85.87694      3.69002     82.18692
      2.13000    139.35068      5.13404    134.21664
      2.14000    112.27115      3.50346    108.76769
      2.15000     69.94991      2.65247     67.29744
      2.16000     81.04439      4.05290     76.99149
      2.17000     70.48306      3.50855     66.97451
      2.18000     62.21299      2.30839     59.90460
      2.19000    122.70560      4.30444    118.40116
      2.20000    143.74516      5.82423    137.92092
      2.21000     73.29126      3.37597     69.91529
      2.22000     30.16409      1.60492     28.55917
      2.23000     64.03054      3.46084     60.56969
      2.24000    114.45745      5.36198    109.09547
      2.25000    119.72502      4.28145    115.44357
      2.26000     90.69421      3.20432     87.48989
      2.27000     84.94294      4.44697     80.49597
      2.28000     76.07944      4.48646     71.59298
      2.29000     38.81630      2.18840     36.62790
      2.30000     63.59211      2.86998     60.72212
      2.31000    146.98076      6.42271    140.55805
      2.32000    134.52415      5.83981    128.68435
      2.33000     52.23261      2.40278     49.82983
      2.34000     44.70423      2.77409     41.93014
      2.35000     80.20394      5.13326     75.07068
      2.36000     74.72372      4.21353     70.51019
      2.37000     84.79185      3.21807     81.57378
      2.38000    127.58595      5.30483    122.28111
      2.39000    118.15538      6.32603    111.82935
      2.40000     57.14218      3.54305     53.59913
      2.41000     26.72053      1.78372     24.93680
      2.42000     62.84177      4.08991     58.75186
      2.43000    111.90421      6.28837    105.61584
      2.44000    118.19685      4.92717    113.26968
      2.45000     91.25166      3.61002     87.64163
      2.46000     84.35964      5.04674     79.31291
      2.47000     77.73688      5.34009     72.39679
      2.48000     36.91468      2.54529     34.36940
      2.49000     41.41297      2.47442     38.93855
      2.50000    118.12993      6.29892    111.83101
      2.51000    150.50022      7.19078    143.30944
      2.52000     80.27486      3.54209     76.73276
      2.53000     46.62849      2.81131     43.81718
      2.54000     76.10365      5.33825     70.76540
      2.55000     66.62852      4.65192     61.97660
      2.56000     41.75115      2.34317     39.40798
      2.57000     95.82089      4.41365     91.40724
      2.58000    156.92734      7.72136    149.20598
      2.59000    100.84053      5.35079     95.48974
      2.60000     33.47823      1.99759     31.48064
      2.61000     46.82668      3.16639     43.66029
      2.62000     81.66413      5.47222     76.19191
      2.63000     76.56559      4.15635     72.40925
      2.64000    129.69905      3.70486    125.99419
      2.65000    247.97601      6.26887    241.70715
      2.66000    265.11525      6.82448    258.29077
      2.67000    193.74789      4.28115    189.46674
      2.68000    133.24932      2.44910    130.80021
      2.69000    139.88667      3.84392    136.04275
      2.70000    180.38437      5.85049    174.53388
      2.71000    163.04606      5.12440    157.92166
      2.72000    169.18117      4.86416    164.31701
      2.73000    180.92992      5.65522    175.27470
      2.74000    133.01803      5.02781    127.99022
      2.75000     78.55231      2.95432     75.59799
      2.76000     98.37121      3.09375     95.27746
      2.77000    137.90003      4.87944    133.02059
      2.78000    152.03133      5.84009    146.19125
      2.79000    148.94626      5.33952    143.60674
      2.80000    140.25299      4.84402    135.40897
      2.81000    131.40409      5.00384    126.40026
      2.82000    106.02966      4.53321    101.49646
      2.83000     65.22210      2.83516     62.38695
      2.84000     92.27249      4.17830     88.09419
      2.85000    243.49266     13.78188    229.71079
      2.86000    457.68791     30.31651    427.37139
      2.87000    496.57927     36.37899    460.20028
      2.88000    384.92375     29.82508    355.09866
      2.89000    345.95458     25.30129    320.65329
      2.90000    344.23126     23.95814    320.27312
      2.91000    302.56513     21.64033    280.92480
      2.92000    250.26327     18.20729    232.05598
      2.93000    271.12216     17.67671    253.44545
      2.94000    323.06564     19.27477    303.79087
      2.95000    312.17332     19.47335    292.69997
      2.96000    237.84895     16.56112    221.28783
      2.97000    164.48657     12.65437    151.83220
      2.98000    156.53752     11.69348    144.84404
      2.99000    233.74388     14.79970    218.94418
      3.00000    324.86900     18.88014    305.98886
      3.01000    289.57349     17.11123    272.46226
      3.02000    179.96712     11.93767    168.02945
      3.03000    137.69718     10.17177    127.52541
      3.04000    190.09313     12.75328    177.33984
      3.05000    262.43322     16.08004    246.35317
      3.06000    215.76071     13.36801    202.39270
      3.07000    163.68488     10.62988    153.05500
      3.08000    188.75852     11.48196    177.27656
      3.09000    227.81822     14.10034    213.71788
      3.10000    241.39628     14.95509    226.44119
      3.11000    221.09910     13.18321    207.91589
      3.12000    147.28158      9.26936    138.01223
      3.13000    118.87054      8.47664    110.39390
      3.14000    159.34641     10.84041    148.50600
      3.15000    244.63314     14.91260    229.72053
      3.16000    272.25040     15.27847    256.97193
      3.17000    209.70945     11.84863    197.86081
      3.18000    139.79556      8.98020    130.81536
      3.19000    124.47829      8.38252    116.09578
      3.20000    173.51414     11.32458    162.18955
      3.21000    182.21102     11.56445    170.64657
      3.22000    212.47828     12.84207    199.63621
      3.23000    224.43962     12.82234    211.61728
      3.24000    166.63890      9.50291    157.13599
      3.25000    156.02979      9.35464    146.67514
      3.26000    182.07199     10.69376    171.37823
      3.27000    205.04694     12.82771    192.21923
      3.28000    167.42392     11.10707    156.31685
      3.29000    118.91763      7.71000    111.20763
      3.30000    153.79827      8.88192    144.91635
      3.31000    200.50737     10.72797    189.77940
      3.32000    257.94808     14.44440    243.50368
      3.33000    231.52130     13.71315    217.80815
      3.34000    129.46790      8.11155    121.35635
      3.35000     96.02622      6.29593     89.73029
      3.36000     93.91182      6.07465     87.83718
      3.37000    179.20435     10.82126    168.38309
      3.38000    285.72059     15.77096    269.94963
      3.39000    255.61212     13.04190    242.57022
      3.40000    161.46312      8.55622    152.90690
      3.41000     96.70248      5.57134     91.13114
      3.42000    120.49144      7.10573    113.38571
      3.43000    167.53568     10.09679    157.43889
      3.44000    173.61417     10.03466    163.57952
      3.45000    233.13792     12.19443    220.94348
      3.46000    212.42526     10.71253    201.71273
      3.47000    122.26440      7.03208    115.23232
      3.48000    140.02048      9.47956    130.54092
      3.49000    174.69123     11.34833    163.34290
      3.50000    178.34643     11.18174    167.16469
      3.51000    172.75302     10.94589    161.80712
      3.52000    146.53717      9.16977    137.36740
      3.53000    164.46045      9.85884    154.60161
      3.54000    175.72038     10.12103    165.59936
      3.55000    203.33900     11.34225    191.99675
      3.56000    232.85922     13.54961    219.30961
      3.57000    182.76113     11.17328    171.58785
      3.58000    122.54027      7.25289    115.28738
      3.59000     87.27696      4.88542     82.39153
      3.60000    132.17751      7.46775    124.70977
      3.61000    230.49550     13.48318    217.01232
      3.62000    282.15453     16.20068    265.95384
      3.63000    229.21116     12.24056    216.97060
      3.64000    128.53676      6.45685    122.07991
      3.65000    101.66200      5.11080     96.55120
      3.66000    117.78729      6.47840    111.30889
      3.67000    177.02849     10.36629    166.66220
      3.68000    226.56062     12.89041    213.67021
      3.69000    249.41404     13.33950    236.07454
      3.70000    215.50315     10.94004    204.56311
      3.71000    137.93774      6.58098    131.35676
      3.72000    136.76365      6.50423    130.25942
      3.73000    170.53427      8.54078    161.99349
      3.74000    180.52430      9.02471    171.49959
      3.75000    198.61112     10.33005    188.28107
      3.76000    245.04155     13.06742    231.97414
      3.77000    209.97716     10.58030    199.39686
      3.78000    149.21081      6.40812    142.80269
      3.79000    154.43313      6.16502    148.26811
      3.80000    223.36372      9.78556    213.57816
      3.81000    249.25069     11.86548    237.38521
      3.82000    201.97039      9.25452    192.71587
      3.83000    177.76907      7.32980    170.43926
      3.84000    206.35808      8.67145    197.68663
      3.85000    212.16556      8.75896    203.40660
      3.86000    237.52990      9.88709    227.64281
      3.87000    282.98040     11.49567    271.48473
      3.88000    265.82209      9.24196    256.58014
      3.89000    213.82210      5.82501    207.99709
      3.90000    219.16152      5.62528    213.53624
      3.91000    318.68475     10.21458    308.47017
      3.92000    431.05021     14.19978    416.85043
      3.93000    465.33925     11.85496    453.48430
      3.94000    438.01450      9.33793    428.67658
      3.95000    270.01504      6.56157    263.45347
      3.96000     99.04753      2.90170     96.14583
      3.97000     76.92621      2.34002     74.58619
      3.98000    101.27073      3.79086     97.47987
      3.99000    102.85346      5.55370     97.29976
      4.00000     77.41398      4.98182     72.43216
      4.01000     37.65541      3.04372     34.61169
      4.02000     52.30779      6.59949     45.70830
      4.03000     93.25148     21.02729     72.22419
      4.04000    131.45818     73.44298     58.01520
      4.05000    219.46521    147.63191     71.83331
      4.06000    257.61333    121.82563    135.78770
      4.07000    222.98571     47.91464    175.07107
      4.08000    150.54222     17.31987    133.22235
      4.09000     55.54941      5.90574     49.64367
      4.10000     11.45042      2.75369      8.69673
      4.11000     37.51558     24.77456     12.74103
      4.12000    207.80297    136.56862     71.23435
      4.13000    504.00683    325.54056    178.46628
      4.14000    622.24456    400.90346    221.34110
      4.15000    556.84947    392.29372    164.55575
      4.16000    588.07516    488.16567     99.90950
      4.17000    687.90776    596.22858     91.67918
      4.18000    683.67582    562.74010    120.93572
      4.19000    600.18242    474.66691    125.51551
      4.20000    519.77805    409.27860    110.49946
      4.21000    513.79116    369.92026    143.87090
      4.22000    506.46227    342.03287    164.42940
      4.23000    441.53551    316.46417    125.07133
      4.24000    399.24439    296.54185    102.70254
      4.25000    390.82702    281.95289    108.87413
      4.26000    357.88407    267.75763     90.12644
      4.27000    354.51003    257.61629     96.89373
      4.28000    353.22914    248.76841    104.46073
      4.29000    336.48600    238.79048     97.69552
      4.30000    337.19676    231.22686    105.96990
      4.31000    321.47592    223.37123     98.10469
      4.32000    348.19660    218.65896    129.53764
      4.33000    376.26502    216.92583    159.33919
      4.34000    310.98776    206.81362    104.17414
      4.35000    242.41140    197.82896     44.58244
      4.36000    234.64902    191.18352     43.46551
      4.37000    286.58364    193.75753     92.82611
      4.38000    329.76193    191.56099    138.20094
      4.39000    330.82822    191.35041    139.47781
      4.40000    305.27887    181.02144    124.25744
      4.41000    275.01098    177.56398     97.44701
      4.42000    220.10252    169.60454     50.49798
      4.43000    211.93016    166.66268     45.26748
      4.44000    283.57557    174.34660    109.22897
      4.45000    326.58033    168.02135    158.55898
      4.46000    287.74838    173.40979    114.33859
      4.47000    235.95273    152.58610     83.36663
      4.48000    258.06510    165.49855     92.56655
      4.49000    211.29361    150.60133     60.69229
      4.50000    197.20259    148.83965     48.36294
      4.51000    255.87187    159.40160     96.47027
      4.52000    290.40114    145.26349    145.13764
      4.53000    323.56198    164.64268    158.91931
      4.54000    273.60794    147.78646    125.82148
      4.55000    203.35173    140.08747     63.26426
      4.56000    172.91247    147.46068     25.45179
      4.57000    145.28979    126.17274     19.11705
      4.58000    200.50326    142.19847     58.30479
      4.59000    313.38966    149.40578    163.98387
      4.60000    358.55135    140.11811    218.43324
      4.61000    279.66183    148.08739    131.57445
      4.62000    172.10803    130.08307     42.02496
      4.63000    144.41709    121.87898     22.53811
      4.64000    188.64183    137.61149     51.03034
      4.65000    216.23885    130.07207     86.16678
      4.66000    214.90429    127.21099     87.69330
      4.67000    263.91242    138.11503    125.79739
      4.68000    292.32228    131.50057    160.82172
      4.69000    224.00618    124.79775     99.20842
      4.70000    194.28438    128.06639     66.21799
      4.71000    210.23556    124.86735     85.36821
      4.72000    185.77907    120.51389     65.26518
      4.73000    169.27264    120.89396     48.37869
      4.74000    223.51982    124.86799     98.65183
      4.75000    273.13785    127.36643    145.77142
      4.76000    225.47530    121.06719    104.40810
      4.77000    174.77497    118.09279     56.68218
      4.78000    198.45832    119.43243     79.02589
      4.79000    227.51372    115.70847    111.80525
      4.80000    230.92993    119.24677    111.68316
      4.81000    208.32970    123.32353     85.00618
      4.82000    187.55938    112.84359     74.71580
      4.83000    196.02406    109.71475     86.30931
      4.84000    190.05529    120.95592     69.09937
      4.85000    197.41185    117.41088     80.00097
      4.86000    223.61043    105.34904    118.26139
      4.87000    236.39299    116.73330    119.65968
      4.88000    196.11962    120.90383     75.21580
      4.89000    153.90692     99.57952     54.32740
      4.90000    211.14916    104.77940    106.36976
      4.91000    274.03178    131.86652    142.16526
      4.92000    205.86253    115.89743     89.96510
      4.93000    125.85410     86.57058     39.28352
      4.94000    166.50742    107.48334     59.02407
      4.95000    214.61771    125.74958     88.86813
      4.96000    178.30904     97.70753     80.60151
      4.97000    213.96313     93.34381    120.61932
      4.98000    284.77971    129.81405    154.96566
      4.99000    218.46175    122.19497     96.26678
      5.00000    154.52392     83.91729     70.60663
      5.01000    176.59649     95.02581     81.57069
      5.02000    176.98319    125.44717     51.53602
      5.03000    127.19364    103.44808     23.74556
      5.04000    124.84124     73.06047     51.78078
      5.05000    267.39717    110.73692    156.66026
      5.06000    360.92450    145.45018    215.47432
      5.07000    227.43243    103.19014    124.24229
      5.08000     99.66656     66.57933     33.08723
      5.09000    119.23996    102.10632     17.13363
      5.10000    166.53681    126.72286     39.81394
      5.11000    178.31356     91.89646     86.41710
      5.12000    197.45277     75.92033    121.53244
      5.13000    249.38577    119.15172    130.23405
      5.14000    253.52231    132.71343    120.80888
      5.15000    171.29484     83.30261     87.99222
      5.16000    141.56956     67.27598     74.29358
      5.17000    200.92908    116.39407     84.53501
      5.18000    187.02250    128.23563     58.78686
      5.19000    143.39648     80.31063     63.08584
      5.20000    199.46594     70.74800    128.71794
      5.21000    254.49791    118.97671    135.52120
      5.22000    200.35468    129.43072     70.92396
      5.23000    137.76640     79.51357     58.25283
      5.24000    158.02161     61.27228     96.74933
      5.25000    228.53665    110.02427    118.51238
      5.26000    247.10527    135.16095    111.94432
      5.27000    187.27831     90.31123     96.96707
      5.28000    134.46163     58.31090     76.15073
      5.29000    133.03659     94.04979     38.98680
      5.30000    155.00673    127.10010     27.90663
      5.31000    149.26627     97.01012     52.25615
      5.32000    141.88481     63.67859     78.20622
      5.33000    185.61400     94.92319     90.69081
      5.34000    278.37400    142.49731    135.87669
      5.35000    284.20199    123.21138    160.99061
      5.36000    198.71990     72.20783    126.51208
      5.37000    144.75406     77.57408     67.17998
      5.38000    143.73214    115.59628     28.13587
      5.39000    137.94555    110.54421     27.40135
      5.40000    135.77881     71.72969     64.04912
      5.41000    200.76553     78.21285    122.55268
      5.42000    295.08955    126.07546    169.01409
      5.43000    270.18464    131.62073    138.56391
      5.44000    162.75062     87.19720     75.55342
      5.45000    143.72311     69.24650     74.47661
      5.46000    162.37302     97.98533     64.38768
      5.47000    142.07014    110.02787     32.04228
      5.48000    136.31998     94.32882     41.99115
      5.49000    199.81176     82.71248    117.09929
      5.50000    285.53609    109.13487    176.40122
      5.51000    257.72546    118.10415    139.62131
      5.52000    175.86932    104.82800     71.04131
      5.53000    138.33557     88.49481     49.84076
      5.54000    169.86536     95.31177     74.55359
      5.55000    164.57295     93.63432     70.93864
      5.56000    167.40132     94.84958     72.55175
      5.57000    221.39579    116.71193    104.68387
      5.58000    241.66440    121.05959    120.60481
      5.59000    216.85267     95.60292    121.24975
      5.60000    180.23825     85.91106     94.32719
      5.61000    192.17809    131.62000     60.55809
      5.62000    209.99061    137.05996     72.93065
      5.63000    189.14869     85.43839    103.71029
      5.64000    194.77317     90.36562    104.40755
      5.65000    226.61469    149.14263     77.47205
      5.66000    219.51966    141.96653     77.55313
      5.67000    224.17642    113.69823    110.47819
      5.68000    220.43949    115.27244    105.16705
      5.69000    186.32894    117.06935     69.25959
      5.70000    247.17285    154.08509     93.08776
      5.71000    283.20500    143.06815    140.13685
      5.72000    184.24957     83.91909    100.33048
      5.73000    171.77365    109.45097     62.32269
      5.74000    240.13799    162.18808     77.94991
      5.75000    194.33004    122.22519     72.10485
      5.76000    187.34726    102.38078     84.96648
      5.77000    276.26949    138.87503    137.39447
      5.78000    338.30256    172.68212    165.62044
      5.79000    284.83052    167.93225    116.89827
      5.80000    202.30215    140.47222     61.82993
      5.81000    223.16127    151.51785     71.64343
      5.82000    213.94864    135.90535     78.04329
      5.83000    164.75421     87.82455     76.92966
      5.84000    200.55395     91.81338    108.74058
      5.85000    263.82921    111.79600    152.03321
      5.86000    226.19412     82.18821    144.00591
      5.87000    146.36096     54.13578     92.22517
      5.88000    148.15315     92.84076     55.31239
      5.89000    371.79084    306.99599     64.79484
      5.90000    776.28476    672.13019    104.15457
      5.91000   1016.19637    882.82145    133.37492
      5.92000    950.44272    807.71787    142.72485
      5.93000    819.64044    675.55639    144.08405
      5.94000    748.92332    606.38404    142.53928
      5.95000    748.42621    603.25238    145.17383
      5.96000    815.40225    647.48875    167.91350
      5.97000    730.58976    570.39267    160.19709
      5.98000    445.83873    336.85165    108.98708
      5.99000    242.78143    180.41824     62.36319
      6.00000    165.37325    129.80354     35.56971
      6.01000    176.19289    132.87749     43.31540
      6.02000    203.58895    132.82010     70.76885
      6.03000    181.95592    121.06820     60.88772
      6.04000    141.07221    115.38981     25.68240
      6.05000    117.70727    107.47606     10.23121
      6.06000    102.32468     94.92605      7.39863
      6.07000    107.46609     98.87293      8.59316
      6.08000    115.00405    101.71939     13.28466
      6.09000    123.56479     93.87880     29.68598
      6.10000    163.99202     93.44740     70.54462
      6.11000    220.86155    120.55527    100.30628
      6.12000    177.10843    103.05343     74.05500
      6.13000    107.09116     71.09708     35.99408
      6.14000    124.29251     94.45981     29.83270
      6.15000    146.66048    113.55573     33.10475
      6.16000    162.13668    126.16664     35.97004
      6.17000    292.01360    214.72434     77.28926
      6.18000    456.31425    317.85066    138.46359
      6.19000    398.40283    263.36205    135.04078
      6.20000    255.13527    169.02391     86.11135
      6.21000    199.53794    152.05191     47.48603
      6.22000    197.84295    155.33882     42.50413
      6.23000    234.14067    187.43809     46.70257
      6.24000    239.88973    197.30748     42.58224
      6.25000    221.15240    174.52697     46.62543
      6.26000    254.77729    199.28211     55.49518
      6.27000    273.46625    198.58577     74.88048
      6.28000    235.46962    151.11882     84.35080
      6.29000    217.91057    153.84350     64.06707
      6.30000    247.56262    184.93563     62.62699
      6.31000    200.87008    146.41678     54.45330
      6.32000    160.68902    128.03863     32.65040
      6.33000    185.65823    155.60835     30.04988
      6.34000    199.44606    164.12051     35.32554
      6.35000    187.34347    135.06279     52.28068
      6.36000    210.08072    124.27637     85.80435
      6.37000    233.36425    140.99066     92.37360
      6.38000    255.77723    175.60803     80.16920
      6.39000    231.15383    173.82330     57.33053
      6.40000    118.90103     95.96336     22.93767
      6.41000     84.43489     73.29212     11.14277
      6.42000    169.24916    144.95318     24.29598
      6.43000    254.00521    195.57421     58.43100
      6.44000    269.33451    161.69088    107.64362
      6.45000    224.11828    102.89334    121.22494
      6.46000    303.77947    149.41494    154.36453
      6.47000    546.49640    283.54692    262.94948
      6.48000    645.62330    338.92207    306.70123
      6.49000    573.61436    300.09608    273.51828
      6.50000    447.56306    208.44282    239.12024
      6.51000    396.44463    158.35916    238.08547
      6.52000    472.88612    215.20082    257.68553
      6.53000    552.17764    293.18557    259.01087
      6.54000    474.57585    250.72682    224.36729
      6.55000    381.53541    197.19208    189.90094
      6.56000    552.53401    368.95130    207.61846
      6.57000    836.81948    643.77121    238.37067
      6.58000    920.51341    708.46956    259.30060
      6.59000    935.89997    732.71998    255.40908
      6.60000   1085.53728    890.92463    269.91496
      6.61000   1177.14432    940.69144    321.72031
      6.62000   1108.00481    795.77968    386.60683
      6.63000   1019.17078    685.95997    393.88504
      6.64000    925.47187    696.26447    278.73237
      6.65000    812.90204    693.01381    162.90644
      6.66000    637.00099    582.42821     96.44310
      6.67000    480.29876    475.84614     46.33613
      6.68000    478.31636    482.12266     36.25157
      6.69000    511.73296    504.70002     43.61446
      6.70000    532.42193    514.01242     51.51448
      6.71000    552.98698    504.93015     77.83645
      6.72000    530.13040    466.65330     94.23937
      6.73000    459.95346    410.43892     81.57252
      6.74000    415.34724    378.22415     67.79010
      6.75000    449.25385    426.55446     52.12205
      6.76000    486.12336    470.32834     42.42403
      6.77000    466.97717    439.86977     52.90083
      6.78000    421.14365    374.92438     73.45286
      6.79000    388.66989    348.42942     67.73879
      6.80000    388.29279    353.54646     60.48433
      6.81000    452.23556    407.33052     70.45397
      6.82000    447.21640    410.73469     59.95901
      6.83000    427.56015    384.63595     65.76687
      6.84000    420.59045    359.87223     84.52136
      6.85000    381.79465    331.52356     74.50459
      6.86000    360.37820    327.46349     56.23306
      6.87000    351.16986    333.39695     38.09996
      6.88000    409.51895    396.21538     34.49884
      6.89000    398.33549    370.71972     48.14042
      6.90000    394.58396    319.42004     96.16729
      6.91000    432.02699    325.71234    127.89872
      6.92000    377.08328    321.49405     76.28590
      6.93000    335.83718    322.27484     29.14207
      6.94000    343.64480    332.42887     20.50272
      6.95000    395.02410    359.64966     46.76632
      6.96000    417.97574    351.89223     84.02186
      6.97000    357.53246    298.57708     79.12182
      6.98000    284.30582    242.98976     59.24395
      6.99000    340.18391    301.25830     58.55117
      7.00000    486.76796    415.47317     91.66114
      7.01000    466.81655    366.67540    115.38912
      7.02000    321.43768    268.32058     70.30410
      7.03000    303.98493    281.49913     42.78898
      7.04000    359.54763    311.44689     64.62758
      7.05000    385.15001    321.07825     79.10129
      7.06000    403.34295    337.62284     77.35282
      7.07000    463.74168    366.46236    107.43933
      7.08000    556.60488    413.44321    161.67100
      7.09000    501.98127    374.92578    147.19944
      7.10000    261.45604    208.40821     65.62017
      7.11000    207.95242    207.00410     17.57154
      7.12000    316.33705    322.69301     15.82413
      7.13000    289.43612    280.61135     22.44908
      7.14000    218.91521    208.03454     22.28845
      7.15000    233.50068    225.92927     27.64802
      7.16000    236.10246    204.13013     49.12238
      7.17000    234.72294    197.01538     45.81793
      7.18000    297.87283    277.80822     26.12648
      7.19000    323.49300    306.08510     22.62285
      7.20000    221.08739    213.04044     13.99570
      7.21000    163.59712    173.46186      4.81279
      7.22000    199.96651    211.05563      9.76962
      7.23000    205.78948    191.97930     25.89057
      7.24000    270.72512    238.20414     41.19685
      7.25000    372.98355    333.78694     58.23329
      7.26000    296.24480    263.21175     53.62603
      7.27000    129.29859    114.99678     24.15169
      7.28000    148.74266    144.66377     14.88975
      7.29000    300.99739    300.46155     21.56056
      7.30000    321.95085    318.34158     20.82318
      7.31000    198.49693    193.45492     13.01144
      7.32000    173.95643    169.43905     17.13142
      7.33000    294.66852    263.31410     50.21136
      7.34000    356.85430    300.18381     68.37231
      7.35000    272.02473    239.33042     37.22337
      7.36000    152.34241    147.91484      8.25446
      7.37000    140.69460    146.20790      0.97963
      7.38000    208.16667    215.45542      2.63724
      7.39000    271.58070    270.42866     11.75271
      7.40000    245.75025    224.87984     27.71824
      7.41000    163.31705    114.70582     51.10441
      7.42000    123.27506     57.88799     65.82470
      7.43000    149.30414     79.41760     69.92480
      7.44000    204.13359    129.82842     74.49782
      7.45000    245.11256    197.06016     50.17842
      7.46000    324.72637    310.68760     23.10323
      7.47000    314.64355    318.76515     10.82432
      7.48000    187.31491    172.91058     24.07839
      7.49000    149.39376    100.85210     52.89228
      7.50000    268.43084    225.15750     53.86438
      7.51000    404.28385    384.84288     39.25220
      7.52000    283.02167    274.14554     22.99015
      7.53000     91.63237     89.73803      7.35091
      7.54000    100.52496     99.63307     10.43915
      7.55000    296.76125    268.32826     47.43954
      7.56000    480.86813    403.95792     93.62399
      7.57000    414.87336    331.11855     90.96030
      7.58000    288.69980    217.75530     77.72960
      7.59000    267.46581    213.64988     68.70276
      7.60000    243.45585    218.82416     42.15912
      7.61000    276.70661    243.69266     44.12002
      7.62000    367.38837    297.87024     75.22379
      7.63000    361.87849    289.61008     81.91562
      7.64000    265.85538    225.49295     55.42174
      7.65000    239.32260    192.95824     59.58433
      7.66000    297.80028    210.36182     95.31761
      7.67000    349.65857    257.88036     96.68537
      7.68000    405.99274    311.25740    103.26313
      7.69000    377.09563    283.02435    104.89167
      7.70000    290.97896    223.23472     76.46527
      7.71000    220.07880    174.07091     51.84202
      7.72000    228.85124    195.40893     37.23352
      7.73000    314.24644    278.00599     39.99344
      7.74000    279.54110    243.85955     38.87931
      7.75000    257.54058    206.72611     54.22327
      7.76000    309.76946    218.70005     95.21198
      7.77000    310.48792    220.68047     95.72182
      7.78000    332.99840    276.94320     63.49288
      7.79000    295.18180    256.28372     43.17043
      7.80000    201.45627    171.22490     31.81443
      7.81000    220.95667    171.55400     51.45384
      7.82000    279.66685    217.92823     67.08656
      7.83000    320.02830    275.07709     53.25490
      7.84000    354.44453    289.26929     70.37347
      7.85000    296.80161    216.61908     81.47458
      7.86000    208.54543    153.13741     56.13855
      7.87000    223.67778    167.68472     59.10327
      7.88000    325.57965    265.67855     65.71777
      7.89000    354.76894    308.27172     50.56457
      7.90000    264.60848    227.51667     38.17163
      7.91000    191.34735    159.81583     31.65787
      7.92000    219.85409    160.88557     59.19432
      7.93000    340.47888    237.22101    104.51658
      7.94000    376.88943    290.81601     88.72937
      7.95000    313.08069    257.86039     57.42113
      7.96000    263.01486    219.69093     44.37881
      7.97000    212.21251    183.84219     29.36643
      7.98000    217.42137    183.68235     37.35862
      7.99000    289.37620    227.44354     70.85888
      8.00000    307.63836    226.39505     90.43258
      8.01000    350.64273    258.98444     97.35285
      8.02000    376.21828    291.57875     88.26327
      8.03000    259.88948    211.11817     52.04791
      8.04000    215.60132    183.10322     40.88173
      8.05000    270.97034    215.31006     68.76994
      8.06000    299.35717    232.94713     77.52328
      8.07000    318.69607    252.55610     73.67227
      8.08000    326.80314    252.30916     78.13398
      8.09000    280.62451    219.42148     65.69855
      8.10000    294.21620    230.74769     74.34731
      8.11000    355.42677    269.32560     99.65480
      8.12000    362.68065    281.14781     92.05507
      8.13000    275.19555    221.71128     58.56471
      8.14000    277.38560    220.10795     58.81634
      8.15000    473.52816    363.67994    113.02782
      8.16000    892.71768    652.33615    248.52794
      8.17000   1355.67868    941.92762    421.65821
      8.18000   1401.70074    957.59651    446.92869
      8.19000   1193.69099    838.40003    355.66212
      8.20000   1059.36805    761.28727    298.09872
      8.21000   1064.12754    778.30894    285.81891
      8.22000   1262.21553    939.62450    322.59103
      8.23000   1430.11433   1053.89946    376.21487
      8.24000   1290.72285    928.66177    362.06189
      8.25000    905.50069    636.90063    268.64315
      8.26000    437.75902    301.32279    137.28210
      8.27000    179.26699    141.27874     44.09940
      8.28000    242.63862    217.29758     41.58728
      8.29000    312.76496    247.67677     80.98084
      8.30000    232.42341    159.16246     78.98207
      8.31000    139.86924    102.69315     37.95408
      8.32000    145.26090    120.26060     25.48584
      8.33000    254.77288    201.18489     57.25049
      8.34000    373.28089    288.57205     95.70500
      8.35000    371.27762    272.66913    110.75601
      8.36000    207.76554    135.93066     76.77170
      8.37000     88.44535     65.08041     24.11006
      8.38000     90.59315     85.46889      5.37245
      8.39000    117.02068    100.86344     18.40632
      8.40000    213.55375    151.79821     70.75978
      8.41000    301.69870    192.40969    123.14599
      8.42000    235.98887    154.89975     91.60043
      8.43000    135.14981    113.58588     28.73812
      8.44000     78.79278     71.42548     11.07866
      8.45000    101.90901     68.60951     35.07974
      8.46000    176.41048    105.83777     76.60590
      8.47000    212.24587    147.09315     79.61714
      8.48000    205.92011    171.92798     50.02041
      8.49000    185.88991    151.03684     44.64770
      8.50000    139.69677     94.20454     48.70926
      8.51000    150.32310     76.56593     74.51201
      8.52000    206.23587    103.39104    105.81952
      8.53000    238.59310    169.47238     80.63903
      8.54000    211.43087    201.28067     28.26062
      8.55000    124.55831    129.18405      7.27800
      8.56000     88.60296     61.79760     30.12367
      8.57000    229.99962    118.36401    112.04792
      8.58000    383.41606    220.52925    163.37394
      8.59000    323.02024    226.34752     99.86649
      8.60000    256.08550    221.48116     43.71049
      8.61000    232.10399    199.26083     43.59866
      8.62000    163.71579    106.10763     62.70155
      8.63000    168.24402     73.24426     95.95176
      8.64000    190.97157     96.45036     94.99213
      8.65000    174.77971    115.26429     63.24321
      8.66000    202.96383    176.43855     39.61114
      8.67000    257.54338    213.66383     61.43285
      8.68000    225.49029    133.50520    100.94142
      8.69000    150.15519     66.53014     85.36698
      8.70000    117.56456     71.58944     46.32906
      8.71000    128.71688     95.64445     34.53334
      8.72000    193.23609    140.23509     57.08053
      8.73000    235.10485    152.14382     91.04743
      8.74000    225.88476    146.01338     92.82617
      8.75000    192.95156    131.04187     71.99477
      8.76000    165.20182    111.21606     57.01642
      8.77000    173.99364    124.45017     49.88199
      8.78000    188.98378    120.73129     68.31899
      8.79000    178.47025     90.62146     88.72300
      8.80000    160.93326     98.50082     67.76683
      8.81000    163.19506    135.10362     40.06892
      8.82000    218.40704    163.18938     65.11119
      8.83000    287.91757    175.64601    115.27794
      8.84000    231.03393    130.03543    101.33530
      8.85000    110.15616     62.01085     48.19524
      8.86000     93.70240     58.97640     35.39262
      8.87000    221.77914    137.82058     88.48251
      8.88000    292.78080    186.67445    117.40439
      8.89000    198.08953    140.14747     68.32198
      8.90000    180.67754    128.26679     55.91900
      8.91000    260.91249    158.91018    102.43881
      8.92000    250.90193    118.27528    132.66437
      8.93000    190.25369     81.11744    109.53433
      8.94000    163.08596     96.33556     70.02540
      8.95000    243.56724    165.48048     88.00696
      8.96000    332.38454    196.19548    147.24343
      8.97000    335.06863    157.53248    182.06777
      8.98000    336.90304    148.04786    189.53867
      8.99000    372.52593    142.07127    230.49915
      9.00000    422.37803    125.43654    297.13133
      9.01000    418.48406    108.66957    311.81514
      9.02000    387.14943    137.44579    257.49192
      9.03000    392.29491    179.57585    223.87275
      9.04000    386.35893    158.10361    234.13156
      9.05000    341.10461    119.67170    222.57181
      9.06000    273.00987     93.05098    180.04222
      9.07000    244.95010     78.69894    166.32957
      9.08000    287.31767     88.11009    200.21401
      9.09000    309.58534    113.91553    200.55496
      9.10000    378.08368    166.35545    220.45148
      9.11000    645.30617    221.01501    430.02155
      9.12000    958.38819    261.48716    698.28585
      9.13000   1011.73139    248.92771    762.92679
      9.14000    927.24811    213.34383    713.90831
      9.15000    930.23358    228.37318    701.86045
      9.16000   1038.66682    317.36927    721.29755
      9.17000   1098.61937    393.90510    704.71427
      9.18000   1048.97084    377.35799    671.61284
      9.19000   1025.56627    366.22094    659.34533
      9.20000   1058.90624    398.82764    660.07860
      9.21000   1013.92754    371.06234    642.86519
      9.22000    866.77232    279.29785    587.47447
      9.23000    682.92225    197.42807    485.49418
      9.24000    754.21716    224.30068    529.91648
      9.25000    839.54706    245.12285    594.42422
      9.26000    656.52441    178.00055    478.52386
      9.27000    516.04691    178.07487    337.97204
      9.28000    505.93972    226.43549    279.50423
      9.29000    369.46372    156.86173    212.60198
      9.30000    258.11168     88.99600    169.11569
      9.31000    300.27532    112.74320    187.53213
      9.32000    374.27073    156.00328    218.26745
      9.33000    376.95622    167.68390    209.27232
      9.34000    379.87991    159.98416    219.89574
      9.35000    473.12400    195.64256    277.48145
      9.36000    480.93091    196.41358    284.51733
      9.37000    365.45581    121.47662    243.97919
      9.38000    395.25917    109.71465    285.54452
      9.39000    526.57472    147.05673    379.51798
      9.40000    541.41137    158.08556    383.32581
      9.41000    412.96111    139.22559    273.73552
      9.42000    314.62329    146.54159    168.08170
      9.43000    346.50532    200.37499    146.13034
      9.44000    332.54645    189.63068    142.91578
      9.45000    213.13172    114.31815     98.81356
      9.46000    157.87929     94.02197     63.85732
      9.47000    197.82800    117.96555     79.86245
      9.48000    226.16470    122.47605    103.68865
      9.49000    231.09491    130.63825    100.45666
      9.50000    269.31608    157.41802    111.89806
      9.51000    323.54763    177.90910    145.63852
      9.52000    320.58104    171.87713    148.70391
      9.53000    243.30900    136.55886    106.75014
      9.54000    203.65848    116.50135     87.15713
      9.55000    196.26414     99.36915     96.89499
      9.56000    287.36209    110.47347    176.88862
      9.57000    424.89685    131.77682    293.12003
      9.58000    510.55767    163.54035    347.01732
      9.59000    571.05352    218.11656    352.93696
      9.60000    557.58038    218.04272    339.53767
      9.61000    432.99551    137.23705    295.75846
      9.62000    325.66311    100.26489    225.39822
      9.63000    362.40966    132.97756    229.43210
      9.64000    459.29767    166.03961    293.25806
      9.65000    398.52892    135.61334    262.91557
      9.66000    387.90929    119.91347    267.99583
      9.67000    560.93745    179.12799    381.80945
      9.68000    722.35111    250.39279    471.95832
      9.69000    898.24457    272.63519    625.60938
      9.70000   1079.07814    258.97660    820.10154
      9.71000   1126.76508    217.97024    908.79483
      9.72000   1119.79679    193.92308    925.87370
      9.73000   1098.31313    191.06633    907.24680
      9.74000   1005.61715    191.63063    813.98652
      9.75000    893.35403    221.26175    672.09228
      9.76000    847.65756    254.65323    593.00433
      9.77000    784.74478    223.79377    560.95101
      9.78000    705.09886    158.20122    546.89764
      9.79000    678.81494    129.88534    548.92960
      9.80000    651.62633    128.14887    523.47746
      9.81000    538.11723    129.66629    408.45094
      9.82000    512.72400    145.76427    366.95973
      9.83000    520.40267    153.56594    366.83672
      9.84000    450.53503    149.27481    301.26022
      9.85000    361.42093    130.05265    231.36828
      9.86000    246.84005     78.78152    168.05854
      9.87000    200.43038     38.90394    161.52644
      9.88000    191.13777     29.62664    161.51113
      9.89000    230.81818     47.54779    183.27039
      9.90000    342.52689    101.49647    241.03042
      9.91000    455.31709    148.67233    306.64476
      9.92000    540.85334    160.10582    380.74752
      9.93000    701.43582    185.58736    515.84847
      9.94000    916.00235    243.98709    672.01526
      9.95000    877.16205    242.92172    634.24033
      9.96000    674.25258    197.78608    476.46650
      9.97000    589.70849    191.30689    398.40160
      9.98000    599.77300    210.39362    389.37939
      9.99000    639.94011    226.21897    413.72114
     10.00000    696.59557    242.26885    454.32672
     10.01000    652.01578    224.75014    427.26564
     10.02000    628.99298    223.11690    405.87608
     10.03000    799.84409    305.41774    494.42636
     10.04000    710.85258    277.94827    432.90431
     10.05000    351.60389    133.84031    217.76357
     10.06000    300.41476    105.01315    195.40162
     10.07000    503.45893    183.26131    320.19763
     10.08000    631.81813    252.50234    379.31578
     10.09000    623.53339    271.44515    352.08823
     10.10000    547.43137    242.82282    304.60854
     10.11000    508.80355    221.07412    287.72943
     10.12000    506.52569    225.94932    280.57638
     10.13000    457.69608    199.26996    258.42612
     10.14000    381.03179    147.65291    233.37888
     10.15000    409.55948    150.08336    259.47612
     10.16000    637.66097    249.84415    387.81682
     10.17000    825.41962    332.10198    493.31764
     10.18000    734.09090    278.27524    455.81566
     10.19000    539.65371    185.02517    354.62854
     10.20000    461.52660    164.63909    296.88751
