Energy-E_F (eV)    DOS (1/eV)    PDOS (1/eV)  of atom type H  C  
     -6.84000    203.32874     10.13370    193.19504
     -6.83000    293.85960     22.76119    271.09840
     -6.82000    227.20819     22.16447    205.04373
     -6.81000    123.92902      9.46555    114.46347
     -6.80000     89.43797      2.83344     86.60453
     -6.79000     62.76472      1.29459     61.47014
     -6.78000     89.28842      1.66583     87.62259
     -6.77000    138.78470      2.85791    135.92679
     -6.76000    164.23673      7.99871    156.23802
     -6.75000    238.22976     24.49650    213.73325
     -6.74000    300.86070     38.41369    262.44701
     -6.73000    212.99658     27.48539    185.51120
     -6.72000    120.74003      9.60599    111.13404
     -6.71000     96.66427      4.33954     92.32474
     -6.70000    123.98130     10.18254    113.79875
     -6.69000    216.78849     18.31060    198.47789
     -6.68000    196.63116     13.47172    183.15944
     -6.67000     97.15184      6.81027     90.34158
     -6.66000    136.59975     15.58116    121.01858
     -6.65000    237.66562     27.66436    210.00125
     -6.64000    168.39727     18.66010    149.73717
     -6.63000     76.29335      5.17957     71.11377
     -6.62000    122.75569      2.39134    120.36435
     -6.61000    160.39534      3.70873    156.68661
     -6.60000    118.45466      9.60370    108.85096
     -6.59000    150.89649     22.84762    128.04887
     -6.58000    224.17117     30.41705    193.75412
     -6.57000    212.32092     25.98365    186.33727
     -6.56000    141.40649     15.19749    126.20899
     -6.55000    116.80429      6.22986    110.57444
     -6.54000    153.52266      3.20335    150.31931
     -6.53000    130.74259      3.76633    126.97626
     -6.52000    115.32778     13.98016    101.34762
     -6.51000    211.05911     33.85657    177.20255
     -6.50000    221.15480     32.21179    188.94300
     -6.49000    128.93483     15.43058    113.50425
     -6.48000    112.98734     10.24786    102.73948
     -6.47000    143.12254      7.41000    135.71253
     -6.46000    174.90584      5.91083    168.99501
     -6.45000    174.92184     14.46471    160.45712
     -6.44000    194.41379     29.45202    164.96177
     -6.43000    188.25242     26.06376    162.18866
     -6.42000    158.07286     16.09607    141.97679
     -6.41000    204.16969     28.71680    175.45289
     -6.40000    273.18382     43.09470    230.08912
     -6.39000    271.78114     35.07108    236.71006
     -6.38000    276.86390     24.36988    252.49402
     -6.37000    214.71131     17.07856    197.63275
     -6.36000    123.29569     12.24815    111.04754
     -6.35000     74.68325      6.19344     68.48981
     -6.34000     93.66237      4.84864     88.81373
     -6.33000    120.25838     11.33266    108.92572
     -6.32000    107.83501     15.60955     92.22546
     -6.31000     90.93288      9.11586     81.81702
     -6.30000    140.81240      4.20298    136.60942
     -6.29000    172.74906      6.71449    166.03456
     -6.28000    138.75773     13.30189    125.45585
     -6.27000    121.62196     18.35217    103.26979
     -6.26000    201.30041     30.67146    170.62895
     -6.25000    322.53642     44.53939    277.99703
     -6.24000    297.88350     41.09589    256.78761
     -6.23000    259.00428     41.21435    217.78993
     -6.22000    260.71616     38.97558    221.74059
     -6.21000    222.58018     25.84781    196.73237
     -6.20000    164.35545     13.48273    150.87272
     -6.19000    156.44566     16.28613    140.15953
     -6.18000    170.13449     22.45849    147.67600
     -6.17000    117.81834     14.58628    103.23206
     -6.16000    100.31571      9.79541     90.52030
     -6.15000    161.46597     18.26910    143.19687
     -6.14000    171.99991     19.35944    152.64047
     -6.13000    135.89049     10.23234    125.65815
     -6.12000    145.01481     12.72307    132.29175
     -6.11000    219.84621     22.99514    196.85107
     -6.10000    193.00775     17.79233    175.21543
     -6.09000     73.62610      5.35373     68.27237
     -6.08000     13.10175      0.68933     12.41242
     -6.07000     20.38173      1.00357     19.37816
     -6.06000    112.12458      7.37941    104.74517
     -6.05000    276.65244     23.91267    252.73977
     -6.04000    315.45063     35.18846    280.26216
     -6.03000    192.74748     26.84535    165.90213
     -6.02000     88.47677     12.72006     75.75670
     -6.01000    117.11155     10.67579    106.43576
     -6.00000    246.24701     18.33942    227.90758
     -5.99000    305.11687     19.50721    285.60967
     -5.98000    224.17842     12.37927    211.79916
     -5.97000     97.68396      5.34272     92.34123
     -5.96000     91.68291      9.12895     82.55396
     -5.95000    202.59307     25.05387    177.53920
     -5.94000    244.79685     34.72295    210.07390
     -5.93000    172.15510     25.04393    147.11118
     -5.92000     78.97763     10.30843     68.66920
     -5.91000     61.43069      8.26594     53.16476
     -5.90000    173.57621     25.62960    147.94660
     -5.89000    268.95028     40.71951    228.23076
     -5.88000    238.86763     34.77496    204.09266
     -5.87000    208.08657     29.51561    178.57096
     -5.86000    170.60013     24.17197    146.42816
     -5.85000    128.53414     13.60280    114.93134
     -5.84000    141.16339      9.17631    131.98708
     -5.83000    151.33422     13.20671    138.12750
     -5.82000    135.12788     20.95805    114.16984
     -5.81000    166.36621     29.78288    136.58333
     -5.80000    244.62816     31.22642    213.40173
     -5.79000    320.36584     30.11490    290.25094
     -5.78000    273.00348     24.03850    248.96498
     -5.77000    111.96151      9.86318    102.09833
     -5.76000     28.10202      2.61150     25.49053
     -5.75000     52.48777      5.31641     47.17137
     -5.74000    128.19096     13.12566    115.06530
     -5.73000    200.44841     22.10662    178.34179
     -5.72000    224.74799     24.26427    200.48372
     -5.71000    194.59875     16.73301    177.86574
     -5.70000    139.16343     12.46129    126.70214
     -5.69000    106.08770     15.76809     90.31961
     -5.68000    167.42977     25.81958    141.61019
     -5.67000    219.72474     25.23402    194.49072
     -5.66000    177.03649     19.22223    157.81426
     -5.65000    197.96985     28.03252    169.93733
     -5.64000    259.85082     33.49194    226.35888
     -5.63000    251.06988     22.80156    228.26833
     -5.62000    299.43325     23.77724    275.65601
     -5.61000    353.57160     32.23861    321.33299
     -5.60000    290.68813     31.09913    259.58899
     -5.59000    344.24356     44.27257    299.97099
     -5.58000    574.93501     75.19419    499.74082
     -5.57000    722.01753     91.72025    630.29727
     -5.56000    702.57402     90.56063    612.01339
     -5.55000    638.68197     77.35416    561.32780
     -5.54000    575.96887     61.86604    514.10282
     -5.53000    535.07744     59.46256    475.61488
     -5.52000    501.25337     55.17523    446.07814
     -5.51000    455.41722     46.54541    408.87181
     -5.50000    450.90963     44.38075    406.52887
     -5.49000    526.91493     56.68578    470.22916
     -5.48000    476.53445     58.95011    417.58434
     -5.47000    299.48625     46.29618    253.19008
     -5.46000    267.22115     47.17315    220.04801
     -5.45000    267.89034     39.13003    228.76031
     -5.44000    204.73287     22.81065    181.92222
     -5.43000    166.95007     18.77710    148.17297
     -5.42000    136.18839     23.35695    112.83144
     -5.41000     83.91600     19.58342     64.33259
     -5.40000     95.53807     25.13681     70.40126
     -5.39000    182.76053     46.12314    136.63739
     -5.38000    257.67733     52.53096    205.14637
     -5.37000    303.29330     40.18846    263.10484
     -5.36000    316.57586     38.15339    278.42247
     -5.35000    253.16891     37.58798    215.58093
     -5.34000    137.78757     21.66619    116.12138
     -5.33000     48.28508      6.70338     41.58170
     -5.32000     36.29097      1.54520     34.74578
     -5.31000     74.08326      1.52138     72.56188
     -5.30000     70.97549      1.43706     69.53843
     -5.29000     55.66373      1.73892     53.92481
     -5.28000    111.47389      6.43940    105.03448
     -5.27000    149.85532     12.37010    137.48522
     -5.26000    103.72921      9.44478     94.28443
     -5.25000     83.07516      3.75147     79.32369
     -5.24000     77.76760      1.76689     76.00070
     -5.23000     33.86915      0.71091     33.15825
     -5.22000     10.30242      0.71598      9.58644
     -5.21000     37.13909      4.19867     32.94041
     -5.20000    126.65179     11.83911    114.81269
     -5.19000    235.92942     17.42191    218.50751
     -5.18000    245.73618     16.97609    228.76008
     -5.17000    122.35452      9.05778    113.29674
     -5.16000     25.32416      2.02776     23.29640
     -5.15000      2.33453      0.17859      2.15594
     -5.14000      5.19980      0.10850      5.09129
     -5.13000     32.96280      0.67280     32.29000
     -5.12000     85.54150      2.07584     83.46566
     -5.11000    135.29725      6.40809    128.88917
     -5.10000    214.90659     17.98197    196.92462
     -5.09000    215.94139     22.91096    193.03043
     -5.08000     95.24082     11.25210     83.98872
     -5.07000     35.11092      2.44924     32.66168
     -5.06000     64.09682      1.41010     62.68672
     -5.05000     75.99834      1.53153     74.46681
     -5.04000     34.38797      0.69364     33.69434
     -5.03000     16.11480      0.45488     15.65993
     -5.02000     61.50222      2.89187     58.61035
     -5.01000    149.16029      9.63148    139.52881
     -5.00000    179.19754     12.83070    166.36684
     -4.99000    130.61945      7.23251    123.38694
     -4.98000     56.29361      1.97003     54.32358
     -4.97000     11.27320      0.28304     10.99017
     -4.96000      1.35444      0.02870      1.32574
     -4.95000      7.70674      0.16023      7.54650
     -4.94000     51.41895      1.23199     50.18696
     -4.93000    148.64685      5.07882    143.56803
     -4.92000    203.73404     11.37062    192.36342
     -4.91000    138.05377     11.64489    126.40888
     -4.90000     44.07929      4.77358     39.30571
     -4.89000     11.23277      0.84794     10.38483
     -4.88000     33.40841      0.72397     32.68444
     -4.87000     76.51964      1.62755     74.89210
     -4.86000     75.80499      2.25039     73.55460
     -4.85000     87.29247      5.22430     82.06817
     -4.84000    167.84911     11.36437    156.48474
     -4.83000    204.43114     15.36974    189.06140
     -4.82000    159.18393     12.39478    146.78915
     -4.81000    112.61260      5.59456    107.01805
     -4.80000     60.81708      1.71017     59.10692
     -4.79000     15.35734      0.34169     15.01565
     -4.78000      4.28157      0.08824      4.19333
     -4.77000     26.32915      0.54199     25.78716
     -4.76000    101.33177      2.42131     98.91046
     -4.75000    179.97879      6.85673    173.12206
     -4.74000    172.01282     12.02551    159.98731
     -4.73000    103.56214     10.34716     93.21498
     -4.72000    103.32258      7.29120     96.03138
     -4.71000    244.86240     11.03162    233.83078
     -4.70000    424.57676     14.72174    409.85502
     -4.69000    500.85711     14.83093    486.02618
     -4.68000    463.30972     12.51888    450.79084
     -4.67000    447.34161     11.86261    435.47900
     -4.66000    425.08307     15.20175    409.88131
     -4.65000    362.31741     18.72359    343.59382
     -4.64000    276.48365     14.25853    262.22511
     -4.63000    211.32816      7.69043    203.63772
     -4.62000    161.01051      4.67980    156.33071
     -4.61000    131.69147      3.71041    127.98106
     -4.60000    153.42159      4.87869    148.54290
     -4.59000    230.39158      9.10487    221.28671
     -4.58000    273.78101     12.12521    261.65580
     -4.57000    260.68859     14.05261    246.63598
     -4.56000    261.87231     16.28289    245.58942
     -4.55000    200.27276     10.76742    189.50534
     -4.54000    109.06981      4.13814    104.93167
     -4.53000     91.29455      2.60644     88.68811
     -4.52000     82.64146      2.13853     80.50294
     -4.51000     96.13659      2.12601     94.01058
     -4.50000    152.00557      3.70100    148.30457
     -4.49000    195.96463      7.05355    188.91108
     -4.48000    221.66649     13.57336    208.09313
     -4.47000    246.18414     18.05309    228.13105
     -4.46000    231.90578     13.80251    218.10326
     -4.45000    159.92993      6.53449    153.39545
     -4.44000     94.39334      2.72522     91.66813
     -4.43000     82.01461      2.19350     79.82111
     -4.42000     82.17487      2.23060     79.94426
     -4.41000     69.22537      2.20472     67.02065
     -4.40000    140.58906      6.70889    133.88017
     -4.39000    248.92124     14.40673    234.51451
     -4.38000    233.94784     13.26082    220.68702
     -4.37000    121.73933      5.62562    116.11371
     -4.36000     82.73356      3.55599     79.17757
     -4.35000    146.18044      7.07742    139.10302
     -4.34000    139.30066      7.05904    132.24162
     -4.33000     69.90493      3.12863     66.77630
     -4.32000     98.69090      3.58662     95.10428
     -4.31000    216.10016     10.59252    205.50764
     -4.30000    301.36119     16.06016    285.30103
     -4.29000    241.29144     10.54841    230.74303
     -4.28000    125.53530      3.65671    121.87859
     -4.27000    112.24402      2.53715    109.70687
     -4.26000    152.75933      3.26108    149.49825
     -4.25000    120.01812      2.84194    117.17618
     -4.24000    119.44949      5.07073    114.37877
     -4.23000    225.88968     11.72468    214.16500
     -4.22000    332.70583     17.86954    314.83630
     -4.21000    329.19717     15.73549    313.46168
     -4.20000    170.25876      6.61066    163.64809
     -4.19000     57.03495      1.70155     55.33340
     -4.18000     70.37992      1.80580     68.57412
     -4.17000    100.01959      2.37217     97.64742
     -4.16000    109.95218      2.29272    107.65946
     -4.15000    135.01140      4.09763    130.91377
     -4.14000    198.37339     10.70772    187.66567
     -4.13000    266.31653     16.89997    249.41656
     -4.12000    259.47860     14.43156    245.04704
     -4.11000    189.26082      7.81932    181.44150
     -4.10000    136.53606      3.54779    132.98827
     -4.09000    138.28095      2.89445    135.38650
     -4.08000    117.22183      2.73072    114.49111
     -4.07000     74.64355      2.61171     72.03183
     -4.06000    113.39963      7.08261    106.31703
     -4.05000    198.52962     13.44903    185.08059
     -4.04000    208.83486     11.25090    197.58396
     -4.03000    177.57549      5.93179    171.64371
     -4.02000    167.28509      5.65615    161.62893
     -4.01000    183.85198      7.33644    176.51553
     -4.00000    157.66209      5.57964    152.08245
     -3.99000    164.84262      4.85285    159.98977
     -3.98000    186.29341      8.00886    178.28455
     -3.97000    180.44787     12.53761    167.91026
     -3.96000    181.76367     11.16148    170.60219
     -3.95000    164.68668      5.82031    158.86637
     -3.94000    145.66263      3.50322    142.15941
     -3.93000    109.14069      2.60553    106.53516
     -3.92000     71.09358      2.76634     68.32723
     -3.91000     90.47550      5.46666     85.00884
     -3.90000    134.86899      9.04786    125.82114
     -3.89000    174.42493     12.93175    161.49318
     -3.88000    130.03823     10.39880    119.63943
     -3.87000     39.71634      3.36681     36.34953
     -3.86000      4.56641      0.40725      4.15916
     -3.85000      0.38711      0.02255      0.36456
     -3.84000      4.12960      0.11997      4.00963
     -3.83000     35.49717      1.44131     34.05586
     -3.82000    130.85562      7.49414    123.36148
     -3.81000    216.58784     15.98056    200.60728
     -3.80000    158.49052     13.34200    145.14852
     -3.79000     49.54707      4.26534     45.28173
     -3.78000     22.32515      0.82094     21.50421
     -3.77000     81.99009      1.57324     80.41685
     -3.76000    170.29741      3.28781    167.00960
     -3.75000    204.06683      4.94086    199.12598
     -3.74000    249.35902     10.12854    239.23048
     -3.73000    274.95986     14.94260    260.01726
     -3.72000    201.88232     11.44618    190.43614
     -3.71000    141.38463      7.27005    134.11458
     -3.70000    149.81464      5.33691    144.47773
     -3.69000    177.36271      4.11752    173.24519
     -3.68000    146.22240      3.16206    143.06034
     -3.67000    138.97778      5.09834    133.87945
     -3.66000    184.72885     11.30913    173.41972
     -3.65000    181.97155     12.37915    169.59240
     -3.64000    126.06576      6.25624    119.80952
     -3.63000    121.78201      3.92401    117.85800
     -3.62000    134.13299      5.34239    128.79060
     -3.61000    142.01042      5.47647    136.53396
     -3.60000    187.53660      5.77777    181.75883
     -3.59000    238.26124     10.27920    227.98204
     -3.58000    210.61687     13.43224    197.18463
     -3.57000     99.39357      7.69803     91.69553
     -3.56000     34.81537      2.01692     32.79846
     -3.55000     77.51759      1.90630     75.61128
     -3.54000    177.47105      4.85032    172.62073
     -3.53000    235.23143      8.12695    227.10448
     -3.52000    224.47376     10.96577    213.50799
     -3.51000    191.26513     13.47684    177.78830
     -3.50000    148.53024      9.96369    138.56655
     -3.49000     97.47626      3.96028     93.51599
     -3.48000     62.35120      1.45529     60.89591
     -3.47000     81.58847      1.66714     79.92132
     -3.46000    104.88507      3.36464    101.52043
     -3.45000    191.60006     10.15906    181.44099
     -3.44000    310.14067     17.76420    292.37647
     -3.43000    254.92616     13.15450    241.77166
     -3.42000    141.81944      4.96853    136.85091
     -3.41000     67.12504      1.56195     65.56309
     -3.40000     23.20698      0.58259     22.62439
     -3.39000     50.43034      2.33597     48.09437
     -3.38000    174.16688      9.65314    164.51375
     -3.37000    321.37192     17.54922    303.82270
     -3.36000    300.82336     14.02348    286.79988
     -3.35000    132.21319      5.04343    127.16976
     -3.34000     58.00081      1.53407     56.46674
     -3.33000     81.70848      2.10191     79.60657
     -3.32000     86.90408      4.49968     82.40440
     -3.31000    119.60087     10.40272    109.19815
     -3.30000    210.31839     13.58946    196.72893
     -3.29000    255.29269     10.56683    244.72586
     -3.28000    182.51769      5.97580    176.54189
     -3.27000    123.73217      3.25814    120.47404
     -3.26000    142.09365      4.45641    137.63724
     -3.25000    161.74099      9.40782    152.33316
     -3.24000    136.30026     12.17078    124.12947
     -3.23000    113.28789      8.27279    105.01510
     -3.22000    196.48157      7.08473    189.39685
     -3.21000    233.81198      6.87675    226.93522
     -3.20000    155.69881      4.98624    150.71256
     -3.19000    151.08421      8.54445    142.53976
     -3.18000    174.81738     12.86381    161.95356
     -3.17000    148.77873      9.13401    139.64472
     -3.16000    111.80422      4.73222    107.07200
     -3.15000    124.53185      4.89645    119.63541
     -3.14000    181.66273      6.71176    174.95097
     -3.13000    229.00276     11.15360    217.84915
     -3.12000    200.78186     13.33185    187.45001
     -3.11000    183.71386      9.02825    174.68561
     -3.10000    200.67119      6.04727    194.62393
     -3.09000    195.89753      6.61281    189.28472
     -3.08000    195.48774      9.23909    186.24866
     -3.07000    180.63934     12.72542    167.91392
     -3.06000    174.41176     11.76565    162.64611
     -3.05000    195.92539      7.50202    188.42337
     -3.04000    326.55731      9.29665    317.26065
     -3.03000    374.50501     12.43240    362.07261
     -3.02000    236.26481     13.37974    222.88507
     -3.01000    119.29546     12.22174    107.07372
     -3.00000     55.93438      6.01741     49.91697
     -2.99000     69.27922      2.67173     66.60750
     -2.98000    148.54858      5.59873    142.94985
     -2.97000    181.47353     11.38577    170.08776
     -2.96000    132.49047     12.89578    119.59470
     -2.95000     55.70383      6.64247     49.06136
     -2.94000     27.90584      2.20473     25.70111
     -2.93000     91.73001      5.03938     86.69063
     -2.92000    216.21963     12.63886    203.58077
     -2.91000    257.60569     14.44386    243.16183
     -2.90000    163.24413      7.42163    155.82250
     -2.89000     82.25726      3.51491     78.74235
     -2.88000    112.30702      7.78439    104.52264
     -2.87000    145.72393     13.30687    132.41706
     -2.86000     90.29236      9.76082     80.53154
     -2.85000     49.70632      4.03642     45.66990
     -2.84000    120.34158      6.53727    113.80431
     -2.83000    230.93128     13.70782    217.22347
     -2.82000    231.69991     13.27617    218.42374
     -2.81000    165.62810      6.93176    158.69634
     -2.80000    142.85862      7.02555    135.83306
     -2.79000    145.82862     12.08951    133.73911
     -2.78000    113.69965     11.63946    102.06020
     -2.77000    103.51627      7.25332     96.26294
     -2.76000    166.44396      9.15743    157.28653
     -2.75000    215.11928     13.99758    201.12170
     -2.74000    202.40562     12.41173    189.99389
     -2.73000    201.09021      9.04088    192.04933
     -2.72000    200.51022     11.72771    188.78251
     -2.71000    184.37590     14.07025    170.30566
     -2.70000    144.30999     10.19675    134.11324
     -2.69000    169.27004     11.59058    157.67946
     -2.68000    252.14266     16.15015    235.99251
     -2.67000    247.85180     13.68904    234.16276
     -2.66000    250.48055     14.61483    235.86572
     -2.65000    320.81460     18.22354    302.59106
     -2.64000    331.69658     16.91406    314.78252
     -2.63000    258.44745     16.62999    241.81746
     -2.62000    159.23657     14.00811    145.22846
     -2.61000    139.03228     12.49492    126.53736
     -2.60000    175.63949     14.39939    161.24010
     -2.59000    152.17002     13.96667    138.20335
     -2.58000    151.12405     15.01137    136.11268
     -2.57000    189.78310     16.24214    173.54097
     -2.56000    190.88577     17.98366    172.90211
     -2.55000    170.16324     20.27979    149.88345
     -2.54000    208.50515     24.92860    183.57655
     -2.53000    276.15202     29.14552    247.00650
     -2.52000    242.12855     24.29108    217.83747
     -2.51000    132.38399     11.34598    121.03801
     -2.50000     93.56444      3.09193     90.47250
     -2.49000     68.27936      0.92245     67.35691
     -2.48000     31.92640      0.38911     31.53729
     -2.47000     70.42657      1.02874     69.39782
     -2.46000    199.57198      2.97998    196.59200
     -2.45000    278.42412      4.11757    274.30655
     -2.44000    188.01769      2.70570    185.31199
     -2.43000     91.19474      1.24447     89.95027
     -2.42000    131.19964      1.72598    129.47366
     -2.41000    154.46476      2.04962    152.41514
     -2.40000     88.14560      1.26557     86.88002
     -2.39000     89.60966      1.52074     88.08892
     -2.38000    155.39422      2.51763    152.87660
     -2.37000    192.38071      2.97563    189.40509
     -2.36000    187.41503      3.64461    183.77042
     -2.35000    190.19445      5.05007    185.14438
     -2.34000    149.88966      4.14919    145.74047
     -2.33000    142.55893      2.77990    139.77903
     -2.32000    230.56364      3.65895    226.90468
     -2.31000    187.37218      2.93505    184.43713
     -2.30000     62.47839      1.02766     61.45073
     -2.29000     68.38599      1.82398     66.56201
     -2.28000    359.70819     10.34706    349.36114
     -2.27000    931.42500     27.30223    904.12277
     -2.26000   1234.58424     35.97447   1198.60978
     -2.25000   1012.28598     28.98937    983.29661
     -2.24000    633.63760     18.28524    615.35236
     -2.23000    427.21694     12.13121    415.08573
     -2.22000    459.21904     12.30906    446.90998
     -2.21000    490.08811     12.97525    477.11287
     -2.20000    396.42884     10.15796    386.27087
     -2.19000    396.86152      9.96722    386.89430
     -2.18000    500.63875     13.28160    487.35715
     -2.17000    466.69762     12.40167    454.29595
     -2.16000    292.41682      7.10805    285.30877
     -2.15000    146.24303      2.96586    143.27717
     -2.14000     97.49463      1.47778     96.01685
     -2.13000     66.49736      0.90471     65.59265
     -2.12000     24.01757      0.32198     23.69559
     -2.11000     32.96261      0.44008     32.52253
     -2.10000    105.50938      1.42710    104.08227
     -2.09000    149.28630      2.05240    147.23390
     -2.08000     87.82835      1.22652     86.60183
     -2.07000     21.80017      0.30870     21.49147
     -2.06000     11.24339      0.16668     11.07671
     -2.05000     48.25010      0.71261     47.53749
     -2.04000    107.67089      1.53293    106.13795
     -2.03000    125.01782      1.66134    123.35648
     -2.02000     81.85890      1.02618     80.83272
     -2.01000     37.09591      0.51371     36.58219
     -2.00000     92.59369      1.68621     90.90748
     -1.99000    315.71378      6.19013    309.52366
     -1.98000    605.12334     12.29456    592.82878
     -1.97000    749.65266     15.15622    734.49644
     -1.96000    715.18182     14.02255    701.15927
     -1.95000    552.79042     10.67757    542.11285
     -1.94000    427.54939      8.23547    419.31392
     -1.93000    475.39641      9.18676    466.20964
     -1.92000    584.94082     11.38822    573.55260
     -1.91000    543.05034     10.46807    532.58226
     -1.90000    504.43936      9.22979    495.20958
     -1.89000    590.41961     10.36642    580.05318
     -1.88000    542.80920      9.60822    533.20098
     -1.87000    338.76517      6.17197    332.59320
     -1.86000    238.83270      4.40803    234.42467
     -1.85000    216.39621      3.82271    212.57350
     -1.84000    179.96209      2.74790    177.21419
     -1.83000    174.38449      2.32332    172.06117
     -1.82000    152.41054      2.10762    150.30292
     -1.81000    113.66294      1.69217    111.97078
     -1.80000     64.08803      0.96750     63.12053
     -1.79000     46.92193      0.60416     46.31777
     -1.78000    108.13384      1.30940    106.82444
     -1.77000    147.70914      1.84836    145.86078
     -1.76000     86.35931      1.11787     85.24145
     -1.75000     21.81751      0.28783     21.52967
     -1.74000     13.91808      0.16491     13.75316
     -1.73000     60.98806      0.71767     60.27039
     -1.72000    131.90016      1.59399    130.30616
     -1.71000    129.48278      1.61286    127.86992
     -1.70000     71.12025      0.88696     70.23329
     -1.69000     72.04643      0.83604     71.21039
     -1.68000    113.44908      1.29990    112.14919
     -1.67000    142.36046      1.66441    140.69605
     -1.66000    146.93012      1.77251    145.15762
     -1.65000     90.22039      1.11569     89.10470
     -1.64000     28.30856      0.35200     27.95656
     -1.63000     32.70478      0.37818     32.32660
     -1.62000    129.86347      1.50008    128.36339
     -1.61000    224.96140      2.63037    222.33103
     -1.60000    159.70330      1.89681    157.80649
     -1.59000     47.76465      0.57630     47.18835
     -1.58000     15.98271      0.19070     15.79200
     -1.57000     65.77239      0.77204     65.00036
     -1.56000    161.46596      1.88864    159.57733
     -1.55000    178.20478      2.07380    176.13098
     -1.54000    123.74149      1.43656    122.30493
     -1.53000     77.92170      0.94293     76.97878
     -1.52000     88.99845      1.13765     87.86080
     -1.51000    115.84434      1.38640    114.45794
     -1.50000    111.20625      1.19631    110.00994
     -1.49000     95.87329      1.09766     94.77564
     -1.48000    133.10984      1.72460    131.38524
     -1.47000    150.20647      1.92555    148.28092
     -1.46000     89.17104      1.05249     88.11855
     -1.45000     84.40291      0.84287     83.56004
     -1.44000    134.25060      1.47980    132.77081
     -1.43000    120.39636      1.53653    118.85983
     -1.42000     59.52053      0.81012     58.71041
     -1.41000     60.89142      0.69149     60.19993
     -1.40000    122.12205      1.20678    120.91527
     -1.39000    132.15209      1.13780    131.01429
     -1.38000     68.53406      0.52143     68.01264
     -1.37000     27.28277      0.22623     27.05655
     -1.36000     71.45630      0.66655     70.78975
     -1.35000    164.86414      1.48707    163.37706
     -1.34000    217.65607      2.11954    215.53654
     -1.33000    279.33902      3.18151    276.15751
     -1.32000    275.42113      3.19544    272.22569
     -1.31000    149.35358      1.57741    147.77617
     -1.30000     87.25484      0.92185     86.33300
     -1.29000    166.11063      2.05472    164.05591
     -1.28000    230.35466      3.07714    227.27752
     -1.27000    197.56754      2.45956    195.10797
     -1.26000    185.36481      1.74731    183.61750
     -1.25000    148.17471      1.31727    146.85744
     -1.24000    135.57261      1.52535    134.04726
     -1.23000    164.51260      1.93963    162.57297
     -1.22000    109.51135      1.12648    108.38488
     -1.21000     85.67923      0.51472     85.16450
     -1.20000    139.55869      1.11760    138.44109
     -1.19000    184.51702      2.36959    182.14743
     -1.18000    141.26823      2.24151    139.02672
     -1.17000     48.31979      0.83997     47.47983
     -1.16000     11.44386      0.22313     11.22072
     -1.15000     32.63589      0.68260     31.95329
     -1.14000     82.16039      1.66099     80.49940
     -1.13000    104.22610      1.81112    102.41498
     -1.12000     99.72908      1.33318     98.39590
     -1.11000     68.97374      0.89263     68.08111
     -1.10000     60.00076      1.12438     58.87638
     -1.09000     81.07426      1.71439     79.35988
     -1.08000     53.15893      1.12693     52.03200
     -1.07000     23.28550      0.40558     22.87992
     -1.06000     61.17907      0.85959     60.31948
     -1.05000    137.78983      2.14267    135.64716
     -1.04000    130.83753      2.27177    128.56575
     -1.03000     51.55336      0.97773     50.57563
     -1.02000     11.86677      0.24436     11.62241
     -1.01000     28.37659      0.60570     27.77089
     -1.00000     83.93785      1.69146     82.24639
     -0.99000    122.23205      2.09585    120.13619
     -0.98000    105.16901      1.43253    103.73648
     -0.97000     55.71095      0.73763     54.97332
     -0.96000     51.07981      1.02481     50.05500
     -0.95000     79.84573      1.74963     78.09609
     -0.94000     57.42047      1.23728     56.18319
     -0.93000     36.41611      0.57143     35.84468
     -0.92000     83.11852      1.10809     82.01042
     -0.91000    134.85964      2.14319    132.71645
     -0.90000    109.37820      2.06850    107.30970
     -0.89000     42.18518      0.88129     41.30390
     -0.88000     12.29165      0.26691     12.02474
     -0.87000     39.00462      0.80462     38.20000
     -0.86000    110.92813      2.07133    108.85680
     -0.85000    141.13291      2.26087    138.87204
     -0.84000     82.52229      1.13088     81.39141
     -0.83000     33.89262      0.55323     33.33939
     -0.82000     56.38363      1.25645     55.12717
     -0.81000     80.98961      1.81735     79.17226
     -0.80000     59.38983      1.14488     58.24495
     -0.79000     72.51101      0.92083     71.59018
     -0.78000    109.74012      1.54635    108.19377
     -0.77000    112.15036      2.10535    110.04502
     -0.76000     71.97682      1.56897     70.40785
     -0.75000     23.59980      0.52923     23.07057
     -0.74000     26.55358      0.50871     26.04487
     -0.73000    100.19898      1.77985     98.41914
     -0.72000    157.32427      2.62607    154.69820
     -0.71000     93.99058      1.47293     92.51766
     -0.70000     28.51918      0.48379     28.03538
     -0.69000     42.20636      0.97009     41.23627
     -0.68000     83.97623      1.90101     82.07522
     -0.67000     89.88165      1.66704     88.21462
     -0.66000     94.31574      1.19881     93.11693
     -0.65000     91.81161      1.30751     90.50410
     -0.64000     90.88244      1.89044     88.99201
     -0.63000     72.33457      1.68564     70.64894
     -0.62000     32.37001      0.69754     31.67247
     -0.61000     54.06582      0.83863     53.22719
     -0.60000    137.17660      2.23034    134.94626
     -0.59000    140.94056      2.47808    138.46248
     -0.58000     56.46992      1.07251     55.39741
     -0.57000     22.59773      0.50760     22.09013
     -0.56000     62.94333      1.41810     61.52523
     -0.55000    120.44196      2.32949    118.11247
     -0.54000    122.20571      1.81401    120.39170
     -0.53000     75.91032      1.03416     74.87616
     -0.52000     66.21515      1.42055     64.79460
     -0.51000     83.05015      2.00614     81.04401
     -0.50000     64.95635      1.32875     63.62761
     -0.49000     83.79965      1.13142     82.66823
     -0.48000    129.75392      2.05001    127.70391
     -0.47000    114.83017      2.33042    112.49975
     -0.46000     52.86942      1.22276     51.64666
     -0.45000     35.65351      0.73329     34.92022
     -0.44000    105.86678      1.93037    103.93641
     -0.43000    158.04250      2.72476    155.31774
     -0.42000     91.43983      1.51728     89.92255
     -0.41000     42.88910      0.90304     41.98606
     -0.40000     79.59096      1.87689     77.71407
     -0.39000    119.26423      2.30065    116.96358
     -0.38000    115.01434      1.62559    113.38875
     -0.37000     93.21939      1.57072     91.64867
     -0.36000     92.11686      2.18487     89.93199
     -0.35000     79.09659      1.74708     77.34952
     -0.34000     95.39775      1.43492     93.96282
     -0.33000    140.05985      2.35314    137.70672
     -0.32000    113.67673      2.38331    111.29342
     -0.31000     59.89247      1.31531     58.57716
     -0.30000     96.20239      1.73715     94.46524
     -0.29000    159.83997      2.84593    156.99404
     -0.28000    110.02595      2.02288    108.00307
     -0.27000     69.64520      1.46232     68.18287
     -0.26000    128.34585      2.54475    125.80110
     -0.25000    148.11471      2.53604    145.57867
     -0.24000    100.40178      1.79800     98.60378
     -0.23000    114.76901      2.44277    112.32624
     -0.22000    145.81234      2.61167    143.20068
     -0.21000    128.61503      2.16641    126.44862
     -0.20000    132.06243      2.67298    129.38945
     -0.19000    149.73357      2.66852    147.06506
     -0.18000    147.12362      2.51781    144.60581
     -0.17000    163.09064      3.03506    160.05558
     -0.16000    172.24247      2.85925    169.38321
     -0.15000    192.31456      3.16858    189.14598
     -0.14000    219.68679      3.50570    216.18110
     -0.13000    199.03506      3.24058    195.79449
     -0.12000    148.70032      3.11765    145.58267
     -0.11000    100.46882      2.68568     97.78313
     -0.10000     97.84663      2.85402     94.99261
     -0.09000     98.19959      2.89013     95.30946
     -0.08000    104.51378      3.08151    101.43226
     -0.07000    108.73357      3.20776    105.52581
     -0.06000    115.74731      3.41410    112.33321
     -0.05000    122.72361      3.61514    119.10846
     -0.04000    132.48519      3.89281    128.59238
     -0.03000    142.28394      4.16422    138.11972
     -0.02000    143.00179      4.16309    138.83869
     -0.01000    128.65006      3.71541    124.93465
      0.00000    103.16546      2.95593    100.20953
      0.01000     51.12269      1.46009     49.66260
      0.02000     10.91076      0.31137     10.59939
      0.03000      0.88717      0.02531      0.86186
      0.04000      0.02672      0.00076      0.02595
      0.05000      0.00000      0.00000      0.00000
      0.06000      0.00000      0.00000      0.00000
      0.07000      0.00000      0.00000      0.00000
      0.08000      0.00000      0.00000      0.00000
      0.09000      0.00000      0.00000      0.00000
      0.10000      0.00000      0.00000      0.00000
      0.11000      0.00000      0.00000      0.00000
      0.12000      0.00000      0.00000      0.00000
      0.13000      0.00000      0.00000      0.00000
      0.14000      0.00000      0.00000      0.00000
      0.15000      0.00000      0.00000      0.00000
      0.16000      0.00000      0.00000      0.00000
      0.17000      0.00000      0.00000      0.00000
      0.18000      0.00000      0.00000      0.00000
      0.19000      0.00000      0.00000      0.00000
      0.20000      0.00000      0.00000      0.00000
      0.21000      0.00000      0.00000      0.00000
      0.22000      0.00000      0.00000      0.00000
      0.23000      0.00000      0.00000      0.00000
      0.24000      0.00000      0.00000      0.00000
      0.25000      0.00000      0.00000      0.00000
      0.26000      0.00000      0.00000      0.00000
      0.27000      0.00000      0.00000      0.00000
      0.28000      0.00000      0.00000      0.00000
      0.29000      0.00000      0.00000      0.00000
      0.30000      0.00000      0.00000      0.00000
      0.31000      0.00000      0.00000      0.00000
      0.32000      0.00000      0.00000      0.00000
      0.33000      0.00000      0.00000      0.00000
      0.34000      0.00000      0.00000      0.00000
      0.35000      0.00000      0.00000      0.00000
      0.36000      0.00000      0.00000      0.00000
      0.37000      0.00000      0.00000      0.00000
      0.38000      0.00000      0.00000      0.00000
      0.39000      0.00000      0.00000      0.00000
      0.40000      0.00000      0.00000      0.00000
      0.41000      0.00000      0.00000      0.00000
      0.42000      0.00000      0.00000      0.00000
      0.43000      0.00000      0.00000      0.00000
      0.44000      0.00000      0.00000      0.00000
      0.45000      0.00000      0.00000      0.00000
      0.46000      0.00000      0.00000      0.00000
      0.47000      0.00000      0.00000      0.00000
      0.48000      0.00000      0.00000      0.00000
      0.49000      0.00000      0.00000      0.00000
      0.50000      0.00000      0.00000      0.00000
      0.51000      0.00000      0.00000      0.00000
      0.52000      0.00000      0.00000      0.00000
      0.53000      0.00000      0.00000      0.00000
      0.54000      0.00000      0.00000      0.00000
      0.55000      0.00000      0.00000      0.00000
      0.56000      0.00000      0.00000      0.00000
      0.57000      0.00000      0.00000      0.00000
      0.58000      0.00000      0.00000      0.00000
      0.59000      0.00000      0.00000      0.00000
      0.60000      0.00000      0.00000      0.00000
      0.61000      0.00000      0.00000      0.00000
      0.62000      0.00000      0.00000      0.00000
      0.63000      0.00000      0.00000      0.00000
      0.64000      0.00000      0.00000      0.00000
      0.65000      0.00000      0.00000      0.00000
      0.66000      0.00000      0.00000      0.00000
      0.67000      0.00000      0.00000      0.00000
      0.68000      0.00000      0.00000      0.00000
      0.69000      0.00000      0.00000      0.00000
      0.70000      0.00000      0.00000      0.00000
      0.71000      0.00000      0.00000      0.00000
      0.72000      0.00000      0.00000      0.00000
      0.73000      0.00000      0.00000      0.00000
      0.74000      0.00000      0.00000      0.00000
      0.75000      0.00000      0.00000      0.00000
      0.76000      0.00000      0.00000      0.00000
      0.77000      0.00000      0.00000      0.00000
      0.78000      0.00000      0.00000      0.00000
      0.79000      0.00000      0.00000      0.00000
      0.80000      0.00000      0.00000      0.00000
      0.81000      0.00000      0.00000      0.00000
      0.82000      0.00000      0.00000      0.00000
      0.83000      0.00000      0.00000      0.00000
      0.84000      0.00000      0.00000      0.00000
      0.85000      0.00000      0.00000      0.00000
      0.86000      0.00000      0.00000      0.00000
      0.87000      0.00000      0.00000      0.00000
      0.88000      0.00000      0.00000      0.00000
      0.89000      0.00000      0.00000      0.00000
      0.90000      0.00000      0.00000      0.00000
      0.91000      0.00000      0.00000      0.00000
      0.92000      0.00000      0.00000      0.00000
      0.93000      0.00000      0.00000      0.00000
      0.94000      0.00000      0.00000      0.00000
      0.95000      0.00000      0.00000      0.00000
      0.96000      0.00000      0.00000      0.00000
      0.97000      0.00000      0.00000      0.00000
      0.98000      0.00000      0.00000      0.00000
      0.99000      0.00000      0.00000      0.00000
      1.00000      0.00000      0.00000      0.00000
      1.01000      0.00000      0.00000      0.00000
      1.02000      0.00000      0.00000      0.00000
      1.03000      0.00000      0.00000      0.00000
      1.04000      0.00000      0.00000      0.00000
      1.05000      0.00000      0.00000      0.00000
      1.06000      0.00000      0.00000      0.00000
      1.07000      0.00000      0.00000      0.00000
      1.08000      0.00000      0.00000      0.00000
      1.09000      0.00000      0.00000      0.00000
      1.10000      0.00000      0.00000      0.00000
      1.11000      0.00000      0.00000      0.00000
      1.12000      0.00000      0.00000      0.00000
      1.13000      0.00000      0.00000      0.00000
      1.14000      0.00000      0.00000      0.00000
      1.15000      0.00000      0.00000      0.00000
      1.16000      0.00000      0.00000      0.00000
      1.17000      0.00000      0.00000      0.00000
      1.18000      0.00000      0.00000      0.00000
      1.19000      0.00000      0.00000      0.00000
      1.20000      0.00000      0.00000      0.00000
      1.21000      0.00000      0.00000      0.00000
      1.22000      0.00000      0.00000      0.00000
      1.23000      0.00000      0.00000      0.00000
      1.24000      0.00000      0.00000      0.00000
      1.25000      0.00000      0.00000      0.00000
      1.26000      0.00000      0.00000      0.00000
      1.27000      0.00000      0.00000      0.00000
      1.28000      0.00000      0.00000      0.00000
      1.29000      0.00000      0.00000      0.00000
      1.30000      0.00000      0.00000      0.00000
      1.31000      0.00000      0.00000      0.00000
      1.32000      0.00000      0.00000      0.00000
      1.33000      0.00000      0.00000      0.00000
      1.34000      0.00000      0.00000      0.00000
      1.35000      0.00000      0.00000      0.00000
      1.36000      0.00000      0.00000      0.00000
      1.37000      0.00000      0.00000      0.00000
      1.38000      0.00000      0.00000      0.00000
      1.39000      0.00000      0.00000      0.00000
      1.40000      0.00000      0.00000      0.00000
      1.41000      0.00000      0.00000      0.00000
      1.42000      0.00000      0.00000      0.00000
      1.43000      0.00000      0.00000      0.00000
      1.44000      0.00000      0.00000      0.00000
      1.45000      0.00000      0.00000      0.00000
      1.46000      0.00000      0.00000      0.00000
      1.47000      0.00000      0.00000      0.00000
      1.48000      0.00000      0.00000      0.00000
      1.49000      0.00000      0.00000      0.00000
      1.50000      0.00000      0.00000      0.00000
      1.51000      0.00000      0.00000      0.00000
      1.52000      0.00000      0.00000      0.00000
      1.53000      0.00000      0.00000      0.00000
      1.54000      0.00000      0.00000      0.00000
      1.55000      0.00000      0.00000      0.00000
      1.56000      0.00000      0.00000      0.00000
      1.57000      0.00000      0.00000      0.00000
      1.58000      0.00000      0.00000      0.00000
      1.59000      0.00000      0.00000      0.00000
      1.60000      0.00000      0.00000      0.00000
      1.61000      0.00000      0.00000      0.00000
      1.62000      0.00000      0.00000      0.00000
      1.63000      0.00000      0.00000      0.00000
      1.64000      0.00000      0.00000      0.00000
      1.65000      0.00000      0.00000      0.00000
      1.66000      0.00000      0.00000      0.00000
      1.67000      0.00000      0.00000      0.00000
      1.68000      0.00000      0.00000      0.00000
      1.69000      0.00000      0.00000      0.00000
      1.70000      0.00000      0.00000      0.00000
      1.71000      0.00000      0.00000      0.00000
      1.72000      0.00000      0.00000      0.00000
      1.73000      0.00000      0.00000      0.00000
      1.74000      0.00000      0.00000      0.00000
      1.75000      0.00000      0.00000      0.00000
      1.76000      0.00000      0.00000      0.00000
      1.77000      0.00000      0.00000      0.00000
      1.78000      0.00000      0.00000      0.00000
      1.79000      0.00000      0.00000      0.00000
      1.80000      0.00000      0.00000      0.00000
      1.81000      0.00000      0.00000      0.00000
      1.82000      0.00000      0.00000      0.00000
      1.83000      0.00000      0.00000      0.00000
      1.84000      0.00000      0.00000      0.00000
      1.85000      0.00000      0.00000      0.00000
      1.86000      0.00000      0.00000      0.00000
      1.87000      0.00000      0.00000      0.00000
      1.88000      0.00000      0.00000      0.00000
      1.89000      0.00000      0.00000      0.00000
      1.90000      0.00000      0.00000      0.00000
      1.91000      0.00000      0.00000      0.00000
      1.92000      0.00000      0.00000      0.00000
      1.93000      0.00000      0.00000      0.00000
      1.94000      0.00000      0.00000      0.00000
      1.95000      0.00000      0.00000      0.00000
      1.96000      0.00000      0.00000      0.00000
      1.97000      0.00000      0.00000      0.00000
      1.98000      0.00000      0.00000      0.00000
      1.99000      0.00000      0.00000      0.00000
      2.00000      0.00000      0.00000      0.00000
      2.01000      0.00000      0.00000      0.00000
      2.02000      0.00000      0.00000      0.00000
      2.03000      0.00000      0.00000      0.00000
      2.04000      0.00000      0.00000      0.00000
      2.05000      0.00000      0.00000      0.00000
      2.06000      0.00000      0.00000      0.00000
      2.07000      0.00000      0.00000      0.00000
      2.08000      0.00000      0.00000      0.00000
      2.09000      0.00000      0.00000      0.00000
      2.10000      0.00000      0.00000      0.00000
      2.11000      0.00000      0.00000      0.00000
      2.12000      0.00000      0.00000      0.00000
      2.13000      0.00000      0.00000      0.00000
      2.14000      0.00000      0.00000      0.00000
      2.15000      0.00000      0.00000      0.00000
      2.16000      0.00000      0.00000      0.00000
      2.17000      0.00000      0.00000      0.00000
      2.18000      0.00000      0.00000      0.00000
      2.19000      0.00000      0.00000      0.00000
      2.20000      0.00000      0.00000      0.00000
      2.21000      0.00000      0.00000      0.00000
      2.22000      0.00000      0.00000      0.00000
      2.23000      0.00000      0.00000      0.00000
      2.24000      0.00000      0.00000      0.00000
      2.25000      0.00000      0.00000      0.00000
      2.26000      0.00000      0.00000      0.00000
      2.27000      0.00000      0.00000      0.00000
      2.28000      0.00000      0.00000      0.00000
      2.29000      0.00000      0.00000      0.00000
      2.30000      0.00000      0.00000      0.00000
      2.31000      0.00000      0.00000      0.00000
      2.32000      0.00000      0.00000      0.00000
      2.33000      0.00000      0.00000      0.00000
      2.34000      0.00000      0.00000      0.00000
      2.35000      0.00000      0.00000      0.00000
      2.36000      0.00000      0.00000      0.00000
      2.37000      0.00000      0.00000      0.00000
      2.38000      0.00000      0.00000      0.00000
      2.39000      0.00000      0.00000      0.00000
      2.40000      0.00000      0.00000      0.00000
      2.41000      0.00000      0.00000      0.00000
      2.42000      0.00000      0.00000      0.00000
      2.43000      0.00000      0.00000      0.00000
      2.44000      0.00000      0.00000      0.00000
      2.45000      0.00000      0.00000      0.00000
      2.46000      0.00000      0.00000      0.00000
      2.47000      0.00000      0.00000      0.00000
      2.48000      0.00000      0.00000      0.00000
      2.49000      0.00000      0.00000      0.00000
      2.50000      0.00000      0.00000      0.00000
      2.51000      0.00000      0.00000      0.00000
      2.52000      0.00000      0.00000      0.00000
      2.53000      0.00000      0.00000      0.00000
      2.54000      0.00000      0.00000      0.00000
      2.55000      0.00000      0.00000      0.00000
      2.56000      0.00000      0.00000      0.00000
      2.57000      0.00000      0.00000      0.00000
      2.58000      0.00000      0.00000      0.00000
      2.59000      0.00000      0.00000      0.00000
      2.60000      0.00000      0.00000      0.00000
      2.61000      0.00000      0.00000      0.00000
      2.62000      0.00000      0.00000      0.00000
      2.63000      0.00000      0.00000      0.00000
      2.64000      0.00000      0.00000      0.00000
      2.65000      0.00000      0.00000      0.00000
      2.66000      0.00000      0.00000      0.00000
      2.67000      0.00000      0.00000      0.00000
      2.68000      0.00000      0.00000      0.00000
      2.69000      0.00000      0.00000      0.00000
      2.70000      0.00000      0.00000      0.00000
      2.71000      0.00000      0.00000      0.00000
      2.72000      0.00000      0.00000      0.00000
      2.73000      0.00000      0.00000      0.00000
      2.74000      0.00000      0.00000      0.00000
      2.75000      0.00000      0.00000      0.00000
      2.76000      0.00000      0.00000      0.00000
      2.77000      0.00000      0.00000      0.00000
      2.78000      0.00000      0.00000      0.00000
      2.79000      0.00000      0.00000      0.00000
      2.80000      0.00000      0.00000      0.00000
      2.81000      0.00000      0.00000      0.00000
      2.82000      0.00000      0.00000      0.00000
      2.83000      0.00000      0.00000      0.00000
      2.84000      0.00000      0.00000      0.00000
      2.85000      0.00000      0.00000      0.00000
      2.86000      0.00000      0.00000      0.00000
      2.87000      0.00000      0.00000      0.00000
      2.88000      0.00000      0.00000      0.00000
      2.89000      0.00000      0.00000      0.00000
      2.90000      0.00000      0.00000      0.00000
      2.91000      0.00000      0.00000      0.00000
      2.92000      0.00000      0.00000      0.00000
      2.93000      0.00000      0.00000      0.00000
      2.94000      0.00000      0.00000      0.00000
      2.95000      0.00000      0.00000      0.00000
      2.96000      0.00000      0.00000      0.00000
      2.97000      0.00000      0.00000      0.00000
      2.98000      0.00000      0.00000      0.00000
      2.99000      0.00000      0.00000      0.00000
      3.00000      0.00000      0.00000      0.00000
      3.01000      0.00000      0.00000      0.00000
      3.02000      0.00000      0.00000      0.00000
      3.03000      0.00000      0.00000      0.00000
      3.04000      0.00000      0.00000      0.00000
      3.05000      0.00000      0.00000      0.00000
      3.06000      0.00000      0.00000      0.00000
      3.07000      0.00000      0.00000      0.00000
      3.08000      0.00000      0.00000      0.00000
      3.09000      0.00000      0.00000      0.00000
      3.10000      0.00000      0.00000      0.00000
      3.11000      0.00000      0.00000      0.00000
      3.12000      0.00000      0.00000      0.00000
      3.13000      0.00000      0.00000      0.00000
      3.14000      0.00000      0.00000      0.00000
      3.15000      0.00000      0.00000      0.00000
      3.16000      0.00000      0.00000      0.00000
      3.17000      0.00000      0.00000      0.00000
      3.18000      0.00000      0.00000      0.00000
      3.19000      0.00000      0.00000      0.00000
      3.20000      0.00000      0.00000      0.00000
      3.21000      0.00000      0.00000      0.00000
      3.22000      0.00000      0.00000      0.00000
      3.23000      0.00000      0.00000      0.00000
      3.24000      0.00000      0.00000      0.00000
      3.25000      0.00000      0.00000      0.00000
      3.26000      0.00000      0.00000      0.00000
      3.27000      0.00000      0.00000      0.00000
      3.28000      0.00000      0.00000      0.00000
      3.29000      0.00000      0.00000      0.00000
      3.30000      0.00000      0.00000      0.00000
      3.31000      0.02487      0.00027      0.02460
      3.32000      0.90955      0.00986      0.89969
      3.33000     12.79855      0.13920     12.65935
      3.34000     71.99835      0.78780     71.21054
      3.35000    175.20587      1.94076    173.26512
      3.36000    218.86417      2.48718    216.37699
      3.37000    191.38497      2.27584    189.10913
      3.38000    160.13614      2.01613    158.12001
      3.39000    141.42397      1.88421    139.53976
      3.40000    129.69664      1.82487    127.87177
      3.41000    120.63375      1.78812    118.84563
      3.42000    114.73618      1.78858    112.94760
      3.43000    108.15705      1.77064    106.38642
      3.44000    106.70945      1.82966    104.87979
      3.45000    114.35973      2.05064    112.30910
      3.46000    164.26447      3.01704    161.24744
      3.47000    216.46050      4.01938    212.44112
      3.48000    226.64297      4.28900    222.35397
      3.49000    195.95442      3.79195    192.16247
      3.50000    186.45239      3.72469    182.72771
      3.51000    159.75218      3.27731    156.47487
      3.52000    164.37950      3.44944    160.93006
      3.53000    159.59686      3.43830    156.15855
      3.54000    125.40074      2.81085    122.58988
      3.55000    160.42594      3.62208    156.80386
      3.56000    145.11302      3.30054    141.81248
      3.57000    110.34905      2.73110    107.61795
      3.58000    138.77403      3.41209    135.36195
      3.59000    145.41163      3.42722    141.98442
      3.60000    124.28661      3.23035    121.05626
      3.61000    101.81039      2.82672     98.98367
      3.62000    119.14543      3.06669    116.07874
      3.63000    159.36299      4.15647    155.20651
      3.64000    110.50565      3.08553    107.42012
      3.65000     76.56440      2.37366     74.19075
      3.66000    126.31084      3.73228    122.57856
      3.67000    144.03250      3.86327    140.16923
      3.68000    112.39443      3.23618    109.15825
      3.69000     96.64638      3.32551     93.32087
      3.70000     80.74067      2.69072     78.04995
      3.71000    120.12519      3.54480    116.58039
      3.72000    157.87559      4.79052    153.08507
      3.73000     94.44286      3.09170     91.35116
      3.74000     63.47382      2.45364     61.02019
      3.75000    101.76274      3.82557     97.93717
      3.76000    125.12910      3.92621    121.20290
      3.77000    126.33268      3.84591    122.48677
      3.78000    111.39428      4.19932    107.19496
      3.79000     69.70626      2.95621     66.75005
      3.80000     61.16482      2.47542     58.68940
      3.81000    130.48221      4.76046    125.72175
      3.82000    147.77798      4.96905    142.80893
      3.83000     86.38072      3.05498     83.32574
      3.84000     78.32180      3.62818     74.69362
      3.85000     80.22849      3.82349     76.40500
      3.86000     75.19266      2.92530     72.26735
      3.87000    134.64930      4.82212    129.82718
      3.88000    145.11560      5.64208    139.47352
      3.89000     70.14603      3.05319     67.09284
      3.90000     52.32795      2.74149     49.58647
      3.91000     88.35721      4.56189     83.79532
      3.92000    102.06343      4.25764     97.80579
      3.93000    119.89835      4.16813    115.73022
      3.94000    125.93119      5.40799    120.52320
      3.95000     84.83374      4.41621     80.41753
      3.96000     41.18940      2.33391     38.85549
      3.97000     67.04550      3.68395     63.36155
      3.98000    124.35622      5.87659    118.47963
      3.99000    127.59585      4.84874    122.74711
      4.00000     94.54706      3.91049     90.63656
      4.01000     89.40868      5.11053     84.29814
      4.02000     65.89348      4.06579     61.82768
      4.03000     41.85112      2.41818     39.43294
      4.04000     97.80134      4.94324     92.85810
      4.05000    157.60865      8.87886    148.72979
      4.06000    133.14608     31.23581    101.91027
      4.07000    229.56188    158.58527     70.97661
      4.08000    495.78653    382.61828    113.16825
      4.09000    566.69320    455.22324    111.46996
      4.10000    495.70131    398.44614     97.25517
      4.11000    616.85390    448.06366    168.79024
      4.12000    754.42291    547.76659    206.65632
      4.13000    657.37421    527.04928    130.32493
      4.14000    539.71348    451.22596     88.48752
      4.15000    514.82910    401.64984    113.17926
      4.16000    482.70322    369.97667    112.72655
      4.17000    455.00334    345.84435    109.15899
      4.18000    487.42796    329.83509    157.59287
      4.19000    478.39196    315.96715    162.42481
      4.20000    395.93157    299.38882     96.54275
      4.21000    346.04800    285.17722     60.87078
      4.22000    365.84420    276.45981     89.38439
      4.23000    382.67401    267.95177    114.72224
      4.24000    376.31472    257.21317    119.10155
      4.25000    385.90053    249.44081    136.45972
      4.26000    377.40954    243.14144    134.26809
      4.27000    330.43109    234.72743     95.70366
      4.28000    279.43853    225.63371     53.80482
      4.29000    287.57521    219.79804     67.77717
      4.30000    333.51458    218.02473    115.48985
      4.31000    345.62527    210.88905    134.73623
      4.32000    326.71130    205.54504    121.16627
      4.33000    332.55882    198.69388    133.86494
      4.34000    421.00366    198.30276    222.70090
      4.35000    429.46754    191.86801    237.59953
      4.36000    374.06730    188.87597    185.19133
      4.37000    387.40812    184.34039    203.06774
      4.38000    434.01920    184.84369    249.17551
      4.39000    397.47620    178.89327    218.58293
      4.40000    325.47029    172.87851    152.59178
      4.41000    347.59110    174.99194    172.59915
      4.42000    316.22969    164.86662    151.36306
      4.43000    269.61258    170.27642     99.33616
      4.44000    299.21405    156.88679    142.32726
      4.45000    379.30519    169.53386    209.77133
      4.46000    340.56282    156.93406    183.62876
      4.47000    286.78167    156.60984    130.17184
      4.48000    296.89666    157.48302    139.41364
      4.49000    283.69241    147.79671    135.89570
      4.50000    245.92012    154.12458     91.79554
      4.51000    235.43641    144.10980     91.32661
      4.52000    321.89768    147.80283    174.09486
      4.53000    366.68735    151.01652    215.67083
      4.54000    277.49609    141.51845    135.97764
      4.55000    233.17318    140.85860     92.31458
      4.56000    374.33660    151.95260    222.38400
      4.57000    550.93851    160.39417    390.54433
      4.58000    534.88160    159.92438    374.95721
      4.59000    451.42478    159.28678    292.13800
      4.60000    464.25547    147.34295    316.91252
      4.61000    537.28553    150.71285    386.57269
      4.62000    492.53646    156.99435    335.54212
      4.63000    349.62977    133.24184    216.38793
      4.64000    316.98260    137.55823    179.42437
      4.65000    385.39277    151.51470    233.87807
      4.66000    422.31207    129.03096    293.28111
      4.67000    418.55947    136.16245    282.39702
      4.68000    391.50784    148.41494    243.09290
      4.69000    317.72529    117.66258    200.06272
      4.70000    335.47028    128.97647    206.49382
      4.71000    377.96760    150.76210    227.20550
      4.72000    331.74215    114.80530    216.93684
      4.73000    303.58957    116.26385    187.32571
      4.74000    345.37757    149.64637    195.73120
      4.75000    370.09741    120.38567    249.71174
      4.76000    343.93263    106.14123    237.79140
      4.77000    349.16834    145.43881    203.72953
      4.78000    314.52438    126.01548    188.50889
      4.79000    258.67363     91.18667    167.48696
      4.80000    311.73568    132.57536    179.16032
      4.81000    318.27720    142.23599    176.04121
      4.82000    277.22523     91.02626    186.19897
      4.83000    358.86226    109.07765    249.78461
      4.84000    361.08656    150.10654    210.98001
      4.85000    274.27168    108.38594    165.88574
      4.86000    253.68409     81.92622    171.75786
      4.87000    322.81624    135.51617    187.30007
      4.88000    318.52983    138.82267    179.70716
      4.89000    216.60342     78.18991    138.41351
      4.90000    242.02315     94.45395    147.56920
      4.91000    341.99189    149.35350    192.63840
      4.92000    366.04717    116.23459    249.81258
      4.93000    309.65114     72.33517    237.31597
      4.94000    268.66673    115.83590    152.83083
      4.95000    253.14443    145.19376    107.95067
      4.96000    169.57121     83.60705     85.96417
      4.97000    207.45985     67.99547    139.46438
      4.98000    355.17064    135.82540    219.34524
      4.99000    393.49595    142.64430    250.85165
      5.00000    289.77200     72.90553    216.86646
      5.01000    195.42870     69.91563    125.51306
      5.02000    259.31701    138.99720    120.31982
      5.03000    295.70543    131.84401    163.86142
      5.04000    179.10532     60.05553    119.04979
      5.05000    182.41040     71.69980    110.71060
      5.06000    321.08223    144.15866    176.92357
      5.07000    326.70141    125.29037    201.41104
      5.08000    272.43139     58.28849    214.14290
      5.09000    269.16348     74.96684    194.19663
      5.10000    263.93510    142.18716    121.74794
      5.11000    241.19438    123.46418    117.73020
      5.12000    201.66307     53.74557    147.91751
      5.13000    179.80640     62.15334    117.65306
      5.14000    244.23309    136.16876    108.06433
      5.15000    264.88828    131.10050    133.78779
      5.16000    209.73719     57.24862    152.48857
      5.17000    255.76103     56.65100    199.11003
      5.18000    357.70914    131.43095    226.27819
      5.19000    298.18141    141.39206    156.78934
      5.20000    164.54121     63.18477    101.35644
      5.21000    212.19448     43.77510    168.41939
      5.22000    391.17593    116.57907    274.59686
      5.23000    454.69259    161.85919    292.83339
      5.24000    319.52837     91.13218    228.39619
      5.25000    151.46642     34.04832    117.41810
      5.26000    111.08956     71.90266     39.18689
      5.27000    193.72102    143.21980     50.50121
      5.28000    234.04128    113.61598    120.42530
      5.29000    205.78467     44.93438    160.85029
      5.30000    196.48549     51.19568    145.28980
      5.31000    295.29533    128.16545    167.12988
      5.32000    341.63621    143.59428    198.04193
      5.33000    219.14494     64.73158    154.41336
      5.34000    169.76606     33.89203    135.87403
      5.35000    251.24877     91.57184    159.67693
      5.36000    250.82474    149.18235    101.64238
      5.37000    152.03040     96.73274     55.29767
      5.38000    155.98658     34.62912    121.35747
      5.39000    266.49871     55.43075    211.06796
      5.40000    313.96378    131.26549    182.69828
      5.41000    275.29239    138.47781    136.81458
      5.42000    221.21644     63.08502    158.13143
      5.43000    191.56141     34.61206    156.94935
      5.44000    259.41945     90.10444    169.31501
      5.45000    307.60643    149.15498    158.45145
      5.46000    173.97701     99.42962     74.54738
      5.47000     88.34092     36.16038     52.18054
      5.48000    164.94632     57.16373    107.78259
      5.49000    292.72875    123.81584    168.91291
      5.50000    343.51948    132.97699    210.54249
      5.51000    299.02756     80.22209    218.80547
      5.52000    260.79643     69.67439    191.12203
      5.53000    237.13186     93.82330    143.30857
      5.54000    193.30522    102.68213     90.62309
      5.55000    192.62149    120.22218     72.39932
      5.56000    277.62858    119.58974    158.03884
      5.57000    308.49313     84.03616    224.45697
      5.58000    228.54008     84.65636    143.88372
      5.59000    240.83333    137.01624    103.81709
      5.60000    319.83757    127.62020    192.21737
      5.61000    300.82975     85.31852    215.51123
      5.62000    193.91185     85.70427    108.20758
      5.63000    135.35779     77.98324     57.37455
      5.64000    201.03083     85.91293    115.11790
      5.65000    298.88334    109.00215    189.88119
      5.66000    295.72294    107.48622    188.23672
      5.67000    232.37437     81.61061    150.76376
      5.68000    300.73897    121.29505    179.44392
      5.69000    521.80436    330.38779    191.41657
      5.70000    662.23748    494.22857    168.00890
      5.71000    516.82768    383.18735    133.64033
      5.72000    346.97443    231.06329    115.91115
      5.73000    379.38955    195.77409    183.61545
      5.74000    470.46975    209.99407    260.47567
      5.75000    483.71668    215.26858    268.44810
      5.76000    344.25068    158.60469    185.64599
      5.77000    251.55020    122.38894    129.16127
      5.78000    367.29299    194.04855    173.24444
      5.79000    421.23145    230.56552    190.66593
      5.80000    326.94171    162.79401    164.14770
      5.81000    280.50174     99.22234    181.27940
      5.82000    379.18416    121.81701    257.36715
      5.83000    468.04720    184.17443    283.87278
      5.84000    426.46268    203.20439    223.25828
      5.85000    401.67149    239.10862    162.56287
      5.86000    408.87605    215.53049    193.34555
      5.87000    500.94753    216.62427    284.32326
      5.88000    611.31663    248.68864    362.62799
      5.89000    521.21377    212.17274    309.04103
      5.90000    417.61086    188.11737    229.49350
      5.91000    364.36705    151.60887    212.75817
      5.92000    283.85864    134.04483    149.81381
      5.93000    174.96169    113.30757     61.65412
      5.94000     74.82203     59.78426     15.03777
      5.95000     18.12424     15.64432      2.47992
      5.96000     21.09893     17.34291      3.75602
      5.97000    121.74665     93.87789     27.86876
      5.98000    303.65439    212.12930     91.52509
      5.99000    355.51101    207.52247    147.98854
      6.00000    324.96201    164.71788    160.24413
      6.01000    299.82206    156.22165    143.60041
      6.02000    195.68925     83.79957    111.88967
      6.03000    112.35325     23.40169     88.95157
      6.04000     52.91289      5.77348     47.13941
      6.05000     12.01023      1.29167     10.71856
      6.06000      8.25793      4.22476      4.03316
      6.07000     62.42667     31.59247     30.83419
      6.08000    216.67215    101.41303    115.25912
      6.09000    321.99705    157.29863    164.69842
      6.10000    251.73780    157.41480     94.32301
      6.11000    191.11038    159.60539     31.50499
      6.12000    193.66879    172.47784     21.19094
      6.13000    154.50736    116.35351     38.15385
      6.14000    166.15086     68.57357     97.57729
      6.15000    290.69673    141.74057    148.95616
      6.16000    373.38230    244.13864    129.24366
      6.17000    368.26222    257.75405    110.50817
      6.18000    294.75110    187.37977    107.37133
      6.19000    222.81145    154.17348     68.63797
      6.20000    283.52368    234.76147     48.76221
      6.21000    272.24154    228.27984     43.96169
      6.22000    143.71806    100.29630     43.42176
      6.23000    122.74355     44.64377     78.09978
      6.24000    214.13770    101.62389    112.51380
      6.25000    322.09259    188.54371    133.54889
      6.26000    378.39644    240.31009    138.08636
      6.27000    349.41666    222.76992    126.64673
      6.28000    210.70271    131.18506     79.51765
      6.29000    163.11497    109.69195     53.42301
      6.30000    204.35365    124.75877     79.59489
      6.31000    185.57886    101.27286     84.30601
      6.32000    146.16640     99.93445     46.23195
      6.33000    148.45836    116.83937     31.61899
      6.34000    165.67662    105.87872     59.79790
      6.35000    276.89941    125.51344    151.38597
      6.36000    422.17383    184.71608    237.45775
      6.37000    396.71848    211.42067    185.29782
      6.38000    275.45628    194.98196     80.47432
      6.39000    169.29705    139.84613     29.45093
      6.40000    137.02202    104.29943     32.72259
      6.41000    182.35064    109.56204     72.78860
      6.42000    226.14996    139.29847     86.85149
      6.43000    197.67682    145.66596     52.01087
      6.44000    134.07235     98.92958     35.14276
      6.45000    157.17456     89.88964     67.28492
      6.46000    179.58085     91.70531     87.87553
      6.47000    207.22499    118.18310     89.04189
      6.48000    283.62979    161.51286    122.11784
      6.49000    273.74777    138.51354    135.28275
      6.50000    203.25509     93.87169    110.38145
      6.51000    245.03997    184.68070     68.43121
      6.52000    465.13921    441.89552     50.26048
      6.53000    534.72950    532.89661     43.16685
      6.54000    419.04730    402.90892     53.25509
      6.55000    477.74572    437.61172     80.93848
      6.56000    701.90406    692.78961     73.01446
      6.57000    826.14197    816.44179     83.40270
      6.58000    857.65550    803.84729    117.16907
      6.59000    815.96105    749.52785    119.47056
      6.60000    616.45979    567.46424     95.90074
      6.61000    386.52077    379.31556     45.97432
      6.62000    325.76557    327.86610     31.95546
      6.63000    450.63105    402.62901     85.10691
      6.64000    541.28547    447.16273    131.87246
      6.65000    480.89268    421.10930     94.76382
      6.66000    387.00560    386.90871     33.19361
      6.67000    384.98333    398.48513     20.87554
      6.68000    393.64724    370.93063     55.79882
      6.69000    382.19377    328.39524     81.10800
      6.70000    354.82830    331.40265     48.37286
      6.71000    352.94218    360.39581     20.39288
      6.72000    379.33873    359.47452     49.64309
      6.73000    438.18166    332.94268    134.06073
      6.74000    548.33516    374.25868    200.84331
      6.75000    536.91255    381.15956    176.89260
      6.76000    407.89510    338.97712     89.64671
      6.77000    344.94953    335.68872     35.23169
      6.78000    309.39396    318.72963     18.08336
      6.79000    285.89824    299.75727     11.55722
      6.80000    310.55372    308.79397     26.30176
      6.81000    384.60162    325.38926     82.37918
      6.82000    447.74762    323.79010    141.59748
      6.83000    426.69078    306.91515    138.55159
      6.84000    320.61390    253.11742     89.43271
      6.85000    233.77523    207.99399     46.82496
      6.86000    290.49815    248.50049     64.79696
      6.87000    317.79064    259.39244     78.50264
      6.88000    265.51576    249.23210     37.83592
      6.89000    204.29066    215.49443      8.79753
      6.90000    203.88881    213.94577      6.92370
      6.91000    252.49978    253.49711     18.99779
      6.92000    320.38067    261.76307     77.48389
      6.93000    464.41536    289.65046    190.50418
      6.94000    472.98290    264.26707    218.87197
      6.95000    273.40274    149.02719    128.10917
      6.96000    228.38978    144.89211     89.08618
      6.97000    379.19715    311.18807     85.11150
      6.98000    455.83354    438.97470     42.73837
      6.99000    374.49412    383.55776     13.36116
      7.00000    261.48449    265.67575     13.84078
      7.01000    290.83327    252.22247     58.29624
      7.02000    388.59495    270.69654    134.21488
      7.03000    378.63659    245.25740    141.79868
      7.04000    279.99478    220.65842     70.09156
      7.05000    212.33238    215.27527     16.73568
      7.06000    136.82122    139.67475     11.98348
      7.07000     94.46286     53.55053     45.67400
      7.08000    169.95044     94.00969     80.97040
      7.09000    340.12681    265.90654     88.04617
      7.10000    485.73416    392.84180    114.84599
      7.11000    480.75049    370.64537    135.97732
      7.12000    374.30003    259.58154    133.39956
      7.13000    292.85298    177.85346    124.03103
      7.14000    325.10718    235.68214    104.50721
      7.15000    348.98773    292.39062     79.09295
      7.16000    233.25466    207.29051     39.05269
      7.17000    167.28784    127.30562     44.89837
      7.18000    272.00416    178.71906    102.98018
      7.19000    348.57240    243.84106    122.38705
      7.20000    262.04261    208.48262     68.92144
      7.21000    177.34693    140.60597     42.98217
      7.22000    159.82377     83.58014     77.33166
      7.23000    184.42676     73.74546    110.79104
      7.24000    242.66455    117.36076    125.99029
      7.25000    314.76972    198.16689    121.72411
      7.26000    410.05612    302.39077    123.07729
      7.27000    459.77873    342.81494    137.98262
      7.28000    411.51247    303.16879    124.32772
      7.29000    321.02045    257.97702     75.77796
      7.30000    393.50076    331.82963     79.88696
      7.31000    608.74504    457.40984    171.17861
      7.32000    692.03557    467.42026    237.03858
      7.33000    542.13233    350.74190    199.07980
      7.34000    427.06596    251.78926    187.27392
      7.35000    434.00065    246.20029    203.73022
      7.36000    350.90715    227.62203    137.52634
      7.37000    218.81569    141.67560     84.74459
      7.38000    163.72911     80.01254     86.79999
      7.39000    222.63760    139.86331     89.00328
      7.40000    358.79290    290.43995     79.66799
      7.41000    434.97614    350.83720     96.53131
      7.42000    375.00144    257.74420    127.60369
      7.43000    300.79953    149.63815    155.75557
      7.44000    296.98864    119.33071    178.47500
      7.45000    226.58520     81.25771    145.38405
      7.46000    156.45670     68.07998     88.45074
      7.47000    231.56493    158.29205     74.11870
      7.48000    395.48618    304.31873     94.95937
      7.49000    450.78578    361.95817     96.09120
      7.50000    312.43079    262.33296     57.80144
      7.51000    190.76278    133.64442     62.39349
      7.52000    207.71389     81.81709    127.73073
      7.53000    317.43519    138.15891    179.53982
      7.54000    427.37477    230.45362    197.04649
      7.55000    401.99252    243.28046    159.74641
      7.56000    298.64038    223.57690     79.87107
      7.57000    337.04983    310.65071     40.81088
      7.58000    476.20849    427.60993     72.76551
      7.59000    438.39362    337.08997    120.24810
      7.60000    389.95811    219.32633    182.10518
      7.61000    469.38272    219.99263    261.85590
      7.62000    505.28623    246.25998    274.30711
      7.63000    429.36943    250.97262    192.38206
      7.64000    300.08186    222.43344     89.00786
      7.65000    205.47981    178.92631     34.40581
      7.66000    175.78721    157.98906     25.47911
      7.67000    220.88481    172.61921     61.08931
      7.68000    272.40990    188.08309     96.28967
      7.69000    269.42273    185.77557     93.69238
      7.70000    204.95943    139.99633     74.00112
      7.71000    218.10791    108.93311    114.49856
      7.72000    295.31706    147.97844    155.14998
      7.73000    254.34914    167.99858     98.86122
      7.74000    212.10582    155.28582     65.22559
      7.75000    226.64092    169.40900     62.34787
      7.76000    234.95855    201.93601     41.19350
      7.77000    199.60882    165.92078     40.92690
      7.78000    121.24421     78.54918     45.09851
      7.79000     50.18288     25.42140     25.08519
      7.80000     55.29909     28.64633     27.20998
      7.81000    167.01381    102.50419     68.13670
      7.82000    269.02563    183.26388     94.86048
      7.83000    297.12410    197.38056    109.79645
      7.84000    319.91128    216.74547    112.09173
      7.85000    266.23519    185.09866     88.39951
      7.86000    186.26153    108.20277     80.89053
      7.87000    154.96954     98.00951     57.38089
      7.88000    131.66736    102.24396     29.44650
      7.89000    111.64764     83.47702     28.17108
      7.90000    103.68338     51.90339     51.78012
      7.91000    131.16155     57.67035     73.49935
      7.92000    130.02157     83.39134     46.81363
      7.93000     87.10914     75.64859     12.98105
      7.94000     88.37442     90.13025      2.88199
      7.95000    132.08342    127.46040      9.84611
      7.96000    220.72743    183.92696     39.34635
      7.97000    390.32470    297.48932     96.17083
      7.98000    541.71900    401.91864    148.35342
      7.99000    489.45374    340.85312    157.70036
      8.00000    369.52582    239.17412    134.22776
      8.01000    283.75549    217.20046     67.85230
      8.02000    190.18979    172.35318     18.83552
      8.03000     97.49276     92.67416      7.03572
      8.04000    110.99180     95.44048     22.10558
      8.05000    204.31309    153.62560     59.67442
      8.06000    244.50646    188.24980     62.62779
      8.07000    166.15737    142.76504     26.20798
      8.08000     60.31154     54.81138      6.15100
      8.09000     45.47656     37.32257      8.21635
      8.10000    101.18003     82.32609     18.85620
      8.11000    159.92478    133.80734     26.11752
      8.12000    183.96878    149.99715     33.97518
      8.13000    162.01060    108.57628     53.53486
      8.14000    200.48520    107.14769     94.38481
      8.15000    288.94172    180.48712    112.47393
      8.16000    384.56146    286.75164    103.56627
      8.17000    370.49461    305.09072     68.84054
      8.18000    256.64813    212.73069     45.39499
      8.19000    221.85342    130.27606     92.23296
      8.20000    262.95572    105.00461    158.17284
      8.21000    288.22396    111.72346    177.50336
      8.22000    372.09883    185.93784    191.36665
      8.23000    418.49311    261.63137    167.34431
      8.24000    267.54554    196.36676     81.98469
      8.25000    195.07335    160.42180     46.82195
      8.26000    293.52321    223.64982     80.58622
      8.27000    381.65298    281.32429    104.30496
      8.28000    355.81581    268.31691     88.26432
      8.29000    285.75842    217.10438     69.93551
      8.30000    234.66133    186.69437     50.63270
      8.31000    213.93087    178.25740     37.84656
      8.32000    195.41578    163.67287     32.52172
      8.33000    159.14069    131.36675     28.07481
      8.34000    165.15274    119.76590     47.03109
      8.35000    171.23416    126.15843     52.02196
