Energy-E_F (eV)    DOS (1/eV)    PDOS (1/eV)  of atom type H  C  
     -6.84518    201.67267     10.16634    191.50633
     -6.83518    295.96520     22.80962    273.15559
     -6.82518    230.29108     22.16182    208.12927
     -6.81518    122.90843      9.40484    113.50359
     -6.80518     90.02894      2.83761     87.19133
     -6.79518     63.24759      1.30582     61.94178
     -6.78518     86.00876      1.61450     84.39426
     -6.77518    137.21847      2.84429    134.37418
     -6.76518    165.49155      7.98584    157.50571
     -6.75518    239.59852     24.48297    215.11555
     -6.74518    303.68109     38.50477    265.17632
     -6.73518    213.49559     27.51258    185.98301
     -6.72518    118.63525      9.55683    109.07843
     -6.71518     97.04869      4.32986     92.71883
     -6.70518    121.88995     10.10539    111.78456
     -6.69518    212.99141     18.23688    194.75453
     -6.68518    200.17784     13.57386    186.60398
     -6.67518    101.19344      6.87066     94.32278
     -6.66518    134.92304     15.47036    119.45269
     -6.65518    236.78921     27.64326    209.14595
     -6.64518    170.93389     18.79042    152.14347
     -6.63518     74.49527      5.19302     69.30224
     -6.62518    117.16175      2.30809    114.85366
     -6.61518    162.10920      3.70003    158.40917
     -6.60518    122.79404      9.52251    113.27153
     -6.59518    149.51424     22.72413    126.79011
     -6.58518    223.78278     30.54627    193.23651
     -6.57518    216.00000     26.20029    189.79971
     -6.56518    141.57824     15.22809    126.35016
     -6.55518    111.30327      6.11471    105.18856
     -6.54518    150.75688      3.15986    147.59702
     -6.53518    135.31671      3.80443    131.51228
     -6.52518    116.95893     13.84090    103.11803
     -6.51518    208.17140     33.68350    174.48790
     -6.50518    222.94034     32.39672    190.54362
     -6.49518    132.83722     15.66690    117.17033
     -6.48518    111.56869     10.25601    101.31268
     -6.47518    136.70081      7.26642    129.43439
     -6.46518    172.93462      5.75446    167.18016
     -6.45518    178.43111     14.14946    164.28164
     -6.44518    195.49323     29.31941    166.17382
     -6.43518    187.32685     26.36066    160.96618
     -6.42518    159.73430     16.25576    143.47854
     -6.41518    207.25969     28.65400    178.60569
     -6.40518    272.47211     43.10119    229.37093
     -6.39518    265.89299     35.16062    230.73237
     -6.38518    275.86050     24.61145    251.24905
     -6.37518    223.94008     17.54764    206.39244
     -6.36518    126.21206     12.21432    113.99775
     -6.35518     69.62599      5.81640     63.80959
     -6.34518     90.16455      4.68054     85.48402
     -6.33518    123.10860     11.36922    111.73938
     -6.32518    109.87793     15.65740     94.22053
     -6.31518     86.59953      9.06687     77.53266
     -6.30518    134.43818      4.09916    130.33902
     -6.29518    176.02757      6.74494    169.28263
     -6.28518    145.37600     13.39006    131.98594
     -6.27518    122.69296     18.29267    104.40029
     -6.26518    197.25383     30.39234    166.86148
     -6.25518    319.10835     44.39367    274.71469
     -6.24518    300.18159     41.13703    259.04455
     -6.23518    258.76975     41.07837    217.69138
     -6.22518    256.89926     38.87355    218.02571
     -6.21518    221.93154     26.07369    195.85785
     -6.20518    167.46796     13.77303    153.69493
     -6.19518    161.76436     16.44548    145.31888
     -6.18518    172.60842     22.52393    150.08449
     -6.17518    116.01818     14.51267    101.50551
     -6.16518     94.57768      9.44787     85.12981
     -6.15518    158.50166     17.96064    140.54101
     -6.14518    173.53795     19.61677    153.92119
     -6.13518    138.92599     10.56536    128.36063
     -6.12518    147.09167     12.78664    134.30503
     -6.11518    216.98361     22.91714    194.06647
     -6.10518    193.71162     17.81788    175.89374
     -6.09518     78.14533      5.45542     72.68991
     -6.08518     14.64157      0.72159     13.91997
     -6.07518     17.98787      0.94088     17.04700
     -6.06518    104.23334      7.09931     97.13404
     -6.05518    271.12836     23.53242    247.59594
     -6.04518    321.53822     35.29897    286.23925
     -6.03518    200.10374     27.24284    172.86090
     -6.02518     88.88557     12.84990     76.03567
     -6.01518    111.11223     10.54755    100.56467
     -6.00518    240.65074     18.22639    222.42435
     -5.99518    306.34195     19.56628    286.77567
     -5.98518    229.74056     12.50484    217.23573
     -5.97518    101.73733      5.40380     96.33353
     -5.96518     88.64202      8.89944     79.74258
     -5.95518    198.32233     24.56715    173.75518
     -5.94518    248.31883     34.71905    213.59978
     -5.93518    177.23499     25.54916    151.68583
     -5.92518     79.93881     10.50530     69.43351
     -5.91518     57.07454      7.86696     49.20758
     -5.90518    166.18328     24.84565    141.33764
     -5.89518    271.21935     40.86902    230.35033
     -5.88518    245.84747     35.48963    210.35784
     -5.87518    210.13676     29.74998    180.38677
     -5.86518    169.61552     24.21403    145.40149
     -5.85518    124.50485     13.58624    110.91861
     -5.84518    139.54474      9.13041    130.41433
     -5.83518    154.68354     13.03376    141.64979
     -5.82518    135.11348     20.46173    114.65175
     -5.81518    162.88877     29.67304    133.21573
     -5.80518    239.32072     31.54623    207.77449
     -5.79518    319.08176     30.32077    288.76099
     -5.78518    279.60759     24.26132    255.34627
     -5.77518    118.25599     10.04938    108.20660
     -5.76518     29.64587      2.64838     26.99749
     -5.75518     51.17330      5.22282     45.95048
     -5.74518    122.39663     12.69449    109.70214
     -5.73518    193.25918     21.48699    171.77219
     -5.72518    225.42349     24.48281    200.94069
     -5.71518    200.74194     17.32179    183.42015
     -5.70518    143.67342     12.50024    131.17317
     -5.69518    103.88589     15.17275     88.71314
     -5.68518    161.80972     25.49924    136.31047
     -5.67518    220.42419     25.77476    194.64943
     -5.66518    183.62623     19.65727    163.96896
     -5.65518    201.60560     28.26719    173.33841
     -5.64518    256.33274     33.53168    222.80106
     -5.63518    241.98606     22.31110    219.67496
     -5.62518    294.48994     23.36933    271.12061
     -5.61518    360.86278     32.77939    328.08339
     -5.60518    302.38869     31.76778    270.62091
     -5.59518    345.72221     43.81643    301.90578
     -5.58518    568.07290     74.15074    493.92216
     -5.57518    714.52668     90.94167    623.58501
     -5.56518    693.05351     89.77761    603.27590
     -5.55518    636.86553     78.01903    558.84650
     -5.54518    582.43641     62.77338    519.66303
     -5.53518    542.37199     59.81858    482.55341
     -5.52518    504.56588     55.40493    449.16095
     -5.51518    453.44715     46.49877    406.94838
     -5.50518    443.73594     43.77464    399.96130
     -5.49518    523.46327     55.83679    467.62648
     -5.48518    481.81294     58.97138    422.84156
     -5.47518    299.48317     45.92203    253.56114
     -5.46518    262.54612     46.97083    215.57528
     -5.45518    271.34046     40.38296    230.95750
     -5.44518    206.77415     23.40130    183.37285
     -5.43518    166.33121     18.22324    148.10797
     -5.42518    140.80612     23.20317    117.60295
     -5.41518     87.50065     19.87942     67.62124
     -5.40518     91.32707     23.97505     67.35202
     -5.39518    174.60267     44.52458    130.07809
     -5.38518    250.62707     52.77660    197.85047
     -5.37518    302.06699     41.58469    260.48230
     -5.36518    324.80767     38.69958    286.10809
     -5.35518    263.12104     38.26302    224.85801
     -5.34518    143.00774     22.42127    120.58648
     -5.33518     48.88867      6.96400     41.92467
     -5.32518     32.08008      1.50202     30.57806
     -5.31518     70.33044      1.45002     68.88042
     -5.30518     74.29269      1.50641     72.78628
     -5.29518     55.76763      1.73392     54.03371
     -5.28518    107.66274      6.27106    101.39167
     -5.27518    152.30488     12.34028    139.96459
     -5.26518    105.17370      9.56222     95.61147
     -5.25518     79.43272      3.75128     75.68144
     -5.24518     80.25150      1.82886     78.42264
     -5.23518     39.14734      0.81549     38.33185
     -5.22518     11.69741      0.72854     10.96887
     -5.21518     35.27351      4.10326     31.17025
     -5.20518    119.07884     11.62550    107.45334
     -5.19518    226.63834     17.17897    209.45937
     -5.18518    249.73970     17.05798    232.68173
     -5.17518    132.92191      9.39399    123.52793
     -5.16518     29.38479      2.17551     27.20928
     -5.15518      2.72307      0.19560      2.52747
     -5.14518      3.95684      0.08403      3.87281
     -5.13518     27.90864      0.57163     27.33700
     -5.12518     80.40765      1.96400     78.44365
     -5.11518    133.94424      6.28200    127.66224
     -5.10518    214.90247     17.76335    197.13912
     -5.09518    222.09216     23.06358    199.02858
     -5.08518     99.99091     11.56451     88.42640
     -5.07518     32.81958      2.48638     30.33320
     -5.06518     58.92757      1.31515     57.61243
     -5.05518     78.30278      1.57824     76.72454
     -5.04518     39.52103      0.79774     38.72329
     -5.03518     15.72162      0.44666     15.27496
     -5.02518     55.22300      2.70390     52.51910
     -5.01518    144.14672      9.36769    134.77903
     -5.00518    179.36457     12.84791    166.51666
     -4.99518    134.48165      7.45939    127.02226
     -4.98518     62.80435      2.15601     60.64835
     -4.97518     14.06786      0.34502     13.72284
     -4.96518      1.57005      0.03329      1.53676
     -4.95518      5.88278      0.12431      5.75847
     -4.94518     43.59020      1.06924     42.52096
     -4.93518    139.35386      4.80100    134.55286
     -4.92518    207.25939     11.26436    195.99503
     -4.91518    148.14991     11.90512    136.24479
     -4.90518     48.64057      5.02740     43.61316
     -4.89518     10.67311      0.88508      9.78804
     -4.88518     28.35755      0.62430     27.73325
     -4.87518     72.98578      1.55164     71.43414
     -4.86518     79.69178      2.30168     77.39010
     -4.85518     86.78302      5.13385     81.64917
     -4.84518    161.48054     11.10609    150.37445
     -4.83518    204.17705     15.25032    188.92674
     -4.82518    161.04629     12.56825    148.47804
     -4.81518    113.93908      5.79311    108.14597
     -4.80518     66.78821      1.87631     64.91190
     -4.79518     18.86800      0.41775     18.45025
     -4.78518      4.01778      0.08337      3.93441
     -4.77518     20.93500      0.43558     20.49942
     -4.76518     90.32560      2.18080     88.14481
     -4.75518    177.40684      6.62482    170.78202
     -4.74518    181.05189     12.02327    169.02861
     -4.73518    109.75029     10.61227     99.13801
     -4.72518     96.59793      7.21557     89.38236
     -4.71518    221.41960     10.40211    211.01749
     -4.70518    397.45818     13.98465    383.47353
     -4.69518    495.36695     14.72135    480.64560
     -4.68518    468.83373     12.80294    456.03080
     -4.67518    448.35955     11.88477    436.47478
     -4.66518    434.84030     15.12850    419.71180
     -4.65518    374.39412     18.89229    355.50183
     -4.64518    284.27671     14.69437    269.58235
     -4.63518    215.51839      7.95653    207.56185
     -4.62518    167.70633      4.89352    162.81281
     -4.61518    133.86189      3.79028    130.07161
     -4.60518    150.33497      4.80295    145.53202
     -4.59518    223.42977      8.84039    214.58938
     -4.58518    271.86035     11.96284    259.89751
     -4.57518    261.01667     13.83485    247.18182
     -4.56518    261.74640     16.27477    245.47163
     -4.55518    209.99037     11.29779    198.69258
     -4.54518    115.84713      4.43907    111.40806
     -4.53518     90.89955      2.61296     88.28659
     -4.52518     84.90023      2.23795     82.66228
     -4.51518     90.85525      2.03752     88.81772
     -4.50518    143.78149      3.43820    140.34329
     -4.49518    193.68862      6.76589    186.92273
     -4.48518    225.44969     13.33131    212.11838
     -4.47518    246.98317     18.10547    228.87770
     -4.46518    233.02015     14.15100    218.86915
     -4.45518    165.11558      6.84901    158.26657
     -4.44518     99.21030      2.86984     96.34046
     -4.43518     80.18880      2.13131     78.05749
     -4.42518     84.64116      2.29833     82.34283
     -4.41518     69.11191      2.17504     66.93687
     -4.40518    127.45407      6.12866    121.32540
     -4.39518    240.31157     13.95873    226.35285
     -4.38518    242.48919     13.71295    228.77624
     -4.37518    135.12400      6.18196    128.94204
     -4.36518     82.52386      3.52033     79.00353
     -4.35518    141.12234      6.87203    134.25031
     -4.34518    145.84472      7.29569    138.54903
     -4.33518     72.13414      3.28093     68.85321
     -4.32518     87.04445      3.20246     83.84200
     -4.31518    200.53201      9.85026    190.68175
     -4.30518    297.17307     15.97463    281.19844
     -4.29518    255.01128     11.26740    243.74388
     -4.28518    136.76932      4.03852    132.73080
     -4.27518    107.21142      2.41583    104.79559
     -4.26518    151.88331      3.26864    148.61467
     -4.25518    128.59579      2.99521    125.60058
     -4.24518    115.66557      4.81644    110.84913
     -4.23518    210.71528     11.07098    199.64429
     -4.22518    318.56543     17.35952    301.20591
     -4.21518    336.40421     16.21776    320.18645
     -4.20518    193.43836      7.43108    186.00728
     -4.19518     63.58004      1.89607     61.68398
     -4.18518     64.09788      1.64992     62.44796
     -4.17518     98.15261      2.37030     95.78230
     -4.16518    108.92449      2.30734    106.61715
     -4.15518    131.02713      3.79674    127.23039
     -4.14518    190.53689     10.04090    180.49598
     -4.13518    263.81752     16.75005    247.06747
     -4.12518    264.32148     14.91661    249.40487
     -4.11518    195.37562      8.26179    187.11384
     -4.10518    136.80955      3.67524    133.13431
     -4.09518    136.82902      2.83730    133.99173
     -4.08518    123.73572      2.82411    120.91161
     -4.07518     79.15205      2.58915     76.56290
     -4.06518    103.91276      6.45946     97.45331
     -4.05518    190.19602     13.09278    177.10323
     -4.04518    208.66854     11.67730    196.99124
     -4.03518    182.07375      6.29463    175.77913
     -4.02518    169.78558      5.63467    164.15091
     -4.01518    183.78409      7.31129    176.47281
     -4.00518    158.67901      5.67810    153.00091
     -3.99518    158.84677      4.64064    154.20613
     -3.98518    188.27259      7.66279    180.60980
     -3.97518    181.89819     12.33234    169.56585
     -3.96518    178.95698     11.51148    167.44550
     -3.95518    163.91829      6.11273    157.80557
     -3.94518    148.04818      3.60675    144.44143
     -3.93518    118.34201      2.79398    115.54803
     -3.92518     78.88160      2.83568     76.04592
     -3.91518     88.93679      5.25888     83.67791
     -3.90518    126.42568      8.56231    117.86337
     -3.89518    169.51476     12.59724    156.91752
     -3.88518    141.04708     11.02341    130.02367
     -3.87518     48.68106      3.92818     44.75288
     -3.86518      6.30553      0.52300      5.78253
     -3.85518      0.40471      0.02816      0.37655
     -3.84518      2.66568      0.08193      2.58375
     -3.83518     27.31965      1.13885     26.18080
     -3.82518    117.20741      6.64525    110.56216
     -3.81518    217.09983     15.57548    201.52435
     -3.80518    172.11790     14.16205    157.95585
     -3.79518     56.75052      4.89807     51.85245
     -3.78518     18.44716      0.84598     17.60118
     -3.77518     66.04567      1.27787     64.76780
     -3.76518    158.02256      3.03924    154.98331
     -3.75518    202.25816      4.68919    197.56897
     -3.74518    244.58173      9.43692    235.14481
     -3.73518    281.22096     14.90965    266.31131
     -3.72518    217.52283     12.19626    205.32657
     -3.71518    145.72768      7.60557    138.12211
     -3.70518    139.21161      5.29561    133.91600
     -3.69518    172.60905      4.10974    168.49931
     -3.68518    153.21965      3.25719    149.96246
     -3.67518    136.24477      4.62945    131.61532
     -3.66518    180.48715     10.64560    169.84155
     -3.65518    188.30706     12.80658    175.50049
     -3.64518    131.49939      6.91979    124.57960
     -3.63518    121.67289      3.97451    117.69838
     -3.62518    136.67557      5.29416    131.38142
     -3.61518    135.21052      5.41374    129.79677
     -3.60518    172.77456      5.35409    167.42047
     -3.59518    234.64302      9.58647    225.05655
     -3.58518    225.13999     13.62689    211.51310
     -3.57518    117.48108      8.69789    108.78319
     -3.56518     36.71530      2.37002     34.34528
     -3.55518     63.57240      1.62878     61.94362
     -3.54518    163.63191      4.44166    159.19025
     -3.53518    234.45930      7.87038    226.58892
     -3.52518    227.58182     10.52416    217.05766
     -3.51518    196.25743     13.34232    182.91511
     -3.50518    153.61677     10.68311    142.93366
     -3.49518    105.36049      4.56775    100.79274
     -3.48518     64.21339      1.58940     62.62399
     -3.47518     76.56966      1.55289     75.01677
     -3.46518    102.74549      3.04027     99.70522
     -3.45518    173.71340      9.01429    164.69912
     -3.44518    298.49244     17.25411    281.23833
     -3.43518    269.62591     14.21437    255.41154
     -3.42518    155.69047      5.74754    149.94294
     -3.41518     79.19239      1.88708     77.30531
     -3.40518     27.41073      0.63471     26.77602
     -3.39518     39.03104      1.78718     37.24386
     -3.38518    148.76023      8.31870    140.44152
     -3.37518    305.58932     17.03591    288.55341
     -3.36518    319.62620     15.19467    304.43153
     -3.35518    157.22069      6.03220    151.18849
     -3.34518     58.35672      1.61138     56.74533
     -3.33518     76.48814      1.89280     74.59533
     -3.32518     88.98504      4.00433     84.98071
     -3.31518    110.33939      9.52113    100.81826
     -3.30518    194.04300     13.59411    180.44890
     -3.29518    256.59275     11.22215    245.37060
     -3.28518    197.95446      6.56508    191.38937
     -3.27518    123.76151      3.30713    120.45438
     -3.26518    136.18856      3.97866    132.20990
     -3.25518    163.01972      8.60991    154.40980
     -3.24518    146.33038     12.35899    133.97139
     -3.23518    110.94318      8.94114    102.00204
     -3.22518    177.08014      6.95478    170.12536
     -3.21518    237.51113      7.07314    230.43799
     -3.20518    166.70377      5.00795    161.69582
     -3.19518    146.07231      7.61496    138.45736
     -3.18518    174.57162     12.68037    161.89125
     -3.17518    155.72096     10.06619    145.65477
     -3.16518    119.26882      5.21048    114.05834
     -3.15518    119.68218      4.77003    114.91215
     -3.14518    164.88145      6.12281    158.75863
     -3.13518    223.62892     10.24413    213.38479
     -3.12518    210.23468     13.53708    196.69759
     -3.11518    179.36451      9.75798    169.60653
     -3.10518    201.24800      6.30999    194.93802
     -3.09518    200.51979      6.48070    194.03909
     -3.08518    196.26648      8.66738    187.59910
     -3.07518    180.99306     12.18352    168.80954
     -3.06518    173.15356     12.36020    160.79336
     -3.05518    181.38198      7.78687    173.59511
     -3.04518    296.22428      8.52573    287.69856
     -3.03518    389.10662     12.31349    376.79314
     -3.02518    269.59520     13.38784    256.20736
     -3.01518    135.35362     12.79967    122.55395
     -3.00518     62.07827      7.11189     54.96638
     -2.99518     59.24028      2.76212     56.47816
     -2.98518    136.78304      4.85324    131.92980
     -2.97518    183.97943     10.44765    173.53178
     -2.96518    143.62975     13.19641    130.43334
     -2.95518     66.74399      7.88702     58.85697
     -2.94518     27.53190      2.51604     25.01586
     -2.93518     75.08988      4.10895     70.98093
     -2.92518    192.96509     11.29299    181.67209
     -2.91518    257.71874     14.84092    242.87781
     -2.90518    185.34084      8.79045    176.55039
     -2.89518     92.63699      3.69316     88.94383
     -2.88518    104.21121      6.63164     97.57957
     -2.87518    144.78701     12.73050    132.05651
     -2.86518    101.91749     10.94986     90.96763
     -2.85518     50.45080      4.65018     45.80062
     -2.84518    100.60178      5.49452     95.10726
     -2.83518    213.02034     12.53959    200.48075
     -2.82518    238.47403     14.10732    224.36670
     -2.81518    178.68942      7.93711    170.75231
     -2.80518    146.43132      6.46013    139.97118
     -2.79518    146.40699     11.21169    135.19530
     -2.78518    120.26679     12.31614    107.95065
     -2.77518    100.44723      7.83580     92.61142
     -2.76518    150.17617      8.19300    141.98316
     -2.75518    208.89339     13.27248    195.62091
     -2.74518    208.17292     13.31689    194.85603
     -2.73518    200.06716      9.32530    190.74185
     -2.72518    201.64463     10.79366    190.85097
     -2.71518    191.82599     14.26339    177.56259
     -2.70518    151.18140     10.94977    140.23164
     -2.69518    153.82929     10.52590    143.30339
     -2.68518    239.77295     15.78065    223.99230
     -2.67518    255.28561     14.40460    240.88100
     -2.66518    243.89960     13.84762    230.05197
     -2.65518    307.75145     17.94234    289.80911
     -2.64518    337.89338     17.25229    320.64109
     -2.63518    274.12830     16.47595    257.65235
     -2.62518    173.08701     14.67151    158.41550
     -2.61518    130.62319     12.15779    118.46540
     -2.60518    171.39583     14.18790    157.20793
     -2.59518    160.30212     14.06292    146.23920
     -2.58518    146.27868     14.71616    131.56251
     -2.57518    181.27625     15.85594    165.42031
     -2.56518    195.81292     17.59648    178.21644
     -2.55518    171.03872     19.56894    151.46978
     -2.54518    192.84817     23.58180    169.26637
     -2.53518    264.10193     28.58535    235.51658
     -2.52518    261.71962     26.35909    235.36053
     -2.51518    154.72893     14.32965    140.39928
     -2.50518     97.66724      4.33371     93.33352
     -2.49518     77.28700      1.19676     76.09023
     -2.48518     35.87678      0.42444     35.45235
     -2.47518     50.57143      0.72600     49.84543
     -2.46518    166.12234      2.47669    163.64565
     -2.45518    276.59515      4.10563    272.48952
     -2.44518    219.83240      3.18743    216.64498
     -2.43518    101.47486      1.40827    100.06659
     -2.42518    114.77805      1.51273    113.26532
     -2.41518    160.45572      2.12066    158.33507
     -2.40518    102.34324      1.41837    100.92488
     -2.39518     79.32783      1.32187     78.00596
     -2.38518    140.13641      2.31620    137.82020
     -2.37518    190.27197      2.94749    187.32447
     -2.36518    193.71088      3.51980    190.19108
     -2.35518    194.69401      4.93828    189.75573
     -2.34518    159.54872      4.48648    155.06224
     -2.33518    126.62617      2.70918    123.91699
     -2.32518    212.07080      3.40284    208.66796
     -2.31518    213.93722      3.35059    210.58663
     -2.30518     85.57491      1.36229     84.21262
     -2.29518     46.93821      1.14520     45.79301
     -2.28518    251.79256      7.17028    244.62229
     -2.27518    788.30567     23.03668    765.26899
     -2.26518   1214.38074     35.52283   1178.85791
     -2.25518   1100.33052     31.61273   1068.71779
     -2.24518    719.74403     20.70221    699.04183
     -2.23518    454.68389     13.06448    441.61941
     -2.22518    440.22533     11.91805    428.30728
     -2.21518    497.86967     13.20985    484.65982
     -2.20518    417.86302     10.83609    407.02693
     -2.19518    376.50932      9.38522    367.12409
     -2.18518    476.32389     12.47748    463.84640
     -2.17518    498.91189     13.37142    485.54047
     -2.16518    339.56818      8.50749    331.06069
     -2.15518    173.17522      3.72060    169.45462
     -2.14518    103.11385      1.66737    101.44647
     -2.13518     77.04313      1.06001     75.98311
     -2.12518     31.49528      0.42321     31.07207
     -2.11518     24.18473      0.32240     23.86233
     -2.10518     85.13509      1.14734     83.98775
     -2.09518    148.69963      2.03612    146.66351
     -2.08518    108.23002      1.50614    106.72388
     -2.07518     32.72411      0.46165     32.26246
     -2.06518      9.23839      0.13540      9.10299
     -2.05518     35.22805      0.52255     34.70550
     -2.04518     94.76645      1.36587     93.40057
     -2.03518    126.84011      1.71661    125.12350
     -2.02518     96.10983      1.21669     94.89314
     -2.01518     42.49614      0.55049     41.94565
     -2.00518     63.87977      1.12191     62.75787
     -1.99518    243.67042      4.70712    238.96330
     -1.98518    536.34938     10.84026    525.50913
     -1.97518    730.41806     14.84103    715.57702
     -1.96518    740.41547     14.62970    725.78577
     -1.95518    600.21070     11.61037    588.60033
     -1.94518    445.74719      8.59690    437.15029
     -1.93518    451.80164      8.71006    443.09158
     -1.92518    569.70619     11.08213    558.62406
     -1.91518    562.21388     10.89568    551.31820
     -1.90518    494.13178      9.18872    484.94306
     -1.89518    566.78939      9.99642    556.79297
     -1.88518    576.24750     10.14953    566.09797
     -1.87518    388.81250      7.02694    381.78556
     -1.86518    254.10298      4.70035    249.40264
     -1.85518    227.03781      4.08863    222.94918
     -1.84518    187.13633      3.00202    184.13431
     -1.83518    174.02090      2.35450    171.66639
     -1.82518    160.45803      2.17595    158.28208
     -1.81518    123.78381      1.81444    121.96937
     -1.80518     77.63208      1.17745     76.45463
     -1.79518     43.87844      0.59903     43.27941
     -1.78518     88.07733      1.06345     87.01388
     -1.77518    147.50563      1.82843    145.67720
     -1.76518    107.84341      1.38489    106.45852
     -1.75518     33.35798      0.43957     32.91840
     -1.74518     10.80032      0.13230     10.66802
     -1.73518     43.71110      0.51183     43.19927
     -1.72518    116.68986      1.39904    115.29082
     -1.71518    139.70399      1.72766    137.97633
     -1.70518     84.48140      1.06106     83.42034
     -1.69518     65.26831      0.76932     64.49900
     -1.68518    103.51198      1.18455    102.32743
     -1.67518    134.69461      1.56363    133.13097
     -1.66518    150.56981      1.80208    148.76773
     -1.65518    109.54365      1.34745    108.19620
     -1.64518     39.97619      0.49863     39.47756
     -1.63518     23.13822      0.27140     22.86682
     -1.62518     97.16600      1.11969     96.04630
     -1.61518    212.53177      2.47579    210.05598
     -1.60518    189.81126      2.24493    187.56633
     -1.59518     70.85210      0.85192     70.00018
     -1.58518     16.17807      0.19511     15.98295
     -1.57518     44.50965      0.52319     43.98646
     -1.56518    138.76941      1.62483    137.14458
     -1.55518    185.62975      2.16339    183.46636
     -1.54518    140.45847      1.62913    138.82934
     -1.53518     84.78611      1.00642     83.77969
     -1.52518     80.11084      1.02165     79.08919
     -1.51518    110.95511      1.36558    109.58953
     -1.50518    115.44455      1.26987    114.17468
     -1.49518     97.20521      1.06646     96.13875
     -1.48518    119.15074      1.51797    117.63277
     -1.47518    156.27438      2.02061    154.25377
     -1.46518    105.30426      1.28995    104.01431
     -1.45518     74.68354      0.76268     73.92085
     -1.44518    122.59205      1.29589    121.29616
     -1.43518    133.10646      1.63704    131.46942
     -1.42518     74.55328      1.01369     73.53959
     -1.41518     52.21056      0.62970     51.58086
     -1.40518    106.01347      1.08513    104.92834
     -1.39518    138.02112      1.23420    136.78692
     -1.38518     87.79890      0.68402     87.11488
     -1.37518     31.01861      0.23772     30.78088
     -1.36518     49.35266      0.46069     48.89197
     -1.35518    140.23156      1.27133    138.96024
     -1.34518    206.93754      1.93812    204.99942
     -1.33518    262.09958      2.88787    259.21171
     -1.32518    292.08659      3.41858    288.66801
     -1.31518    186.73740      2.03870    184.69870
     -1.30518     88.69666      0.90108     87.79558
     -1.29518    136.92826      1.63591    135.29235
     -1.28518    224.96899      2.95935    222.00964
     -1.27518    208.06269      2.72421    205.33848
     -1.26518    186.13702      1.89184    184.24518
     -1.25518    162.25638      1.41133    160.84506
     -1.24518    127.71103      1.35339    126.35763
     -1.23518    161.94951      1.92842    160.02109
     -1.22518    130.38015      1.43330    128.94685
     -1.21518     80.60584      0.56974     80.03610
     -1.20518    121.11277      0.82715    120.28562
     -1.19518    180.03406      2.06004    177.97403
     -1.18518    165.14806      2.49906    162.64899
     -1.17518     71.77149      1.22159     70.54990
     -1.16518     15.01430      0.27883     14.73547
     -1.15518     21.53963      0.45037     21.08926
     -1.14518     68.41922      1.40570     67.01352
     -1.13518    102.02197      1.88599    100.13598
     -1.12518    103.66622      1.48488    102.18134
     -1.11518     79.15697      0.98846     78.16851
     -1.10518     55.97148      0.94406     55.02742
     -1.09518     77.54846      1.62179     75.92667
     -1.08518     66.22345      1.40883     64.81462
     -1.07518     26.80844      0.52419     26.28426
     -1.06518     42.31143      0.59051     41.72092
     -1.05518    118.29446      1.77663    116.51782
     -1.04518    145.27857      2.44667    142.83190
     -1.03518     74.37877      1.38037     72.99840
     -1.02518     17.17208      0.34381     16.82827
     -1.01518     17.97701      0.38542     17.59159
     -1.00518     65.63535      1.35571     64.27964
     -0.99518    116.31865      2.12056    114.19809
     -0.98518    116.36620      1.69220    114.67400
     -0.97518     69.27516      0.87892     68.39624
     -0.96518     44.58691      0.80413     43.78278
     -0.95518     73.90845      1.60919     72.29926
     -0.94518     69.55166      1.51935     68.03231
     -0.93518     36.52449      0.67037     35.85412
     -0.92518     63.25259      0.82439     62.42820
     -0.91518    124.65689      1.86193    122.79497
     -0.90518    125.46186      2.26624    123.19562
     -0.89518     61.77786      1.26308     60.51477
     -0.88518     15.68264      0.33919     15.34345
     -0.87518     24.06650      0.50645     23.56004
     -0.86518     87.06814      1.68545     85.38269
     -0.85518    142.79121      2.41039    140.38082
     -0.84518    106.07671      1.51905    104.55767
     -0.83518     41.30128      0.58520     40.71608
     -0.82518     43.19722      0.92919     42.26804
     -0.81518     79.05038      1.78411     77.26627
     -0.80518     67.30574      1.41744     65.88830
     -0.79518     62.23912      0.87138     61.36774
     -0.78518     99.91294      1.29840     98.61454
     -0.77518    115.08338      1.98414    113.09924
     -0.76518     89.07927      1.88500     87.19427
     -0.75518     36.19107      0.81412     35.37695
     -0.74518     17.71730      0.35859     17.35871
     -0.73518     69.73180      1.25982     68.47198
     -0.72518    150.96663      2.57162    148.39501
     -0.71518    124.02207      1.98687    122.03520
     -0.70518     41.66472      0.65423     41.01050
     -0.69518     29.74908      0.65574     29.09335
     -0.68518     72.29912      1.66501     70.63412
     -0.67518     91.42044      1.87448     89.54596
     -0.66518     92.48503      1.30592     91.17910
     -0.65518     93.69520      1.19349     92.50171
     -0.64518     88.83379      1.66912     87.16467
     -0.63518     83.90100      1.92443     81.97657
     -0.62518     43.64224      1.00304     42.63920
     -0.61518     36.58393      0.59815     35.98578
     -0.60518    108.92754      1.71609    107.21145
     -0.59518    155.24342      2.66004    152.58338
     -0.58518     85.51551      1.58774     83.92777
     -0.57518     24.52454      0.51437     24.01016
     -0.56518     42.06436      0.96965     41.09471
     -0.55518    103.75458      2.14616    101.60842
     -0.54518    130.63497      2.14264    128.49233
     -0.53518     92.56886      1.22102     91.34783
     -0.52518     61.07917      1.12227     59.95690
     -0.51518     80.18158      1.92277     78.25881
     -0.50518     72.93206      1.66020     71.27186
     -0.49518     69.89769      1.04047     68.85722
     -0.48518    116.06196      1.66032    114.40164
     -0.47518    128.24784      2.40513    125.84271
     -0.46518     75.60510      1.70035     73.90475
     -0.45518     31.88862      0.71371     31.17490
     -0.44518     72.27316      1.34532     70.92785
     -0.43518    152.56178      2.68046    149.88131
     -0.42518    124.25890      2.08405    122.17485
     -0.41518     49.16703      0.89682     48.27021
     -0.40518     59.19230      1.41479     57.77751
     -0.39518    109.32569      2.33100    106.99468
     -0.38518    121.97123      1.91468    120.05655
     -0.37518     99.05900      1.43067     97.62833
     -0.36518     90.59148      1.97631     88.61517
     -0.35518     85.91786      2.05818     83.85969
     -0.34518     81.77943      1.38816     80.39126
     -0.33518    125.87589      1.92819    123.94771
     -0.32518    133.19312      2.58918    130.60394
     -0.31518     75.49975      1.70499     73.79476
     -0.30518     68.79003      1.30899     67.48104
     -0.29518    143.72816      2.54388    141.18428
     -0.28518    141.32835      2.55511    138.77324
     -0.27518     72.55407      1.44025     71.11383
     -0.26518     99.05927      2.05443     97.00484
     -0.25518    153.95372      2.79015    151.16356
     -0.24518    117.44364      1.96209    115.48155
     -0.23518     97.83371      2.04173     95.79198
     -0.22518    138.58329      2.72487    135.85842
     -0.21518    138.40913      2.27067    136.13846
     -0.20518    124.91334      2.39219    122.52115
     -0.19518    145.54176      2.80902    142.73274
     -0.18518    147.38591      2.45269    144.93322
     -0.17518    152.11307      2.81894    149.29413
     -0.16518    170.66367      2.99375    167.66991
     -0.15518    180.67912      2.91267    177.76645
     -0.14518    212.20437      3.48221    208.72216
     -0.13518    209.31729      3.30269    206.01459
     -0.12518    173.56649      3.21105    170.35544
     -0.11518    117.47533      2.83911    114.63622
     -0.10518     95.35595      2.72095     92.63500
     -0.09518     99.15940      2.91299     96.24641
     -0.08518    100.99457      2.97621     98.01836
     -0.07518    106.60332      3.14474    103.45859
     -0.06518    111.29010      3.28375    108.00636
     -0.05518    119.73503      3.53047    116.20455
     -0.04518    126.51584      3.72335    122.79249
     -0.03518    136.30256      3.99767    132.30488
     -0.02518    146.47913      4.27625    142.20289
     -0.01518    135.70625      3.93654    131.76971
     -0.00518    115.06004      3.30691    111.75313
      0.00482     78.98726      2.25743     76.72982
      0.01482     27.14014      0.77450     26.36564
      0.02482      3.67782      0.10492      3.57289
      0.03482      0.18569      0.00530      0.18039
      0.04482      0.00346      0.00010      0.00336
      0.05482      0.00000      0.00000      0.00000
      0.06482      0.00000      0.00000      0.00000
      0.07482      0.00000      0.00000      0.00000
      0.08482      0.00000      0.00000      0.00000
      0.09482      0.00000      0.00000      0.00000
      0.10482      0.00000      0.00000      0.00000
      0.11482      0.00000      0.00000      0.00000
      0.12482      0.00000      0.00000      0.00000
      0.13482      0.00000      0.00000      0.00000
      0.14482      0.00000      0.00000      0.00000
      0.15482      0.00000      0.00000      0.00000
      0.16482      0.00000      0.00000      0.00000
      0.17482      0.00000      0.00000      0.00000
      0.18482      0.00000      0.00000      0.00000
      0.19482      0.00000      0.00000      0.00000
      0.20482      0.00000      0.00000      0.00000
      0.21482      0.00000      0.00000      0.00000
      0.22482      0.00000      0.00000      0.00000
      0.23482      0.00000      0.00000      0.00000
      0.24482      0.00000      0.00000      0.00000
      0.25482      0.00000      0.00000      0.00000
      0.26482      0.00000      0.00000      0.00000
      0.27482      0.00000      0.00000      0.00000
      0.28482      0.00000      0.00000      0.00000
      0.29482      0.00000      0.00000      0.00000
      0.30482      0.00000      0.00000      0.00000
      0.31482      0.00000      0.00000      0.00000
      0.32482      0.00000      0.00000      0.00000
      0.33482      0.00000      0.00000      0.00000
      0.34482      0.00000      0.00000      0.00000
      0.35482      0.00000      0.00000      0.00000
      0.36482      0.00000      0.00000      0.00000
      0.37482      0.00000      0.00000      0.00000
      0.38482      0.00000      0.00000      0.00000
      0.39482      0.00000      0.00000      0.00000
      0.40482      0.00000      0.00000      0.00000
      0.41482      0.00000      0.00000      0.00000
      0.42482      0.00000      0.00000      0.00000
      0.43482      0.00000      0.00000      0.00000
      0.44482      0.00000      0.00000      0.00000
      0.45482      0.00000      0.00000      0.00000
      0.46482      0.00000      0.00000      0.00000
      0.47482      0.00000      0.00000      0.00000
      0.48482      0.00000      0.00000      0.00000
      0.49482      0.00000      0.00000      0.00000
      0.50482      0.00000      0.00000      0.00000
      0.51482      0.00000      0.00000      0.00000
      0.52482      0.00000      0.00000      0.00000
      0.53482      0.00000      0.00000      0.00000
      0.54482      0.00000      0.00000      0.00000
      0.55482      0.00000      0.00000      0.00000
      0.56482      0.00000      0.00000      0.00000
      0.57482      0.00000      0.00000      0.00000
      0.58482      0.00000      0.00000      0.00000
      0.59482      0.00000      0.00000      0.00000
      0.60482      0.00000      0.00000      0.00000
      0.61482      0.00000      0.00000      0.00000
      0.62482      0.00000      0.00000      0.00000
      0.63482      0.00000      0.00000      0.00000
      0.64482      0.00000      0.00000      0.00000
      0.65482      0.00000      0.00000      0.00000
      0.66482      0.00000      0.00000      0.00000
      0.67482      0.00000      0.00000      0.00000
      0.68482      0.00000      0.00000      0.00000
      0.69482      0.00000      0.00000      0.00000
      0.70482      0.00000      0.00000      0.00000
      0.71482      0.00000      0.00000      0.00000
      0.72482      0.00000      0.00000      0.00000
      0.73482      0.00000      0.00000      0.00000
      0.74482      0.00000      0.00000      0.00000
      0.75482      0.00000      0.00000      0.00000
      0.76482      0.00000      0.00000      0.00000
      0.77482      0.00000      0.00000      0.00000
      0.78482      0.00000      0.00000      0.00000
      0.79482      0.00000      0.00000      0.00000
      0.80482      0.00000      0.00000      0.00000
      0.81482      0.00000      0.00000      0.00000
      0.82482      0.00000      0.00000      0.00000
      0.83482      0.00000      0.00000      0.00000
      0.84482      0.00000      0.00000      0.00000
      0.85482      0.00000      0.00000      0.00000
      0.86482      0.00000      0.00000      0.00000
      0.87482      0.00000      0.00000      0.00000
      0.88482      0.00000      0.00000      0.00000
      0.89482      0.00000      0.00000      0.00000
      0.90482      0.00000      0.00000      0.00000
      0.91482      0.00000      0.00000      0.00000
      0.92482      0.00000      0.00000      0.00000
      0.93482      0.00000      0.00000      0.00000
      0.94482      0.00000      0.00000      0.00000
      0.95482      0.00000      0.00000      0.00000
      0.96482      0.00000      0.00000      0.00000
      0.97482      0.00000      0.00000      0.00000
      0.98482      0.00000      0.00000      0.00000
      0.99482      0.00000      0.00000      0.00000
      1.00482      0.00000      0.00000      0.00000
      1.01482      0.00000      0.00000      0.00000
      1.02482      0.00000      0.00000      0.00000
      1.03482      0.00000      0.00000      0.00000
      1.04482      0.00000      0.00000      0.00000
      1.05482      0.00000      0.00000      0.00000
      1.06482      0.00000      0.00000      0.00000
      1.07482      0.00000      0.00000      0.00000
      1.08482      0.00000      0.00000      0.00000
      1.09482      0.00000      0.00000      0.00000
      1.10482      0.00000      0.00000      0.00000
      1.11482      0.00000      0.00000      0.00000
      1.12482      0.00000      0.00000      0.00000
      1.13482      0.00000      0.00000      0.00000
      1.14482      0.00000      0.00000      0.00000
      1.15482      0.00000      0.00000      0.00000
      1.16482      0.00000      0.00000      0.00000
      1.17482      0.00000      0.00000      0.00000
      1.18482      0.00000      0.00000      0.00000
      1.19482      0.00000      0.00000      0.00000
      1.20482      0.00000      0.00000      0.00000
      1.21482      0.00000      0.00000      0.00000
      1.22482      0.00000      0.00000      0.00000
      1.23482      0.00000      0.00000      0.00000
      1.24482      0.00000      0.00000      0.00000
      1.25482      0.00000      0.00000      0.00000
      1.26482      0.00000      0.00000      0.00000
      1.27482      0.00000      0.00000      0.00000
      1.28482      0.00000      0.00000      0.00000
      1.29482      0.00000      0.00000      0.00000
      1.30482      0.00000      0.00000      0.00000
      1.31482      0.00000      0.00000      0.00000
      1.32482      0.00000      0.00000      0.00000
      1.33482      0.00000      0.00000      0.00000
      1.34482      0.00000      0.00000      0.00000
      1.35482      0.00000      0.00000      0.00000
      1.36482      0.00000      0.00000      0.00000
      1.37482      0.00000      0.00000      0.00000
      1.38482      0.00000      0.00000      0.00000
      1.39482      0.00000      0.00000      0.00000
      1.40482      0.00000      0.00000      0.00000
      1.41482      0.00000      0.00000      0.00000
      1.42482      0.00000      0.00000      0.00000
      1.43482      0.00000      0.00000      0.00000
      1.44482      0.00000      0.00000      0.00000
      1.45482      0.00000      0.00000      0.00000
      1.46482      0.00000      0.00000      0.00000
      1.47482      0.00000      0.00000      0.00000
      1.48482      0.00000      0.00000      0.00000
      1.49482      0.00000      0.00000      0.00000
      1.50482      0.00000      0.00000      0.00000
      1.51482      0.00000      0.00000      0.00000
      1.52482      0.00000      0.00000      0.00000
      1.53482      0.00000      0.00000      0.00000
      1.54482      0.00000      0.00000      0.00000
      1.55482      0.00000      0.00000      0.00000
      1.56482      0.00000      0.00000      0.00000
      1.57482      0.00000      0.00000      0.00000
      1.58482      0.00000      0.00000      0.00000
      1.59482      0.00000      0.00000      0.00000
      1.60482      0.00000      0.00000      0.00000
      1.61482      0.00000      0.00000      0.00000
      1.62482      0.00000      0.00000      0.00000
      1.63482      0.00000      0.00000      0.00000
      1.64482      0.00000      0.00000      0.00000
      1.65482      0.00000      0.00000      0.00000
      1.66482      0.00000      0.00000      0.00000
      1.67482      0.00000      0.00000      0.00000
      1.68482      0.00000      0.00000      0.00000
      1.69482      0.00000      0.00000      0.00000
      1.70482      0.00000      0.00000      0.00000
      1.71482      0.00000      0.00000      0.00000
      1.72482      0.00000      0.00000      0.00000
      1.73482      0.00000      0.00000      0.00000
      1.74482      0.00000      0.00000      0.00000
      1.75482      0.00000      0.00000      0.00000
      1.76482      0.00000      0.00000      0.00000
      1.77482      0.00000      0.00000      0.00000
      1.78482      0.00000      0.00000      0.00000
      1.79482      0.00000      0.00000      0.00000
      1.80482      0.00000      0.00000      0.00000
      1.81482      0.00000      0.00000      0.00000
      1.82482      0.00000      0.00000      0.00000
      1.83482      0.00000      0.00000      0.00000
      1.84482      0.00000      0.00000      0.00000
      1.85482      0.00000      0.00000      0.00000
      1.86482      0.00000      0.00000      0.00000
      1.87482      0.00000      0.00000      0.00000
      1.88482      0.00000      0.00000      0.00000
      1.89482      0.00000      0.00000      0.00000
      1.90482      0.00000      0.00000      0.00000
      1.91482      0.00000      0.00000      0.00000
      1.92482      0.00000      0.00000      0.00000
      1.93482      0.00000      0.00000      0.00000
      1.94482      0.00000      0.00000      0.00000
      1.95482      0.00000      0.00000      0.00000
      1.96482      0.00000      0.00000      0.00000
      1.97482      0.00000      0.00000      0.00000
      1.98482      0.00000      0.00000      0.00000
      1.99482      0.00000      0.00000      0.00000
      2.00482      0.00000      0.00000      0.00000
      2.01482      0.00000      0.00000      0.00000
      2.02482      0.00000      0.00000      0.00000
      2.03482      0.00000      0.00000      0.00000
      2.04482      0.00000      0.00000      0.00000
      2.05482      0.00000      0.00000      0.00000
      2.06482      0.00000      0.00000      0.00000
      2.07482      0.00000      0.00000      0.00000
      2.08482      0.00000      0.00000      0.00000
      2.09482      0.00000      0.00000      0.00000
      2.10482      0.00000      0.00000      0.00000
      2.11482      0.00000      0.00000      0.00000
      2.12482      0.00000      0.00000      0.00000
      2.13482      0.00000      0.00000      0.00000
      2.14482      0.00000      0.00000      0.00000
      2.15482      0.00000      0.00000      0.00000
      2.16482      0.00000      0.00000      0.00000
      2.17482      0.00000      0.00000      0.00000
      2.18482      0.00000      0.00000      0.00000
      2.19482      0.00000      0.00000      0.00000
      2.20482      0.00000      0.00000      0.00000
      2.21482      0.00000      0.00000      0.00000
      2.22482      0.00000      0.00000      0.00000
      2.23482      0.00000      0.00000      0.00000
      2.24482      0.00000      0.00000      0.00000
      2.25482      0.00000      0.00000      0.00000
      2.26482      0.00000      0.00000      0.00000
      2.27482      0.00000      0.00000      0.00000
      2.28482      0.00000      0.00000      0.00000
      2.29482      0.00000      0.00000      0.00000
      2.30482      0.00000      0.00000      0.00000
      2.31482      0.00000      0.00000      0.00000
      2.32482      0.00000      0.00000      0.00000
      2.33482      0.00000      0.00000      0.00000
      2.34482      0.00000      0.00000      0.00000
      2.35482      0.00000      0.00000      0.00000
      2.36482      0.00000      0.00000      0.00000
      2.37482      0.00000      0.00000      0.00000
      2.38482      0.00000      0.00000      0.00000
      2.39482      0.00000      0.00000      0.00000
      2.40482      0.00000      0.00000      0.00000
      2.41482      0.00000      0.00000      0.00000
      2.42482      0.00000      0.00000      0.00000
      2.43482      0.00000      0.00000      0.00000
      2.44482      0.00000      0.00000      0.00000
      2.45482      0.00000      0.00000      0.00000
      2.46482      0.00000      0.00000      0.00000
      2.47482      0.00000      0.00000      0.00000
      2.48482      0.00000      0.00000      0.00000
      2.49482      0.00000      0.00000      0.00000
      2.50482      0.00000      0.00000      0.00000
      2.51482      0.00000      0.00000      0.00000
      2.52482      0.00000      0.00000      0.00000
      2.53482      0.00000      0.00000      0.00000
      2.54482      0.00000      0.00000      0.00000
      2.55482      0.00000      0.00000      0.00000
      2.56482      0.00000      0.00000      0.00000
      2.57482      0.00000      0.00000      0.00000
      2.58482      0.00000      0.00000      0.00000
      2.59482      0.00000      0.00000      0.00000
      2.60482      0.00000      0.00000      0.00000
      2.61482      0.00000      0.00000      0.00000
      2.62482      0.00000      0.00000      0.00000
      2.63482      0.00000      0.00000      0.00000
      2.64482      0.00000      0.00000      0.00000
      2.65482      0.00000      0.00000      0.00000
      2.66482      0.00000      0.00000      0.00000
      2.67482      0.00000      0.00000      0.00000
      2.68482      0.00000      0.00000      0.00000
      2.69482      0.00000      0.00000      0.00000
      2.70482      0.00000      0.00000      0.00000
      2.71482      0.00000      0.00000      0.00000
      2.72482      0.00000      0.00000      0.00000
      2.73482      0.00000      0.00000      0.00000
      2.74482      0.00000      0.00000      0.00000
      2.75482      0.00000      0.00000      0.00000
      2.76482      0.00000      0.00000      0.00000
      2.77482      0.00000      0.00000      0.00000
      2.78482      0.00000      0.00000      0.00000
      2.79482      0.00000      0.00000      0.00000
      2.80482      0.00000      0.00000      0.00000
      2.81482      0.00000      0.00000      0.00000
      2.82482      0.00000      0.00000      0.00000
      2.83482      0.00000      0.00000      0.00000
      2.84482      0.00000      0.00000      0.00000
      2.85482      0.00000      0.00000      0.00000
      2.86482      0.00000      0.00000      0.00000
      2.87482      0.00000      0.00000      0.00000
      2.88482      0.00000      0.00000      0.00000
      2.89482      0.00000      0.00000      0.00000
      2.90482      0.00000      0.00000      0.00000
      2.91482      0.00000      0.00000      0.00000
      2.92482      0.00000      0.00000      0.00000
      2.93482      0.00000      0.00000      0.00000
      2.94482      0.00000      0.00000      0.00000
      2.95482      0.00000      0.00000      0.00000
      2.96482      0.00000      0.00000      0.00000
      2.97482      0.00000      0.00000      0.00000
      2.98482      0.00000      0.00000      0.00000
      2.99482      0.00000      0.00000      0.00000
      3.00482      0.00000      0.00000      0.00000
      3.01482      0.00000      0.00000      0.00000
      3.02482      0.00000      0.00000      0.00000
      3.03482      0.00000      0.00000      0.00000
      3.04482      0.00000      0.00000      0.00000
      3.05482      0.00000      0.00000      0.00000
      3.06482      0.00000      0.00000      0.00000
      3.07482      0.00000      0.00000      0.00000
      3.08482      0.00000      0.00000      0.00000
      3.09482      0.00000      0.00000      0.00000
      3.10482      0.00000      0.00000      0.00000
      3.11482      0.00000      0.00000      0.00000
      3.12482      0.00000      0.00000      0.00000
      3.13482      0.00000      0.00000      0.00000
      3.14482      0.00000      0.00000      0.00000
      3.15482      0.00000      0.00000      0.00000
      3.16482      0.00000      0.00000      0.00000
      3.17482      0.00000      0.00000      0.00000
      3.18482      0.00000      0.00000      0.00000
      3.19482      0.00000      0.00000      0.00000
      3.20482      0.00000      0.00000      0.00000
      3.21482      0.00000      0.00000      0.00000
      3.22482      0.00000      0.00000      0.00000
      3.23482      0.00000      0.00000      0.00000
      3.24482      0.00000      0.00000      0.00000
      3.25482      0.00000      0.00000      0.00000
      3.26482      0.00000      0.00000      0.00000
      3.27482      0.00000      0.00000      0.00000
      3.28482      0.00000      0.00000      0.00000
      3.29482      0.00328      0.00004      0.00324
      3.30482      0.19070      0.00206      0.18864
      3.31482      4.08002      0.04424      4.03579
      3.32482     34.35264      0.37409     33.97855
      3.33482    121.60352      1.33618    120.26734
      3.34482    205.62579      2.30125    203.32454
      3.35482    208.58417      2.41679    206.16738
      3.36482    174.73389      2.13359    172.60030
      3.37482    150.22379      1.94239    148.28140
      3.38482    134.25716      1.83477    132.42239
      3.39482    124.53649      1.79493    122.74156
      3.40482    117.50139      1.78357    115.71782
      3.41482    111.14729      1.76953    109.37776
      3.42482    106.70486      1.78605    104.91881
      3.43482    106.77704      1.86644    104.91060
      3.44482    132.76055      2.41596    130.34459
      3.45482    189.48971      3.49338    185.99633
      3.46482    223.45949      4.18510    219.27438
      3.47482    213.38042      4.07259    209.30782
      3.48482    191.15897      3.74461    187.41437
      3.49482    177.39637      3.58720    173.80917
      3.50482    153.14647      3.17462    149.97185
      3.51482    171.06029      3.62554    167.43475
      3.52482    139.95564      3.05929    136.89635
      3.53482    134.56887      3.03995    131.52892
      3.54482    165.99646      3.73873    162.25773
      3.55482    122.83082      2.86982    119.96100
      3.56482    117.04062      2.94993    114.09070
      3.57482    146.70951      3.51545    143.19406
      3.58482    138.17709      3.32999    134.84710
      3.59482    115.07455      3.12830    111.94625
      3.60482     99.78286      2.70181     97.08105
      3.61482    139.90127      3.57578    136.32549
      3.62482    150.50873      4.01074    146.49799
      3.63482     85.89683      2.50055     83.39628
      3.64482     89.92807      2.79308     87.13500
      3.65482    141.77548      4.02677    137.74870
      3.66482    132.66328      3.53013    129.13314
      3.67482    105.02464      3.27268    101.75196
      3.68482     89.60600      3.13788     86.46812
      3.69482     85.54052      2.68277     82.85775
      3.70482    143.75972      4.24879    139.51093
      3.71482    142.66175      4.41832    138.24342
      3.72482     71.76296      2.48135     69.28161
      3.73482     73.98253      2.91363     71.06891
      3.74482    113.36561      4.03852    109.32709
      3.75482    126.77497      3.77681    122.99816
      3.76482    123.72241      4.03540    119.68701
      3.77482     99.14925      3.95926     95.19000
      3.78482     57.15192      2.43892     54.71300
      3.79482     79.46476      3.09524     76.36952
      3.80482    149.70584      5.30387    144.40196
      3.81482    128.07950      4.23872    123.84078
      3.82482     75.61341      2.95506     72.65834
      3.83482     83.16131      3.98030     79.18101
      3.84482     73.69488      3.38124     70.31364
      3.85482     89.01360      3.23414     85.77946
      3.86482    151.58465      5.55724    146.02741
      3.87482    122.82407      4.92339    117.90068
      3.88482     53.41219      2.47566     50.93653
      3.89482     63.27594      3.36976     59.90618
      3.90482     95.06817      4.70814     90.36003
      3.91482    105.34910      3.98259    101.36651
      3.92482    125.92639      4.56950    121.35689
      3.93482    118.08373      5.46589    112.61785
      3.94482     66.59771      3.58710     63.01061
      3.95482     40.72944      2.32552     38.40392
      3.96482     86.36052      4.58533     81.77520
      3.97482    132.69002      5.85899    126.83103
      3.98482    116.92586      4.28752    112.63834
      3.99482     90.22004      4.20773     86.01231
      4.00482     86.86876      5.17685     81.69191
      4.01482     53.34855      3.28869     50.05986
      4.02482     49.81321      2.73227     47.08094
      4.03482    123.50695      6.07667    117.43028
      4.04482    153.02765      9.42148    143.60617
      4.05482    121.85403     40.25620     81.59783
      4.06482    269.07159    191.92277     77.14882
      4.07482    531.80468    413.04522    118.75947
      4.08482    553.88324    451.42743    102.45581
      4.09482    508.33082    398.26563    110.06519
      4.10482    659.22080    468.12511    191.09569
      4.11482    742.69395    552.05710    190.63685
      4.12482    622.55254    513.08404    109.46850
      4.13482    533.97926    440.64165     93.33761
      4.14482    514.33734    395.57011    118.76723
      4.15482    472.06735    364.75706    107.31030
      4.16482    462.53520    342.51170    120.02349
      4.17482    496.54749    327.93239    168.61510
      4.18482    460.17789    312.99010    147.18779
      4.19482    375.36019    296.01298     79.34721
      4.20482    347.92997    283.59340     64.33658
      4.21482    376.07411    275.63233    100.44179
      4.22482    381.55697    266.05524    115.50173
      4.23482    378.90915    255.50162    123.40753
      4.24482    387.65237    248.45975    139.19262
      4.25482    369.25627    242.00240    127.25386
      4.26482    313.51358    232.40074     81.11284
      4.27482    275.66902    224.52929     51.13973
      4.28482    300.14012    219.41829     80.72183
      4.29482    342.27281    217.42309    124.84972
      4.30482    342.82262    209.42077    133.40185
      4.31482    323.24249    204.35359    118.88891
      4.32482    356.25329    198.25244    158.00086
      4.33482    439.91805    198.15550    241.76254
      4.34482    410.11081    190.29391    219.81690
      4.35482    370.49637    189.02179    181.47458
      4.36482    399.82477    183.45457    216.37020
      4.37482    436.19815    185.64070    250.55746
      4.38482    371.52137    175.67963    195.84174
      4.39482    326.85356    174.74579    152.10777
      4.40482    349.50535    172.47265    177.03269
      4.41482    297.10931    165.79266    131.31665
      4.42482    269.45181    168.34198    101.10984
      4.43482    322.13472    157.74291    164.39181
      4.44482    382.42780    170.18556    212.24225
      4.45482    319.09755    153.85050    165.24705
      4.46482    287.52148    158.78489    128.73658
      4.47482    298.28441    154.97571    143.30869
      4.48482    273.73813    148.51319    125.22495
      4.49482    236.27297    153.35016     82.92281
      4.50482    251.37667    143.26047    108.11620
      4.51482    345.25039    149.89686    195.35352
      4.52482    352.71210    149.51528    203.19682
      4.53482    252.75302    140.15883    112.59420
      4.54482    255.72284    143.07891    112.64393
      4.55482    434.53227    155.79495    278.73731
      4.56482    566.54494    161.04292    405.50202
      4.57482    505.92954    159.23920    346.69033
      4.58482    441.98409    157.41139    284.57270
      4.59482    483.49603    146.24020    337.25582
      4.60482    541.53451    153.18352    388.35099
      4.61482    456.70844    153.62342    303.08502
      4.62482    326.28003    130.34951    195.93053
      4.63482    327.91956    141.67174    186.24781
      4.64482    403.41594    149.68383    253.73211
      4.65482    422.00279    126.45352    295.54927
      4.66482    412.73173    140.22050    272.51123
      4.67482    375.58540    144.79366    230.79174
      4.68482    311.39603    114.99415    196.40188
      4.69482    348.46193    135.20617    213.25576
      4.70482    375.63834    147.55670    228.08164
      4.71482    320.43606    109.82868    210.60738
      4.72482    304.07950    122.70181    181.37769
      4.73482    357.86965    149.53492    208.33473
      4.74482    368.08876    113.60292    254.48584
      4.75482    338.40986    111.03071    227.37915
      4.76482    347.71609    147.88515    199.83094
      4.77482    300.94222    117.53262    183.40960
      4.78482    259.77037     93.47381    166.29657
      4.79482    322.67429    140.10304    182.57125
      4.80482    305.83964    134.68916    171.15048
      4.81482    289.57607     87.62109    201.95498
      4.82482    368.83002    118.10549    250.72453
      4.83482    343.40993    148.56610    194.84382
      4.84482    265.05779     99.25063    165.80716
      4.85482    261.36019     86.93815    174.42204
      4.86482    333.05280    143.04299    190.00981
      4.87482    299.51551    129.59657    169.91894
      4.88482    207.87505     73.54147    134.33358
      4.89482    259.73140    104.68057    155.05083
      4.90482    357.27586    150.96590    206.30997
      4.91482    364.87607    106.14341    258.73266
      4.92482    291.26732     73.25862    218.00871
      4.93482    263.51161    125.54125    137.97036
      4.94482    239.75974    139.39066    100.36908
      4.95482    165.00845     74.55477     90.45369
      4.96482    236.16980     76.07319    160.09662
      4.97482    374.32123    144.46164    229.85959
      4.98482    384.70208    133.26836    251.43372
      4.99482    262.14507     65.11636    197.02871
      5.00482    190.54476     78.72668    111.81808
      5.01482    279.79877    146.42073    133.37804
      5.02482    281.93315    120.69100    161.24215
      5.03482    161.46388     53.95754    107.50634
      5.04482    206.63460     82.83421    123.80040
      5.05482    336.44915    149.60504    186.84411
      5.06482    317.11328    113.74415    203.36913
      5.07482    270.79806     54.33393    216.46413
      5.08482    262.86008     84.94278    177.91730
      5.09482    258.77819    146.98347    111.79473
      5.10482    240.10376    112.25933    127.84443
      5.11482    193.80826     48.19588    145.61238
      5.12482    181.27468     71.91577    109.35891
      5.13482    257.43666    143.92170    113.51497
      5.14482    258.38295    120.23566    138.14729
      5.15482    210.47001     50.48437    159.98564
      5.16482    276.23174     65.61753    210.61421
      5.17482    357.56690    140.58968    216.97722
      5.18482    268.98409    131.42334    137.56075
      5.19482    161.51926     54.02921    107.49005
      5.20482    245.40818     50.79059    194.61759
      5.21482    417.29509    129.91299    287.38210
      5.22482    440.09248    156.72258    283.36990
      5.23482    283.83900     77.36492    206.47408
      5.24482    125.98999     33.05633     92.93366
      5.25482    117.61070     84.03379     33.57691
      5.26482    210.46026    147.07873     63.38153
      5.27482    239.18917    102.19114    136.99802
      5.28482    198.75941     39.77484    158.98457
      5.29482    203.84742     59.92810    143.91933
      5.30482    315.42990    138.48828    176.94162
      5.31482    329.99246    134.58537    195.40709
      5.32482    197.14251     54.25181    142.89070
      5.33482    180.96683     37.76915    143.19769
      5.34482    257.00682    103.75137    153.25545
      5.35482    232.37207    147.96661     84.40547
      5.36482    145.01490     84.29371     60.72118
      5.37482    178.99024     32.63791    146.35233
      5.38482    279.99105     65.15174    214.83931
      5.39482    306.34943    139.56200    166.78743
      5.40482    268.26406    129.50449    138.75957
      5.41482    215.65002     53.86899    161.78103
      5.42482    193.62822     37.89503    155.73320
      5.43482    276.02960    102.27849    173.75111
      5.44482    290.68503    148.40558    142.27945
      5.45482    147.89646     86.85597     61.04049
      5.46482     94.40013     33.87047     60.52966
      5.47482    188.16059     66.52931    121.63128
      5.48482    310.58942    130.94350    179.64592
      5.49482    342.97416    126.93070    216.04346
      5.50482    290.34052     74.24280    216.09773
      5.51482    254.09551     72.94378    181.15172
      5.52482    227.49396     95.41426    132.07970
      5.53482    184.33044    104.11768     80.21276
      5.54482    205.00109    122.57084     82.43025
      5.55482    299.72841    116.50298    183.22543
      5.56482    296.13670     79.36620    216.77050
      5.57482    213.24798     90.44896    122.79902
      5.58482    257.43471    141.43576    115.99895
      5.59482    332.30665    120.89226    211.41439
      5.60482    280.62666     82.83941    197.78725
      5.61482    172.00053     85.63053     86.37000
      5.62482    139.47244     77.14265     62.32978
      5.63482    223.33615     90.05678    133.27937
      5.64482    308.84690    110.59647    198.25043
      5.65482    283.55635    104.64254    178.91381
      5.66482    232.65615     79.36877    153.28738
      5.67482    325.04023    139.06277    185.97746
      5.68482    545.39587    359.82447    185.57140
      5.69482    654.30529    492.69078    161.61450
      5.70482    485.38197    359.28877    126.09320
      5.71482    344.91001    221.76789    123.14212
      5.72482    401.45131    198.38192    203.06938
      5.73482    483.19812    214.40742    268.79070
      5.74482    467.36836    210.11855    257.24982
      5.75482    313.80520    148.31861    165.48659
      5.76482    259.76114    126.77211    132.98903
      5.77482    388.22813    205.66282    182.56531
      5.78482    413.17391    227.08393    186.08998
      5.79482    314.07189    152.70746    161.36443
      5.80482    290.55334     96.05925    194.49409
      5.81482    401.12107    131.48001    269.64106
      5.82482    464.57509    187.39079    277.18430
      5.83482    411.53525    205.69330    205.84195
      5.84482    400.04368    240.07214    159.97154
      5.85482    414.71150    206.84021    207.87129
      5.86482    522.16189    218.06778    304.09410
      5.87482    610.97069    246.88340    364.08728
      5.88482    498.36857    210.18735    288.18123
      5.89482    411.48889    186.15923    225.32966
      5.90482    355.59125    148.66614    206.92511
      5.91482    265.24244    133.91788    131.32456
      5.92482    157.62930    109.25003     48.37927
      5.93482     63.70437     52.60050     11.10387
      5.94482     14.86930     12.90594      1.96337
      5.95482     27.36847     21.77872      5.58975
      5.96482    145.55303    108.66860     36.88443
      5.97482    324.25486    219.12023    105.13463
      5.98482    350.17103    197.23648    152.93454
      5.99482    318.91508    160.62868    158.28640
      6.00482    291.62262    153.16815    138.45447
      6.01482    186.31197     78.13680    108.17517
      6.02482    103.97384     20.81635     83.15749
      6.03482     42.70158      4.65274     38.04885
      6.04482      8.38549      1.05555      7.32994
      6.05482     11.16962      5.74565      5.42397
      6.06482     80.13741     38.78552     41.35188
      6.07482    243.04468    111.82157    131.22311
      6.08482    317.54179    158.62523    158.91656
      6.09482    233.12942    154.26726     78.86216
      6.10482    190.42337    163.39762     27.02575
      6.11482    194.09699    171.54548     22.55150
      6.12482    152.37084    105.95268     46.41816
      6.13482    180.87402     70.53331    110.34071
      6.14482    301.44640    153.43135    148.01505
      6.15482    366.66235    246.09420    120.56815
      6.16482    363.89096    252.96253    110.92843
      6.17482    285.89292    181.66575    104.22716
      6.18482    222.86812    160.55561     62.31251
      6.19482    291.05268    243.33913     47.71356
      6.20482    260.75193    216.98684     43.76509
      6.21482    135.64989     87.49829     48.15160
      6.22482    130.18921     45.23895     84.95026
      6.23482    224.54265    108.93974    115.60291
      6.24482    328.48011    194.35515    134.12497
      6.25482    379.38522    243.25861    136.12661
      6.26482    337.53238    215.54703    121.98535
      6.27482    197.89046    125.20714     72.68332
      6.28482    168.84459    113.01679     55.82780
      6.29482    210.44069    125.24086     85.19984
      6.30482    179.87354    100.05724     79.81631
      6.31482    146.71423    105.41561     41.29862
      6.32482    153.07764    119.50932     33.56832
      6.33482    173.96848    104.42127     69.54721
      6.34482    300.33836    131.16897    169.16939
      6.35482    426.39573    188.27999    238.11574
      6.36482    377.37148    210.15004    167.22143
      6.37482    257.37487    188.87487     68.50000
      6.38482    158.44497    131.72028     26.72468
      6.39482    139.16018    101.97151     37.18867
      6.40482    190.18171    111.78565     78.39606
      6.41482    225.60207    142.41603     83.18604
      6.42482    188.66210    141.95359     46.70852
      6.43482    134.31140     96.81768     37.49372
      6.44482    163.03759     90.63362     72.40397
      6.45482    174.47175     88.63228     85.83947
      6.46482    211.16390    120.56971     90.59419
      6.47482    294.52087    165.63423    128.88862
      6.48482    272.94004    136.24176    136.78689
      6.49482    200.46161     97.14464    104.84408
      6.50482    270.67769    218.32543     62.83324
      6.51482    496.09237    477.32531     49.12096
      6.52482    521.44590    520.83058     42.11094
      6.53482    407.98304    387.36520     56.77311
      6.54482    503.74590    465.28719     81.91013
      6.55482    725.66463    720.53107     71.77833
      6.56482    827.92560    812.94600     87.71184
      6.57482    858.02646    800.64113    118.84608
      6.58482    804.69606    737.24991    119.47892
      6.59482    584.38338    539.74999     90.51057
      6.60482    363.25481    361.00071     39.73998
      6.61482    333.89908    332.39967     35.54978
      6.62482    469.14348    412.60669     93.97007
      6.63482    540.63226    446.71713    131.37803
      6.64482    465.63241    414.41961     85.73338
      6.65482    381.86601    386.52510     28.46446
      6.66482    387.60436    398.67895     23.45600
      6.67482    392.33790    363.16700     61.59534
      6.68482    377.75042    324.78198     79.50045
      6.69482    352.35601    334.82092     42.63262
      6.70482    356.89547    364.42134     20.80845
      6.71482    383.41875    354.64439     58.51344
      6.72482    444.20603    329.89408    143.01590
      6.73482    543.98442    371.19512    198.82226
      6.74482    526.06328    377.90814    168.67168
      6.75482    405.53311    343.59253     83.24280
      6.76482    345.52715    339.00742     33.09976
      6.77482    304.25044    314.63441     16.84916
      6.78482    284.99264    298.50019     11.66776
      6.79482    314.46045    308.89097     30.10944
      6.80482    391.10907    323.33018     90.29182
      6.81482    449.92699    322.26774    144.77600
      6.82482    422.89775    307.05440    135.31963
      6.83482    307.20094    245.79599     83.20885
      6.84482    234.89021    209.80021     46.34168
      6.85482    298.96311    252.14438     69.50065
      6.86482    313.31620    257.99871     75.23334
      6.87482    258.03369    247.91096     31.98659
      6.88482    197.90509    209.79295      7.38477
      6.89482    208.31852    218.20472      7.33287
      6.90482    256.55945    254.72814     22.04202
      6.91482    332.17176    261.24464     89.34779
      6.92482    479.26802    291.80515    202.69100
      6.93482    456.37310    253.63137    211.88621
      6.94482    254.01175    139.43787    117.93844
      6.95482    240.72539    158.22284     89.15629
      6.96482    396.34637    333.59960     81.48294
      6.97482    453.69919    442.04056     37.69741
      6.98482    359.78305    369.41209     11.98339
      6.99482    256.94534    258.76260     16.28425
      7.00482    301.61902    254.32123     67.03648
      7.01482    392.90418    267.45637    140.66830
      7.02482    368.83410    241.06381    135.63615
      7.03482    271.82914    222.42719     61.34172
      7.04482    206.56729    212.62885     13.96801
      7.05482    126.88031    125.94037     14.31096
      7.06482     96.36233     49.53753     50.95982
      7.07482    181.61973    106.41788     81.04140
      7.08482    356.84111    284.44276     87.47417
      7.09482    496.71120    399.65339    119.85161
      7.10482    474.67921    363.34074    137.08519
      7.11482    358.71427    243.25255    132.50698
      7.12482    291.19173    177.84643    122.21129
      7.13482    335.95739    249.46663    103.13826
      7.14482    341.55516    288.81043     74.87570
      7.15482    217.03864    192.30661     36.14164
      7.16482    171.70019    127.16898     49.35866
      7.17482    290.39812    191.21698    110.01923
      7.18482    346.28761    244.70891    119.61652
      7.19482    246.29735    198.34731     62.28220
      7.20482    171.56306    132.27813     44.57148
      7.21482    161.03761     79.81985     82.04590
      7.22482    188.19243     75.74914    112.54649
      7.23482    247.24846    122.90737    125.25849
      7.24482    323.87039    209.96108    120.03299
      7.25482    421.55907    313.17887    125.02094
      7.26482    458.45208    341.08239    138.23353
      7.27482    399.76994    295.20773    119.71105
      7.28482    317.46331    259.02667     71.49285
      7.29482    409.16195    343.23869     84.88301
      7.30482    626.11455    461.63710    183.79297
      7.31482    687.67823    459.46703    239.58797
      7.32482    527.74240    341.34071    194.19040
      7.33482    428.04422    251.21386    189.57880
      7.34482    431.25636    247.65832    199.71452
      7.35482    335.87470    220.65599    128.87295
      7.36482    208.15998    131.06050     83.76497
      7.37482    163.77560     77.98071     88.77343
      7.38482    226.39073    146.97272     86.24171
      7.39482    365.69700    299.11460     78.22375
      7.40482    442.05546    353.11513    101.34682
      7.41482    371.17171    249.25351    131.76642
      7.42482    298.41958    143.59659    158.79228
      7.43482    292.61872    116.46713    176.78377
      7.44482    213.29284     76.17328    137.16052
      7.45482    147.02775     66.52658     80.59952
      7.46482    242.72676    168.93927     74.81436
      7.47482    419.27345    320.93065    102.53685
      7.48482    451.19424    362.56836     96.09839
      7.49482    298.21992    250.97283     54.83766
      7.50482    186.84526    124.31492     67.44059
      7.51482    211.47140     79.04336    133.99004
      7.52482    321.45362    141.17598    180.48299
      7.53482    429.16457    235.16007    194.14996
      7.54482    397.51412    245.21947    153.49299
      7.55482    297.42872    227.84409     75.03284
      7.56482    350.86808    324.53100     42.08983
      7.57482    483.11892    429.54468     78.01509
      7.58482    430.95423    323.96032    124.85746
      7.59482    396.67792    217.84622    190.11743
      7.60482    476.21418    222.28276    266.81807
      7.61482    498.88177    245.37259    268.89531
      7.62482    411.92926    245.82854    179.67291
      7.63482    289.42960    218.87034     81.58179
      7.64482    204.01048    177.99777     33.56855
      7.65482    181.36160    161.08806     28.49721
      7.66482    227.13832    175.03299     65.24368
      7.67482    272.13215    187.40020     96.24528
      7.68482    264.54432    183.38242     91.15727
      7.69482    198.92293    133.29721     74.31285
      7.70482    220.60405    106.69107    119.11434
      7.71482    297.10961    152.48613    153.11590
      7.72482    248.10226    167.51677     93.08498
      7.73482    205.75762    150.62550     62.84595
      7.74482    230.52103    173.64199     62.07643
      7.75482    241.32419    207.05808     42.66060
      7.76482    195.79797    160.08057     42.52692
      7.77482    114.84918     72.44984     44.45867
      7.78482     47.53798     23.58757     24.21965
      7.79482     60.70487     31.46837     29.91247
      7.80482    176.94647    109.66038     71.36308
      7.81482    270.79747    186.04565     94.17713
      7.82482    294.94308    195.90510    108.94172
      7.83482    318.50131    216.67724    110.69734
      7.84482    262.14904    180.79249     88.29649
      7.85482    184.37026    106.00394     80.87034
      7.86482    153.04504     98.09762     55.28973
      7.87482    128.50365    100.16749     28.35342
      7.88482    111.19610     81.76224     29.43418
      7.89482    107.11728     52.09117     55.02630
      7.90482    132.88224     59.62993     73.26270
      7.91482    126.90217     83.73431     43.38652
      7.92482     85.48455     75.77994     11.39769
      7.93482     90.74856     92.75635      2.81539
      7.94482    135.18842    129.42733     10.84201
      7.95482    227.40954    187.97249     41.88759
      7.96482    402.66645    306.13408    100.27293
      7.97482    548.37497    406.65494    150.69821
      7.98482    480.38817    332.15023    156.96278
      7.99482    361.22760    233.99573    130.67298
      8.00482    279.46107    216.81518     63.84533
      8.01482    184.52627    168.13403     17.40740
      8.02482     95.12880     90.54206      7.07883
      8.03482    116.50988     99.49954     23.95807
      8.04482    208.58802    156.01047     61.44714
      8.05482    241.90507    186.94891     60.98819
      8.06482    158.58206    136.91926     24.25981
      8.07482     55.77759     50.69597      5.65620
      8.08482     45.60716     37.32721      8.33195
      8.09482    103.39599     84.40878     18.98899
      8.10482    162.16567    136.02385     26.14192
      8.11482    183.91597    149.09808     34.82271
      8.12482    164.25254    108.12389     56.25467
      8.13482    204.58313    110.24683     95.54767
      8.14482    295.13714    187.82622    111.60183
      8.15482    390.28437    292.38002    103.58706
      8.16482    365.08945    300.68326     67.60235
      8.17482    253.51363    206.78311     48.11691
      8.18482    231.16504    129.97840    101.80211
      8.19482    266.76382    105.22730    161.75916
      8.20482    280.82113    110.95595    171.01860
      8.21482    371.21310    190.32040    186.51360
      8.22482    414.52055    261.77262    163.41806
      8.23482    262.34067    192.83056     80.36350
      8.24482    198.57404    162.12154     48.79626
      8.25482    291.14952    221.16216     80.24776
      8.26482    376.11560    278.18028    101.46842
      8.27482    355.65941    268.74259     87.60798
      8.28482    287.22537    218.21585     70.35564
      8.29482    237.24568    188.33125     51.60483
      8.30482    216.86585    180.03115     38.93766
      8.31482    192.24436    161.28873     31.68806
      8.32482    155.94469    128.73303     27.52735
      8.33482    165.03336    119.37556     47.50676
