Energy-E_F (eV)    DOS (1/eV)    PDOS (1/eV)  of atom type H  C  
     -6.84000    203.33314     10.13386    193.19927
     -6.83000    293.87587     22.76156    271.11431
     -6.82000    227.26356     22.16550    205.09807
     -6.81000    123.96212      9.46608    114.49604
     -6.80000     89.44024      2.83344     86.60680
     -6.79000     62.76789      1.29465     61.47323
     -6.78000     89.29546      1.66603     87.62943
     -6.77000    138.76554      2.85769    135.90785
     -6.76000    164.24144      7.99909    156.24236
     -6.75000    238.25551     24.49730    213.75821
     -6.74000    300.85139     38.41327    262.43812
     -6.73000    212.99532     27.48498    185.51034
     -6.72000    120.75781      9.60623    111.15158
     -6.71000     96.65225      4.33955     92.31270
     -6.70000    123.98295     10.18331    113.79964
     -6.69000    216.82952     18.31157    198.51795
     -6.68000    196.62360     13.47091    183.15269
     -6.67000     97.13420      6.81012     90.32408
     -6.66000    136.66599     15.58391    121.08208
     -6.65000    237.68720     27.66493    210.02227
     -6.64000    168.32675     18.65721    149.66954
     -6.63000     76.31178      5.17922     71.13256
     -6.62000    122.82905      2.39275    120.43630
     -6.61000    160.34925      3.70828    156.64098
     -6.60000    118.43112      9.60494    108.82618
     -6.59000    151.04115     22.85199    128.18915
     -6.58000    224.22756     30.41735    193.81021
     -6.57000    212.15732     25.97861    186.17871
     -6.56000    141.33214     15.19496    126.13717
     -6.55000    116.87471      6.23083    110.64389
     -6.54000    153.55545      3.20370    150.35175
     -6.53000    130.66794      3.76529    126.90265
     -6.52000    115.30612     13.98090    101.32522
     -6.51000    211.10773     33.85822    177.24950
     -6.50000    221.12933     32.21046    188.91887
     -6.49000    128.87302     15.42852    113.44450
     -6.48000    112.97333     10.24751    102.72582
     -6.47000    143.10391      7.41013    135.69377
     -6.46000    174.86078      5.91020    168.95057
     -6.45000    174.93585     14.46428    160.47156
     -6.44000    194.44900     29.45216    164.99684
     -6.43000    188.27128     26.06451    162.20676
     -6.42000    158.07692     16.09723    141.97969
     -6.41000    204.16860     28.71828    175.45032
     -6.40000    273.18191     43.09422    230.08769
     -6.39000    271.77221     35.06934    236.70287
     -6.38000    276.84452     24.36917    252.47535
     -6.37000    214.71084     17.07845    197.63240
     -6.36000    123.31114     12.24837    111.06277
     -6.35000     74.70566      6.19395     68.51172
     -6.34000     93.67498      4.84868     88.82630
     -6.33000    120.23763     11.33175    108.90588
     -6.32000    107.81686     15.60927     92.20759
     -6.31000     90.91984      9.11616     81.80368
     -6.30000    140.79714      4.20303    136.59411
     -6.29000    172.76104      6.71524    166.04580
     -6.28000    138.77751     13.30272    125.47478
     -6.27000    121.60602     18.35156    103.25447
     -6.26000    201.22173     30.67018    170.55155
     -6.25000    322.47693     44.53896    277.93797
     -6.24000    297.96644     41.09878    256.86767
     -6.23000    259.09130     41.21801    217.87329
     -6.22000    260.71245     38.97587    221.73658
     -6.21000    222.48763     25.84357    196.64406
     -6.20000    164.31816     13.47978    150.83837
     -6.19000    156.51617     16.28709    140.22907
     -6.18000    170.17070     22.45905    147.71165
     -6.17000    117.78922     14.58587    103.20336
     -6.16000    100.24649      9.79566     90.45084
     -6.15000    161.47537     18.27112    143.20424
     -6.14000    172.06266     19.35936    152.70331
     -6.13000    135.90737     10.23055    125.67682
     -6.12000    144.97716     12.72110    132.25607
     -6.11000    219.76910     22.99328    196.77582
     -6.10000    193.02747     17.79338    175.23408
     -6.09000     73.70748      5.35578     68.35170
     -6.08000     13.12648      0.68990     12.43657
     -6.07000     20.34094      1.00293     19.33801
     -6.06000    112.02225      7.37853    104.64372
     -6.05000    276.63258     23.91419    252.71839
     -6.04000    315.54408     35.18930    280.35478
     -6.03000    192.80455     26.84431    165.96023
     -6.02000     88.46362     12.71986     75.74376
     -6.01000    117.06597     10.67580    106.39017
     -6.00000    246.32293     18.34103    227.98190
     -5.99000    305.23605     19.50884    285.72720
     -5.98000    224.14741     12.37832    211.76909
     -5.97000     97.59504      5.34083     92.25422
     -5.96000     91.57377      9.12698     82.44679
     -5.95000    202.54677     25.05470    177.49207
     -5.94000    244.88787     34.72569    210.16218
     -5.93000    172.21544     25.04346    147.17198
     -5.92000     78.98302     10.30786     68.67516
     -5.91000     61.41469      8.26758     53.14711
     -5.90000    173.55776     25.63287    147.92489
     -5.89000    268.96332     40.71868    228.24464
     -5.88000    238.88427     34.77134    204.11293
     -5.87000    208.09622     29.51509    178.58113
     -5.86000    170.60753     24.17273    146.43480
     -5.85000    128.53344     13.60231    114.93113
     -5.84000    141.15985      9.17581    131.98404
     -5.83000    151.33549     13.20773    138.12776
     -5.82000    135.14872     20.96101    114.18771
     -5.81000    166.42423     29.78455    136.63967
     -5.80000    244.70498     31.22540    213.47958
     -5.79000    320.35671     30.11276    290.24395
     -5.78000    272.92137     24.03687    248.88449
     -5.77000    111.90583      9.86242    102.04341
     -5.76000     28.08900      2.61129     25.47770
     -5.75000     52.49304      5.31665     47.17639
     -5.74000    128.22620     13.12781    115.09839
     -5.73000    200.50770     22.10996    178.39774
     -5.72000    224.77829     24.26344    200.51485
     -5.71000    194.55452     16.72983    177.82469
     -5.70000    139.10217     12.46069    126.64148
     -5.69000    106.07737     15.77055     90.30682
     -5.68000    167.42926     25.82016    141.60909
     -5.67000    219.71526     25.23161    194.48364
     -5.66000    177.04006     19.22232    157.81773
     -5.65000    197.98472     28.03362    169.95111
     -5.64000    259.88418     33.49100    226.39318
     -5.63000    251.10554     22.80078    228.30476
     -5.62000    299.41954     23.77710    275.64244
     -5.61000    353.53629     32.23843    321.29786
     -5.60000    290.66081     31.09959    259.56123
     -5.59000    344.25558     44.27667    299.97891
     -5.58000    574.96576     75.19848    499.76728
     -5.57000    722.06768     91.72316    630.34452
     -5.56000    702.67343     90.56425    612.10918
     -5.55000    638.70421     77.34891    561.35529
     -5.54000    575.88130     61.85902    514.02228
     -5.53000    534.97711     59.45950    475.51762
     -5.52000    501.21248     55.17387    446.03861
     -5.51000    455.43670     46.54592    408.89079
     -5.50000    450.96328     44.38294    406.58034
     -5.49000    526.91262     56.68705    470.22557
     -5.48000    476.49698     58.95070    417.54628
     -5.47000    299.51825     46.30088    253.21737
     -5.46000    267.28080     47.17502    220.10578
     -5.45000    267.87547     39.12467    228.75080
     -5.44000    204.71594     22.80885    181.90709
     -5.43000    166.94387     18.78006    148.16381
     -5.42000    136.14613     23.35723    112.78890
     -5.41000     83.89239     19.58221     64.31019
     -5.40000     95.55630     25.14201     70.41429
     -5.39000    182.79204     46.12819    136.66385
     -5.38000    257.70948     52.52795    205.18154
     -5.37000    303.30115     40.18278    263.11836
     -5.36000    316.53628     38.15201    278.38427
     -5.35000    253.13696     37.58769    215.54927
     -5.34000    137.76696     21.66369    116.10327
     -5.33000     48.27681      6.70123     41.57558
     -5.32000     36.31606      1.54516     34.77090
     -5.31000     74.10429      1.52174     72.58255
     -5.30000     70.95429      1.43658     69.51771
     -5.29000     55.66829      1.73882     53.92946
     -5.28000    111.49598      6.43982    105.05615
     -5.27000    149.83371     12.36997    137.46374
     -5.26000    103.72617      9.44477     94.28140
     -5.25000     83.10342      3.75195     79.35146
     -5.24000     77.74726      1.76647     75.98079
     -5.23000     33.83304      0.71021     33.12283
     -5.22000     10.29474      0.71609      9.57865
     -5.21000     37.15250      4.19994     32.95256
     -5.20000    126.68320     11.84048    114.84271
     -5.19000    235.95352     17.42173    218.53179
     -5.18000    245.71484     16.97496    228.73988
     -5.17000    122.31774      9.05658    113.26116
     -5.16000     25.31108      2.02731     23.28377
     -5.15000      2.33303      0.17854      2.15449
     -5.14000      5.19949      0.10850      5.09099
     -5.13000     32.96193      0.67280     32.28913
     -5.12000     85.54209      2.07605     83.46603
     -5.11000    135.30592      6.40940    128.89652
     -5.10000    214.91979     17.98383    196.93596
     -5.09000    215.93683     22.91010    193.02673
     -5.08000     95.22942     11.25024     83.97919
     -5.07000     35.11237      2.44877     32.66360
     -5.06000     64.10364      1.41020     62.69345
     -5.05000     75.99434      1.53144     74.46289
     -5.04000     34.37998      0.69348     33.68649
     -5.03000     16.10687      0.45477     15.65210
     -5.02000     61.48659      2.89167     58.59492
     -5.01000    149.15401      9.63135    139.52265
     -5.00000    179.20393     12.83070    166.37323
     -4.99000    130.62729      7.23262    123.39467
     -4.98000     56.30325      1.97022     54.33303
     -4.97000     11.27707      0.28311     10.99395
     -4.96000      1.35512      0.02871      1.32641
     -4.95000      7.70912      0.16030      7.54883
     -4.94000     51.42837      1.23241     50.19596
     -4.93000    148.66123      5.08033    143.58090
     -4.92000    203.73976     11.37228    192.36749
     -4.91000    138.03997     11.64366    126.39630
     -4.90000     44.06509      4.77171     39.29338
     -4.89000     11.23058      0.84746     10.38312
     -4.88000     33.41338      0.72404     32.68935
     -4.87000     76.52271      1.62761     74.89510
     -4.86000     75.80107      2.25036     73.55071
     -4.85000     87.29399      5.22457     82.06942
     -4.84000    167.85760     11.36521    156.49239
     -4.83000    204.42845     15.37025    189.05821
     -4.82000    159.16046     12.39366    146.76680
     -4.81000    112.60143      5.59362    107.00781
     -4.80000     60.82922      1.71025     59.11897
     -4.79000     15.36515      0.34184     15.02331
     -4.78000      4.28131      0.08824      4.19308
     -4.77000     26.32063      0.54185     25.77878
     -4.76000    101.31846      2.42137     98.89709
     -4.75000    179.98782      6.85799    173.12983
     -4.74000    172.03436     12.02657    160.00779
     -4.73000    103.57021     10.34637     93.22384
     -4.72000    103.38574      7.29226     96.09348
     -4.71000    245.11528     11.03870    234.07658
     -4.70000    424.86281     14.72991    410.13290
     -4.69000    500.71036     14.82681    485.88354
     -4.68000    462.92594     12.50823    450.41771
     -4.67000    447.16096     11.85786    435.30310
     -4.66000    425.07068     15.20207    409.86862
     -4.65000    362.32065     18.72382    343.59683
     -4.64000    276.46941     14.25714    262.21227
     -4.63000    211.31548      7.68951    203.62597
     -4.62000    161.00070      4.67945    156.32125
     -4.61000    131.68466      3.71042    127.97424
     -4.60000    153.43432      4.87960    148.55472
     -4.59000    230.36832      9.10455    221.26377
     -4.58000    273.75966     12.12458    261.63507
     -4.57000    260.67821     14.05242    246.62579
     -4.56000    261.85693     16.28221    245.57472
     -4.55000    200.32940     10.76843    189.56097
     -4.54000    109.10102      4.13875    104.96227
     -4.53000     91.29156      2.60633     88.68523
     -4.52000     82.68809      2.13992     80.54817
     -4.51000     96.11285      2.12553     93.98732
     -4.50000    151.89981      3.69819    148.20162
     -4.49000    195.94080      7.05310    188.88770
     -4.48000    221.74625     13.57574    208.17051
     -4.47000    246.19996     18.05352    228.14645
     -4.46000    231.88830     13.80189    218.08641
     -4.45000    159.95200      6.53489    153.41711
     -4.44000     94.42856      2.72593     91.70263
     -4.43000     82.00467      2.19310     79.81157
     -4.42000     82.20284      2.23139     79.97146
     -4.41000     69.24674      2.20556     67.04118
     -4.40000    140.54255      6.70813    133.83441
     -4.39000    248.89897     14.40623    234.49274
     -4.38000    233.99974     13.26175    220.73800
     -4.37000    121.78792      5.62668    116.16123
     -4.36000     82.74484      3.55664     79.18820
     -4.35000    146.18331      7.07792    139.10538
     -4.34000    139.30086      7.05873    132.24212
     -4.33000     69.87814      3.12791     66.75022
     -4.32000     98.66480      3.58782     95.07698
     -4.31000    216.17904     10.59765    205.58139
     -4.30000    301.52155     16.06243    285.45912
     -4.29000    241.34280     10.54535    230.79745
     -4.28000    125.43133      3.65354    121.77780
     -4.27000    112.25924      2.53723    109.72200
     -4.26000    152.82406      3.26209    149.56197
     -4.25000    119.91983      2.84039    117.07945
     -4.24000    119.35806      5.06942    114.28863
     -4.23000    225.92086     11.72613    214.19473
     -4.22000    332.82931     17.87243    314.95688
     -4.21000    329.20479     15.73480    313.47000
     -4.20000    170.14404      6.60796    163.53608
     -4.19000     57.00080      1.70099     55.29981
     -4.18000     70.41759      1.80665     68.61094
     -4.17000    100.09720      2.37330     97.72390
     -4.16000    110.02648      2.29376    107.73272
     -4.15000    134.95093      4.09707    130.85386
     -4.14000    198.31641     10.70781    187.60861
     -4.13000    266.31475     16.90007    249.41468
     -4.12000    259.47761     14.43075    245.04686
     -4.11000    189.30521      7.81950    181.48571
     -4.10000    136.60379      3.54856    133.05524
     -4.09000    138.19299      2.89274    135.30025
     -4.08000    117.10991      2.72889    114.38102
     -4.07000     74.65066      2.61228     72.03837
     -4.06000    113.45148      7.08430    106.36717
     -4.05000    198.57015     13.45001    185.12015
     -4.04000    208.91092     11.25156    197.65937
     -4.03000    177.60830      5.93188    171.67642
     -4.02000    167.20655      5.65489    161.55167
     -4.01000    183.80061      7.33568    176.46493
     -4.00000    157.64774      5.57945    152.06829
     -3.99000    164.84841      4.85325    159.99516
     -3.98000    186.28263      8.00931    178.27332
     -3.97000    180.47618     12.53842    167.93776
     -3.96000    181.77341     11.16081    170.61260
     -3.95000    164.62616      5.81861    158.80754
     -3.94000    145.60771      3.50204    142.10567
     -3.93000    109.13045      2.60531    106.52514
     -3.92000     71.10636      2.76662     68.33974
     -3.91000     90.51002      5.46754     85.04248
     -3.90000    134.96954      9.05067    125.91886
     -3.89000    174.47018     12.93330    161.53689
     -3.88000    129.93984     10.39609    119.54375
     -3.87000     39.64852      3.36473     36.28379
     -3.86000      4.55491      0.40687      4.14804
     -3.85000      0.38685      0.02254      0.36431
     -3.84000      4.13480      0.12009      4.01471
     -3.83000     35.52148      1.44208     34.07939
     -3.82000    130.88306      7.49580    123.38727
     -3.81000    216.57136     15.98085    200.59051
     -3.80000    158.46135     13.34033    145.12102
     -3.79000     49.54840      4.26456     45.28383
     -3.78000     22.42115      0.82263     21.59853
     -3.77000     82.24402      1.57804     80.66598
     -3.76000    170.38127      3.28949    167.09177
     -3.75000    203.90607      4.93889    198.96718
     -3.74000    249.38084     10.13143    239.24941
     -3.73000    274.96102     14.94268    260.01834
     -3.72000    201.71006     11.44021    190.26984
     -3.71000    141.31625      7.26756    134.04869
     -3.70000    149.90954      5.33891    144.57063
     -3.69000    177.35709      4.11758    173.23951
     -3.68000    146.04449      3.15888    142.88562
     -3.67000    138.91094      5.09793    133.81302
     -3.66000    184.83649     11.31207    173.52442
     -3.65000    182.03918     12.37967    169.65951
     -3.64000    126.10464      6.25586    119.84879
     -3.63000    121.77139      3.92347    117.84791
     -3.62000    134.05440      5.34091    128.71349
     -3.61000    141.94134      5.47541    136.46593
     -3.60000    187.47100      5.77716    181.69383
     -3.59000    238.33371     10.28143    228.05229
     -3.58000    210.69158     13.43348    197.25811
     -3.57000     99.36652      7.69652     91.67000
     -3.56000     34.81057      2.01641     32.79416
     -3.55000     77.55017      1.90678     75.64339
     -3.54000    177.45727      4.84961    172.60765
     -3.53000    235.09689      8.12445    226.97243
     -3.52000    224.39686     10.96555    213.43132
     -3.51000    191.37841     13.47948    177.89893
     -3.50000    148.62541      9.96484    138.66057
     -3.49000     97.47786      3.95984     93.51803
     -3.48000     62.35089      1.45515     60.89573
     -3.47000     81.59101      1.66717     79.92384
     -3.46000    104.80406      3.36334    101.44072
     -3.45000    191.45283     10.15735    181.29548
     -3.44000    310.12539     17.76455    292.36084
     -3.43000    255.02691     13.15532    241.87159
     -3.42000    141.87321      4.96878    136.90443
     -3.41000     67.15689      1.56245     65.59444
     -3.40000     23.20937      0.58272     22.62665
     -3.39000     50.36993      2.33559     48.03434
     -3.38000    174.01831      9.65215    164.36616
     -3.37000    321.23251     17.54649    303.68602
     -3.36000    300.93971     14.02378    286.91592
     -3.35000    132.37838      5.04585    127.33253
     -3.34000     57.98576      1.53359     56.45217
     -3.33000     81.68472      2.10162     79.58310
     -3.32000     86.96925      4.50223     82.46702
     -3.31000    119.56667     10.40334    109.16333
     -3.30000    210.11535     13.58432    196.53103
     -3.29000    255.23093     10.56411    244.66681
     -3.28000    182.66527      5.97852    176.68675
     -3.27000    123.77180      3.25909    120.51271
     -3.26000    142.09386      4.45706    137.63680
     -3.25000    161.81495      9.41065    152.40430
     -3.24000    136.36037     12.17177    124.18860
     -3.23000    113.19120      8.26908    104.92212
     -3.22000    196.29405      7.08018    189.21388
     -3.21000    233.84667      6.87788    226.96879
     -3.20000    155.83675      4.98877    150.84798
     -3.19000    151.12032      8.54379    142.57653
     -3.18000    174.83373     12.86394    161.96979
     -3.17000    148.79444      9.13544    139.65900
     -3.16000    111.80761      4.73238    107.07523
     -3.15000    124.44998      4.89491    119.55507
     -3.14000    181.54587      6.71056    174.83531
     -3.13000    229.07005     11.15560    217.91445
     -3.12000    200.91044     13.33407    187.57636
     -3.11000    183.72519      9.02782    174.69736
     -3.10000    200.64852      6.04627    194.60225
     -3.09000    195.84984      6.61153    189.23831
     -3.08000    195.48325      9.24031    186.24294
     -3.07000    180.62070     12.72685    167.89386
     -3.06000    174.36109     11.76417    162.59692
     -3.05000    195.97151      7.50154    188.46997
     -3.04000    326.55374      9.29542    317.25832
     -3.03000    374.53385     12.43246    362.10139
     -3.02000    236.35525     13.38229    222.97296
     -3.01000    119.33233     12.22307    107.10925
     -3.00000     55.89215      6.01669     49.87546
     -2.99000     69.14905      2.66889     66.48016
     -2.98000    148.49958      5.59623    142.90335
     -2.97000    181.57942     11.38612    170.19330
     -2.96000    132.57720     12.89826    119.67893
     -2.95000     55.73327      6.64490     49.08837
     -2.94000     27.89058      2.20459     25.68599
     -2.93000     91.66972      5.03680     86.63293
     -2.92000    216.16088     12.63689    203.52399
     -2.91000    257.60354     14.44515    243.15839
     -2.90000    163.30569      7.42408    155.88161
     -2.89000     82.29623      3.51602     78.78021
     -2.88000    112.32067      7.78661    104.53405
     -2.87000    145.76292     13.30956    132.45336
     -2.86000     90.29156      9.75885     80.53271
     -2.85000     49.63878      4.03260     45.60619
     -2.84000    120.17409      6.53157    113.64251
     -2.83000    230.83382     13.70475    217.12907
     -2.82000    231.81208     13.28038    218.53170
     -2.81000    165.72242      6.93450    158.78792
     -2.80000    142.87679      7.02405    135.85274
     -2.79000    145.85728     12.08899    133.76830
     -2.78000    113.71262     11.64093    102.07169
     -2.77000    103.46225      7.25230     96.20994
     -2.76000    166.39863      9.15462    157.24401
     -2.75000    215.13755     13.99750    201.14004
     -2.74000    202.40554     12.41463    189.99091
     -2.73000    201.05678      9.04110    192.01568
     -2.72000    200.53793     11.72549    188.81243
     -2.71000    184.41692     14.07089    170.34603
     -2.70000    144.32618     10.19837    134.12781
     -2.69000    169.21473     11.58795    157.62678
     -2.68000    252.10187     16.14916    235.95271
     -2.67000    247.84278     13.68926    234.15353
     -2.66000    250.42496     14.61230    235.81266
     -2.65000    320.74294     18.22209    302.52084
     -2.64000    331.72717     16.91421    314.81296
     -2.63000    258.56459     16.63188    241.93271
     -2.62000    159.34361     14.01249    145.33112
     -2.61000    139.05687     12.49579    126.56107
     -2.60000    175.63791     14.39907    161.23884
     -2.59000    152.15088     13.96538    138.18550
     -2.58000    151.06207     15.00911    136.05297
     -2.57000    189.73547     16.23927    173.49620
     -2.56000    190.91507     17.98134    172.93373
     -2.55000    170.18461     20.27717    149.90744
     -2.54000    208.51337     24.92602    183.58736
     -2.53000    276.16650     29.14524    247.02126
     -2.52000    242.14471     24.29742    217.84730
     -2.51000    132.38400     11.35443    121.02957
     -2.50000     93.55529      3.09518     90.46011
     -2.49000     68.32721      0.92341     67.40380
     -2.48000     31.97233      0.38968     31.58264
     -2.47000     70.48475      1.02970     69.45506
     -2.46000    199.67332      2.98161    196.69171
     -2.45000    278.43017      4.11752    274.31265
     -2.44000    187.92030      2.70413    185.21618
     -2.43000     91.14809      1.24380     89.90429
     -2.42000    131.21094      1.72619    129.48475
     -2.41000    154.47127      2.04973    152.42154
     -2.40000     88.18676      1.26635     86.92041
     -2.39000     89.70786      1.52247     88.18539
     -2.38000    155.39963      2.51755    152.88208
     -2.37000    192.30398      2.97437    189.32961
     -2.36000    187.38744      3.64478    183.74266
     -2.35000    190.19851      5.05050    185.14801
     -2.34000    149.86965      4.14833    145.72132
     -2.33000    142.61395      2.78042    139.83353
     -2.32000    230.61255      3.65971    226.95285
     -2.31000    187.28905      2.93364    184.35541
     -2.30000     62.42107      1.02679     61.39428
     -2.29000     68.47213      1.82635     66.64578
     -2.28000    359.92296     10.35265    349.57031
     -2.27000    931.36335     27.29996    904.06339
     -2.26000   1234.19465     35.96325   1198.23140
     -2.25000   1012.05246     28.98319    983.06927
     -2.24000    633.67908     18.28660    615.39248
     -2.23000    427.31531     12.13347    415.18184
     -2.22000    459.27859     12.31000    446.96859
     -2.21000    490.17652     12.97819    477.19833
     -2.20000    396.43841     10.15953    386.27889
     -2.19000    396.89183      9.96815    386.92368
     -2.18000    500.69824     13.28276    487.41548
     -2.17000    466.70522     12.40211    454.30311
     -2.16000    292.40253      7.10809    285.29445
     -2.15000    146.19769      2.96517    143.23252
     -2.14000     97.47018      1.47738     95.99279
     -2.13000     66.52007      0.90500     65.61506
     -2.12000     24.03386      0.32220     23.71166
     -2.11000     32.94563      0.43984     32.50579
     -2.10000    105.46310      1.42645    104.03665
     -2.09000    149.27813      2.05227    147.22586
     -2.08000     87.87507      1.22718     86.64789
     -2.07000     21.82669      0.30908     21.51761
     -2.06000     11.24211      0.16666     11.07545
     -2.05000     48.23475      0.71239     47.52236
     -2.04000    107.66184      1.53282    106.12902
     -2.03000    125.02612      1.66148    123.36463
     -2.02000     81.87121      1.02634     80.84486
     -2.01000     37.08908      0.51357     36.57551
     -2.00000     92.54709      1.68540     90.86169
     -1.99000    315.67395      6.18934    309.48461
     -1.98000    605.15242     12.29506    592.85736
     -1.97000    749.72143     15.15769    734.56374
     -1.96000    715.19836     14.02295    701.17542
     -1.95000    552.71793     10.67606    542.04187
     -1.94000    427.51037      8.23465    419.27572
     -1.93000    475.48491      9.18829    466.29662
     -1.92000    584.97852     11.38885    573.58967
     -1.91000    542.94138     10.46623    532.47515
     -1.90000    504.38563      9.22918    495.15645
     -1.89000    590.44345     10.36695    580.07650
     -1.88000    542.84609      9.60866    533.23743
     -1.87000    338.82353      6.17284    332.65070
     -1.86000    238.88674      4.40898    234.47775
     -1.85000    216.37476      3.82252    212.55224
     -1.84000    179.85773      2.74641    177.11132
     -1.83000    174.35554      2.32282    172.03272
     -1.82000    152.50940      2.10894    150.40045
     -1.81000    113.72317      1.69300    112.03017
     -1.80000     64.05901      0.96706     63.09195
     -1.79000     46.85818      0.60333     46.25485
     -1.78000    108.04942      1.30831    106.74111
     -1.77000    147.71172      1.84833    145.86339
     -1.76000     86.44321      1.11894     85.32427
     -1.75000     21.86105      0.28841     21.57264
     -1.74000     13.92408      0.16499     13.75909
     -1.73000     60.97378      0.71747     60.25630
     -1.72000    131.86254      1.59350    130.26904
     -1.71000    129.49183      1.61297    127.87885
     -1.70000     71.21305      0.88808     70.32497
     -1.69000     72.15210      0.83727     71.31483
     -1.68000    113.39615      1.29928    112.09687
     -1.67000    142.21656      1.66273    140.55384
     -1.66000    146.88469      1.77196    145.11273
     -1.65000     90.26557      1.11625     89.14932
     -1.64000     28.34625      0.35247     27.99378
     -1.63000     32.73224      0.37850     32.35374
     -1.62000    129.90417      1.50053    128.40364
     -1.61000    224.94701      2.63019    222.31682
     -1.60000    159.66083      1.89634    157.76449
     -1.59000     47.75586      0.57622     47.17965
     -1.58000     15.97565      0.19062     15.78503
     -1.57000     65.74714      0.77173     64.97541
     -1.56000    161.48316      1.88882    159.59433
     -1.55000    178.30805      2.07501    176.23304
     -1.54000    123.75991      1.43679    122.32313
     -1.53000     77.84365      0.94202     76.90163
     -1.52000     88.96203      1.13721     87.82482
     -1.51000    115.85659      1.38654    114.47005
     -1.50000    111.21831      1.19646    110.02185
     -1.49000     95.89178      1.09787     94.79390
     -1.48000    133.17373      1.72534    131.44839
     -1.47000    150.21582      1.92567    148.29014
     -1.46000     89.11109      1.05179     88.05930
     -1.45000     84.38202      0.84257     83.53945
     -1.44000    134.23948      1.47967    132.75981
     -1.43000    120.38584      1.53646    118.84938
     -1.42000     59.54353      0.81041     58.73311
     -1.41000     60.95685      0.69224     60.26461
     -1.40000    122.13709      1.20693    120.93016
     -1.39000    132.09037      1.13708    130.95329
     -1.38000     68.49677      0.52102     67.97575
     -1.37000     27.27865      0.22617     27.05248
     -1.36000     71.47130      0.66662     70.80467
     -1.35000    164.88873      1.48729    163.40144
     -1.34000    217.67974      2.12004    215.55970
     -1.33000    279.35221      3.18200    276.17021
     -1.32000    275.38498      3.19499    272.18998
     -1.31000    149.31471      1.57673    147.73798
     -1.30000     87.24285      0.92171     86.32115
     -1.29000    166.12892      2.05518    164.07374
     -1.28000    230.37173      3.07748    227.29425
     -1.27000    197.52896      2.45906    195.06989
     -1.26000    185.33472      1.74695    183.58778
     -1.25000    148.19394      1.31752    146.87642
     -1.24000    135.58496      1.52589    134.05907
     -1.23000    164.50481      1.93953    162.56528
     -1.22000    109.48919      1.12592    108.36327
     -1.21000     85.64708      0.51459     85.13249
     -1.20000    139.62352      1.11839    138.50514
     -1.19000    184.60403      2.37038    182.23365
     -1.18000    141.23989      2.24087    138.99902
     -1.17000     48.27775      0.83924     47.43852
     -1.16000     11.44097      0.22310     11.21787
     -1.15000     32.66024      0.68311     31.97713
     -1.14000     82.17513      1.66130     80.51383
     -1.13000    104.19960      1.81059    102.38901
     -1.12000     99.70967      1.33277     98.37690
     -1.11000     68.98181      0.89278     68.08903
     -1.10000     60.02608      1.12491     58.90118
     -1.09000     81.07774      1.71446     79.36328
     -1.08000     53.13445      1.12641     52.00804
     -1.07000     23.27168      0.40532     22.86636
     -1.06000     61.18059      0.85972     60.32087
     -1.05000    137.80782      2.14307    135.66474
     -1.04000    130.83958      2.27173    128.56786
     -1.03000     51.53860      0.97736     50.56124
     -1.02000     11.86369      0.24429     11.61940
     -1.01000     28.38673      0.60594     27.78079
     -1.00000     83.93758      1.69157     82.24601
     -0.99000    122.19971      2.09538    120.10433
     -0.98000    105.16054      1.43231    103.72823
     -0.97000     55.73244      0.73787     54.99457
     -0.96000     51.09596      1.02508     50.07088
     -0.95000     79.84831      1.74968     78.09863
     -0.94000     57.41015      1.23708     56.17307
     -0.93000     36.40037      0.57123     35.82914
     -0.92000     83.11186      1.10813     82.00374
     -0.91000    134.88491      2.14364    132.74127
     -0.90000    109.38846      2.06854    107.31992
     -0.89000     42.17454      0.88100     41.29354
     -0.88000     12.28874      0.26685     12.02190
     -0.87000     39.00655      0.80472     38.20183
     -0.86000    110.91648      2.07126    108.84522
     -0.85000    141.11863      2.26063    138.85800
     -0.84000     82.53290      1.13093     81.40196
     -0.83000     33.90571      0.55340     33.35231
     -0.82000     56.39141      1.25661     55.13480
     -0.81000     80.98774      1.81732     79.17042
     -0.80000     59.37932      1.14469     58.23463
     -0.79000     72.50318      0.92074     71.58244
     -0.78000    109.74843      1.54651    108.20193
     -0.77000    112.16122      2.10550    110.05572
     -0.76000     71.97359      1.56886     70.40472
     -0.75000     23.59634      0.52915     23.06719
     -0.74000     26.55918      0.50882     26.05036
     -0.73000    100.21097      1.78007     98.43090
     -0.72000    157.32228      2.62602    154.69626
     -0.71000     93.97862      1.47270     92.50592
     -0.70000     28.51551      0.48374     28.03178
     -0.69000     42.20935      0.97016     41.23919
     -0.68000     83.97966      1.90105     82.07861
     -0.67000     89.88717      1.66705     88.22012
     -0.66000     94.31894      1.19882     93.12012
     -0.65000     91.80339      1.30743     90.49596
     -0.64000     90.87640      1.89039     88.98601
     -0.63000     72.33302      1.68561     70.64741
     -0.62000     32.37272      0.69756     31.67517
     -0.61000     54.07785      0.83873     53.23912
     -0.60000    137.18317      2.23039    134.95278
     -0.59000    140.92850      2.47797    138.45053
     -0.58000     56.46075      1.07243     55.38831
     -0.57000     22.59421      0.50754     22.08667
     -0.56000     62.94188      1.41802     61.52385
     -0.55000    120.45078      2.32958    118.12119
     -0.54000    122.21177      1.81413    120.39764
     -0.53000     75.90300      1.03410     74.86890
     -0.52000     66.20889      1.42046     64.78843
     -0.51000     83.05057      2.00615     81.04443
     -0.50000     64.96369      1.32885     63.63484
     -0.49000     83.81010      1.13157     82.67853
     -0.48000    129.75551      2.05010    127.70540
     -0.47000    114.82238      2.33034    112.49204
     -0.46000     52.86432      1.22266     51.64167
     -0.45000     35.66509      0.73353     34.93156
     -0.44000    105.89128      1.93086    103.96042
     -0.43000    158.03736      2.72462    155.31274
     -0.42000     91.41831      1.51686     89.90145
     -0.41000     42.89567      0.90328     41.99239
     -0.40000     79.60761      1.87731     77.73030
     -0.39000    119.25449      2.30034    116.95415
     -0.38000    115.00415      1.62532    113.37883
     -0.37000     93.23277      1.57113     91.66164
     -0.36000     92.12083      2.18502     89.93580
     -0.35000     79.06851      1.74649     77.32202
     -0.34000     95.38005      1.43467     93.94538
     -0.33000    140.07350      2.35340    137.72010
     -0.32000    113.68562      2.38333    111.30229
     -0.31000     59.90205      1.31548     58.58657
     -0.30000     96.24096      1.73813     94.50283
     -0.29000    159.84695      2.84612    157.00083
     -0.28000    109.99479      2.02212    107.97267
     -0.27000     69.65533      1.46280     68.19253
     -0.26000    128.34892      2.54517    125.80375
     -0.25000    148.08695      2.53527    145.55169
     -0.24000    100.42091      1.79838     98.62254
     -0.23000    114.76592      2.44322    112.32270
     -0.22000    145.76031      2.61074    143.14958
     -0.21000    128.64531      2.16685    126.47846
     -0.20000    132.06731      2.67339    129.39393
     -0.19000    149.68123      2.66765    147.01358
     -0.18000    147.15625      2.51840    144.63785
     -0.17000    163.08214      3.03506    160.04708
     -0.16000    172.21047      2.85862    169.35185
     -0.15000    192.30441      3.16873    189.13568
     -0.14000    219.65084      3.50520    216.14565
     -0.13000    199.07530      3.24088    195.83441
     -0.12000    148.76587      3.11804    145.64783
     -0.11000    100.48034      2.68542     97.79492
     -0.10000     97.84517      2.85390     94.99127
     -0.09000     98.19684      2.89005     95.30679
     -0.08000    104.51075      3.08143    101.42932
     -0.07000    108.72268      3.20744    105.51524
     -0.06000    115.73128      3.41363    112.31765
     -0.05000    122.69981      3.61444    119.08537
     -0.04000    132.46085      3.89210    128.56875
     -0.03000    142.26465      4.16366    138.10099
     -0.02000    143.00514      4.16320    138.84194
     -0.01000    128.67453      3.71612    124.95840
      0.00000    103.18766      2.95657    100.23108
      0.01000     51.13766      1.46052     49.67714
      0.02000     10.91584      0.31152     10.60432
      0.03000      0.88777      0.02533      0.86244
      0.04000      0.02674      0.00076      0.02598
      0.05000      0.00000      0.00000      0.00000
      0.06000      0.00000      0.00000      0.00000
      0.07000      0.00000      0.00000      0.00000
      0.08000      0.00000      0.00000      0.00000
      0.09000      0.00000      0.00000      0.00000
      0.10000      0.00000      0.00000      0.00000
      0.11000      0.00000      0.00000      0.00000
      0.12000      0.00000      0.00000      0.00000
      0.13000      0.00000      0.00000      0.00000
      0.14000      0.00000      0.00000      0.00000
      0.15000      0.00000      0.00000      0.00000
      0.16000      0.00000      0.00000      0.00000
      0.17000      0.00000      0.00000      0.00000
      0.18000      0.00000      0.00000      0.00000
      0.19000      0.00000      0.00000      0.00000
      0.20000      0.00000      0.00000      0.00000
      0.21000      0.00000      0.00000      0.00000
      0.22000      0.00000      0.00000      0.00000
      0.23000      0.00000      0.00000      0.00000
      0.24000      0.00000      0.00000      0.00000
      0.25000      0.00000      0.00000      0.00000
      0.26000      0.00000      0.00000      0.00000
      0.27000      0.00000      0.00000      0.00000
      0.28000      0.00000      0.00000      0.00000
      0.29000      0.00000      0.00000      0.00000
      0.30000      0.00000      0.00000      0.00000
      0.31000      0.00000      0.00000      0.00000
      0.32000      0.00000      0.00000      0.00000
      0.33000      0.00000      0.00000      0.00000
      0.34000      0.00000      0.00000      0.00000
      0.35000      0.00000      0.00000      0.00000
      0.36000      0.00000      0.00000      0.00000
      0.37000      0.00000      0.00000      0.00000
      0.38000      0.00000      0.00000      0.00000
      0.39000      0.00000      0.00000      0.00000
      0.40000      0.00000      0.00000      0.00000
      0.41000      0.00000      0.00000      0.00000
      0.42000      0.00000      0.00000      0.00000
      0.43000      0.00000      0.00000      0.00000
      0.44000      0.00000      0.00000      0.00000
      0.45000      0.00000      0.00000      0.00000
      0.46000      0.00000      0.00000      0.00000
      0.47000      0.00000      0.00000      0.00000
      0.48000      0.00000      0.00000      0.00000
      0.49000      0.00000      0.00000      0.00000
      0.50000      0.00000      0.00000      0.00000
      0.51000      0.00000      0.00000      0.00000
      0.52000      0.00000      0.00000      0.00000
      0.53000      0.00000      0.00000      0.00000
      0.54000      0.00000      0.00000      0.00000
      0.55000      0.00000      0.00000      0.00000
      0.56000      0.00000      0.00000      0.00000
      0.57000      0.00000      0.00000      0.00000
      0.58000      0.00000      0.00000      0.00000
      0.59000      0.00000      0.00000      0.00000
      0.60000      0.00000      0.00000      0.00000
      0.61000      0.00000      0.00000      0.00000
      0.62000      0.00000      0.00000      0.00000
      0.63000      0.00000      0.00000      0.00000
      0.64000      0.00000      0.00000      0.00000
      0.65000      0.00000      0.00000      0.00000
      0.66000      0.00000      0.00000      0.00000
      0.67000      0.00000      0.00000      0.00000
      0.68000      0.00000      0.00000      0.00000
      0.69000      0.00000      0.00000      0.00000
      0.70000      0.00000      0.00000      0.00000
      0.71000      0.00000      0.00000      0.00000
      0.72000      0.00000      0.00000      0.00000
      0.73000      0.00000      0.00000      0.00000
      0.74000      0.00000      0.00000      0.00000
      0.75000      0.00000      0.00000      0.00000
      0.76000      0.00000      0.00000      0.00000
      0.77000      0.00000      0.00000      0.00000
      0.78000      0.00000      0.00000      0.00000
      0.79000      0.00000      0.00000      0.00000
      0.80000      0.00000      0.00000      0.00000
      0.81000      0.00000      0.00000      0.00000
      0.82000      0.00000      0.00000      0.00000
      0.83000      0.00000      0.00000      0.00000
      0.84000      0.00000      0.00000      0.00000
      0.85000      0.00000      0.00000      0.00000
      0.86000      0.00000      0.00000      0.00000
      0.87000      0.00000      0.00000      0.00000
      0.88000      0.00000      0.00000      0.00000
      0.89000      0.00000      0.00000      0.00000
      0.90000      0.00000      0.00000      0.00000
      0.91000      0.00000      0.00000      0.00000
      0.92000      0.00000      0.00000      0.00000
      0.93000      0.00000      0.00000      0.00000
      0.94000      0.00000      0.00000      0.00000
      0.95000      0.00000      0.00000      0.00000
      0.96000      0.00000      0.00000      0.00000
      0.97000      0.00000      0.00000      0.00000
      0.98000      0.00000      0.00000      0.00000
      0.99000      0.00000      0.00000      0.00000
      1.00000      0.00000      0.00000      0.00000
      1.01000      0.00000      0.00000      0.00000
      1.02000      0.00000      0.00000      0.00000
      1.03000      0.00000      0.00000      0.00000
      1.04000      0.00000      0.00000      0.00000
      1.05000      0.00000      0.00000      0.00000
      1.06000      0.00000      0.00000      0.00000
      1.07000      0.00000      0.00000      0.00000
      1.08000      0.00000      0.00000      0.00000
      1.09000      0.00000      0.00000      0.00000
      1.10000      0.00000      0.00000      0.00000
      1.11000      0.00000      0.00000      0.00000
      1.12000      0.00000      0.00000      0.00000
      1.13000      0.00000      0.00000      0.00000
      1.14000      0.00000      0.00000      0.00000
      1.15000      0.00000      0.00000      0.00000
      1.16000      0.00000      0.00000      0.00000
      1.17000      0.00000      0.00000      0.00000
      1.18000      0.00000      0.00000      0.00000
      1.19000      0.00000      0.00000      0.00000
      1.20000      0.00000      0.00000      0.00000
      1.21000      0.00000      0.00000      0.00000
      1.22000      0.00000      0.00000      0.00000
      1.23000      0.00000      0.00000      0.00000
      1.24000      0.00000      0.00000      0.00000
      1.25000      0.00000      0.00000      0.00000
      1.26000      0.00000      0.00000      0.00000
      1.27000      0.00000      0.00000      0.00000
      1.28000      0.00000      0.00000      0.00000
      1.29000      0.00000      0.00000      0.00000
      1.30000      0.00000      0.00000      0.00000
      1.31000      0.00000      0.00000      0.00000
      1.32000      0.00000      0.00000      0.00000
      1.33000      0.00000      0.00000      0.00000
      1.34000      0.00000      0.00000      0.00000
      1.35000      0.00000      0.00000      0.00000
      1.36000      0.00000      0.00000      0.00000
      1.37000      0.00000      0.00000      0.00000
      1.38000      0.00000      0.00000      0.00000
      1.39000      0.00000      0.00000      0.00000
      1.40000      0.00000      0.00000      0.00000
      1.41000      0.00000      0.00000      0.00000
      1.42000      0.00000      0.00000      0.00000
      1.43000      0.00000      0.00000      0.00000
      1.44000      0.00000      0.00000      0.00000
      1.45000      0.00000      0.00000      0.00000
      1.46000      0.00000      0.00000      0.00000
      1.47000      0.00000      0.00000      0.00000
      1.48000      0.00000      0.00000      0.00000
      1.49000      0.00000      0.00000      0.00000
      1.50000      0.00000      0.00000      0.00000
      1.51000      0.00000      0.00000      0.00000
      1.52000      0.00000      0.00000      0.00000
      1.53000      0.00000      0.00000      0.00000
      1.54000      0.00000      0.00000      0.00000
      1.55000      0.00000      0.00000      0.00000
      1.56000      0.00000      0.00000      0.00000
      1.57000      0.00000      0.00000      0.00000
      1.58000      0.00000      0.00000      0.00000
      1.59000      0.00000      0.00000      0.00000
      1.60000      0.00000      0.00000      0.00000
      1.61000      0.00000      0.00000      0.00000
      1.62000      0.00000      0.00000      0.00000
      1.63000      0.00000      0.00000      0.00000
      1.64000      0.00000      0.00000      0.00000
      1.65000      0.00000      0.00000      0.00000
      1.66000      0.00000      0.00000      0.00000
      1.67000      0.00000      0.00000      0.00000
      1.68000      0.00000      0.00000      0.00000
      1.69000      0.00000      0.00000      0.00000
      1.70000      0.00000      0.00000      0.00000
      1.71000      0.00000      0.00000      0.00000
      1.72000      0.00000      0.00000      0.00000
      1.73000      0.00000      0.00000      0.00000
      1.74000      0.00000      0.00000      0.00000
      1.75000      0.00000      0.00000      0.00000
      1.76000      0.00000      0.00000      0.00000
      1.77000      0.00000      0.00000      0.00000
      1.78000      0.00000      0.00000      0.00000
      1.79000      0.00000      0.00000      0.00000
      1.80000      0.00000      0.00000      0.00000
      1.81000      0.00000      0.00000      0.00000
      1.82000      0.00000      0.00000      0.00000
      1.83000      0.00000      0.00000      0.00000
      1.84000      0.00000      0.00000      0.00000
      1.85000      0.00000      0.00000      0.00000
      1.86000      0.00000      0.00000      0.00000
      1.87000      0.00000      0.00000      0.00000
      1.88000      0.00000      0.00000      0.00000
      1.89000      0.00000      0.00000      0.00000
      1.90000      0.00000      0.00000      0.00000
      1.91000      0.00000      0.00000      0.00000
      1.92000      0.00000      0.00000      0.00000
      1.93000      0.00000      0.00000      0.00000
      1.94000      0.00000      0.00000      0.00000
      1.95000      0.00000      0.00000      0.00000
      1.96000      0.00000      0.00000      0.00000
      1.97000      0.00000      0.00000      0.00000
      1.98000      0.00000      0.00000      0.00000
      1.99000      0.00000      0.00000      0.00000
      2.00000      0.00000      0.00000      0.00000
      2.01000      0.00000      0.00000      0.00000
      2.02000      0.00000      0.00000      0.00000
      2.03000      0.00000      0.00000      0.00000
      2.04000      0.00000      0.00000      0.00000
      2.05000      0.00000      0.00000      0.00000
      2.06000      0.00000      0.00000      0.00000
      2.07000      0.00000      0.00000      0.00000
      2.08000      0.00000      0.00000      0.00000
      2.09000      0.00000      0.00000      0.00000
      2.10000      0.00000      0.00000      0.00000
      2.11000      0.00000      0.00000      0.00000
      2.12000      0.00000      0.00000      0.00000
      2.13000      0.00000      0.00000      0.00000
      2.14000      0.00000      0.00000      0.00000
      2.15000      0.00000      0.00000      0.00000
      2.16000      0.00000      0.00000      0.00000
      2.17000      0.00000      0.00000      0.00000
      2.18000      0.00000      0.00000      0.00000
      2.19000      0.00000      0.00000      0.00000
      2.20000      0.00000      0.00000      0.00000
      2.21000      0.00000      0.00000      0.00000
      2.22000      0.00000      0.00000      0.00000
      2.23000      0.00000      0.00000      0.00000
      2.24000      0.00000      0.00000      0.00000
      2.25000      0.00000      0.00000      0.00000
      2.26000      0.00000      0.00000      0.00000
      2.27000      0.00000      0.00000      0.00000
      2.28000      0.00000      0.00000      0.00000
      2.29000      0.00000      0.00000      0.00000
      2.30000      0.00000      0.00000      0.00000
      2.31000      0.00000      0.00000      0.00000
      2.32000      0.00000      0.00000      0.00000
      2.33000      0.00000      0.00000      0.00000
      2.34000      0.00000      0.00000      0.00000
      2.35000      0.00000      0.00000      0.00000
      2.36000      0.00000      0.00000      0.00000
      2.37000      0.00000      0.00000      0.00000
      2.38000      0.00000      0.00000      0.00000
      2.39000      0.00000      0.00000      0.00000
      2.40000      0.00000      0.00000      0.00000
      2.41000      0.00000      0.00000      0.00000
      2.42000      0.00000      0.00000      0.00000
      2.43000      0.00000      0.00000      0.00000
      2.44000      0.00000      0.00000      0.00000
      2.45000      0.00000      0.00000      0.00000
      2.46000      0.00000      0.00000      0.00000
      2.47000      0.00000      0.00000      0.00000
      2.48000      0.00000      0.00000      0.00000
      2.49000      0.00000      0.00000      0.00000
      2.50000      0.00000      0.00000      0.00000
      2.51000      0.00000      0.00000      0.00000
      2.52000      0.00000      0.00000      0.00000
      2.53000      0.00000      0.00000      0.00000
      2.54000      0.00000      0.00000      0.00000
      2.55000      0.00000      0.00000      0.00000
      2.56000      0.00000      0.00000      0.00000
      2.57000      0.00000      0.00000      0.00000
      2.58000      0.00000      0.00000      0.00000
      2.59000      0.00000      0.00000      0.00000
      2.60000      0.00000      0.00000      0.00000
      2.61000      0.00000      0.00000      0.00000
      2.62000      0.00000      0.00000      0.00000
      2.63000      0.00000      0.00000      0.00000
      2.64000      0.00000      0.00000      0.00000
      2.65000      0.00000      0.00000      0.00000
      2.66000      0.00000      0.00000      0.00000
      2.67000      0.00000      0.00000      0.00000
      2.68000      0.00000      0.00000      0.00000
      2.69000      0.00000      0.00000      0.00000
      2.70000      0.00000      0.00000      0.00000
      2.71000      0.00000      0.00000      0.00000
      2.72000      0.00000      0.00000      0.00000
      2.73000      0.00000      0.00000      0.00000
      2.74000      0.00000      0.00000      0.00000
      2.75000      0.00000      0.00000      0.00000
      2.76000      0.00000      0.00000      0.00000
      2.77000      0.00000      0.00000      0.00000
      2.78000      0.00000      0.00000      0.00000
      2.79000      0.00000      0.00000      0.00000
      2.80000      0.00000      0.00000      0.00000
      2.81000      0.00000      0.00000      0.00000
      2.82000      0.00000      0.00000      0.00000
      2.83000      0.00000      0.00000      0.00000
      2.84000      0.00000      0.00000      0.00000
      2.85000      0.00000      0.00000      0.00000
      2.86000      0.00000      0.00000      0.00000
      2.87000      0.00000      0.00000      0.00000
      2.88000      0.00000      0.00000      0.00000
      2.89000      0.00000      0.00000      0.00000
      2.90000      0.00000      0.00000      0.00000
      2.91000      0.00000      0.00000      0.00000
      2.92000      0.00000      0.00000      0.00000
      2.93000      0.00000      0.00000      0.00000
      2.94000      0.00000      0.00000      0.00000
      2.95000      0.00000      0.00000      0.00000
      2.96000      0.00000      0.00000      0.00000
      2.97000      0.00000      0.00000      0.00000
      2.98000      0.00000      0.00000      0.00000
      2.99000      0.00000      0.00000      0.00000
      3.00000      0.00000      0.00000      0.00000
      3.01000      0.00000      0.00000      0.00000
      3.02000      0.00000      0.00000      0.00000
      3.03000      0.00000      0.00000      0.00000
      3.04000      0.00000      0.00000      0.00000
      3.05000      0.00000      0.00000      0.00000
      3.06000      0.00000      0.00000      0.00000
      3.07000      0.00000      0.00000      0.00000
      3.08000      0.00000      0.00000      0.00000
      3.09000      0.00000      0.00000      0.00000
      3.10000      0.00000      0.00000      0.00000
      3.11000      0.00000      0.00000      0.00000
      3.12000      0.00000      0.00000      0.00000
      3.13000      0.00000      0.00000      0.00000
      3.14000      0.00000      0.00000      0.00000
      3.15000      0.00000      0.00000      0.00000
      3.16000      0.00000      0.00000      0.00000
      3.17000      0.00000      0.00000      0.00000
      3.18000      0.00000      0.00000      0.00000
      3.19000      0.00000      0.00000      0.00000
      3.20000      0.00000      0.00000      0.00000
      3.21000      0.00000      0.00000      0.00000
      3.22000      0.00000      0.00000      0.00000
      3.23000      0.00000      0.00000      0.00000
      3.24000      0.00000      0.00000      0.00000
      3.25000      0.00000      0.00000      0.00000
      3.26000      0.00000      0.00000      0.00000
      3.27000      0.00000      0.00000      0.00000
      3.28000      0.00000      0.00000      0.00000
      3.29000      0.00000      0.00000      0.00000
      3.30000      0.00000      0.00000      0.00000
      3.31000      0.02484      0.00027      0.02457
      3.32000      0.90876      0.00985      0.89890
      3.33000     12.79047      0.13911     12.65135
      3.34000     71.97034      0.78750     71.18284
      3.35000    175.17979      1.94046    173.23933
      3.36000    218.87826      2.48733    216.39093
      3.37000    191.41467      2.27617    189.13850
      3.38000    160.14667      2.01624    158.13043
      3.39000    141.42071      1.88415    139.53656
      3.40000    129.68717      1.82472    127.86245
      3.41000    120.61586      1.78783    118.82803
      3.42000    114.73192      1.78850    112.94342
      3.43000    108.17347      1.77088    106.40259
      3.44000    106.72398      1.82988    104.89409
      3.45000    114.39606      2.05127    112.34480
      3.46000    164.34033      3.01838    161.32195
      3.47000    216.49083      4.01990    212.47093
      3.48000    226.61008      4.28841    222.32168
      3.49000    195.93276      3.79153    192.14123
      3.50000    186.43001      3.72425    182.70576
      3.51000    159.75176      3.27732    156.47444
      3.52000    164.39232      3.44964    160.94268
      3.53000    159.56419      3.43770    156.12648
      3.54000    125.39264      2.81066    122.58198
      3.55000    160.44102      3.62230    156.81872
      3.56000    145.07686      3.29980    141.77706
      3.57000    110.29940      2.72991    107.56949
      3.58000    138.79792      3.41265    135.38527
      3.59000    145.44411      3.42815    142.01596
      3.60000    124.27720      3.23027    121.04693
      3.61000    101.79665      2.82650     98.97015
      3.62000    119.13287      3.06652    116.06635
      3.63000    159.37097      4.15666    155.21431
      3.64000    110.52243      3.08585    107.43659
      3.65000     76.57628      2.37396     74.20232
      3.66000    126.31669      3.73242    122.58427
      3.67000    144.02612      3.86304    140.16308
      3.68000    112.38579      3.23594    109.14985
      3.69000     96.64122      3.32540     93.31582
      3.70000     80.72704      2.69045     78.03659
      3.71000    120.10604      3.54440    116.56164
      3.72000    157.88578      4.79074    153.09505
      3.73000     94.46696      3.09230     91.37465
      3.74000     63.48831      2.45419     61.03412
      3.75000    101.74851      3.82531     97.92320
      3.76000    125.09875      3.92537    121.17338
      3.77000    126.34744      3.84627    122.50117
      3.78000    111.41808      4.19988    107.21820
      3.79000     69.70561      2.95610     66.74951
      3.80000     61.15799      2.47544     58.68256
      3.81000    130.46345      4.76021    125.70324
      3.82000    147.77235      4.96866    142.80369
      3.83000     86.39653      3.05509     83.34144
      3.84000     78.32841      3.62826     74.70014
      3.85000     80.22274      3.82336     76.39938
      3.86000     75.16637      2.92469     72.24168
      3.87000    134.63104      4.82166    129.80938
      3.88000    145.14108      5.64268    139.49840
      3.89000     70.16896      3.05378     67.11518
      3.90000     52.33220      2.74163     49.59057
      3.91000     88.34387      4.56158     83.78229
      3.92000    102.02508      4.25668     97.76840
      3.93000    119.88843      4.16779    115.72064
      3.94000    125.96551      5.40872    120.55678
      3.95000     84.85509      4.41678     80.43831
      3.96000     41.19146      2.33397     38.85750
      3.97000     67.03219      3.68351     63.34868
      3.98000    124.33080      5.87599    118.45481
      3.99000    127.59619      4.84888    122.74731
      4.00000     94.57508      3.91125     90.66383
      4.01000     89.42216      5.11088     84.31128
      4.02000     65.89254      4.06572     61.82682
      4.03000     41.83010      2.41745     39.41265
      4.04000     97.74243      4.94150     92.80093
      4.05000    157.59094      8.87998    148.71096
      4.06000    133.22392     31.25658    101.96734
      4.07000    229.68623    158.67018     71.01605
      4.08000    495.92196    382.73725    113.18471
      4.09000    566.71860    455.24537    111.47323
      4.10000    495.57173    398.35211     97.21962
      4.11000    616.68352    447.94240    168.74112
      4.12000    754.41029    547.73561    206.67468
      4.13000    657.44287    527.07946    130.36341
      4.14000    539.74402    451.25206     88.49196
      4.15000    514.80808    401.63725    113.17083
      4.16000    482.66746    369.94549    112.72198
      4.17000    454.96727    345.83075    109.13652
      4.18000    487.42449    329.84572    157.57876
      4.19000    478.43178    315.98211    162.44967
      4.20000    395.95701    299.39087     96.56614
      4.21000    346.03208    285.16405     60.86803
      4.22000    365.80214    276.43273     89.36940
      4.23000    382.66401    267.93980    114.72422
      4.24000    376.33009    257.22240    119.10769
      4.25000    385.90027    249.44813    136.45214
      4.26000    377.40493    243.14192    134.26302
      4.27000    330.43960    234.72290     95.71670
      4.28000    279.43796    225.62792     53.81004
      4.29000    287.54986    219.78816     67.76170
      4.30000    333.49991    218.02103    115.47888
      4.31000    345.63025    210.88892    134.74133
      4.32000    326.72340    205.54366    121.17975
      4.33000    332.57580    198.69248    133.88332
      4.34000    421.03119    198.30586    222.72534
      4.35000    429.48772    191.87005    237.61767
      4.36000    374.07644    188.87615    185.20029
      4.37000    387.39197    184.33663    203.05534
      4.38000    434.02329    184.84245    249.18084
      4.39000    397.48259    178.89205    218.59054
      4.40000    325.49386    172.87743    152.61643
      4.41000    347.60772    174.99334    172.61438
      4.42000    316.19263    164.86488    151.32776
      4.43000    269.64213    170.28088     99.36125
      4.44000    299.22174    156.88479    142.33695
      4.45000    379.22189    169.53651    209.68539
      4.46000    340.52562    156.92907    183.59655
      4.47000    286.80600    156.61291    130.19308
      4.48000    296.93066    157.49160    139.43906
      4.49000    283.69346    147.78986    135.90359
      4.50000    245.91820    154.13384     91.78436
      4.51000    235.41604    144.09654     91.31950
      4.52000    321.87517    147.80544    174.06973
      4.53000    366.67478    151.02074    215.65404
      4.54000    277.50904    141.50929    135.99974
      4.55000    233.23853    140.87722     92.36131
      4.56000    374.39079    151.94647    222.44431
      4.57000    550.95165    160.39668    390.55497
      4.58000    534.87946    159.93817    374.94128
      4.59000    451.39920    159.26528    292.13392
      4.60000    464.25599    147.35306    316.90293
      4.61000    537.27704    150.71772    386.55933
      4.62000    492.49187    156.97175    335.52012
      4.63000    349.62523    133.26229    216.36294
      4.64000    316.94872    137.55594    179.39278
      4.65000    385.33630    151.48895    233.84735
      4.66000    422.32297    129.05415    293.26882
      4.67000    418.55708    136.17237    282.38471
      4.68000    391.49908    148.40529    243.09379
      4.69000    317.76812    117.67335    200.09477
      4.70000    335.48495    128.96604    206.51891
      4.71000    377.88972    150.73970    227.15002
      4.72000    331.68437    114.82256    216.86181
      4.73000    303.58566    116.26533    187.32034
      4.74000    345.35598    149.62310    195.73288
      4.75000    370.12300    120.40485    249.71815
      4.76000    343.95443    106.15527    237.79916
      4.77000    349.12850    145.41272    203.71579
      4.78000    314.54756    126.02145    188.52611
      4.79000    258.74353     91.21133    167.53221
      4.80000    311.72965    132.55862    179.17103
      4.81000    318.25221    142.22646    176.02575
      4.82000    277.16297     91.04775    186.11521
      4.83000    358.83216    109.07420    249.75796
      4.84000    361.16759    150.08868    211.07891
      4.85000    274.32961    108.40483    165.92479
      4.86000    253.70223     81.94818    171.75404
      4.87000    322.78751    135.49746    187.29005
      4.88000    318.52453    138.81030    179.71423
      4.89000    216.62902     78.20874    138.42028
      4.90000    241.94149     94.45128    147.49021
      4.91000    341.90119    149.33528    192.56591
      4.92000    366.04978    116.24235    249.80743
      4.93000    309.75695     72.35257    237.40437
      4.94000    268.76354    115.82671    152.93683
      4.95000    253.15330    145.17972    107.97358
      4.96000    169.55105     83.62308     85.92797
      4.97000    207.36277     68.00074    139.36203
      4.98000    354.99799    135.80207    219.19591
      4.99000    393.43222    142.63693    250.79530
      5.00000    289.95145     72.92956    217.02189
      5.01000    195.55315     69.92002    125.63312
      5.02000    259.25866    138.97177    120.28689
      5.03000    295.69792    131.84652    163.85140
      5.04000    179.19658     60.08122    119.11536
      5.05000    182.39399     71.70095    110.69305
      5.06000    320.97475    144.13764    176.83711
      5.07000    326.71058    125.29371    201.41686
      5.08000    272.49305     58.30634    214.18671
      5.09000    269.21208     74.97491    194.23717
      5.10000    263.94769    142.17876    121.76893
      5.11000    241.14628    123.45821    117.68806
      5.12000    201.64425     53.75219    147.89206
      5.13000    179.85774     62.15948    117.69826
      5.14000    244.22085    136.15989    108.06096
      5.15000    264.78624    131.09116    133.69508
      5.16000    209.66459     57.24644    152.41815
      5.17000    255.71655     56.63113    199.08542
      5.18000    357.69613    131.40435    226.29179
      5.19000    298.31276    141.41367    156.89909
      5.20000    164.64869     63.21761    101.43108
      5.21000    212.15223     43.77681    168.37543
      5.22000    391.07853    116.56480    274.51374
      5.23000    454.62950    161.85638    292.77312
      5.24000    319.56038     91.14427    228.41611
      5.25000    151.60563     34.05763    117.54800
      5.26000    111.16043     71.90075     39.25968
      5.27000    193.71983    143.21657     50.50325
      5.28000    234.05676    113.62183    120.43493
      5.29000    205.75034     44.93615    160.81419
      5.30000    196.33597     51.18589    145.15009
      5.31000    295.23340    128.16062    167.07277
      5.32000    341.69356    143.60072    198.09283
      5.33000    219.22689     64.73673    154.49016
      5.34000    169.77544     33.88725    135.88819
      5.35000    251.27709     91.56263    159.71447
      5.36000    250.87108    149.18293    101.68815
      5.37000    152.03607     96.74448     55.29159
      5.38000    155.89019     34.62925    121.26094
      5.39000    266.36259     55.41589    210.94671
      5.40000    314.02392    131.25345    182.77046
      5.41000    275.41497    138.48874    136.92624
      5.42000    221.22223     63.10031    158.12192
      5.43000    191.60128     34.61904    156.98223
      5.44000    259.47703     90.09542    169.38161
      5.45000    307.58532    149.13701    158.44831
      5.46000    173.96031     99.44173     74.51857
      5.47000     88.33107     36.17913     52.15195
      5.48000    164.88296     57.16944    107.71352
      5.49000    292.64521    123.79236    168.85285
      5.50000    343.53462    132.96325    210.57137
      5.51000    299.05330     80.24693    218.80637
      5.52000    260.86350     69.70408    191.15943
      5.53000    237.20083     93.81800    143.38282
      5.54000    193.29050    102.65504     90.63546
      5.55000    192.60448    120.23343     72.37105
      5.56000    277.61133    119.60625    158.00508
      5.57000    308.50971     84.03182    224.47788
      5.58000    228.56560     84.64973    143.91587
      5.59000    240.80908    136.98560    103.82348
      5.60000    319.85811    127.62363    192.23447
      5.61000    300.88931     85.36842    215.52089
      5.62000    193.92104     85.71842    108.20263
      5.63000    135.32623     77.93539     57.39084
      5.64000    200.99593     85.87854    115.11739
      5.65000    298.89778    109.04745    189.85034
      5.66000    295.83501    107.53312    188.30189
      5.67000    232.52115     81.57459    150.94656
      5.68000    300.57101    121.09139    179.47962
      5.69000    521.17054    329.93962    191.23093
      5.70000    662.03035    494.13929    167.89106
      5.71000    517.01133    383.39056    133.62077
      5.72000    347.07812    231.16689    115.91123
      5.73000    379.69447    196.00467    183.68980
      5.74000    470.72193    210.04615    260.67578
      5.75000    483.60953    215.08825    268.52128
      5.76000    344.13393    158.61578    185.51815
      5.77000    251.59065    122.48741    129.10324
      5.78000    367.26451    193.98616    173.27836
      5.79000    421.36090    230.67489    190.68602
      5.80000    327.10515    162.94055    164.16460
      5.81000    280.47166     99.10043    181.37123
      5.82000    378.98041    121.46636    257.51406
      5.83000    467.91247    184.05861    283.85386
      5.84000    426.20401    203.18075    223.02325
      5.85000    401.42317    239.01507    162.40810
      5.86000    408.98684    215.64866    193.33818
      5.87000    500.89736    216.54901    284.34834
      5.88000    611.59548    248.88535    362.71013
      5.89000    521.63977    212.50028    309.13949
      5.90000    417.69068    188.10638    229.58430
      5.91000    364.04067    151.32760    212.71307
      5.92000    283.54855    133.89876    149.64979
      5.93000    175.01261    113.47305     61.53957
      5.94000     75.09092     60.05930     15.03162
      5.95000     18.25302     15.76170      2.49132
      5.96000     21.02792     17.26694      3.76098
      5.97000    121.45440     93.55012     27.90429
      5.98000    303.51874    211.89821     91.62053
      5.99000    355.65379    207.59713    148.05666
      6.00000    324.92040    164.63241    160.28799
      6.01000    300.04478    156.42874    143.61604
      6.02000    195.96497     84.15536    111.80961
      6.03000    112.38153     23.51062     88.87091
      6.04000     52.84772      5.77807     47.06966
      6.05000     11.97971      1.28800     10.69171
      6.06000      8.24608      4.20765      4.03843
      6.07000     62.44315     31.53835     30.90480
      6.08000    216.82119    101.41732    115.40387
      6.09000    322.04548    157.36843    164.67704
      6.10000    251.57866    157.40078     94.17788
      6.11000    191.12787    159.66768     31.46020
      6.12000    193.75471    172.53270     21.22202
      6.13000    154.60674    116.31216     38.29458
      6.14000    166.30544     68.57644     97.72900
      6.15000    290.52578    141.69503    148.83075
      6.16000    372.93386    243.88364    129.05022
      6.17000    368.10926    257.63088    110.47837
      6.18000    294.96043    187.56170    107.39873
      6.19000    222.88841    154.27512     68.61329
      6.20000    283.48932    234.74582     48.74350
      6.21000    272.32595    228.33870     43.98725
      6.22000    143.80195    100.33658     43.46537
      6.23000    122.82659     44.67171     78.15488
      6.24000    214.25631    101.67136    112.58494
      6.25000    322.17169    188.58965    133.58203
      6.26000    378.42916    240.39008    138.03908
      6.27000    349.33315    222.74191    126.59123
      6.28000    210.51730    131.06339     79.45391
      6.29000    163.08360    109.67515     53.40845
      6.30000    204.39391    124.78259     79.61132
      6.31000    185.54772    101.25077     84.29695
      6.32000    146.14264     99.92646     46.21619
      6.33000    148.44520    116.84292     31.60228
      6.34000    165.61112    105.87195     59.73917
      6.35000    276.95016    125.55605    151.39411
      6.36000    422.40384    184.81777    237.58607
      6.37000    396.77129    211.46055    185.31074
      6.38000    275.35140    194.92715     80.42425
      6.39000    169.41755    139.97314     29.44440
      6.40000    137.25654    104.57198     32.68455
      6.41000    182.26043    109.56695     72.69348
      6.42000    226.29859    139.36844     86.93014
      6.43000    197.64101    145.54404     52.09697
      6.44000    133.66188     98.54609     35.11579
      6.45000    157.01868     89.74340     67.27528
      6.46000    179.65884     91.78459     87.87425
      6.47000    207.29371    118.31300     88.98071
      6.48000    283.55159    161.49913    122.05336
      6.49000    273.79934    138.43354    135.41434
      6.50000    203.41411     93.93412    110.47835
      6.51000    245.39644    185.04931     68.42091
      6.52000    465.29870    442.07335     50.24540
      6.53000    534.30068    532.52285     43.11141
      6.54000    418.72454    402.60382     53.22890
      6.55000    477.58658    437.44084     80.93074
      6.56000    701.79775    692.70617     72.97416
      6.57000    826.42301    816.73461     83.39124
      6.58000    858.25723    804.37300    117.25734
      6.59000    815.84785    749.43837    119.45733
      6.60000    615.90535    566.96581     95.84144
      6.61000    386.29000    379.09366     45.95953
      6.62000    325.62431    327.84127     31.83998
      6.63000    450.52523    402.65659     84.97912
      6.64000    541.42262    447.18019    131.99328
      6.65000    481.04021    421.11729     94.90127
      6.66000    387.03473    386.93215     33.19828
      6.67000    384.89402    398.53433     20.73639
      6.68000    393.69428    371.19801     55.57959
      6.69000    382.63611    328.72517     81.22356
      6.70000    354.80000    331.14632     48.60002
      6.71000    352.66312    360.05298     20.45134
      6.72000    379.40450    359.48017     49.70213
      6.73000    438.55736    333.29511    134.08524
      6.74000    548.47731    374.63690    200.61203
      6.75000    536.54930    380.94629    176.74603
      6.76000    407.95459    338.79861     89.88084
      6.77000    345.12506    335.71060     35.38406
      6.78000    309.12458    318.51535     18.03108
      6.79000    285.69305    299.60030     11.50623
      6.80000    310.75531    309.03297     26.26380
      6.81000    384.77842    325.69078     82.25712
      6.82000    447.61142    323.63597    141.61815
      6.83000    426.55822    306.60905    138.72139
      6.84000    320.54099    253.02328     89.45557
      6.85000    233.76132    207.97823     46.82618
      6.86000    290.58278    248.53476     64.84953
      6.87000    317.78220    259.41809     78.47232
      6.88000    265.42176    249.20187     37.77071
      6.89000    204.29087    215.51242      8.77954
      6.90000    203.92486    213.96529      6.93471
      6.91000    252.76668    253.72211     19.04112
      6.92000    320.71627    262.12225     77.46294
      6.93000    464.29849    289.69586    190.34184
      6.94000    472.71430    264.04658    218.83235
      6.95000    273.26770    148.92610    128.08124
      6.96000    228.44816    145.05912     88.97635
      6.97000    379.22381    311.10001     85.22063
      6.98000    455.73384    438.71538     42.89244
      6.99000    374.48666    383.51442     13.39858
      7.00000    261.60395    265.81324     13.82410
      7.01000    291.02515    252.47474     58.23245
      7.02000    388.78380    270.83573    134.26847
      7.03000    378.79429    245.26347    141.95469
      7.04000    279.63777    220.32845     70.05771
      7.05000    211.96963    214.99774     16.64792
      7.06000    136.70544    139.68123     11.87048
      7.07000     94.30947     53.58952     45.48672
      7.08000    170.21652     94.16094     81.08413
      7.09000    340.83881    266.20956     88.45240
      7.10000    486.06565    392.97716    115.04060
      7.11000    480.49298    370.49229    135.87317
      7.12000    373.91861    259.37606    133.22698
      7.13000    292.56552    177.72640    123.87208
      7.14000    324.89456    235.59914    104.37623
      7.15000    349.02066    292.38430     79.13257
      7.16000    233.37969    207.32262     39.14724
      7.17000    167.48664    127.38980     45.01260
      7.18000    272.31661    178.84818    103.16265
      7.19000    348.51417    243.80438    122.36842
      7.20000    261.74260    208.35951     68.74625
      7.21000    177.24957    140.56356     42.92566
      7.22000    159.95704     83.67137     77.37291
      7.23000    184.71111     73.95060    110.87020
      7.24000    242.71878    117.38484    126.02105
      7.25000    314.60159    198.04399    121.68106
      7.26000    409.95226    302.33890    123.02551
      7.27000    459.86886    342.88319    138.00061
      7.28000    411.51176    303.16669    124.32977
      7.29000    320.96433    257.91760     75.78544
      7.30000    393.87983    331.99774     80.09866
      7.31000    609.25979    457.67606    171.42406
      7.32000    691.86969    467.35539    236.93669
      7.33000    541.62512    350.48412    198.83388
      7.34000    426.84665    251.68559    187.16258
      7.35000    433.92145    246.15716    203.69364
      7.36000    350.93413    227.60919    137.56308
      7.37000    218.95266    141.67995     84.87403
      7.38000    163.80484     79.98226     86.90615
      7.39000    222.50004    139.84587     88.88639
      7.40000    358.69038    290.50658     79.49964
      7.41000    435.00560    350.91942     96.47684
      7.42000    374.99007    257.68264    127.65194
      7.43000    300.90684    149.59172    155.90758
      7.44000    296.91644    119.28023    178.45275
      7.45000    226.43420     81.21713    145.27360
      7.46000    156.54084     68.15680     88.45834
      7.47000    231.94167    158.50111     74.28856
      7.48000    395.93414    304.49937     95.23184
      7.49000    450.62314    361.87686     96.01266
      7.50000    311.91153    262.13075     57.48292
      7.51000    190.58472    133.51098     62.34434
      7.52000    207.95370     81.76215    128.02193
      7.53000    317.75766    138.15872    179.86166
      7.54000    427.28402    230.46458    196.94477
      7.55000    401.55456    243.24062    159.34912
      7.56000    298.53391    223.63958     79.70906
      7.57000    337.36264    310.89202     40.90264
      7.58000    476.56685    427.75474     72.98529
      7.59000    438.48564    336.97676    120.43420
      7.60000    390.22670    219.34079    182.35192
      7.61000    469.41985    220.06320    261.83254
      7.62000    505.02380    246.25305    274.05728
      7.63000    429.12893    250.92556    192.17893
      7.64000    299.90840    222.38801     88.87279
      7.65000    205.32647    178.85864     34.31983
      7.66000    175.84562    157.99707     25.54051
      7.67000    220.96857    172.59480     61.20346
      7.68000    272.17545    187.94867     96.18031
      7.69000    269.23898    185.72424     93.55585
      7.70000    204.85072    139.90362     73.98177
      7.71000    217.93463    108.76353    114.49618
      7.72000    295.41588    148.08715    155.15329
      7.73000    254.66557    168.25872     98.91859
      7.74000    212.32881    155.40692     65.31412
      7.75000    226.68923    169.45549     62.34728
      7.76000    234.99123    201.95381     41.21064
      7.77000    199.72055    165.90113     41.05391
      7.78000    121.05765     78.41639     45.04093
      7.79000     49.86364     25.26989     24.91691
      7.80000     55.18028     28.60449     27.13554
      7.81000    167.04237    102.56720     68.11223
      7.82000    269.13253    183.35679     94.88192
      7.83000    297.14947    197.35047    109.84533
      7.84000    319.82945    216.65806    112.09227
      7.85000    266.16053    185.06163     88.35778
      7.86000    186.29541    108.24005     80.88357
      7.87000    154.92228     97.96284     57.37941
      7.88000    131.43218    102.04308     29.41213
      7.89000    111.63747     83.46254     28.17540
      7.90000    103.85935     52.03975     51.81973
      7.91000    131.20194     57.69881     73.51129
      7.92000    130.02353     83.39664     46.81068
      7.93000     87.17167     75.71235     12.98185
      7.94000     88.43554     90.19295      2.88278
      7.95000    132.05885    127.44223      9.83815
      7.96000    220.55060    183.76426     39.33113
      7.97000    390.29681    297.38371     96.25398
      7.98000    542.19955    402.20951    148.54894
      7.99000    489.77751    341.04195    157.83020
      8.00000    369.44530    239.16579    134.14969
      8.01000    283.56956    217.21485     67.65103
      8.02000    190.03092    172.28054     18.75053
      8.03000     97.46503     92.65740      7.03463
      8.04000    111.16478     95.56152     22.17120
      8.05000    204.28302    153.52657     59.73611
      8.06000    244.24480    188.03885     62.56330
      8.07000    166.03827    142.71147     26.13794
      8.08000     60.25783     54.78580      6.12219
      8.09000     45.24289     37.14035      8.16484
      8.10000    101.02877     82.20206     18.82897
      8.11000    160.07779    133.92169     26.15618
      8.12000    184.12595    150.13053     33.99900
      8.13000    162.06844    108.65164     53.51802
      8.14000    200.54260    107.22472     94.36977
      8.15000    289.12189    180.63704    112.51224
      8.16000    384.60229    286.77553    103.58131
      8.17000    370.46557    305.05258     68.84214
      8.18000    256.62308    212.68701     45.41086
      8.19000    221.83187    130.22332     92.26330
      8.20000    262.92451    104.98155    158.16480
      8.21000    288.07968    111.70100    177.38546
      8.22000    372.07117    185.98797    191.30019
      8.23000    418.65427    261.70447    167.43813
      8.24000    267.66220    196.40572     82.06402
      8.25000    195.03735    160.36654     46.84693
      8.26000    293.04948    223.23757     80.51241
      8.27000    381.37202    281.10550    104.22962
      8.28000    356.16817    268.61601     88.31506
      8.29000    286.08444    217.37709     69.99023
      8.30000    234.59193    186.65566     50.60262
      8.31000    213.72917    178.09971     37.80082
      8.32000    195.48341    163.71462     32.54659
      8.33000    159.29717    131.49332     28.10549
      8.34000    165.20387    119.82576     47.02897
      8.35000    171.37841    126.28508     52.05329
