Energy-E_F (eV)    DOS (1/eV)    PDOS (1/eV)  of atom type H  C  
     -4.99000     79.77272     19.50318     60.26953
     -4.98000     49.35535     12.06661     37.28874
     -4.97000     11.23362      2.74644      8.48717
     -4.96000      0.94061      0.22996      0.71065
     -4.95000      0.02897      0.00708      0.02189
     -4.94000      0.00033      0.00008      0.00025
     -4.93000      0.00000      0.00000      0.00000
     -4.92000      0.00000      0.00000      0.00000
     -4.91000      0.00000      0.00000      0.00000
     -4.90000      0.00000      0.00000      0.00000
     -4.89000      0.00000      0.00000      0.00000
     -4.88000      0.00000      0.00000      0.00000
     -4.87000      0.00000      0.00000      0.00000
     -4.86000      0.00000      0.00000      0.00000
     -4.85000      0.00000      0.00000      0.00000
     -4.84000      0.00000      0.00000      0.00000
     -4.83000      0.00000      0.00000      0.00000
     -4.82000      0.00000      0.00000      0.00000
     -4.81000      0.00000      0.00000      0.00000
     -4.80000      0.00000      0.00000      0.00000
     -4.79000      0.00000      0.00000      0.00000
     -4.78000      0.00000      0.00000      0.00000
     -4.77000      0.00000      0.00000      0.00000
     -4.76000      0.00000      0.00000      0.00000
     -4.75000      0.00000      0.00000      0.00000
     -4.74000      0.00000      0.00000      0.00000
     -4.73000      0.00000      0.00000      0.00000
     -4.72000      0.00000      0.00000      0.00000
     -4.71000      0.00000      0.00000      0.00000
     -4.70000      0.00000      0.00000      0.00000
     -4.69000      0.00000      0.00000      0.00000
     -4.68000      0.00000      0.00000      0.00000
     -4.67000      0.00000      0.00000      0.00000
     -4.66000      0.00000      0.00000      0.00000
     -4.65000      0.00000      0.00000      0.00000
     -4.64000      0.00000      0.00000      0.00000
     -4.63000      0.00000      0.00000      0.00000
     -4.62000      0.00000      0.00000      0.00000
     -4.61000      0.00000      0.00000      0.00000
     -4.60000      0.00000      0.00000      0.00000
     -4.59000      0.00000      0.00000      0.00000
     -4.58000      0.00000      0.00000      0.00000
     -4.57000      0.00000      0.00000      0.00000
     -4.56000      0.00000      0.00000      0.00000
     -4.55000      0.00000      0.00000      0.00000
     -4.54000      0.00000      0.00000      0.00000
     -4.53000      0.00000      0.00000      0.00000
     -4.52000      0.00000      0.00000      0.00000
     -4.51000      0.00000      0.00000      0.00000
     -4.50000      0.00000      0.00000      0.00000
     -4.49000      0.00979      0.00080      0.00898
     -4.48000      0.41365      0.03399      0.37966
     -4.47000      6.43261      0.52860      5.90401
     -4.46000     36.79944      3.02399     33.77545
     -4.45000     77.44637      6.36415     71.08222
     -4.44000     59.96066      4.92727     55.03340
     -4.43000     17.07801      1.40339     15.67463
     -4.42000      1.78943      0.14705      1.64238
     -4.41000      0.07051      0.00613      0.06437
     -4.40000      0.09917      0.02985      0.06933
     -4.39000      2.31604      0.70206      1.61399
     -4.38000     20.09570      6.09156     14.00414
     -4.37000     64.14539     19.44422     44.70116
     -4.36000     75.32396     22.83276     52.49121
     -4.35000     32.53917      9.86351     22.67565
     -4.34000      5.17113      1.56751      3.60362
     -4.33000      0.30232      0.09164      0.21068
     -4.32000      0.00650      0.00197      0.00453
     -4.31000      0.00000      0.00000      0.00000
     -4.30000      0.00000      0.00000      0.00000
     -4.29000      0.00000      0.00000      0.00000
     -4.28000      0.00000      0.00000      0.00000
     -4.27000      0.00000      0.00000      0.00000
     -4.26000      0.00000      0.00000      0.00000
     -4.25000      0.00000      0.00000      0.00000
     -4.24000      0.00000      0.00000      0.00000
     -4.23000      0.00000      0.00000      0.00000
     -4.22000      0.00000      0.00000      0.00000
     -4.21000      0.00000      0.00000      0.00000
     -4.20000      0.00000      0.00000      0.00000
     -4.19000      0.00000      0.00000      0.00000
     -4.18000      0.00000      0.00000      0.00000
     -4.17000      0.00000      0.00000      0.00000
     -4.16000      0.00000      0.00000      0.00000
     -4.15000      0.00000      0.00000      0.00000
     -4.14000      0.00000      0.00000      0.00000
     -4.13000      0.00000      0.00000      0.00000
     -4.12000      0.00000      0.00000      0.00000
     -4.11000      0.00000      0.00000      0.00000
     -4.10000      0.00000      0.00000      0.00000
     -4.09000      0.00000      0.00000      0.00000
     -4.08000      0.00000      0.00000      0.00000
     -4.07000      0.00000      0.00000      0.00000
     -4.06000      0.00000      0.00000      0.00000
     -4.05000      0.00000      0.00000      0.00000
     -4.04000      0.00000      0.00000      0.00000
     -4.03000      0.00000      0.00000      0.00000
     -4.02000      0.01649      0.00553      0.01096
     -4.01000      0.61525      0.20623      0.40902
     -4.00000      8.44523      2.83082      5.61441
     -3.99000     42.64586     14.29478     28.35108
     -3.98000     79.22240     26.55514     52.66726
     -3.97000     54.14080     18.14785     35.99295
     -3.96000     13.61153      4.56255      9.04898
     -3.95000      1.25891      0.42198      0.83693
     -3.94000      0.04283      0.01436      0.02848
     -3.93000      0.00054      0.00018      0.00036
     -3.92000      0.00000      0.00000      0.00000
     -3.91000      0.00000      0.00000      0.00000
     -3.90000      0.00000      0.00000      0.00000
     -3.89000      0.00000      0.00000      0.00000
     -3.88000      0.00000      0.00000      0.00000
     -3.87000      0.00000      0.00000      0.00000
     -3.86000      0.00000      0.00000      0.00000
     -3.85000      0.00000      0.00000      0.00000
     -3.84000      0.00000      0.00000      0.00000
     -3.83000      0.00000      0.00000      0.00000
     -3.82000      0.00000      0.00000      0.00000
     -3.81000      0.00000      0.00000      0.00000
     -3.80000      0.00000      0.00000      0.00000
     -3.79000      0.00000      0.00000      0.00000
     -3.78000      0.00000      0.00000      0.00000
     -3.77000      0.00000      0.00000      0.00000
     -3.76000      0.00000      0.00000      0.00000
     -3.75000      0.00000      0.00000      0.00000
     -3.74000      0.00000      0.00000      0.00000
     -3.73000      0.00000      0.00000      0.00000
     -3.72000      0.00000      0.00000      0.00000
     -3.71000      0.00000      0.00000      0.00000
     -3.70000      0.00000      0.00000      0.00000
     -3.69000      0.00000      0.00000      0.00000
     -3.68000      0.00000      0.00000      0.00000
     -3.67000      0.00000      0.00000      0.00000
     -3.66000      0.00000      0.00000      0.00000
     -3.65000      0.00000      0.00000      0.00000
     -3.64000      0.00000      0.00000      0.00000
     -3.63000      0.00000      0.00000      0.00000
     -3.62000      0.00000      0.00000      0.00000
     -3.61000      0.00000      0.00000      0.00000
     -3.60000      0.00000      0.00000      0.00000
     -3.59000      0.00000      0.00000      0.00000
     -3.58000      0.00000      0.00000      0.00000
     -3.57000      0.00000      0.00000      0.00000
     -3.56000      0.00000      0.00000      0.00000
     -3.55000      0.00000      0.00000      0.00000
     -3.54000      0.00000      0.00000      0.00000
     -3.53000      0.00000      0.00000      0.00000
     -3.52000      0.00000      0.00000      0.00000
     -3.51000      0.00000      0.00000      0.00000
     -3.50000      0.00000      0.00000      0.00000
     -3.49000      0.00000      0.00000      0.00000
     -3.48000      0.00000      0.00000      0.00000
     -3.47000      0.00000      0.00000      0.00000
     -3.46000      0.00000      0.00000      0.00000
     -3.45000      0.01610      0.00067      0.01543
     -3.44000      0.60410      0.02510      0.57900
     -3.43000      8.34086      0.34656      7.99430
     -3.42000     42.36636      1.76033     40.60603
     -3.41000     79.16568      3.28935     75.87632
     -3.40000     54.41995      2.26116     52.15879
     -3.39000     13.76211      0.57182     13.19029
     -3.38000      1.28032      0.05320      1.22712
     -3.37000      0.04382      0.00182      0.04200
     -3.36000      0.00055      0.00002      0.00053
     -3.35000      0.00000      0.00000      0.00000
     -3.34000      0.00000      0.00000      0.00000
     -3.33000      0.00000      0.00000      0.00000
     -3.32000      0.00000      0.00000      0.00000
     -3.31000      0.00000      0.00000      0.00000
     -3.30000      0.00000      0.00000      0.00000
     -3.29000      0.00000      0.00000      0.00000
     -3.28000      0.00000      0.00000      0.00000
     -3.27000      0.00000      0.00000      0.00000
     -3.26000      0.00000      0.00000      0.00000
     -3.25000      0.00000      0.00000      0.00000
     -3.24000      0.00033      0.00010      0.00023
     -3.23000      0.02916      0.00883      0.02034
     -3.22000      0.94523      0.28608      0.65915
     -3.21000     11.27019      3.41101      7.85918
     -3.20000     49.43480     14.96183     34.47297
     -3.19000     79.77001     24.14302     55.62699
     -3.18000     47.35349     14.33191     33.02159
     -3.17000     10.34118      3.12984      7.21134
     -3.16000      0.83079      0.25145      0.57935
     -3.15000      0.02455      0.00743      0.01712
     -3.14000      0.00000      0.00000      0.00000
     -3.13000      0.00000      0.00000      0.00000
     -3.12000      0.00000      0.00000      0.00000
     -3.11000      0.00000      0.00000      0.00000
     -3.10000      0.00000      0.00000      0.00000
     -3.09000      0.00000      0.00000      0.00000
     -3.08000      0.00000      0.00000      0.00000
     -3.07000      0.00000      0.00000      0.00000
     -3.06000      0.00000      0.00000      0.00000
     -3.05000      0.00000      0.00000      0.00000
     -3.04000      0.00000      0.00000      0.00000
     -3.03000      0.00000      0.00000      0.00000
     -3.02000      0.00000      0.00000      0.00000
     -3.01000      0.00000      0.00000      0.00000
     -3.00000      0.00000      0.00000      0.00000
     -2.99000      0.00000      0.00000      0.00000
     -2.98000      0.00000      0.00000      0.00000
     -2.97000      0.00000      0.00000      0.00000
     -2.96000      0.00000      0.00000      0.00000
     -2.95000      0.00000      0.00000      0.00000
     -2.94000      0.00000      0.00000      0.00000
     -2.93000      0.00000      0.00000      0.00000
     -2.92000      0.00000      0.00000      0.00000
     -2.91000      0.00000      0.00000      0.00000
     -2.90000      0.00000      0.00000      0.00000
     -2.89000      0.00000      0.00000      0.00000
     -2.88000      0.00000      0.00000      0.00000
     -2.87000      0.01636      0.00169      0.01466
     -2.86000      0.61146      0.06324      0.54822
     -2.85000      8.40986      0.86979      7.54007
     -2.84000     42.55142      4.40088     38.15053
     -2.83000     79.20354      8.19163     71.01191
     -2.82000     54.23513      5.60927     48.62586
     -2.81000     13.66225      1.41302     12.24923
     -2.80000      1.26610      0.13095      1.13516
     -2.79000      0.04316      0.00446      0.03870
     -2.78000      0.00054      0.00006      0.00049
     -2.77000      0.00000      0.00000      0.00000
     -2.76000      0.00000      0.00000      0.00000
     -2.75000      0.00000      0.00000      0.00000
     -2.74000      0.00000      0.00000      0.00000
     -2.73000      0.00000      0.00000      0.00000
     -2.72000      0.00000      0.00000      0.00000
     -2.71000      0.00000      0.00000      0.00000
     -2.70000      0.00000      0.00000      0.00000
     -2.69000      0.00000      0.00000      0.00000
     -2.68000      0.00000      0.00000      0.00000
     -2.67000      0.00000      0.00000      0.00000
     -2.66000      0.00000      0.00000      0.00000
     -2.65000      0.00000      0.00000      0.00000
     -2.64000      0.00000      0.00000      0.00000
     -2.63000      0.00000      0.00000      0.00000
     -2.62000      0.00000      0.00000      0.00000
     -2.61000      0.00000      0.00000      0.00000
     -2.60000      0.00000      0.00000      0.00000
     -2.59000      0.00000      0.00000      0.00000
     -2.58000      0.00000      0.00000      0.00000
     -2.57000      0.00000      0.00000      0.00000
     -2.56000      0.00000      0.00000      0.00000
     -2.55000      0.00000      0.00000      0.00000
     -2.54000      0.00000      0.00000      0.00000
     -2.53000      0.00000      0.00000      0.00000
     -2.52000      0.00000      0.00000      0.00000
     -2.51000      0.00000      0.00000      0.00000
     -2.50000      0.00869      0.00148      0.00721
     -2.49000      0.37773      0.06440      0.31333
     -2.48000      6.04001      1.02972      5.01029
     -2.47000     35.53072      6.05741     29.47331
     -2.46000     76.89103     13.10867     63.78236
     -2.45000     61.21429     10.43604     50.77825
     -2.44000     17.92815      3.05646     14.87169
     -2.43000      1.93163      0.32931      1.60232
     -2.42000      0.07656      0.01305      0.06351
     -2.41000      0.00112      0.00019      0.00093
     -2.40000      0.00000      0.00000      0.00000
     -2.39000      0.00000      0.00000      0.00000
     -2.38000      0.00000      0.00000      0.00000
     -2.37000      0.00000      0.00000      0.00000
     -2.36000      0.00000      0.00000      0.00000
     -2.35000      0.00000      0.00000      0.00000
     -2.34000      0.00000      0.00000      0.00000
     -2.33000      0.00000      0.00000      0.00000
     -2.32000      0.00000      0.00000      0.00000
     -2.31000      0.00000      0.00000      0.00000
     -2.30000      0.00000      0.00000      0.00000
     -2.29000      0.00000      0.00000      0.00000
     -2.28000      0.00000      0.00000      0.00000
     -2.27000      0.00000      0.00000      0.00000
     -2.26000      0.00000      0.00000      0.00000
     -2.25000      0.00000      0.00000      0.00000
     -2.24000      0.00000      0.00000      0.00000
     -2.23000      0.00000      0.00000      0.00000
     -2.22000      0.00000      0.00000      0.00000
     -2.21000      0.00000      0.00000      0.00000
     -2.20000      0.00000      0.00000      0.00000
     -2.19000      0.00000      0.00000      0.00000
     -2.18000      0.00000      0.00000      0.00000
     -2.17000      0.00000      0.00000      0.00000
     -2.16000      0.00000      0.00000      0.00000
     -2.15000      0.00000      0.00000      0.00000
     -2.14000      0.00000      0.00000      0.00000
     -2.13000      0.00000      0.00000      0.00000
     -2.12000      0.00000      0.00000      0.00000
     -2.11000      0.00000      0.00000      0.00000
     -2.10000      0.00000      0.00000      0.00000
     -2.09000      0.00000      0.00000      0.00000
     -2.08000      0.00000      0.00000      0.00000
     -2.07000      0.00000      0.00000      0.00000
     -2.06000      0.00000      0.00000      0.00000
     -2.05000      0.00000      0.00000      0.00000
     -2.04000      0.00000      0.00000      0.00000
     -2.03000      0.00000      0.00000      0.00000
     -2.02000      0.00000      0.00000      0.00000
     -2.01000      0.00000      0.00000      0.00000
     -2.00000      0.00000      0.00000      0.00000
     -1.99000      0.00000      0.00000      0.00000
     -1.98000      0.00000      0.00000      0.00000
     -1.97000      0.00000      0.00000      0.00000
     -1.96000      0.00000      0.00000      0.00000
     -1.95000      0.00000      0.00000      0.00000
     -1.94000      0.00000      0.00000      0.00000
     -1.93000      0.00000      0.00000      0.00000
     -1.92000      0.00000      0.00000      0.00000
     -1.91000      0.00000      0.00000      0.00000
     -1.90000      0.00000      0.00000      0.00000
     -1.89000      0.00000      0.00000      0.00000
     -1.88000      0.00000      0.00000      0.00000
     -1.87000      0.00000      0.00000      0.00000
     -1.86000      0.00000      0.00000      0.00000
     -1.85000      0.00000      0.00000      0.00000
     -1.84000      0.00000      0.00000      0.00000
     -1.83000      0.00000      0.00000      0.00000
     -1.82000      0.00000      0.00000      0.00000
     -1.81000      0.00000      0.00000      0.00000
     -1.80000      0.00000      0.00000      0.00000
     -1.79000      0.00000      0.00000      0.00000
     -1.78000      0.00000      0.00000      0.00000
     -1.77000      0.00000      0.00000      0.00000
     -1.76000      0.00000      0.00000      0.00000
     -1.75000      0.00000      0.00000      0.00000
     -1.74000      0.00000      0.00000      0.00000
     -1.73000      0.00000      0.00000      0.00000
     -1.72000      0.00000      0.00000      0.00000
     -1.71000      0.00000      0.00000      0.00000
     -1.70000      0.00000      0.00000      0.00000
     -1.69000      0.00000      0.00000      0.00000
     -1.68000      0.00000      0.00000      0.00000
     -1.67000      0.00000      0.00000      0.00000
     -1.66000      0.00000      0.00000      0.00000
     -1.65000      0.00000      0.00000      0.00000
     -1.64000      0.00000      0.00000      0.00000
     -1.63000      0.00000      0.00000      0.00000
     -1.62000      0.00000      0.00000      0.00000
     -1.61000      0.00000      0.00000      0.00000
     -1.60000      0.00000      0.00000      0.00000
     -1.59000      0.00000      0.00000      0.00000
     -1.58000      0.00000      0.00000      0.00000
     -1.57000      0.00000      0.00000      0.00000
     -1.56000      0.00000      0.00000      0.00000
     -1.55000      0.00000      0.00000      0.00000
     -1.54000      0.00000      0.00000      0.00000
     -1.53000      0.00000      0.00000      0.00000
     -1.52000      0.00000      0.00000      0.00000
     -1.51000      0.00000      0.00000      0.00000
     -1.50000      0.00000      0.00000      0.00000
     -1.49000      0.00000      0.00000      0.00000
     -1.48000      0.00000      0.00000      0.00000
     -1.47000      0.00000      0.00000      0.00000
     -1.46000      0.00000      0.00000      0.00000
     -1.45000      0.00000      0.00000      0.00000
     -1.44000      0.00000      0.00000      0.00000
     -1.43000      0.00000      0.00000      0.00000
     -1.42000      0.00000      0.00000      0.00000
     -1.41000      0.00000      0.00000      0.00000
     -1.40000      0.00000      0.00000      0.00000
     -1.39000      0.00000      0.00000      0.00000
     -1.38000      0.00000      0.00000      0.00000
     -1.37000      0.00000      0.00000      0.00000
     -1.36000      0.00000      0.00000      0.00000
     -1.35000      0.00000      0.00000      0.00000
     -1.34000      0.00000      0.00000      0.00000
     -1.33000      0.00000      0.00000      0.00000
     -1.32000      0.00000      0.00000      0.00000
     -1.31000      0.00000      0.00000      0.00000
     -1.30000      0.00000      0.00000      0.00000
     -1.29000      0.00000      0.00000      0.00000
     -1.28000      0.00000      0.00000      0.00000
     -1.27000      0.00000      0.00000      0.00000
     -1.26000      0.00000      0.00000      0.00000
     -1.25000      0.00000      0.00000      0.00000
     -1.24000      0.00000      0.00000      0.00000
     -1.23000      0.00000      0.00000      0.00000
     -1.22000      0.00000      0.00000      0.00000
     -1.21000      0.00000      0.00000      0.00000
     -1.20000      0.00000      0.00000      0.00000
     -1.19000      0.00000      0.00000      0.00000
     -1.18000      0.00000      0.00000      0.00000
     -1.17000      0.00000      0.00000      0.00000
     -1.16000      0.00000      0.00000      0.00000
     -1.15000      0.00000      0.00000      0.00000
     -1.14000      0.00000      0.00000      0.00000
     -1.13000      0.00000      0.00000      0.00000
     -1.12000      0.00000      0.00000      0.00000
     -1.11000      0.00000      0.00000      0.00000
     -1.10000      0.00000      0.00000      0.00000
     -1.09000      0.00000      0.00000      0.00000
     -1.08000      0.00000      0.00000      0.00000
     -1.07000      0.00000      0.00000      0.00000
     -1.06000      0.00000      0.00000      0.00000
     -1.05000      0.00000      0.00000      0.00000
     -1.04000      0.00000      0.00000      0.00000
     -1.03000      0.00000      0.00000      0.00000
     -1.02000      0.00000      0.00000      0.00000
     -1.01000      0.00000      0.00000      0.00000
     -1.00000      0.00000      0.00000      0.00000
     -0.99000      0.00000      0.00000      0.00000
     -0.98000      0.00000      0.00000      0.00000
     -0.97000      0.00000      0.00000      0.00000
     -0.96000      0.00000      0.00000      0.00000
     -0.95000      0.00000      0.00000      0.00000
     -0.94000      0.00000      0.00000      0.00000
     -0.93000      0.00000      0.00000      0.00000
     -0.92000      0.00000      0.00000      0.00000
     -0.91000      0.00000      0.00000      0.00000
     -0.90000      0.00000      0.00000      0.00000
     -0.89000      0.00000      0.00000      0.00000
     -0.88000      0.00000      0.00000      0.00000
     -0.87000      0.00000      0.00000      0.00000
     -0.86000      0.00000      0.00000      0.00000
     -0.85000      0.00000      0.00000      0.00000
     -0.84000      0.00000      0.00000      0.00000
     -0.83000      0.00000      0.00000      0.00000
     -0.82000      0.00000      0.00000      0.00000
     -0.81000      0.00000      0.00000      0.00000
     -0.80000      0.00000      0.00000      0.00000
     -0.79000      0.00000      0.00000      0.00000
     -0.78000      0.00000      0.00000      0.00000
     -0.77000      0.00000      0.00000      0.00000
     -0.76000      0.00000      0.00000      0.00000
     -0.75000      0.00000      0.00000      0.00000
     -0.74000      0.00000      0.00000      0.00000
     -0.73000      0.00000      0.00000      0.00000
     -0.72000      0.00000      0.00000      0.00000
     -0.71000      0.00000      0.00000      0.00000
     -0.70000      0.00000      0.00000      0.00000
     -0.69000      0.00000      0.00000      0.00000
     -0.68000      0.00000      0.00000      0.00000
     -0.67000      0.00000      0.00000      0.00000
     -0.66000      0.00000      0.00000      0.00000
     -0.65000      0.00097      0.00005      0.00092
     -0.64000      0.06876      0.00361      0.06516
     -0.63000      1.78541      0.09371      1.69170
     -0.62000     17.05358      0.89511     16.15846
     -0.61000     59.92370      3.14529     56.77842
     -0.60000     77.46176      4.06583     73.39593
     -0.59000     36.83677      1.93350     34.90328
     -0.58000      6.44438      0.33825      6.10613
     -0.57000      0.41475      0.02177      0.39298
     -0.56000      0.00982      0.00052      0.00930
     -0.55000      0.00000      0.00000      0.00000
     -0.54000      0.00000      0.00000      0.00000
     -0.53000      0.00000      0.00000      0.00000
     -0.52000      0.00000      0.00000      0.00000
     -0.51000      0.00000      0.00000      0.00000
     -0.50000      0.00074      0.00003      0.00072
     -0.49000      0.05556      0.00201      0.05354
     -0.48000      1.52609      0.05533      1.47077
     -0.47000     15.42172      0.55912     14.86260
     -0.46000     57.33100      2.07855     55.25246
     -0.45000     78.40647      2.84264     75.56383
     -0.44000     39.44753      1.43018     38.01735
     -0.43000      7.30118      0.26471      7.03648
     -0.42000      0.49713      0.01802      0.47911
     -0.41000      0.01245      0.00045      0.01200
     -0.40000      0.00000      0.00000      0.00000
     -0.39000      0.00000      0.00000      0.00000
     -0.38000      0.00000      0.00000      0.00000
     -0.37000      0.00000      0.00000      0.00000
     -0.36000      0.00000      0.00000      0.00000
     -0.35000      0.00000      0.00000      0.00000
     -0.34000      0.00000      0.00000      0.00000
     -0.33000      0.00000      0.00000      0.00000
     -0.32000      0.00000      0.00000      0.00000
     -0.31000      0.00000      0.00000      0.00000
     -0.30000      0.00000      0.00000      0.00000
     -0.29000      0.00000      0.00000      0.00000
     -0.28000      0.00000      0.00000      0.00000
     -0.27000      0.00000      0.00000      0.00000
     -0.26000      0.00000      0.00000      0.00000
     -0.25000      0.00000      0.00000      0.00000
     -0.24000      0.00000      0.00000      0.00000
     -0.23000      0.00000      0.00000      0.00000
     -0.22000      0.00000      0.00000      0.00000
     -0.21000      0.00000      0.00000      0.00000
     -0.20000      0.00000      0.00000      0.00000
     -0.19000      0.00000      0.00000      0.00000
     -0.18000      0.00000      0.00000      0.00000
     -0.17000      0.00000      0.00000      0.00000
     -0.16000      0.00000      0.00000      0.00000
     -0.15000      0.02154      0.00191      0.01963
     -0.14000      0.75286      0.06670      0.68616
     -0.13000      9.67995      0.85757      8.82237
     -0.12000     45.78655      4.05636     41.73019
     -0.11000     79.67249      7.05842     72.61408
     -0.10000     51.00167      4.51839     46.48328
     -0.09000     12.01063      1.06406     10.94658
     -0.08000      1.04053      0.09218      0.94834
     -0.07000      0.03316      0.00294      0.03022
     -0.06000      0.00039      0.00003      0.00035
     -0.05000      0.00030      0.00007      0.00022
     -0.04000      0.02677      0.00659      0.02018
     -0.03000      0.88637      0.21816      0.66821
     -0.02000     10.79819      2.65769      8.14050
     -0.01000     48.39414     11.91096     36.48319
      0.00000     79.78846     19.63785     60.15060
      0.01000     48.39414     11.91096     36.48319
      0.02000     10.79819      2.65769      8.14050
      0.03000      0.88637      0.21816      0.66821
      0.04000      0.02677      0.00659      0.02018
      0.05000      0.00000      0.00000      0.00000
      0.06000      0.00000      0.00000      0.00000
      0.07000      0.00000      0.00000      0.00000
      0.08000      0.00000      0.00000      0.00000
      0.09000      0.00000      0.00000      0.00000
      0.10000      0.00000      0.00000      0.00000
      0.11000      0.00000      0.00000      0.00000
      0.12000      0.00000      0.00000      0.00000
      0.13000      0.00000      0.00000      0.00000
      0.14000      0.00000      0.00000      0.00000
      0.15000      0.00000      0.00000      0.00000
      0.16000      0.00000      0.00000      0.00000
      0.17000      0.00000      0.00000      0.00000
      0.18000      0.00000      0.00000      0.00000
      0.19000      0.00000      0.00000      0.00000
      0.20000      0.00000      0.00000      0.00000
      0.21000      0.00000      0.00000      0.00000
      0.22000      0.00000      0.00000      0.00000
      0.23000      0.00000      0.00000      0.00000
      0.24000      0.00000      0.00000      0.00000
      0.25000      0.00000      0.00000      0.00000
      0.26000      0.00000      0.00000      0.00000
      0.27000      0.00000      0.00000      0.00000
      0.28000      0.00000      0.00000      0.00000
      0.29000      0.00000      0.00000      0.00000
      0.30000      0.00000      0.00000      0.00000
      0.31000      0.00000      0.00000      0.00000
      0.32000      0.00000      0.00000      0.00000
      0.33000      0.00000      0.00000      0.00000
      0.34000      0.00000      0.00000      0.00000
      0.35000      0.00000      0.00000      0.00000
      0.36000      0.00000      0.00000      0.00000
      0.37000      0.00000      0.00000      0.00000
      0.38000      0.00000      0.00000      0.00000
      0.39000      0.00000      0.00000      0.00000
      0.40000      0.00000      0.00000      0.00000
      0.41000      0.00000      0.00000      0.00000
      0.42000      0.00000      0.00000      0.00000
      0.43000      0.00000      0.00000      0.00000
      0.44000      0.00000      0.00000      0.00000
      0.45000      0.00000      0.00000      0.00000
      0.46000      0.00000      0.00000      0.00000
      0.47000      0.00000      0.00000      0.00000
      0.48000      0.00000      0.00000      0.00000
      0.49000      0.00000      0.00000      0.00000
      0.50000      0.00000      0.00000      0.00000
      0.51000      0.00000      0.00000      0.00000
      0.52000      0.00000      0.00000      0.00000
      0.53000      0.00000      0.00000      0.00000
      0.54000      0.00000      0.00000      0.00000
      0.55000      0.00000      0.00000      0.00000
      0.56000      0.00000      0.00000      0.00000
      0.57000      0.00000      0.00000      0.00000
      0.58000      0.00000      0.00000      0.00000
      0.59000      0.00000      0.00000      0.00000
      0.60000      0.00000      0.00000      0.00000
      0.61000      0.00000      0.00000      0.00000
      0.62000      0.00000      0.00000      0.00000
      0.63000      0.00000      0.00000      0.00000
      0.64000      0.00000      0.00000      0.00000
      0.65000      0.00000      0.00000      0.00000
      0.66000      0.00000      0.00000      0.00000
      0.67000      0.00000      0.00000      0.00000
      0.68000      0.00000      0.00000      0.00000
      0.69000      0.00000      0.00000      0.00000
      0.70000      0.00000      0.00000      0.00000
      0.71000      0.00000      0.00000      0.00000
      0.72000      0.00000      0.00000      0.00000
      0.73000      0.00000      0.00000      0.00000
      0.74000      0.00000      0.00000      0.00000
      0.75000      0.00000      0.00000      0.00000
      0.76000      0.00000      0.00000      0.00000
      0.77000      0.00000      0.00000      0.00000
      0.78000      0.00000      0.00000      0.00000
      0.79000      0.00000      0.00000      0.00000
      0.80000      0.00000      0.00000      0.00000
      0.81000      0.00000      0.00000      0.00000
      0.82000      0.00000      0.00000      0.00000
      0.83000      0.00000      0.00000      0.00000
      0.84000      0.00000      0.00000      0.00000
      0.85000      0.00000      0.00000      0.00000
      0.86000      0.00000      0.00000      0.00000
      0.87000      0.00000      0.00000      0.00000
      0.88000      0.00000      0.00000      0.00000
      0.89000      0.00000      0.00000      0.00000
      0.90000      0.00000      0.00000      0.00000
      0.91000      0.00000      0.00000      0.00000
      0.92000      0.00000      0.00000      0.00000
      0.93000      0.00000      0.00000      0.00000
      0.94000      0.00000      0.00000      0.00000
      0.95000      0.00000      0.00000      0.00000
      0.96000      0.00000      0.00000      0.00000
      0.97000      0.00000      0.00000      0.00000
      0.98000      0.00000      0.00000      0.00000
      0.99000      0.00000      0.00000      0.00000
      1.00000      0.00000      0.00000      0.00000
      1.01000      0.00000      0.00000      0.00000
      1.02000      0.00000      0.00000      0.00000
      1.03000      0.00000      0.00000      0.00000
      1.04000      0.00000      0.00000      0.00000
      1.05000      0.00000      0.00000      0.00000
      1.06000      0.00000      0.00000      0.00000
      1.07000      0.00000      0.00000      0.00000
      1.08000      0.00000      0.00000      0.00000
      1.09000      0.00000      0.00000      0.00000
      1.10000      0.00000      0.00000      0.00000
      1.11000      0.00000      0.00000      0.00000
      1.12000      0.00000      0.00000      0.00000
      1.13000      0.00000      0.00000      0.00000
      1.14000      0.00000      0.00000      0.00000
      1.15000      0.00000      0.00000      0.00000
      1.16000      0.00000      0.00000      0.00000
      1.17000      0.00000      0.00000      0.00000
      1.18000      0.00000      0.00000      0.00000
      1.19000      0.00000      0.00000      0.00000
      1.20000      0.00000      0.00000      0.00000
      1.21000      0.00000      0.00000      0.00000
      1.22000      0.00000      0.00000      0.00000
      1.23000      0.00000      0.00000      0.00000
      1.24000      0.00000      0.00000      0.00000
      1.25000      0.00000      0.00000      0.00000
      1.26000      0.00000      0.00000      0.00000
      1.27000      0.00000      0.00000      0.00000
      1.28000      0.00000      0.00000      0.00000
      1.29000      0.00000      0.00000      0.00000
      1.30000      0.00000      0.00000      0.00000
      1.31000      0.00000      0.00000      0.00000
      1.32000      0.00000      0.00000      0.00000
      1.33000      0.00000      0.00000      0.00000
      1.34000      0.00000      0.00000      0.00000
      1.35000      0.00000      0.00000      0.00000
      1.36000      0.00000      0.00000      0.00000
      1.37000      0.00000      0.00000      0.00000
      1.38000      0.00000      0.00000      0.00000
      1.39000      0.00000      0.00000      0.00000
      1.40000      0.00000      0.00000      0.00000
      1.41000      0.00000      0.00000      0.00000
      1.42000      0.00000      0.00000      0.00000
      1.43000      0.00000      0.00000      0.00000
      1.44000      0.00000      0.00000      0.00000
      1.45000      0.00000      0.00000      0.00000
      1.46000      0.00000      0.00000      0.00000
      1.47000      0.00000      0.00000      0.00000
      1.48000      0.00000      0.00000      0.00000
      1.49000      0.00000      0.00000      0.00000
      1.50000      0.00000      0.00000      0.00000
      1.51000      0.00000      0.00000      0.00000
      1.52000      0.00000      0.00000      0.00000
      1.53000      0.00000      0.00000      0.00000
      1.54000      0.00000      0.00000      0.00000
      1.55000      0.00000      0.00000      0.00000
      1.56000      0.00000      0.00000      0.00000
      1.57000      0.00000      0.00000      0.00000
      1.58000      0.00000      0.00000      0.00000
      1.59000      0.00000      0.00000      0.00000
      1.60000      0.00000      0.00000      0.00000
      1.61000      0.00000      0.00000      0.00000
      1.62000      0.00000      0.00000      0.00000
      1.63000      0.00000      0.00000      0.00000
      1.64000      0.00000      0.00000      0.00000
      1.65000      0.00000      0.00000      0.00000
      1.66000      0.00000      0.00000      0.00000
      1.67000      0.00000      0.00000      0.00000
      1.68000      0.00000      0.00000      0.00000
      1.69000      0.00000      0.00000      0.00000
      1.70000      0.00000      0.00000      0.00000
      1.71000      0.00000      0.00000      0.00000
      1.72000      0.00000      0.00000      0.00000
      1.73000      0.00000      0.00000      0.00000
      1.74000      0.00000      0.00000      0.00000
      1.75000      0.00000      0.00000      0.00000
      1.76000      0.00000      0.00000      0.00000
      1.77000      0.00000      0.00000      0.00000
      1.78000      0.00000      0.00000      0.00000
      1.79000      0.00000      0.00000      0.00000
      1.80000      0.00000      0.00000      0.00000
      1.81000      0.00000      0.00000      0.00000
      1.82000      0.00000      0.00000      0.00000
      1.83000      0.00000      0.00000      0.00000
      1.84000      0.00000      0.00000      0.00000
      1.85000      0.00000      0.00000      0.00000
      1.86000      0.00000      0.00000      0.00000
      1.87000      0.00000      0.00000      0.00000
      1.88000      0.00000      0.00000      0.00000
      1.89000      0.00000      0.00000      0.00000
      1.90000      0.00000      0.00000      0.00000
      1.91000      0.00000      0.00000      0.00000
      1.92000      0.00000      0.00000      0.00000
      1.93000      0.00000      0.00000      0.00000
      1.94000      0.00000      0.00000      0.00000
      1.95000      0.00000      0.00000      0.00000
      1.96000      0.00000      0.00000      0.00000
      1.97000      0.00000      0.00000      0.00000
      1.98000      0.00000      0.00000      0.00000
      1.99000      0.00000      0.00000      0.00000
      2.00000      0.00000      0.00000      0.00000
      2.01000      0.00000      0.00000      0.00000
      2.02000      0.00000      0.00000      0.00000
      2.03000      0.00000      0.00000      0.00000
      2.04000      0.00000      0.00000      0.00000
      2.05000      0.00000      0.00000      0.00000
      2.06000      0.00000      0.00000      0.00000
      2.07000      0.00000      0.00000      0.00000
      2.08000      0.00000      0.00000      0.00000
      2.09000      0.00000      0.00000      0.00000
      2.10000      0.00000      0.00000      0.00000
      2.11000      0.00000      0.00000      0.00000
      2.12000      0.00000      0.00000      0.00000
      2.13000      0.00000      0.00000      0.00000
      2.14000      0.00000      0.00000      0.00000
      2.15000      0.00000      0.00000      0.00000
      2.16000      0.00000      0.00000      0.00000
      2.17000      0.00000      0.00000      0.00000
      2.18000      0.00000      0.00000      0.00000
      2.19000      0.00000      0.00000      0.00000
      2.20000      0.00000      0.00000      0.00000
      2.21000      0.00000      0.00000      0.00000
      2.22000      0.00000      0.00000      0.00000
      2.23000      0.00000      0.00000      0.00000
      2.24000      0.00000      0.00000      0.00000
      2.25000      0.00000      0.00000      0.00000
      2.26000      0.00000      0.00000      0.00000
      2.27000      0.00000      0.00000      0.00000
      2.28000      0.00000      0.00000      0.00000
      2.29000      0.00000      0.00000      0.00000
      2.30000      0.00000      0.00000      0.00000
      2.31000      0.00000      0.00000      0.00000
      2.32000      0.00000      0.00000      0.00000
      2.33000      0.00000      0.00000      0.00000
      2.34000      0.00000      0.00000      0.00000
      2.35000      0.00000      0.00000      0.00000
      2.36000      0.00000      0.00000      0.00000
      2.37000      0.00000      0.00000      0.00000
      2.38000      0.00000      0.00000      0.00000
      2.39000      0.00000      0.00000      0.00000
      2.40000      0.00000      0.00000      0.00000
      2.41000      0.00000      0.00000      0.00000
      2.42000      0.00000      0.00000      0.00000
      2.43000      0.00000      0.00000      0.00000
      2.44000      0.00000      0.00000      0.00000
      2.45000      0.00000      0.00000      0.00000
      2.46000      0.00000      0.00000      0.00000
      2.47000      0.00000      0.00000      0.00000
      2.48000      0.00000      0.00000      0.00000
      2.49000      0.00000      0.00000      0.00000
      2.50000      0.00000      0.00000      0.00000
      2.51000      0.00000      0.00000      0.00000
      2.52000      0.00000      0.00000      0.00000
      2.53000      0.00000      0.00000      0.00000
      2.54000      0.00000      0.00000      0.00000
      2.55000      0.00000      0.00000      0.00000
      2.56000      0.00000      0.00000      0.00000
      2.57000      0.00000      0.00000      0.00000
      2.58000      0.00000      0.00000      0.00000
      2.59000      0.00000      0.00000      0.00000
      2.60000      0.00000      0.00000      0.00000
      2.61000      0.00000      0.00000      0.00000
      2.62000      0.00000      0.00000      0.00000
      2.63000      0.00000      0.00000      0.00000
      2.64000      0.00000      0.00000      0.00000
      2.65000      0.00000      0.00000      0.00000
      2.66000      0.00000      0.00000      0.00000
      2.67000      0.00000      0.00000      0.00000
      2.68000      0.00000      0.00000      0.00000
      2.69000      0.00000      0.00000      0.00000
      2.70000      0.00000      0.00000      0.00000
      2.71000      0.00000      0.00000      0.00000
      2.72000      0.00000      0.00000      0.00000
      2.73000      0.00000      0.00000      0.00000
      2.74000      0.00000      0.00000      0.00000
      2.75000      0.00000      0.00000      0.00000
      2.76000      0.00000      0.00000      0.00000
      2.77000      0.00000      0.00000      0.00000
      2.78000      0.00000      0.00000      0.00000
      2.79000      0.00000      0.00000      0.00000
      2.80000      0.00000      0.00000      0.00000
      2.81000      0.00000      0.00000      0.00000
      2.82000      0.00000      0.00000      0.00000
      2.83000      0.00000      0.00000      0.00000
      2.84000      0.00000      0.00000      0.00000
      2.85000      0.00000      0.00000      0.00000
      2.86000      0.00000      0.00000      0.00000
      2.87000      0.00000      0.00000      0.00000
      2.88000      0.00000      0.00000      0.00000
      2.89000      0.00000      0.00000      0.00000
      2.90000      0.00000      0.00000      0.00000
      2.91000      0.00000      0.00000      0.00000
      2.92000      0.00000      0.00000      0.00000
      2.93000      0.00000      0.00000      0.00000
      2.94000      0.00000      0.00000      0.00000
      2.95000      0.00000      0.00000      0.00000
      2.96000      0.00000      0.00000      0.00000
      2.97000      0.00000      0.00000      0.00000
      2.98000      0.00000      0.00000      0.00000
      2.99000      0.00000      0.00000      0.00000
      3.00000      0.00000      0.00000      0.00000
      3.01000      0.00000      0.00000      0.00000
      3.02000      0.00000      0.00000      0.00000
      3.03000      0.00000      0.00000      0.00000
      3.04000      0.00000      0.00000      0.00000
      3.05000      0.00000      0.00000      0.00000
      3.06000      0.00000      0.00000      0.00000
      3.07000      0.00000      0.00000      0.00000
      3.08000      0.00000      0.00000      0.00000
      3.09000      0.00000      0.00000      0.00000
      3.10000      0.00000      0.00000      0.00000
      3.11000      0.00000      0.00000      0.00000
      3.12000      0.00000      0.00000      0.00000
      3.13000      0.00000      0.00000      0.00000
      3.14000      0.00000      0.00000      0.00000
      3.15000      0.00000      0.00000      0.00000
      3.16000      0.00000      0.00000      0.00000
      3.17000      0.00000      0.00000      0.00000
      3.18000      0.00000      0.00000      0.00000
      3.19000      0.00000      0.00000      0.00000
      3.20000      0.00000      0.00000      0.00000
      3.21000      0.00000      0.00000      0.00000
      3.22000      0.00000      0.00000      0.00000
      3.23000      0.00000      0.00000      0.00000
      3.24000      0.00000      0.00000      0.00000
      3.25000      0.00000      0.00000      0.00000
      3.26000      0.00000      0.00000      0.00000
      3.27000      0.00000      0.00000      0.00000
      3.28000      0.00000      0.00000      0.00000
      3.29000      0.00000      0.00000      0.00000
      3.30000      0.00000      0.00000      0.00000
      3.31000      0.00000      0.00000      0.00000
      3.32000      0.00000      0.00000      0.00000
      3.33000      0.00000      0.00000      0.00000
      3.34000      0.00000      0.00000      0.00000
      3.35000      0.00000      0.00000      0.00000
      3.36000      0.00000      0.00000      0.00000
      3.37000      0.00000      0.00000      0.00000
      3.38000      0.00000      0.00000      0.00000
      3.39000      0.00000      0.00000      0.00000
      3.40000      0.00000      0.00000      0.00000
      3.41000      0.00000      0.00000      0.00000
      3.42000      0.00000      0.00000      0.00000
      3.43000      0.00000      0.00000      0.00000
      3.44000      0.00000      0.00000      0.00000
      3.45000      0.00000      0.00000      0.00000
      3.46000      0.00000      0.00000      0.00000
      3.47000      0.00000      0.00000      0.00000
      3.48000      0.00000      0.00000      0.00000
      3.49000      0.00000      0.00000      0.00000
      3.50000      0.00000      0.00000      0.00000
      3.51000      0.00000      0.00000      0.00000
      3.52000      0.00000      0.00000      0.00000
      3.53000      0.00000      0.00000      0.00000
      3.54000      0.00000      0.00000      0.00000
      3.55000      0.00000      0.00000      0.00000
      3.56000      0.00000      0.00000      0.00000
      3.57000      0.00000      0.00000      0.00000
      3.58000      0.00000      0.00000      0.00000
      3.59000      0.00000      0.00000      0.00000
      3.60000      0.00000      0.00000      0.00000
      3.61000      0.00000      0.00000      0.00000
      3.62000      0.00000      0.00000      0.00000
      3.63000      0.00000      0.00000      0.00000
      3.64000      0.00000      0.00000      0.00000
      3.65000      0.00000      0.00000      0.00000
      3.66000      0.00000      0.00000      0.00000
      3.67000      0.00000      0.00000      0.00000
      3.68000      0.00000      0.00000      0.00000
      3.69000      0.00000      0.00000      0.00000
      3.70000      0.00000      0.00000      0.00000
      3.71000      0.00000      0.00000      0.00000
      3.72000      0.00000      0.00000      0.00000
      3.73000      0.00000      0.00000      0.00000
      3.74000      0.00000      0.00000      0.00000
      3.75000      0.00000      0.00000      0.00000
      3.76000      0.00000      0.00000      0.00000
      3.77000      0.00000      0.00000      0.00000
      3.78000      0.00000      0.00000      0.00000
      3.79000      0.00000      0.00000      0.00000
      3.80000      0.00000      0.00000      0.00000
      3.81000      0.00000      0.00000      0.00000
      3.82000      0.00000      0.00000      0.00000
      3.83000      0.00000      0.00000      0.00000
      3.84000      0.00000      0.00000      0.00000
      3.85000      0.00000      0.00000      0.00000
      3.86000      0.00000      0.00000      0.00000
      3.87000      0.00000      0.00000      0.00000
      3.88000      0.00000      0.00000      0.00000
      3.89000      0.00000      0.00000      0.00000
      3.90000      0.00000      0.00000      0.00000
      3.91000      0.00000      0.00000      0.00000
      3.92000      0.00000      0.00000      0.00000
      3.93000      0.00000      0.00000      0.00000
      3.94000      0.00000      0.00000      0.00000
      3.95000      0.00000      0.00000      0.00000
      3.96000      0.00000      0.00000      0.00000
      3.97000      0.00000      0.00000      0.00000
      3.98000      0.00000      0.00000      0.00000
      3.99000      0.00000      0.00000      0.00000
      4.00000      0.00000      0.00000      0.00000
      4.01000      0.00000      0.00000      0.00000
      4.02000      0.00000      0.00000      0.00000
      4.03000      0.00000      0.00000      0.00000
      4.04000      0.00000      0.00000      0.00000
      4.05000      0.00000      0.00000      0.00000
      4.06000      0.00000      0.00000      0.00000
      4.07000      0.00000      0.00000      0.00000
      4.08000      0.00000      0.00000      0.00000
      4.09000      0.00000      0.00000      0.00000
      4.10000      0.00000      0.00000      0.00000
      4.11000      0.00000      0.00000      0.00000
      4.12000      0.00000      0.00000      0.00000
      4.13000      0.00000      0.00000      0.00000
      4.14000      0.00000      0.00000      0.00000
      4.15000      0.00000      0.00000      0.00000
      4.16000      0.00000      0.00000      0.00000
      4.17000      0.00000      0.00000      0.00000
      4.18000      0.00000      0.00000      0.00000
      4.19000      0.00000      0.00000      0.00000
      4.20000      0.00000      0.00000      0.00000
      4.21000      0.00000      0.00000      0.00000
      4.22000      0.00000      0.00000      0.00000
      4.23000      0.00000      0.00000      0.00000
      4.24000      0.00000      0.00000      0.00000
      4.25000      0.00000      0.00000      0.00000
      4.26000      0.00000      0.00000      0.00000
      4.27000      0.00000      0.00000      0.00000
      4.28000      0.00000      0.00000      0.00000
      4.29000      0.00000      0.00000      0.00000
      4.30000      0.00000      0.00000      0.00000
      4.31000      0.00000      0.00000      0.00000
      4.32000      0.00000      0.00000      0.00000
      4.33000      0.00000      0.00000      0.00000
      4.34000      0.00000      0.00000      0.00000
      4.35000      0.00000      0.00000      0.00000
      4.36000      0.00000      0.00000      0.00000
      4.37000      0.00000      0.00000      0.00000
      4.38000      0.00000      0.00000      0.00000
      4.39000      0.00000      0.00000      0.00000
      4.40000      0.00000      0.00000      0.00000
      4.41000      0.00000      0.00000      0.00000
      4.42000      0.00000      0.00000      0.00000
      4.43000      0.00000      0.00000      0.00000
      4.44000      0.00000      0.00000      0.00000
      4.45000      0.00000      0.00000      0.00000
      4.46000      0.00000      0.00000      0.00000
      4.47000      0.00000      0.00000      0.00000
      4.48000      0.00000      0.00000      0.00000
      4.49000      0.00000      0.00000      0.00000
      4.50000      0.00000      0.00000      0.00000
      4.51000      0.00000      0.00000      0.00000
      4.52000      0.00000      0.00000      0.00000
      4.53000      0.00000      0.00000      0.00000
      4.54000      0.00000      0.00000      0.00000
      4.55000      0.00000      0.00000      0.00000
      4.56000      0.00000      0.00000      0.00000
      4.57000      0.00000      0.00000      0.00000
      4.58000      0.00000      0.00000      0.00000
      4.59000      0.00000      0.00000      0.00000
      4.60000      0.00000      0.00000      0.00000
      4.61000      0.00000      0.00000      0.00000
      4.62000      0.00000      0.00000      0.00000
      4.63000      0.00000      0.00000      0.00000
      4.64000      0.00000      0.00000      0.00000
      4.65000      0.00000      0.00000      0.00000
      4.66000      0.00000      0.00000      0.00000
      4.67000      0.00000      0.00000      0.00000
      4.68000      0.00000      0.00000      0.00000
      4.69000      0.00000      0.00000      0.00000
      4.70000      0.00000      0.00000      0.00000
      4.71000      0.00000      0.00000      0.00000
      4.72000      0.00000      0.00000      0.00000
      4.73000      0.00000      0.00000      0.00000
      4.74000      0.00000      0.00000      0.00000
      4.75000      0.00000      0.00000      0.00000
      4.76000      0.00000      0.00000      0.00000
      4.77000      0.00000      0.00000      0.00000
      4.78000      0.00000      0.00000      0.00000
      4.79000      0.00000      0.00000      0.00000
      4.80000      0.00000      0.00000      0.00000
      4.81000      0.00000      0.00000      0.00000
      4.82000      0.00000      0.00000      0.00000
      4.83000      0.00000      0.00000      0.00000
      4.84000      0.00000      0.00000      0.00000
      4.85000      0.00000      0.00000      0.00000
      4.86000      0.00000      0.00000      0.00000
      4.87000      0.00000      0.00000      0.00000
      4.88000      0.00000      0.00000      0.00000
      4.89000      0.00000      0.00000      0.00000
      4.90000      0.00000      0.00000      0.00000
      4.91000      0.00000      0.00000      0.00000
      4.92000      0.00000      0.00000      0.00000
      4.93000      0.00000      0.00000      0.00000
      4.94000      0.00000      0.00000      0.00000
      4.95000      0.00000      0.00000      0.00000
      4.96000      0.00000      0.00000      0.00000
      4.97000      0.00000      0.00000      0.00000
      4.98000      0.00000      0.00000      0.00000
      4.99000      0.00000      0.00000      0.00000
      5.00000      0.00000      0.00000      0.00000
      5.01000      0.00000      0.00000      0.00000
      5.02000      0.00000      0.00000      0.00000
      5.03000      0.00000      0.00000      0.00000
      5.04000      0.00000      0.00000      0.00000
      5.05000      0.00000      0.00000      0.00000
      5.06000      0.00000      0.00000      0.00000
      5.07000      0.00000      0.00000      0.00000
      5.08000      0.00000      0.00000      0.00000
      5.09000      0.00000      0.00000      0.00000
      5.10000      0.00000      0.00000      0.00000
      5.11000      0.00000      0.00000      0.00000
      5.12000      0.00000      0.00000      0.00000
      5.13000      0.00000      0.00000      0.00000
      5.14000      0.00000      0.00000      0.00000
      5.15000      0.00000      0.00000      0.00000
      5.16000      0.00000      0.00000      0.00000
      5.17000      0.00000      0.00000      0.00000
      5.18000      0.00000      0.00000      0.00000
      5.19000      0.00000      0.00000      0.00000
      5.20000      0.00000      0.00000      0.00000
      5.21000      0.00000      0.00000      0.00000
      5.22000      0.00000      0.00000      0.00000
      5.23000      0.00000      0.00000      0.00000
      5.24000      0.00000      0.00000      0.00000
      5.25000      0.00000      0.00000      0.00000
      5.26000      0.00000      0.00000      0.00000
      5.27000      0.00000      0.00000      0.00000
      5.28000      0.00000      0.00000      0.00000
      5.29000      0.00000      0.00000      0.00000
      5.30000      0.00000      0.00000      0.00000
      5.31000      0.00000      0.00000      0.00000
      5.32000      0.00000      0.00000      0.00000
      5.33000      0.00000      0.00000      0.00000
      5.34000      0.00000      0.00000      0.00000
      5.35000      0.00000      0.00000      0.00000
      5.36000      0.00000      0.00000      0.00000
      5.37000      0.00000      0.00000      0.00000
      5.38000      0.00000      0.00000      0.00000
      5.39000      0.00000      0.00000      0.00000
      5.40000      0.00000      0.00000      0.00000
      5.41000      0.00000      0.00000      0.00000
      5.42000      0.00000      0.00000      0.00000
      5.43000      0.00000      0.00000      0.00000
      5.44000      0.00000      0.00000      0.00000
      5.45000      0.00000      0.00000      0.00000
      5.46000      0.00000      0.00000      0.00000
      5.47000      0.00000      0.00000      0.00000
      5.48000      0.00000      0.00000      0.00000
      5.49000      0.00000      0.00000      0.00000
      5.50000      0.00000      0.00000      0.00000
      5.51000      0.00000      0.00000      0.00000
      5.52000      0.00000      0.00000      0.00000
      5.53000      0.00000      0.00000      0.00000
      5.54000      0.00000      0.00000      0.00000
      5.55000      0.00000      0.00000      0.00000
      5.56000      0.00000      0.00000      0.00000
      5.57000      0.00000      0.00000      0.00000
      5.58000      0.00000      0.00000      0.00000
      5.59000      0.00000      0.00000      0.00000
      5.60000      0.00000      0.00000      0.00000
      5.61000      0.00000      0.00000      0.00000
      5.62000      0.00000      0.00000      0.00000
      5.63000      0.00000      0.00000      0.00000
      5.64000      0.00000      0.00000      0.00000
      5.65000      0.00000      0.00000      0.00000
      5.66000      0.00000      0.00000      0.00000
      5.67000      0.00000      0.00000      0.00000
      5.68000      0.00000      0.00000      0.00000
      5.69000      0.00000      0.00000      0.00000
      5.70000      0.00000      0.00000      0.00000
      5.71000      0.00000      0.00000      0.00000
      5.72000      0.00000      0.00000      0.00000
      5.73000      0.00000      0.00000      0.00000
      5.74000      0.00000      0.00000      0.00000
      5.75000      0.00000      0.00000      0.00000
      5.76000      0.00000      0.00000      0.00000
      5.77000      0.00000      0.00000      0.00000
      5.78000      0.00000      0.00000      0.00000
      5.79000      0.00000      0.00000      0.00000
      5.80000      0.00000      0.00000      0.00000
      5.81000      0.00000      0.00000      0.00000
      5.82000      0.00000      0.00000      0.00000
      5.83000      0.00000      0.00000      0.00000
      5.84000      0.00000      0.00000      0.00000
      5.85000      0.00000      0.00000      0.00000
      5.86000      0.00000      0.00000      0.00000
      5.87000      0.00000      0.00000      0.00000
      5.88000      0.00000      0.00000      0.00000
      5.89000      0.00000      0.00000      0.00000
      5.90000      0.00000      0.00000      0.00000
      5.91000      0.00000      0.00000      0.00000
      5.92000      0.00000      0.00000      0.00000
      5.93000      0.00000      0.00000      0.00000
      5.94000      0.00000      0.00000      0.00000
      5.95000      0.00000      0.00000      0.00000
      5.96000      0.00000      0.00000      0.00000
      5.97000      0.00000      0.00000      0.00000
      5.98000      0.00000      0.00000      0.00000
      5.99000      0.00000      0.00000      0.00000
      6.00000      0.00000      0.00000      0.00000
      6.01000      0.00000      0.00000      0.00000
      6.02000      0.00000      0.00000      0.00000
      6.03000      0.00000      0.00000      0.00000
      6.04000      0.00000      0.00000      0.00000
      6.05000      0.00000      0.00000      0.00000
      6.06000      0.00000      0.00000      0.00000
      6.07000      0.00000      0.00000      0.00000
      6.08000      0.00000      0.00000      0.00000
      6.09000      0.00000      0.00000      0.00000
      6.10000      0.00000      0.00000      0.00000
      6.11000      0.00000      0.00000      0.00000
      6.12000      0.00000      0.00000      0.00000
      6.13000      0.00000      0.00000      0.00000
      6.14000      0.00000      0.00000      0.00000
      6.15000      0.00000      0.00000      0.00000
      6.16000      0.00000      0.00000      0.00000
      6.17000      0.00000      0.00000      0.00000
      6.18000      0.00000      0.00000      0.00000
      6.19000      0.00000      0.00000      0.00000
      6.20000      0.00000      0.00000      0.00000
      6.21000      0.00000      0.00000      0.00000
      6.22000      0.00000      0.00000      0.00000
      6.23000      0.00000      0.00000      0.00000
      6.24000      0.00000      0.00000      0.00000
      6.25000      0.00000      0.00000      0.00000
      6.26000      0.00000      0.00000      0.00000
      6.27000      0.00000      0.00000      0.00000
      6.28000      0.00000      0.00000      0.00000
      6.29000      0.00000      0.00000      0.00000
      6.30000      0.00000      0.00000      0.00000
      6.31000      0.00000      0.00000      0.00000
      6.32000      0.00000      0.00000      0.00000
      6.33000      0.00000      0.00000      0.00000
      6.34000      0.00000      0.00000      0.00000
      6.35000      0.00000      0.00000      0.00000
      6.36000      0.00000      0.00000      0.00000
      6.37000      0.00000      0.00000      0.00000
      6.38000      0.00000      0.00000      0.00000
      6.39000      0.00000      0.00000      0.00000
      6.40000      0.00000      0.00000      0.00000
      6.41000      0.00000      0.00000      0.00000
      6.42000      0.00000      0.00000      0.00000
      6.43000      0.00000      0.00000      0.00000
      6.44000      0.00000      0.00000      0.00000
      6.45000      0.00000      0.00000      0.00000
      6.46000      0.00000      0.00000      0.00000
      6.47000      0.00000      0.00000      0.00000
      6.48000      0.00000      0.00000      0.00000
      6.49000      0.00000      0.00000      0.00000
      6.50000      0.00000      0.00000      0.00000
      6.51000      0.00000      0.00000      0.00000
      6.52000      0.00000      0.00000      0.00000
      6.53000      0.00000      0.00000      0.00000
      6.54000      0.00000      0.00000      0.00000
      6.55000      0.00000      0.00000      0.00000
      6.56000      0.00000      0.00000      0.00000
      6.57000      0.00000      0.00000      0.00000
      6.58000      0.00000      0.00000      0.00000
      6.59000      0.00000      0.00000      0.00000
      6.60000      0.00000      0.00000      0.00000
      6.61000      0.00000      0.00000      0.00000
      6.62000      0.00000      0.00000      0.00000
      6.63000      0.00000      0.00000      0.00000
      6.64000      0.00000      0.00000      0.00000
      6.65000      0.00000      0.00000      0.00000
      6.66000      0.00000      0.00000      0.00000
      6.67000      0.00000      0.00000      0.00000
      6.68000      0.00000      0.00000      0.00000
      6.69000      0.00000      0.00000      0.00000
      6.70000      0.00000      0.00000      0.00000
      6.71000      0.00000      0.00000      0.00000
      6.72000      0.00000      0.00000      0.00000
      6.73000      0.00000      0.00000      0.00000
      6.74000      0.00000      0.00000      0.00000
      6.75000      0.00000      0.00000      0.00000
      6.76000      0.00000      0.00000      0.00000
      6.77000      0.00000      0.00000      0.00000
      6.78000      0.00000      0.00000      0.00000
      6.79000      0.00000      0.00000      0.00000
      6.80000      0.00000      0.00000      0.00000
      6.81000      0.00000      0.00000      0.00000
      6.82000      0.00000      0.00000      0.00000
      6.83000      0.00000      0.00000      0.00000
      6.84000      0.00000      0.00000      0.00000
      6.85000      0.00000      0.00000      0.00000
      6.86000      0.00000      0.00000      0.00000
      6.87000      0.00000      0.00000      0.00000
      6.88000      0.00000      0.00000      0.00000
      6.89000      0.00000      0.00000      0.00000
      6.90000      0.00000      0.00000      0.00000
      6.91000      0.00000      0.00000      0.00000
      6.92000      0.00000      0.00000      0.00000
      6.93000      0.00000      0.00000      0.00000
      6.94000      0.00000      0.00000      0.00000
      6.95000      0.00000      0.00000      0.00000
      6.96000      0.00000      0.00000      0.00000
      6.97000      0.00000      0.00000      0.00000
      6.98000      0.00000      0.00000      0.00000
      6.99000      0.00000      0.00000      0.00000
      7.00000      0.00000      0.00000      0.00000
      7.01000      0.00000      0.00000      0.00000
      7.02000      0.00000      0.00000      0.00000
      7.03000      0.00000      0.00000      0.00000
      7.04000      0.00000      0.00000      0.00000
      7.05000      0.00000      0.00000      0.00000
      7.06000      0.00000      0.00000      0.00000
      7.07000      0.00000      0.00000      0.00000
      7.08000      0.00000      0.00000      0.00000
      7.09000      0.00000      0.00000      0.00000
      7.10000      0.00000      0.00000      0.00000
      7.11000      0.00000      0.00000      0.00000
      7.12000      0.00000      0.00000      0.00000
      7.13000      0.00000      0.00000      0.00000
      7.14000      0.00000      0.00000      0.00000
      7.15000      0.00000      0.00000      0.00000
      7.16000      0.00000      0.00000      0.00000
      7.17000      0.00000      0.00000      0.00000
      7.18000      0.00000      0.00000      0.00000
      7.19000      0.00000      0.00000      0.00000
      7.20000      0.00000      0.00000      0.00000
      7.21000      0.00000      0.00000      0.00000
      7.22000      0.00000      0.00000      0.00000
      7.23000      0.00000      0.00000      0.00000
      7.24000      0.00000      0.00000      0.00000
      7.25000      0.00000      0.00000      0.00000
      7.26000      0.00000      0.00000      0.00000
      7.27000      0.00000      0.00000      0.00000
      7.28000      0.00000      0.00000      0.00000
      7.29000      0.00000      0.00000      0.00000
      7.30000      0.00000      0.00000      0.00000
      7.31000      0.00000      0.00000      0.00000
      7.32000      0.00000      0.00000      0.00000
      7.33000      0.00000      0.00000      0.00000
      7.34000      0.00000      0.00000      0.00000
      7.35000      0.00000      0.00000      0.00000
      7.36000      0.00000      0.00000      0.00000
      7.37000      0.00000      0.00000      0.00000
      7.38000      0.00000      0.00000      0.00000
      7.39000      0.00000      0.00000      0.00000
      7.40000      0.00000      0.00000      0.00000
      7.41000      0.00000      0.00000      0.00000
      7.42000      0.00000      0.00000      0.00000
      7.43000      0.00000      0.00000      0.00000
      7.44000      0.00000      0.00000      0.00000
      7.45000      0.00000      0.00000      0.00000
      7.46000      0.00000      0.00000      0.00000
      7.47000      0.00000      0.00000      0.00000
      7.48000      0.00000      0.00000      0.00000
      7.49000      0.00000      0.00000      0.00000
      7.50000      0.00000      0.00000      0.00000
      7.51000      0.00000      0.00000      0.00000
      7.52000      0.00000      0.00000      0.00000
      7.53000      0.00000      0.00000      0.00000
      7.54000      0.00000      0.00000      0.00000
      7.55000      0.00000      0.00000      0.00000
      7.56000      0.00000      0.00000      0.00000
      7.57000      0.00000      0.00000      0.00000
      7.58000      0.00000      0.00000      0.00000
      7.59000      0.00000      0.00000      0.00000
      7.60000      0.00000      0.00000      0.00000
      7.61000      0.00000      0.00000      0.00000
      7.62000      0.00000      0.00000      0.00000
      7.63000      0.00000      0.00000      0.00000
      7.64000      0.00000      0.00000      0.00000
      7.65000      0.00000      0.00000      0.00000
      7.66000      0.00000      0.00000      0.00000
      7.67000      0.00000      0.00000      0.00000
      7.68000      0.00000      0.00000      0.00000
      7.69000      0.00000      0.00000      0.00000
      7.70000      0.00000      0.00000      0.00000
      7.71000      0.00000      0.00000      0.00000
      7.72000      0.00000      0.00000      0.00000
      7.73000      0.00000      0.00000      0.00000
      7.74000      0.00000      0.00000      0.00000
      7.75000      0.00000      0.00000      0.00000
      7.76000      0.00032      0.00030      0.00002
      7.77000      0.02853      0.02672      0.00181
      7.78000      0.93071      0.87161      0.05910
      7.79000     11.20939     10.49687      0.71252
      7.80000     50.80883     47.55984      3.24898
      7.81000     95.92983     89.61014      6.31969
      7.82000    106.14103     98.57127      7.56977
      7.83000     88.46169     81.73760      6.72409
      7.84000     39.09504     36.06973      3.02531
      7.85000      6.92516      6.38750      0.53766
      7.86000      0.45791      0.42233      0.03557
      7.87000      0.01118      0.01031      0.00087
      7.88000      0.00000      0.00000      0.00000
      7.89000      0.00000      0.00000      0.00000
      7.90000      0.00000      0.00000      0.00000
      7.91000      0.00000      0.00000      0.00000
      7.92000      0.00000      0.00000      0.00000
      7.93000      0.00000      0.00000      0.00000
      7.94000      0.00000      0.00000      0.00000
      7.95000      0.00000      0.00000      0.00000
      7.96000      0.00000      0.00000      0.00000
      7.97000      0.00000      0.00000      0.00000
      7.98000      0.00000      0.00000      0.00000
      7.99000      0.00000      0.00000      0.00000
      8.00000      0.00000      0.00000      0.00000
      8.01000      0.00000      0.00000      0.00000
      8.02000      0.00000      0.00000      0.00000
      8.03000      0.00000      0.00000      0.00000
      8.04000      0.00000      0.00000      0.00000
      8.05000      0.00000      0.00000      0.00000
      8.06000      0.00000      0.00000      0.00000
      8.07000      0.00000      0.00000      0.00000
      8.08000      0.00000      0.00000      0.00000
      8.09000      0.00000      0.00000      0.00000
      8.10000      0.00000      0.00000      0.00000
      8.11000      0.00000      0.00000      0.00000
      8.12000      0.00000      0.00000      0.00000
      8.13000      0.00000      0.00000      0.00000
      8.14000      0.00000      0.00000      0.00000
      8.15000      0.00000      0.00000      0.00000
      8.16000      0.00084      0.00078      0.00007
      8.17000      0.06126      0.05653      0.00474
      8.18000      1.64009      1.51328      0.12681
      8.19000     16.15273     14.90384      1.24890
      8.20000     58.52347     53.99855      4.52492
      8.21000     78.00449     71.97333      6.03116
      8.22000     38.24852     35.29122      2.95730
      8.23000      6.89946      6.36601      0.53345
      8.24000      0.45785      0.42245      0.03540
      8.25000      0.01118      0.01031      0.00086
      8.26000      0.00000      0.00000      0.00000
      8.27000      0.00000      0.00000      0.00000
      8.28000      0.00000      0.00000      0.00000
      8.29000      0.00000      0.00000      0.00000
      8.30000      0.00000      0.00000      0.00000
      8.31000      0.00097      0.00091      0.00006
      8.32000      0.06850      0.06456      0.00394
      8.33000      1.78039      1.67801      0.10238
      8.34000     17.02298     16.04412      0.97886
      8.35000     59.87735     56.43428      3.44307
      8.36000     77.48098     73.02566      4.45532
      8.37000     36.88358     34.76270      2.12088
      8.38000      6.45917      6.08775      0.37142
      8.39000      0.41613      0.39220      0.02393
      8.40000      0.00986      0.00930      0.00057
      8.41000      0.00000      0.00000      0.00000
      8.42000      0.00000      0.00000      0.00000
      8.43000      0.00000      0.00000      0.00000
      8.44000      0.00000      0.00000      0.00000
      8.45000      0.00000      0.00000      0.00000
      8.46000      0.00000      0.00000      0.00000
      8.47000      0.00000      0.00000      0.00000
      8.48000      0.00000      0.00000      0.00000
      8.49000      0.00156      0.00146      0.00010
      8.50000      0.09977      0.09343      0.00634
      8.51000      2.34296      2.19414      0.14883
      8.52000     20.24111     18.95537      1.28574
      8.53000     64.32926     60.24298      4.08628
      8.54000     75.21222     70.43464      4.77758
      8.55000     32.34996     30.29505      2.05491
      8.56000      5.11876      4.79361      0.32515
      8.57000      0.29796      0.27904      0.01893
      8.58000      0.00638      0.00598      0.00041
      8.59000      0.00000      0.00000      0.00000
      8.60000      0.00000      0.00000      0.00000
      8.61000      0.00000      0.00000      0.00000
      8.62000      0.00000      0.00000      0.00000
      8.63000      0.00000      0.00000      0.00000
      8.64000      0.00000      0.00000      0.00000
      8.65000      0.00000      0.00000      0.00000
      8.66000      0.00000      0.00000      0.00000
      8.67000      0.00000      0.00000      0.00000
      8.68000      0.00000      0.00000      0.00000
      8.69000      0.00000      0.00000      0.00000
      8.70000      0.00000      0.00000      0.00000
      8.71000      0.00073      0.00017      0.00056
      8.72000      0.05469      0.01273      0.04196
      8.73000      1.50856      0.35121      1.15735
      8.74000     15.30726      3.56371     11.74355
      8.75000     57.13953     13.30274     43.83679
      8.76000     78.46599     18.26779     60.19820
      8.77000     39.63983      9.22861     30.41122
      8.78000      7.36695      1.71511      5.65184
      8.79000      0.50367      0.11726      0.38641
      8.80000      0.01267      0.00295      0.00972
      8.81000      0.00000      0.00000      0.00000
      8.82000      0.00000      0.00000      0.00000
      8.83000      0.00000      0.00000      0.00000
      8.84000      0.00000      0.00000      0.00000
      8.85000      0.00000      0.00000      0.00000
      8.86000      0.00000      0.00000      0.00000
      8.87000      0.00318      0.00317      0.00000
      8.88000      0.17530      0.17497      0.00033
      8.89000      3.59402      3.58211      0.01190
      8.90000     28.19708     27.98605      0.21103
      8.91000     90.61689     88.98052      1.63637
      8.92000    134.80003    129.78733      5.01270
      8.93000    101.15988     95.36945      5.79043
      8.94000     35.85539     33.37482      2.48057
      8.95000      5.29085      4.89892      0.39193
      8.96000      0.30180      0.27891      0.02289
      8.97000      0.07043      0.06329      0.00714
      8.98000      1.69470      1.51881      0.17589
      8.99000     16.49519     14.78318      1.71201
      9.00000     59.06454     52.93433      6.13021
      9.01000     77.80398     69.72884      8.07514
      9.02000     37.70356     33.79037      3.91319
      9.03000      6.72153      6.02392      0.69762
      9.04000      0.44082      0.39507      0.04575
      9.05000      0.01064      0.00953      0.00110
      9.06000      0.00000      0.00000      0.00000
      9.07000      0.00000      0.00000      0.00000
      9.08000      0.00000      0.00000      0.00000
      9.09000      0.00000      0.00000      0.00000
      9.10000      0.00000      0.00000      0.00000
      9.11000      0.00000      0.00000      0.00000
      9.12000      0.00000      0.00000      0.00000
      9.13000      0.00000      0.00000      0.00000
      9.14000      0.00000      0.00000      0.00000
      9.15000      0.00000      0.00000      0.00000
      9.16000      0.00000      0.00000      0.00000
      9.17000      0.00000      0.00000      0.00000
      9.18000      0.00000      0.00000      0.00000
      9.19000      0.00000      0.00000      0.00000
      9.20000      0.00000      0.00000      0.00000
      9.21000      0.00000      0.00000      0.00000
      9.22000      0.00000      0.00000      0.00000
      9.23000      0.00000      0.00000      0.00000
      9.24000      0.00000      0.00000      0.00000
      9.25000      0.00000      0.00000      0.00000
      9.26000      0.00000      0.00000      0.00000
      9.27000      0.00000      0.00000      0.00000
      9.28000      0.00000      0.00000      0.00000
      9.29000      0.00000      0.00000      0.00000
      9.30000      0.00000      0.00000      0.00000
      9.31000      0.00000      0.00000      0.00000
      9.32000      0.00000      0.00000      0.00000
      9.33000      0.00146      0.00135      0.00011
      9.34000      0.09460      0.08739      0.00721
      9.35000      2.25404      2.08216      0.17188
      9.36000     19.75783     18.25124      1.50659
      9.37000     63.71215     58.85394      4.85822
      9.38000     75.58070     69.81748      5.76322
      9.39000     32.98413     30.46901      2.51513
      9.40000      5.29547      4.89168      0.40379
      9.41000      0.31276      0.28891      0.02385
      9.42000      0.00680      0.00628      0.00052
      9.43000      0.00000      0.00000      0.00000
      9.44000      0.00000      0.00000      0.00000
      9.45000      0.00000      0.00000      0.00000
      9.46000      0.00000      0.00000      0.00000
      9.47000      0.00000      0.00000      0.00000
      9.48000      0.00000      0.00000      0.00000
      9.49000      0.00000      0.00000      0.00000
      9.50000      0.00000      0.00000      0.00000
      9.51000      0.00000      0.00000      0.00000
      9.52000      0.00000      0.00000      0.00000
      9.53000      0.00000      0.00000      0.00000
      9.54000      0.00151      0.00050      0.00100
      9.55000      0.09707      0.03246      0.06460
      9.56000      2.29663      0.76806      1.52857
      9.57000     19.99035      6.68535     13.30501
      9.58000     64.01120     21.40718     42.60402
      9.59000     75.40446     25.21742     50.18704
      9.60000     32.67710     10.92816     21.74894
      9.61000      5.20950      1.74220      3.46729
      9.62000      0.30553      0.10218      0.20335
      9.63000      0.00659      0.00220      0.00439
      9.64000      0.00167      0.00169      0.00000
      9.65000      0.10491      0.10620      0.00000
      9.66000      2.43006      2.45975      0.00000
      9.67000     20.70629     20.95932      0.00000
      9.68000     64.92089     65.71267      0.00137
      9.69000     75.37969     76.24090      0.05342
      9.70000     39.38071     38.99976      0.76897
      9.71000     45.34556     41.33398      4.07213
      9.72000     78.96973     71.04012      7.93309
      9.73000     56.39819     50.71277      5.68549
      9.74000     14.86792     13.36893      1.49899
      9.75000      1.44207      1.29668      0.14539
      9.76000      0.05146      0.04627      0.00519
      9.77000      0.00210      0.00076      0.00134
      9.78000      0.09294      0.00985      0.08309
      9.79000      2.22527      0.23590      1.98937
      9.80000     19.59962      2.07779     17.52183
      9.81000     63.50639      6.73242     56.77397
      9.82000     75.69946      8.02503     67.67443
      9.83000     33.19508      3.51907     29.67601
      9.84000      5.35850      0.56798      4.79052
      9.85000      0.50490      0.04908      0.45582
      9.86000      3.70018      0.31214      3.38804
      9.87000     27.08122      2.55263     24.52859
      9.88000     77.35802     11.47883     65.87919
      9.89000    105.92983     38.34471     67.58513
      9.90000    102.34015     71.56260     30.77755
      9.91000     63.86003     54.75575      9.10427
      9.92000     17.61851     15.72606      1.89245
      9.93000      1.85494      1.66732      0.18762
      9.94000      0.07229      0.06507      0.00722
      9.95000      0.00104      0.00093      0.00010
      9.96000      0.00000      0.00000      0.00000
      9.97000      0.00000      0.00000      0.00000
      9.98000      0.00000      0.00000      0.00000
      9.99000      0.00000      0.00000      0.00000
     10.00000      0.00000      0.00000      0.00000
     10.01000      0.00000      0.00000      0.00000
     10.02000      0.00000      0.00000      0.00000
     10.03000      0.00000      0.00000      0.00000
     10.04000      0.00000      0.00000      0.00000
     10.05000      0.00000      0.00000      0.00000
     10.06000      0.00000      0.00000      0.00000
     10.07000      0.00000      0.00000      0.00000
     10.08000      0.00000      0.00000      0.00000
     10.09000      0.00000      0.00000      0.00000
     10.10000      0.00046      0.00028      0.00018
     10.11000      0.03783      0.02291      0.01492
     10.12000      1.14818      0.69536      0.45283
     10.13000     12.84164      7.78612      5.05552
     10.14000     53.55112     32.76225     20.78887
     10.15000     90.68146     58.93266     31.74879
     10.16000     93.44945     74.29281     19.15664
     10.17000     88.80617     82.44116      6.36501
     10.18000     48.19084     46.25387      1.93697
     10.19000     10.42847     10.05538      0.37309
     10.20000      0.83903      0.80956      0.02947
     10.21000      0.02488      0.02400      0.00087
     10.22000      0.00000      0.00000      0.00000
     10.23000      0.00000      0.00000      0.00000
     10.24000      0.00000      0.00000      0.00000
     10.25000      0.00000      0.00000      0.00000
     10.26000      0.00000      0.00000      0.00000
     10.27000      0.00000      0.00000      0.00000
     10.28000      0.00098      0.00094      0.00004
     10.29000      0.06893      0.06614      0.00279
     10.30000      1.78862      1.71625      0.07237
     10.31000     17.07311     16.38231      0.69080
     10.32000     59.95326     57.52747      2.42579
     10.33000     77.44946     74.31575      3.13370
     10.34000     36.80692     35.31767      1.48925
     10.35000      6.43496      6.17460      0.26037
     10.36000      0.41387      0.39713      0.01675
     10.37000      0.00979      0.00940      0.00040
     10.38000      0.00000      0.00000      0.00000
     10.39000      0.00000      0.00000      0.00000
     10.40000      0.00000      0.00000      0.00000
     10.41000      0.00000      0.00000      0.00000
     10.42000      0.00000      0.00000      0.00000
     10.43000      0.00000      0.00000      0.00000
     10.44000      0.00000      0.00000      0.00000
     10.45000      0.00000      0.00000      0.00000
     10.46000      0.00000      0.00000      0.00000
     10.47000      0.00000      0.00000      0.00000
     10.48000      0.00000      0.00000      0.00000
     10.49000      0.00000      0.00000      0.00000
     10.50000      0.00000      0.00000      0.00000
     10.51000      0.00000      0.00000      0.00000
     10.52000      0.00000      0.00000      0.00000
     10.53000      0.00000      0.00000      0.00000
     10.54000      0.00000      0.00000      0.00000
     10.55000      0.00000      0.00000      0.00000
     10.56000      0.00000      0.00000      0.00000
     10.57000      0.00000      0.00000      0.00000
     10.58000      0.00000      0.00000      0.00000
     10.59000      0.00000      0.00000      0.00000
     10.60000      0.00000      0.00000      0.00000
     10.61000      0.00000      0.00000      0.00000
     10.62000      0.00000      0.00000      0.00000
     10.63000      0.00000      0.00000      0.00000
     10.64000      0.00000      0.00000      0.00000
     10.65000      0.00000      0.00000      0.00000
     10.66000      0.00000      0.00000      0.00000
     10.67000      0.00000      0.00000      0.00000
     10.68000      0.00000      0.00000      0.00000
     10.69000      0.00000      0.00000      0.00000
     10.70000      0.00000      0.00000      0.00000
     10.71000      0.00000      0.00000      0.00000
     10.72000      0.00000      0.00000      0.00000
     10.73000      0.00000      0.00000      0.00000
     10.74000      0.00000      0.00000      0.00000
     10.75000      0.00000      0.00000      0.00000
     10.76000      0.00000      0.00000      0.00000
     10.77000      0.00000      0.00000      0.00000
     10.78000      0.00000      0.00000      0.00000
     10.79000      0.00000      0.00000      0.00000
     10.80000      0.00000      0.00000      0.00000
     10.81000      0.00000      0.00000      0.00000
     10.82000      0.00000      0.00000      0.00000
     10.83000      0.00000      0.00000      0.00000
     10.84000      0.00000      0.00000      0.00000
     10.85000      0.00000      0.00000      0.00000
     10.86000      0.00000      0.00000      0.00000
     10.87000      0.00000      0.00000      0.00000
     10.88000      0.00048      0.00054      0.00000
     10.89000      0.03909      0.04433      0.00000
     10.90000      1.17627      1.33371      0.00000
     10.91000     13.02008     14.76283      0.00000
     10.92000     53.01839     60.11493      0.00000
     10.93000     79.42275     90.05353      0.00000
     10.94000     43.76922     49.62776      0.00000
     10.95000      8.87357     10.06130      0.00000
     10.96000      0.68275      0.76706      0.00428
     10.97000      0.75848      0.61013      0.15078
     10.98000      9.72130      7.76163      1.95967
     10.99000     49.01808     39.53429      9.48378
     11.00000    105.81445     88.09740     17.71705
     11.01000    121.99292    107.60474     14.38819
     11.02000     82.34159     75.98247      6.35912
     11.03000     26.69688     25.06542      1.63146
     11.04000      3.47941      3.28234      0.19707
     11.05000      0.17075      0.16127      0.00948
     11.06000      0.00310      0.00293      0.00017
     11.07000      0.00000      0.00000      0.00000
     11.08000      0.00000      0.00000      0.00000
     11.09000      0.00000      0.00000      0.00000
     11.10000      0.00000      0.00000      0.00000
     11.11000      0.01028      0.00963      0.00065
     11.12000      0.42939      0.40227      0.02712
     11.13000      6.60078      6.18385      0.41693
     11.14000     37.32863     34.97084      2.35779
     11.15000     77.65949     72.75427      4.90522
     11.16000     59.43640     55.68221      3.75419
     11.17000     16.73462     15.67761      1.05701
     11.18000      1.73334      1.62386      0.10948
     11.19000      0.06605      0.06188      0.00417
     11.20000      0.00093      0.00087      0.00006
     11.21000      0.00000      0.00000      0.00000
     11.22000      0.00000      0.00000      0.00000
     11.23000      0.00000      0.00000      0.00000
     11.24000      0.00000      0.00000      0.00000
     11.25000      0.00000      0.00000      0.00000
     11.26000      0.00000      0.00000      0.00000
     11.27000      0.00000      0.00000      0.00000
     11.28000      0.00000      0.00000      0.00000
     11.29000      0.00000      0.00000      0.00000
     11.30000      0.00000      0.00000      0.00000
     11.31000      0.00000      0.00000      0.00000
     11.32000      0.00000      0.00000      0.00000
     11.33000      0.00000      0.00000      0.00000
     11.34000      0.00000      0.00000      0.00000
     11.35000      0.00000      0.00000      0.00000
     11.36000      0.00000      0.00000      0.00000
     11.37000      0.00000      0.00000      0.00000
     11.38000      0.00000      0.00000      0.00000
     11.39000      0.00000      0.00000      0.00000
     11.40000      0.00000      0.00000      0.00000
     11.41000      0.00000      0.00000      0.00000
     11.42000      0.00000      0.00000      0.00000
     11.43000      0.00000      0.00000      0.00000
     11.44000      0.00000      0.00000      0.00000
     11.45000      0.00000      0.00000      0.00000
     11.46000      0.00000      0.00000      0.00000
     11.47000      0.00000      0.00000      0.00000
     11.48000      0.00000      0.00000      0.00000
     11.49000      0.00000      0.00000      0.00000
     11.50000      0.00000      0.00000      0.00000
     11.51000      0.00000      0.00000      0.00000
     11.52000      0.00137      0.00101      0.00036
     11.53000      0.09016      0.06627      0.02389
     11.54000      2.17645      1.59982      0.57662
     11.55000     19.32894     14.20796      5.12098
     11.56000     63.14999     46.41914     16.73085
     11.57000     75.90042     55.79149     20.10893
     11.58000     33.55989     24.66859      8.89130
     11.59000      5.45887      4.01260      1.44626
     11.60000      0.32666      0.24011      0.08654
     11.61000      0.00719      0.00529      0.00191
     11.62000      0.00000      0.00000      0.00000
     11.63000      0.00000      0.00000      0.00000
     11.64000      0.00000      0.00000      0.00000
     11.65000      0.00000      0.00000      0.00000
     11.66000      0.00000      0.00000      0.00000
     11.67000      0.00000      0.00000      0.00000
     11.68000      0.00925      0.00845      0.00080
     11.69000      0.39619      0.36187      0.03432
     11.70000      6.24331      5.70248      0.54083
     11.71000     36.19367     33.05836      3.13531
     11.72000     77.18909     70.50252      6.68657
     11.73000     60.55985     55.31380      5.24605
     11.74000     17.47910     15.96496      1.51414
     11.75000      1.85592      1.69515      0.16077
     11.76000      0.07249      0.06621      0.00628
     11.77000      0.00104      0.00095      0.00009
     11.78000      0.00000      0.00000      0.00000
     11.79000      0.00000      0.00000      0.00000
     11.80000      0.00270      0.00250      0.00020
     11.81000      0.15294      0.14146      0.01148
     11.82000      3.18940      2.95003      0.23938
     11.83000     24.46810     22.63168      1.83641
     11.84000     69.05521     63.87238      5.18283
     11.85000     71.69653     66.31546      5.38107
     11.86000     27.38454     25.32923      2.05530
     11.87000      3.84785      3.55906      0.28879
     11.88000      0.19890      0.18397      0.01493
     11.89000      0.00378      0.00350      0.00028
     11.90000      0.00000      0.00000      0.00000
     11.91000      0.00000      0.00000      0.00000
     11.92000      0.00000      0.00000      0.00000
     11.93000      0.00000      0.00000      0.00000
     11.94000      0.00000      0.00000      0.00000
     11.95000      0.00000      0.00000      0.00000
     11.96000      0.00000      0.00000      0.00000
     11.97000      0.00000      0.00000      0.00000
     11.98000      0.00000      0.00000      0.00000
     11.99000      0.00000      0.00000      0.00000
     12.00000      0.00000      0.00000      0.00000
     12.01000      0.00000      0.00000      0.00000
     12.02000      0.00000      0.00000      0.00000
     12.03000      0.00265      0.00293      0.00000
     12.04000      0.15074      0.16668      0.00000
     12.05000      3.15646      3.49023      0.00000
     12.06000     24.31458     26.88563      0.00000
     12.07000     68.90305     76.18895      0.00000
     12.08000     71.83161     79.42718      0.00000
     12.09000     27.54852     30.46154      0.00000
     12.10000      3.88675      4.29774      0.00000
     12.11000      0.20173      0.22307      0.00000
     12.12000      0.00385      0.00426      0.00000
     12.13000      0.00034      0.00026      0.00008
     12.14000      0.02972      0.02290      0.00681
     12.15000      0.95862      0.73881      0.21981
     12.16000     11.37598      8.76750      2.60848
     12.17000     49.66345     38.27577     11.38767
     12.18000     79.76100     61.47205     18.28895
     12.19000     47.12484     36.31926     10.80558
     12.20000     10.24270      7.89408      2.34862
     12.21000      0.81900      0.63121      0.18779
     12.22000      0.02409      0.01857      0.00552
     12.23000      0.00000      0.00000      0.00000
     12.24000      0.00000      0.00000      0.00000
     12.25000      0.00000      0.00000      0.00000
     12.26000      0.00000      0.00000      0.00000
     12.27000      0.00000      0.00000      0.00000
     12.28000      0.00000      0.00000      0.00000
     12.29000      0.00000      0.00000      0.00000
     12.30000      0.00000      0.00000      0.00000
     12.31000      0.00000      0.00000      0.00000
     12.32000      0.00000      0.00000      0.00000
     12.33000      0.00000      0.00000      0.00000
     12.34000      0.00000      0.00000      0.00000
     12.35000      0.00000      0.00000      0.00000
     12.36000      0.00000      0.00000      0.00000
     12.37000      0.00000      0.00000      0.00000
     12.38000      0.00000      0.00000      0.00000
     12.39000      0.00000      0.00000      0.00000
     12.40000      0.00000      0.00000      0.00000
     12.41000      0.00000      0.00000      0.00000
     12.42000      0.00000      0.00000      0.00000
     12.43000      0.00000      0.00000      0.00000
     12.44000      0.00000      0.00000      0.00000
     12.45000      0.00000      0.00000      0.00000
     12.46000      0.00000      0.00000      0.00000
     12.47000      0.00000      0.00000      0.00000
     12.48000      0.00000      0.00000      0.00000
     12.49000      0.00000      0.00000      0.00000
     12.50000      0.00000      0.00000      0.00000
     12.51000      0.00000      0.00000      0.00000
     12.52000      0.00000      0.00000      0.00000
     12.53000      0.00000      0.00000      0.00000
     12.54000      0.00000      0.00000      0.00000
     12.55000      0.00000      0.00000      0.00000
     12.56000      0.00000      0.00000      0.00000
     12.57000      0.00000      0.00000      0.00000
     12.58000      0.00000      0.00000      0.00000
     12.59000      0.00000      0.00000      0.00000
     12.60000      0.00000      0.00000      0.00000
     12.61000      0.00000      0.00000      0.00000
     12.62000      0.00000      0.00000      0.00000
     12.63000      0.00127      0.00105      0.00021
     12.64000      0.08449      0.07028      0.01421
     12.65000      2.07584      1.72667      0.34917
     12.66000     18.76740     15.60983      3.15756
     12.67000     62.63431     52.06069     10.57362
     12.68000     80.81667     66.53121     14.28546
     12.69000     64.38837     48.94487     15.44350
     12.70000     79.45730     54.75444     24.70286
     12.71000     68.23788     45.97480     22.26308
     12.72000     36.31238     20.79727     15.51511
     12.73000     57.92890     24.38772     33.54118
     12.74000     79.10676     32.34142     46.76534
     12.75000     41.55753     16.97342     24.58411
     12.76000      8.04296      3.28490      4.75806
     12.77000      0.57268      0.23389      0.33878
     12.78000      0.01500      0.00613      0.00887
     12.79000      0.00000      0.00000      0.00000
     12.80000      0.00000      0.00000      0.00000
