Energy-E_F (eV)    DOS (1/eV)    PDOS (1/eV)  of atom type H  C  
     -6.51526     26.56184      3.49936     23.06248
     -6.50526      4.45874      0.60525      3.85349
     -6.49526     12.66272      1.89881     10.76391
     -6.48526     52.73473      7.96770     44.76703
     -6.47526     89.46731     14.10845     75.35886
     -6.46526     91.13906     16.86747     74.27159
     -6.45526     89.00717     18.84896     70.15821
     -6.44526     51.19194     11.16024     40.03170
     -6.43526     11.78147      2.57832      9.20316
     -6.42526      1.00807      0.22073      0.78734
     -6.41526      0.04966      0.01047      0.03918
     -6.40526      0.72640      0.13438      0.59202
     -6.39526     11.20026      1.89827      9.30199
     -6.38526     66.95439      9.96226     56.99213
     -6.37526    166.76107     19.71184    147.04923
     -6.36526    220.13327     15.87951    204.25376
     -6.35526    215.45358      7.27232    208.18127
     -6.34526    163.74278      3.54992    160.19286
     -6.33526    104.11065      2.08877    102.02188
     -6.32526     49.85036      1.01853     48.83183
     -6.31526     48.12808      1.47325     46.65483
     -6.30526     99.08830      6.32091     92.76740
     -6.29526    123.78323     16.07595    107.70728
     -6.28526     91.34320     17.52084     73.82235
     -6.27526     35.66143      7.40458     28.25685
     -6.26526     27.56728      2.10081     25.46647
     -6.25526     91.82771      5.26217     86.56554
     -6.24526    150.72884     11.22082    139.50802
     -6.23526    101.82094      9.40128     92.41966
     -6.22526     28.49607      3.03400     25.46207
     -6.21526     10.90147      0.96334      9.93814
     -6.20526     41.49681      3.19261     38.30420
     -6.19526     84.64329      6.21128     78.43202
     -6.18526     93.62398      5.09508     88.52889
     -6.17526    118.11331      3.35286    114.76045
     -6.16526    136.02743      3.18490    132.84253
     -6.15526     91.17775      2.38518     88.79257
     -6.14526     50.77768      2.76939     48.00829
     -6.13526     72.12226      6.09023     66.03203
     -6.12526     72.17881      6.31060     65.86821
     -6.11526     30.99629      3.15313     27.84316
     -6.10526     32.35403      6.10491     26.24912
     -6.09526     97.20506     16.62593     80.57913
     -6.08526    143.94948     18.14444    125.80503
     -6.07526     98.44170      8.26247     90.17923
     -6.06526     49.02800      5.61488     43.41312
     -6.05526     69.55624     13.27547     56.28078
     -6.04526     84.40528     16.15405     68.25124
     -6.03526     77.21394     12.33050     64.88345
     -6.02526     84.48529     11.54353     72.94176
     -6.01526     50.98030      6.79093     44.18936
     -6.00526     12.06621      1.58189     10.48432
     -5.99526      4.78329      0.21335      4.56994
     -5.98526     27.09045      0.56428     26.52617
     -5.97526     72.66020      1.55879     71.10141
     -5.96526     83.20609      2.36853     80.83757
     -5.95526     81.64556      4.28031     77.36524
     -5.94526    103.66130      5.99773     97.66358
     -5.93526    108.15406      4.52741    103.62665
     -5.92526     82.84027      2.41876     80.42151
     -5.91526     31.73649      0.81353     30.92297
     -5.90526      4.80388      0.11984      4.68404
     -5.89526      0.27130      0.00673      0.26457
     -5.88526      0.04013      0.00086      0.03928
     -5.87526      1.07153      0.02227      1.04926
     -5.86526     12.26284      0.25683     12.00601
     -5.85526     52.13695      1.15849     50.97846
     -5.84526     89.08321      2.96584     86.11737
     -5.83526     99.24877      8.78607     90.46269
     -5.82526    138.62535     20.47899    118.14636
     -5.81526    149.11641     26.01722    123.09919
     -5.80526    140.67393     28.75573    111.91820
     -5.79526    172.69149     37.96238    134.72912
     -5.78526    144.62020     31.58392    113.03628
     -5.77526    104.06158     21.54764     82.51394
     -5.76526     70.46864     14.16769     56.30095
     -5.75526     23.76829      4.79873     18.96956
     -5.74526     13.17411      3.16456     10.00956
     -5.73526     48.97065     11.98209     36.98856
     -5.72526     96.34826     20.50805     75.84021
     -5.71526    113.45870     13.93000     99.52870
     -5.70526    121.59041      5.51763    116.07278
     -5.69526    114.18353      3.40141    110.78212
     -5.68526     71.45863      2.20313     69.25551
     -5.67526     24.99874      1.20871     23.79004
     -5.66526     31.51396      3.90983     27.60413
     -5.65526     73.78661      9.73146     64.05514
     -5.64526     76.94551     10.72484     66.22067
     -5.63526     80.42483     14.69676     65.72807
     -5.62526    140.93744     29.88706    111.05038
     -5.61526    133.71477     30.11322    103.60155
     -5.60526     52.07690     12.27873     39.79817
     -5.59526      8.15873      1.96774      6.19099
     -5.58526      3.24415      0.20362      3.04053
     -5.57526     28.12648      0.82292     27.30356
     -5.56526    107.92980      3.04523    104.88456
     -5.55526    156.40060      4.25651    152.14409
     -5.54526     85.61711      2.24712     83.36998
     -5.53526     18.38986      0.53893     17.85093
     -5.52526     10.69410      1.23789      9.45621
     -5.51526     45.00012      5.81919     39.18093
     -5.50526     81.26026     10.73236     70.52790
     -5.49526     68.29648     11.09379     57.20269
     -5.48526     71.37193     17.37163     54.00029
     -5.47526     79.01960     20.98091     58.03870
     -5.46526     39.56814     10.41139     29.15676
     -5.45526     23.21217      4.56287     18.64929
     -5.44526     59.42954      9.99163     49.43791
     -5.43526     77.85158     13.03071     64.82087
     -5.42526     38.12537      6.34128     31.78409
     -5.41526     13.63464      1.55015     12.08449
     -5.40526     54.38165      4.22735     50.15429
     -5.39526    168.68803     16.79653    151.89150
     -5.38526    218.48762     28.07497    190.41265
     -5.37526    120.54060     19.19686    101.34375
     -5.36526     28.34248      5.24675     23.09573
     -5.35526      4.37903      0.81555      3.56348
     -5.34526     16.28091      2.58859     13.69232
     -5.33526     58.56408      9.29090     49.27318
     -5.32526     78.10589     12.38691     65.71898
     -5.31526     40.80573      6.37967     34.42606
     -5.30526     28.45222      3.73309     24.71912
     -5.29526     66.39161      8.14571     58.24590
     -5.28526     74.18852      9.08448     65.10404
     -5.27526     31.31778      3.83957     27.47822
     -5.26526     14.86929      1.80371     13.06558
     -5.25526     63.01409      6.89515     56.11894
     -5.24526    150.55470     14.33975    136.21495
     -5.23526    163.39555     12.11537    151.28018
     -5.22526    144.98900      7.97039    137.01861
     -5.21526    144.81530     10.08647    134.72883
     -5.20526     92.69882      8.53537     84.16345
     -5.19526     36.39151      3.89929     32.49222
     -5.18526     47.84629      5.35576     42.49053
     -5.17526     79.92987      8.94824     70.98163
     -5.16526     56.69416      6.32605     50.36810
     -5.15526     43.66026      4.73508     38.92518
     -5.14526     92.09630      9.82598     82.27032
     -5.13526    151.64629     16.01281    135.63348
     -5.12526    182.49136     19.08540    163.40595
     -5.11526    144.22560     15.04580    129.17980
     -5.10526    116.12867     12.65667    103.47200
     -5.09526    119.58453     15.15211    104.43243
     -5.08526    100.88122     14.79597     86.08524
     -5.07526     50.24006      7.63540     42.60466
     -5.06526     34.71755      3.52998     31.18757
     -5.05526    104.59154      8.78946     95.80208
     -5.04526    158.93642     13.83244    145.10398
     -5.03526     89.72537      8.12334     81.60202
     -5.02526     18.73950      1.75879     16.98071
     -5.01526      2.81009      0.17642      2.63366
     -5.00526     14.44642      0.38574     14.06067
     -4.99526     55.58404      1.47253     54.11151
     -4.98526     78.89910      2.09020     76.80891
     -4.97526     41.20022      1.09148     40.10874
     -4.96526      7.91466      0.20968      7.70499
     -4.95526      0.55933      0.01482      0.54452
     -4.94526      0.01454      0.00039      0.01416
     -4.93526      0.00000      0.00000      0.00000
     -4.92526      0.00154      0.00003      0.00150
     -4.91526      0.09850      0.00222      0.09628
     -4.90526      2.32122      0.05222      2.26899
     -4.89526     20.12809      0.45340     19.67470
     -4.88526     64.40341      1.47666     62.92675
     -4.87526     79.46872      2.30626     77.16245
     -4.86526     61.20491      4.94800     56.25691
     -4.85526     77.90477     10.80311     67.10165
     -4.84526     68.12503      9.97093     58.15409
     -4.83526     23.26974      3.41782     19.85193
     -4.82526      2.93539      0.43125      2.50415
     -4.81526      0.13626      0.02002      0.11624
     -4.80526      0.00693      0.00046      0.00646
     -4.79526      0.23146      0.00608      0.22538
     -4.78526      4.28472      0.11253      4.17219
     -4.77526     29.17911      0.76633     28.41278
     -4.76526     73.10162      1.91985     71.18177
     -4.75526     67.37461      1.76944     65.60517
     -4.74526     22.93219      0.60192     22.33027
     -4.73526      5.00812      0.12318      4.88494
     -4.72526     19.36252      0.43415     18.92837
     -4.71526     63.08092      1.41314     61.66777
     -4.70526     77.65904      1.75057     75.90847
     -4.69526     52.38473      1.32377     51.06096
     -4.68526     90.91712      3.14506     87.77206
     -4.67526    181.51409      8.86107    172.65302
     -4.66526    218.32064     14.87589    203.44475
     -4.65526    201.33748     13.22995    188.10753
     -4.64526    167.58146      7.14564    160.43582
     -4.63526     95.77950      2.99675     92.78275
     -4.62526     30.51021      1.12513     29.38508
     -4.61526     29.72727      2.68751     27.03976
     -4.60526     71.83451      6.96787     64.86664
     -4.59526     79.00758      7.08611     71.92147
     -4.58526     72.13311      3.78554     68.34757
     -4.57526    104.32023      3.13962    101.18061
     -4.56526    118.44763      3.24943    115.19820
     -4.55526     86.99434      2.34008     84.65427
     -4.54526     31.95693      0.85431     31.10262
     -4.53526      4.74328      0.12661      4.61667
     -4.52526      0.26716      0.00740      0.25976
     -4.51526      0.14352      0.01969      0.12383
     -4.50526      2.96320      0.41956      2.54364
     -4.49526     23.40447      3.31306     20.09142
     -4.48526     68.30222      9.63237     58.66985
     -4.47526     78.68847     10.44854     68.23993
     -4.46526     71.05870      5.20516     65.85354
     -4.45526    124.77596      3.90491    120.87105
     -4.44526    143.34767      3.99959    139.34807
     -4.43526     71.45120      1.99522     69.45599
     -4.42526     14.64299      0.41081     14.23218
     -4.41526      1.18705      0.03340      1.15365
     -4.40526      0.03689      0.00104      0.03585
     -4.39526      0.00042      0.00001      0.00041
     -4.38526      0.00000      0.00000      0.00000
     -4.37526      0.01035      0.00028      0.01007
     -4.36526      0.45007      0.01322      0.43685
     -4.35526      7.30088      0.23505      7.06582
     -4.34526     46.75549      1.76940     44.98609
     -4.33526    129.17554      6.09844    123.07711
     -4.32526    189.25068     11.14785    178.10283
     -4.31526    201.63934     14.62426    187.01508
     -4.30526    154.01147     13.86286    140.14861
     -4.29526     60.60885      6.47870     54.13015
     -4.28526     10.11370      1.21079      8.90291
     -4.27526      0.66630      0.08544      0.58086
     -4.26526      0.01680      0.00224      0.01456
     -4.25526      0.00000      0.00000      0.00000
     -4.24526      0.02320      0.00039      0.02281
     -4.23526      0.79622      0.01346      0.78277
     -4.22526     10.05092      0.16985      9.88107
     -4.21526     46.67487      0.78876     45.88611
     -4.20526     79.74109      1.34757     78.39353
     -4.19526     50.29305      0.85149     49.44156
     -4.18526     15.51079      0.29946     15.21133
     -4.17526     34.57093      0.97121     33.59972
     -4.16526    119.58217      4.20963    115.37254
     -4.15526    195.52570     10.30342    185.22228
     -4.14526    163.12884     13.26616    149.86267
     -4.13526     69.48312      7.53870     61.94441
     -4.12526     13.53470      1.69223     11.84247
     -4.11526      1.89273      0.20135      1.69137
     -4.10526     10.26872      0.73385      9.53487
     -4.09526     47.12051      3.35699     43.76352
     -4.08526     80.22254      5.69181     74.53073
     -4.07526     56.62439      3.66761     52.95677
     -4.06526     49.76977      1.51699     48.25277
     -4.05526     79.01299      1.50366     77.50933
     -4.04526     58.41684      1.07584     57.34100
     -4.03526     16.11200      0.30164     15.81036
     -4.02526      2.92183      0.20927      2.71256
     -4.01526     13.92726      1.92128     12.00598
     -4.00526     54.61311      7.56235     47.05076
     -3.99526     79.12498     10.95668     68.16830
     -3.98526     42.17377      5.83993     36.33384
     -3.97526      8.26945      1.14510      7.12436
     -3.96526      0.59651      0.08260      0.51391
     -3.95526      0.01583      0.00219      0.01364
     -3.94526      0.00430      0.00009      0.00420
     -3.93526      0.21959      0.00480      0.21479
     -3.92526      4.13436      0.09040      4.04396
     -3.91526     28.89948      0.63741     28.26207
     -3.90526     79.69743      1.87236     77.82507
     -3.89526    120.50243      3.69100    116.81143
     -3.88526    172.36769      7.48846    164.87923
     -3.87526    185.77685     11.77105    174.00580
     -3.86526    137.73884     13.25345    124.48540
     -3.85526    100.18280      8.62796     91.55484
     -3.84526     92.42332      3.44645     88.97687
     -3.83526     60.02901      1.30023     58.72878
     -3.82526     16.30331      0.31554     15.98778
     -3.81526      1.65723      0.03159      1.62565
     -3.80526      0.06210      0.00118      0.06092
     -3.79526      0.00296      0.00027      0.00269
     -3.78526      0.14210      0.01593      0.12617
     -3.77526      3.62604      0.37278      3.25325
     -3.76526     35.85959      3.25919     32.60039
     -3.75526    140.71223     10.78169    129.93054
     -3.74526    225.00420     13.81092    211.19327
     -3.73526    152.09427      7.24848    144.84579
     -3.72526     64.71951      2.77777     61.94173
     -3.71526     72.91366      3.75104     69.16262
     -3.70526     72.52032      3.82645     68.69387
     -3.69526     28.16818      1.48913     26.67904
     -3.68526      4.49257      0.27617      4.21641
     -3.67526      7.13919      0.96089      6.17830
     -3.66526     38.33544      5.25548     33.07996
     -3.65526     78.03442     10.69855     67.33588
     -3.64526     58.47824      8.01306     50.46518
     -3.63526     17.23117      2.22929     15.00188
     -3.62526     14.31852      0.46845     13.85007
     -3.61526     52.72236      1.02897     51.69339
     -3.60526     85.72235      1.80415     83.91820
     -3.59526     94.47016      3.52908     90.94107
     -3.58526    174.08558     10.65728    163.42830
     -3.57526    224.99129     16.04761    208.94368
     -3.56526    124.57750      9.41561    115.16190
     -3.55526     31.38300      2.19692     29.18608
     -3.54526     30.27018      0.91644     29.35374
     -3.53526     74.16377      2.17135     71.99243
     -3.52526     87.05655      4.31761     82.73894
     -3.51526     85.96484      9.09085     76.87399
     -3.50526     79.77666     10.54539     69.23127
     -3.49526     37.78775      4.87556     32.91219
     -3.48526     28.56204      1.72168     26.84036
     -3.47526     67.61411      2.78773     64.82638
     -3.46526     73.20114      2.98164     70.21950
     -3.45526     29.30329      1.19327     28.11001
     -3.44526      4.31650      0.17576      4.14074
     -3.43526      0.28294      0.01062      0.27232
     -3.42526      1.42743      0.03243      1.39501
     -3.41526     15.67131      0.36648     15.30483
     -3.40526     68.97201      1.73205     67.23996
     -3.39526    133.90564      3.78835    130.11729
     -3.38526    136.78293      4.33568    132.44724
     -3.37526    114.35853      3.56377    110.79476
     -3.36526    118.17377      3.18475    114.98902
     -3.35526    113.31062      2.57201    110.73861
     -3.34526     72.75205      1.47788     71.27417
     -3.33526     21.90304      0.42953     21.47351
     -3.32526      2.58190      0.05023      2.53167
     -3.31526      0.11338      0.00220      0.11118
     -3.30526      0.00184      0.00004      0.00180
     -3.29526      0.00000      0.00000      0.00000
     -3.28526      0.00000      0.00000      0.00000
     -3.27526      0.00000      0.00000      0.00000
     -3.26526      0.00000      0.00000      0.00000
     -3.25526      0.00000      0.00000      0.00000
     -3.24526      0.00000      0.00000      0.00000
     -3.23526      0.00000      0.00000      0.00000
     -3.22526      0.00000      0.00000      0.00000
     -3.21526      0.00000      0.00000      0.00000
     -3.20526      0.00729      0.00017      0.00712
     -3.19526      0.33002      0.00759      0.32242
     -3.18526      5.49802      0.12648      5.37154
     -3.17526     33.69639      0.77517     32.92122
     -3.16526     75.97418      1.74776     74.22642
     -3.15526     63.01647      1.44967     61.56680
     -3.14526     19.22860      0.44235     18.78625
     -3.13526      2.15883      0.04966      2.10917
     -3.12526      0.12020      0.00266      0.11754
     -3.11526      0.99227      0.01942      0.97285
     -3.10526     11.62868      0.22750     11.40117
     -3.09526     50.20311      0.98218     49.22093
     -3.08526     79.73268      1.55990     78.17278
     -3.07526     46.58517      0.91140     45.67377
     -3.06526     10.01301      0.19590      9.81711
     -3.05526      0.79175      0.01549      0.77626
     -3.04526      0.02303      0.00045      0.02258
     -3.03526      0.00000      0.00000      0.00000
     -3.02526      0.00000      0.00000      0.00000
     -3.01526      0.00000      0.00000      0.00000
     -3.00526      0.00000      0.00000      0.00000
     -2.99526      0.00000      0.00000      0.00000
     -2.98526      0.00000      0.00000      0.00000
     -2.97526      0.00000      0.00000      0.00000
     -2.96526      0.00035      0.00001      0.00034
     -2.95526      0.03046      0.00067      0.02980
     -2.94526      0.97653      0.02132      0.95521
     -2.93526     11.51654      0.25145     11.26509
     -2.92526     49.96477      1.09093     48.87385
     -2.91526     79.74642      1.74117     78.00524
     -2.90526     46.82351      1.02234     45.80117
     -2.89526     10.11398      0.22083      9.89316
     -2.88526      0.80369      0.01755      0.78614
     -2.87526      0.02349      0.00051      0.02298
     -2.86526      0.00000      0.00000      0.00000
     -2.85526      0.01061      0.00021      0.01040
     -2.84526      0.44004      0.00883      0.43121
     -2.83526      6.71336      0.13475      6.57861
     -2.82526     37.67831      0.75629     36.92202
     -2.81526     77.79442      1.56151     76.23291
     -2.80526     59.08959      1.18606     57.90353
     -2.79526     16.51121      0.33142     16.17980
     -2.78526      1.71094      0.03433      1.67660
     -2.77526      0.64595      0.01247      0.63348
     -2.76526      9.41418      0.17833      9.23585
     -2.75526     58.53400      1.08726     57.44674
     -2.74526    141.36547      2.56440    138.80108
     -2.73526    133.44340      2.35953    131.08388
     -2.72526     49.21267      0.84909     48.36358
     -2.71526      7.04092      0.11896      6.92195
     -2.70526      0.38658      0.00643      0.38015
     -2.69526      0.00805      0.00013      0.00792
     -2.68526      0.00000      0.00000      0.00000
     -2.67526      0.00000      0.00000      0.00000
     -2.66526      0.00000      0.00000      0.00000
     -2.65526      0.00000      0.00000      0.00000
     -2.64526      0.00858      0.00026      0.00832
     -2.63526      0.38016      0.01163      0.36853
     -2.62526      6.28883      0.19225      6.09658
     -2.61526     40.49877      1.23505     39.26371
     -2.60526    111.49570      3.38350    108.11220
     -2.59526    166.90158      5.04642    161.85516
     -2.58526    220.12904      6.69659    213.43245
     -2.57526    294.93749      8.88733    286.05016
     -2.56526    318.27586      9.15649    309.11936
     -2.55526    334.34425      9.11828    325.22597
     -2.54526    348.71448      9.10925    339.60522
     -2.53526    245.90387      6.03221    239.87166
     -2.52526     93.99120      2.11493     91.87627
     -2.51526     26.52740      0.63179     25.89561
     -2.50526     45.90980      1.35180     44.55800
     -2.49526     79.57440      2.36735     77.20705
     -2.48526     52.30055      1.55626     50.74429
     -2.47526     12.65288      0.37650     12.27637
     -2.46526      1.12611      0.03351      1.09261
     -2.45526      0.03687      0.00110      0.03577
     -2.44526      0.00044      0.00001      0.00043
     -2.43526      0.00000      0.00000      0.00000
     -2.42526      0.00000      0.00000      0.00000
     -2.41526      0.00000      0.00000      0.00000
     -2.40526      0.00000      0.00000      0.00000
     -2.39526      0.00000      0.00000      0.00000
     -2.38526      0.00000      0.00000      0.00000
     -2.37526      0.00401      0.00008      0.00394
     -2.36526      0.26637      0.00521      0.26116
     -2.35526      6.52523      0.12938      6.39585
     -2.34526     60.91064      1.22448     59.68616
     -2.33526    218.95313      4.46618    214.48695
     -2.32526    306.22478      6.33788    299.88690
     -2.31526    168.06180      3.52524    164.53656
     -2.30526     40.19988      0.84572     39.35416
     -2.29526     33.48745      0.65825     32.82920
     -2.28526     96.45974      1.89331     94.56643
     -2.27526    162.28299      3.21811    159.06488
     -2.26526    187.97170      3.73295    184.23875
     -2.25526    164.22873      3.24045    160.98828
     -2.24526    108.90152      2.14419    106.75734
     -2.23526     57.62422      1.13236     56.49186
     -2.22526     66.92288      1.30646     65.61642
     -2.21526     79.46184      1.54325     77.91860
     -2.20526     53.13823      0.97212     52.16611
     -2.19526     65.58473      1.04991     64.53482
     -2.18526     78.14219      1.22325     76.91894
     -2.17526     37.53663      0.58689     36.94975
     -2.16526      6.66453      0.10419      6.56034
     -2.15526      0.43620      0.00682      0.42938
     -2.14526      0.06885      0.00108      0.06776
     -2.13526      1.58292      0.02492      1.55800
     -2.12526     15.78897      0.24861     15.54035
     -2.11526     57.93657      0.91227     57.02431
     -2.10526     78.20912      1.23148     76.97765
     -2.09526     38.83896      0.61156     38.22740
     -2.08526      7.09550      0.11173      6.98378
     -2.07526      0.47755      0.00752      0.47003
     -2.06526      0.06316      0.00111      0.06205
     -2.05526      1.44032      0.02601      1.41432
     -2.04526     14.85626      0.26824     14.58802
     -2.03526     56.37207      1.01784     55.35423
     -2.02526     78.69082      1.42082     77.26999
     -2.01526     40.41007      0.72963     39.68044
     -2.00526      7.63415      0.13784      7.49631
     -1.99526      0.53056      0.00958      0.52098
     -1.98526      0.01356      0.00024      0.01332
     -1.97526      0.00000      0.00000      0.00000
     -1.96526      0.00000      0.00000      0.00000
     -1.95526      0.00000      0.00000      0.00000
     -1.94526      0.00047      0.00001      0.00047
     -1.93526      0.03888      0.00060      0.03828
     -1.92526      1.17150      0.01806      1.15344
     -1.91526     12.98545      0.20023     12.78522
     -1.90526     52.95432      0.81652     52.13780
     -1.89526     79.59814      1.22710     78.37104
     -1.88526     47.20139      0.72260     46.47878
     -1.87526     34.17347      0.48779     33.68568
     -1.86526     70.49634      0.97884     69.51749
     -1.85526     70.99868      0.98481     70.01387
     -1.84526     26.54179      0.36815     26.17364
     -1.83526      3.65113      0.05064      3.60049
     -1.82526      0.18477      0.00256      0.18221
     -1.81526      0.01608      0.00021      0.01587
     -1.80526      0.50297      0.00659      0.49637
     -1.79526      7.35984      0.09644      7.26340
     -1.78526     39.61911      0.51916     39.09994
     -1.77526     78.46046      1.02814     77.43232
     -1.76526     57.21994      0.75017     56.46977
     -1.75526     16.93028      0.23173     16.69855
     -1.74526     17.47702      0.32697     17.15005
     -1.73526     58.27949      1.12089     57.15860
     -1.72526     78.11105      1.50275     76.60830
     -1.71526     38.54917      0.74164     37.80753
     -1.70526      6.99886      0.13465      6.86421
     -1.69526      0.46746      0.00899      0.45847
     -1.68526      0.01149      0.00022      0.01127
     -1.67526      0.00000      0.00000      0.00000
     -1.66526      0.00000      0.00000      0.00000
     -1.65526      0.00000      0.00000      0.00000
     -1.64526      0.00000      0.00000      0.00000
     -1.63526      0.00000      0.00000      0.00000
     -1.62526      0.01128      0.00032      0.01096
     -1.61526      0.46094      0.01295      0.44798
     -1.60526      6.93553      0.19484      6.74069
     -1.59526     38.58732      1.07963     37.50770
     -1.58526     83.37157      2.23798     81.13359
     -1.57526    101.99402      2.02312     99.97090
     -1.56526    147.91565      1.65363    146.26203
     -1.55526    149.36384      1.44684    147.91700
     -1.54526     61.38353      0.60583     60.77771
     -1.53526      9.42812      0.09630      9.33182
     -1.52526      0.53666      0.00567      0.53099
     -1.51526      0.01131      0.00012      0.01119
     -1.50526      0.00000      0.00000      0.00000
     -1.49526      0.00000      0.00000      0.00000
     -1.48526      0.00000      0.00000      0.00000
     -1.47526      0.00000      0.00000      0.00000
     -1.46526      0.00000      0.00000      0.00000
     -1.45526      0.00000      0.00000      0.00000
     -1.44526      0.00000      0.00000      0.00000
     -1.43526      0.00763      0.00025      0.00739
     -1.42526      0.34203      0.01111      0.33092
     -1.41526      5.63691      0.18314      5.45377
     -1.40526     34.17614      1.11037     33.06577
     -1.39526     76.22725      2.47660     73.75066
     -1.38526     62.54650      2.03211     60.51439
     -1.37526     18.87997      0.61340     18.26657
     -1.36526      2.09655      0.06812      2.02843
     -1.35526      0.08565      0.00278      0.08286
     -1.34526      0.00129      0.00004      0.00125
     -1.33526      0.00000      0.00000      0.00000
     -1.32526      0.00000      0.00000      0.00000
     -1.31526      0.00000      0.00000      0.00000
     -1.30526      0.00000      0.00000      0.00000
     -1.29526      0.01438      0.00019      0.01419
     -1.28526      0.55469      0.00733      0.54736
     -1.27526      7.86974      0.10396      7.76579
     -1.26526     41.07492      0.54259     40.53234
     -1.25526     78.86757      1.04182     77.82576
     -1.24526     55.70905      0.73590     54.97315
     -1.23526     14.47722      0.19126     14.28596
     -1.22526      1.44759      0.02051      1.42708
     -1.21526      1.73673      0.05970      1.67703
     -1.20526     16.45444      0.57567     15.87878
     -1.19526     58.99975      2.06419     56.93556
     -1.18526     77.82860      2.72294     75.10566
     -1.17526     37.76885      1.32139     36.44746
     -1.16526      6.74270      0.23590      6.50680
     -1.15526      0.44283      0.01549      0.42734
     -1.14526      0.01070      0.00037      0.01032
     -1.13526      0.00000      0.00000      0.00000
     -1.12526      0.00000      0.00000      0.00000
     -1.11526      0.00000      0.00000      0.00000
     -1.10526      0.00000      0.00000      0.00000
     -1.09526      0.00000      0.00000      0.00000
     -1.08526      0.00000      0.00000      0.00000
     -1.07526      0.00000      0.00000      0.00000
     -1.06526      0.00000      0.00000      0.00000
     -1.05526      0.00000      0.00000      0.00000
     -1.04526      0.00000      0.00000      0.00000
     -1.03526      0.00000      0.00000      0.00000
     -1.02526      0.00714      0.00026      0.00688
     -1.01526      0.32502      0.01197      0.31304
     -1.00526      5.43973      0.20038      5.23935
     -0.99526     33.51339      1.23398     32.27941
     -0.98526     76.58720      2.80333     73.78387
     -0.97526     72.63718      2.44379     70.19339
     -0.96526     64.53220      1.26601     63.26618
     -0.95526     81.79460      1.05407     80.74053
     -0.94526     51.72491      0.63479     51.09011
     -0.93526     12.32158      0.15072     12.17086
     -0.92526      1.08144      0.01323      1.06822
     -0.91526      0.03492      0.00043      0.03449
     -0.90526      0.00041      0.00001      0.00041
     -0.89526      0.00000      0.00000      0.00000
     -0.88526      0.00000      0.00000      0.00000
     -0.87526      0.00000      0.00000      0.00000
     -0.86526      0.00000      0.00000      0.00000
     -0.85526      0.00000      0.00000      0.00000
     -0.84526      0.00000      0.00000      0.00000
     -0.83526      0.00000      0.00000      0.00000
     -0.82526      0.00777      0.00030      0.00747
     -0.81526      0.34651      0.01328      0.33323
     -0.80526      5.68825      0.21800      5.47025
     -0.79526     34.35175      1.31652     33.03523
     -0.78526     76.31751      2.92486     73.39266
     -0.77526     62.37421      2.39048     59.98373
     -0.76526     18.75389      0.71874     18.03515
     -0.75526      2.07436      0.07950      1.99486
     -0.74526      0.08441      0.00323      0.08117
     -0.73526      0.00126      0.00005      0.00122
     -0.72526      0.00000      0.00000      0.00000
     -0.71526      0.00649      0.00007      0.00642
     -0.70526      0.30179      0.00330      0.29848
     -0.69526      5.16472      0.05653      5.10819
     -0.68526     32.51608      0.35592     32.16017
     -0.67526     75.31041      0.82434     74.48607
     -0.66526     64.16783      0.70238     63.46545
     -0.65526     20.11339      0.22016     19.89323
     -0.64526      2.31931      0.02539      2.29392
     -0.63526      0.10932      0.00151      0.10781
     -0.62526      0.45168      0.01779      0.43389
     -0.61526      6.81932      0.26928      6.55004
     -0.60526     38.00414      1.50070     36.50344
     -0.59526     77.91596      3.07673     74.83923
     -0.58526     58.76618      2.32055     56.44564
     -0.57526     16.30550      0.64387     15.66163
     -0.56526      1.66436      0.06572      1.59863
     -0.55526      0.06250      0.00247      0.06003
     -0.54526      0.00086      0.00003      0.00083
     -0.53526      0.00000      0.00000      0.00000
     -0.52526      0.00000      0.00000      0.00000
     -0.51526      0.00000      0.00000      0.00000
     -0.50526      0.00000      0.00000      0.00000
     -0.49526      0.00000      0.00000      0.00000
     -0.48526      0.00000      0.00000      0.00000
     -0.47526      0.00000      0.00000      0.00000
     -0.46526      0.01319      0.00024      0.01294
     -0.45526      0.60114      0.01193      0.58921
     -0.44526     10.17171      0.21619      9.95552
     -0.43526     63.90792      1.45199     62.45593
     -0.42526    149.14455      3.61311    145.53143
     -0.41526    129.30705      3.32858    125.97848
     -0.40526     41.64734      1.13442     40.51292
     -0.39526      4.98206      0.14293      4.83913
     -0.38526      0.22127      0.00665      0.21462
     -0.37526      0.00365      0.00011      0.00353
     -0.36526      0.00000      0.00000      0.00000
     -0.35526      0.00000      0.00000      0.00000
     -0.34526      0.00000      0.00000      0.00000
     -0.33526      0.00000      0.00000      0.00000
     -0.32526      0.00000      0.00000      0.00000
     -0.31526      0.00157      0.00006      0.00151
     -0.30526      0.10014      0.00395      0.09619
     -0.29526      2.34927      0.09275      2.25652
     -0.28526     20.27504      0.80045     19.47460
     -0.27526     64.37548      2.54140     61.83407
     -0.26526     75.37407      2.96983     72.40425
     -0.25526     36.00315      1.30531     34.69784
     -0.24526     31.84766      0.41776     31.42990
     -0.23526     71.45002      0.58685     70.86316
     -0.22526     69.65532      0.56322     69.09209
     -0.21526     25.08079      0.20273     24.87806
     -0.20526      3.32256      0.02686      3.29571
     -0.19526      0.16192      0.00131      0.16062
     -0.18526      0.00330      0.00004      0.00327
     -0.17526      0.03400      0.00125      0.03275
     -0.16526      1.06015      0.03912      1.02103
     -0.15526     12.15970      0.44872     11.71098
     -0.14526     51.30789      1.89340     49.41450
     -0.13526     79.64361      2.93906     76.70455
     -0.12526     45.48029      1.67834     43.80195
     -0.11526      9.55435      0.35258      9.20177
     -0.10526      0.73839      0.02725      0.71114
     -0.09526      0.02099      0.00077      0.02022
     -0.08526      0.00000      0.00000      0.00000
     -0.07526      0.00000      0.00000      0.00000
     -0.06526      0.00000      0.00000      0.00000
     -0.05526      0.00000      0.00000      0.00000
     -0.04526      0.00285      0.00009      0.00276
     -0.03526      0.15942      0.00504      0.15439
     -0.02526      3.28573      0.10380      3.18193
     -0.01526     24.91255      0.78700     24.12555
     -0.00526     69.48806      2.19516     67.29290
      0.00474     71.30297      2.25249     69.05048
      0.01474     26.91600      0.85029     26.06571
      0.02474      3.73783      0.11808      3.61975
      0.03474      0.19096      0.00603      0.18492
      0.04474      0.00359      0.00011      0.00348
      0.05474      0.00000      0.00000      0.00000
      0.06474      0.00000      0.00000      0.00000
      0.07474      0.00000      0.00000      0.00000
      0.08474      0.00000      0.00000      0.00000
      0.09474      0.00000      0.00000      0.00000
      0.10474      0.00000      0.00000      0.00000
      0.11474      0.00000      0.00000      0.00000
      0.12474      0.00000      0.00000      0.00000
      0.13474      0.00000      0.00000      0.00000
      0.14474      0.00000      0.00000      0.00000
      0.15474      0.00000      0.00000      0.00000
      0.16474      0.00000      0.00000      0.00000
      0.17474      0.00000      0.00000      0.00000
      0.18474      0.00000      0.00000      0.00000
      0.19474      0.00000      0.00000      0.00000
      0.20474      0.00000      0.00000      0.00000
      0.21474      0.00000      0.00000      0.00000
      0.22474      0.00000      0.00000      0.00000
      0.23474      0.00000      0.00000      0.00000
      0.24474      0.00000      0.00000      0.00000
      0.25474      0.00000      0.00000      0.00000
      0.26474      0.00000      0.00000      0.00000
      0.27474      0.00000      0.00000      0.00000
      0.28474      0.00000      0.00000      0.00000
      0.29474      0.00000      0.00000      0.00000
      0.30474      0.00000      0.00000      0.00000
      0.31474      0.00000      0.00000      0.00000
      0.32474      0.00000      0.00000      0.00000
      0.33474      0.00000      0.00000      0.00000
      0.34474      0.00000      0.00000      0.00000
      0.35474      0.00000      0.00000      0.00000
      0.36474      0.00000      0.00000      0.00000
      0.37474      0.00000      0.00000      0.00000
      0.38474      0.00000      0.00000      0.00000
      0.39474      0.00000      0.00000      0.00000
      0.40474      0.00000      0.00000      0.00000
      0.41474      0.00000      0.00000      0.00000
      0.42474      0.00000      0.00000      0.00000
      0.43474      0.00000      0.00000      0.00000
      0.44474      0.00000      0.00000      0.00000
      0.45474      0.00000      0.00000      0.00000
      0.46474      0.00000      0.00000      0.00000
      0.47474      0.00000      0.00000      0.00000
      0.48474      0.00000      0.00000      0.00000
      0.49474      0.00000      0.00000      0.00000
      0.50474      0.00000      0.00000      0.00000
      0.51474      0.00000      0.00000      0.00000
      0.52474      0.00000      0.00000      0.00000
      0.53474      0.00000      0.00000      0.00000
      0.54474      0.00000      0.00000      0.00000
      0.55474      0.00000      0.00000      0.00000
      0.56474      0.00000      0.00000      0.00000
      0.57474      0.00000      0.00000      0.00000
      0.58474      0.00000      0.00000      0.00000
      0.59474      0.00000      0.00000      0.00000
      0.60474      0.00000      0.00000      0.00000
      0.61474      0.00000      0.00000      0.00000
      0.62474      0.00000      0.00000      0.00000
      0.63474      0.00000      0.00000      0.00000
      0.64474      0.00000      0.00000      0.00000
      0.65474      0.00000      0.00000      0.00000
      0.66474      0.00000      0.00000      0.00000
      0.67474      0.00000      0.00000      0.00000
      0.68474      0.00000      0.00000      0.00000
      0.69474      0.00000      0.00000      0.00000
      0.70474      0.00000      0.00000      0.00000
      0.71474      0.00000      0.00000      0.00000
      0.72474      0.00000      0.00000      0.00000
      0.73474      0.00000      0.00000      0.00000
      0.74474      0.00000      0.00000      0.00000
      0.75474      0.00000      0.00000      0.00000
      0.76474      0.00000      0.00000      0.00000
      0.77474      0.00000      0.00000      0.00000
      0.78474      0.00000      0.00000      0.00000
      0.79474      0.00000      0.00000      0.00000
      0.80474      0.00000      0.00000      0.00000
      0.81474      0.00000      0.00000      0.00000
      0.82474      0.00000      0.00000      0.00000
      0.83474      0.00000      0.00000      0.00000
      0.84474      0.00000      0.00000      0.00000
      0.85474      0.00000      0.00000      0.00000
      0.86474      0.00000      0.00000      0.00000
      0.87474      0.00000      0.00000      0.00000
      0.88474      0.00000      0.00000      0.00000
      0.89474      0.00000      0.00000      0.00000
      0.90474      0.00000      0.00000      0.00000
      0.91474      0.00000      0.00000      0.00000
      0.92474      0.00000      0.00000      0.00000
      0.93474      0.00000      0.00000      0.00000
      0.94474      0.00000      0.00000      0.00000
      0.95474      0.00000      0.00000      0.00000
      0.96474      0.00000      0.00000      0.00000
      0.97474      0.00000      0.00000      0.00000
      0.98474      0.00000      0.00000      0.00000
      0.99474      0.00000      0.00000      0.00000
      1.00474      0.00000      0.00000      0.00000
      1.01474      0.00000      0.00000      0.00000
      1.02474      0.00000      0.00000      0.00000
      1.03474      0.00000      0.00000      0.00000
      1.04474      0.00000      0.00000      0.00000
      1.05474      0.00000      0.00000      0.00000
      1.06474      0.00000      0.00000      0.00000
      1.07474      0.00000      0.00000      0.00000
      1.08474      0.00000      0.00000      0.00000
      1.09474      0.00000      0.00000      0.00000
      1.10474      0.00000      0.00000      0.00000
      1.11474      0.00000      0.00000      0.00000
      1.12474      0.00000      0.00000      0.00000
      1.13474      0.00000      0.00000      0.00000
      1.14474      0.00000      0.00000      0.00000
      1.15474      0.00000      0.00000      0.00000
      1.16474      0.00000      0.00000      0.00000
      1.17474      0.00000      0.00000      0.00000
      1.18474      0.00000      0.00000      0.00000
      1.19474      0.00000      0.00000      0.00000
      1.20474      0.00000      0.00000      0.00000
      1.21474      0.00000      0.00000      0.00000
      1.22474      0.00000      0.00000      0.00000
      1.23474      0.00000      0.00000      0.00000
      1.24474      0.00000      0.00000      0.00000
      1.25474      0.00000      0.00000      0.00000
      1.26474      0.00000      0.00000      0.00000
      1.27474      0.00000      0.00000      0.00000
      1.28474      0.00000      0.00000      0.00000
      1.29474      0.00000      0.00000      0.00000
      1.30474      0.00000      0.00000      0.00000
      1.31474      0.00000      0.00000      0.00000
      1.32474      0.00000      0.00000      0.00000
      1.33474      0.00000      0.00000      0.00000
      1.34474      0.00000      0.00000      0.00000
      1.35474      0.00000      0.00000      0.00000
      1.36474      0.00000      0.00000      0.00000
      1.37474      0.00000      0.00000      0.00000
      1.38474      0.00000      0.00000      0.00000
      1.39474      0.00000      0.00000      0.00000
      1.40474      0.00000      0.00000      0.00000
      1.41474      0.00000      0.00000      0.00000
      1.42474      0.00000      0.00000      0.00000
      1.43474      0.00000      0.00000      0.00000
      1.44474      0.00000      0.00000      0.00000
      1.45474      0.00000      0.00000      0.00000
      1.46474      0.00000      0.00000      0.00000
      1.47474      0.00000      0.00000      0.00000
      1.48474      0.00000      0.00000      0.00000
      1.49474      0.00000      0.00000      0.00000
      1.50474      0.00000      0.00000      0.00000
      1.51474      0.00000      0.00000      0.00000
      1.52474      0.00000      0.00000      0.00000
      1.53474      0.00000      0.00000      0.00000
      1.54474      0.00000      0.00000      0.00000
      1.55474      0.00000      0.00000      0.00000
      1.56474      0.00000      0.00000      0.00000
      1.57474      0.00000      0.00000      0.00000
      1.58474      0.00000      0.00000      0.00000
      1.59474      0.00000      0.00000      0.00000
      1.60474      0.00000      0.00000      0.00000
      1.61474      0.00000      0.00000      0.00000
      1.62474      0.00000      0.00000      0.00000
      1.63474      0.00000      0.00000      0.00000
      1.64474      0.00000      0.00000      0.00000
      1.65474      0.00000      0.00000      0.00000
      1.66474      0.00000      0.00000      0.00000
      1.67474      0.00000      0.00000      0.00000
      1.68474      0.00000      0.00000      0.00000
      1.69474      0.00000      0.00000      0.00000
      1.70474      0.00000      0.00000      0.00000
      1.71474      0.00000      0.00000      0.00000
      1.72474      0.00000      0.00000      0.00000
      1.73474      0.00000      0.00000      0.00000
      1.74474      0.00000      0.00000      0.00000
      1.75474      0.00000      0.00000      0.00000
      1.76474      0.00000      0.00000      0.00000
      1.77474      0.00000      0.00000      0.00000
      1.78474      0.00000      0.00000      0.00000
      1.79474      0.00000      0.00000      0.00000
      1.80474      0.00000      0.00000      0.00000
      1.81474      0.00000      0.00000      0.00000
      1.82474      0.00000      0.00000      0.00000
      1.83474      0.00000      0.00000      0.00000
      1.84474      0.00000      0.00000      0.00000
      1.85474      0.00000      0.00000      0.00000
      1.86474      0.00000      0.00000      0.00000
      1.87474      0.00000      0.00000      0.00000
      1.88474      0.00000      0.00000      0.00000
      1.89474      0.00000      0.00000      0.00000
      1.90474      0.00000      0.00000      0.00000
      1.91474      0.00000      0.00000      0.00000
      1.92474      0.00000      0.00000      0.00000
      1.93474      0.00000      0.00000      0.00000
      1.94474      0.00000      0.00000      0.00000
      1.95474      0.00000      0.00000      0.00000
      1.96474      0.00000      0.00000      0.00000
      1.97474      0.00000      0.00000      0.00000
      1.98474      0.00000      0.00000      0.00000
      1.99474      0.00000      0.00000      0.00000
      2.00474      0.00000      0.00000      0.00000
      2.01474      0.00000      0.00000      0.00000
      2.02474      0.00000      0.00000      0.00000
      2.03474      0.00000      0.00000      0.00000
      2.04474      0.00000      0.00000      0.00000
      2.05474      0.00000      0.00000      0.00000
      2.06474      0.00000      0.00000      0.00000
      2.07474      0.00000      0.00000      0.00000
      2.08474      0.00000      0.00000      0.00000
      2.09474      0.00000      0.00000      0.00000
      2.10474      0.00000      0.00000      0.00000
      2.11474      0.00000      0.00000      0.00000
      2.12474      0.00000      0.00000      0.00000
      2.13474      0.00000      0.00000      0.00000
      2.14474      0.00000      0.00000      0.00000
      2.15474      0.00000      0.00000      0.00000
      2.16474      0.00000      0.00000      0.00000
      2.17474      0.00000      0.00000      0.00000
      2.18474      0.00000      0.00000      0.00000
      2.19474      0.00000      0.00000      0.00000
      2.20474      0.00000      0.00000      0.00000
      2.21474      0.00000      0.00000      0.00000
      2.22474      0.00000      0.00000      0.00000
      2.23474      0.00000      0.00000      0.00000
      2.24474      0.00000      0.00000      0.00000
      2.25474      0.00000      0.00000      0.00000
      2.26474      0.00000      0.00000      0.00000
      2.27474      0.00000      0.00000      0.00000
      2.28474      0.00000      0.00000      0.00000
      2.29474      0.00000      0.00000      0.00000
      2.30474      0.00000      0.00000      0.00000
      2.31474      0.00000      0.00000      0.00000
      2.32474      0.00000      0.00000      0.00000
      2.33474      0.00000      0.00000      0.00000
      2.34474      0.00000      0.00000      0.00000
      2.35474      0.00000      0.00000      0.00000
      2.36474      0.00000      0.00000      0.00000
      2.37474      0.00000      0.00000      0.00000
      2.38474      0.00000      0.00000      0.00000
      2.39474      0.00000      0.00000      0.00000
      2.40474      0.00000      0.00000      0.00000
      2.41474      0.00000      0.00000      0.00000
      2.42474      0.00000      0.00000      0.00000
      2.43474      0.00000      0.00000      0.00000
      2.44474      0.00000      0.00000      0.00000
      2.45474      0.00000      0.00000      0.00000
      2.46474      0.00000      0.00000      0.00000
      2.47474      0.00000      0.00000      0.00000
      2.48474      0.00000      0.00000      0.00000
      2.49474      0.00000      0.00000      0.00000
      2.50474      0.00000      0.00000      0.00000
      2.51474      0.00000      0.00000      0.00000
      2.52474      0.00000      0.00000      0.00000
      2.53474      0.00000      0.00000      0.00000
      2.54474      0.00000      0.00000      0.00000
      2.55474      0.00000      0.00000      0.00000
      2.56474      0.00000      0.00000      0.00000
      2.57474      0.00000      0.00000      0.00000
      2.58474      0.00000      0.00000      0.00000
      2.59474      0.00000      0.00000      0.00000
      2.60474      0.00000      0.00000      0.00000
      2.61474      0.00000      0.00000      0.00000
      2.62474      0.00000      0.00000      0.00000
      2.63474      0.00000      0.00000      0.00000
      2.64474      0.00000      0.00000      0.00000
      2.65474      0.00000      0.00000      0.00000
      2.66474      0.00000      0.00000      0.00000
      2.67474      0.00000      0.00000      0.00000
      2.68474      0.00000      0.00000      0.00000
      2.69474      0.00000      0.00000      0.00000
      2.70474      0.00000      0.00000      0.00000
      2.71474      0.00000      0.00000      0.00000
      2.72474      0.00000      0.00000      0.00000
      2.73474      0.00000      0.00000      0.00000
      2.74474      0.00000      0.00000      0.00000
      2.75474      0.00000      0.00000      0.00000
      2.76474      0.00000      0.00000      0.00000
      2.77474      0.00000      0.00000      0.00000
      2.78474      0.00000      0.00000      0.00000
      2.79474      0.00000      0.00000      0.00000
      2.80474      0.00000      0.00000      0.00000
      2.81474      0.00000      0.00000      0.00000
      2.82474      0.00000      0.00000      0.00000
      2.83474      0.00000      0.00000      0.00000
      2.84474      0.00000      0.00000      0.00000
      2.85474      0.00000      0.00000      0.00000
      2.86474      0.00000      0.00000      0.00000
      2.87474      0.00000      0.00000      0.00000
      2.88474      0.00000      0.00000      0.00000
      2.89474      0.00000      0.00000      0.00000
      2.90474      0.00000      0.00000      0.00000
      2.91474      0.00000      0.00000      0.00000
      2.92474      0.00000      0.00000      0.00000
      2.93474      0.00000      0.00000      0.00000
      2.94474      0.00000      0.00000      0.00000
      2.95474      0.00000      0.00000      0.00000
      2.96474      0.00000      0.00000      0.00000
      2.97474      0.00000      0.00000      0.00000
      2.98474      0.00000      0.00000      0.00000
      2.99474      0.00000      0.00000      0.00000
      3.00474      0.00000      0.00000      0.00000
      3.01474      0.00000      0.00000      0.00000
      3.02474      0.00000      0.00000      0.00000
      3.03474      0.00000      0.00000      0.00000
      3.04474      0.00000      0.00000      0.00000
      3.05474      0.00000      0.00000      0.00000
      3.06474      0.00000      0.00000      0.00000
      3.07474      0.00000      0.00000      0.00000
      3.08474      0.00000      0.00000      0.00000
      3.09474      0.00000      0.00000      0.00000
      3.10474      0.00000      0.00000      0.00000
      3.11474      0.00000      0.00000      0.00000
      3.12474      0.00000      0.00000      0.00000
      3.13474      0.00000      0.00000      0.00000
      3.14474      0.00000      0.00000      0.00000
      3.15474      0.00000      0.00000      0.00000
      3.16474      0.00000      0.00000      0.00000
      3.17474      0.00000      0.00000      0.00000
      3.18474      0.00000      0.00000      0.00000
      3.19474      0.00000      0.00000      0.00000
      3.20474      0.00000      0.00000      0.00000
      3.21474      0.00000      0.00000      0.00000
      3.22474      0.00000      0.00000      0.00000
      3.23474      0.00000      0.00000      0.00000
      3.24474      0.00000      0.00000      0.00000
      3.25474      0.00000      0.00000      0.00000
      3.26474      0.00000      0.00000      0.00000
      3.27474      0.00000      0.00000      0.00000
      3.28474      0.00000      0.00000      0.00000
      3.29474      0.00000      0.00000      0.00000
      3.30474      0.00000      0.00000      0.00000
      3.31474      0.00000      0.00000      0.00000
      3.32474      0.00000      0.00000      0.00000
      3.33474      0.00000      0.00000      0.00000
      3.34474      0.00000      0.00000      0.00000
      3.35474      0.00000      0.00000      0.00000
      3.36474      0.00000      0.00000      0.00000
      3.37474      0.00000      0.00000      0.00000
      3.38474      0.00000      0.00000      0.00000
      3.39474      0.00000      0.00000      0.00000
      3.40474      0.00000      0.00000      0.00000
      3.41474      0.00000      0.00000      0.00000
      3.42474      0.00000      0.00000      0.00000
      3.43474      0.00000      0.00000      0.00000
      3.44474      0.00000      0.00000      0.00000
      3.45474      0.00000      0.00000      0.00000
      3.46474      0.00000      0.00000      0.00000
      3.47474      0.00000      0.00000      0.00000
      3.48474      0.00000      0.00000      0.00000
      3.49474      0.00000      0.00000      0.00000
      3.50474      0.00000      0.00000      0.00000
      3.51474      0.00000      0.00000      0.00000
      3.52474      0.00000      0.00000      0.00000
      3.53474      0.00000      0.00000      0.00000
      3.54474      0.00000      0.00000      0.00000
      3.55474      0.00000      0.00000      0.00000
      3.56474      0.00000      0.00000      0.00000
      3.57474      0.00000      0.00000      0.00000
      3.58474      0.00000      0.00000      0.00000
      3.59474      0.00000      0.00000      0.00000
      3.60474      0.00000      0.00000      0.00000
      3.61474      0.00000      0.00000      0.00000
      3.62474      0.00000      0.00000      0.00000
      3.63474      0.00000      0.00000      0.00000
      3.64474      0.00000      0.00000      0.00000
      3.65474      0.00000      0.00000      0.00000
      3.66474      0.00000      0.00000      0.00000
      3.67474      0.00000      0.00000      0.00000
      3.68474      0.00000      0.00000      0.00000
      3.69474      0.00000      0.00000      0.00000
      3.70474      0.00000      0.00000      0.00000
      3.71474      0.00000      0.00000      0.00000
      3.72474      0.00000      0.00000      0.00000
      3.73474      0.00000      0.00000      0.00000
      3.74474      0.00000      0.00000      0.00000
      3.75474      0.00000      0.00000      0.00000
      3.76474      0.00000      0.00000      0.00000
      3.77474      0.00000      0.00000      0.00000
      3.78474      0.00000      0.00000      0.00000
      3.79474      0.00000      0.00000      0.00000
      3.80474      0.00000      0.00000      0.00000
      3.81474      0.00000      0.00000      0.00000
      3.82474      0.00000      0.00000      0.00000
      3.83474      0.00000      0.00000      0.00000
      3.84474      0.00000      0.00000      0.00000
      3.85474      0.00000      0.00000      0.00000
      3.86474      0.00000      0.00000      0.00000
      3.87474      0.00000      0.00000      0.00000
      3.88474      0.00000      0.00000      0.00000
      3.89474      0.00000      0.00000      0.00000
      3.90474      0.00000      0.00000      0.00000
      3.91474      0.00000      0.00000      0.00000
      3.92474      0.00000      0.00000      0.00000
      3.93474      0.00000      0.00000      0.00000
      3.94474      0.00000      0.00000      0.00000
      3.95474      0.00000      0.00000      0.00000
      3.96474      0.00000      0.00000      0.00000
      3.97474      0.00000      0.00000      0.00000
      3.98474      0.01303      0.00017      0.01286
      3.99474      0.51450      0.00655      0.50795
      4.00474      7.47512      0.09514      7.37998
      4.01474     39.95376      0.50852     39.44524
      4.02474     78.56024      0.99989     77.56034
      4.03474     56.82683      0.72328     56.10355
      4.04474     15.12201      0.19247     14.92954
      4.05474      1.48037      0.01884      1.46153
      4.06474      0.05331      0.00068      0.05264
      4.07474      0.00383      0.00007      0.00376
      4.08474      0.17133      0.00317      0.16816
      4.09474      3.45951      0.06408      3.39544
      4.10474     25.69823      0.47597     25.22226
      4.11474     70.22591      1.30069     68.92522
      4.12474     70.59874      1.30759     69.29115
      4.13474     26.10971      0.48359     25.62612
      4.14474      3.55233      0.06579      3.48653
      4.15474      0.17780      0.00329      0.17451
      4.16474      0.00327      0.00006      0.00321
      4.17474      0.00000      0.00000      0.00000
      4.18474      0.00422      0.00009      0.00413
      4.19474      0.24805      0.00535      0.24270
      4.20474      5.41279      0.11891      5.29388
      4.21474     43.84797      0.98095     42.86702
      4.22474    131.91199      3.00593    128.90606
      4.23474    147.40573      3.42099    143.98474
      4.24474     61.18554      1.44554     59.74001
      4.25474      9.43228      0.22668      9.20560
      4.26474      0.53985      0.01318      0.52666
      4.27474      0.01147      0.00028      0.01118
      4.28474      0.00000      0.00000      0.00000
      4.29474      0.00000      0.00000      0.00000
      4.30474      0.00000      0.00000      0.00000
      4.31474      0.01419      0.00055      0.01364
      4.32474      0.54903      0.02112      0.52792
      4.33474      7.81486      0.30060      7.51426
      4.34474     40.92120      1.57406     39.34715
      4.35474     78.82812      3.03216     75.79596
      4.36474     55.86239      2.14878     53.71361
      4.37474     14.58077      0.56056     14.02021
      4.38474      2.03623      0.06738      1.96884
      4.39474      8.71901      0.18704      8.53196
      4.40474     43.23996      0.92342     42.31654
      4.41474     79.33375      1.69421     77.63954
      4.42474     53.54791      1.14354     52.40437
      4.43474     13.29636      0.28395     13.01241
      4.44474      1.22043      0.02624      1.19419
      4.45474      0.31940      0.01528      0.30412
      4.46474      4.88324      0.25254      4.63071
      4.47474     31.48348      1.62826     29.85522
      4.48474     74.68053      3.86231     70.81822
      4.49474     65.16848      3.37037     61.79811
      4.50474     20.92056      1.08197     19.83860
      4.51474      2.47175      0.12877      2.34298
      4.52474      0.19345      0.08493      0.10851
      4.53474      2.52913      2.33008      0.19905
      4.54474     27.29073     25.15898      2.13175
      4.55474    108.40752     99.93952      8.46800
      4.56474    158.41970    146.04511     12.37459
      4.57474     85.16823     78.51501      6.65322
      4.58474     17.00900     15.64099      1.36801
      4.59474      5.20664      3.66219      1.54445
      4.60474     35.83279     20.88429     14.94851
      4.61474    120.81734     63.42513     57.39221
      4.62474    155.67534     72.42411     83.25123
      4.63474    105.70547     45.82640     59.87907
      4.64474    157.41069     84.28833     73.12236
      4.65474    237.90546    144.79377     93.11170
      4.66474    146.41119     97.11474     49.29645
      4.67474     42.56517     31.89155     10.67361
      4.68474     62.67753     55.97163      6.70590
      4.69474    147.30635    132.55887     14.74748
      4.70474    133.41738    120.06677     13.35061
      4.71474     45.32178     40.78415      4.53763
      4.72474     17.32188     15.42821      1.89367
      4.73474     67.72782     57.54540     10.18242
      4.74474    168.81542    128.10306     40.71236
      4.75474    201.46365    121.53441     79.92925
      4.76474    117.76025     51.14427     66.61598
      4.77474     46.97024     23.87438     23.09586
      4.78474     63.30553     54.99671      8.30881
      4.79474     85.21522     76.99985      8.21537
      4.80474     77.18799     69.67551      7.51248
      4.81474     86.70043     78.09922      8.60120
      4.82474     73.12856     65.94563      7.18293
      4.83474     73.15132     66.24729      6.90403
      4.84474     79.67992     72.26064      7.41928
      4.85474     38.99981     35.35499      3.64481
      4.86474     10.94139      9.30441      1.63698
      4.87474     37.76083     26.32865     11.43218
      4.88474    144.49718     93.63382     50.86335
      4.89474    228.95961    141.34909     87.61052
      4.90474    160.48891     90.76772     69.72119
      4.91474     93.78252     25.62114     68.16138
      4.92474     82.47919      4.88871     77.59048
      4.93474     42.31676      2.98014     39.33662
      4.94474     26.11200     17.05050      9.06150
      4.95474     73.49201     66.27381      7.21820
      4.96474    129.25538    117.16219     12.09320
      4.97474    115.86080    104.81063     11.05018
      4.98474     51.05426     46.11985      4.93441
      4.99474      9.69291      8.74567      0.94724
      5.00474      1.62133      1.22455      0.39679
      5.01474     13.52238      8.09921      5.42317
      5.02474     74.88048     41.63979     33.24069
      5.03474    155.07851     79.68677     75.39174
      5.04474    127.11572     63.23377     63.88195
      5.05474     76.71422     53.09782     23.61640
      5.06474     82.85997     72.99262      9.86735
      5.07474     54.11214     48.81211      5.30003
      5.08474     13.64029     12.32383      1.31646
      5.09474      3.91342      3.55195      0.36147
      5.10474     21.97915     19.99091      1.98824
      5.11474     66.36491     60.36230      6.00261
      5.12474     73.87474     67.19279      6.68195
      5.13474     30.84910     28.05560      2.79350
      5.14474     12.95651     11.73413      1.22239
      5.15474     43.08269     38.69173      4.39097
      5.16474     84.56705     71.98125     12.58580
      5.17474     87.55610     51.34896     36.20714
      5.18474     90.96128     17.93452     73.02675
      5.19474     83.92200     11.67485     72.24715
      5.20474    108.81241     36.37030     72.44211
      5.21474    159.04168     73.14214     85.89954
      5.22474    104.44005     56.23248     48.20757
      5.23474     26.29621     16.01192     10.28429
      5.24474      3.57097      2.64686      0.92411
      5.25474     12.46458     11.16744      1.29714
      5.26474     53.94359     46.68345      7.26014
      5.27474    100.19902     72.59947     27.59955
      5.28474    110.02321     42.78609     67.23712
      5.29474     85.14507     11.35059     73.79447
      5.30474     42.23989     10.20709     32.03280
      5.31474     52.59547     41.50588     11.08958
      5.32474     99.47830     73.45560     26.02270
      5.33474    114.89028     50.22679     64.66349
      5.34474     87.95116     15.26448     72.68668
      5.35474     34.41193      2.88124     31.53070
      5.36474      7.65538      2.36107      5.29432
      5.37474     20.05867     17.86637      2.19230
      5.38474     63.71929     57.59022      6.12907
      5.39474     76.42080     68.42494      7.99586
      5.40474     43.34119     30.75733     12.58386
      5.41474     53.61823      9.79312     43.82511
      5.42474     92.25308     18.15090     74.10218
      5.43474    100.87819     50.86784     50.01035
      5.44474     91.02609     73.31428     17.71180
      5.45474     48.26140     41.46120      6.80020
      5.46474     28.75128      9.65940     19.09188
      5.47474     80.30935      5.11868     75.19067
      5.48474    143.36338      9.22453    134.13886
      5.49474    138.99530     13.75620    125.23909
      5.50474    167.91283     37.84031    130.07253
      5.51474    240.66148     77.13727    163.52421
      5.52474    162.16960     62.63733     99.53227
      5.53474     43.27226     19.09038     24.18188
      5.54474     18.91039      4.69889     14.21150
      5.55474     69.52385     19.14185     50.38200
      5.56474    137.75124     59.66092     78.09032
      5.57474    121.53265     74.51758     47.01507
      5.58474     47.15814     35.59728     11.56087
      5.59474      7.59816      6.36342      1.23474
      5.60474      0.49457      0.42317      0.07140
      5.61474      0.59142      0.09676      0.49466
      5.62474      9.00983      1.85150      7.15833
      5.63474     54.73925     16.20883     38.53042
      5.64474    134.04022     56.43098     77.60923
      5.65474    135.26797     75.91942     59.34855
      5.66474     56.28750     38.64651     17.64099
      5.67474     10.10159      7.52066      2.58094
      5.68474     11.22885      3.93994      7.28891
      5.69474     64.53758     25.05527     39.48231
      5.70474    152.34803     68.44223     83.90580
      5.71474    162.92962     70.88371     92.04591
      5.72474    144.98822     31.98380    113.00442
      5.73474    144.55459     12.88109    131.67350
      5.74474     90.17371      6.78852     83.38519
      5.75474     26.01119      2.03386     23.97732
      5.76474      3.70136      0.81940      2.88196
      5.77474      8.79667      7.82942      0.96724
      5.78474     43.26914     39.02263      4.24651
      5.79474     80.95369     71.71401      9.23969
      5.80474     69.70880     49.11314     20.59566
      5.81474     73.54933     14.79664     58.75269
      5.82474     97.41096      6.58149     90.82946
      5.83474    108.19946     14.84276     93.35671
      5.84474    128.94868     46.89036     82.05831
      5.85474    116.29756     74.97696     41.32060
      5.86474     58.29371     47.65088     10.64283
      5.87474     13.04440     11.38408      1.66032
      5.88474      4.06938      1.23006      2.83931
      5.89474     23.41045      1.84007     21.57038
      5.90474     68.73503      5.93770     62.79733
      5.91474     82.93120     14.86289     68.06831
      5.92474     76.40249     45.04383     31.35866
      5.93474     92.85973     73.41786     19.44187
      5.94474     93.86438     48.31834     45.54604
      5.95474     90.83672     16.09832     74.73841
      5.96474     53.86758      4.71010     49.15748
      5.97474     15.45136      1.22531     14.22605
      5.98474     24.59666      3.98469     20.61197
      5.99474     88.46401     25.23496     63.22906
      6.00474    144.88521     67.35933     77.52588
      6.01474    118.25267     80.11149     38.14118
      6.02474     88.40203     77.35411     11.04791
      6.03474     93.14116     87.02471      6.11646
      6.04474     89.66928     84.52779      5.14148
      6.05474    103.16107     86.80825     16.35282
      6.06474    108.60513     54.45513     54.15001
      6.07474     90.56487     17.18511     73.37977
      6.08474     40.85830      3.75453     37.10377
      6.09474      7.51632      0.58258      6.93374
      6.10474      2.30490      1.24749      1.05741
      6.11474     21.45194     13.45120      8.00074
      6.12474     95.53533     55.05281     40.48252
      6.13474    160.77154     83.27534     77.49621
      6.14474    119.15721     48.22546     70.93175
      6.15474     99.33218     23.71402     75.61816
      6.16474    131.03308     51.90647     79.12661
      6.17474    127.62413     82.21200     45.41214
      6.18474    129.91087     85.33507     44.57580
      6.19474    166.20308     90.98777     75.21532
      6.20474    113.83858     56.52575     57.31283
      6.21474     30.21549     13.92568     16.28981
      6.22474      3.13698      1.28451      1.85248
      6.23474      3.36490      0.24401      3.12089
      6.24474     24.97366      1.54309     23.43057
      6.25474     73.40556      4.56606     68.83949
      6.26474     99.98597      6.62054     93.36542
      6.27474    104.27337     11.04890     93.22447
      6.28474    103.10515     33.21601     69.88914
      6.29474     98.27897     69.23339     29.04558
      6.30474     68.62398     59.77013      8.85385
      6.31474     23.20521     21.01694      2.18827
      6.32474     20.29796     19.07938      1.21859
      6.33474     67.32205     63.35281      3.96924
      6.34474    115.56674    107.53633      8.03040
      6.35474    114.46061    104.64845      9.81216
      6.36474     64.83446     58.60911      6.22535
      6.37474     16.77331     14.92055      1.85276
      6.38474      5.91857      1.85711      4.06146
      6.39474     30.45918      3.50299     26.95619
      6.40474     90.72007     18.46765     72.25242
      6.41474    151.82402     57.17658     94.64743
      6.42474    185.35725     81.69267    103.66458
      6.43474    167.16535     58.64464    108.52071
      6.44474    163.27757     61.72052    101.55704
      6.45474    138.22948     74.73624     63.49324
      6.46474     57.85592     39.41418     18.44174
      6.47474     12.02461      7.91857      4.10604
      6.48474     18.91692      1.60742     17.30950
      6.49474     62.34488      4.06478     58.28010
      6.50474     86.70593     12.71643     73.98949
      6.51474     92.52995     48.66031     43.86964
      6.52474    156.79877    111.00806     45.79070
      6.53474    202.98648    121.07151     81.91497
      6.54474    138.76445     64.56347     74.20097
      6.55474     68.54091     38.13848     30.40244
      6.56474     77.78477     63.50528     14.27949
      6.57474     67.57288     57.41221     10.16068
      6.58474     24.49218     19.52755      4.96463
      6.59474     22.94286      3.86834     19.07452
      6.60474     90.51994      7.55997     82.95997
      6.61474    156.44292     15.15386    141.28906
      6.62474    112.21244     18.99058     93.22186
      6.63474     70.45019     43.14306     27.30713
      6.64474     82.03653     72.43291      9.60362
      6.65474     52.64079     47.68449      4.95630
      6.66474     12.77942     11.59297      1.18645
      6.67474      1.16985      1.05878      0.11107
      6.68474      1.03229      0.77876      0.25353
      6.69474     14.47797      9.45093      5.02704
      6.70474     84.70098     44.54019     40.16079
      6.71474    204.80194     78.61417    126.18778
      6.72474    216.77826     53.44795    163.33030
      6.73474    138.53011     17.51555    121.01456
      6.74474     97.93288     11.70098     86.23190
      6.75474     96.39159     43.69387     52.69772
      6.76474    201.09458    122.25439     78.84019
      6.77474    285.41391    135.99654    149.41737
      6.78474    193.03385     59.47482    133.55903
      6.79474     81.85111     26.09075     55.76036
      6.80474     75.05041     50.95252     24.09788
      6.81474     75.39633     56.67563     18.72070
      6.82474     43.23680     33.46245      9.77435
      6.83474     57.89180     46.99770     10.89410
      6.84474     79.67185     64.99875     14.67311
      6.85474     45.08672     35.64139      9.44532
      6.86474     25.22473      9.14507     16.07966
      6.87474     60.70076      8.42655     52.27421
      6.88474     89.84576     18.11515     71.73061
      6.89474     88.74425     41.41842     47.32583
      6.90474     86.41114     58.38781     28.02333
      6.91474     46.23973     33.14660     13.09313
      6.92474      9.70623      7.00924      2.69699
      6.93474      1.21012      0.95542      0.25470
      6.94474      6.90961      6.21421      0.69540
      6.95474     38.21427     34.38943      3.82485
      6.96474     78.03983     70.21970      7.82013
      6.97474     60.13991     53.74568      6.39423
      6.98474     35.80994     26.58699      9.22295
      6.99474     94.10480     53.45812     40.64668
      7.00474    174.53469     92.81252     81.72217
      7.01474    162.32875     94.98400     67.34491
      7.02474    102.98349     74.44651     28.54760
      7.03474     44.19323     34.41805     10.03138
      7.04474     46.72113     28.71052     20.28387
      7.05474    128.64567     76.00175     60.07435
      7.06474    154.22644     93.12267     70.29597
      7.07474    100.09799     65.36613     41.37716
      7.08474    146.15897    105.15951     52.03499
      7.09474    218.11607    166.42586     69.17718
      7.10474    153.82829    130.61905     36.94092
      7.11474     62.01917     58.57704      8.67876
      7.12474     76.22419     72.73329      6.87459
      7.13474    146.26744    144.58364     10.29614
      7.14474    140.31229    145.75829      6.12375
      7.15474    103.62745    112.56264      1.35178
      7.16474     86.71977     94.82851      0.35014
      7.17474     70.05581     72.38963      2.46666
      7.18474    135.43656    129.72884     12.08831
      7.19474    217.31870    198.77008     29.43384
      7.20474    182.37168    160.15993     32.05994
      7.21474    126.55033    122.32865     14.20812
      7.22474    118.66409    124.28345      3.53491
      7.23474    114.86038    116.22803      2.72354
      7.24474    109.63355    110.02806      2.92758
      7.25474    137.40711    137.32740      5.86274
      7.26474    143.99738    135.11225     13.25485
      7.27474    100.71998     70.16118     32.01210
      7.28474    105.72093     41.01115     67.10294
      7.29474    136.90768     83.25342     62.12847
      7.30474    140.23091    130.43280     24.37799
      7.31474    147.62737    131.89991     30.75590
      7.32474    181.90385     89.01326    101.93394
      7.33474    173.76114     38.69016    137.50919
      7.34474     80.35650     11.59525     69.01634
      7.35474     14.79785      1.94235     12.87112
      7.36474      2.24778      1.52487      0.89220
      7.37474     13.50781     15.29832      0.05593
      7.38474     56.33859     63.00088      0.75328
      7.39474    103.25450    107.85839      6.37367
      7.40474    133.89630    120.00285     20.24189
      7.41474    179.15330    157.93068     24.92440
      7.42474    182.25812    175.29999     12.92492
      7.43474    107.23421    106.01443      6.28543
      7.44474     62.64840     42.76994     21.48262
      7.45474    108.93694     59.08412     50.04000
      7.46474    148.04525    101.08190     46.98229
      7.47474    144.66952    109.75542     35.13782
      7.48474    192.81560    138.45259     56.10177
      7.49474    268.45666    209.03991     65.12141
      7.50474    266.22941    232.37618     43.90310
      7.51474    223.28062    184.50772     49.68443
      7.52474    212.14045    121.95947     96.08001
      7.53474    162.10151     64.76350     98.62982
      7.54474    104.40465     24.21997     80.29646
      7.55474     84.70287     11.81139     73.05421
      7.56474     51.22916     18.72826     34.28707
      7.57474     59.76149     60.62496      6.49562
      7.58474     86.32091     91.76312      5.71200
      7.59474     80.90197     56.60951     30.51202
      7.60474     86.44509     23.18793     64.53358
      7.61474     61.18627     11.03447     50.27877
      7.62474     23.31469      8.14762     15.73588
      7.63474     47.90115     37.16273     14.58028
      7.64474    132.75683     95.92427     46.42364
      7.65474    144.96121     93.17179     60.59787
      7.66474     62.03700     34.18265     30.83168
      7.67474     28.33699      7.52235     21.24087
      7.68474     70.79793     17.13001     54.57800
      7.69474    133.95489     70.19445     68.97010
      7.70474    199.11340    169.66600     40.62478
      7.71474    217.14869    200.09541     25.87595
      7.72474    153.27595    133.26300     22.57486
      7.73474    141.90984    107.72116     34.46236
      7.74474    193.22857    125.13538     68.10395
      7.75474    173.05599    105.43741     67.61874
      7.76474     79.34430     50.25884     29.08593
      7.77474     16.71555     11.21940      5.52115
      7.78474     10.58774      6.49133      4.58502
      7.79474     76.71986     43.03289     37.20010
      7.80474    243.16754    127.55135    124.90967
      7.81474    298.38074    147.55897    159.90912
      7.82474    148.57389     73.65035     78.91724
      7.83474     60.94913     50.66109     15.38276
      7.84474     83.45362     89.14656      4.92129
      7.85474     97.61576     83.33682     23.12270
      7.86474    100.46419     50.61314     52.56685
      7.87474     96.48421     48.05028     48.74076
      7.88474     93.96275     66.26260     27.71290
      7.89474     70.05124     53.49237     16.55906
      7.90474     43.66976     20.99457     22.67519
      7.91474     69.69509     14.43079     55.26430
      7.92474     73.34044     13.66595     59.67485
      7.93474     30.27864      6.22799     24.07130
      7.94474     19.28998     13.78360      5.93460
      7.95474     91.74860     82.50339     12.51226
      7.96474    220.40459    205.60838     23.96591
      7.97474    227.30281    216.62185     20.14898
      7.98474    142.87649    133.91308     12.55983
      7.99474     76.60348     69.24954      7.85663
      8.00474     29.96782     24.36791      5.63406
      8.01474     52.41953     29.37007     23.25508
      8.02474    163.90181     89.56923     76.19326
      8.03474    274.58473    158.72776    122.06593
      8.04474    219.29400    139.29506     87.62104
      8.05474     74.56145     52.48322     25.52043
      8.06474     10.09261      7.81881      2.84567
      8.07474      0.53482      0.44643      0.12333
      8.08474      0.29803      0.07037      0.22844
      8.09474      4.99140      1.05635      3.93504
      8.10474     31.88587      6.74833     25.13754
      8.11474     74.98057     15.88091     59.09966
      8.12474     66.19172     14.36880     51.82292
      8.13474     35.66909     11.57720     24.09188
      8.14474     65.46596     33.36794     32.09884
      8.15474    118.18709     74.94957     43.27726
      8.16474    123.78380    100.85487     23.64099
      8.17474     96.11114     95.38386      5.42141
      8.18474     90.29846    101.05450      0.62816
      8.19474     67.70357     77.78974      0.07059
      8.20474     23.04778     25.51792      0.86346
      8.21474     16.55322      7.74361      9.21279
      8.22474     55.43077     19.26130     36.21247
      8.23474     87.52461     35.49961     52.37124
      8.24474     85.65760     59.29805     28.11212
      8.25474    102.24443     96.74438      8.76622
      8.26474    131.89701    117.69502     16.44129
      8.27474    166.65585    137.91419     29.30646
      8.28474    117.60555     97.36929     20.28866
      8.29474     33.90225     28.54453      5.35950
      8.30474      3.76097      3.21824      0.54275
      8.31474      0.35607      0.28957      0.06650
      8.32474      3.83879      2.95679      0.88199
      8.33474     27.33560     21.05314      6.28246
      8.34474     71.65676     55.18830     16.46848
      8.35474     69.16491     53.28192     15.88437
      8.36474     26.37170     20.61673      5.79224
      8.37474     23.90115     20.62577      3.64582
      8.38474     92.89417     73.80115     20.44753
      8.39474    181.34478    125.73067     57.43614
      8.40474    178.11292    108.29371     70.72084
      8.41474     96.19583     55.35034     41.00996
      8.42474     26.16735     15.23436     10.95965
      8.43474      7.81184      6.85353      1.23403
      8.44474     31.58131     33.30075      0.06220
      8.45474     77.34827     81.33475      0.25289
      8.46474     93.54826     94.24799      3.01126
      8.47474    129.71552    117.57722     13.33333
      8.48474    159.29205    137.58976     21.84386
      8.49474     84.96708     71.74833     13.22492
      8.50474     17.61084     14.65051      2.96043
      8.51474      7.54040      7.22502      0.31538
      8.52474     36.19730     35.77381      0.42349
      8.53474     77.25358     76.34697      0.90662
      8.54474     62.57676     61.40270      1.17406
      8.55474     35.72862     31.13973      4.58889
      8.56474     63.49928     48.63938     14.85989
      8.57474     76.76031     58.29842     18.46189
      8.58474     35.10023     26.65077      8.44946
      8.59474      5.91112      4.48848      1.42267
      8.60474      0.47684      0.38389      0.09536
      8.61474      3.07332      2.85261      0.27974
      8.62474     32.90794     29.47593      3.96345
      8.63474    139.04061    119.76139     21.07416
      8.64474    237.53526    198.48019     41.81428
      8.65474    190.07501    163.21504     31.30465
      8.66474    123.89985    117.68319     13.52765
      8.67474    101.10205     78.29722     28.20835
      8.68474     94.66459     40.57163     55.58935
      8.69474     62.96862     19.63841     43.48289
      8.70474     39.62189     12.00207     27.62555
      8.71474     69.73349     21.57161     48.16196
      8.72474     72.56669     22.47996     50.08674
      8.73474     28.39536      8.79721     19.59815
      8.74474      4.13508      1.30842      2.82665
      8.75474      1.51257      1.26515      0.24741
      8.76474     13.87444     12.82481      1.04962
      8.77474     54.63401     50.50075      4.13326
      8.78474     79.71055     73.30244      6.40811
      8.79474     50.61498     41.29382      9.32116
      8.80474     56.08889     23.22900     32.85989
      8.81474    123.13242     54.78109     68.35133
      8.82474    185.39933    104.88681     80.51252
      8.83474    205.40833    119.59119     85.81714
      8.84474    194.07425    108.98751     85.08674
      8.85474    170.75106     93.18351     77.56755
      8.86474    139.01921     84.74733     54.27188
      8.87474    119.05306     77.23613     41.81693
      8.88474    106.50587     53.14759     53.35828
      8.89474     73.41276     28.94818     44.46728
      8.90474     24.70448      9.71981     15.07581
      8.91474     13.43511     12.65341      1.91127
      8.92474     47.70380     52.76441      0.08937
      8.93474     79.77912     88.41546      0.00154
      8.94474     49.22469     54.55452      0.00000
      8.95474     11.19923     12.40769      0.00138
      8.96474      1.78975      1.84462      0.04617
      8.97474     10.58419     10.01847      0.56882
      8.98474     47.84606     45.26776      2.57833
      8.99474     79.78610     75.48535      4.30074
      9.00474     49.09835     46.38528      2.71307
      9.01474     14.27707     12.11287      2.16420
      9.02474     25.58261     13.55924     12.02338
