Energy-E_F (eV)    DOS (1/eV)    PDOS (1/eV)  of atom type H  C  
     -6.84000    203.34436     10.13390    193.21046
     -6.83000    293.86089     22.76115    271.09974
     -6.82000    227.21898     22.16477    205.05421
     -6.81000    123.93389      9.46574    114.46814
     -6.80000     89.43969      2.83350     86.60619
     -6.79000     62.76526      1.29460     61.47065
     -6.78000     89.28282      1.66576     87.61706
     -6.77000    138.77788      2.85787    135.92001
     -6.76000    164.24082      7.99893    156.24189
     -6.75000    238.23867     24.49690    213.74176
     -6.74000    300.86766     38.41386    262.45381
     -6.73000    213.01293     27.48543    185.52750
     -6.72000    120.75861      9.60616    111.15245
     -6.71000     96.64984      4.33929     92.31056
     -6.70000    123.95931     10.18233    113.77697
     -6.69000    216.78878     18.31067    198.47812
     -6.68000    196.63647     13.47161    183.16486
     -6.67000     97.15892      6.81037     90.34855
     -6.66000    136.62974     15.58199    121.04775
     -6.65000    237.67482     27.66457    210.01025
     -6.64000    168.37084     18.65933    149.71152
     -6.63000     76.30467      5.17971     71.12496
     -6.62000    122.78697      2.39202    120.39495
     -6.61000    160.37111      3.70838    156.66273
     -6.60000    118.43062      9.60368    108.82694
     -6.59000    150.91798     22.84848    128.06950
     -6.58000    224.18052     30.41700    193.76352
     -6.57000    212.29369     25.98256    186.31113
     -6.56000    141.41110     15.19731    126.21380
     -6.55000    116.84042      6.23070    110.60973
     -6.54000    153.49668      3.20303    150.29365
     -6.53000    130.70300      3.76545    126.93755
     -6.52000    115.34345     13.98041    101.36304
     -6.51000    211.08947     33.85722    177.23226
     -6.50000    221.14514     32.21146    188.93368
     -6.49000    128.90900     15.42992    113.47907
     -6.48000    112.98937     10.24790    102.74147
     -6.47000    143.13003      7.41031    135.71972
     -6.46000    174.88589      5.91056    168.97532
     -6.45000    174.91567     14.46452    160.45116
     -6.44000    194.43776     29.45241    164.98534
     -6.43000    188.28673     26.06443    162.22230
     -6.42000    158.06701     16.09628    141.97073
     -6.41000    204.14091     28.71687    175.42404
     -6.40000    273.17186     43.09425    230.07761
     -6.39000    271.77563     35.07021    236.70542
     -6.38000    276.85847     24.36961    252.48887
     -6.37000    214.71162     17.07861    197.63301
     -6.36000    123.30049     12.24824    111.05224
     -6.35000     74.69201      6.19364     68.49838
     -6.34000     93.66804      4.84874     88.81930
     -6.33000    120.25030     11.33247    108.91783
     -6.32000    107.82193     15.60934     92.21259
     -6.31000     90.90383      9.11551     81.78832
     -6.30000    140.78530      4.20262    136.58268
     -6.29000    172.77273      6.71490    166.05784
     -6.28000    138.78826     13.30245    125.48581
     -6.27000    121.62269     18.35223    103.27046
     -6.26000    201.27119     30.67124    170.59995
     -6.25000    322.51257     44.53919    277.97338
     -6.24000    297.91445     41.09673    256.81772
     -6.23000    259.03387     41.21529    217.81858
     -6.22000    260.71343     38.97550    221.73793
     -6.21000    222.55619     25.84665    196.70955
     -6.20000    164.34723     13.48185    150.86537
     -6.19000    156.46525     16.28625    140.17900
     -6.18000    170.14388     22.45870    147.68518
     -6.17000    117.80114     14.58619    103.21496
     -6.16000    100.27600      9.79537     90.48063
     -6.15000    161.46911     18.26997    143.19913
     -6.14000    172.03350     19.35957    152.67393
     -6.13000    135.90059     10.23172    125.66887
     -6.12000    144.98821     12.72230    132.26591
     -6.11000    219.78436     22.99390    196.79046
     -6.10000    193.01980     17.79254    175.22726
     -6.09000     73.69059      5.35498     68.33561
     -6.08000     13.12366      0.68976     12.43390
     -6.07000     20.36412      1.00325     19.36087
     -6.06000    112.08104      7.37870    104.70234
     -6.05000    276.65067     23.91284    252.73783
     -6.04000    315.49181     35.18904    280.30277
     -6.03000    192.76638     26.84544    165.92093
     -6.02000     88.45661     12.71977     75.73684
     -6.01000    117.05214     10.67478    106.37736
     -6.00000    246.24834     18.33950    227.90884
     -5.99000    305.18790     19.50855    285.67935
     -5.98000    224.20328     12.37969    211.82359
     -5.97000     97.66888      5.34240     92.32648
     -5.96000     91.64839      9.12851     82.51988
     -5.95000    202.57802     25.05444    177.52359
     -5.94000    244.82961     34.72390    210.10571
     -5.93000    172.17564     25.04350    147.13214
     -5.92000     78.97709     10.30798     68.66911
     -5.91000     61.41582      8.26597     53.14984
     -5.90000    173.55689     25.62991    147.92697
     -5.89000    268.96158     40.71957    228.24201
     -5.88000    238.88839     34.77482    204.11356
     -5.87000    208.09238     29.51572    178.57666
     -5.86000    170.58505     24.17165    146.41339
     -5.85000    128.48764     13.60160    114.88604
     -5.84000    141.15014      9.17592    131.97422
     -5.83000    151.38047     13.20809    138.17239
     -5.82000    135.16074     20.95981    114.20094
     -5.81000    166.38274     29.78347    136.59927
     -5.80000    244.64151     31.22568    213.41582
     -5.79000    320.36189     30.11398    290.24791
     -5.78000    272.98654     24.03807    248.94848
     -5.77000    111.95015      9.86303    102.08712
     -5.76000     28.09903      2.61146     25.48757
     -5.75000     52.48364      5.31640     47.16724
     -5.74000    128.17697     13.12573    115.05124
     -5.73000    200.44830     22.10708    178.34122
     -5.72000    224.77945     24.26451    200.51494
     -5.71000    194.60647     16.73265    177.87383
     -5.70000    139.15059     12.46137    126.68922
     -5.69000    106.08758     15.76923     90.31836
     -5.68000    167.43327     25.81996    141.61331
     -5.67000    219.72094     25.23289    194.48805
     -5.66000    177.03208     19.22165    157.81043
     -5.65000    197.97170     28.03255    169.93915
     -5.64000    259.86381     33.49194    226.37188
     -5.63000    251.08696     22.80165    228.28531
     -5.62000    299.43650     23.77737    275.65913
     -5.61000    353.55924     32.23852    321.32072
     -5.60000    290.67087     31.09907    259.57180
     -5.59000    344.24097     44.27336    299.96761
     -5.58000    574.93924     75.19504    499.74420
     -5.57000    722.02648     91.72111    630.30537
     -5.56000    702.59551     90.56182    612.03368
     -5.55000    638.69290     77.35292    561.33998
     -5.54000    575.95547     61.86444    514.09104
     -5.53000    535.05243     59.46179    475.59064
     -5.52000    501.24324     55.17478    446.06846
     -5.51000    455.43626     46.54585    408.89041
     -5.50000    450.95295     44.38231    406.57064
     -5.49000    526.91389     56.68678    470.22711
     -5.48000    476.49774     58.94965    417.54809
     -5.47000    299.49186     46.29713    253.19474
     -5.46000    267.25206     47.17361    220.07845
     -5.45000    267.88699     39.12826    228.75873
     -5.44000    204.72514     22.81031    181.91483
     -5.43000    166.94543     18.77858    148.16685
     -5.42000    136.16416     23.35693    112.80723
     -5.41000     83.90056     19.58212     64.31844
     -5.40000     95.54179     25.13797     70.40382
     -5.39000    182.77532     46.12504    136.65028
     -5.38000    257.70081     52.53026    205.17054
     -5.37000    303.30143     40.18638    263.11506
     -5.36000    316.54824     38.15224    278.39599
     -5.35000    253.14727     37.58763    215.55964
     -5.34000    137.78154     21.66581    116.11573
     -5.33000     48.28954      6.70318     41.58636
     -5.32000     36.31808      1.54566     34.77243
     -5.31000     74.10321      1.52176     72.58144
     -5.30000     70.95205      1.43657     69.51548
     -5.29000     55.65302      1.73860     53.91443
     -5.28000    111.48071      6.43945    105.04126
     -5.27000    149.84746     12.37005    137.47741
     -5.26000    103.74059      9.44511     94.29548
     -5.25000     83.10421      3.75206     79.35215
     -5.24000     77.74966      1.76653     75.98313
     -5.23000     33.83662      0.71026     33.12635
     -5.22000     10.29415      0.71588      9.57827
     -5.21000     37.14667      4.19905     32.94762
     -5.20000    126.68101     11.83978    114.84123
     -5.19000    235.96051     17.42233    218.53819
     -5.18000    245.71749     16.97566    228.74183
     -5.17000    122.31773      9.05699    113.26074
     -5.16000     25.31132      2.02746     23.28386
     -5.15000      2.33346      0.17856      2.15490
     -5.14000      5.20404      0.10859      5.09545
     -5.13000     32.97831      0.67311     32.30519
     -5.12000     85.55020      2.07604     83.47416
     -5.11000    135.28098      6.40789    128.87309
     -5.10000    214.89530     17.98193    196.91337
     -5.09000    215.94072     22.91086    193.02985
     -5.08000     95.24038     11.25190     83.98849
     -5.07000     35.10987      2.44916     32.66072
     -5.06000     64.09579      1.41008     62.68571
     -5.05000     75.99893      1.53154     74.46740
     -5.04000     34.39034      0.69367     33.69667
     -5.03000     16.12731      0.45501     15.67230
     -5.02000     61.53404      2.89215     58.64189
     -5.01000    149.17142      9.63154    139.53988
     -5.00000    179.18266     12.83072    166.35194
     -4.99000    130.60420      7.23247    123.37173
     -4.98000     56.27544      1.96972     54.30572
     -4.97000     11.26590      0.28289     10.98300
     -4.96000      1.35379      0.02868      1.32511
     -4.95000      7.70956      0.16029      7.54927
     -4.94000     51.43041      1.23223     50.19818
     -4.93000    148.65936      5.07922    143.58014
     -4.92000    203.72826     11.37077    192.35750
     -4.91000    138.03980     11.64451    126.39529
     -4.90000     44.07266      4.77320     39.29946
     -4.89000     11.22726      0.84776     10.37951
     -4.88000     33.39248      0.72364     32.66884
     -4.87000     76.51081      1.62737     74.88344
     -4.86000     75.82141      2.25081     73.57060
     -4.85000     87.30561      5.22477     82.08084
     -4.84000    167.84918     11.36438    156.48480
     -4.83000    204.43178     15.36954    189.06224
     -4.82000    159.19216     12.39485    146.79731
     -4.81000    112.61537      5.59462    107.02075
     -4.80000     60.81015      1.71003     59.10013
     -4.79000     15.35312      0.34160     15.01151
     -4.78000      4.27917      0.08819      4.19098
     -4.77000     26.32083      0.54181     25.77902
     -4.76000    101.32625      2.42119     98.90506
     -4.75000    179.99209      6.85716    173.13493
     -4.74000    172.02042     12.02585    159.99457
     -4.73000    103.55805     10.34694     93.21111
     -4.72000    103.30957      7.29072     96.01884
     -4.71000    244.82798     11.03062    233.79737
     -4.70000    424.57304     14.72160    409.85144
     -4.69000    500.91278     14.83259    486.08019
     -4.68000    463.32925     12.51972    450.80954
     -4.67000    447.35429     11.86314    435.49115
     -4.66000    425.12164     15.20284    409.91881
     -4.65000    362.32189     18.72364    343.59825
     -4.64000    276.46303     14.25766    262.20537
     -4.63000    211.30450      7.68960    203.61490
     -4.62000    160.97506      4.67877    156.29629
     -4.61000    131.67697      3.70997    127.96699
     -4.60000    153.42437      4.87875    148.54562
     -4.59000    230.36521      9.10422    221.26099
     -4.58000    273.75560     12.12446    261.63114
     -4.57000    260.67676     14.05195    246.62481
     -4.56000    261.84953     16.28223    245.56730
     -4.55000    200.28255     10.76798    189.51458
     -4.54000    109.06560      4.13812    104.92748
     -4.53000     91.28391      2.60616     88.67775
     -4.52000     82.67981      2.13970     80.54010
     -4.51000     96.12675      2.12591     94.00084
     -4.50000    151.95231      3.69961    148.25271
     -4.49000    195.96359      7.05387    188.90971
     -4.48000    221.70555     13.57497    208.13058
     -4.47000    246.16604     18.05239    228.11364
     -4.46000    231.89139     13.80161    218.08978
     -4.45000    159.95736      6.53499    153.42237
     -4.44000     94.41780      2.72571     91.69209
     -4.43000     82.00146      2.19305     79.80841
     -4.42000     82.19404      2.23117     79.96287
     -4.41000     69.23184      2.20515     67.02669
     -4.40000    140.55107      6.70809    133.84298
     -4.39000    248.91672     14.40641    234.51031
     -4.38000    233.97942     13.26146    220.71796
     -4.37000    121.77422      5.62647    116.14775
     -4.36000     82.72774      3.55576     79.17199
     -4.35000    146.16708      7.07701    139.09007
     -4.34000    139.32509      7.05975    132.26534
     -4.33000     69.91567      3.12906     66.78660
     -4.32000     98.67750      3.58647     95.09103
     -4.31000    216.10586     10.59276    205.51310
     -4.30000    301.38716     16.06067    285.32649
     -4.29000    241.30200     10.54847    230.75353
     -4.28000    125.53675      3.65672    121.88003
     -4.27000    112.25387      2.53740    109.71647
     -4.26000    152.75645      3.26099    149.49546
     -4.25000    119.99915      2.84157    117.15758
     -4.24000    119.42753      5.07053    114.35700
     -4.23000    225.89901     11.72531    214.17370
     -4.22000    332.75161     17.87069    314.88093
     -4.21000    329.19904     15.73508    313.46396
     -4.20000    170.23637      6.60980    163.62657
     -4.19000     57.04186      1.70168     55.34019
     -4.18000     70.40747      1.80644     68.60103
     -4.17000    100.04573      2.37248     97.67325
     -4.16000    109.96865      2.29276    107.67589
     -4.15000    134.96944      4.09673    130.87271
     -4.14000    198.34345     10.70704    187.63641
     -4.13000    266.32525     16.90032    249.42492
     -4.12000    259.46951     14.43162    245.03789
     -4.11000    189.25361      7.81919    181.43441
     -4.10000    136.54763      3.54802    132.99960
     -4.09000    138.29245      2.89478    135.39768
     -4.08000    117.21510      2.73062    114.48448
     -4.07000     74.64298      2.61184     72.03114
     -4.06000    113.42594      7.08372    106.34222
     -4.05000    198.53267     13.44927    185.08339
     -4.04000    208.82322     11.25002    197.57320
     -4.03000    177.56749      5.93121    171.63629
     -4.02000    167.26684      5.65575    161.61108
     -4.01000    183.84501      7.33635    176.50866
     -4.00000    157.67562      5.57999    152.09563
     -3.99000    164.86139      4.85330    160.00809
     -3.98000    186.29318      8.00875    178.28442
     -3.97000    180.46935     12.53784    167.93151
     -3.96000    181.77671     11.16171    170.61500
     -3.95000    164.65416      5.81981    158.83435
     -3.94000    145.63740      3.50278    142.13462
     -3.93000    109.12898      2.60530    106.52368
     -3.92000     71.08865      2.76629     68.32236
     -3.91000     90.47879      5.46676     85.01203
     -3.90000    134.88027      9.04801    125.83227
     -3.89000    174.42914     12.93177    161.49736
     -3.88000    130.02534     10.39855    119.62679
     -3.87000     39.70783      3.36665     36.34118
     -3.86000      4.56500      0.40722      4.15778
     -3.85000      0.38736      0.02255      0.36481
     -3.84000      4.13421      0.12006      4.01415
     -3.83000     35.51755      1.44173     34.07582
     -3.82000    130.87448      7.49468    123.37980
     -3.81000    216.56999     15.98035    200.58964
     -3.80000    158.46973     13.34143    145.12830
     -3.79000     49.54409      4.26515     45.27893
     -3.78000     22.34250      0.82125     21.52126
     -3.77000     82.03664      1.57412     80.46252
     -3.76000    170.31223      3.28809    167.02414
     -3.75000    204.03408      4.94027    199.09382
     -3.74000    249.36547     10.12872    239.23675
     -3.73000    274.97366     14.94285    260.03081
     -3.72000    201.85043     11.44549    190.40494
     -3.71000    141.36958      7.26974    134.09984
     -3.70000    149.84596      5.33756    144.50840
     -3.69000    177.36859      4.11765    173.25094
     -3.68000    146.18197      3.16129    143.02068
     -3.67000    138.97607      5.09838    133.87769
     -3.66000    184.77610     11.31014    173.46596
     -3.65000    181.97850     12.37923    169.59928
     -3.64000    126.04844      6.25576    119.79268
     -3.63000    121.76861      3.92371    117.84491
     -3.62000    134.11601      5.34209    128.77392
     -3.61000    142.02273      5.47677    136.54597
     -3.60000    187.54899      5.77803    181.77096
     -3.59000    238.26628     10.27922    227.98706
     -3.58000    210.60283     13.43193    197.17090
     -3.57000     99.36754      7.69756     91.66999
     -3.56000     34.82096      2.01706     32.80389
     -3.55000     77.55387      1.90704     75.64683
     -3.54000    177.48117      4.85047    172.63071
     -3.53000    235.18615      8.12603    227.06012
     -3.52000    224.44256     10.96522    213.47734
     -3.51000    191.29278     13.47743    177.81535
     -3.50000    148.56608      9.96443    138.60165
     -3.49000     97.46477      3.96001     93.50476
     -3.48000     62.34357      1.45507     60.88850
     -3.47000     81.59361      1.66720     79.92641
     -3.46000    104.85496      3.36394    101.49102
     -3.45000    191.57529     10.15828    181.41701
     -3.44000    310.17079     17.76475    292.40604
     -3.43000    254.94656     13.15521    241.79134
     -3.42000    141.80588      4.96843    136.83745
     -3.41000     67.11104      1.56169     65.54935
     -3.40000     23.20086      0.58250     22.61836
     -3.39000     50.42459      2.33618     48.08841
     -3.38000    174.14766      9.65354    164.49411
     -3.37000    321.35286     17.54896    303.80390
     -3.36000    300.84280     14.02309    286.81972
     -3.35000    132.23477      5.04344    127.19134
     -3.34000     58.00712      1.53412     56.47300
     -3.33000     81.70886      2.10179     79.60707
     -3.32000     86.89905      4.49895     82.40010
     -3.31000    119.60209     10.40203    109.20006
     -3.30000    210.31142     13.58976    196.72167
     -3.29000    255.26642     10.56697    244.69945
     -3.28000    182.51252      5.97595    176.53656
     -3.27000    123.72602      3.25806    120.46796
     -3.26000    142.09786      4.45632    137.64153
     -3.25000    161.75662      9.40779    152.34883
     -3.24000    136.30962     12.17101    124.13861
     -3.23000    113.25904      8.27252    104.98652
     -3.22000    196.41963      7.08365    189.33598
     -3.21000    233.81862      6.87702    226.94160
     -3.20000    155.74194      4.98727    150.75467
     -3.19000    151.10410      8.54519    142.55891
     -3.18000    174.83471     12.86414    161.97057
     -3.17000    148.78449      9.13373    139.65076
     -3.16000    111.80547      4.73206    107.07341
     -3.15000    124.50654      4.89589    119.61065
     -3.14000    181.61574      6.71035    174.90539
     -3.13000    229.00534     11.15250    217.85285
     -3.12000    200.80361     13.33235    187.47125
     -3.11000    183.69902      9.02894    174.67008
     -3.10000    200.68048      6.04775    194.63272
     -3.09000    195.91978      6.61336    189.30642
     -3.08000    195.50505      9.24041    186.26464
     -3.07000    180.64155     12.72647    167.91508
     -3.06000    174.39252     11.76461    162.62791
     -3.05000    195.91895      7.50090    188.41806
     -3.04000    326.54949      9.29603    317.25346
     -3.03000    374.51899     12.43201    362.08698
     -3.02000    236.28099     13.37895    222.90204
     -3.01000    119.30426     12.22230    107.08196
     -3.00000     55.92483      6.01852     49.90631
     -2.99000     69.22810      2.67114     66.55695
     -2.98000    148.53349      5.59790    142.93559
     -2.97000    181.51857     11.38571    170.13286
     -2.96000    132.52271     12.89660    119.62610
     -2.95000     55.71634      6.64364     49.07270
     -2.94000     27.90504      2.20507     25.69997
     -2.93000     91.72317      5.03966     86.68351
     -2.92000    216.21987     12.63977    203.58010
     -2.91000    257.60708     14.44374    243.16334
     -2.90000    163.24618      7.42082    155.82536
     -2.89000     82.25538      3.51410     78.74127
     -2.88000    112.29344      7.78259    104.51084
     -2.87000    145.72092     13.30612    132.41480
     -2.86000     90.30661      9.76256     80.54405
     -2.85000     49.70686      4.03749     45.66938
     -2.84000    120.31924      6.53733    113.78191
     -2.83000    230.91604     13.70811    217.20793
     -2.82000    231.70556     13.27614    218.42942
     -2.81000    165.63649      6.93114    158.70535
     -2.80000    142.86265      7.02453    135.83812
     -2.79000    145.83511     12.08895    133.74616
     -2.78000    113.70991     11.64031    102.06959
     -2.77000    103.51575      7.25372     96.26203
     -2.76000    166.43557      9.15634    157.27924
     -2.75000    215.11416     13.99689    201.11726
     -2.74000    202.40525     12.41283    189.99242
     -2.73000    201.09737      9.04235    192.05502
     -2.72000    200.52038     11.72869    188.79170
     -2.71000    184.37116     14.06967    170.30149
     -2.70000    144.30996     10.19566    134.11430
     -2.69000    169.27107     11.58935    157.68172
     -2.68000    252.13942     16.14994    235.98949
     -2.67000    247.83203     13.68921    234.14281
     -2.66000    250.44804     14.61425    235.83379
     -2.65000    320.79139     18.22354    302.56785
     -2.64000    331.71799     16.91458    314.80341
     -2.63000    258.48433     16.63047    241.85386
     -2.62000    159.25841     14.00850    145.24992
     -2.61000    139.03596     12.49443    126.54153
     -2.60000    175.64218     14.39970    161.24249
     -2.59000    152.16904     13.96743    138.20161
     -2.58000    151.10929     15.01140    136.09789
     -2.57000    189.77113     16.24159    173.52955
     -2.56000    190.88988     17.98238    172.90750
     -2.55000    170.17099     20.27901    149.89198
     -2.54000    208.52734     24.92956    183.59778
     -2.53000    276.16826     29.14628    247.02199
     -2.52000    242.11399     24.29139    217.82260
     -2.51000    132.35885     11.34662    121.01223
     -2.50000     93.55226      3.09224     90.46002
     -2.49000     68.29652      0.92270     67.37382
     -2.48000     31.93115      0.38915     31.54200
     -2.47000     70.40273      1.02847     69.37426
     -2.46000    199.56803      2.98000    196.58803
     -2.45000    278.44295      4.11778    274.32517
     -2.44000    188.03068      2.70580    185.32488
     -2.43000     91.20006      1.24455     89.95550
     -2.42000    131.20336      1.72608    129.47728
     -2.41000    154.47481      2.04975    152.42506
     -2.40000     88.17386      1.26604     86.90782
     -2.39000     89.65807      1.52158     88.13649
     -2.38000    155.39651      2.51757    152.87893
     -2.37000    192.34163      2.97491    189.36672
     -2.36000    187.38406      3.64415    183.73990
     -2.35000    190.18523      5.04996    185.13527
     -2.34000    149.90429      4.14941    145.75488
     -2.33000    142.61793      2.78086    139.83707
     -2.32000    230.59383      3.65947    226.93436
     -2.31000    187.31352      2.93407    184.37944
     -2.30000     62.44078      1.02708     61.41370
     -2.29000     68.43315      1.82540     66.60776
     -2.28000    359.84883     10.35105    349.49779
     -2.27000    931.44219     27.30242    904.13978
     -2.26000   1234.39100     35.96839   1198.42261
     -2.25000   1012.14780     28.98555    983.16225
     -2.24000    633.64602     18.28580    615.36022
     -2.23000    427.27364     12.13257    415.14106
     -2.22000    459.23871     12.30938    446.92933
     -2.21000    490.08698     12.97562    477.11136
     -2.20000    396.41415     10.15808    386.25607
     -2.19000    396.85218      9.96696    386.88522
     -2.18000    500.65185     13.28172    487.37013
     -2.17000    466.72671     12.40238    454.32433
     -2.16000    292.43669      7.10868    285.32801
     -2.15000    146.24360      2.96604    143.27757
     -2.14000     97.49333      1.47780     96.01554
     -2.13000     66.49223      0.90464     65.58759
     -2.12000     24.01432      0.32194     23.69238
     -2.11000     32.96329      0.44009     32.52320
     -2.10000    105.50817      1.42708    104.08109
     -2.09000    149.28256      2.05235    147.23021
     -2.08000     87.82928      1.22654     86.60274
     -2.07000     21.80178      0.30872     21.49305
     -2.06000     11.24214      0.16666     11.07548
     -2.05000     48.24523      0.71254     47.53269
     -2.04000    107.66626      1.53288    106.13338
     -2.03000    125.01852      1.66136    123.35716
     -2.02000     81.86434      1.02625     80.83809
     -2.01000     37.09651      0.51371     36.58280
     -2.00000     92.58446      1.68606     90.89839
     -1.99000    315.70304      6.18992    309.51312
     -1.98000    605.11521     12.29433    592.82088
     -1.97000    749.67747     15.15666    734.52081
     -1.96000    715.22236     14.02338    701.19898
     -1.95000    552.76157     10.67711    542.08446
     -1.94000    427.50493      8.23465    419.27027
     -1.93000    475.40939      9.18693    466.22245
     -1.92000    584.96420     11.38862    573.57558
     -1.91000    543.04686     10.46802    532.57884
     -1.90000    504.44174      9.22988    495.21186
     -1.89000    590.43598     10.36679    580.06918
     -1.88000    542.81477      9.60832    533.20645
     -1.87000    338.76810      6.17194    332.59616
     -1.86000    238.83985      4.40811    234.43173
     -1.85000    216.38856      3.82257    212.56599
     -1.84000    179.93011      2.74738    177.18273
     -1.83000    174.35933      2.32294    172.03639
     -1.82000    152.42543      2.10783    150.31760
     -1.81000    113.68265      1.69245    111.99020
     -1.80000     64.09061      0.96754     63.12308
     -1.79000     46.91287      0.60404     46.30883
     -1.78000    108.11169      1.30910    106.80259
     -1.77000    147.70320      1.84827    145.85492
     -1.76000     86.38142      1.11816     85.26325
     -1.75000     21.83094      0.28802     21.54292
     -1.74000     13.91773      0.16491     13.75282
     -1.73000     60.97677      0.71753     60.25925
     -1.72000    131.88405      1.59378    130.29026
     -1.71000    129.48975      1.61294    127.87681
     -1.70000     71.14871      0.88731     70.26140
     -1.69000     72.07114      0.83633     71.23480
     -1.68000    113.44240      1.29982    112.14258
     -1.67000    142.33272      1.66408    140.66864
     -1.66000    146.91573      1.77233    145.14339
     -1.65000     90.22880      1.11579     89.11301
     -1.64000     28.31862      0.35212     27.96649
     -1.63000     32.71629      0.37831     32.33797
     -1.62000    129.88208      1.50029    128.38179
     -1.61000    224.95722      2.63032    222.32690
     -1.60000    159.68452      1.89660    157.78792
     -1.59000     47.75853      0.57623     47.18230
     -1.58000     15.98325      0.19071     15.79254
     -1.57000     65.77652      0.77208     65.00444
     -1.56000    161.47176      1.88870    159.58306
     -1.55000    178.20823      2.07384    176.13439
     -1.54000    123.73938      1.43654    122.30284
     -1.53000     77.91991      0.94292     76.97699
     -1.52000     89.00185      1.13770     87.86415
     -1.51000    115.84179      1.38636    114.45543
     -1.50000    111.20212      1.19625    110.00587
     -1.49000     95.87439      1.09769     94.77670
     -1.48000    133.11224      1.72465    131.38760
     -1.47000    150.20173      1.92548    148.27625
     -1.46000     89.16953      1.05246     88.11707
     -1.45000     84.41125      0.84296     83.56828
     -1.44000    134.25910      1.47993    132.77917
     -1.43000    120.39060      1.53647    118.85413
     -1.42000     59.51222      0.81000     58.70222
     -1.41000     60.89517      0.69152     60.20365
     -1.40000    122.12399      1.20680    120.91720
     -1.39000    132.14532      1.13772    131.00760
     -1.38000     68.52958      0.52138     68.00820
     -1.37000     27.28504      0.22626     27.05879
     -1.36000     71.46520      0.66665     70.79855
     -1.35000    164.86597      1.48710    163.37887
     -1.34000    217.65361      2.11959    215.53402
     -1.33000    279.34806      3.18180    276.16627
     -1.32000    275.41321      3.19535    272.21786
     -1.31000    149.34055      1.57709    147.76347
     -1.30000     87.25521      0.92181     86.33340
     -1.29000    166.12144      2.05495    164.06649
     -1.28000    230.35733      3.07723    227.28011
     -1.27000    197.54136      2.45921    195.08216
     -1.26000    185.34947      1.74710    183.60237
     -1.25000    148.18983      1.31744    146.87238
     -1.24000    135.58342      1.52558    134.05784
     -1.23000    164.51088      1.93961    162.57126
     -1.22000    109.50065      1.12629    108.37436
     -1.21000     85.66030      0.51462     85.14568
     -1.20000    139.56455      1.11767    138.44689
     -1.19000    184.54137      2.36977    182.17160
     -1.18000    141.27551      2.24149    139.03402
     -1.17000     48.31665      0.83986     47.47679
     -1.16000     11.44355      0.22312     11.22042
     -1.15000     32.63947      0.68267     31.95679
     -1.14000     82.16110      1.66102     80.50009
     -1.13000    104.21744      1.81099    102.40645
     -1.12000     99.72477      1.33310     98.39167
     -1.11000     68.98075      0.89273     68.08802
     -1.10000     60.01047      1.12456     58.88591
     -1.09000     81.07564      1.71441     79.36123
     -1.08000     53.15220      1.12679     52.02541
     -1.07000     23.28230      0.40550     22.87679
     -1.06000     61.17838      0.85957     60.31881
     -1.05000    137.78777      2.14262    135.64514
     -1.04000    130.83715      2.27178    128.56537
     -1.03000     51.55499      0.97777     50.57723
     -1.02000     11.86735      0.24438     11.62297
     -1.01000     28.37600      0.60570     27.77031
     -1.00000     83.93480      1.69142     82.24337
     -0.99000    122.22678      2.09580    120.13098
     -0.98000    105.17018      1.43255    103.73763
     -0.97000     55.71762      0.73772     54.97991
     -0.96000     51.08496      1.02490     50.06006
     -0.95000     79.84663      1.74965     78.09698
     -0.94000     57.41741      1.23721     56.18019
     -0.93000     36.41395      0.57139     35.84255
     -0.92000     83.11776      1.10808     82.00968
     -0.91000    134.86032      2.14320    132.71712
     -0.90000    109.37880      2.06850    107.31030
     -0.89000     42.18517      0.88129     41.30389
     -0.88000     12.29235      0.26692     12.02543
     -0.87000     39.00826      0.80468     38.20358
     -0.86000    110.93372      2.07141    108.86231
     -0.85000    141.13255      2.26084    138.87171
     -0.84000     82.51680      1.13081     81.38599
     -0.83000     33.89266      0.55327     33.33939
     -0.82000     56.38918      1.25658     55.13259
     -0.81000     80.98939      1.81734     79.17206
     -0.80000     59.39027      1.14481     58.24547
     -0.79000     72.51948      0.92090     71.59858
     -0.78000    109.73898      1.54637    108.19261
     -0.77000    112.14224      2.10528    110.03696
     -0.76000     71.97077      1.56887     70.40191
     -0.75000     23.59795      0.52919     23.06875
     -0.74000     26.55798      0.50883     26.04916
     -0.73000    100.20554      1.78004     98.42550
     -0.72000    157.32018      2.62599    154.69419
     -0.71000     93.98416      1.47274     92.51142
     -0.70000     28.51990      0.48379     28.03611
     -0.69000     42.21286      0.97024     41.24263
     -0.68000     83.98003      1.90107     82.07896
     -0.67000     89.88231      1.66696     88.21535
     -0.66000     94.31727      1.19879     93.11848
     -0.65000     91.81013      1.30756     90.50257
     -0.64000     90.88227      1.89051     88.99176
     -0.63000     72.32835      1.68550     70.64285
     -0.62000     32.36560      0.69743     31.66817
     -0.61000     54.07054      0.83870     53.23183
     -0.60000    137.18274      2.23047    134.95227
     -0.59000    140.93570      2.47800    138.45770
     -0.58000     56.46349      1.07239     55.39111
     -0.57000     22.59827      0.50762     22.09065
     -0.56000     62.94686      1.41820     61.52866
     -0.55000    120.43891      2.32944    118.10947
     -0.54000    122.20088      1.81390    120.38698
     -0.53000     75.91174      1.03417     74.87757
     -0.52000     66.21815      1.42060     64.79755
     -0.51000     83.05056      2.00614     81.04442
     -0.50000     64.95698      1.32872     63.62826
     -0.49000     83.80339      1.13146     82.67193
     -0.48000    129.75426      2.05004    127.70421
     -0.47000    114.82637      2.33038    112.49599
     -0.46000     52.86660      1.22271     51.64389
     -0.45000     35.65449      0.73334     34.92115
     -0.44000    105.86856      1.93048    103.93808
     -0.43000    158.04021      2.72471    155.31551
     -0.42000     91.43672      1.51713     89.91959
     -0.41000     42.88328      0.90286     41.98042
     -0.40000     79.58494      1.87673     77.70821
     -0.39000    119.26890      2.30078    116.96812
     -0.38000    115.02195      1.62579    113.39616
     -0.37000     93.22534      1.57087     91.65447
     -0.36000     92.11831      2.18491     89.93341
     -0.35000     79.09115      1.74696     77.34419
     -0.34000     95.39250      1.43482     93.95768
     -0.33000    140.05910      2.35310    137.70600
     -0.32000    113.67966      2.38335    111.29631
     -0.31000     59.89813      1.31541     58.58272
     -0.30000     96.21224      1.73732     94.47492
     -0.29000    159.84103      2.84595    156.99508
     -0.28000    110.01571      2.02272    107.99299
     -0.27000     69.63313      1.46220     68.17093
     -0.26000    128.32850      2.54461    125.78388
     -0.25000    148.11645      2.53606    145.58039
     -0.24000    100.42479      1.79828     98.62652
     -0.23000    114.78464      2.44297    112.34167
     -0.22000    145.81273      2.61159    143.20115
     -0.21000    128.60819      2.16632    126.44187
     -0.20000    132.05599      2.67294    129.38305
     -0.19000    149.72836      2.66845    147.05991
     -0.18000    147.12134      2.51781    144.60353
     -0.17000    163.08346      3.03503    160.04842
     -0.16000    172.24904      2.85939    169.38965
     -0.15000    192.32662      3.16880    189.15783
     -0.14000    219.66825      3.50539    216.16286
     -0.13000    199.02230      3.24025    195.78205
     -0.12000    148.71981      3.11793    145.60189
     -0.11000    100.49885      2.68642     97.81243
     -0.10000     97.85205      2.85416     94.99789
     -0.09000     98.17590      2.88943     95.28647
     -0.08000    104.50084      3.08113    101.41970
     -0.07000    108.73502      3.20780    105.52722
     -0.06000    115.75780      3.41441    112.34339
     -0.05000    122.73558      3.61550    119.12008
     -0.04000    132.47789      3.89259    128.58529
     -0.03000    142.27629      4.16399    138.11230
     -0.02000    143.00262      4.16312    138.83950
     -0.01000    128.64535      3.71527    124.93008
      0.00000    103.16303      2.95586    100.20717
      0.01000     51.12512      1.46016     49.66496
      0.02000     10.91204      0.31141     10.60063
      0.03000      0.88733      0.02532      0.86201
      0.04000      0.02672      0.00076      0.02596
      0.05000      0.00000      0.00000      0.00000
      0.06000      0.00000      0.00000      0.00000
      0.07000      0.00000      0.00000      0.00000
      0.08000      0.00000      0.00000      0.00000
      0.09000      0.00000      0.00000      0.00000
      0.10000      0.00000      0.00000      0.00000
      0.11000      0.00000      0.00000      0.00000
      0.12000      0.00000      0.00000      0.00000
      0.13000      0.00000      0.00000      0.00000
      0.14000      0.00000      0.00000      0.00000
      0.15000      0.00000      0.00000      0.00000
      0.16000      0.00000      0.00000      0.00000
      0.17000      0.00000      0.00000      0.00000
      0.18000      0.00000      0.00000      0.00000
      0.19000      0.00000      0.00000      0.00000
      0.20000      0.00000      0.00000      0.00000
      0.21000      0.00000      0.00000      0.00000
      0.22000      0.00000      0.00000      0.00000
      0.23000      0.00000      0.00000      0.00000
      0.24000      0.00000      0.00000      0.00000
      0.25000      0.00000      0.00000      0.00000
      0.26000      0.00000      0.00000      0.00000
      0.27000      0.00000      0.00000      0.00000
      0.28000      0.00000      0.00000      0.00000
      0.29000      0.00000      0.00000      0.00000
      0.30000      0.00000      0.00000      0.00000
      0.31000      0.00000      0.00000      0.00000
      0.32000      0.00000      0.00000      0.00000
      0.33000      0.00000      0.00000      0.00000
      0.34000      0.00000      0.00000      0.00000
      0.35000      0.00000      0.00000      0.00000
      0.36000      0.00000      0.00000      0.00000
      0.37000      0.00000      0.00000      0.00000
      0.38000      0.00000      0.00000      0.00000
      0.39000      0.00000      0.00000      0.00000
      0.40000      0.00000      0.00000      0.00000
      0.41000      0.00000      0.00000      0.00000
      0.42000      0.00000      0.00000      0.00000
      0.43000      0.00000      0.00000      0.00000
      0.44000      0.00000      0.00000      0.00000
      0.45000      0.00000      0.00000      0.00000
      0.46000      0.00000      0.00000      0.00000
      0.47000      0.00000      0.00000      0.00000
      0.48000      0.00000      0.00000      0.00000
      0.49000      0.00000      0.00000      0.00000
      0.50000      0.00000      0.00000      0.00000
      0.51000      0.00000      0.00000      0.00000
      0.52000      0.00000      0.00000      0.00000
      0.53000      0.00000      0.00000      0.00000
      0.54000      0.00000      0.00000      0.00000
      0.55000      0.00000      0.00000      0.00000
      0.56000      0.00000      0.00000      0.00000
      0.57000      0.00000      0.00000      0.00000
      0.58000      0.00000      0.00000      0.00000
      0.59000      0.00000      0.00000      0.00000
      0.60000      0.00000      0.00000      0.00000
      0.61000      0.00000      0.00000      0.00000
      0.62000      0.00000      0.00000      0.00000
      0.63000      0.00000      0.00000      0.00000
      0.64000      0.00000      0.00000      0.00000
      0.65000      0.00000      0.00000      0.00000
      0.66000      0.00000      0.00000      0.00000
      0.67000      0.00000      0.00000      0.00000
      0.68000      0.00000      0.00000      0.00000
      0.69000      0.00000      0.00000      0.00000
      0.70000      0.00000      0.00000      0.00000
      0.71000      0.00000      0.00000      0.00000
      0.72000      0.00000      0.00000      0.00000
      0.73000      0.00000      0.00000      0.00000
      0.74000      0.00000      0.00000      0.00000
      0.75000      0.00000      0.00000      0.00000
      0.76000      0.00000      0.00000      0.00000
      0.77000      0.00000      0.00000      0.00000
      0.78000      0.00000      0.00000      0.00000
      0.79000      0.00000      0.00000      0.00000
      0.80000      0.00000      0.00000      0.00000
      0.81000      0.00000      0.00000      0.00000
      0.82000      0.00000      0.00000      0.00000
      0.83000      0.00000      0.00000      0.00000
      0.84000      0.00000      0.00000      0.00000
      0.85000      0.00000      0.00000      0.00000
      0.86000      0.00000      0.00000      0.00000
      0.87000      0.00000      0.00000      0.00000
      0.88000      0.00000      0.00000      0.00000
      0.89000      0.00000      0.00000      0.00000
      0.90000      0.00000      0.00000      0.00000
      0.91000      0.00000      0.00000      0.00000
      0.92000      0.00000      0.00000      0.00000
      0.93000      0.00000      0.00000      0.00000
      0.94000      0.00000      0.00000      0.00000
      0.95000      0.00000      0.00000      0.00000
      0.96000      0.00000      0.00000      0.00000
      0.97000      0.00000      0.00000      0.00000
      0.98000      0.00000      0.00000      0.00000
      0.99000      0.00000      0.00000      0.00000
      1.00000      0.00000      0.00000      0.00000
      1.01000      0.00000      0.00000      0.00000
      1.02000      0.00000      0.00000      0.00000
      1.03000      0.00000      0.00000      0.00000
      1.04000      0.00000      0.00000      0.00000
      1.05000      0.00000      0.00000      0.00000
      1.06000      0.00000      0.00000      0.00000
      1.07000      0.00000      0.00000      0.00000
      1.08000      0.00000      0.00000      0.00000
      1.09000      0.00000      0.00000      0.00000
      1.10000      0.00000      0.00000      0.00000
      1.11000      0.00000      0.00000      0.00000
      1.12000      0.00000      0.00000      0.00000
      1.13000      0.00000      0.00000      0.00000
      1.14000      0.00000      0.00000      0.00000
      1.15000      0.00000      0.00000      0.00000
      1.16000      0.00000      0.00000      0.00000
      1.17000      0.00000      0.00000      0.00000
      1.18000      0.00000      0.00000      0.00000
      1.19000      0.00000      0.00000      0.00000
      1.20000      0.00000      0.00000      0.00000
      1.21000      0.00000      0.00000      0.00000
      1.22000      0.00000      0.00000      0.00000
      1.23000      0.00000      0.00000      0.00000
      1.24000      0.00000      0.00000      0.00000
      1.25000      0.00000      0.00000      0.00000
      1.26000      0.00000      0.00000      0.00000
      1.27000      0.00000      0.00000      0.00000
      1.28000      0.00000      0.00000      0.00000
      1.29000      0.00000      0.00000      0.00000
      1.30000      0.00000      0.00000      0.00000
      1.31000      0.00000      0.00000      0.00000
      1.32000      0.00000      0.00000      0.00000
      1.33000      0.00000      0.00000      0.00000
      1.34000      0.00000      0.00000      0.00000
      1.35000      0.00000      0.00000      0.00000
      1.36000      0.00000      0.00000      0.00000
      1.37000      0.00000      0.00000      0.00000
      1.38000      0.00000      0.00000      0.00000
      1.39000      0.00000      0.00000      0.00000
      1.40000      0.00000      0.00000      0.00000
      1.41000      0.00000      0.00000      0.00000
      1.42000      0.00000      0.00000      0.00000
      1.43000      0.00000      0.00000      0.00000
      1.44000      0.00000      0.00000      0.00000
      1.45000      0.00000      0.00000      0.00000
      1.46000      0.00000      0.00000      0.00000
      1.47000      0.00000      0.00000      0.00000
      1.48000      0.00000      0.00000      0.00000
      1.49000      0.00000      0.00000      0.00000
      1.50000      0.00000      0.00000      0.00000
      1.51000      0.00000      0.00000      0.00000
      1.52000      0.00000      0.00000      0.00000
      1.53000      0.00000      0.00000      0.00000
      1.54000      0.00000      0.00000      0.00000
      1.55000      0.00000      0.00000      0.00000
      1.56000      0.00000      0.00000      0.00000
      1.57000      0.00000      0.00000      0.00000
      1.58000      0.00000      0.00000      0.00000
      1.59000      0.00000      0.00000      0.00000
      1.60000      0.00000      0.00000      0.00000
      1.61000      0.00000      0.00000      0.00000
      1.62000      0.00000      0.00000      0.00000
      1.63000      0.00000      0.00000      0.00000
      1.64000      0.00000      0.00000      0.00000
      1.65000      0.00000      0.00000      0.00000
      1.66000      0.00000      0.00000      0.00000
      1.67000      0.00000      0.00000      0.00000
      1.68000      0.00000      0.00000      0.00000
      1.69000      0.00000      0.00000      0.00000
      1.70000      0.00000      0.00000      0.00000
      1.71000      0.00000      0.00000      0.00000
      1.72000      0.00000      0.00000      0.00000
      1.73000      0.00000      0.00000      0.00000
      1.74000      0.00000      0.00000      0.00000
      1.75000      0.00000      0.00000      0.00000
      1.76000      0.00000      0.00000      0.00000
      1.77000      0.00000      0.00000      0.00000
      1.78000      0.00000      0.00000      0.00000
      1.79000      0.00000      0.00000      0.00000
      1.80000      0.00000      0.00000      0.00000
      1.81000      0.00000      0.00000      0.00000
      1.82000      0.00000      0.00000      0.00000
      1.83000      0.00000      0.00000      0.00000
      1.84000      0.00000      0.00000      0.00000
      1.85000      0.00000      0.00000      0.00000
      1.86000      0.00000      0.00000      0.00000
      1.87000      0.00000      0.00000      0.00000
      1.88000      0.00000      0.00000      0.00000
      1.89000      0.00000      0.00000      0.00000
      1.90000      0.00000      0.00000      0.00000
      1.91000      0.00000      0.00000      0.00000
      1.92000      0.00000      0.00000      0.00000
      1.93000      0.00000      0.00000      0.00000
      1.94000      0.00000      0.00000      0.00000
      1.95000      0.00000      0.00000      0.00000
      1.96000      0.00000      0.00000      0.00000
      1.97000      0.00000      0.00000      0.00000
      1.98000      0.00000      0.00000      0.00000
      1.99000      0.00000      0.00000      0.00000
      2.00000      0.00000      0.00000      0.00000
      2.01000      0.00000      0.00000      0.00000
      2.02000      0.00000      0.00000      0.00000
      2.03000      0.00000      0.00000      0.00000
      2.04000      0.00000      0.00000      0.00000
      2.05000      0.00000      0.00000      0.00000
      2.06000      0.00000      0.00000      0.00000
      2.07000      0.00000      0.00000      0.00000
      2.08000      0.00000      0.00000      0.00000
      2.09000      0.00000      0.00000      0.00000
      2.10000      0.00000      0.00000      0.00000
      2.11000      0.00000      0.00000      0.00000
      2.12000      0.00000      0.00000      0.00000
      2.13000      0.00000      0.00000      0.00000
      2.14000      0.00000      0.00000      0.00000
      2.15000      0.00000      0.00000      0.00000
      2.16000      0.00000      0.00000      0.00000
      2.17000      0.00000      0.00000      0.00000
      2.18000      0.00000      0.00000      0.00000
      2.19000      0.00000      0.00000      0.00000
      2.20000      0.00000      0.00000      0.00000
      2.21000      0.00000      0.00000      0.00000
      2.22000      0.00000      0.00000      0.00000
      2.23000      0.00000      0.00000      0.00000
      2.24000      0.00000      0.00000      0.00000
      2.25000      0.00000      0.00000      0.00000
      2.26000      0.00000      0.00000      0.00000
      2.27000      0.00000      0.00000      0.00000
      2.28000      0.00000      0.00000      0.00000
      2.29000      0.00000      0.00000      0.00000
      2.30000      0.00000      0.00000      0.00000
      2.31000      0.00000      0.00000      0.00000
      2.32000      0.00000      0.00000      0.00000
      2.33000      0.00000      0.00000      0.00000
      2.34000      0.00000      0.00000      0.00000
      2.35000      0.00000      0.00000      0.00000
      2.36000      0.00000      0.00000      0.00000
      2.37000      0.00000      0.00000      0.00000
      2.38000      0.00000      0.00000      0.00000
      2.39000      0.00000      0.00000      0.00000
      2.40000      0.00000      0.00000      0.00000
      2.41000      0.00000      0.00000      0.00000
      2.42000      0.00000      0.00000      0.00000
      2.43000      0.00000      0.00000      0.00000
      2.44000      0.00000      0.00000      0.00000
      2.45000      0.00000      0.00000      0.00000
      2.46000      0.00000      0.00000      0.00000
      2.47000      0.00000      0.00000      0.00000
      2.48000      0.00000      0.00000      0.00000
      2.49000      0.00000      0.00000      0.00000
      2.50000      0.00000      0.00000      0.00000
      2.51000      0.00000      0.00000      0.00000
      2.52000      0.00000      0.00000      0.00000
      2.53000      0.00000      0.00000      0.00000
      2.54000      0.00000      0.00000      0.00000
      2.55000      0.00000      0.00000      0.00000
      2.56000      0.00000      0.00000      0.00000
      2.57000      0.00000      0.00000      0.00000
      2.58000      0.00000      0.00000      0.00000
      2.59000      0.00000      0.00000      0.00000
      2.60000      0.00000      0.00000      0.00000
      2.61000      0.00000      0.00000      0.00000
      2.62000      0.00000      0.00000      0.00000
      2.63000      0.00000      0.00000      0.00000
      2.64000      0.00000      0.00000      0.00000
      2.65000      0.00000      0.00000      0.00000
      2.66000      0.00000      0.00000      0.00000
      2.67000      0.00000      0.00000      0.00000
      2.68000      0.00000      0.00000      0.00000
      2.69000      0.00000      0.00000      0.00000
      2.70000      0.00000      0.00000      0.00000
      2.71000      0.00000      0.00000      0.00000
      2.72000      0.00000      0.00000      0.00000
      2.73000      0.00000      0.00000      0.00000
      2.74000      0.00000      0.00000      0.00000
      2.75000      0.00000      0.00000      0.00000
      2.76000      0.00000      0.00000      0.00000
      2.77000      0.00000      0.00000      0.00000
      2.78000      0.00000      0.00000      0.00000
      2.79000      0.00000      0.00000      0.00000
      2.80000      0.00000      0.00000      0.00000
      2.81000      0.00000      0.00000      0.00000
      2.82000      0.00000      0.00000      0.00000
      2.83000      0.00000      0.00000      0.00000
      2.84000      0.00000      0.00000      0.00000
      2.85000      0.00000      0.00000      0.00000
      2.86000      0.00000      0.00000      0.00000
      2.87000      0.00000      0.00000      0.00000
      2.88000      0.00000      0.00000      0.00000
      2.89000      0.00000      0.00000      0.00000
      2.90000      0.00000      0.00000      0.00000
      2.91000      0.00000      0.00000      0.00000
      2.92000      0.00000      0.00000      0.00000
      2.93000      0.00000      0.00000      0.00000
      2.94000      0.00000      0.00000      0.00000
      2.95000      0.00000      0.00000      0.00000
      2.96000      0.00000      0.00000      0.00000
      2.97000      0.00000      0.00000      0.00000
      2.98000      0.00000      0.00000      0.00000
      2.99000      0.00000      0.00000      0.00000
      3.00000      0.00000      0.00000      0.00000
      3.01000      0.00000      0.00000      0.00000
      3.02000      0.00000      0.00000      0.00000
      3.03000      0.00000      0.00000      0.00000
      3.04000      0.00000      0.00000      0.00000
      3.05000      0.00000      0.00000      0.00000
      3.06000      0.00000      0.00000      0.00000
      3.07000      0.00000      0.00000      0.00000
      3.08000      0.00000      0.00000      0.00000
      3.09000      0.00000      0.00000      0.00000
      3.10000      0.00000      0.00000      0.00000
      3.11000      0.00000      0.00000      0.00000
      3.12000      0.00000      0.00000      0.00000
      3.13000      0.00000      0.00000      0.00000
      3.14000      0.00000      0.00000      0.00000
      3.15000      0.00000      0.00000      0.00000
      3.16000      0.00000      0.00000      0.00000
      3.17000      0.00000      0.00000      0.00000
      3.18000      0.00000      0.00000      0.00000
      3.19000      0.00000      0.00000      0.00000
      3.20000      0.00000      0.00000      0.00000
      3.21000      0.00000      0.00000      0.00000
      3.22000      0.00000      0.00000      0.00000
      3.23000      0.00000      0.00000      0.00000
      3.24000      0.00000      0.00000      0.00000
      3.25000      0.00000      0.00000      0.00000
      3.26000      0.00000      0.00000      0.00000
      3.27000      0.00000      0.00000      0.00000
      3.28000      0.00000      0.00000      0.00000
      3.29000      0.00000      0.00000      0.00000
      3.30000      0.00000      0.00000      0.00000
      3.31000      0.02489      0.00027      0.02462
      3.32000      0.91019      0.00987      0.90032
      3.33000     12.80409      0.13926     12.66483
      3.34000     72.01253      0.78796     71.22457
      3.35000    175.21018      1.94080    173.26938
      3.36000    218.84475      2.48696    216.35780
      3.37000    191.35722      2.27550    189.08172
      3.38000    160.12974      2.01605    158.11369
      3.39000    141.44252      1.88445    139.55807
      3.40000    129.70929      1.82503    127.88425
      3.41000    120.61247      1.78778    118.82469
      3.42000    114.72281      1.78837    112.93444
      3.43000    108.16792      1.77080    106.39712
      3.44000    106.71759      1.82978    104.88781
      3.45000    114.36797      2.05077    112.31720
      3.46000    164.27982      3.01730    161.26252
      3.47000    216.45669      4.01929    212.43740
      3.48000    226.63163      4.28880    222.34283
      3.49000    195.96131      3.79208    192.16923
      3.50000    186.45493      3.72474    182.73019
      3.51000    159.75400      3.27737    156.47663
      3.52000    164.38433      3.44956    160.93477
      3.53000    159.59179      3.43821    156.15359
      3.54000    125.39036      2.81066    122.57970
      3.55000    160.42031      3.62197    156.79833
      3.56000    145.11955      3.30067    141.81888
      3.57000    110.36327      2.73138    107.63189
      3.58000    138.79024      3.41241    135.37783
      3.59000    145.41619      3.42738    141.98881
      3.60000    124.27924      3.23029    121.04894
      3.61000    101.79236      2.82626     98.96610
      3.62000    119.12485      3.06611    116.05874
      3.63000    159.35952      4.15635    155.20317
      3.64000    110.52109      3.08599    107.43511
      3.65000     76.58095      2.37424     74.20671
      3.66000    126.30795      3.73228    122.57567
      3.67000    144.01920      3.86282    140.15637
      3.68000    112.39560      3.23613    109.15948
      3.69000     96.64855      3.32554     93.32301
      3.70000     80.73646      2.69058     78.04588
      3.71000    120.11847      3.54458    116.57389
      3.72000    157.87644      4.79053    153.08591
      3.73000     94.45023      3.09195     91.35828
      3.74000     63.47979      2.45387     61.02592
      3.75000    101.76390      3.82561     97.93830
      3.76000    125.12554      3.92605    121.19950
      3.77000    126.32889      3.84575    122.48314
      3.78000    111.39288      4.19927    107.19361
      3.79000     69.70632      2.95624     66.75009
      3.80000     61.15725      2.47521     58.68204
      3.81000    130.46946      4.76014    125.70933
      3.82000    147.78204      4.96918    142.81286
      3.83000     86.39022      3.05514     83.33508
      3.84000     78.32217      3.62808     74.69409
      3.85000     80.23198      3.82365     76.40833
      3.86000     75.19615      2.92548     72.27067
      3.87000    134.64910      4.82212    129.82699
      3.88000    145.11627      5.64211    139.47416
      3.89000     70.14751      3.05327     67.09425
      3.90000     52.32855      2.74152     49.58703
      3.91000     88.35560      4.56186     83.79374
      3.92000    102.05904      4.25755     97.80149
      3.93000    119.90021      4.16827    115.73195
      3.94000    125.93847      5.40825    120.53022
      3.95000     84.83358      4.41612     80.41746
      3.96000     41.18664      2.33375     38.85289
      3.97000     67.04127      3.68384     63.35743
      3.98000    124.34606      5.87634    118.46972
      3.99000    127.59541      4.84876    122.74665
      4.00000     94.56145      3.91101     90.65044
      4.01000     89.41608      5.11080     84.30528
      4.02000     65.89027      4.06557     61.82470
      4.03000     41.85054      2.41816     39.43239
      4.04000     97.80454      4.94348     92.86106
      4.05000    157.60702      8.87896    148.72806
      4.06000    133.14592     31.23824    101.90768
      4.07000    229.57549    158.59643     70.97906
      4.08000    495.80190    382.63124    113.17066
      4.09000    566.69020    455.22325    111.46695
      4.10000    495.68415    398.43643     97.24772
      4.11000    616.82901    448.04640    168.78261
      4.12000    754.41905    547.75945    206.65960
      4.13000    657.38502    527.05394    130.33107
      4.14000    539.72080    451.23152     88.48928
      4.15000    514.82417    401.64592    113.17825
      4.16000    482.69127    369.96962    112.72166
      4.17000    454.99169    345.84536    109.14633
      4.18000    487.42202    329.83546    157.58656
      4.19000    478.40786    315.97145    162.43641
      4.20000    395.94740    299.39473     96.55267
      4.21000    346.03601    285.16827     60.86774
      4.22000    365.82869    276.45115     89.37754
      4.23000    382.68265    267.95212    114.73053
      4.24000    376.33557    257.21828    119.11729
      4.25000    385.89990    249.44297    136.45693
      4.26000    377.39923    243.14189    134.25733
      4.27000    330.43108    234.72825     95.70283
      4.28000    279.43458    225.63220     53.80238
      4.29000    287.55792    219.79274     67.76518
      4.30000    333.50910    218.02184    115.48726
      4.31000    345.63785    210.88950    134.74835
      4.32000    326.71864    205.54637    121.17227
      4.33000    332.56575    198.69764    133.86811
      4.34000    421.01454    198.30452    222.71002
      4.35000    429.46813    191.86618    237.60194
      4.36000    374.05149    188.87337    185.17811
      4.37000    387.39368    184.34103    203.05266
      4.38000    434.03780    184.84594    249.19187
      4.39000    397.48750    178.89158    218.59592
      4.40000    325.46058    172.87467    152.58591
      4.41000    347.58757    174.99207    172.59550
      4.42000    316.22932    164.86558    151.36374
      4.43000    269.62915    170.27757     99.35158
      4.44000    299.23014    156.88843    142.34171
      4.45000    379.30408    169.53658    209.76751
      4.46000    340.55800    156.93487    183.62313
      4.47000    286.78317    156.60941    130.17376
      4.48000    296.88044    157.48279    139.39765
      4.49000    283.66813    147.79450    135.87363
      4.50000    245.92921    154.12819     91.80102
      4.51000    235.44585    144.10682     91.33903
      4.52000    321.90308    147.79806    174.10502
      4.53000    366.68440    151.01524    215.66916
      4.54000    277.48945    141.51912    135.97033
      4.55000    233.19111    140.86344     92.32767
      4.56000    374.35468    151.95218    222.40250
      4.57000    550.93156    160.39756    390.53400
      4.58000    534.88483    159.93198    374.95286
      4.59000    451.42548    159.28408    292.14141
      4.60000    464.25964    147.34133    316.91831
      4.61000    537.28450    150.70967    386.57483
      4.62000    492.50887    156.98937    335.51950
      4.63000    349.61862    133.24712    216.37151
      4.64000    316.97240    137.55900    179.41340
      4.65000    385.37020    151.50928    233.86092
      4.66000    422.30977    129.02779    293.28198
      4.67000    418.56513    136.15530    282.40983
      4.68000    391.51094    148.41648    243.09446
      4.69000    317.73406    117.67344    200.06062
      4.70000    335.46457    128.97626    206.48831
      4.71000    377.95052    150.75831    227.19221
      4.72000    331.74736    114.81185    216.93551
      4.73000    303.60314    116.26705    187.33610
      4.74000    345.39575    149.64454    195.75120
      4.75000    370.10637    120.38637    249.72001
      4.76000    343.90479    106.13426    237.77053
      4.77000    349.15169    145.43095    203.72074
      4.78000    314.54329    126.02333    188.51996
      4.79000    258.69849     91.19533    167.50316
      4.80000    311.73982    132.57316    179.16666
      4.81000    318.26775    142.23472    176.03303
      4.82000    277.20673     91.02542    186.18131
      4.83000    358.84739    109.06677    249.78063
      4.84000    361.12095    150.10502    211.01593
      4.85000    274.32755    108.40114    165.92641
      4.86000    253.69564     81.93324    171.76240
      4.87000    322.79131    135.51119    187.28012
      4.88000    318.51530    138.82164    179.69366
      4.89000    216.61174     78.19498    138.41676
      4.90000    242.01961     94.45343    147.56618
      4.91000    341.97494    149.34980    192.62514
      4.92000    366.03337    116.23537    249.79800
      4.93000    309.65243     72.33314    237.31929
      4.94000    268.68441    115.82782    152.85659
      4.95000    253.14606    145.19386    107.95221
      4.96000    169.56241     83.61614     85.94628
      4.97000    207.43433     67.99820    139.43613
      4.98000    355.10238    135.82072    219.28166
      4.99000    393.46929    142.64305    250.82624
      5.00000    289.83624     72.90816    216.92808
      5.01000    195.45609     69.90726    125.54882
      5.02000    259.29489    138.98654    120.30835
      5.03000    295.70929    131.85261    163.85668
      5.04000    179.12887     60.06698    119.06189
      5.05000    182.39795     71.70035    110.69759
      5.06000    321.03705    144.15458    176.88247
      5.07000    326.66869    125.29025    201.37845
      5.08000    272.44688     58.29032    214.15655
      5.09000    269.20602     74.96659    194.23943
      5.10000    263.94939    142.18557    121.76382
      5.11000    241.16321    123.46458    117.69863
      5.12000    201.64861     53.74576    147.90285
      5.13000    179.82750     62.14725    117.68024
      5.14000    244.22735    136.16076    108.06659
      5.15000    264.87818    131.10678    133.77140
      5.16000    209.73038     57.25591    152.47447
      5.17000    255.74668     56.64972    199.09696
      5.18000    357.71798    131.42875    226.28923
      5.19000    298.21871    141.39594    156.82277
      5.20000    164.52887     63.18630    101.34257
      5.21000    212.10136     43.76423    168.33713
      5.22000    391.10537    116.56325    274.54212
      5.23000    454.71697    161.86338    292.85359
      5.24000    319.59740     91.14839    228.44900
      5.25000    151.55364     34.05709    117.49655
      5.26000    111.12185     71.90366     39.21819
      5.27000    193.68699    143.21682     50.47017
      5.28000    233.99599    113.61358    120.38241
      5.29000    205.79001     44.93588    160.85413
      5.30000    196.48652     51.19698    145.28954
      5.31000    295.31121    128.16724    167.14397
      5.32000    341.66771    143.59587    198.07184
      5.33000    219.14995     64.73040    154.41955
      5.34000    169.74285     33.88619    135.85666
      5.35000    251.25373     91.56270    159.69104
      5.36000    250.85056    149.18274    101.66783
      5.37000    152.02838     96.74240     55.28598
      5.38000    155.92285     34.63038    121.29247
      5.39000    266.44221     55.42696    211.01525
      5.40000    314.01961    131.26692    182.75269
      5.41000    275.36875    138.48301    136.88573
      5.42000    221.22648     63.08738    158.13911
      5.43000    191.53442     34.61139    156.92303
      5.44000    259.39770     90.10130    169.29640
      5.45000    307.62793    149.15225    158.47568
      5.46000    174.00855     99.43331     74.57524
      5.47000     88.35352     36.16436     52.18916
      5.48000    164.90414     57.16255    107.74158
      5.49000    292.66876    123.81096    168.85780
      5.50000    343.55546    132.97789    210.57757
      5.51000    299.05145     80.22633    218.82511
      5.52000    260.79795     69.67807    191.11987
      5.53000    237.15828     93.82342    143.33486
      5.54000    193.30631    102.67830     90.62801
      5.55000    192.58651    120.22078     72.36573
      5.56000    277.58775    119.58858    157.99916
      5.57000    308.52781     84.03615    224.49165
      5.58000    228.57850     84.65048    143.92802
      5.59000    240.85541    137.00425    103.85115
      5.60000    319.90053    127.62967    192.27086
      5.61000    300.83704     85.33678    215.50026
      5.62000    193.86681     85.70851    108.15830
      5.63000    135.34501     77.97945     57.36556
      5.64000    201.00459     85.90918    115.09541
      5.65000    298.82846    108.99473    189.83373
      5.66000    295.76889    107.48324    188.28565
      5.67000    232.47110     81.58807    150.88303
      5.68000    300.62580    121.16078    179.46502
      5.69000    521.55584    330.20741    191.34843
      5.70000    662.25281    494.26335    167.98946
      5.71000    516.93888    383.32014    133.61874
      5.72000    346.97916    231.12617    115.85299
      5.73000    379.46311    195.82833    183.63479
      5.74000    470.62647    209.99884    260.62762
      5.75000    483.73947    215.21568    268.52379
      5.76000    344.16906    158.61703    185.55202
      5.77000    251.53936    122.44039    129.09897
      5.78000    367.32267    194.05802    173.26465
      5.79000    421.24575    230.58750    190.65825
      5.80000    326.94121    162.81440    164.12681
      5.81000    280.49397     99.19697    181.29699
      5.82000    379.15930    121.75402    257.40528
      5.83000    467.95766    184.11045    283.84721
      5.84000    426.24624    203.07110    223.17514
      5.85000    401.55347    239.04210    162.51137
      5.86000    408.98718    215.65262    193.33457
      5.87000    500.91911    216.63436    284.28475
      5.88000    611.34752    248.73004    362.61747
      5.89000    521.47535    212.29941    309.17594
      5.90000    417.75339    188.13899    229.61440
      5.91000    364.28511    151.54232    212.74280
      5.92000    283.77539    134.02807    149.74733
      5.93000    174.95732    113.35375     61.60357
      5.94000     74.85172     59.82602     15.02571
      5.95000     18.13682     15.65672      2.48010
      5.96000     21.06767     17.30905      3.75862
      5.97000    121.63395     93.74415     27.88980
      5.98000    303.59303    212.03285     91.56018
      5.99000    355.61775    207.63120    147.98655
      6.00000    325.07221    164.79091    160.28130
      6.01000    299.88474    156.23881    143.64592
      6.02000    195.72934     83.85154    111.87780
      6.03000    112.33875     23.42523     88.91352
      6.04000     52.85039      5.77121     47.07918
      6.05000     11.98246      1.28930     10.69317
      6.06000      8.26030      4.22480      4.03550
      6.07000     62.46917     31.59670     30.87247
      6.08000    216.74991    101.42208    115.32783
      6.09000    321.95901    157.27905    164.67996
      6.10000    251.62975    157.37852     94.25123
      6.11000    191.12264    159.63857     31.48407
      6.12000    193.71674    172.51685     21.19989
      6.13000    154.53712    116.34488     38.19224
      6.14000    166.21344     68.57775     97.63570
      6.15000    290.70707    141.75758    148.94949
      6.16000    373.27715    244.09477    129.18238
      6.17000    368.16144    257.68633    110.47511
      6.18000    294.77618    187.40621    107.36997
      6.19000    222.86348    154.22620     68.63728
      6.20000    283.52938    234.77028     48.75910
      6.21000    272.22762    228.26612     43.96150
      6.22000    143.72271    100.29088     43.43183
      6.23000    122.75191     44.63201     78.11990
      6.24000    214.14167    101.58995    112.55172
      6.25000    322.12896    188.55314    133.57582
      6.26000    378.43663    240.36546    138.07117
      6.27000    349.38930    222.77026    126.61904
      6.28000    210.64404    131.16317     79.48087
      6.29000    163.10258    109.69286     53.40972
      6.30000    204.36960    124.77028     79.59933
      6.31000    185.57100    101.26721     84.30380
      6.32000    146.14119     99.91776     46.22343
      6.33000    148.43568    116.82641     31.60927
      6.34000    165.69483    105.90152     59.79331
      6.35000    276.97580    125.55378    151.42202
      6.36000    422.23700    184.72655    237.51045
      6.37000    396.69678    211.42049    185.27629
      6.38000    275.43095    194.98990     80.44104
      6.39000    169.32724    139.88574     29.44150
      6.40000    137.05643    104.36076     32.69567
      6.41000    182.29495    109.55190     72.74305
      6.42000    226.19606    139.31229     86.88378
      6.43000    197.70423    145.64454     52.05969
      6.44000    134.02679     98.85344     35.17335
      6.45000    157.20023     89.87316     67.32707
      6.46000    179.60225     91.74494     87.85731
      6.47000    207.19614    118.24268     88.95346
      6.48000    283.49025    161.47014    122.02101
      6.49000    273.70750    138.44693    135.30911
      6.50000    203.34921     93.89803    110.44949
      6.51000    245.25256    184.84727     68.47847
      6.52000    465.23915    441.97954     50.27788
      6.53000    534.56243    532.73421     43.16145
      6.54000    418.96407    402.79477     53.28410
      6.55000    477.71993    437.58533     80.93665
      6.56000    701.81409    692.77762     72.93416
      6.57000    826.16589    816.52993     83.33836
      6.58000    857.84520    804.00492    117.20249
      6.59000    815.93509    749.48245    119.49117
      6.60000    616.29435    567.30184     95.89680
      6.61000    386.46742    379.25503     45.98091
      6.62000    325.72823    327.87516     31.91111
      6.63000    450.59921    402.63357     85.07149
      6.64000    541.35802    447.15754    131.94905
      6.65000    480.92724    421.09985     94.80642
      6.66000    386.97473    386.89481     33.17527
      6.67000    384.94509    398.49446     20.82798
      6.68000    393.65354    371.00716     55.73034
      6.69000    382.29739    328.46760     81.13918
      6.70000    354.84399    331.34714     48.44248
      6.71000    352.90811    360.35212     20.40268
      6.72000    379.34952    359.49518     49.63443
      6.73000    438.34678    333.07838    134.09054
      6.74000    548.45548    374.40580    200.81531
      6.75000    536.75495    381.06200    176.83192
      6.76000    407.91267    338.92852     89.71583
      6.77000    345.01889    335.70648     35.28502
      6.78000    309.26684    318.62208     18.06188
      6.79000    285.81401    299.68792     11.53922
      6.80000    310.62038    308.85886     26.30245
      6.81000    384.69453    325.48521     82.37691
      6.82000    447.73399    323.74112    141.63421
      6.83000    426.63070    306.80854    138.59777
      6.84000    320.53309    253.07552     89.39405
      6.85000    233.70629    207.99070     46.75946
      6.86000    290.47780    248.52292     64.75556
      6.87000    317.82435    259.41442     78.51677
      6.88000    265.54170    249.22753     37.86708
      6.89000    204.28610    215.47703      8.80776
      6.90000    203.89061    213.93822      6.92960
      6.91000    252.58825    253.56443     19.02015
      6.92000    320.49857    261.86549     77.50185
      6.93000    464.35905    289.64833    190.45060
      6.94000    472.86905    264.19620    218.82948
      6.95000    273.33163    148.97402    128.09151
      6.96000    228.34181    144.88332     89.04653
      6.97000    379.20577    311.16015     85.14644
      6.98000    455.86913    438.95346     42.79398
      6.99000    374.53491    383.58476     13.37630
      7.00000    261.53631    265.73234     13.83772
      7.01000    290.89371    252.29656     58.28255
      7.02000    388.61233    270.69914    134.22947
      7.03000    378.61587    245.20676    141.82807
      7.04000    279.91327    220.58561     70.08067
      7.05000    212.27881    215.23733     16.71956
      7.06000    136.79982    139.68317     11.95600
      7.07000     94.42000     53.55914     45.62378
      7.08000    170.00667     94.04723     80.98886
      7.09000    340.27692    265.99233     88.10898
      7.10000    485.80501    392.91117    114.84589
      7.11000    480.69482    370.59647    135.97079
      7.12000    374.19111    259.47678    133.39735
      7.13000    292.82783    177.82530    124.03492
      7.14000    325.11448    235.68101    104.51524
      7.15000    348.97868    292.38196     79.09252
      7.16000    233.27369    207.30226     39.06058
      7.17000    167.39392    127.36069     44.94980
      7.18000    272.12891    178.77169    103.05228
      7.19000    348.51009    243.80038    122.36460
      7.20000    261.92014    208.43559     68.84582
      7.21000    177.31360    140.59731     42.95810
      7.22000    159.79796     83.55770     77.32854
      7.23000    184.38041     73.71775    110.77243
      7.24000    242.68060    117.37948    125.98764
      7.25000    314.81139    198.20339    121.72949
      7.26000    410.00653    302.37176    123.04762
      7.27000    459.72435    342.77995    137.96430
      7.28000    411.55130    303.18351    124.35127
      7.29000    321.11866    258.02803     75.82368
      7.30000    393.57856    331.87249     79.92003
      7.31000    608.73234    457.41131    171.16338
      7.32000    692.02540    467.40814    237.04193
      7.33000    542.15899    350.73471    199.11549
      7.34000    427.11326    251.77947    187.33251
      7.35000    433.93299    246.14809    203.71579
      7.36000    350.82497    227.60793    137.45786
      7.37000    218.84859    141.70562     84.74590
      7.38000    163.74993     80.01087     86.82242
      7.39000    222.55011    139.81699     88.96344
      7.40000    358.67501    290.38409     79.60480
      7.41000    434.96348    350.84187     96.51064
      7.42000    375.12779    257.80185    127.67232
      7.43000    300.95075    149.66953    155.87708
      7.44000    296.96847    119.30805    178.47807
      7.45000    226.52619     81.26413    145.31868
      7.46000    156.38712     68.07103     88.39014
      7.47000    231.47223    158.23758     74.08068
      7.48000    395.48298    304.31841     94.95704
      7.49000    450.87692    362.03204     96.10872
      7.50000    312.43892    262.35090     57.79134
      7.51000    190.70095    133.62153     62.35413
      7.52000    207.69104     81.78382    127.74086
      7.53000    317.52364    138.13990    179.64720
      7.54000    427.44345    230.47076    197.09799
      7.55000    401.94516    243.29610    159.68330
      7.56000    298.62173    223.59840     79.83170
      7.57000    337.09024    310.68385     40.82130
      7.58000    476.25173    427.61112     72.80865
      7.59000    438.47219    337.09082    120.32231
      7.60000    390.08292    219.35915    182.19497
      7.61000    469.38522    219.99399    261.85815
      7.62000    505.20601    246.21434    274.27377
      7.63000    429.24053    250.94005    192.28570
      7.64000    300.03079    222.46127     88.92870
      7.65000    205.49293    178.95461     34.39043
      7.66000    175.80818    157.99663     25.49371
      7.67000    220.89721    172.61258     61.10902
      7.68000    272.38126    188.06645     96.27627
      7.69000    269.38494    185.75915     93.67019
      7.70000    204.91660    139.96775     73.98655
      7.71000    218.05331    108.88644    114.49050
      7.72000    295.32963    147.98189    155.15942
      7.73000    254.39109    168.03726     98.86452
      7.74000    212.10496    155.29331     65.21694
      7.75000    226.66287    169.42821     62.35083
      7.76000    235.01218    201.96835     41.21505
      7.77000    199.63834    165.92682     40.94998
      7.78000    121.22113     78.53218     45.09209
      7.79000     50.14273     25.40226     25.06418
      7.80000     55.28562     28.64338     27.20034
      7.81000    167.03558    102.52881     68.13724
      7.82000    269.07081    183.29266     94.87916
      7.83000    297.11254    197.35110    109.81073
      7.84000    319.86658    216.70531    112.08392
      7.85000    266.25432    185.10603     88.41101
      7.86000    186.28767    108.22327     80.89658
      7.87000    154.93298     97.99943     57.35452
      7.88000    131.60896    102.20817     29.42390
      7.89000    111.62466     83.47155     28.15358
      7.90000    103.67278     51.92131     51.75160
      7.91000    131.17493     57.68048     73.50259
      7.92000    130.06172     83.39698     46.84807
      7.93000     87.12075     75.64504     12.99585
      7.94000     88.36794     90.12269      2.88267
      7.95000    132.06265    127.44778      9.83826
      7.96000    220.65223    183.87107     39.32754
      7.97000    390.25580    297.42798     96.16349
      7.98000    541.78401    401.96148    148.37544
      7.99000    489.56251    340.93505    157.72708
      8.00000    369.57640    239.21885    134.23389
      8.01000    283.77204    217.22838     67.84117
      8.02000    190.16803    172.33795     18.82893
      8.03000     97.46858     92.65310      7.03303
      8.04000    110.98812     95.44289     22.10043
      8.05000    204.30231    153.61997     59.66933
      8.06000    244.48910    188.22852     62.63106
      8.07000    166.15760    142.75911     26.21339
      8.08000     60.33008     54.82607      6.15452
      8.09000     45.50300     37.34376      8.22155
      8.10000    101.19139     82.33394     18.85971
      8.11000    159.91343    133.79517     26.11833
      8.12000    183.98737    150.00214     33.98879
      8.13000    162.08723    108.60791     53.58000
      8.14000    200.55529    107.18349     94.42007
      8.15000    288.94632    180.49983    112.46750
      8.16000    384.48686    286.71318    103.52968
      8.17000    370.42388    305.05040     68.80840
      8.18000    256.74372    212.76525     45.45542
      8.19000    222.08591    130.36659     92.37489
      8.20000    263.04243    105.03696    158.22733
      8.21000    288.13041    111.68912    177.44538
      8.22000    372.04686    185.93085    191.32513
      8.23000    418.37167    261.58970    167.26522
      8.24000    267.39453    196.28935     81.90652
      8.25000    195.01192    160.37978     46.79950
      8.26000    293.47743    223.62839     80.56257
      8.27000    381.66115    281.33978    104.29879
      8.28000    355.93529    268.37874     88.32252
      8.29000    285.83951    217.15147     69.97043
      8.30000    234.59992    186.66904     50.59695
      8.31000    213.84044    178.19311     37.81947
      8.32000    195.39831    163.65970     32.51685
      8.33000    159.16742    131.39075     28.07771
      8.34000    165.17818    119.78795     47.03619
      8.35000    171.26211    126.18820     52.02369
