Energy-E_F (eV)    DOS (1/eV)    PDOS (1/eV)  of atom type H  C  
     -6.84746    196.78172      9.77526    187.00645
     -6.83746    295.33213     22.47663    272.85549
     -6.82746    236.25317     22.52407    213.72910
     -6.81746    124.82301      9.78171    115.04129
     -6.80746     91.16166      2.94969     88.21198
     -6.79746     64.28298      1.33548     62.94750
     -6.78746     83.21325      1.56820     81.64505
     -6.77746    135.11848      2.76509    132.35339
     -6.76746    164.31213      7.59439    156.71773
     -6.75746    236.18720     23.71932    212.46789
     -6.74746    305.11639     38.45801    266.65838
     -6.73746    218.39397     28.26337    190.13060
     -6.72746    119.20821      9.97850    109.22972
     -6.71746     97.52571      4.29180     93.23391
     -6.70746    119.13769      9.70783    109.42987
     -6.69746    209.16177     18.09069    191.07108
     -6.68746    204.70742     13.99024    190.71718
     -6.67746    104.85275      6.92390     97.92885
     -6.66746    130.46673     14.86344    115.60329
     -6.65746    235.01316     27.50452    207.50865
     -6.64746    176.50456     19.44613    157.05843
     -6.63746     75.13409      5.50738     69.62671
     -6.62746    112.36645      2.26919    110.09726
     -6.61746    162.74268      3.60151    159.14117
     -6.60746    125.31514      9.10684    116.20830
     -6.59746    146.53945     22.18105    124.35841
     -6.58746    222.00851     30.54745    191.46106
     -6.57746    219.28401     26.62702    192.65699
     -6.56746    144.33180     15.66760    128.66420
     -6.55746    108.89367      6.28683    102.60684
     -6.54746    148.40150      3.16985    145.23166
     -6.53746    138.36291      3.67962    134.68329
     -6.52746    115.90146     13.06766    102.83381
     -6.51746    203.58463     33.01098    170.57365
     -6.50746    226.26973     33.09328    193.17645
     -6.49746    136.91310     16.26800    120.64510
     -6.48746    110.94353     10.35954    100.58399
     -6.47746    133.28417      7.35191    125.93226
     -6.46746    171.11183      5.63603    165.47580
     -6.45746    179.46670     13.52414    165.94256
     -6.44746    195.30255     28.88883    166.41372
     -6.43746    188.38964     26.92253    161.46711
     -6.42746    160.12670     16.33551    143.79119
     -6.41746    204.83898     27.82305    177.01593
     -6.40746    272.03119     43.07537    228.95582
     -6.39746    265.53047     35.84201    229.68846
     -6.38746    274.92835     24.92363    250.00472
     -6.37746    228.27031     17.65681    210.61350
     -6.36746    130.33974     12.40832    117.93142
     -6.35746     69.63060      5.99167     63.63893
     -6.34746     87.76308      4.56297     83.20012
     -6.33746    123.60570     11.11545    112.49025
     -6.32746    111.79817     15.72864     96.06953
     -6.31746     85.15718      9.32506     75.83212
     -6.30746    129.83489      4.08724    125.74764
     -6.29746    176.65350      6.52588    170.12762
     -6.28746    148.61783     13.15361    135.46423
     -6.27746    122.53861     18.02242    104.51618
     -6.26746    191.07302     29.58306    161.48996
     -6.25746    315.94244     44.19938    271.74307
     -6.24746    303.10567     41.34992    261.75576
     -6.23746    258.74568     40.91024    217.83543
     -6.22746    256.12428     39.16057    216.96370
     -6.21746    224.29863     26.77923    197.51940
     -6.20746    170.30755     14.16800    156.13955
     -6.19746    162.85488     16.22535    146.62953
     -6.18746    174.03917     22.55844    151.48073
     -6.17746    117.92759     14.85172    103.07587
     -6.16746     91.61876      9.19336     82.42540
     -6.15746    154.88982     17.46082    137.42900
     -6.14746    174.14418     19.94766    154.19653
     -6.13746    140.83766     10.95762    129.88005
     -6.12746    146.63409     12.48031    134.15378
     -6.11746    214.69245     22.71816    191.97429
     -6.10746    197.17846     18.27616    178.90230
     -6.09746     83.15049      5.80928     77.34122
     -6.08746     16.13527      0.78987     15.34540
     -6.07746     16.20461      0.84538     15.35922
     -6.06746     96.73254      6.56059     90.17196
     -6.05746    263.05075     22.62174    240.42902
     -6.04746    324.91122     35.23498    289.67624
     -6.03746    208.34989     28.01361    180.33627
     -6.02746     91.72549     13.33393     78.39156
     -6.01746    106.51774     10.32981     96.18793
     -6.00746    235.70636     17.97551    217.73085
     -5.99746    308.03023     19.75604    288.27419
     -5.98746    235.23631     12.85768    222.37863
     -5.97746    104.72320      5.51219     99.21101
     -5.96746     84.59487      8.40712     76.18775
     -5.95746    192.38835     23.73329    168.65505
     -5.94746    249.88766     34.66572    215.22194
     -5.93746    182.79775     26.32951    156.46824
     -5.92746     83.35611     11.02041     72.33569
     -5.91746     54.32599      7.46432     46.86167
     -5.90746    158.27132     23.68489    134.58643
     -5.89746    270.32464     40.73251    229.59213
     -5.88746    249.89407     36.11380    213.78027
     -5.87746    211.84819     29.96086    181.88733
     -5.86746    171.40299     24.55685    146.84615
     -5.85746    124.42073     13.96392    110.45681
     -5.84746    137.69331      9.09416    128.59914
     -5.83746    155.78000     12.73487    143.04513
     -5.82746    134.95579     19.85995    115.09584
     -5.81746    159.76552     29.36286    130.40266
     -5.80746    234.91105     31.77240    203.13865
     -5.79746    317.12052     30.49900    286.62151
     -5.78746    286.08089     24.77892    261.30197
     -5.77746    125.76657     10.60010    115.16646
     -5.76746     31.16171      2.73282     28.42889
     -5.75746     48.74968      4.97806     43.77162
     -5.74746    117.95913     12.24903    105.71010
     -5.73746    188.58188     20.96641    167.61547
     -5.72746    224.98767     24.65070    200.33698
     -5.71746    204.10077     17.80904    186.29174
     -5.70746    147.82638     12.58557    135.24081
     -5.69746    103.14426     14.62849     88.51577
     -5.68746    156.75319     25.02135    131.73184
     -5.67746    220.47071     26.25869    194.21202
     -5.66746    186.54678     19.77759    166.76919
     -5.65746    199.11946     27.70057    171.41890
     -5.64746    255.30605     33.81147    221.49458
     -5.63746    241.58970     22.80718    218.78251
     -5.62746    291.25539     23.08320    268.17220
     -5.61746    362.68947     32.75358    329.93590
     -5.60746    306.90795     31.83906    275.06889
     -5.59746    338.39054     42.50621    295.88433
     -5.58746    554.05735     72.36384    481.69351
     -5.57746    711.07234     90.56834    620.50399
     -5.56746    694.38020     89.94897    604.43123
     -5.55746    639.85919     79.05424    560.80496
     -5.54746    586.21960     63.45121    522.76839
     -5.53746    544.69120     59.84823    484.84297
     -5.52746    505.64616     55.61421    450.03195
     -5.51746    455.09883     46.82918    408.26965
     -5.50746    441.46505     43.59689    397.86816
     -5.49746    520.45987     55.15861    465.30126
     -5.48746    488.85229     59.22793    429.62436
     -5.47746    303.80897     45.76059    258.04838
     -5.46746    259.85680     46.67037    213.18643
     -5.45746    274.66551     41.63296    233.03256
     -5.44746    210.66845     24.32352    186.34493
     -5.43746    166.98821     18.04635    148.94186
     -5.42746    143.62065     23.05036    120.57029
     -5.41746     89.64931     19.98529     69.66402
     -5.40746     86.82235     22.72320     64.09915
     -5.39746    168.63845     43.22062    125.41783
     -5.38746    248.37807     53.41514    194.96294
     -5.37746    300.73365     42.63156    258.10209
     -5.36746    326.59090     38.64365    287.94725
     -5.35746    269.29291     38.69930    230.59362
     -5.34746    149.28392     23.38566    125.89826
     -5.33746     51.84325      7.49768     44.34557
     -5.32746     30.51138      1.57744     28.93394
     -5.31746     67.94187      1.41163     66.53024
     -5.30746     75.90502      1.53542     74.36960
     -5.29746     55.59061      1.67195     53.91867
     -5.28746    103.77287      5.96243     97.81044
     -5.27746    152.97490     12.22254    140.75236
     -5.26746    108.05506      9.84636     98.20870
     -5.25746     78.53653      3.90013     74.63640
     -5.24746     81.36323      1.87972     79.48352
     -5.23746     42.06836      0.87136     41.19700
     -5.22746     12.22223      0.68718     11.53505
     -5.21746     32.72611      3.83426     28.89185
     -5.20746    113.16031     11.25366    101.90665
     -5.19746    220.88695     16.98675    203.90020
     -5.18746    252.56067     17.23301    235.32766
     -5.17746    141.02001      9.86800    131.15201
     -5.16746     32.85424      2.39662     30.45762
     -5.15746      3.13984      0.22506      2.91478
     -5.14746      3.41557      0.07411      3.34146
     -5.13746     25.36977      0.51836     24.85141
     -5.12746     77.00669      1.84430     75.16239
     -5.11746    130.42436      5.86539    124.55898
     -5.10746    210.64184     17.07720    193.56464
     -5.09746    226.75744     23.31438    203.44306
     -5.08746    106.96965     12.30663     94.66302
     -5.07746     33.32441      2.71382     30.61059
     -5.06746     56.22057      1.28365     54.93691
     -5.05746     79.11584      1.59540     77.52043
     -5.04746     42.35385      0.85426     41.49959
     -5.03746     15.64187      0.42817     15.21369
     -5.02746     51.04591      2.47921     48.56669
     -5.01746    139.64127      9.00134    130.63994
     -5.00746    179.81743     12.91150    166.90593
     -4.99746    137.88698      7.79819    130.08880
     -4.98746     66.90396      2.33677     64.56719
     -4.97746     15.84449      0.39102     15.45347
     -4.96746      1.75504      0.03737      1.71767
     -4.95746      5.00342      0.10573      4.89768
     -4.94746     39.29122      0.95924     38.33198
     -4.93746    132.83982      4.50573    128.33409
     -4.92746    207.33894     11.00547    196.33346
     -4.91746    154.63288     12.14268    142.49020
     -4.90746     52.84247      5.36833     47.47414
     -4.89746     11.06917      0.97116     10.09800
     -4.88746     26.26279      0.58800     25.67478
     -4.87746     71.03633      1.50521     69.53112
     -4.86746     80.58050      2.26047     78.32002
     -4.85746     84.79767      4.91419     79.88348
     -4.84746    156.80466     10.78804    146.01662
     -4.83746    204.04026     15.13731    188.90295
     -4.82746    164.02423     12.86995    151.15428
     -4.81746    115.93727      6.09872    109.83855
     -4.80746     70.01287      2.00911     68.00377
     -4.79746     20.84505      0.46389     20.38116
     -4.78746      4.11432      0.08564      4.02867
     -4.77746     19.02681      0.39537     18.63144
     -4.76746     85.27500      2.03136     83.24364
     -4.75746    173.73612      6.30148    167.43463
     -4.74746    183.49264     11.84262    171.65002
     -4.73746    113.76445     10.88016    102.88429
     -4.72746     93.13863      7.23306     85.90557
     -4.71746    208.07549     10.04288    198.03260
     -4.70746    382.06301     13.64777    368.41524
     -4.69746    493.53113     14.73881    478.79232
     -4.68746    475.29379     13.05011    462.24368
     -4.67746    449.97640     11.88960    438.08680
     -4.66746    438.21959     14.89347    423.32612
     -4.65746    379.86271     18.87424    360.98847
     -4.64746    289.77318     15.11463    274.65855
     -4.63746    218.35059      8.22538    210.12521
     -4.62746    170.91988      5.01583    165.90405
     -4.61746    134.92865      3.81853    131.11013
     -4.60746    148.20703      4.69367    143.51337
     -4.59746    218.68736      8.59707    210.09029
     -4.58746    270.66303     11.85033    258.81270
     -4.57746    261.17942     13.63808    247.54134
     -4.56746    262.20339     16.28211    245.92128
     -4.55746    216.14397     11.76350    204.38047
     -4.54746    120.40578      4.70568    115.70010
     -4.53746     90.87555      2.63169     88.24386
     -4.52746     85.55233      2.27209     83.28024
     -4.51746     88.43005      1.99843     86.43162
     -4.50746    139.79468      3.29969    136.49499
     -4.49746    191.25255      6.48771    184.76485
     -4.48746    224.65307     12.93638    211.71669
     -4.47746    246.74756     18.08669    228.66086
     -4.46746    235.37381     14.55209    220.82172
     -4.45746    169.26713      7.17732    162.08981
     -4.44746    102.28809      2.99304     99.29505
     -4.43746     79.73821      2.11525     77.62295
     -4.42746     85.35096      2.31466     83.03630
     -4.41746     69.10499      2.12922     66.97576
     -4.40746    120.45911      5.69611    114.76300
     -4.39746    234.85176     13.58407    221.26769
     -4.38746    247.05766     14.06538    232.99228
     -4.37746    142.35480      6.60030    135.75450
     -4.36746     82.23095      3.48014     78.75081
     -4.35746    137.25658      6.67565    130.58093
     -4.34746    149.30643      7.45530    141.85113
     -4.33746     74.98766      3.45597     71.53169
     -4.32746     82.02326      2.99265     79.03061
     -4.31746    192.01386      9.31713    182.69673
     -4.30746    293.75471     15.87141    277.88329
     -4.29746    261.19702     11.76752    249.42950
     -4.28746    143.52984      4.33793    139.19191
     -4.27746    105.16313      2.37829    102.78484
     -4.26746    149.57195      3.23306    146.33889
     -4.25746    132.84807      3.03969    129.80838
     -4.24746    114.53208      4.60914    109.92294
     -4.23746    203.59899     10.63602    192.96297
     -4.22746    312.92542     17.07882    295.84659
     -4.21746    340.14698     16.57924    323.56774
     -4.20746    204.45557      7.96485    196.49072
     -4.19746     67.39464      2.04260     65.35203
     -4.18746     61.40760      1.58518     59.82242
     -4.17746     96.75694      2.35437     94.40258
     -4.16746    108.05811      2.30032    105.75779
     -4.15746    128.72494      3.58462    125.14032
     -4.14746    185.66523      9.52682    176.13841
     -4.13746    261.63434     16.57828    245.05606
     -4.12746    267.41509     15.28539    252.12970
     -4.11746    200.19632      8.64527    191.55105
     -4.10746    138.38241      3.81938    134.56303
     -4.09746    135.96536      2.81929    133.14607
     -4.08746    125.78750      2.84447    122.94303
     -4.07746     81.09540      2.54083     78.55456
     -4.06746     99.09286      6.02950     93.06336
     -4.05746    186.13001     12.83504    173.29497
     -4.04746    209.86978     12.02915    197.84062
     -4.03746    183.62704      6.53633    177.09072
     -4.02746    170.45196      5.57173    164.88023
     -4.01746    184.46885      7.30202    177.16683
     -4.00746    159.89507      5.80280    154.09228
     -3.99746    155.52649      4.54420    150.98229
     -3.98746    187.41789      7.36076    180.05713
     -3.97746    182.72750     12.11948    170.60803
     -3.96746    179.33043     11.80168    167.52876
     -3.95746    164.05061      6.38463    157.66598
     -3.94746    148.12697      3.66139    144.46558
     -3.93746    121.48722      2.85000    118.63722
     -3.92746     81.82084      2.80890     79.01194
     -3.91746     87.69608      5.08546     82.61061
     -3.90746    123.40607      8.29144    115.11463
     -3.89746    167.18892     12.36342    154.82550
     -3.88746    146.27416     11.41086    134.86330
     -3.87746     53.80332      4.34011     49.46322
     -3.86746      7.44265      0.61784      6.82481
     -3.85746      0.46196      0.03437      0.42759
     -3.84746      2.23897      0.06739      2.17158
     -3.83746     24.22579      0.98490     23.24090
     -3.82746    109.60159      6.08709    103.51450
     -3.81746    214.01821     15.16136    198.85685
     -3.80746    179.25055     14.67649    164.57407
     -3.79746     62.35013      5.40259     56.94754
     -3.78746     17.65925      0.91883     16.74042
     -3.77746     58.97465      1.14985     57.82479
     -3.76746    151.45472      2.90508    148.54964
     -3.75746    201.25593      4.54338    196.71254
     -3.74746    240.56125      8.97289    231.58836
     -3.73746    281.64860     14.76215    266.88645
     -3.72746    225.24480     12.61287    212.63193
     -3.71746    150.07354      7.86215    142.21140
     -3.70746    138.12503      5.41255    132.71248
     -3.69746    171.33867      4.16054    167.17814
     -3.68746    155.36121      3.27949    152.08172
     -3.67746    134.06115      4.34269    129.71846
     -3.66746    176.75101     10.17922    166.57180
     -3.65746    190.79617     13.00092    177.79525
     -3.64746    135.31853      7.37004    127.94848
     -3.63746    120.97226      4.00487    116.96739
     -3.62746    137.06641      5.22398    131.84243
     -3.61746    134.90188      5.46369    129.43819
     -3.60746    168.27080      5.22207    163.04873
     -3.59746    231.35180      9.14779    222.20401
     -3.58746    229.34067     13.59510    215.74557
     -3.57746    125.65569      9.25326    116.40243
     -3.56746     38.82688      2.63809     36.18878
     -3.55746     58.47629      1.53558     56.94071
     -3.54746    156.51001      4.20517    152.30484
     -3.53746    232.43431      7.67750    224.75681
     -3.52746    228.75995     10.28060    218.47936
     -3.51746    198.60641     13.22348    185.38293
     -3.50746    157.10830     11.10254    146.00576
     -3.49746    109.11956      4.93688    104.18268
     -3.48746     65.59219      1.68096     63.91124
     -3.47746     74.42644      1.50336     72.92308
     -3.46746    100.88297      2.85115     98.03182
     -3.45746    165.02645      8.37560    156.65085
     -3.44746    292.50595     16.91218    275.59377
     -3.43746    277.24177     14.81219    262.42958
     -3.42746    162.67676      6.22284    156.45392
     -3.41746     84.04685      2.04654     82.00031
     -3.40746     29.56024      0.66617     28.89407
     -3.39746     35.01353      1.55139     33.46213
     -3.38746    137.34181      7.61367    129.72814
     -3.37746    296.33526     16.62886    279.70641
     -3.36746    326.73887     15.77899    310.95989
     -3.35746    169.88365      6.63182    163.25183
     -3.34746     60.33150      1.71869     58.61281
     -3.33746     74.07641      1.80236     72.27405
     -3.32746     88.98253      3.73892     85.24361
     -3.31746    106.44658      9.02355     97.42303
     -3.30746    187.61652     13.56854    174.04798
     -3.29746    256.35094     11.57224    244.77870
     -3.28746    204.84942      6.89218    197.95724
     -3.27746    125.22999      3.39281    121.83718
     -3.26746    133.55654      3.77701    129.77953
     -3.25746    161.98739      8.16764    153.81974
     -3.24746    149.66436     12.33986    137.32450
     -3.23746    111.38246      9.30551    102.07695
     -3.22746    169.44319      6.94305    162.50013
     -3.21746    238.20040      7.16374    231.03666
     -3.20746    172.02175      5.06820    166.95355
     -3.19746    143.74092      7.17452    136.56640
     -3.18746    173.95358     12.50442    161.44917
     -3.17746    158.79185     10.50992    148.28193
     -3.16746    121.52112      5.43913    116.08199
     -3.15746    118.02900      4.71380    113.31519
     -3.14746    159.90867      5.93923    153.96944
     -3.13746    220.25451      9.79510    210.45941
     -3.12746    213.72090     13.54023    200.18067
     -3.11746    179.19222     10.17418    169.01804
     -3.10746    199.99302      6.44202    193.55100
     -3.09746    200.96222      6.37825    194.58397
     -3.08746    196.39006      8.39976    187.99030
     -3.07746    181.78215     11.87341    169.90874
     -3.06746    173.60256     12.62525    160.97731
     -3.05746    177.16515      8.06346    169.10169
     -3.04746    282.85992      8.20972    274.65020
     -3.03746    391.82874     12.19071    379.63803
     -3.02746    284.02088     13.41822    270.60266
     -3.01746    143.17993     13.01853    130.16141
     -3.00746     65.56459      7.60328     57.96131
     -2.99746     55.61451      2.84051     52.77399
     -2.98746    130.00045      4.49830    125.50216
     -2.97746    183.64031      9.98010    173.66021
     -2.96746    148.93309     13.26651    135.66659
     -2.95746     72.51571      8.48707     64.02864
     -2.94746     27.99938      2.72521     25.27416
     -2.93746     68.39830      3.71935     64.67896
     -2.92746    184.01557     10.65584    173.35973
     -2.91746    257.43441     14.94144    242.49297
     -2.90746    193.50706      9.43738    184.06968
     -2.89746     96.59924      3.83086     92.76837
     -2.88746    100.04588      6.13332     93.91256
     -2.87746    144.02075     12.39939    131.62136
     -2.86746    107.63115     11.44841     96.18274
     -2.85746     51.69751      4.99991     46.69759
     -2.84746     92.44627      5.07726     87.36900
     -2.83746    205.15336     11.95468    193.19867
     -2.82746    241.80188     14.40503    227.39685
     -2.81746    184.13712      8.44939    175.68773
     -2.80746    146.48320      6.24921    140.23399
     -2.79746    146.16295     10.76914    135.39381
     -2.78746    123.41669     12.55013    110.86656
     -2.77746     99.94276      8.17836     91.76440
     -2.76746    144.24185      7.88015    136.36170
     -2.75746    205.97097     12.90568    193.06529
     -2.74746    210.63654     13.63632    197.00022
     -2.73746    200.44704      9.52880    190.91823
     -2.72746    200.37725     10.35391    190.02333
     -2.71746    192.10477     14.16692    177.93786
     -2.70746    155.47996     11.38622    144.09374
     -2.69746    149.95918     10.21960    139.73958
     -2.68746    233.47360     15.50224    217.97136
     -2.67746    257.20708     14.70078    242.50631
     -2.66746    242.63425     13.57839    229.05586
     -2.65746    301.87435     17.71122    284.16313
     -2.64746    337.93867     17.40136    320.53731
     -2.63746    280.55949     16.43725    264.12224
     -2.62746    181.73543     15.02417    166.71126
     -2.61746    130.01013     12.17198    117.83815
     -2.60746    168.55485     14.01965    154.53521
     -2.59746    162.59567     14.01712    148.57855
     -2.58746    145.62782     14.61733    131.01049
     -2.57746    179.67046     15.93380    163.73667
     -2.56746    196.46000     17.41000    179.05000
     -2.55746    170.75123     19.20373    151.54750
     -2.54746    188.14252     23.15787    164.98466
     -2.53746    257.24491     28.10566    229.13925
     -2.52746    266.69124     26.88881    239.80243
     -2.51746    165.85513     15.68866    150.16647
     -2.50746    101.20477      5.04899     96.15578
     -2.49746     80.18479      1.34895     78.83584
     -2.48746     37.75035      0.44782     37.30252
     -2.47746     44.15827      0.62854     43.52972
     -2.46746    152.27296      2.26991    150.00305
     -2.45746    272.86788      4.05513    268.81275
     -2.44746    232.19877      3.37405    228.82472
     -2.43746    108.26642      1.51022    106.75620
     -2.42746    108.97941      1.43715    107.54226
     -2.41746    160.69314      2.12155    158.57159
     -2.40746    108.66068      1.49289    107.16779
     -2.39746     77.18208      1.27131     75.91077
     -2.38746    134.85876      2.24379    132.61497
     -2.37746    190.36616      2.98043    187.38573
     -2.36746    202.77788      3.69753    199.08035
     -2.35746    202.97447      5.08904    197.88543
     -2.34746    156.90058      4.40658    152.49399
     -2.33746    115.22738      2.49377    112.73361
     -2.32746    201.80240      3.23291    198.56949
     -2.31746    221.17790      3.46256    217.71534
     -2.30746     95.41390      1.51006     93.90384
     -2.29746     41.96312      0.96730     40.99582
     -2.28746    215.02042      6.08117    208.93925
     -2.27746    731.85489     21.34664    710.50825
     -2.26746   1203.95389     35.27362   1168.68027
     -2.25746   1133.74913     32.63857   1101.11056
     -2.24746    752.92165     21.62784    731.29381
     -2.23746    467.62706     13.46890    454.15816
     -2.22746    433.97440     11.79750    422.17690
     -2.21746    497.31380     13.20209    484.11171
     -2.20746    425.79707     11.08392    414.71315
     -2.19746    371.97653      9.26646    362.71007
     -2.18746    465.56915     12.12881    453.44035
     -2.17746    506.64612     13.59688    493.04923
     -2.16746    357.39513      9.04178    348.35335
     -2.15746    184.20781      4.02977    180.17804
     -2.14746    105.30055      1.74501    103.55554
     -2.13746     80.26895      1.10988     79.15907
     -2.12746     34.81927      0.46823     34.35105
     -2.11746     22.16481      0.29544     21.86937
     -2.10746     78.07609      1.05092     77.02517
     -2.09746    146.72340      2.00623    144.71717
     -2.08746    115.00998      1.59845    113.41153
     -2.07746     37.39931      0.52701     36.87230
     -2.06746      9.15575      0.13344      9.02231
     -2.05746     31.09834      0.46180     30.63653
     -2.04746     89.70251      1.29763     88.40489
     -2.03746    126.68094      1.72547    124.95547
     -2.02746    100.83043      1.28222     99.54821
     -2.01746     45.51356      0.58117     44.93239
     -2.00746     55.94069      0.96473     54.97595
     -1.99746    217.83050      4.18043    213.65007
     -1.98746    504.73321     10.17348    494.55973
     -1.97746    719.21862     14.63033    704.58830
     -1.96746    753.13570     14.92657    738.20913
     -1.95746    621.23812     12.03184    609.20628
     -1.94746    456.54936      8.80950    447.73986
     -1.93746    450.52643      8.68011    441.84632
     -1.92746    566.04473     11.00371    555.04102
     -1.91746    562.47899     10.91708    551.56190
     -1.90746    487.38897      9.11424    478.27473
     -1.89746    557.08488      9.84952    547.23536
     -1.88746    586.01362     10.30685    575.70677
     -1.87746    405.92466      7.31434    398.61032
     -1.86746    256.09996      4.73640    251.36356
     -1.85746    229.19150      4.14974    225.04176
     -1.84746    193.77792      3.16667    190.61125
     -1.83746    175.90543      2.41097    173.49446
     -1.82746    163.04561      2.19801    160.84760
     -1.81746    126.56154      1.84276    124.71877
     -1.80746     82.91785      1.25771     81.66015
     -1.79746     44.91531      0.62684     44.28847
     -1.78746     81.58447      0.98664     80.59782
     -1.77746    145.73625      1.80090    143.93535
     -1.76746    114.84650      1.47022    113.37628
     -1.75746     38.14633      0.50180     37.64453
     -1.74746     10.37825      0.12914     10.24910
     -1.73746     38.04405      0.44502     37.59902
     -1.72746    110.23683      1.31838    108.91845
     -1.71746    142.24188      1.75391    140.48796
     -1.70746     90.25209      1.13394     89.11815
     -1.69746     64.07091      0.76026     63.31065
     -1.68746     99.83606      1.14254     98.69352
     -1.67746    131.52147      1.52342    129.99805
     -1.66746    150.57184      1.79699    148.77485
     -1.65746    116.00292      1.42385    114.57908
     -1.64746     45.14937      0.56300     44.58637
     -1.63746     21.42963      0.25335     21.17628
     -1.62746     86.93198      1.00114     85.93083
     -1.61746    205.68993      2.39323    203.29670
     -1.60746    198.54698      2.34486    196.20212
     -1.59746     79.97050      0.96029     79.01020
     -1.58746     17.44360      0.21091     17.23269
     -1.57746     38.28100      0.45038     37.83062
     -1.56746    129.53829      1.51741    128.02088
     -1.55746    186.62810      2.17604    184.45206
     -1.54746    146.63135      1.70076    144.93059
     -1.53746     88.28910      1.04249     87.24661
     -1.52746     77.55628      0.98596     76.57032
     -1.51746    108.56693      1.34749    107.21943
     -1.50746    116.32445      1.29223    115.03222
     -1.49746     98.59406      1.07009     97.52397
     -1.48746    114.68302      1.44780    113.23522
     -1.47746    156.44674      2.02699    154.41974
     -1.46746    111.66661      1.38069    110.28592
     -1.45746     72.89706      0.75599     72.14107
     -1.44746    117.55005      1.22624    116.32381
     -1.43746    136.08131      1.65071    134.43060
     -1.42746     80.54896      1.09028     79.45868
     -1.41746     50.58420      0.62385     49.96034
     -1.40746     99.92038      1.03531     98.88507
     -1.39746    138.51267      1.25568    137.25699
     -1.38746     94.53412      0.74422     93.78990
     -1.37746     33.93124      0.25590     33.67534
     -1.36746     43.44248      0.40454     43.03794
     -1.35746    130.93562      1.19125    129.74436
     -1.34746    203.65098      1.88926    201.76171
     -1.33746    256.95381      2.79313    254.16069
     -1.32746    294.25466      3.44936    290.80530
     -1.31746    198.69887      2.19074    196.50813
     -1.30746     90.78592      0.91430     89.87162
     -1.29746    125.71668      1.48511    124.23157
     -1.28746    221.31329      2.89262    218.42067
     -1.27746    212.85999      2.82071    210.03928
     -1.26746    185.13576      1.94518    183.19058
     -1.25746    167.87290      1.45656    166.41634
     -1.24746    129.64069      1.32501    128.31568
     -1.23746    160.16518      1.90164    158.26354
     -1.22746    136.30080      1.52773    134.77306
     -1.21746     79.28672      0.60566     78.68106
     -1.20746    113.89972      0.74519    113.15454
     -1.19746    177.89987      1.94024    175.95963
     -1.18746    172.52634      2.55168    169.97465
     -1.17746     80.90356      1.36370     79.53985
     -1.16746     17.38842      0.31880     17.06962
     -1.15746     18.64596      0.38917     18.25679
     -1.14746     63.34284      1.30665     62.03619
     -1.13746    100.56862      1.89174     98.67688
     -1.12746    104.42835      1.53548    102.89287
     -1.11746     82.70963      1.03064     81.67899
     -1.10746     55.76936      0.90108     54.86828
     -1.09746     75.28683      1.56458     73.72225
     -1.08746     70.10941      1.49190     68.61751
     -1.07746     29.28851      0.58748     28.70103
     -1.06746     37.14220      0.52200     36.62021
     -1.05746    110.23548      1.63566    108.59982
     -1.04746    147.97881      2.46428    145.51454
     -1.03746     82.98624      1.52761     81.45862
     -1.02746     20.27063      0.40264     19.86799
     -1.01746     15.42949      0.33068     15.09881
     -1.00746     59.24468      1.23190     58.01278
     -0.99746    113.02425      2.09904    110.92521
     -0.98746    119.23138      1.77695    117.45442
     -0.97746     74.67259      0.94672     73.72587
     -0.96746     43.67400      0.74939     42.92462
     -0.95746     70.60200      1.53067     69.07133
     -0.94746     73.14020      1.60094     71.53925
     -0.93746     38.47109      0.73644     37.73465
     -0.92746     57.63047      0.75187     56.87860
     -0.91746    119.45027      1.74573    117.70454
     -0.90746    128.93656      2.29078    126.64578
     -0.89746     69.08782      1.40227     67.68555
     -0.88746     18.16812      0.39196     17.77616
     -0.87746     20.20405      0.42783     19.77622
     -0.86746     78.33007      1.53293     76.79715
     -0.85746    140.79212      2.41828    138.37384
     -0.84746    114.00941      1.66241    112.34701
     -0.83746     45.82890      0.63179     45.19710
     -0.82746     39.23935      0.82436     38.41499
     -0.81746     76.56946      1.72901     74.84045
     -0.80746     70.62490      1.51625     69.10865
     -0.79746     60.00615      0.88502     59.12114
     -0.78746     95.72623      1.21764     94.50859
     -0.77746    114.96139      1.91568    113.04571
     -0.76746     94.21362      1.96629     92.24732
     -0.75746     41.81772      0.93874     40.87898
     -0.74746     16.59014      0.34401     16.24614
     -0.73746     59.88605      1.08631     58.79974
     -0.72746    145.09171      2.48634    142.60537
     -0.71746    133.50566      2.15750    131.34816
     -0.70746     48.57581      0.75834     47.81747
     -0.69746     26.68704      0.57100     26.11604
     -0.68746     66.79037      1.54349     65.24688
     -0.67746     91.47065      1.92669     89.54396
     -0.66746     91.95748      1.36499     90.59249
     -0.65746     94.45013      1.17487     93.27526
     -0.64746     88.25473      1.58093     86.67380
     -0.63746     86.51424      1.96485     84.54938
     -0.62746     48.98277      1.13718     47.84559
     -0.61746     32.76140      0.56064     32.20076
     -0.60746     97.23997      1.51518     95.72479
     -0.59746    156.33779      2.64984    153.68795
     -0.58746     97.36878      1.79144     95.57734
     -0.57746     27.97938      0.57274     27.40664
     -0.56746     35.80472      0.82835     34.97637
     -0.55746     96.14794      2.02720     94.12074
     -0.54746    131.75502      2.23843    129.51659
     -0.53746     99.28467      1.32649     97.95818
     -0.52746     60.97492      1.04455     59.93037
     -0.51746     77.29898      1.83686     75.46212
     -0.50746     76.17871      1.77427     74.40444
     -0.49746     66.82541      1.05928     65.76613
     -0.48746    109.38110      1.51427    107.86683
     -0.47746    130.46227      2.36321    128.09907
     -0.46746     84.72315      1.87696     82.84620
     -0.45746     34.17775      0.78288     33.39488
     -0.44746     61.74424      1.16244     60.58180
     -0.43746    145.69980      2.57580    143.12400
     -0.42746    134.97095      2.27692    132.69403
     -0.41746     55.09900      0.96800     54.13100
     -0.40746     52.73484      1.25059     51.48424
     -0.39746    103.77431      2.27676    101.49754
     -0.38746    123.42679      2.03078    121.39601
     -0.37746    102.34288      1.43086    100.91202
     -0.36746     89.64197      1.86489     87.77708
     -0.35746     88.20575      2.13770     86.06805
     -0.34746     79.66066      1.44320     78.21746
     -0.33746    119.08249      1.77942    117.30307
     -0.32746    137.23384      2.58333    134.65051
     -0.31746     83.69678      1.87755     81.81923
     -0.30746     62.77470      1.23263     61.54206
     -0.29746    133.44931      2.35557    131.09373
     -0.28746    149.89756      2.70045    147.19712
     -0.27746     78.25411      1.52276     76.73135
     -0.26746     87.88542      1.84749     86.03794
     -0.25746    150.84895      2.79927    148.04968
     -0.24746    126.78337      2.10805    124.67532
     -0.23746     95.81716      1.92659     93.89057
     -0.22746    134.88666      2.70954    132.17712
     -0.21746    141.58991      2.35307    139.23684
     -0.20746    121.07276      2.26188    118.81088
     -0.19746    139.77281      2.79255    136.98026
     -0.18746    148.76787      2.49449    146.27339
     -0.17746    151.76001      2.73352    149.02648
     -0.16746    170.13589      3.04223    167.09366
     -0.15746    173.91547      2.82679    171.08868
     -0.14746    203.61677      3.38625    200.23052
     -0.13746    212.41389      3.35819    209.05570
     -0.12746    183.78852      3.23519    180.55334
     -0.11746    129.06067      2.95762    126.10304
     -0.10746     96.41269      2.69797     93.71471
     -0.09746     98.25212      2.88128     95.37084
     -0.08746     98.46959      2.90086     95.56873
     -0.07746    107.95277      3.18427    104.76850
     -0.06746    112.15859      3.30945    108.84914
     -0.05746    116.02174      3.42169    112.60005
     -0.04746    123.67307      3.64091    120.03215
     -0.03746    136.90385      4.01825    132.88560
     -0.02746    145.14334      4.24144    140.90190
     -0.01746    135.69050      3.94197    131.74854
     -0.00746    116.44152      3.35233    113.08919
      0.00254     89.00896      2.54532     86.46364
      0.01254     37.30612      1.06472     36.24140
      0.02254      6.31871      0.18027      6.13845
      0.03254      0.40073      0.01143      0.38930
      0.04254      0.00938      0.00027      0.00911
      0.05254      0.00000      0.00000      0.00000
      0.06254      0.00000      0.00000      0.00000
      0.07254      0.00000      0.00000      0.00000
      0.08254      0.00000      0.00000      0.00000
      0.09254      0.00000      0.00000      0.00000
      0.10254      0.00000      0.00000      0.00000
      0.11254      0.00000      0.00000      0.00000
      0.12254      0.00000      0.00000      0.00000
      0.13254      0.00000      0.00000      0.00000
      0.14254      0.00000      0.00000      0.00000
      0.15254      0.00000      0.00000      0.00000
      0.16254      0.00000      0.00000      0.00000
      0.17254      0.00000      0.00000      0.00000
      0.18254      0.00000      0.00000      0.00000
      0.19254      0.00000      0.00000      0.00000
      0.20254      0.00000      0.00000      0.00000
      0.21254      0.00000      0.00000      0.00000
      0.22254      0.00000      0.00000      0.00000
      0.23254      0.00000      0.00000      0.00000
      0.24254      0.00000      0.00000      0.00000
      0.25254      0.00000      0.00000      0.00000
      0.26254      0.00000      0.00000      0.00000
      0.27254      0.00000      0.00000      0.00000
      0.28254      0.00000      0.00000      0.00000
      0.29254      0.00000      0.00000      0.00000
      0.30254      0.00000      0.00000      0.00000
      0.31254      0.00000      0.00000      0.00000
      0.32254      0.00000      0.00000      0.00000
      0.33254      0.00000      0.00000      0.00000
      0.34254      0.00000      0.00000      0.00000
      0.35254      0.00000      0.00000      0.00000
      0.36254      0.00000      0.00000      0.00000
      0.37254      0.00000      0.00000      0.00000
      0.38254      0.00000      0.00000      0.00000
      0.39254      0.00000      0.00000      0.00000
      0.40254      0.00000      0.00000      0.00000
      0.41254      0.00000      0.00000      0.00000
      0.42254      0.00000      0.00000      0.00000
      0.43254      0.00000      0.00000      0.00000
      0.44254      0.00000      0.00000      0.00000
      0.45254      0.00000      0.00000      0.00000
      0.46254      0.00000      0.00000      0.00000
      0.47254      0.00000      0.00000      0.00000
      0.48254      0.00000      0.00000      0.00000
      0.49254      0.00000      0.00000      0.00000
      0.50254      0.00000      0.00000      0.00000
      0.51254      0.00000      0.00000      0.00000
      0.52254      0.00000      0.00000      0.00000
      0.53254      0.00000      0.00000      0.00000
      0.54254      0.00000      0.00000      0.00000
      0.55254      0.00000      0.00000      0.00000
      0.56254      0.00000      0.00000      0.00000
      0.57254      0.00000      0.00000      0.00000
      0.58254      0.00000      0.00000      0.00000
      0.59254      0.00000      0.00000      0.00000
      0.60254      0.00000      0.00000      0.00000
      0.61254      0.00000      0.00000      0.00000
      0.62254      0.00000      0.00000      0.00000
      0.63254      0.00000      0.00000      0.00000
      0.64254      0.00000      0.00000      0.00000
      0.65254      0.00000      0.00000      0.00000
      0.66254      0.00000      0.00000      0.00000
      0.67254      0.00000      0.00000      0.00000
      0.68254      0.00000      0.00000      0.00000
      0.69254      0.00000      0.00000      0.00000
      0.70254      0.00000      0.00000      0.00000
      0.71254      0.00000      0.00000      0.00000
      0.72254      0.00000      0.00000      0.00000
      0.73254      0.00000      0.00000      0.00000
      0.74254      0.00000      0.00000      0.00000
      0.75254      0.00000      0.00000      0.00000
      0.76254      0.00000      0.00000      0.00000
      0.77254      0.00000      0.00000      0.00000
      0.78254      0.00000      0.00000      0.00000
      0.79254      0.00000      0.00000      0.00000
      0.80254      0.00000      0.00000      0.00000
      0.81254      0.00000      0.00000      0.00000
      0.82254      0.00000      0.00000      0.00000
      0.83254      0.00000      0.00000      0.00000
      0.84254      0.00000      0.00000      0.00000
      0.85254      0.00000      0.00000      0.00000
      0.86254      0.00000      0.00000      0.00000
      0.87254      0.00000      0.00000      0.00000
      0.88254      0.00000      0.00000      0.00000
      0.89254      0.00000      0.00000      0.00000
      0.90254      0.00000      0.00000      0.00000
      0.91254      0.00000      0.00000      0.00000
      0.92254      0.00000      0.00000      0.00000
      0.93254      0.00000      0.00000      0.00000
      0.94254      0.00000      0.00000      0.00000
      0.95254      0.00000      0.00000      0.00000
      0.96254      0.00000      0.00000      0.00000
      0.97254      0.00000      0.00000      0.00000
      0.98254      0.00000      0.00000      0.00000
      0.99254      0.00000      0.00000      0.00000
      1.00254      0.00000      0.00000      0.00000
      1.01254      0.00000      0.00000      0.00000
      1.02254      0.00000      0.00000      0.00000
      1.03254      0.00000      0.00000      0.00000
      1.04254      0.00000      0.00000      0.00000
      1.05254      0.00000      0.00000      0.00000
      1.06254      0.00000      0.00000      0.00000
      1.07254      0.00000      0.00000      0.00000
      1.08254      0.00000      0.00000      0.00000
      1.09254      0.00000      0.00000      0.00000
      1.10254      0.00000      0.00000      0.00000
      1.11254      0.00000      0.00000      0.00000
      1.12254      0.00000      0.00000      0.00000
      1.13254      0.00000      0.00000      0.00000
      1.14254      0.00000      0.00000      0.00000
      1.15254      0.00000      0.00000      0.00000
      1.16254      0.00000      0.00000      0.00000
      1.17254      0.00000      0.00000      0.00000
      1.18254      0.00000      0.00000      0.00000
      1.19254      0.00000      0.00000      0.00000
      1.20254      0.00000      0.00000      0.00000
      1.21254      0.00000      0.00000      0.00000
      1.22254      0.00000      0.00000      0.00000
      1.23254      0.00000      0.00000      0.00000
      1.24254      0.00000      0.00000      0.00000
      1.25254      0.00000      0.00000      0.00000
      1.26254      0.00000      0.00000      0.00000
      1.27254      0.00000      0.00000      0.00000
      1.28254      0.00000      0.00000      0.00000
      1.29254      0.00000      0.00000      0.00000
      1.30254      0.00000      0.00000      0.00000
      1.31254      0.00000      0.00000      0.00000
      1.32254      0.00000      0.00000      0.00000
      1.33254      0.00000      0.00000      0.00000
      1.34254      0.00000      0.00000      0.00000
      1.35254      0.00000      0.00000      0.00000
      1.36254      0.00000      0.00000      0.00000
      1.37254      0.00000      0.00000      0.00000
      1.38254      0.00000      0.00000      0.00000
      1.39254      0.00000      0.00000      0.00000
      1.40254      0.00000      0.00000      0.00000
      1.41254      0.00000      0.00000      0.00000
      1.42254      0.00000      0.00000      0.00000
      1.43254      0.00000      0.00000      0.00000
      1.44254      0.00000      0.00000      0.00000
      1.45254      0.00000      0.00000      0.00000
      1.46254      0.00000      0.00000      0.00000
      1.47254      0.00000      0.00000      0.00000
      1.48254      0.00000      0.00000      0.00000
      1.49254      0.00000      0.00000      0.00000
      1.50254      0.00000      0.00000      0.00000
      1.51254      0.00000      0.00000      0.00000
      1.52254      0.00000      0.00000      0.00000
      1.53254      0.00000      0.00000      0.00000
      1.54254      0.00000      0.00000      0.00000
      1.55254      0.00000      0.00000      0.00000
      1.56254      0.00000      0.00000      0.00000
      1.57254      0.00000      0.00000      0.00000
      1.58254      0.00000      0.00000      0.00000
      1.59254      0.00000      0.00000      0.00000
      1.60254      0.00000      0.00000      0.00000
      1.61254      0.00000      0.00000      0.00000
      1.62254      0.00000      0.00000      0.00000
      1.63254      0.00000      0.00000      0.00000
      1.64254      0.00000      0.00000      0.00000
      1.65254      0.00000      0.00000      0.00000
      1.66254      0.00000      0.00000      0.00000
      1.67254      0.00000      0.00000      0.00000
      1.68254      0.00000      0.00000      0.00000
      1.69254      0.00000      0.00000      0.00000
      1.70254      0.00000      0.00000      0.00000
      1.71254      0.00000      0.00000      0.00000
      1.72254      0.00000      0.00000      0.00000
      1.73254      0.00000      0.00000      0.00000
      1.74254      0.00000      0.00000      0.00000
      1.75254      0.00000      0.00000      0.00000
      1.76254      0.00000      0.00000      0.00000
      1.77254      0.00000      0.00000      0.00000
      1.78254      0.00000      0.00000      0.00000
      1.79254      0.00000      0.00000      0.00000
      1.80254      0.00000      0.00000      0.00000
      1.81254      0.00000      0.00000      0.00000
      1.82254      0.00000      0.00000      0.00000
      1.83254      0.00000      0.00000      0.00000
      1.84254      0.00000      0.00000      0.00000
      1.85254      0.00000      0.00000      0.00000
      1.86254      0.00000      0.00000      0.00000
      1.87254      0.00000      0.00000      0.00000
      1.88254      0.00000      0.00000      0.00000
      1.89254      0.00000      0.00000      0.00000
      1.90254      0.00000      0.00000      0.00000
      1.91254      0.00000      0.00000      0.00000
      1.92254      0.00000      0.00000      0.00000
      1.93254      0.00000      0.00000      0.00000
      1.94254      0.00000      0.00000      0.00000
      1.95254      0.00000      0.00000      0.00000
      1.96254      0.00000      0.00000      0.00000
      1.97254      0.00000      0.00000      0.00000
      1.98254      0.00000      0.00000      0.00000
      1.99254      0.00000      0.00000      0.00000
      2.00254      0.00000      0.00000      0.00000
      2.01254      0.00000      0.00000      0.00000
      2.02254      0.00000      0.00000      0.00000
      2.03254      0.00000      0.00000      0.00000
      2.04254      0.00000      0.00000      0.00000
      2.05254      0.00000      0.00000      0.00000
      2.06254      0.00000      0.00000      0.00000
      2.07254      0.00000      0.00000      0.00000
      2.08254      0.00000      0.00000      0.00000
      2.09254      0.00000      0.00000      0.00000
      2.10254      0.00000      0.00000      0.00000
      2.11254      0.00000      0.00000      0.00000
      2.12254      0.00000      0.00000      0.00000
      2.13254      0.00000      0.00000      0.00000
      2.14254      0.00000      0.00000      0.00000
      2.15254      0.00000      0.00000      0.00000
      2.16254      0.00000      0.00000      0.00000
      2.17254      0.00000      0.00000      0.00000
      2.18254      0.00000      0.00000      0.00000
      2.19254      0.00000      0.00000      0.00000
      2.20254      0.00000      0.00000      0.00000
      2.21254      0.00000      0.00000      0.00000
      2.22254      0.00000      0.00000      0.00000
      2.23254      0.00000      0.00000      0.00000
      2.24254      0.00000      0.00000      0.00000
      2.25254      0.00000      0.00000      0.00000
      2.26254      0.00000      0.00000      0.00000
      2.27254      0.00000      0.00000      0.00000
      2.28254      0.00000      0.00000      0.00000
      2.29254      0.00000      0.00000      0.00000
      2.30254      0.00000      0.00000      0.00000
      2.31254      0.00000      0.00000      0.00000
      2.32254      0.00000      0.00000      0.00000
      2.33254      0.00000      0.00000      0.00000
      2.34254      0.00000      0.00000      0.00000
      2.35254      0.00000      0.00000      0.00000
      2.36254      0.00000      0.00000      0.00000
      2.37254      0.00000      0.00000      0.00000
      2.38254      0.00000      0.00000      0.00000
      2.39254      0.00000      0.00000      0.00000
      2.40254      0.00000      0.00000      0.00000
      2.41254      0.00000      0.00000      0.00000
      2.42254      0.00000      0.00000      0.00000
      2.43254      0.00000      0.00000      0.00000
      2.44254      0.00000      0.00000      0.00000
      2.45254      0.00000      0.00000      0.00000
      2.46254      0.00000      0.00000      0.00000
      2.47254      0.00000      0.00000      0.00000
      2.48254      0.00000      0.00000      0.00000
      2.49254      0.00000      0.00000      0.00000
      2.50254      0.00000      0.00000      0.00000
      2.51254      0.00000      0.00000      0.00000
      2.52254      0.00000      0.00000      0.00000
      2.53254      0.00000      0.00000      0.00000
      2.54254      0.00000      0.00000      0.00000
      2.55254      0.00000      0.00000      0.00000
      2.56254      0.00000      0.00000      0.00000
      2.57254      0.00000      0.00000      0.00000
      2.58254      0.00000      0.00000      0.00000
      2.59254      0.00000      0.00000      0.00000
      2.60254      0.00000      0.00000      0.00000
      2.61254      0.00000      0.00000      0.00000
      2.62254      0.00000      0.00000      0.00000
      2.63254      0.00000      0.00000      0.00000
      2.64254      0.00000      0.00000      0.00000
      2.65254      0.00000      0.00000      0.00000
      2.66254      0.00000      0.00000      0.00000
      2.67254      0.00000      0.00000      0.00000
      2.68254      0.00000      0.00000      0.00000
      2.69254      0.00000      0.00000      0.00000
      2.70254      0.00000      0.00000      0.00000
      2.71254      0.00000      0.00000      0.00000
      2.72254      0.00000      0.00000      0.00000
      2.73254      0.00000      0.00000      0.00000
      2.74254      0.00000      0.00000      0.00000
      2.75254      0.00000      0.00000      0.00000
      2.76254      0.00000      0.00000      0.00000
      2.77254      0.00000      0.00000      0.00000
      2.78254      0.00000      0.00000      0.00000
      2.79254      0.00000      0.00000      0.00000
      2.80254      0.00000      0.00000      0.00000
      2.81254      0.00000      0.00000      0.00000
      2.82254      0.00000      0.00000      0.00000
      2.83254      0.00000      0.00000      0.00000
      2.84254      0.00000      0.00000      0.00000
      2.85254      0.00000      0.00000      0.00000
      2.86254      0.00000      0.00000      0.00000
      2.87254      0.00000      0.00000      0.00000
      2.88254      0.00000      0.00000      0.00000
      2.89254      0.00000      0.00000      0.00000
      2.90254      0.00000      0.00000      0.00000
      2.91254      0.00000      0.00000      0.00000
      2.92254      0.00000      0.00000      0.00000
      2.93254      0.00000      0.00000      0.00000
      2.94254      0.00000      0.00000      0.00000
      2.95254      0.00000      0.00000      0.00000
      2.96254      0.00000      0.00000      0.00000
      2.97254      0.00000      0.00000      0.00000
      2.98254      0.00000      0.00000      0.00000
      2.99254      0.00000      0.00000      0.00000
      3.00254      0.00000      0.00000      0.00000
      3.01254      0.00000      0.00000      0.00000
      3.02254      0.00000      0.00000      0.00000
      3.03254      0.00000      0.00000      0.00000
      3.04254      0.00000      0.00000      0.00000
      3.05254      0.00000      0.00000      0.00000
      3.06254      0.00000      0.00000      0.00000
      3.07254      0.00000      0.00000      0.00000
      3.08254      0.00000      0.00000      0.00000
      3.09254      0.00000      0.00000      0.00000
      3.10254      0.00000      0.00000      0.00000
      3.11254      0.00000      0.00000      0.00000
      3.12254      0.00000      0.00000      0.00000
      3.13254      0.00000      0.00000      0.00000
      3.14254      0.00000      0.00000      0.00000
      3.15254      0.00000      0.00000      0.00000
      3.16254      0.00000      0.00000      0.00000
      3.17254      0.00000      0.00000      0.00000
      3.18254      0.00000      0.00000      0.00000
      3.19254      0.00000      0.00000      0.00000
      3.20254      0.00000      0.00000      0.00000
      3.21254      0.00000      0.00000      0.00000
      3.22254      0.00000      0.00000      0.00000
      3.23254      0.00000      0.00000      0.00000
      3.24254      0.00000      0.00000      0.00000
      3.25254      0.00000      0.00000      0.00000
      3.26254      0.00000      0.00000      0.00000
      3.27254      0.00000      0.00000      0.00000
      3.28254      0.00000      0.00000      0.00000
      3.29254      0.01028      0.00011      0.01017
      3.30254      0.45305      0.00490      0.44815
      3.31254      7.63474      0.08285      7.55189
      3.32254     51.06251      0.55679     50.50571
      3.33254    146.15431      1.61008    144.54423
      3.34254    209.77284      2.36190    207.41094
      3.35254    199.19165      2.33322    196.85843
      3.36254    166.28244      2.05314    164.22930
      3.37254    143.78586      1.88030    141.90557
      3.38254    132.50607      1.83018    130.67588
      3.39254    123.03120      1.78865    121.24256
      3.40254    115.56804      1.76981    113.79823
      3.41254    109.27171      1.75454    107.51717
      3.42254    106.53171      1.79702    104.73468
      3.43254    108.77038      1.91610    106.85428
      3.44254    144.62421      2.64000    141.98421
      3.45254    200.17421      3.69504    196.47917
      3.46254    224.39887      4.21700    220.18187
      3.47254    203.63532      3.90483    199.73049
      3.48254    187.03053      3.68905    183.34149
      3.49254    173.28717      3.51673    169.77044
      3.50254    156.43125      3.24712    153.18414
      3.51254    170.33649      3.62496    166.71153
      3.52254    130.63452      2.88442    127.75010
      3.53254    139.07631      3.15415    135.92216
      3.54254    163.54756      3.68421    159.86335
      3.55254    117.93284      2.78882    115.14403
      3.56254    122.82831      3.08653    119.74179
      3.57254    147.81855      3.51009    144.30846
      3.58254    134.46609      3.29111    131.17497
      3.59254    110.89431      3.05368    107.84063
      3.60254    100.99587      2.70050     98.29537
      3.61254    146.75936      3.76000    142.99936
      3.62254    143.49037      3.85578    139.63459
      3.63254     80.08358      2.37122     77.71236
      3.64254     97.28722      3.00318     94.28404
      3.65254    144.47840      4.04346    140.43494
      3.66254    127.54005      3.41183    124.12822
      3.67254    103.06075      3.29780     99.76295
      3.68254     86.89446      3.03843     83.85603
      3.69254     90.35739      2.78011     87.57728
      3.70254    150.60963      4.46985    146.13978
      3.71254    133.82173      4.17842    129.64331
      3.72254     66.43171      2.35422     64.07749
      3.73254     79.25878      3.11506     76.14373
      3.74254    116.39999      4.05010    112.34990
      3.75254    126.95204      3.74644    123.20561
      3.76254    122.27731      4.10631    118.17100
      3.77254     93.72216      3.80376     89.91840
      3.78254     54.62024      2.32233     52.29791
      3.79254     88.50666      3.40166     85.10500
      3.80254    153.64338      5.38398    148.25940
      3.81254    119.36309      3.94835    115.41474
      3.82254     73.92155      3.00843     70.91312
      3.83254     83.98971      4.04235     79.94736
      3.84254     71.69509      3.21913     68.47596
      3.85254     96.03975      3.44471     92.59504
      3.86254    154.81187      5.73093    149.08094
      3.87254    113.28129      4.59241    108.68888
      3.88254     50.05173      2.38072     47.67101
      3.89254     67.97489      3.61955     64.35534
      3.90254     96.72010      4.68566     92.03445
      3.91254    107.41833      3.93450    103.48383
      3.92254    127.22816      4.73010    122.49806
      3.93254    113.54162      5.38941    108.15221
      3.94254     60.48451      3.29449     57.19002
      3.95254     42.57957      2.42738     40.15219
      3.96254     93.46914      4.88496     88.58418
      3.97254    134.21711      5.77260    128.44451
      3.98254    112.63028      4.12539    108.50489
      3.99254     89.23256      4.34347     84.88909
      4.00254     84.86454      5.10944     79.75511
      4.01254     49.52722      3.04389     46.48333
      4.02254     54.60838      2.94477     51.66361
      4.03254    131.40931      6.39190    125.01742
      4.04254    148.44423      9.18374    139.26049
      4.05254    116.74663     41.11027     75.63636
      4.06254    278.90483    198.92564     79.97919
      4.07254    543.87340    424.32484    119.54856
      4.08254    555.34955    454.87719    100.47236
      4.09254    517.68467    401.13101    116.55366
      4.10254    673.00837    476.06589    196.94248
      4.11254    734.51933    551.47042    183.04891
      4.12254    609.80227    506.06112    103.74114
      4.13254    531.96987    436.16396     95.80591
      4.14254    512.84559    393.26028    119.58531
      4.15254    469.52487    363.39244    106.13243
      4.16254    466.95863    341.93522    125.02341
      4.17254    497.84981    327.20208    170.64773
      4.18254    452.63472    311.92733    140.70738
      4.19254    370.09444    295.43831     74.65613
      4.20254    349.73730    283.25768     66.47962
      4.21254    378.22356    274.82197    103.40159
      4.22254    380.63539    265.11554    115.51985
      4.23254    380.17652    255.06323    125.11328
      4.24254    387.77449    248.13607    139.63843
      4.25254    365.76193    241.43360    124.32833
      4.26254    308.26056    231.66656     76.59400
      4.27254    275.80595    224.38885     51.41710
      4.28254    304.91958    219.60144     85.31814
      4.29254    344.86597    217.22769    127.63828
      4.30254    341.96456    208.96247    133.00209
      4.31254    324.33326    203.99268    120.34059
      4.32254    368.97752    198.20719    170.77033
      4.33254    444.75037    197.91995    246.83043
      4.34254    399.77108    189.83118    209.93990
      4.35254    368.34278    189.04835    179.29443
      4.36254    406.00334    183.31301    222.69032
      4.37254    436.87922    185.75846    251.12076
      4.38254    361.09559    174.65515    186.44044
      4.39254    327.62640    175.25410    152.37230
      4.40254    348.04041    171.65946    176.38095
      4.41254    290.91727    166.20085    124.71642
      4.42254    272.09081    167.70012    104.39069
      4.43254    330.10945    158.31451    171.79494
      4.44254    380.92816    170.04469    210.88346
      4.45254    312.22420    153.05946    159.16474
      4.46254    288.96689    159.38217    129.58472
      4.47254    297.92589    154.19618    143.72971
      4.48254    269.38602    148.80224    120.58378
      4.49254    234.06012    152.96586     81.09426
      4.50254    258.69076    143.20704    115.48372
      4.51254    351.96275    150.45071    201.51204
      4.52254    345.54422    148.84436    196.69987
      4.53254    246.23319    139.85712    106.37608
      4.54254    270.18155    144.29111    125.89044
      4.55254    459.14293    157.51906    301.62386
      4.56254    567.09803    161.07844    406.01959
      4.57254    491.69291    158.57634    333.11657
      4.58254    438.57457    156.59046    281.98411
      4.59254    490.71731    146.05739    344.65992
      4.60254    539.81317    153.74681    386.06636
      4.61254    442.99245    152.34035    290.65211
      4.62254    320.01635    129.74648    190.26987
      4.63254    333.03687    142.90965    190.12722
      4.64254    409.91798    148.94723    260.97076
      4.65254    421.03571    125.83496    295.20074
      4.66254    409.61732    141.26269    268.35463
      4.67254    370.08617    143.54036    226.54581
      4.68254    311.25646    114.68919    196.56727
      4.69254    352.96918    137.00656    215.96262
      4.70254    373.95670    146.21189    227.74480
      4.71254    315.90881    108.63560    207.27321
      4.72254    304.58028    124.64003    179.94025
      4.73254    363.05908    149.15032    213.90875
      4.74254    366.91775    111.84672    255.07103
      4.75254    336.21533    112.63599    223.57934
      4.76254    346.47226    148.09631    198.37595
      4.77254    296.18188    115.10680    181.07508
      4.78254    261.24306     94.59449    166.64857
      4.79254    325.14714    141.88313    183.26401
      4.80254    302.85096    132.30016    170.55080
      4.81254    296.19446     87.27865    208.91581
      4.82254    369.46751    120.61524    248.85227
      4.83254    336.92370    147.59986    189.32385
      4.84254    263.19909     96.89220    166.30689
      4.85254    264.26427     88.79317    175.47109
      4.86254    335.03765    144.73011    190.30753
      4.87254    292.59227    126.65385    165.93842
      4.88254    206.44569     72.74385    133.70184
      4.89254    265.92968    107.69932    158.23036
      4.90254    362.83825    150.98833    211.84992
      4.91254    363.92675    103.37049    260.55626
      4.92254    283.99706     73.87080    210.12626
      4.93254    261.26782    128.02495    133.24287
      4.94254    235.07946    137.25856     97.82089
      4.95254    165.77294     72.46599     93.30695
      4.96254    246.04207     78.81090    167.23116
      4.97254    379.78441    146.46072    233.32370
      4.98254    381.28296    130.29447    250.98849
      4.99254    252.20904     63.21769    188.99135
      5.00254    189.90550     81.46947    108.43603
      5.01254    286.31893    148.05892    138.26001
      5.02254    276.18534    117.30115    158.88419
      5.03254    157.49042     52.75820    104.73221
      5.04254    215.84292     86.26713    129.57580
      5.05254    340.30482    150.57098    189.73384
      5.06254    314.61496    110.44891    204.16605
      5.07254    270.11580     53.69792    216.41788
      5.08254    258.97030     87.80694    171.16337
      5.09254    257.44372    147.81170    109.63202
      5.10254    240.77472    109.02506    131.74966
      5.11254    190.68563     46.97651    143.70912
      5.12254    181.70529     74.81900    106.88629
      5.13254    261.32233    145.57947    115.74286
      5.14254    256.79558    117.06904    139.72654
      5.15254    212.40255     49.14782    163.25473
      5.16254    282.42016     68.48000    213.94015
      5.17254    354.75660    142.64182    212.11478
      5.18254    259.94738    128.23261    131.71476
      5.19254    163.73306     51.95471    111.77835
      5.20254    257.61763     53.35459    204.26304
      5.21254    423.81414    133.45960    290.35454
      5.22254    433.62244    154.57882    279.04361
      5.23254    271.43990     73.51358    197.92633
      5.24254    117.78855     33.14370     84.64485
      5.25254    120.15106     87.65064     32.50041
      5.26254    216.33038    147.71052     68.61986
      5.27254    241.21475     98.88438    142.33037
      5.28254    196.26258     38.58701    157.67556
      5.29254    206.81897     62.63876    144.18022
      5.30254    321.64491    141.00989    180.63501
      5.31254    325.04248    131.66990    193.37257
      5.32254    191.00409     51.65783    139.34626
      5.33254    185.20114     39.27685    145.92429
      5.34254    256.67346    107.02929    149.64418
      5.35254    226.08096    147.03105     79.04992
      5.36254    145.51981     80.97715     64.54266
      5.37254    188.09746     32.55355    155.54391
      5.38254    282.35318     68.02253    214.33065
      5.39254    302.53388    141.43540    161.09847
      5.40254    266.94287    126.73607    140.20680
      5.41254    213.72538     51.52930    162.19608
      5.42254    194.50124     39.09032    155.41092
      5.43254    280.11601    105.60332    174.51269
      5.44254    283.72573    147.67974    136.04599
      5.45254    141.19859     83.40937     57.78922
      5.46254     98.13545     33.55153     64.58392
      5.47254    195.79785     69.22768    126.57017
      5.48254    316.06088    132.86530    183.19558
      5.49254    342.56133    125.14320    217.41813
      5.50254    287.02274     72.49442    214.52831
      5.51254    250.75824     73.56605    177.19218
      5.52254    223.83085     95.93607    127.89478
      5.53254    181.61785    104.67784     76.94001
      5.54254    209.27797    122.33570     86.94227
      5.55254    306.40085    115.28076    191.12009
      5.56254    290.90766     78.37634    212.53132
      5.57254    208.29534     91.68423    116.61111
      5.58254    264.54307    142.85424    121.68883
      5.59254    336.55181    119.58029    216.97153
      5.60254    272.00194     81.70807    190.29387
      5.61254    165.36335     85.48195     79.88140
      5.62254    143.27103     78.02871     65.24232
      5.63254    231.28496     91.43900    139.84596
      5.64254    309.92736    109.65266    200.27470
      5.65254    278.52050    103.25846    175.26204
      5.66254    235.27608     80.66837    154.60771
      5.67254    335.04037    147.97129    187.06908
      5.68254    554.87371    371.34971    183.52400
      5.69254    649.74672    489.81153    159.93519
      5.70254    473.79011    349.77930    124.01081
      5.71254    345.61609    218.62283    126.99327
      5.72254    407.33287    197.98539    209.34748
      5.73254    484.44230    214.37376    270.06855
      5.74254    460.64217    208.41785    252.22433
      5.75254    306.40413    146.53666    159.86747
      5.76254    266.01323    129.90306    136.11018
      5.77254    395.58145    210.17718    185.40427
      5.78254    409.61961    225.74068    183.87893
      5.79254    309.61711    148.63228    160.98483
      5.80254    294.28259     94.65131    199.63128
      5.81254    406.61133    134.15113    272.46020
      5.82254    461.35227    187.72451    273.62776
      5.83254    406.35879    205.78271    200.57608
      5.84254    400.67472    239.37523    161.29949
      5.85254    419.01893    204.77221    214.24672
      5.86254    531.10161    218.74748    312.35412
      5.87254    607.71288    245.07618    362.63670
      5.88254    486.13692    207.72969    278.40724
      5.89254    409.83236    186.60426    223.22810
      5.90254    355.14065    150.49287    204.64777
      5.91254    260.05466    134.94511    125.10955
      5.92254    152.08877    107.82901     44.25975
      5.93254     60.03379     50.06578      9.96802
      5.94254     13.85600     12.02051      1.83549
      5.95254     29.33244     23.01292      6.31952
      5.96254    152.64849    112.53182     40.11667
      5.97254    330.35121    220.87863    109.47259
      5.98254    350.24239    195.82856    154.41383
      5.99254    319.39451    161.50681    157.88770
      6.00254    288.25461    151.59758    136.65703
      6.01254    181.63766     74.88445    106.75321
      6.02254    100.36800     19.52652     80.84148
      6.03254     39.41644      4.25989     35.15655
      6.04254      7.44876      1.00062      6.44813
      6.05254     12.45910      6.26669      6.19240
      6.06254     87.08181     41.22463     45.85717
      6.07254    252.37177    115.49408    136.87769
      6.08254    314.92818    159.23339    155.69479
      6.09254    226.62975    153.33518     73.29457
      6.10254    190.56060    164.85537     25.70523
      6.11254    194.02907    170.70661     23.32246
      6.12254    152.29115    102.23473     50.05642
      6.13254    186.34515     71.57862    114.76653
      6.14254    304.77785    157.97736    146.80049
      6.15254    365.82479    248.00332    117.82147
      6.16254    363.01525    251.55569    111.45957
      6.17254    281.21005    178.70213    102.50792
      6.18254    222.73380    162.72733     60.00647
      6.19254    293.04288    245.62508     47.41780
      6.20254    255.91367    212.18232     43.73135
      6.21254    133.51724     83.36536     50.15188
      6.22254    133.65367     46.14752     87.50615
      6.23254    229.89903    112.73594    117.16309
      6.24254    331.75392    197.45620    134.29772
      6.25254    379.33886    244.18347    135.15539
      6.26254    331.77793    211.92273    119.85519
      6.27254    193.30140    123.01456     70.28684
      6.28254    171.68971    114.51152     57.17819
      6.29254    211.40335    124.54844     86.85490
      6.30254    176.08388     98.57443     77.50945
      6.31254    145.72829    106.33673     39.39156
      6.32254    153.91768    119.60913     34.30855
      6.33254    178.17544    104.29658     73.87886
      6.34254    309.90910    133.76051    176.14859
      6.35254    427.47039    190.01335    237.45703
      6.36254    369.94110    209.88004    160.06106
      6.37254    251.24580    186.80870     64.43710
      6.38254    156.46044    130.17196     26.28848
      6.39254    142.14318    102.69699     39.44619
      6.40254    192.90485    112.57313     80.33173
      6.41254    224.73550    143.35641     81.37909
      6.42254    184.43185    139.75336     44.67849
      6.43254    133.46490     95.16786     38.29703
      6.44254    164.64520     90.61736     74.02784
      6.45254    174.07772     88.51566     85.56206
      6.46254    215.43768    123.02553     92.41215
      6.47254    297.88452    166.49187    131.39530
      6.48254    270.55239    134.00542    136.65816
      6.49254    198.69907     98.51897    101.97383
      6.50254    280.61384    231.90589     60.26036
      6.51254    506.28549    489.40746     48.47811
      6.52254    515.75605    514.84565     42.25211
      6.53254    405.68242    382.77373     58.70540
      6.54254    515.74479    478.20288     82.16539
      6.55254    734.81948    730.79784     71.59988
      6.56254    827.53681    809.63094     89.97687
      6.57254    856.02467    796.76863    119.83539
      6.58254    797.28835    729.57787    119.33103
      6.59254    571.06794    528.98667     87.55170
      6.60254    356.00891    355.99423     37.15254
      6.61254    339.31201    335.90547     37.63831
      6.62254    476.63170    416.41927     97.81286
      6.63254    539.08401    445.84032    130.56204
      6.64254    459.62146    412.35445     81.65881
      6.65254    381.05904    387.59341     26.67761
      6.66254    388.97358    398.70238     24.85454
      6.67254    391.82117    359.92410     64.02501
      6.68254    375.77883    323.62963     78.41210
      6.69254    350.93061    335.89079     40.22724
      6.70254    358.09139    365.28512     21.28867
      6.71254    385.49345    352.57641     62.59049
      6.72254    448.90176    330.22890    147.30324
      6.73254    546.31222    372.90859    199.19262
      6.74254    521.27128    376.93161    164.72409
      6.75254    400.97803    343.34084     79.19483
      6.76254    344.01346    339.01292     31.77255
      6.77254    302.02375    312.87396     16.28790
      6.78254    285.17386    298.36853     11.88801
      6.79254    317.38573    309.51352     32.40197
      6.80254    395.58005    323.57865     94.26671
      6.81254    450.52105    321.98700    145.54634
      6.82254    419.12680    305.78787    133.08583
      6.83254    301.08654    242.44263     80.39312
      6.84254    236.16121    210.87343     46.63184
      6.85254    302.65250    253.74308     71.51794
      6.86254    311.16225    257.67310     73.38449
      6.87254    254.42270    246.87026     29.50045
      6.88254    196.30409    208.40886      6.91093
      6.89254    210.80508    220.54673      7.60270
      6.90254    258.49065    254.98299     23.75840
      6.91254    338.55642    261.54677     95.24540
      6.92254    485.13646    292.37120    207.78791
      6.93254    448.09088    248.96197    207.92582
      6.94254    246.45667    136.07007    113.67750
      6.95254    246.71721    164.44774     89.38176
      6.96254    402.64508    342.46912     79.50678
      6.97254    451.75051    442.35112     35.41446
      6.98254    353.09345    362.94721     11.44067
      6.99254    255.46199    255.88239     17.72284
      7.00254    307.16698    255.45926     71.42777
      7.01254    395.29027    267.04877    143.05755
      7.02254    364.34224    239.92679    132.17084
      7.03254    267.78450    222.73791     57.51425
      7.04254    203.54055    210.66980     12.96533
      7.05254    123.13269    120.27557     15.61971
      7.06254     98.27428     48.68552     53.51580
      7.07254    188.51647    113.20810     81.49301
      7.08254    366.28233    293.56735     88.26598
      7.09254    499.24643    400.89079    121.46555
      7.10254    467.15830    356.93748    135.84393
      7.11254    350.30303    235.39826    131.29764
      7.12254    293.43032    179.74719    122.53761
      7.13254    342.24606    255.70448    103.73376
      7.14254    337.41425    286.87308     72.45861
      7.15254    210.32119    186.74478     34.41773
      7.16254    173.88534    127.43764     51.32557
      7.17254    297.39888    196.03965    112.67946
      7.18254    345.07964    245.20929    118.04851
      7.19254    241.27960    195.33730     59.83297
      7.20254    169.76599    128.99487     45.66854
      7.21254    160.71047     77.37598     84.06413
      7.22254    189.81965     76.45258    113.47118
      7.23254    250.54730    126.16239    125.41472
      7.24254    329.38656    215.88316    120.07429
      7.25254    425.90532    317.01877    126.02536
      7.26254    456.72004    339.69527    137.79128
      7.27254    394.55823    292.19985    117.17735
      7.28254    317.78696    260.96795     70.06539
      7.29254    419.41598    350.10481     88.57109
      7.30254    633.73090    463.72396    189.04606
      7.31254    683.01982    454.82371    239.13105
      7.32254    520.21186    335.51466    192.55393
      7.33254    427.55621    249.12920    191.43677
      7.34254    427.64276    246.85664    196.88450
      7.35254    329.48467    218.05604    124.81738
      7.36254    205.17647    127.95927     83.58727
      7.37254    165.00251     78.81453     89.26089
      7.38254    232.21425    154.16404     85.26215
      7.39254    371.26895    304.82860     78.19410
      7.40254    440.86675    350.30479    102.86924
      7.41254    365.36595    242.13024    132.79156
      7.42254    296.61641    140.33472    159.96609
      7.43254    291.04761    115.24919    176.35566
      7.44254    208.54165     74.41661    134.16072
      7.45254    145.74229     67.75978     78.09823
      7.46254    250.28881    175.79703     75.63480
      7.47254    429.11939    328.78291    104.76078
      7.48254    449.04489    361.56390     95.04861
      7.49254    289.97632    243.85394     53.62846
      7.50254    184.73037    119.12140     70.31086
      7.51254    214.38637     78.85125    136.95925
      7.52254    326.40032    145.18662    181.39254
      7.53254    431.13167    238.01967    193.26932
      7.54254    392.86518    244.14239    150.01325
      7.55254    295.51864    229.26222     72.07258
      7.56254    358.72049    332.40401     42.78542
      7.57254    485.95685    429.92628     80.54301
      7.58254    426.37516    317.03153    126.70719
      7.59254    399.79782    217.27426    193.80818
      7.60254    479.71433    223.37900    269.42626
      7.61254    497.20010    245.92206    266.67681
      7.62254    405.64303    244.98000    174.07818
      7.63254    284.07480    216.75539     78.16735
      7.64254    200.42516    175.33369     32.42975
      7.65254    183.12476    162.06149     29.58400
      7.66254    231.30049    177.20964     67.35269
      7.67254    273.98300    188.48805     96.79296
      7.68254    261.43608    181.41608     90.03090
      7.69254    194.61973    128.71419     74.35088
      7.70254    223.64406    106.89176    121.91046
      7.71254    298.46970    155.41545    151.96774
      7.72254    244.32441    166.47596     90.27594
      7.73254    205.32567    149.80326     62.84098
      7.74254    233.55580    177.12040     61.75812
      7.75254    241.77079    208.02642     42.26415
      7.76254    191.28705    154.70381     43.07966
      7.77254    110.11782     68.17543     43.78486
      7.78254     45.81288     22.51612     23.53898
      7.79254     65.45116     34.49436     31.74143
      7.80254    185.02792    116.04813     73.42526
      7.81254    272.38262    187.73141     94.29947
      7.82254    294.68087    195.10533    109.34993
      7.83254    317.64880    216.81478    109.65666
      7.84254    257.06213    176.26457     87.48395
      7.85254    181.80051    103.71174     80.36682
      7.86254    151.77296     98.27332     53.79251
      7.87254    126.99361     99.23328     27.77423
      7.88254    110.65153     80.44042     30.21135
      7.89254    108.74644     51.96479     56.78190
      7.90254    134.68716     61.77116     72.92913
      7.91254    125.26807     84.16586     41.36073
      7.92254     84.36434     75.79141     10.44560
      7.93254     92.70057     94.90651      2.78525
      7.94254    136.99569    130.34657     11.57597
      7.95254    232.56805    191.16747     43.75786
      7.96254    412.73015    313.73009    103.05828
      7.97254    552.11335    409.20225    152.16509
      7.98254    474.38336    325.67650    157.10558
      7.99254    356.85136    231.67483    128.31740
      8.00254    275.49841    216.03720     60.61297
      8.01254    178.50195    163.30980     16.22801
      8.02254     93.03761     88.55490      7.19860
      8.03254    121.23613    102.84891     25.62255
      8.04254    212.76735    158.69561     62.84487
      8.05254    240.11568    186.39981     59.50128
      8.06254    151.65741    131.41046     22.66551
      8.07254     51.90839     47.10043      5.31830
      8.08254     46.66484     38.07591      8.63258
      8.09254    106.55358     87.17013     19.38486
      8.10254    165.39871    138.82192     26.57689
      8.11254    183.35595    147.95128     35.41074
      8.12254    163.57101    106.05133     57.66882
      8.13254    208.44401    112.77150     97.02044
      8.14254    301.93898    194.41503    112.01429
      8.15254    393.90975    296.70470    102.81095
      8.16254    359.40315    297.09989     65.33220
      8.17254    247.77899    200.67171     48.43336
      8.18254    231.44384    126.91371    105.10774
      8.19254    268.75720    105.12667    163.85989
      8.20254    284.96888    114.25776    172.05302
      8.21254    379.17076    198.06178    187.19857
      8.22254    410.56460    261.46862    159.92357
      8.23254    253.23773    187.42657     76.66879
      8.24254    200.38097    163.52852     49.30433
      8.25254    295.21320    223.14288     81.86043
      8.26254    377.21285    278.92883    101.42385
      8.27254    353.55439    267.29345     86.90987
      8.28254    285.17083    216.89883     69.71897
      8.29254    234.19690    186.79425     50.12615
      8.30254    214.94465    178.72503     38.22480
      8.31254    190.56721    159.67518     31.56296
      8.32254    156.49143    128.28645     28.54500
      8.33254    166.55470    119.91427     48.76217
