Energy-E_F (eV)    DOS (1/eV)    PDOS (1/eV)  of atom type H  C  
     -6.84322    201.78983     10.09192    191.69791
     -6.83322    294.96225     22.74108    272.22117
     -6.82322    229.56909     22.21679    207.35230
     -6.81322    123.64107      9.48791    114.15316
     -6.80322     89.94040      2.85200     87.08840
     -6.79322     63.11856      1.30380     61.81476
     -6.78322     87.21746      1.63351     85.58395
     -6.77322    137.66632      2.83920    134.82712
     -6.76322    164.69870      7.93406    156.76464
     -6.75322    238.48141     24.37820    214.10321
     -6.74322    302.48580     38.45151    264.03429
     -6.73322    213.90247     27.60883    186.29365
     -6.72322    119.80319      9.64450    110.15870
     -6.71322     96.90703      4.32677     92.58025
     -6.70322    122.30902     10.07737    112.23166
     -6.69322    214.33520     18.25328    196.08192
     -6.68322    199.28729     13.59112    185.69616
     -6.67322     99.69788      6.84372     92.85417
     -6.66322    135.04946     15.42418    119.62528
     -6.65322    237.05782     27.63633    209.42149
     -6.64322    170.49230     18.83298    151.65932
     -6.63322     75.35731      5.23491     70.12240
     -6.62322    119.21359      2.34426    116.86933
     -6.61322    161.45801      3.68836    157.76965
     -6.60322    120.98183      9.49294    111.48890
     -6.59322    149.78411     22.70762    127.07648
     -6.58322    223.85530     30.49624    193.35906
     -6.57322    214.59498     26.15352    188.44146
     -6.56322    141.78669     15.27238    126.51430
     -6.55322    113.66062      6.19890    107.46173
     -6.54322    151.80421      3.18442    148.61979
     -6.53322    133.51528      3.76587    129.74942
     -6.52322    115.96896     13.79595    102.17301
     -6.51322    208.97576     33.67702    175.29874
     -6.50322    222.61107     32.40797    190.20310
     -6.49322    131.41166     15.62943    115.78223
     -6.48322    112.05165     10.26329    101.78836
     -6.47322    139.24814      7.34533    131.90281
     -6.46322    173.36682      5.75495    167.61188
     -6.45322    176.00640     14.03495    161.97144
     -6.44322    194.65569     29.26285    165.39284
     -6.43322    188.88840     26.46083    162.42757
     -6.42322    159.60554     16.28374    143.32180
     -6.41322    205.42774     28.57285    176.85490
     -6.40322    272.58525     43.08448    229.50077
     -6.39322    268.57932     35.21234    233.36698
     -6.38322    277.04281     24.64260    252.40022
     -6.37322    221.48827     17.51599    203.97228
     -6.36322    125.02218     12.22608    112.79610
     -6.35322     70.85614      5.87752     64.97861
     -6.34322     91.16309      4.69104     86.47204
     -6.33322    121.78460     11.30154    110.48306
     -6.32322    109.06913     15.64490     93.42423
     -6.31322     88.25801      9.13349     79.12453
     -6.30322    136.75088      4.14962    132.60126
     -6.29322    174.85607      6.70738    168.14868
     -6.28322    142.83172     13.31990    129.51183
     -6.27322    122.04781     18.26970    103.77811
     -6.26322    198.08899     30.38598    167.70300
     -6.25322    320.32667     44.43500    275.89168
     -6.24322    299.65560     41.16236    258.49324
     -6.23322    258.76714     41.12002    217.64713
     -6.22322    258.49916     38.95854    219.54062
     -6.21322    222.69233     26.07357    196.61877
     -6.20322    166.51124     13.68929    152.82195
     -6.19322    159.31187     16.32121    142.99066
     -6.18322    171.58699     22.49979    149.08720
     -6.17322    117.18763     14.61094    102.57669
     -6.16322     96.87516      9.57698     87.29818
     -6.15322    159.37227     18.03703    141.33524
     -6.14322    172.68606     19.54715    153.13890
     -6.13322    137.77640     10.45969    127.31670
     -6.12322    146.11861     12.69921    133.41940
     -6.11322    218.06455     22.92284    195.14171
     -6.10322    194.10404     17.88753    176.21651
     -6.09322     76.75871      5.46531     71.29339
     -6.08322     14.05964      0.71566     13.34398
     -6.07322     18.72482      0.95278     17.77205
     -6.06322    106.63766      7.14411     99.49355
     -6.05322    272.60925     23.57840    249.03086
     -6.04322    319.41200     35.24516    284.16684
     -6.03322    197.88002     27.16869    170.71133
     -6.02322     89.06227     12.86231     76.19996
     -6.01322    113.33330     10.58347    102.74982
     -6.00322    242.95074     18.24989    224.70085
     -5.99322    306.26327     19.56381    286.69946
     -5.98322    227.73369     12.49349    215.24021
     -5.97322     99.88430      5.38383     94.50047
     -5.96322     89.19193      8.92302     80.26891
     -5.95322    199.46684     24.66710    174.79974
     -5.94322    247.03351     34.72144    212.31208
     -5.93322    175.68016     25.43235    150.24781
     -5.92322     79.97929     10.48886     69.49043
     -5.91322     58.64885      7.99057     50.65829
     -5.90322    168.54484     25.04660    143.49824
     -5.89322    270.14841     40.78648    229.36193
     -5.88322    243.06704     35.23548    207.83156
     -5.87322    209.42057     29.67351    179.74706
     -5.86322    170.36294     24.25376    146.10919
     -5.85322    126.31940     13.64456    112.67483
     -5.84322    140.08380      9.13883    130.94497
     -5.83322    153.29531     13.06984    140.22547
     -5.82322    135.11230     20.62141    114.49089
     -5.81322    164.07415     29.69449    134.37967
     -5.80322    241.13232     31.41675    209.71558
     -5.79322    319.45335     30.23300    289.22035
     -5.78322    277.52921     24.23490    253.29432
     -5.77322    116.34152     10.04751    106.29402
     -5.76322     29.05790      2.64072     26.41718
     -5.75322     51.31208      5.21934     46.09274
     -5.74322    124.34363     12.81162    111.53201
     -5.73322    195.98778     21.69066    174.29712
     -5.72322    225.11078     24.42324    200.68754
     -5.71322    198.39258     17.12840    181.26418
     -5.70322    142.20848     12.49777    129.71071
     -5.69322    104.83616     15.38373     89.45243
     -5.68322    163.77500     25.59385    138.18115
     -5.67322    220.33692     25.59872    194.73820
     -5.66322    181.66219     19.55944    162.10275
     -5.65322    200.69612     28.25344    172.44267
     -5.64322    257.15466     33.48620    223.66846
     -5.63322    243.78754     22.29659    221.49095
     -5.62322    295.13016     23.35566    271.77450
     -5.61322    359.78939     32.76827    327.02112
     -5.60322    300.30576     31.79059    268.51517
     -5.59322    344.95852     43.94810    301.01043
     -5.58322    567.92369     74.22560    493.69809
     -5.57322    715.75378     91.04985    624.70393
     -5.56322    696.57882     90.05166    606.52716
     -5.55322    637.75735     77.82015    559.93720
     -5.54322    580.21887     62.46567    517.75320
     -5.53322    539.53127     59.68559    479.84568
     -5.52322    503.12576     55.32629    447.79948
     -5.51322    454.35646     46.54022    407.81624
     -5.50322    446.54068     43.98718    402.55350
     -5.49322    524.50767     56.09894    468.40874
     -5.48322    480.50079     59.03629    421.46450
     -5.47322    300.70951     46.16412    254.54540
     -5.46322    264.68329     47.06830    217.61499
     -5.45322    270.36333     39.97467    230.38866
     -5.44322    206.45878     23.24197    183.21681
     -5.43322    166.82321     18.44735    148.37586
     -5.42322    138.95370     23.25902    115.69468
     -5.41322     85.83470     19.71368     66.12102
     -5.40322     92.23121     24.23679     67.99441
     -5.39322    177.37016     45.04605    132.32411
     -5.38322    253.87598     52.81293    201.06304
     -5.37322    303.10026     41.16690    261.93336
     -5.36322    321.48815     38.48735    283.00080
     -5.35322    259.27820     38.04057    221.23763
     -5.34322    141.29953     22.19534    119.10419
     -5.33322     48.84381      6.89654     41.94727
     -5.32322     33.74367      1.52583     32.21784
     -5.31322     71.89507      1.48039     70.41468
     -5.30322     73.03416      1.47934     71.55482
     -5.29322     55.56751      1.72348     53.84403
     -5.28322    108.97084      6.30325    102.66759
     -5.27322    151.30730     12.33924    138.96806
     -5.26322    104.83089      9.55033     95.28056
     -5.25322     81.18129      3.77689     77.40440
     -5.24322     79.34859      1.80906     77.53953
     -5.23322     36.88650      0.77077     36.11573
     -5.22322     11.04819      0.72072     10.32746
     -5.21322     35.93326      4.13504     31.79822
     -5.20322    121.95596     11.69388    110.26208
     -5.19322    230.35399     17.24856    213.10543
     -5.18322    248.33879     17.02932    231.30947
     -5.17322    128.77077      9.29394    119.47683
     -5.16322     27.73672      2.13168     25.60503
     -5.15322      2.55687      0.19065      2.36622
     -5.14322      4.44464      0.09372      4.35092
     -5.13322     29.98159      0.61314     29.36845
     -5.12322     82.59548      2.01071     80.58477
     -5.11322    134.35242      6.32082    128.03160
     -5.10322    214.67798     17.82435    196.85364
     -5.09322    219.62520     23.00414    196.62107
     -5.08322     98.20101     11.46559     86.73542
     -5.07322     33.77643      2.48231     31.29412
     -5.06322     61.10725      1.35654     59.75071
     -5.05322     77.47514      1.56149     75.91366
     -5.04322     37.36524      0.75394     36.61130
     -5.03322     15.76413      0.44493     15.31920
     -5.02322     57.58792      2.75747     54.83046
     -5.01322    145.99380      9.43985    136.55395
     -5.00322    179.35866     12.85333    166.50533
     -4.99322    133.22523      7.40440    125.82083
     -4.98322     60.26936      2.09269     58.17667
     -4.97322     12.90194      0.32017     12.58177
     -4.96322      1.47114      0.03123      1.43992
     -4.95322      6.63530      0.13899      6.49631
     -4.94322     46.87972      1.13395     45.74577
     -4.93322    143.21502      4.89422    138.32080
     -4.92322    205.58406     11.27526    194.30880
     -4.91322    143.93631     11.81390    132.12241
     -4.90322     46.88992      4.95398     41.93594
     -4.89322     10.97141      0.87893     10.09248
     -4.88322     30.61967      0.66969     29.94998
     -4.87322     74.69430      1.58714     73.10716
     -4.86322     77.80639      2.26616     75.54023
     -4.85322     86.37028      5.13358     81.23669
     -4.84322    163.89600     11.18188    152.71412
     -4.83322    204.50920     15.29989    189.20931
     -4.82322    160.67377     12.53690    148.13687
     -4.81322    113.75291      5.74558    108.00733
     -4.80322     64.22939      1.81168     62.41772
     -4.79322     17.24611      0.38318     16.86293
     -4.78322      4.11535      0.08518      4.03017
     -4.77322     23.38265      0.48386     22.89880
     -4.76322     95.29792      2.28235     93.01557
     -4.75322    178.28315      6.68972    171.59343
     -4.74322    176.72592     11.99473    164.73119
     -4.73322    106.94683     10.51706     96.42978
     -4.72322     98.69423      7.23327     91.46096
     -4.71322    229.83950     10.62583    219.21367
     -4.70322    408.17682     14.28912    393.88770
     -4.69322    498.80219     14.80916    483.99304
     -4.68322    467.67043     12.71884    454.95159
     -4.67322    448.16940     11.86828    436.30111
     -4.66322    430.54214     15.11749    415.42465
     -4.65322    369.12080     18.80622    350.31458
     -4.64322    281.25965     14.55306    266.70659
     -4.63322    214.00699      7.87213    206.13486
     -4.62322    164.88492      4.80651    160.07841
     -4.61322    132.88107      3.75373    129.12735
     -4.60322    151.52176      4.82140    146.70035
     -4.59322    225.94478      8.92436    217.02043
     -4.58322    272.62132     12.02369    260.59762
     -4.57322    260.90059     13.90832    246.99227
     -4.56322    262.04769     16.29069    245.75700
     -4.55322    206.56427     11.12507    195.43920
     -4.54322    113.07984      4.32797    108.75187
     -4.53322     91.11265      2.61339     88.49926
     -4.52322     83.98594      2.19828     81.78766
     -4.51322     92.83457      2.06802     90.76655
     -4.50322    147.03080      3.53800    143.49280
     -4.49322    194.53606      6.86135    187.67471
     -4.48322    223.58348     13.38849    210.19498
     -4.47322    246.34661     18.07789    228.26872
     -4.46322    232.93698     14.04980    218.88718
     -4.45322    163.47748      6.75289    156.72459
     -4.44322     97.33278      2.81731     94.51547
     -4.43322     80.94219      2.15748     78.78471
     -4.42322     83.76121      2.27406     81.48715
     -4.41322     68.84684      2.17274     66.67410
     -4.40322    132.36000      6.32774    126.03227
     -4.39322    243.83677     14.12656    229.71021
     -4.38322    239.54539     13.56732    225.97807
     -4.37322    129.80778      5.97541    123.83238
     -4.36322     82.15585      3.51605     78.63980
     -4.35322    143.03581      6.94171    136.09410
     -4.34322    143.51509      7.21735    136.29774
     -4.33322     71.26928      3.23003     68.03925
     -4.32322     91.56864      3.34109     88.22754
     -4.31322    206.65310     10.11794    196.53516
     -4.30322    299.03913     16.02073    283.01840
     -4.29322    249.72534     11.01137    238.71397
     -4.28322    132.06375      3.88961    128.17414
     -4.27322    108.66069      2.45673    106.20396
     -4.26322    151.97819      3.26313    148.71507
     -4.25322    125.49011      2.93142    122.55870
     -4.24322    117.22023      4.89841    112.32182
     -4.23322    216.84159     11.31585    205.52574
     -4.22322    324.81096     17.57969    307.23127
     -4.21322    334.23955     16.06254    318.17701
     -4.20322    183.94679      7.11100    176.83579
     -4.19322     60.53800      1.81116     58.72684
     -4.18322     66.69439      1.71529     64.97910
     -4.17322     98.97294      2.37362     96.59932
     -4.16322    109.19563      2.29506    106.90057
     -4.15322    132.55281      3.90092    128.65189
     -4.14322    193.57718     10.28180    183.29537
     -4.13322    264.80563     16.80846    247.99717
     -4.12322    262.55382     14.74380    247.81001
     -4.11322    193.19354      8.10715    185.08639
     -4.10322    136.78030      3.63129    133.14902
     -4.09322    137.58912      2.86483    134.72429
     -4.08322    121.09546      2.78714    118.30832
     -4.07322     76.93412      2.58022     74.35390
     -4.06322    107.57488      6.68328    100.89160
     -4.05322    194.02324     13.24596    180.77728
     -4.04322    209.26185     11.54140    197.72044
     -4.03322    180.16647      6.14922    174.01725
     -4.02322    168.65622      5.62802    163.02820
     -4.01322    184.09039      7.32780    176.76258
     -4.00322    157.59070      5.63486    151.95583
     -3.99322    160.48238      4.70770    155.77468
     -3.98322    187.42136      7.78125    179.64011
     -3.97322    181.39154     12.40995    168.98159
     -3.96322    180.31106     11.39567    168.91539
     -3.95322    164.19666      6.00660    158.19006
     -3.94322    147.06573      3.56711    143.49862
     -3.93322    114.81098      2.71958    112.09141
     -3.92322     75.55624      2.79284     72.76340
     -3.91322     89.21165      5.32120     83.89045
     -3.90322    129.84797      8.74553    121.10244
     -3.89322    171.89711     12.73919    159.15792
     -3.88322    136.89748     10.80278    126.09469
     -3.87322     45.01035      3.71566     41.29470
     -3.86322      5.56140      0.47756      5.08383
     -3.85322      0.38944      0.02579      0.36365
     -3.84322      3.22150      0.09570      3.12580
     -3.83322     30.55740      1.24937     29.30804
     -3.82322    122.69885      6.95555    115.74330
     -3.81322    216.77993     15.72666    201.05327
     -3.80322    166.67634     13.86450    152.81184
     -3.79322     53.94306      4.66312     49.27995
     -3.78322     19.80427      0.83449     18.96977
     -3.77322     72.17112      1.39134     70.77978
     -3.76322    163.19612      3.14222    160.05390
     -3.75322    202.76494      4.77423    197.99071
     -3.74322    245.61053      9.67752    235.93301
     -3.73322    278.59602     14.92641    263.66961
     -3.72322    211.87290     11.91723    199.95567
     -3.71322    144.40828      7.48156    136.92672
     -3.70322    144.23577      5.33681    138.89896
     -3.69322    175.30687      4.13309    171.17378
     -3.68322    149.87572      3.20458    146.67114
     -3.67322    136.73378      4.78637    131.94741
     -3.66322    182.10341     10.89905    171.20436
     -3.65322    185.98789     12.66083    173.32707
     -3.64322    129.36847      6.66535    122.70312
     -3.63322    121.69461      3.94675    117.74786
     -3.62322    135.33887      5.30274    130.03614
     -3.61322    137.93948      5.44493    132.49455
     -3.60322    179.19032      5.52681    173.66351
     -3.59322    236.33684      9.85054    226.48630
     -3.58322    219.27549     13.56068    205.71481
     -3.57322    109.94154      8.31032    101.63122
     -3.56322     35.68357      2.22528     33.45829
     -3.55322     69.25507      1.73921     67.51586
     -3.54322    169.50363      4.60356    164.90008
     -3.53322    234.52735      7.95618    226.57117
     -3.52322    226.05626     10.68208    215.37418
     -3.51322    194.31985     13.40813    180.91172
     -3.50322    151.81870     10.42261    141.39609
     -3.49322    102.35398      4.33175     98.02223
     -3.48322     63.22260      1.52970     61.69289
     -3.47322     78.69138      1.59791     77.09347
     -3.46322    103.25848      3.14660    100.11189
     -3.45322    180.03402      9.42464    170.60938
     -3.44322    303.67135     17.47820    286.19314
     -3.43322    264.42494     13.83682    250.58812
     -3.42322    150.27169      5.44650    144.82519
     -3.41322     74.30159      1.75534     72.54625
     -3.40322     25.40767      0.60512     24.80255
     -3.39322     43.19739      1.98533     41.21206
     -3.38322    158.68906      8.82918    149.85988
     -3.37322    312.32525     17.26161    295.06364
     -3.36322    312.85061     14.75886    298.09175
     -3.35322    146.97546      5.63586    141.33960
     -3.34322     57.82854      1.57272     56.25582
     -3.33322     78.80557      1.97634     76.82922
     -3.32322     88.06142      4.18350     83.87792
     -3.31322    113.58220      9.86264    103.71955
     -3.30322    200.74152     13.61344    187.12808
     -3.29322    256.72607     10.97299    245.75308
     -3.28322    191.66961      6.32982    185.33978
     -3.27322    123.43831      3.28219    120.15612
     -3.26322    138.61714      4.15729    134.45985
     -3.25322    162.60608      8.91997    153.68611
     -3.24322    142.25078     12.30453    129.94625
     -3.23322    111.37605      8.66978    102.70627
     -3.22322    184.99137      7.00295    177.98842
     -3.21322    236.82936      7.01174    229.81762
     -3.20322    161.94601      4.98079    156.96521
     -3.19322    147.83857      7.96672    139.87185
     -3.18322    174.76544     12.77826    161.98718
     -3.17322    153.14134      9.71201    143.42932
     -3.16322    116.09125      5.00647    111.08478
     -3.15322    121.19412      4.80728    116.38684
     -3.14322    171.79377      6.34786    165.44591
     -3.13322    226.36600     10.60578    215.76021
     -3.12322    206.21878     13.47827    192.74051
     -3.11322    181.07597      9.47970    171.59627
     -3.10322    201.44224      6.20549    195.23675
     -3.09322    198.36333      6.51699    191.84633
     -3.08322    195.93331      8.88027    187.05304
     -3.07322    180.64145     12.40350    168.23795
     -3.06322    173.50306     12.14292    161.36014
     -3.05322    186.18271      7.63991    178.54280
     -3.04322    308.93086      8.83438    300.09648
     -3.03322    385.01972     12.38761    372.63211
     -3.02322    255.62544     13.36795    242.25749
     -3.01322    128.50126     12.59312    115.90814
     -3.00322     59.43211      6.67992     52.75219
     -2.99322     62.94530      2.70479     60.24051
     -2.98322    141.51712      5.12758    136.38954
     -2.97322    183.14382     10.82548    172.31835
     -2.96322    139.49639     13.12349    126.37290
     -2.95322     62.34215      7.39520     54.94695
     -2.94322     27.43102      2.36703     25.06399
     -2.93322     81.60437      4.45377     77.15060
     -2.92322    202.95305     11.84358    191.10947
     -2.91322    258.52693     14.73369    243.79324
     -2.90322    176.16237      8.23758    167.92479
     -2.89322     87.50044      3.58044     83.91999
     -2.88322    107.00935      7.07055     99.93880
     -2.87322    145.64736     13.00867    132.63870
     -2.86322     97.47912     10.49787     86.98124
     -2.85322     49.68005      4.36402     45.31603
     -2.84322    108.05694      5.86598    102.19095
     -2.83322    220.88884     13.02516    207.86368
     -2.82322    236.87694     13.83174    223.04520
     -2.81322    173.30226      7.51667    165.78559
     -2.80322    143.92051      6.62462    137.29589
     -2.79322    145.82379     11.55013    134.27366
     -2.78322    117.84698     12.09557    105.75141
     -2.77322    101.50738      7.60359     93.90379
     -2.76322    157.00314      8.57545    148.42769
     -2.75322    212.26008     13.61721    198.64287
     -2.74322    205.74682     12.96174    192.78507
     -2.73322    200.39498      9.15441    191.24057
     -2.72322    201.08289     11.14541    189.93748
     -2.71322    188.74633     14.23272    174.51362
     -2.70322    148.06633     10.63479    137.43154
     -2.69322    159.54917     10.92530    148.62387
     -2.68322    245.28499     15.97813    229.30686
     -2.67322    252.53990     14.10409    238.43582
     -2.66322    246.39889     14.12867    232.27022
     -2.65322    312.78644     18.06329    294.72315
     -2.64322    334.06318     17.04113    317.02205
     -2.63322    267.87952     16.54831    251.33122
     -2.62322    168.42045     14.46407    153.95639
     -2.61322    134.35359     12.30074    122.05286
     -2.60322    174.01612     14.32822    159.68790
     -2.59322    157.12104     14.05340    143.06763
     -2.58322    148.13814     14.84949    133.28865
     -2.57322    185.02634     15.99031    169.03603
     -2.56322    193.71237     17.73959    175.97277
     -2.55322    170.21038     19.86172    150.34866
     -2.54322    198.49427     24.06130    174.43297
     -2.53322    267.62961     28.57460    239.05501
     -2.52322    254.19504     25.55133    228.64370
     -2.51322    146.78253     13.30732    133.47521
     -2.50322     96.77633      3.88820     92.88813
     -2.49322     73.66691      1.08745     72.57946
     -2.48322     33.44766      0.39972     33.04794
     -2.47322     57.45367      0.83287     56.62080
     -2.46322    179.28837      2.67688    176.61148
     -2.45322    278.48479      4.12810    274.35668
     -2.44322    207.83865      3.00303    204.83562
     -2.43322     96.79832      1.33380     95.46452
     -2.42322    121.63631      1.60135    120.03496
     -2.41322    158.85590      2.10254    156.75336
     -2.40322     96.06928      1.34910     94.72019
     -2.39322     83.22680      1.40062     81.82618
     -2.38322    146.92770      2.41009    144.51761
     -2.37322    193.07960      3.00522    190.07438
     -2.36322    196.46225      3.72934    192.73291
     -2.35322    196.46910      5.10337    191.36573
     -2.34322    150.01459      4.19009    145.82451
     -2.33322    128.00607      2.58688    125.41919
     -2.32322    220.04440      3.49902    216.54538
     -2.31322    203.51403      3.18656    200.32747
     -2.30322     74.82333      1.20114     73.62218
     -2.29322     52.93209      1.34480     51.58729
     -2.28322    290.26782      8.29273    281.97509
     -2.27322    847.48867     24.79858    822.69009
     -2.26322   1230.99454     35.96559   1195.02895
     -2.25322   1067.73786     30.63779   1037.10007
     -2.24322    683.41043     19.68512    663.72532
     -2.23322    441.90490     12.64183    429.26307
     -2.22322    448.62704     12.09038    436.53666
     -2.21322    495.91397     13.14856    482.76541
     -2.20322    406.79962     10.49518    396.30444
     -2.19322    381.06137      9.50778    371.55359
     -2.18322    487.35911     12.83725    474.52186
     -2.17322    489.75987     13.09543    476.66444
     -2.16322    320.46327      7.93693    312.52634
     -2.15322    160.49955      3.36704    157.13251
     -2.14322    100.25889      1.57167     98.68722
     -2.13322     72.82459      0.99601     71.82858
     -2.12322     28.02727      0.37623     27.65104
     -2.11322     27.31584      0.36432     26.95152
     -2.10322     93.68874      1.26455     92.42419
     -2.09322    149.90180      2.05605    147.84575
     -2.08322     99.81178      1.39103     98.42076
     -2.07322     27.69801      0.39129     27.30673
     -2.06322      9.71725      0.14322      9.57403
     -2.05322     40.34528      0.59745     39.74783
     -2.04322    100.43401      1.44050     98.99351
     -2.03322    126.65454      1.70113    124.95341
     -2.02322     90.32259      1.13830     89.18429
     -2.01322     39.54600      0.52411     39.02190
     -2.00322     74.17226      1.32416     72.84810
     -1.99322    270.98491      5.26701    265.71790
     -1.98322    563.11264     11.40983    551.70281
     -1.97322    740.10496     15.01084    725.09412
     -1.96322    734.31480     14.46302    719.85179
     -1.95322    582.08745     11.25287    570.83458
     -1.94322    438.52108      8.45317    430.06792
     -1.93322    466.17458      8.99508    457.17950
     -1.92322    579.56891     11.27812    568.29079
     -1.91322    548.58465     10.61166    537.97299
     -1.90322    492.55070      9.09464    483.45605
     -1.89322    576.33745     10.13851    566.19894
     -1.88322    564.17856      9.95585    554.22271
     -1.87322    367.01283      6.65707    360.35575
     -1.86322    246.13386      4.55328    241.58059
     -1.85322    223.28785      3.99410    219.29375
     -1.84322    185.37755      2.91983    182.45772
     -1.83322    175.02246      2.35199    172.67046
     -1.82322    156.89735      2.14315    154.75420
     -1.81322    119.37853      1.76143    117.61710
     -1.80322     72.34921      1.09629     71.25291
     -1.79322     44.68896      0.59579     44.09318
     -1.78322     96.48543      1.16596     95.31947
     -1.77322    148.73168      1.85095    146.88073
     -1.76322     99.00493      1.27553     97.72940
     -1.75322     27.97462      0.36899     27.60562
     -1.74322     11.57626      0.13951     11.43675
     -1.73322     50.34762      0.59074     49.75688
     -1.72322    123.58974      1.48669    122.10305
     -1.71322    136.38793      1.69172    134.69621
     -1.70322     78.57674      0.98468     77.59206
     -1.69322     67.73128      0.79244     66.93883
     -1.68322    107.60281      1.23169    106.37112
     -1.67322    137.70147      1.60311    136.09836
     -1.66322    149.68810      1.79750    147.89060
     -1.65322    101.79731      1.25501    100.54230
     -1.64322     34.64578      0.43190     34.21388
     -1.63322     26.39903      0.30734     26.09170
     -1.62322    110.64621      1.27625    109.36996
     -1.61322    219.33260      2.55899    216.77361
     -1.60322    177.73918      2.10591    175.63327
     -1.59322     60.31668      0.72635     59.59033
     -1.58322     15.35899      0.18451     15.17448
     -1.57322     52.62146      0.61825     52.00321
     -1.56322    148.84613      1.74220    147.10394
     -1.55322    183.45654      2.13665    181.31989
     -1.54322    133.49573      1.54848    131.94725
     -1.53322     81.38835      0.97325     80.41510
     -1.52322     83.62742      1.06896     82.55847
     -1.51322    113.25432      1.37872    111.87561
     -1.50322    113.86645      1.23926    112.62719
     -1.49322     96.20766      1.07257     95.13509
     -1.48322    124.98107      1.60602    123.37505
     -1.47322    154.68224      1.99376    152.68848
     -1.46322     98.01752      1.18443     96.83309
     -1.45322     77.93496      0.78506     77.14991
     -1.44322    127.98965      1.37575    126.61389
     -1.43322    128.51260      1.60588    126.90671
     -1.42322     67.84194      0.92522     66.91672
     -1.41322     55.03937      0.64683     54.39255
     -1.40322    112.94389      1.13945    111.80444
     -1.39322    136.44546      1.20095    135.24451
     -1.38322     79.80054      0.61502     79.18552
     -1.37322     28.56822      0.22476     28.34346
     -1.36322     57.50833      0.53628     56.97205
     -1.35322    151.13508      1.36563    149.76945
     -1.34322    212.22391      2.01889    210.20502
     -1.33322    270.49116      3.02738    267.46378
     -1.32322    286.68321      3.34592    283.33729
     -1.31322    169.66572      1.82686    167.83886
     -1.30322     84.79835      0.87311     83.92525
     -1.29322    147.87332      1.79771    146.07561
     -1.28322    229.50123      3.04064    226.46058
     -1.27322    204.12590      2.62418    201.50172
     -1.26322    185.97868      1.82761    184.15107
     -1.25322    156.80461      1.36940    155.43521
     -1.24322    130.76269      1.42242    129.34027
     -1.23322    164.42730      1.95036    162.47694
     -1.22322    120.89075      1.30184    119.58891
     -1.21322     80.82148      0.53066     80.29083
     -1.20322    129.05650      0.94024    128.11626
     -1.19322    183.49086      2.20514    181.28571
     -1.18322    156.09600      2.40984    153.68617
     -1.17322     61.26352      1.05162     60.21190
     -1.16322     12.90294      0.24404     12.65890
     -1.15322     25.84442      0.54084     25.30358
     -1.14322     74.56280      1.52304     73.03975
     -1.13322    103.16992      1.86189    101.30803
     -1.12322    102.20009      1.41886    100.78123
     -1.11322     74.77970      0.94236     73.83734
     -1.10322     57.16615      1.01245     56.15370
     -1.09322     79.69629      1.67627     78.02002
     -1.08322     60.88739      1.29419     59.59320
     -1.07322     24.55060      0.46056     24.09004
     -1.06322     49.52390      0.69064     48.83326
     -1.05322    127.29416      1.94028    125.35388
     -1.04322    140.36817      2.39506    137.97311
     -1.03322     64.34914      1.20525     63.14389
     -1.02322     14.30702      0.28952     14.01750
     -1.01322     21.84566      0.46787     21.37778
     -1.00322     73.47664      1.50368     71.97297
     -0.99322    119.42597      2.12460    117.30137
     -0.98322    112.10651      1.58367    110.52284
     -0.97322     63.11195      0.80843     62.30353
     -0.96322     46.66779      0.88652     45.78127
     -0.95322     77.12311      1.68511     75.43799
     -0.94322     64.68604      1.40726     63.27878
     -0.93322     35.60512      0.61344     34.99168
     -0.92322     71.35569      0.93478     70.42091
     -0.91322    129.88563      1.99176    127.89387
     -0.90322    119.39896      2.20153    117.19743
     -0.89322     53.06057      1.09564     51.96493
     -0.88322     13.56768      0.29433     13.27335
     -0.87322     29.68168      0.61949     29.06219
     -0.86322     97.51273      1.86015     95.65258
     -0.85322    143.47626      2.36972    141.10654
     -0.84322     96.11620      1.34905     94.76714
     -0.83322     37.08979      0.55254     36.53725
     -0.82322     48.49351      1.06375     47.42976
     -0.81322     80.78738      1.82041     78.96697
     -0.80322     63.60337      1.29883     62.30454
     -0.79322     66.03459      0.87826     65.15633
     -0.78322    104.48854      1.40100    103.08754
     -0.77322    114.40919      2.04981    112.35937
     -0.76322     82.19324      1.76424     80.42901
     -0.75322     30.19627      0.67972     29.51655
     -0.74322     20.43961      0.40226     20.03735
     -0.73322     82.44118      1.47807     80.96311
     -0.72322    155.71795      2.63019    153.08776
     -0.71322    111.54204      1.77077    109.77127
     -0.70322     34.78519      0.55843     34.22676
     -0.69322     34.33717      0.77554     33.56163
     -0.68322     77.92339      1.78450     76.13888
     -0.67322     90.82183      1.79427     89.02755
     -0.66322     93.16655      1.24985     91.91670
     -0.65322     92.90861      1.23198     91.67663
     -0.64322     89.89502      1.77236     88.12266
     -0.63322     79.73764      1.84426     77.89338
     -0.62322     38.02067      0.85760     37.16308
     -0.61322     42.51394      0.67289     41.84105
     -0.60322    121.54607      1.94191    119.60416
     -0.59322    151.25605      2.62067    148.63538
     -0.58322     72.70150      1.36103     71.34047
     -0.57322     22.47410      0.48533     21.98877
     -0.56322     50.40224      1.15213     49.25011
     -0.55322    111.87264      2.25280    109.61985
     -0.54322    128.13458      2.01385    126.12073
     -0.53322     84.83872      1.11965     83.71906
     -0.52322     62.25421      1.23340     61.02081
     -0.51322     82.31163      1.98622     80.32540
     -0.50322     69.17456      1.51900     67.65556
     -0.49322     74.78555      1.05269     73.73286
     -0.48322    122.67962      1.82736    120.85227
     -0.47322    123.83312      2.40645    121.42666
     -0.46322     65.58236      1.49596     64.08641
     -0.45322     31.76812      0.68669     31.08143
     -0.44322     85.98863      1.58455     84.40408
     -0.43322    157.45880      2.74554    154.71326
     -0.42322    110.57204      1.84371    108.72833
     -0.41322     44.66151      0.86263     43.79888
     -0.40322     67.55857      1.61374     65.94482
     -0.39322    114.56472      2.34961    112.21512
     -0.38322    119.52331      1.78368    117.73963
     -0.37322     95.91935      1.46643     94.45292
     -0.36322     91.56406      2.08701     89.47705
     -0.35322     82.86698      1.93667     80.93031
     -0.34322     86.30813      1.37427     84.93386
     -0.33322    133.28464      2.12084    131.16380
     -0.32322    126.33176      2.54156    123.79020
     -0.31322     67.15334      1.51038     65.64296
     -0.30322     78.97664      1.45768     77.51896
     -0.29322    153.32110      2.72018    150.60092
     -0.28322    128.52094      2.33686    126.18408
     -0.27322     68.56465      1.39401     67.17064
     -0.26322    112.25799      2.27855    109.97944
     -0.25322    154.10894      2.72332    151.38562
     -0.24322    108.35066      1.85518    106.49548
     -0.23322    103.92336      2.21541    101.70795
     -0.22322    143.25178      2.70722    140.54457
     -0.21322    133.68910      2.19111    131.49800
     -0.20322    126.82987      2.51227    124.31760
     -0.19322    147.95349      2.76679    145.18669
     -0.18322    146.93946      2.45368    144.48579
     -0.17322    157.36927      2.93615    154.43312
     -0.16322    170.93695      2.92879    168.00816
     -0.15322    181.49912      2.98105    178.51806
     -0.14322    214.78819      3.50418    211.28401
     -0.13322    207.46764      3.27216    204.19548
     -0.12322    165.73085      3.20218    162.52867
     -0.11322    109.61293      2.76123    106.85170
     -0.10322     96.60330      2.78830     93.81499
     -0.09322     99.62814      2.92967     96.69847
     -0.08322    103.25552      3.04376    100.21176
     -0.07322    107.50285      3.17158    104.33127
     -0.06322    113.32021      3.34348    109.97674
     -0.05322    121.00636      3.56680    117.43956
     -0.04322    130.16173      3.82827    126.33346
     -0.03322    139.24129      4.08065    135.16064
     -0.02322    141.93463      4.13911    137.79552
     -0.01322    130.15614      3.76843    126.38771
     -0.00322    111.46070      3.19870    108.26200
      0.00678     68.88295      1.96787     66.91508
      0.01678     19.83800      0.56608     19.27192
      0.02678      2.21717      0.06325      2.15392
      0.03678      0.09208      0.00263      0.08945
      0.04678      0.00141      0.00004      0.00137
      0.05678      0.00000      0.00000      0.00000
      0.06678      0.00000      0.00000      0.00000
      0.07678      0.00000      0.00000      0.00000
      0.08678      0.00000      0.00000      0.00000
      0.09678      0.00000      0.00000      0.00000
      0.10678      0.00000      0.00000      0.00000
      0.11678      0.00000      0.00000      0.00000
      0.12678      0.00000      0.00000      0.00000
      0.13678      0.00000      0.00000      0.00000
      0.14678      0.00000      0.00000      0.00000
      0.15678      0.00000      0.00000      0.00000
      0.16678      0.00000      0.00000      0.00000
      0.17678      0.00000      0.00000      0.00000
      0.18678      0.00000      0.00000      0.00000
      0.19678      0.00000      0.00000      0.00000
      0.20678      0.00000      0.00000      0.00000
      0.21678      0.00000      0.00000      0.00000
      0.22678      0.00000      0.00000      0.00000
      0.23678      0.00000      0.00000      0.00000
      0.24678      0.00000      0.00000      0.00000
      0.25678      0.00000      0.00000      0.00000
      0.26678      0.00000      0.00000      0.00000
      0.27678      0.00000      0.00000      0.00000
      0.28678      0.00000      0.00000      0.00000
      0.29678      0.00000      0.00000      0.00000
      0.30678      0.00000      0.00000      0.00000
      0.31678      0.00000      0.00000      0.00000
      0.32678      0.00000      0.00000      0.00000
      0.33678      0.00000      0.00000      0.00000
      0.34678      0.00000      0.00000      0.00000
      0.35678      0.00000      0.00000      0.00000
      0.36678      0.00000      0.00000      0.00000
      0.37678      0.00000      0.00000      0.00000
      0.38678      0.00000      0.00000      0.00000
      0.39678      0.00000      0.00000      0.00000
      0.40678      0.00000      0.00000      0.00000
      0.41678      0.00000      0.00000      0.00000
      0.42678      0.00000      0.00000      0.00000
      0.43678      0.00000      0.00000      0.00000
      0.44678      0.00000      0.00000      0.00000
      0.45678      0.00000      0.00000      0.00000
      0.46678      0.00000      0.00000      0.00000
      0.47678      0.00000      0.00000      0.00000
      0.48678      0.00000      0.00000      0.00000
      0.49678      0.00000      0.00000      0.00000
      0.50678      0.00000      0.00000      0.00000
      0.51678      0.00000      0.00000      0.00000
      0.52678      0.00000      0.00000      0.00000
      0.53678      0.00000      0.00000      0.00000
      0.54678      0.00000      0.00000      0.00000
      0.55678      0.00000      0.00000      0.00000
      0.56678      0.00000      0.00000      0.00000
      0.57678      0.00000      0.00000      0.00000
      0.58678      0.00000      0.00000      0.00000
      0.59678      0.00000      0.00000      0.00000
      0.60678      0.00000      0.00000      0.00000
      0.61678      0.00000      0.00000      0.00000
      0.62678      0.00000      0.00000      0.00000
      0.63678      0.00000      0.00000      0.00000
      0.64678      0.00000      0.00000      0.00000
      0.65678      0.00000      0.00000      0.00000
      0.66678      0.00000      0.00000      0.00000
      0.67678      0.00000      0.00000      0.00000
      0.68678      0.00000      0.00000      0.00000
      0.69678      0.00000      0.00000      0.00000
      0.70678      0.00000      0.00000      0.00000
      0.71678      0.00000      0.00000      0.00000
      0.72678      0.00000      0.00000      0.00000
      0.73678      0.00000      0.00000      0.00000
      0.74678      0.00000      0.00000      0.00000
      0.75678      0.00000      0.00000      0.00000
      0.76678      0.00000      0.00000      0.00000
      0.77678      0.00000      0.00000      0.00000
      0.78678      0.00000      0.00000      0.00000
      0.79678      0.00000      0.00000      0.00000
      0.80678      0.00000      0.00000      0.00000
      0.81678      0.00000      0.00000      0.00000
      0.82678      0.00000      0.00000      0.00000
      0.83678      0.00000      0.00000      0.00000
      0.84678      0.00000      0.00000      0.00000
      0.85678      0.00000      0.00000      0.00000
      0.86678      0.00000      0.00000      0.00000
      0.87678      0.00000      0.00000      0.00000
      0.88678      0.00000      0.00000      0.00000
      0.89678      0.00000      0.00000      0.00000
      0.90678      0.00000      0.00000      0.00000
      0.91678      0.00000      0.00000      0.00000
      0.92678      0.00000      0.00000      0.00000
      0.93678      0.00000      0.00000      0.00000
      0.94678      0.00000      0.00000      0.00000
      0.95678      0.00000      0.00000      0.00000
      0.96678      0.00000      0.00000      0.00000
      0.97678      0.00000      0.00000      0.00000
      0.98678      0.00000      0.00000      0.00000
      0.99678      0.00000      0.00000      0.00000
      1.00678      0.00000      0.00000      0.00000
      1.01678      0.00000      0.00000      0.00000
      1.02678      0.00000      0.00000      0.00000
      1.03678      0.00000      0.00000      0.00000
      1.04678      0.00000      0.00000      0.00000
      1.05678      0.00000      0.00000      0.00000
      1.06678      0.00000      0.00000      0.00000
      1.07678      0.00000      0.00000      0.00000
      1.08678      0.00000      0.00000      0.00000
      1.09678      0.00000      0.00000      0.00000
      1.10678      0.00000      0.00000      0.00000
      1.11678      0.00000      0.00000      0.00000
      1.12678      0.00000      0.00000      0.00000
      1.13678      0.00000      0.00000      0.00000
      1.14678      0.00000      0.00000      0.00000
      1.15678      0.00000      0.00000      0.00000
      1.16678      0.00000      0.00000      0.00000
      1.17678      0.00000      0.00000      0.00000
      1.18678      0.00000      0.00000      0.00000
      1.19678      0.00000      0.00000      0.00000
      1.20678      0.00000      0.00000      0.00000
      1.21678      0.00000      0.00000      0.00000
      1.22678      0.00000      0.00000      0.00000
      1.23678      0.00000      0.00000      0.00000
      1.24678      0.00000      0.00000      0.00000
      1.25678      0.00000      0.00000      0.00000
      1.26678      0.00000      0.00000      0.00000
      1.27678      0.00000      0.00000      0.00000
      1.28678      0.00000      0.00000      0.00000
      1.29678      0.00000      0.00000      0.00000
      1.30678      0.00000      0.00000      0.00000
      1.31678      0.00000      0.00000      0.00000
      1.32678      0.00000      0.00000      0.00000
      1.33678      0.00000      0.00000      0.00000
      1.34678      0.00000      0.00000      0.00000
      1.35678      0.00000      0.00000      0.00000
      1.36678      0.00000      0.00000      0.00000
      1.37678      0.00000      0.00000      0.00000
      1.38678      0.00000      0.00000      0.00000
      1.39678      0.00000      0.00000      0.00000
      1.40678      0.00000      0.00000      0.00000
      1.41678      0.00000      0.00000      0.00000
      1.42678      0.00000      0.00000      0.00000
      1.43678      0.00000      0.00000      0.00000
      1.44678      0.00000      0.00000      0.00000
      1.45678      0.00000      0.00000      0.00000
      1.46678      0.00000      0.00000      0.00000
      1.47678      0.00000      0.00000      0.00000
      1.48678      0.00000      0.00000      0.00000
      1.49678      0.00000      0.00000      0.00000
      1.50678      0.00000      0.00000      0.00000
      1.51678      0.00000      0.00000      0.00000
      1.52678      0.00000      0.00000      0.00000
      1.53678      0.00000      0.00000      0.00000
      1.54678      0.00000      0.00000      0.00000
      1.55678      0.00000      0.00000      0.00000
      1.56678      0.00000      0.00000      0.00000
      1.57678      0.00000      0.00000      0.00000
      1.58678      0.00000      0.00000      0.00000
      1.59678      0.00000      0.00000      0.00000
      1.60678      0.00000      0.00000      0.00000
      1.61678      0.00000      0.00000      0.00000
      1.62678      0.00000      0.00000      0.00000
      1.63678      0.00000      0.00000      0.00000
      1.64678      0.00000      0.00000      0.00000
      1.65678      0.00000      0.00000      0.00000
      1.66678      0.00000      0.00000      0.00000
      1.67678      0.00000      0.00000      0.00000
      1.68678      0.00000      0.00000      0.00000
      1.69678      0.00000      0.00000      0.00000
      1.70678      0.00000      0.00000      0.00000
      1.71678      0.00000      0.00000      0.00000
      1.72678      0.00000      0.00000      0.00000
      1.73678      0.00000      0.00000      0.00000
      1.74678      0.00000      0.00000      0.00000
      1.75678      0.00000      0.00000      0.00000
      1.76678      0.00000      0.00000      0.00000
      1.77678      0.00000      0.00000      0.00000
      1.78678      0.00000      0.00000      0.00000
      1.79678      0.00000      0.00000      0.00000
      1.80678      0.00000      0.00000      0.00000
      1.81678      0.00000      0.00000      0.00000
      1.82678      0.00000      0.00000      0.00000
      1.83678      0.00000      0.00000      0.00000
      1.84678      0.00000      0.00000      0.00000
      1.85678      0.00000      0.00000      0.00000
      1.86678      0.00000      0.00000      0.00000
      1.87678      0.00000      0.00000      0.00000
      1.88678      0.00000      0.00000      0.00000
      1.89678      0.00000      0.00000      0.00000
      1.90678      0.00000      0.00000      0.00000
      1.91678      0.00000      0.00000      0.00000
      1.92678      0.00000      0.00000      0.00000
      1.93678      0.00000      0.00000      0.00000
      1.94678      0.00000      0.00000      0.00000
      1.95678      0.00000      0.00000      0.00000
      1.96678      0.00000      0.00000      0.00000
      1.97678      0.00000      0.00000      0.00000
      1.98678      0.00000      0.00000      0.00000
      1.99678      0.00000      0.00000      0.00000
      2.00678      0.00000      0.00000      0.00000
      2.01678      0.00000      0.00000      0.00000
      2.02678      0.00000      0.00000      0.00000
      2.03678      0.00000      0.00000      0.00000
      2.04678      0.00000      0.00000      0.00000
      2.05678      0.00000      0.00000      0.00000
      2.06678      0.00000      0.00000      0.00000
      2.07678      0.00000      0.00000      0.00000
      2.08678      0.00000      0.00000      0.00000
      2.09678      0.00000      0.00000      0.00000
      2.10678      0.00000      0.00000      0.00000
      2.11678      0.00000      0.00000      0.00000
      2.12678      0.00000      0.00000      0.00000
      2.13678      0.00000      0.00000      0.00000
      2.14678      0.00000      0.00000      0.00000
      2.15678      0.00000      0.00000      0.00000
      2.16678      0.00000      0.00000      0.00000
      2.17678      0.00000      0.00000      0.00000
      2.18678      0.00000      0.00000      0.00000
      2.19678      0.00000      0.00000      0.00000
      2.20678      0.00000      0.00000      0.00000
      2.21678      0.00000      0.00000      0.00000
      2.22678      0.00000      0.00000      0.00000
      2.23678      0.00000      0.00000      0.00000
      2.24678      0.00000      0.00000      0.00000
      2.25678      0.00000      0.00000      0.00000
      2.26678      0.00000      0.00000      0.00000
      2.27678      0.00000      0.00000      0.00000
      2.28678      0.00000      0.00000      0.00000
      2.29678      0.00000      0.00000      0.00000
      2.30678      0.00000      0.00000      0.00000
      2.31678      0.00000      0.00000      0.00000
      2.32678      0.00000      0.00000      0.00000
      2.33678      0.00000      0.00000      0.00000
      2.34678      0.00000      0.00000      0.00000
      2.35678      0.00000      0.00000      0.00000
      2.36678      0.00000      0.00000      0.00000
      2.37678      0.00000      0.00000      0.00000
      2.38678      0.00000      0.00000      0.00000
      2.39678      0.00000      0.00000      0.00000
      2.40678      0.00000      0.00000      0.00000
      2.41678      0.00000      0.00000      0.00000
      2.42678      0.00000      0.00000      0.00000
      2.43678      0.00000      0.00000      0.00000
      2.44678      0.00000      0.00000      0.00000
      2.45678      0.00000      0.00000      0.00000
      2.46678      0.00000      0.00000      0.00000
      2.47678      0.00000      0.00000      0.00000
      2.48678      0.00000      0.00000      0.00000
      2.49678      0.00000      0.00000      0.00000
      2.50678      0.00000      0.00000      0.00000
      2.51678      0.00000      0.00000      0.00000
      2.52678      0.00000      0.00000      0.00000
      2.53678      0.00000      0.00000      0.00000
      2.54678      0.00000      0.00000      0.00000
      2.55678      0.00000      0.00000      0.00000
      2.56678      0.00000      0.00000      0.00000
      2.57678      0.00000      0.00000      0.00000
      2.58678      0.00000      0.00000      0.00000
      2.59678      0.00000      0.00000      0.00000
      2.60678      0.00000      0.00000      0.00000
      2.61678      0.00000      0.00000      0.00000
      2.62678      0.00000      0.00000      0.00000
      2.63678      0.00000      0.00000      0.00000
      2.64678      0.00000      0.00000      0.00000
      2.65678      0.00000      0.00000      0.00000
      2.66678      0.00000      0.00000      0.00000
      2.67678      0.00000      0.00000      0.00000
      2.68678      0.00000      0.00000      0.00000
      2.69678      0.00000      0.00000      0.00000
      2.70678      0.00000      0.00000      0.00000
      2.71678      0.00000      0.00000      0.00000
      2.72678      0.00000      0.00000      0.00000
      2.73678      0.00000      0.00000      0.00000
      2.74678      0.00000      0.00000      0.00000
      2.75678      0.00000      0.00000      0.00000
      2.76678      0.00000      0.00000      0.00000
      2.77678      0.00000      0.00000      0.00000
      2.78678      0.00000      0.00000      0.00000
      2.79678      0.00000      0.00000      0.00000
      2.80678      0.00000      0.00000      0.00000
      2.81678      0.00000      0.00000      0.00000
      2.82678      0.00000      0.00000      0.00000
      2.83678      0.00000      0.00000      0.00000
      2.84678      0.00000      0.00000      0.00000
      2.85678      0.00000      0.00000      0.00000
      2.86678      0.00000      0.00000      0.00000
      2.87678      0.00000      0.00000      0.00000
      2.88678      0.00000      0.00000      0.00000
      2.89678      0.00000      0.00000      0.00000
      2.90678      0.00000      0.00000      0.00000
      2.91678      0.00000      0.00000      0.00000
      2.92678      0.00000      0.00000      0.00000
      2.93678      0.00000      0.00000      0.00000
      2.94678      0.00000      0.00000      0.00000
      2.95678      0.00000      0.00000      0.00000
      2.96678      0.00000      0.00000      0.00000
      2.97678      0.00000      0.00000      0.00000
      2.98678      0.00000      0.00000      0.00000
      2.99678      0.00000      0.00000      0.00000
      3.00678      0.00000      0.00000      0.00000
      3.01678      0.00000      0.00000      0.00000
      3.02678      0.00000      0.00000      0.00000
      3.03678      0.00000      0.00000      0.00000
      3.04678      0.00000      0.00000      0.00000
      3.05678      0.00000      0.00000      0.00000
      3.06678      0.00000      0.00000      0.00000
      3.07678      0.00000      0.00000      0.00000
      3.08678      0.00000      0.00000      0.00000
      3.09678      0.00000      0.00000      0.00000
      3.10678      0.00000      0.00000      0.00000
      3.11678      0.00000      0.00000      0.00000
      3.12678      0.00000      0.00000      0.00000
      3.13678      0.00000      0.00000      0.00000
      3.14678      0.00000      0.00000      0.00000
      3.15678      0.00000      0.00000      0.00000
      3.16678      0.00000      0.00000      0.00000
      3.17678      0.00000      0.00000      0.00000
      3.18678      0.00000      0.00000      0.00000
      3.19678      0.00000      0.00000      0.00000
      3.20678      0.00000      0.00000      0.00000
      3.21678      0.00000      0.00000      0.00000
      3.22678      0.00000      0.00000      0.00000
      3.23678      0.00000      0.00000      0.00000
      3.24678      0.00000      0.00000      0.00000
      3.25678      0.00000      0.00000      0.00000
      3.26678      0.00000      0.00000      0.00000
      3.27678      0.00000      0.00000      0.00000
      3.28678      0.00000      0.00000      0.00000
      3.29678      0.00121      0.00001      0.00119
      3.30678      0.08903      0.00096      0.08807
      3.31678      2.37287      0.02574      2.34713
      3.32678     24.54657      0.26728     24.27929
      3.33678    103.47485      1.13498    102.33987
      3.34678    197.06536      2.19495    194.87040
      3.35678    211.22484      2.42777    208.79707
      3.36678    179.17816      2.16539    177.01276
      3.37678    153.21271      1.95957    151.25314
      3.38678    136.07302      1.83916    134.23386
      3.39678    125.91115      1.79609    124.11506
      3.40678    118.83256      1.78510    117.04746
      3.41678    113.22982      1.78564    111.44418
      3.42678    107.52674      1.78257    105.74417
      3.43678    106.68631      1.84876    104.83756
      3.44678    124.35134      2.25037    122.10097
      3.45678    181.68013      3.34252    178.33761
      3.46678    223.71291      4.17182    219.54109
      3.47678    217.84673      4.14481    213.70192
      3.48678    189.54811      3.69753    185.85058
      3.49678    181.63470      3.65547    177.97923
      3.50678    154.51149      3.18737    151.32412
      3.51678    169.02542      3.56622    165.45920
      3.52678    148.69800      3.23012    145.46788
      3.53678    128.86750      2.90665    125.96085
      3.54678    165.71837      3.73527    161.98310
      3.55678    132.04923      3.04163    129.00760
      3.56678    112.39441      2.82424    109.57017
      3.57678    143.30132      3.47510    139.82622
      3.58678    141.76162      3.36918    138.39244
      3.59678    119.84422      3.19600    116.64822
      3.60678     99.54334      2.73258     96.81076
      3.61678    130.39153      3.33461    127.05693
      3.62678    156.71350      4.13383    152.57967
      3.63678     95.78305      2.73178     93.05127
      3.64678     82.62841      2.57340     80.05501
      3.65678    136.30596      3.94015    132.36582
      3.66678    138.32075      3.67956    134.64119
      3.67678    107.75086      3.24343    104.50743
      3.68678     92.90465      3.24144     89.66320
      3.69678     81.96650      2.64108     79.32542
      3.70678    133.90844      3.94693    129.96152
      3.71678    151.27268      4.64105    146.63163
      3.72678     80.47096      2.70844     77.76252
      3.73678     68.49807      2.68847     65.80959
      3.74678    108.86249      3.97898    104.88351
      3.75678    126.25914      3.83226    122.42688
      3.76678    125.06327      3.94607    121.11720
      3.77678    105.04050      4.09984    100.94065
      3.78678     61.83726      2.63815     59.19911
      3.79678     70.28977      2.78113     67.50864
      3.80678    142.80670      5.12320    137.68350
      3.81678    137.55826      4.57575    132.98251
      3.82678     78.91680      2.94280     75.97400
      3.83678     81.28594      3.85029     77.43565
      3.84678     76.55074      3.58572     72.96501
      3.85678     81.70782      3.04346     78.66436
      3.86678    145.38982      5.27105    140.11877
      3.87678    133.73071      5.28728    128.44344
      3.88678     59.53013      2.67700     56.85314
      3.89678     57.97730      3.07470     54.90259
      3.90678     92.81114      4.68997     88.12117
      3.91678    103.89758      4.09112     99.80646
      3.92678    123.44193      4.37257    119.06936
      3.93678    121.93938      5.47564    116.46374
      3.94678     74.39277      3.95526     70.43751
      3.95678     39.85906      2.27235     37.58670
      3.96678     77.74699      4.19289     73.55410
      3.97678    130.09726      5.92088    124.17639
      3.98678    121.87590      4.51753    117.35836
      3.99678     91.35892      4.04019     87.31873
      4.00678     88.40572      5.19014     83.21558
      4.01678     58.75413      3.62832     55.12581
      4.02678     45.11129      2.53059     42.58070
      4.03678    112.38249      5.58473    106.79776
      4.04678    156.40514      9.03010    147.37504
      4.05678    124.65010     34.69708     89.95302
      4.06678    248.33070    174.83646     73.49424
      4.07678    519.08482    401.90097    117.18386
      4.08678    562.75666    456.22807    106.52859
      4.09678    501.96266    398.57520    103.38746
      4.10678    642.60999    460.45205    182.15795
      4.11678    749.22588    550.37353    198.85234
      4.12678    635.11049    517.45353    117.65696
      4.13678    534.48756    444.12274     90.36482
      4.14678    514.90046    398.10017    116.80028
      4.15678    477.04168    367.32189    109.71979
      4.16678    458.81677    344.16544    114.65133
      4.17678    493.08667    328.72858    164.35808
      4.18678    468.86448    314.29249    154.57199
      4.19678    384.13875    297.65344     86.48531
      4.20678    346.27372    284.23774     62.03598
      4.21678    371.44840    275.80548     95.64292
      4.22678    382.28714    266.81766    115.46948
      4.23678    377.66304    256.22781    121.43523
      4.24678    386.99483    248.88851    138.10631
      4.25678    373.20621    242.55962    130.64659
      4.26678    321.11399    233.46347     87.65052
      4.27678    276.69738    225.01368     51.68370
      4.28678    294.18604    219.56881     74.61724
      4.29678    338.99838    217.74930    121.24908
      4.30678    344.65369    210.02497    134.62872
      4.31678    324.74000    204.88944    119.85056
      4.32678    346.70608    198.43185    148.27423
      4.33678    435.18015    198.31756    236.86259
      4.34678    417.83986    190.91643    226.92343
      4.35678    369.08667    188.92293    180.16373
      4.36678    393.96189    183.79741    210.16448
      4.37678    436.65122    185.36109    251.29013
      4.38678    382.68618    177.05733    205.62885
      4.39678    324.89028    173.86523    151.02505
      4.40678    349.60817    173.67636    175.93181
      4.41678    305.02814    165.29881    139.72933
      4.42678    268.36940    169.29632     99.07308
      4.43678    312.09105    157.21345    154.87760
      4.44678    382.22141    170.07625    212.14517
      4.45678    328.31192    155.11658    173.19533
      4.46678    286.58873    157.84218    128.74656
      4.47678    298.15094    156.15641    141.99453
      4.48678    278.29885    148.13642    130.16243
      4.49678    239.88996    153.74922     86.14074
      4.50678    243.75531    143.54979    100.20552
      4.51678    335.85898    148.98969    186.86929
      4.52678    359.89197    150.24378    209.64819
      4.53678    262.73919    140.68211    122.05708
      4.54678    245.31631    142.08866    103.22765
      4.55678    411.79596    154.47066    257.32530
      4.56678    562.93451    160.99868    401.93582
      4.57678    516.08380    159.33109    356.75271
      4.58678    442.80345    158.07678    284.72667
      4.59678    473.82351    146.49635    327.32717
      4.60678    540.93020    152.10989    388.82031
      4.61678    472.83419    155.28126    317.55293
      4.62678    335.35855    131.45031    203.90824
      4.63678    322.52017    139.86503    182.65515
      4.64678    396.34392    150.69988    245.64404
      4.65678    422.84433    127.40483    295.43950
      4.66678    414.83628    138.39387    276.44241
      4.67678    382.63678    146.58646    236.05032
      4.68678    313.76921    115.96105    197.80816
      4.69678    342.92938    132.49383    210.43555
      4.70678    376.87260    149.20688    227.66571
      4.71678    325.01221    111.75080    213.26141
      4.72678    303.37539    119.73575    183.63964
      4.73678    352.57867    149.88801    202.69066
      4.74678    369.67975    116.51170    253.16805
      4.75678    340.48097    108.66771    231.81325
      4.76678    348.55560    147.09883    201.45677
      4.77678    306.97532    121.27577    185.69954
      4.78678    258.53576     92.13385    166.40191
      4.79678    318.37351    137.00177    181.37174
      4.80678    311.36958    138.22372    173.14585
      4.81678    283.75081     88.78488    194.96593
      4.82678    365.45546    114.11229    251.34317
      4.83678    350.86899    149.57960    201.28939
      4.84678    268.73225    103.15364    165.57861
      4.85678    257.60837     84.39566    173.21270
      4.86678    328.88214    139.97410    188.90804
      4.87678    308.20787    133.88279    174.32508
      4.88678    210.88182     75.23846    135.64335
      4.89678    251.81636    100.06650    151.74986
      4.90678    350.99607    150.63307    200.36299
      4.91678    366.36383    110.62169    255.74213
      4.92678    299.18884     72.49137    226.69748
      4.93678    265.04733    121.32005    143.72728
      4.94678    245.84572    142.30721    103.53851
      4.95678    166.17119     78.30094     87.87026
      4.96678    223.47501     72.23711    151.23790
      4.97678    366.59995    140.95327    225.64668
      4.98678    389.29732    137.65865    251.63867
      4.99678    274.33989     68.26538    206.07451
      5.00678    191.44133     74.54295    116.89837
      5.01678    271.08081    143.49320    127.58761
      5.02678    289.04657    125.85572    163.19085
      5.03678    168.11948     56.27876    111.84073
      5.04678    195.38538     77.71662    117.66876
      5.05678    330.60993    147.60922    183.00071
      5.06678    321.29740    118.94144    202.35596
      5.07678    271.71415     55.77664    215.93751
      5.08678    265.74947     80.35722    185.39224
      5.09678    260.51603    145.16724    115.34879
      5.10678    240.84898    117.37737    123.47162
      5.11678    197.53921     50.37641    147.16280
      5.12678    179.86789     67.31244    112.55546
      5.13678    251.82366    140.79815    111.02551
      5.14678    261.72685    125.29542    136.43143
      5.15678    209.70414     53.22501    156.47913
      5.16678    267.08780     61.42359    205.66421
      5.17678    358.10313    136.79907    221.30407
      5.18678    281.70733    136.08575    145.62158
      5.19678    162.24721     57.83740    104.40980
      5.20678    231.05707     47.45059    183.60648
      5.21678    406.85565    124.19998    282.65567
      5.22678    447.01470    159.37579    287.63891
      5.23678    299.37853     83.30378    216.07475
      5.24678    136.20640     33.16157    103.04483
      5.25678    113.89495     78.55124     35.34371
      5.26678    203.24713    145.75000     57.49713
      5.27678    237.65313    107.34566    130.30748
      5.28678    201.93036     41.80405    160.12631
      5.29678    199.69088     55.75088    143.94000
      5.30678    306.88822    134.11152    172.77670
      5.31678    336.22626    138.93533    197.29094
      5.32678    206.14063     58.72051    147.42011
      5.33678    175.53241     35.78194    139.75047
      5.34678    255.01833     98.33743    156.68090
      5.35678    240.39600    148.86271     91.53329
      5.36678    147.41223     89.79858     57.61365
      5.37678    168.82305     33.28711    135.53594
      5.38678    274.64399     60.62975    214.01424
      5.39678    309.60330    136.06952    173.53378
      5.40678    271.34165    133.78445    137.55720
      5.41678    218.48474     57.84216    160.64258
      5.42678    192.18919     36.13271    156.05648
      5.43678    268.87717     96.79731    172.07986
      5.44678    298.81482    149.15599    149.65883
      5.45678    158.72986     92.47187     66.25799
      5.46678     91.03776     34.56754     56.47022
      5.47678    177.84228     62.10295    115.73933
      5.48678    303.15810    128.01681    175.14129
      5.49678    343.78581    129.94497    213.84084
      5.50678    294.07538     76.59867    217.47671
      5.51678    256.57804     71.08100    185.49704
      5.52678    231.79911     94.84835    136.95076
      5.53678    188.08173    103.56859     84.51314
      5.54678    198.44746    121.20217     77.24529
      5.55678    290.40203    117.90051    172.50153
      5.56678    302.79102     81.55982    221.23120
      5.57678    218.88224     87.44537    131.43688
      5.58678    249.51523    139.78555    109.72968
      5.59678    328.02238    124.26106    203.76131
      5.60678    289.85362     83.40947    206.44415
      5.61678    180.95493     85.59099     95.36394
      5.62678    137.84682     78.11960     59.72722
      5.63678    213.84680     88.48659    125.36021
      5.64678    304.28244    109.39740    194.88504
      5.65678    288.81854    105.66551    183.15302
      5.66678    232.96313     81.03778    151.92535
      5.67678    316.33316    132.90778    183.42538
      5.68678    537.85522    349.66301    188.19221
      5.69678    657.55767    493.29856    164.25911
      5.70678    496.51565    367.25158    129.26407
      5.71678    344.43765    224.84066    119.59699
      5.72678    391.42065    196.77540    194.64525
      5.73678    476.81936    211.62264    265.19672
      5.74678    475.27528    212.53585    262.73944
      5.75678    327.64964    153.40857    174.24107
      5.76678    256.45106    125.56508    130.88599
      5.77678    380.73431    201.77863    178.95568
      5.78678    416.67557    228.44223    188.23334
      5.79678    318.30964    156.08146    162.22818
      5.80678    285.55940     96.86915    188.69025
      5.81678    392.23012    127.40802    264.82210
      5.82678    467.14294    186.83410    280.30884
      5.83678    418.84633    205.70634    213.14000
      5.84678    400.09359    239.77106    160.32252
      5.85678    410.02181    208.73483    201.28697
      5.86678    512.16622    215.75189    296.41433
      5.87678    612.02902    246.70095    365.32808
      5.88678    506.15560    209.62179    296.53381
      5.89678    413.89588    187.92029    225.97558
      5.90678    362.12098    152.40300    209.71799
      5.91678    275.05421    135.65392    139.40029
      5.92678    165.12044    111.32271     53.79773
      5.93678     67.23323     54.71184     12.52139
      5.94678     15.61231     13.52252      2.08979
      5.95678     24.76855     20.02972      4.73883
      5.96678    135.97466    103.11939     32.85527
      5.97678    315.67461    216.39558     99.27904
      5.98678    351.25604    200.34390    150.91214
      5.99678    320.40122    161.30731    159.09391
      6.00678    295.69824    154.91048    140.78776
      6.01678    191.00222     81.10095    109.90128
      6.02678    107.86802     22.02710     85.84092
      6.03678     46.96300      5.12293     41.84007
      6.04678      9.78517      1.15344      8.63173
      6.05678     10.03272      5.24776      4.78496
      6.06678     73.28047     36.34756     36.93291
      6.07678    232.87396    107.89510    124.97886
      6.08678    319.05394    157.40045    161.65349
      6.09678    239.58579    154.71355     84.87224
      6.10678    190.30740    161.68824     28.61916
      6.11678    194.27702    172.40713     21.86989
      6.12678    153.00566    110.34318     42.66248
      6.13678    174.06934     69.03872    105.03063
      6.14678    296.34771    147.62157    148.72614
      6.15678    369.10721    245.02690    124.08031
      6.16678    367.40176    256.37924    111.02251
      6.17678    290.57671    184.69819    105.87852
      6.18678    222.14239    157.37938     64.76301
      6.19678    288.53616    240.36044     48.17572
      6.20678    265.98816    222.19568     43.79247
      6.21678    138.10364     92.25849     45.84516
      6.22678    125.95682     44.10489     81.85193
      6.23678    218.19840    104.45570    113.74270
      6.24678    324.82080    191.03767    133.78312
      6.25678    379.56504    242.11658    137.44846
      6.26678    344.08983    219.64966    124.44017
      6.27678    203.89319    128.40015     75.49304
      6.28678    166.15003    111.65257     54.49746
      6.29678    208.53103    125.52761     83.00341
      6.30678    183.19087    101.06820     82.12267
      6.31678    148.32549    104.52719     43.79830
      6.32678    153.53940    120.37033     33.16907
      6.33678    169.57193    104.60664     64.96529
      6.34678    289.32829    127.90791    161.42038
      6.35678    424.83673    186.48874    238.34798
      6.36678    385.47532    210.57383    174.90149
      6.37678    263.78093    190.70627     73.07466
      6.38678    162.28770    134.74426     27.54344
      6.39678    138.36862    103.19702     35.17160
      6.40678    186.50676    110.45447     76.05229
      6.41678    225.46685    140.62807     84.83878
      6.42678    192.40516    143.51384     48.89132
      6.43678    134.06368     97.61050     36.45317
      6.44678    160.55060     90.21466     70.33594
      6.45678    175.61467     89.27121     86.34346
      6.46678    207.93432    118.72583     89.20850
      6.47678    290.70755    164.54374    126.16529
      6.48678    274.57207    138.06511    136.57808
      6.49678    202.54114     96.20777    107.64608
      6.50678    262.27406    206.05887     65.79104
      6.51678    486.49329    465.68829     49.98664
      6.52678    525.91554    525.22438     42.12824
      6.53678    409.73979    391.19212     54.94344
      6.54678    492.58503    453.52035     81.47161
      6.55678    715.43483    709.18160     71.85267
      6.56678    824.42333    812.08998     85.26534
      6.57678    857.03570    801.06908    118.01022
      6.58678    811.31622    743.79585    119.89511
      6.59678    598.48583    551.54634     93.24520
      6.60678    372.61146    368.24732     42.39223
      6.61678    329.90458    330.13943     33.79912
      6.62678    461.66766    408.58875     90.36480
      6.63678    541.87187    447.34927    132.10192
      6.64678    472.35516    417.60909     89.48197
      6.65678    383.83528    386.83123     30.13174
      6.66678    386.23216    398.67682     22.03058
      6.67678    392.16610    365.97832     58.87517
      6.68678    379.28092    325.66438     80.42273
      6.69678    353.51586    333.19993     45.30442
      6.70678    355.39362    362.96126     20.55654
      6.71678    381.42241    356.70332     54.48918
      6.72678    439.69012    329.85258    138.59886
      6.73678    542.50788    370.47113    198.40599
      6.74678    531.62761    379.87167    172.52690
      6.75678    410.52620    344.05421     87.51095
      6.76678    346.98344    338.73391     34.58054
      6.77678    305.98195    316.00620     17.28985
      6.78678    284.61960    298.45615     11.42828
      6.79678    311.77898    308.27830     28.03116
      6.80678    387.76860    324.05205     86.52812
      6.81678    450.13784    323.45236    144.01284
      6.82678    425.55635    307.42857    137.30474
      6.83678    312.91356    248.95887     85.82656
      6.84678    234.06294    208.90696     46.31873
      6.85678    295.48763    250.68815     67.54993
      6.86678    315.26321    258.49224     76.74585
      6.87678    261.27368    248.63429     34.38741
      6.88678    200.46043    212.12309      7.91973
      6.89678    206.14028    216.11163      7.12121
      6.90678    254.36103    253.94423     20.54027
      6.91678    326.29653    261.10365     83.80925
      6.92678    473.01200    291.20023    197.27225
      6.93678    464.29562    258.60507    215.26585
      6.94678    262.26396    143.35551    122.40594
      6.95678    234.92587    152.08972     89.00668
      6.96678    389.41980    324.14401     83.31876
      6.97678    455.36795    441.29774     40.07065
      6.98678    366.24480    375.60514     12.58627
      6.99678    258.44595    261.39229     15.09258
      7.00678    296.82868    253.51596     63.05525
      7.01678    391.27305    268.88555    138.10367
      7.02678    373.30835    242.73914    138.64897
      7.03678    275.26505    221.62765     65.05151
      7.04678    209.06219    213.96637     15.00683
      7.05678    130.88536    131.83994     13.05233
      7.06678     94.87321     50.93358     48.32282
      7.07678    175.94729    100.52635     80.90085
      7.08678    349.15932    276.14893     87.55344
      7.09678    492.77839    397.29903    117.90943
      7.10678    477.86398    366.71197    136.98235
      7.11678    364.63098    249.52465    132.86784
      7.12678    291.79490    177.62875    123.05099
      7.13678    331.77407    243.87777    103.84223
      7.14678    345.35285    290.85551     76.83801
      7.15678    224.36767    199.05518     37.46172
      7.16678    170.59354    127.72388     47.70268
      7.17678    283.52581    186.40378    107.43211
      7.18678    346.59921    243.83703    120.64131
      7.19678    251.96664    202.07686     64.70064
      7.20678    173.84249    135.82337     43.73502
      7.21678    160.52356     81.47020     79.99478
      7.22678    186.20955     74.75703    111.55781
      7.23678    245.29303    120.56673    125.54158
      7.24678    320.27083    205.19641    120.76960
      7.25678    416.55112    308.75716    123.92084
      7.26678    458.77852    341.40851    138.29520
      7.27678    404.72883    298.24617    121.97750
      7.28678    318.49320    258.43896     72.96330
      7.29678    401.58034    338.17007     82.05032
      7.30678    620.05735    460.44151    179.16334
      7.31678    692.21672    463.83083    240.21830
      7.32678    533.73915    345.24450    196.22959
      7.33678    425.92554    250.61643    187.71177
      7.34678    431.38394    246.15999    201.20160
      7.35678    342.62044    223.93801    132.59949
      7.36678    213.34476    136.39211     84.08621
      7.37678    163.50946     78.88681     87.68339
      7.38678    224.05488    143.40328     87.26110
      7.39678    361.84198    294.67612     78.65827
      7.40678    439.43814    352.42811     99.36276
      7.41678    373.70536    253.56343    130.20131
      7.42678    299.58021    146.24963    157.57134
      7.43678    294.45720    117.62625    177.54069
      7.44678    217.94578     77.81295    140.18004
      7.45678    147.12475     65.06718     82.14521
      7.46678    236.31165    163.51207     73.74979
      7.47678    413.42823    316.28915    101.17078
      7.48678    454.07107    364.07304     97.39476
      7.49678    304.55704    255.98373     56.21650
      7.50678    188.11983    127.95124     65.22533
      7.51678    209.24477     79.55599    131.35452
      7.52678    318.54585    138.88017    179.89200
      7.53678    428.06207    232.88266    195.31197
      7.54678    400.13544    244.82313    156.41800
      7.55678    297.65928    225.57614     77.19839
      7.56678    344.62150    318.06142     41.66335
      7.57678    481.50737    429.74640     76.10826
      7.58678    435.37299    330.79174    122.99681
      7.59678    394.14709    218.75471    186.78847
      7.60678    473.59964    221.35286    264.93836
      7.61678    501.77002    245.87690    271.24243
      7.62678    417.81619    247.40212    184.19713
      7.63678    292.35406    219.51418     84.02162
      7.64678    204.94752    178.33508     34.26839
      7.65678    179.80039    160.09571     27.65900
      7.66678    225.21768    174.45651     63.77085
      7.67678    272.33566    187.82065     96.23094
      7.68678    266.37533    184.37737     92.01290
      7.69678    201.07285    136.05297     73.86912
      7.70678    218.76041    107.10788    116.89588
      7.71678    296.16372    150.29139    154.05218
      7.72678    250.27381    167.53558     95.25864
      7.73678    206.63078    151.59333     63.05964
      7.74678    229.12155    171.89449     62.37173
      7.75678    240.76242    206.15517     42.90329
      7.76678    198.52124    163.34333     42.19112
      7.77678    117.80280     75.22327     44.79455
      7.78678     48.64562     24.36117     24.57667
      7.79678     58.20335     30.11335     28.70445
      7.80678    172.43720    106.27075     70.01722
      7.81678    270.02834    184.75057     94.54521
      7.82678    296.03374    196.73358    109.27990
      7.83678    319.31806    216.93841    111.28219
      7.84678    264.05506    182.77907     88.37268
      7.85678    185.11685    106.88188     80.89155
      7.86678    153.93238     98.12306     56.18718
      7.87678    130.08564    101.27530     28.83018
      7.88678    111.26042     82.47693     28.78387
      7.89678    105.25100     51.80752     53.44363
      7.90678    132.10819     58.69675     73.42071
      7.91678    128.40019     83.59329     45.00845
      7.92678     86.16777     75.65625     12.12247
      7.93678     89.77048     91.63583      2.87219
      7.94678    134.55935    129.14144     10.56655
      7.95678    225.85286    187.17911     41.17381
      7.96678    398.69835    303.25744     99.02724
      7.97678    545.43308    404.67337    149.58458
      7.98678    481.93270    334.45164    156.36101
      7.99678    363.35441    235.08657    131.87010
      8.00678    281.38836    216.86473     65.75077
      8.01678    187.41974    170.32334     18.10240
      8.02678     96.22187     91.59104      7.00919
      8.03678    113.89152     97.69445     22.98334
      8.04678    206.32036    154.66199     60.56705
      8.05678    243.14183    187.44334     61.86291
      8.06678    162.29260    139.74757     25.24332
      8.07678     57.98323     52.67441      5.92180
      8.08678     45.98220     37.66619      8.37327
      8.09678    102.56120     83.61732     18.94589
      8.10678    160.57559    134.60241     25.97326
      8.11678    183.70932    149.24738     34.46622
      8.12678    163.54968    108.41141     55.25368
      8.13678    202.26524    108.73115     94.67917
      8.14678    292.35204    184.88032    111.65769
      8.15678    388.76350    290.42696    104.05214
      8.16678    367.34304    302.16230     68.46662
      8.17678    255.74199    209.44256     47.71846
      8.18678    231.28527    131.55159    100.36740
      8.19678    267.12410    105.84754    161.49851
      8.20678    280.41246    110.18611    171.30486
      8.21678    368.45959    187.33100    186.54738
      8.22678    415.14488    261.28827    164.43887
      8.23678    265.12340    194.57135     81.37960
      8.24678    198.58399    162.12705     48.72005
      8.25678    292.17465    222.49947     80.15776
      8.26678    376.65356    278.69033    101.70552
      8.27678    354.72957    267.80594     87.64574
      8.28678    286.51781    217.49310     70.33082
      8.29678    237.74675    188.57446     51.84602
      8.30678    217.45784    180.55045     39.05011
      8.31678    192.86021    161.87847     31.74098
      8.32678    155.87425    128.89165     27.29131
      8.33678    164.77088    119.34471     47.17542
