Energy-E_F (eV)    DOS (1/eV)    PDOS (1/eV)  of atom type H  C  
     -6.84003    203.34525     10.13591    193.20934
     -6.83003    293.92655     22.76366    271.16289
     -6.82003    227.30586     22.16472    205.14113
     -6.81003    123.92362      9.46363    114.45999
     -6.80003     89.45865      2.83339     86.62526
     -6.79003     62.80585      1.29540     61.51045
     -6.78003     89.26977      1.66571     87.60406
     -6.77003    138.75269      2.85793    135.89476
     -6.76003    164.27819      8.00103    156.27716
     -6.75003    238.30362     24.50071    213.80291
     -6.74003    300.87383     38.41435    262.45947
     -6.73003    212.96280     27.48167    185.48114
     -6.72003    120.71341      9.60347    111.10993
     -6.71003     96.65828      4.33997     92.31831
     -6.70003    123.95993     10.18473    113.77520
     -6.69003    216.78400     18.31114    198.47287
     -6.68003    196.66939     13.46999    183.19940
     -6.67003     97.18624      6.81078     90.37546
     -6.66003    136.65499     15.58535    121.06963
     -6.65003    237.67901     27.66506    210.01395
     -6.64003    168.34383     18.65576    149.68807
     -6.63003     76.26720      5.17757     71.08963
     -6.62003    122.74226      2.39127    120.35099
     -6.61003    160.38590      3.70918    156.67672
     -6.60003    118.49313      9.60675    108.88639
     -6.59003    150.97190     22.85151    128.12039
     -6.58003    224.19439     30.41688    193.77750
     -6.57003    212.26191     25.98025    186.28167
     -6.56003    141.38175     15.19509    126.18667
     -6.55003    116.81631      6.22949    110.58682
     -6.54003    153.47493      3.20260    150.27233
     -6.53003    130.71451      3.76613    126.94837
     -6.52003    115.36524     13.98302    101.38222
     -6.51003    211.08979     33.85891    177.23088
     -6.50003    221.14166     32.20935    188.93231
     -6.49003    128.91738     15.42859    113.48879
     -6.48003    112.97920     10.24749    102.73171
     -6.47003    143.07227      7.40908    135.66319
     -6.46003    174.84661      5.91013    168.93648
     -6.45003    174.96739     14.46605    160.50134
     -6.44003    194.46710     29.45311    165.01399
     -6.43003    188.25823     26.06312    162.19511
     -6.42003    158.08221     16.09750    141.98471
     -6.41003    204.19189     28.72051    175.47138
     -6.40003    273.17603     43.09397    230.08206
     -6.39003    271.73351     35.06753    236.66599
     -6.38003    276.82609     24.36835    252.45774
     -6.37003    214.73989     17.07872    197.66117
     -6.36003    123.32731     12.24815    111.07916
     -6.35003     74.69642      6.19316     68.50326
     -6.34003     93.66989      4.84875     88.82114
     -6.33003    120.24857     11.33271    108.91586
     -6.32003    107.81339     15.60918     92.20421
     -6.31003     90.87697      9.11488     81.76209
     -6.30003    140.76264      4.20243    136.56021
     -6.29003    172.80108      6.71642    166.08466
     -6.28003    138.82237     13.30417    125.51820
     -6.27003    121.62524     18.35251    103.27273
     -6.26003    201.26296     30.67313    170.58982
     -6.25003    322.50397     44.54018    277.96379
     -6.24003    297.93693     41.09732    256.83961
     -6.23003    259.07081     41.21682    217.85399
     -6.22003    260.70489     38.97391    221.73098
     -6.21003    222.46344     25.84192    196.62152
     -6.20003    164.30359     13.47931    150.82428
     -6.19003    156.52671     16.28785    140.23886
     -6.18003    170.17774     22.45935    147.71839
     -6.17003    117.78843     14.58523    103.20320
     -6.16003    100.24880      9.79538     90.45342
     -6.15003    161.44346     18.27073    143.17273
     -6.14003    171.98911     19.35852    152.63059
     -6.13003    135.91428     10.23111    125.68316
     -6.12003    145.06526     12.72373    132.34153
     -6.11003    219.82357     22.99466    196.82891
     -6.10003    193.01417     17.79162    175.22255
     -6.09003     73.67595      5.35421     68.32174
     -6.08003     13.11746      0.68958     12.42788
     -6.07003     20.34620      1.00316     19.34304
     -6.06003    112.00622      7.37886    104.62736
     -6.05003    276.56791     23.91392    252.65400
     -6.04003    315.55268     35.18998    280.36270
     -6.03003    192.86029     26.84495    166.01534
     -6.02003     88.48204     12.71952     75.76251
     -6.01003    117.05423     10.67636    106.37786
     -6.00003    246.21643     18.33930    227.87712
     -5.99003    305.13274     19.50569    285.62705
     -5.98003    224.21080     12.37869    211.83211
     -5.97003     97.71205      5.34328     92.36877
     -5.96003     91.64422      9.12960     82.51461
     -5.95003    202.56910     25.05550    177.51361
     -5.94003    244.85954     34.72406    210.13548
     -5.93003    172.19376     25.04262    147.15114
     -5.92003     78.97409     10.30723     68.66686
     -5.91003     61.40789      8.26648     53.14141
     -5.90003    173.55249     25.63168    147.92082
     -5.89003    268.97085     40.71982    228.25103
     -5.88003    238.89888     34.77386    204.12502
     -5.87003    208.10155     29.51637    178.58518
     -5.86003    170.58740     24.17190    146.41550
     -5.85003    128.47899     13.60006    114.87893
     -5.84003    141.14572      9.17511    131.97061
     -5.83003    151.37789     13.20794    138.16996
     -5.82003    135.15739     20.95996    114.19742
     -5.81003    166.37478     29.78463    136.59015
     -5.80003    244.62756     31.22636    213.40120
     -5.79003    320.36960     30.11353    290.25607
     -5.78003    272.99897     24.03708    248.96189
     -5.77003    111.95127      9.86227    102.08900
     -5.76003     28.09911      2.61133     25.48777
     -5.75003     52.48499      5.31649     47.16850
     -5.74003    128.17495     13.12549    115.04946
     -5.73003    200.42909     22.10637    178.32271
     -5.72003    224.74685     24.26423    200.48262
     -5.71003    194.61386     16.73310    177.88076
     -5.70003    139.17733     12.46144    126.71589
     -5.69003    106.05942     15.76766     90.29176
     -5.68003    167.33524     25.81770    141.51754
     -5.67003    219.70345     25.23364    194.46981
     -5.66003    177.13991     19.22557    157.91434
     -5.65003    198.03503     28.03526    169.99977
     -5.64003    259.86205     33.49115    226.37091
     -5.63003    251.06142     22.80037    228.26104
     -5.62003    299.40373     23.77722    275.62650
     -5.61003    353.56263     32.23845    321.32418
     -5.60003    290.71245     31.09955    259.61290
     -5.59003    344.27724     44.27518    300.00206
     -5.58003    574.96744     75.19792    499.76953
     -5.57003    722.00272     91.72005    630.28267
     -5.56003    702.53023     90.55792    611.97231
     -5.55003    638.69202     77.35354    561.33849
     -5.54003    576.00398     61.86750    514.13648
     -5.53003    535.06964     59.46207    475.60757
     -5.52003    501.22794     55.17264    446.05530
     -5.51003    455.38807     46.54353    408.84454
     -5.50003    450.87038     44.37930    406.49107
     -5.49003    526.91118     56.68484    470.22634
     -5.48003    476.56311     58.94997    417.61315
     -5.47003    299.50259     46.29587    253.20673
     -5.46003    267.23182     47.17425    220.05757
     -5.45003    267.85349     39.13103    228.72246
     -5.44003    204.61910     22.80803    181.81107
     -5.43003    166.93416     18.77506    148.15910
     -5.42003    136.28764     23.35837    112.92927
     -5.41003     83.96406     19.58464     64.37942
     -5.40003     95.53443     25.13533     70.39910
     -5.39003    182.71570     46.12090    136.59480
     -5.38003    257.56376     52.52993    205.03383
     -5.37003    303.26404     40.19086    263.07318
     -5.36003    316.70769     38.15835    278.54933
     -5.35003    253.25259     37.59053    215.66206
     -5.34003    137.78973     21.66509    116.12464
     -5.33003     48.25194      6.70123     41.55070
     -5.32003     36.20223      1.54300     34.65923
     -5.31003     74.02202      1.52012     72.50190
     -5.30003     71.05742      1.43871     69.61871
     -5.29003     55.74179      1.74073     54.00107
     -5.28003    111.49700      6.44071    105.05629
     -5.27003    149.84059     12.37016    137.47043
     -5.26003    103.63298      9.44203     94.19096
     -5.25003     82.95502      3.74852     79.20650
     -5.24003     77.83060      1.76806     76.06254
     -5.23003     33.98710      0.71328     33.27382
     -5.22003     10.33868      0.71703      9.62165
     -5.21003     37.14706      4.20017     32.94690
     -5.20003    126.62245     11.83991    114.78255
     -5.19003    235.85129     17.42022    218.43107
     -5.18003    245.73633     16.97505    228.76128
     -5.17003    122.42185      9.05783    113.36402
     -5.16003     25.35279      2.02781     23.32498
     -5.15003      2.33574      0.17855      2.15719
     -5.14003      5.17298      0.10796      5.06502
     -5.13003     32.86411      0.67085     32.19326
     -5.12003     85.47263      2.07479     83.39784
     -5.11003    135.36450      6.41107    128.95344
     -5.10003    214.98389     17.98558    196.99832
     -5.09003    215.98554     22.91071    193.07482
     -5.08003     95.22869     11.24968     83.97901
     -5.07003     34.99338      2.44621     32.54717
     -5.06003     63.94123      1.40691     62.53431
     -5.05003     76.08334      1.53323     74.55011
     -5.04003     34.54672      0.69684     33.84988
     -5.03003     16.16171      0.45595     15.70575
     -5.02003     61.51229      2.89290     58.61939
     -5.01003    149.16200      9.63283    139.52917
     -5.00003    179.17274     12.82971    166.34303
     -4.99003    130.60854      7.23097    123.37757
     -4.98003     56.31040      1.96994     54.34046
     -4.97003     11.28187      0.28317     10.99870
     -4.96003      1.35416      0.02869      1.32547
     -4.95003      7.69179      0.15994      7.53185
     -4.94003     51.37009      1.23114     50.13895
     -4.93003    148.62434      5.07900    143.54534
     -4.92003    203.78538     11.37235    192.41303
     -4.91003    138.08852     11.64509    126.44343
     -4.90003     44.08103      4.77287     39.30816
     -4.89003     11.22054      0.84749     10.37305
     -4.88003     33.36818      0.72313     32.64505
     -4.87003     76.49744      1.62713     74.87031
     -4.86003     75.84721      2.25160     73.59561
     -4.85003     87.32424      5.22595     82.09829
     -4.84003    167.84149     11.36505    156.47643
     -4.83003    204.39998     15.36891    189.03107
     -4.82003    159.09681     12.39188    146.70493
     -4.81003    112.58421      5.59319    106.99102
     -4.80003     60.90897      1.71191     59.19706
     -4.79003     15.41149      0.34280     15.06869
     -4.78003      4.28534      0.08833      4.19701
     -4.77003     26.30153      0.54155     25.75998
     -4.76003    101.28023      2.42120     98.85903
     -4.75003    179.99285      6.85972    173.13313
     -4.74003    172.08357     12.02832    160.05525
     -4.73003    103.58863     10.34533     93.24330
     -4.72003    103.38811      7.29153     96.09658
     -4.71003    245.06056     11.03698    234.02358
     -4.70003    424.69849     14.72482    409.97368
     -4.69003    500.60991     14.82376    485.78615
     -4.68003    462.99590     12.51016    450.48573
     -4.67003    447.20686     11.85924    435.34762
     -4.66003    425.05502     15.20185    409.85317
     -4.65003    362.31927     18.72384    343.59543
     -4.64003    276.42465     14.25577    262.16888
     -4.63003    211.29294      7.68883    203.60411
     -4.62003    161.09792      4.68217    156.41576
     -4.61003    131.75533      3.71253    128.04281
     -4.60003    153.43454      4.88007    148.55447
     -4.59003    230.30988      9.10327    221.20661
     -4.58003    273.74578     12.12406    261.62172
     -4.57003    260.70872     14.05312    246.65560
     -4.56003    261.85524     16.28196    245.57327
     -4.55003    200.36282     10.76906    189.59376
     -4.54003    109.11718      4.13905    104.97813
     -4.53003     91.28366      2.60612     88.67753
     -4.52003     82.71349      2.14089     80.57260
     -4.51003     96.09846      2.12550     93.97295
     -4.50003    151.89254      3.69790    148.19464
     -4.49003    195.95486      7.05332    188.90153
     -4.48003    221.75495     13.57609    208.17886
     -4.47003    246.16901     18.05285    228.11616
     -4.46003    231.86300     13.80115    218.06186
     -4.45003    159.97250      6.53523    153.43726
     -4.44003     94.46344      2.72664     91.73680
     -4.43003     81.99799      2.19281     79.80519
     -4.42003     82.22417      2.23203     79.99214
     -4.41003     69.25254      2.20622     67.04632
     -4.40003    140.49356      6.70793    133.78564
     -4.39003    248.86135     14.40561    234.45574
     -4.38003    234.01054     13.26101    220.74952
     -4.37003    121.84583      5.62737    116.21846
     -4.36003     82.72453      3.55567     79.16886
     -4.35003    146.14730      7.07672    139.07059
     -4.34003    139.36122      7.06059    132.30063
     -4.33003     69.88718      3.12861     66.75857
     -4.32003     98.55556      3.58453     94.97104
     -4.31003    216.01954     10.59150    205.42804
     -4.30003    301.46580     16.06129    285.40451
     -4.29003    241.49255     10.55135    230.94121
     -4.28003    125.52470      3.65635    121.86835
     -4.27003    112.16838      2.53521    109.63317
     -4.26003    152.82063      3.26248    149.55815
     -4.25003    120.05820      2.84352    117.21469
     -4.24003    119.40471      5.07045    114.33426
     -4.23003    225.79782     11.72343    214.07439
     -4.22003    332.59275     17.86722    314.72553
     -4.21003    329.22235     15.73515    313.48720
     -4.20003    170.39229      6.61311    163.77918
     -4.19003     57.07060      1.70220     55.36841
     -4.18003     70.36469      1.80522     68.55947
     -4.17003    100.12362      2.37412     97.74950
     -4.16003    110.06127      2.29499    107.76628
     -4.15003    134.90811      4.09667    130.81145
     -4.14003    198.25914     10.70704    187.55210
     -4.13003    266.30176     16.89918    249.40258
     -4.12003    259.48331     14.43014    245.05317
     -4.11003    189.33347      7.82031    181.51316
     -4.10003    136.64581      3.54994    133.09587
     -4.09003    138.27546      2.89455    135.38090
     -4.08003    117.15937      2.72969    114.42968
     -4.07003     74.61551      2.61129     72.00422
     -4.06003    113.40481      7.08310    106.32171
     -4.05003    198.57187     13.45005    185.12181
     -4.04003    208.90242     11.25175    197.65067
     -4.03003    177.56449      5.93109    171.63340
     -4.02003    167.15738      5.65357    161.50381
     -4.01003    183.77717      7.33503    176.44214
     -4.00003    157.68117      5.58005    152.10112
     -3.99003    164.86737      4.85346    160.01390
     -3.98003    186.34051      8.01029    178.33022
     -3.97003    180.49885     12.53882    167.96003
     -3.96003    181.74683     11.16063    170.58621
     -3.95003    164.60262      5.81830    158.78432
     -3.94003    145.62149      3.50238    142.11911
     -3.93003    109.17155      2.60620    106.56534
     -3.92003     71.13345      2.76706     68.36639
     -3.91003     90.49013      5.46711     85.02302
     -3.90003    134.89113      9.04958    125.84155
     -3.89003    174.43875     12.93298    161.50577
     -3.88003    130.02287     10.39748    119.62539
     -3.87003     39.70353      3.36562     36.33791
     -3.86003      4.56400      0.40702      4.15698
     -3.85003      0.38678      0.02253      0.36424
     -3.84003      4.12678      0.11992      4.00686
     -3.83003     35.48401      1.44102     34.04299
     -3.82003    130.83975      7.49359    123.34615
     -3.81003    216.59404     15.98044    200.61360
     -3.80003    158.50767     13.34255    145.16512
     -3.79003     49.56863      4.26600     45.30263
     -3.78003     22.44048      0.82319     21.61729
     -3.77003     82.27181      1.57859     80.69322
     -3.76003    170.34741      3.28876    167.05864
     -3.75003    203.81869      4.93621    198.88248
     -3.74003    249.35460     10.12832    239.22628
     -3.73003    275.00781     14.94317    260.06464
     -3.72003    201.73914     11.44289    190.29625
     -3.71003    141.30710      7.26847    134.03863
     -3.70003    149.88967      5.33907    144.55060
     -3.69003    177.36327      4.11794    173.24532
     -3.68003    146.06800      3.15916    142.90884
     -3.67003    138.87582      5.09602    133.77980
     -3.66003    184.75126     11.30892    173.44234
     -3.65003    182.04157     12.38068    169.66088
     -3.64003    126.14071      6.25799    119.88271
     -3.63003    121.77896      3.92339    117.85557
     -3.62003    134.06171      5.34047    128.72123
     -3.61003    141.90172      5.47499    136.42672
     -3.60003    187.42119      5.77568    181.64551
     -3.59003    238.29352     10.27841    228.01511
     -3.58003    210.74725     13.43458    197.31267
     -3.57003     99.47555      7.70110     91.77445
     -3.56003     34.78968      2.01702     32.77266
     -3.55003     77.39911      1.90369     75.49542
     -3.54003    177.38638      4.84780    172.53857
     -3.53003    235.19797      8.12564    227.07233
     -3.52003    224.47496     10.96517    213.50978
     -3.51003    191.34704     13.47812    177.86892
     -3.50003    148.57065      9.96594    138.60471
     -3.49003     97.53532      3.96257     93.57275
     -3.48003     62.36303      1.45588     60.90716
     -3.47003     81.55062      1.66635     79.88427
     -3.46003    104.84397      3.36282    101.48115
     -3.45003    191.39846     10.15289    181.24557
     -3.44003    310.05110     17.76217    292.28894
     -3.43003    255.06509     13.15933    241.90576
     -3.42003    141.94265      4.97211    136.97054
     -3.41003     67.25360      1.56469     65.68891
     -3.40003     23.23960      0.58318     22.65642
     -3.39003     50.29059      2.33276     47.95783
     -3.38003    173.88897      9.64668    164.24229
     -3.37003    321.17127     17.54478    303.62649
     -3.36003    301.03659     14.02849    287.00810
     -3.35003    132.50514      5.05002    127.45512
     -3.34003     57.97158      1.53348     56.43810
     -3.33003     81.65703      2.10053     79.55650
     -3.32003     86.99294      4.50026     82.49268
     -3.31003    119.49580     10.39913    109.09667
     -3.30003    210.02226     13.58413    196.43813
     -3.29003    255.28743     10.56775    244.71968
     -3.28003    182.70717      5.98050    176.72666
     -3.27003    123.65876      3.25690    120.40187
     -3.26003    141.99309      4.45277    137.54032
     -3.25003    161.88036      9.40751    152.47285
     -3.24003    136.51017     12.17527    124.33491
     -3.23003    113.12821      8.27145    104.85675
     -3.22003    196.08655      7.07707    189.00948
     -3.21003    233.91741      6.88043    227.03698
     -3.20003    155.96210      4.99220    150.96990
     -3.19003    151.13085      8.54408    142.58677
     -3.18003    174.82554     12.86343    161.96211
     -3.17003    148.79877      9.13513    139.66363
     -3.16003    111.89609      4.73354    107.16255
     -3.15003    124.45050      4.89434    119.55616
     -3.14003    181.43185      6.70601    174.72584
     -3.13003    229.00911     11.14882    217.86029
     -3.12003    200.87496     13.33414    187.54082
     -3.11003    183.55037      9.02962    174.52075
     -3.10003    200.72191      6.04918    194.67272
     -3.09003    196.03367      6.61394    189.41973
     -3.08003    195.54637      9.23847    186.30790
     -3.07003    180.61511     12.72441    167.89070
     -3.06003    174.32870     11.76732    162.56138
     -3.05003    195.84791      7.50145    188.34646
     -3.04003    326.38887      9.29091    317.09796
     -3.03003    374.69620     12.43373    362.26247
     -3.02003    236.56391     13.38311    223.18080
     -3.01003    119.41515     12.22676    107.18839
     -3.00003     55.89690      6.02204     49.87486
     -2.99003     69.03153      2.66783     66.36370
     -2.98003    148.43104      5.59179    142.83925
     -2.97003    181.65729     11.38279    170.27450
     -2.96003    132.67311     12.90143    119.77168
     -2.95003     55.79124      6.65111     49.14013
     -2.94003     27.87052      2.20516     25.66537
     -2.93003     91.52681      5.03016     86.49664
     -2.92003    215.94747     12.62842    203.31905
     -2.91003    257.56632     14.44762    243.11870
     -2.90003    163.50299      7.43253    156.07046
     -2.89003     82.41367      3.51636     78.89731
     -2.88003    112.26362      7.77688    104.48674
     -2.87003    145.76964     13.30633    132.46331
     -2.86003     90.39118      9.76925     80.62193
     -2.85003     49.65155      4.03754     45.61401
     -2.84003    120.07105      6.52661    113.54443
     -2.83003    230.74695     13.70037    217.04657
     -2.82003    231.81231     13.28450    218.52781
     -2.81003    165.77366      6.93790    158.83577
     -2.80003    142.92120      7.02133    135.89987
     -2.79003    145.89665     12.08686    133.80979
     -2.78003    113.74637     11.64436    102.10201
     -2.77003    103.39813      7.25296     96.14517
     -2.76003    166.26566      9.14954    157.11612
     -2.75003    215.11703     13.99541    201.12162
     -2.74003    202.44935     12.41814    190.03122
     -2.73003    201.07724      9.04298    192.03426
     -2.72003    200.58155     11.72411    188.85744
     -2.71003    184.43276     14.07058    170.36218
     -2.70003    144.30865     10.19626    134.11239
     -2.69003    169.02017     11.57557    157.44460
     -2.68003    251.96599     16.14654    235.81945
     -2.67003    247.93285     13.69541    234.23745
     -2.66003    250.45565     14.60907    235.84659
     -2.65003    320.71346     18.22249    302.49096
     -2.64003    331.78017     16.91605    314.86412
     -2.63003    258.67485     16.63182    242.04302
     -2.62003    159.42811     14.01961    145.40850
     -2.61003    138.96378     12.49642    126.46736
     -2.60003    175.61008     14.39707    161.21301
     -2.59003    152.22687     13.96211    138.26476
     -2.58003    151.02659     15.00581    136.02078
     -2.57003    189.66978     16.23477    173.43502
     -2.56003    190.92716     17.97381    172.95335
     -2.55003    170.17156     20.27183    149.89973
     -2.54003    208.40015     24.92504    183.47512
     -2.53003    276.08122     29.14672    246.93451
     -2.52003    242.35074     24.31252    218.03821
     -2.51003    132.56961     11.37124    121.19837
     -2.50003     93.58922      3.10092     90.48830
     -2.49003     68.37875      0.92463     67.45412
     -2.48003     31.97058      0.38950     31.58108
     -2.47003     70.29581      1.02667     69.26914
     -2.46003    199.40341      2.97733    196.42608
     -2.45003    278.48681      4.11860    274.36821
     -2.44003    188.19316      2.70846    185.48470
     -2.43003     91.21629      1.24496     89.97133
     -2.42003    131.13119      1.72517    129.40602
     -2.41003    154.50836      2.05009    152.45827
     -2.40003     88.17271      1.26555     86.90716
     -2.39003     89.53945      1.51936     88.02009
     -2.38003    155.38759      2.51764    152.86995
     -2.37003    192.37088      2.97489    189.39599
     -2.36003    187.25531      3.63893    183.61638
     -2.35003    190.10729      5.04681    185.06048
     -2.34003    150.09292      4.15541    145.93750
     -2.33003    142.63712      2.78342    139.85370
     -2.32003    230.52593      3.65876    226.86717
     -2.31003    187.45857      2.93652    184.52205
     -2.30003     62.55206      1.02879     61.52327
     -2.29003     68.31352      1.82151     66.49201
     -2.28003    359.18405     10.33093    348.85312
     -2.27003    930.35974     27.27030    903.08944
     -2.26003   1234.03145     35.95930   1198.07216
     -2.25003   1012.66510     29.00081    983.66429
     -2.24003    634.27374     18.30339    615.97035
     -2.23003    427.49637     12.13963    415.35675
     -2.22003    459.10314     12.30599    446.79715
     -2.21003    490.20585     12.97941    477.22643
     -2.20003    396.59434     10.16415    386.43019
     -2.19003    396.70222      9.96269    386.73954
     -2.18003    500.53533     13.27782    487.25751
     -2.17003    467.02903     12.41156    454.61747
     -2.16003    292.79866      7.11942    285.67923
     -2.15003    146.40350      2.97083    143.43267
     -2.14003     97.51979      1.47879     96.04099
     -2.13003     66.57121      0.90577     65.66544
     -2.12003     24.05953      0.32255     23.73698
     -2.11003     32.89981      0.43923     32.46059
     -2.10003    105.37725      1.42526    103.95199
     -2.09003    149.28962      2.05239    147.23723
     -2.08003     87.96342      1.22840     86.73502
     -2.07003     21.86531      0.30962     21.55569
     -2.06003     11.21631      0.16627     11.05004
     -2.05003     48.13862      0.71100     47.42762
     -2.04003    107.57408      1.53173    106.04235
     -2.03003    125.04375      1.66193    123.38182
     -2.02003     81.97935      1.02775     80.95160
     -2.01003     37.12507      0.51380     36.61126
     -2.00003     92.36218      1.68173     90.68044
     -1.99003    315.22497      6.18006    309.04490
     -1.98003    604.72261     12.28617    592.43644
     -1.97003    749.58837     15.15581    734.43256
     -1.96003    715.36281     14.02687    701.33594
     -1.95003    553.04854     10.68238    542.36616
     -1.94003    427.57188      8.23582    419.33606
     -1.93003    475.16259      9.18180    465.98079
     -1.92003    584.82585     11.38576    573.44009
     -1.91003    543.18256     10.47117    532.71139
     -1.90003    504.37719      9.22987    495.14732
     -1.89003    590.31861     10.36507    579.95354
     -1.88003    543.05121      9.61209    533.43912
     -1.87003    339.05998      6.17685    332.88313
     -1.86003    238.90992      4.40961    234.50031
     -1.85003    216.47536      3.82502    212.65034
     -1.84003    179.95072      2.74917    177.20156
     -1.83003    174.37736      2.32338    172.05397
     -1.82003    152.59982      2.10984    150.48997
     -1.81003    113.82492      1.69432    112.13060
     -1.80003     64.16406      0.96872     63.19534
     -1.79003     46.81526      0.60303     46.21222
     -1.78003    107.91592      1.30667    106.60925
     -1.77003    147.75344      1.84873    145.90471
     -1.76003     86.59132      1.12078     85.47055
     -1.75003     21.91852      0.28917     21.62935
     -1.74003     13.87016      0.16438     13.70578
     -1.73003     60.79204      0.71530     60.07674
     -1.72003    131.74511      1.59196    130.15315
     -1.71003    129.62441      1.61451    128.00990
     -1.70003     71.34818      0.88982     70.45836
     -1.69003     72.12283      0.83701     71.28582
     -1.68003    113.31203      1.29830    112.01373
     -1.67003    142.12716      1.66159    140.46557
     -1.66003    146.92071      1.77229    145.14842
     -1.65003     90.42355      1.11816     89.30539
     -1.64003     28.42691      0.35349     28.07342
     -1.63003     32.65874      0.37767     32.28107
     -1.62003    129.69137      1.49803    128.19334
     -1.61003    224.88697      2.62941    222.25756
     -1.60003    159.86115      1.89868    157.96247
     -1.59003     47.89594      0.57791     47.31803
     -1.58003     15.95238      0.19036     15.76202
     -1.57003     65.55471      0.76949     64.78522
     -1.56003    161.35194      1.88731    159.46463
     -1.55003    178.46127      2.07680    176.38448
     -1.54003    123.89305      1.43830    122.45475
     -1.53003     77.81898      0.94159     76.87739
     -1.52003     88.86078      1.13597     87.72480
     -1.51003    115.82552      1.38650    114.43902
     -1.50003    111.25965      1.19705    110.06260
     -1.49003     95.90214      1.09756     94.80458
     -1.48003    133.11709      1.72438    131.39271
     -1.47003    150.30101      1.92694    148.37407
     -1.46003     89.15878      1.05278     88.10600
     -1.45003     84.24136      0.84119     83.40017
     -1.44003    134.16611      1.47833    132.68778
     -1.43003    120.52362      1.53774    118.98589
     -1.42003     59.66970      0.81214     58.85756
     -1.41003     60.91016      0.69203     60.21813
     -1.40003    122.02439      1.20618    120.81821
     -1.39003    132.11763      1.13751    130.98012
     -1.38003     68.62592      0.52199     68.10393
     -1.37003     27.27386      0.22599     27.04787
     -1.36003     71.24480      0.66471     70.58009
     -1.35003    164.69054      1.48567    163.20487
     -1.34003    217.62886      2.11861    215.51025
     -1.33003    279.23497      3.17971    276.05526
     -1.32003    275.54596      3.19721    272.34874
     -1.31003    149.60885      1.58032    148.02853
     -1.30003     87.20742      0.92094     86.28647
     -1.29003    165.87866      2.05156    163.82710
     -1.28003    230.38200      3.07728    227.30472
     -1.27003    197.67009      2.46189    195.20820
     -1.26003    185.38537      1.74833    183.63704
     -1.25003    148.26698      1.31773    146.94924
     -1.24003    135.49115      1.52419    133.96696
     -1.23003    164.52441      1.93994    162.58446
     -1.22003    109.63025      1.12821    108.50204
     -1.21003     85.58754      0.51465     85.07289
     -1.20003    139.48580      1.11595    138.36985
     -1.19003    184.58161      2.36850    182.21311
     -1.18003    141.43390      2.24331    139.19059
     -1.17003     48.43090      0.84174     47.58916
     -1.16003     11.45092      0.22320     11.22772
     -1.15003     32.57351      0.68131     31.89220
     -1.14003     82.09135      1.65984     80.43151
     -1.13003    104.19278      1.81133    102.38145
     -1.12003     99.74473      1.33379     98.41094
     -1.11003     69.04721      0.89327     68.15395
     -1.10003     59.98737      1.12354     58.86383
     -1.09003     81.07313      1.71428     79.35885
     -1.08003     53.22405      1.12836     52.09569
     -1.07003     23.27574      0.40575     22.86999
     -1.06003     61.04075      0.85761     60.18314
     -1.05003    137.69950      2.14087    135.55863
     -1.04003    130.95993      2.27341    128.68652
     -1.03003     51.67798      0.97990     50.69808
     -1.02003     11.88299      0.24464     11.63834
     -1.01003     28.30344      0.60420     27.69924
     -1.00003     83.81531      1.68949     82.12582
     -0.99003    122.16634      2.09580    120.07054
     -0.98003    105.24837      1.43406    103.81431
     -0.97003     55.82010      0.73863     55.08147
     -0.96003     51.04245      1.02344     50.01901
     -0.95003     79.83023      1.74924     78.08099
     -0.94003     57.49159      1.23903     56.25256
     -0.93003     36.36518      0.57132     35.79386
     -0.92003     82.95369      1.10569     81.84800
     -0.91003    134.83754      2.14190    132.69565
     -0.90003    109.53078      2.07058    107.46020
     -0.89003     42.30746      0.88365     41.42381
     -0.88003     12.29329      0.26694     12.02635
     -0.87003     38.87595      0.80210     38.07385
     -0.86003    110.76497      2.06890    108.69606
     -0.85003    141.18123      2.26253    138.91871
     -0.84003     82.69296      1.13349     81.55946
     -0.83003     33.91552      0.55288     33.36264
     -0.82003     56.27947      1.25395     55.02553
     -0.81003     81.00260      1.81778     79.18482
     -0.80003     59.43506      1.14675     58.28831
     -0.79003     72.41773      0.92002     71.49771
     -0.78003    109.67648      1.54437    108.13212
     -0.77003    112.18870      2.10487    110.08383
     -0.76003     72.11702      1.57175     70.54527
     -0.75003     23.67477      0.53096     23.14382
     -0.74003     26.45305      0.50686     25.94619
     -0.73003     99.96738      1.77580     98.19158
     -0.72003    157.34546      2.62686    154.71860
     -0.71003     94.21928      1.47691     92.74237
     -0.70003     28.57459      0.48434     28.09024
     -0.69003     42.08830      0.96724     41.12106
     -0.68003     83.91065      1.89985     82.01080
     -0.67003     89.90474      1.66896     88.23578
     -0.66003     94.30490      1.19933     93.10557
     -0.65003     91.80365      1.30594     90.49771
     -0.64003     90.85669      1.88876     88.96793
     -0.63003     72.45526      1.68834     70.76692
     -0.62003     32.44874      0.69969     31.74905
     -0.61003     53.91792      0.83613     53.08179
     -0.60003    136.99517      2.22660    134.76857
     -0.59003    141.08100      2.48042    138.60058
     -0.58003     56.65704      1.07619     55.58085
     -0.57003     22.56716      0.50673     22.06043
     -0.56003     62.76832      1.41429     61.35404
     -0.55003    120.38425      2.32939    118.05487
     -0.54003    122.32124      1.81715    120.50408
     -0.53003     75.97504      1.03441     74.94064
     -0.52003     66.10881      1.41717     64.69165
     -0.51003     83.06109      2.00647     81.05462
     -0.50003     65.04338      1.33187     63.71151
     -0.49003     83.69382      1.13016     82.56365
     -0.48003    129.64273      2.04653    127.59621
     -0.47003    114.94246      2.33180    112.61066
     -0.46003     53.04012      1.22670     51.81342
     -0.45003     35.58538      0.73228     34.85310
     -0.44003    105.61987      1.92593    103.69394
     -0.43003    158.08375      2.72591    155.35784
     -0.42003     91.67031      1.52128     90.14902
     -0.41003     42.86666      0.90166     41.96501
     -0.40003     79.42665      1.87345     77.55320
     -0.39003    119.22928      2.30197    116.92731
     -0.38003    115.08467      1.62755    113.45712
     -0.37003     93.23375      1.56882     91.66493
     -0.36003     92.11424      2.18399     89.93025
     -0.35003     79.14343      1.74979     77.39364
     -0.34003     95.26708      1.43379     93.83329
     -0.33003    140.00990      2.35067    137.65923
     -0.32003    113.86036      2.38590    111.47446
     -0.31003     59.94985      1.31707     58.63278
     -0.30003     95.96558      1.73307     94.23251
     -0.29003    159.80574      2.84519    156.96055
     -0.28003    110.26109      2.02702    108.23408
     -0.27003     69.58618      1.46101     68.12517
     -0.26003    128.12666      2.54181    125.58485
     -0.25003    148.21082      2.53853    145.67229
     -0.24003    100.51047      1.79847     98.71200
     -0.23003    114.61296      2.44026    112.17270
     -0.22003    145.75430      2.61247    143.14183
     -0.21003    128.67439      2.16589    126.50850
     -0.20003    131.96012      2.67098    129.28914
     -0.19003    149.69798      2.67014    147.02784
     -0.18003    147.19361      2.51822    144.67539
     -0.17003    163.03446      3.03452    159.99994
     -0.16003    172.18903      2.85916    169.32988
     -0.15003    192.15866      3.16616    188.99249
     -0.14003    219.61534      3.50535    216.11000
     -0.13003    199.18004      3.24048    195.93955
     -0.12003    148.99398      3.11979    145.87419
     -0.11003    100.62087      2.68764     97.93324
     -0.10003     97.84868      2.85376     94.99492
     -0.09003     98.17257      2.88931     95.28327
     -0.08003    104.46778      3.08015    101.38763
     -0.07003    108.69804      3.20671    105.49132
     -0.06003    115.70775      3.41294    112.29480
     -0.05003    122.68222      3.61395    119.06827
     -0.04003    132.42254      3.89101    128.53153
     -0.03003    142.23727      4.16292    138.07435
     -0.02003    143.04298      4.16439    138.87859
     -0.01003    128.74080      3.71815    125.02265
     -0.00003    103.31149      2.96017    100.35132
      0.00997     51.30834      1.46540     49.84294
      0.01997     10.98333      0.31345     10.66988
      0.02997      0.89595      0.02556      0.87039
      0.03997      0.02707      0.00077      0.02630
      0.04997      0.00030      0.00001      0.00029
      0.05997      0.00000      0.00000      0.00000
      0.06997      0.00000      0.00000      0.00000
      0.07997      0.00000      0.00000      0.00000
      0.08997      0.00000      0.00000      0.00000
      0.09997      0.00000      0.00000      0.00000
      0.10997      0.00000      0.00000      0.00000
      0.11997      0.00000      0.00000      0.00000
      0.12997      0.00000      0.00000      0.00000
      0.13997      0.00000      0.00000      0.00000
      0.14997      0.00000      0.00000      0.00000
      0.15997      0.00000      0.00000      0.00000
      0.16997      0.00000      0.00000      0.00000
      0.17997      0.00000      0.00000      0.00000
      0.18997      0.00000      0.00000      0.00000
      0.19997      0.00000      0.00000      0.00000
      0.20997      0.00000      0.00000      0.00000
      0.21997      0.00000      0.00000      0.00000
      0.22997      0.00000      0.00000      0.00000
      0.23997      0.00000      0.00000      0.00000
      0.24997      0.00000      0.00000      0.00000
      0.25997      0.00000      0.00000      0.00000
      0.26997      0.00000      0.00000      0.00000
      0.27997      0.00000      0.00000      0.00000
      0.28997      0.00000      0.00000      0.00000
      0.29997      0.00000      0.00000      0.00000
      0.30997      0.00000      0.00000      0.00000
      0.31997      0.00000      0.00000      0.00000
      0.32997      0.00000      0.00000      0.00000
      0.33997      0.00000      0.00000      0.00000
      0.34997      0.00000      0.00000      0.00000
      0.35997      0.00000      0.00000      0.00000
      0.36997      0.00000      0.00000      0.00000
      0.37997      0.00000      0.00000      0.00000
      0.38997      0.00000      0.00000      0.00000
      0.39997      0.00000      0.00000      0.00000
      0.40997      0.00000      0.00000      0.00000
      0.41997      0.00000      0.00000      0.00000
      0.42997      0.00000      0.00000      0.00000
      0.43997      0.00000      0.00000      0.00000
      0.44997      0.00000      0.00000      0.00000
      0.45997      0.00000      0.00000      0.00000
      0.46997      0.00000      0.00000      0.00000
      0.47997      0.00000      0.00000      0.00000
      0.48997      0.00000      0.00000      0.00000
      0.49997      0.00000      0.00000      0.00000
      0.50997      0.00000      0.00000      0.00000
      0.51997      0.00000      0.00000      0.00000
      0.52997      0.00000      0.00000      0.00000
      0.53997      0.00000      0.00000      0.00000
      0.54997      0.00000      0.00000      0.00000
      0.55997      0.00000      0.00000      0.00000
      0.56997      0.00000      0.00000      0.00000
      0.57997      0.00000      0.00000      0.00000
      0.58997      0.00000      0.00000      0.00000
      0.59997      0.00000      0.00000      0.00000
      0.60997      0.00000      0.00000      0.00000
      0.61997      0.00000      0.00000      0.00000
      0.62997      0.00000      0.00000      0.00000
      0.63997      0.00000      0.00000      0.00000
      0.64997      0.00000      0.00000      0.00000
      0.65997      0.00000      0.00000      0.00000
      0.66997      0.00000      0.00000      0.00000
      0.67997      0.00000      0.00000      0.00000
      0.68997      0.00000      0.00000      0.00000
      0.69997      0.00000      0.00000      0.00000
      0.70997      0.00000      0.00000      0.00000
      0.71997      0.00000      0.00000      0.00000
      0.72997      0.00000      0.00000      0.00000
      0.73997      0.00000      0.00000      0.00000
      0.74997      0.00000      0.00000      0.00000
      0.75997      0.00000      0.00000      0.00000
      0.76997      0.00000      0.00000      0.00000
      0.77997      0.00000      0.00000      0.00000
      0.78997      0.00000      0.00000      0.00000
      0.79997      0.00000      0.00000      0.00000
      0.80997      0.00000      0.00000      0.00000
      0.81997      0.00000      0.00000      0.00000
      0.82997      0.00000      0.00000      0.00000
      0.83997      0.00000      0.00000      0.00000
      0.84997      0.00000      0.00000      0.00000
      0.85997      0.00000      0.00000      0.00000
      0.86997      0.00000      0.00000      0.00000
      0.87997      0.00000      0.00000      0.00000
      0.88997      0.00000      0.00000      0.00000
      0.89997      0.00000      0.00000      0.00000
      0.90997      0.00000      0.00000      0.00000
      0.91997      0.00000      0.00000      0.00000
      0.92997      0.00000      0.00000      0.00000
      0.93997      0.00000      0.00000      0.00000
      0.94997      0.00000      0.00000      0.00000
      0.95997      0.00000      0.00000      0.00000
      0.96997      0.00000      0.00000      0.00000
      0.97997      0.00000      0.00000      0.00000
      0.98997      0.00000      0.00000      0.00000
      0.99997      0.00000      0.00000      0.00000
      1.00997      0.00000      0.00000      0.00000
      1.01997      0.00000      0.00000      0.00000
      1.02997      0.00000      0.00000      0.00000
      1.03997      0.00000      0.00000      0.00000
      1.04997      0.00000      0.00000      0.00000
      1.05997      0.00000      0.00000      0.00000
      1.06997      0.00000      0.00000      0.00000
      1.07997      0.00000      0.00000      0.00000
      1.08997      0.00000      0.00000      0.00000
      1.09997      0.00000      0.00000      0.00000
      1.10997      0.00000      0.00000      0.00000
      1.11997      0.00000      0.00000      0.00000
      1.12997      0.00000      0.00000      0.00000
      1.13997      0.00000      0.00000      0.00000
      1.14997      0.00000      0.00000      0.00000
      1.15997      0.00000      0.00000      0.00000
      1.16997      0.00000      0.00000      0.00000
      1.17997      0.00000      0.00000      0.00000
      1.18997      0.00000      0.00000      0.00000
      1.19997      0.00000      0.00000      0.00000
      1.20997      0.00000      0.00000      0.00000
      1.21997      0.00000      0.00000      0.00000
      1.22997      0.00000      0.00000      0.00000
      1.23997      0.00000      0.00000      0.00000
      1.24997      0.00000      0.00000      0.00000
      1.25997      0.00000      0.00000      0.00000
      1.26997      0.00000      0.00000      0.00000
      1.27997      0.00000      0.00000      0.00000
      1.28997      0.00000      0.00000      0.00000
      1.29997      0.00000      0.00000      0.00000
      1.30997      0.00000      0.00000      0.00000
      1.31997      0.00000      0.00000      0.00000
      1.32997      0.00000      0.00000      0.00000
      1.33997      0.00000      0.00000      0.00000
      1.34997      0.00000      0.00000      0.00000
      1.35997      0.00000      0.00000      0.00000
      1.36997      0.00000      0.00000      0.00000
      1.37997      0.00000      0.00000      0.00000
      1.38997      0.00000      0.00000      0.00000
      1.39997      0.00000      0.00000      0.00000
      1.40997      0.00000      0.00000      0.00000
      1.41997      0.00000      0.00000      0.00000
      1.42997      0.00000      0.00000      0.00000
      1.43997      0.00000      0.00000      0.00000
      1.44997      0.00000      0.00000      0.00000
      1.45997      0.00000      0.00000      0.00000
      1.46997      0.00000      0.00000      0.00000
      1.47997      0.00000      0.00000      0.00000
      1.48997      0.00000      0.00000      0.00000
      1.49997      0.00000      0.00000      0.00000
      1.50997      0.00000      0.00000      0.00000
      1.51997      0.00000      0.00000      0.00000
      1.52997      0.00000      0.00000      0.00000
      1.53997      0.00000      0.00000      0.00000
      1.54997      0.00000      0.00000      0.00000
      1.55997      0.00000      0.00000      0.00000
      1.56997      0.00000      0.00000      0.00000
      1.57997      0.00000      0.00000      0.00000
      1.58997      0.00000      0.00000      0.00000
      1.59997      0.00000      0.00000      0.00000
      1.60997      0.00000      0.00000      0.00000
      1.61997      0.00000      0.00000      0.00000
      1.62997      0.00000      0.00000      0.00000
      1.63997      0.00000      0.00000      0.00000
      1.64997      0.00000      0.00000      0.00000
      1.65997      0.00000      0.00000      0.00000
      1.66997      0.00000      0.00000      0.00000
      1.67997      0.00000      0.00000      0.00000
      1.68997      0.00000      0.00000      0.00000
      1.69997      0.00000      0.00000      0.00000
      1.70997      0.00000      0.00000      0.00000
      1.71997      0.00000      0.00000      0.00000
      1.72997      0.00000      0.00000      0.00000
      1.73997      0.00000      0.00000      0.00000
      1.74997      0.00000      0.00000      0.00000
      1.75997      0.00000      0.00000      0.00000
      1.76997      0.00000      0.00000      0.00000
      1.77997      0.00000      0.00000      0.00000
      1.78997      0.00000      0.00000      0.00000
      1.79997      0.00000      0.00000      0.00000
      1.80997      0.00000      0.00000      0.00000
      1.81997      0.00000      0.00000      0.00000
      1.82997      0.00000      0.00000      0.00000
      1.83997      0.00000      0.00000      0.00000
      1.84997      0.00000      0.00000      0.00000
      1.85997      0.00000      0.00000      0.00000
      1.86997      0.00000      0.00000      0.00000
      1.87997      0.00000      0.00000      0.00000
      1.88997      0.00000      0.00000      0.00000
      1.89997      0.00000      0.00000      0.00000
      1.90997      0.00000      0.00000      0.00000
      1.91997      0.00000      0.00000      0.00000
      1.92997      0.00000      0.00000      0.00000
      1.93997      0.00000      0.00000      0.00000
      1.94997      0.00000      0.00000      0.00000
      1.95997      0.00000      0.00000      0.00000
      1.96997      0.00000      0.00000      0.00000
      1.97997      0.00000      0.00000      0.00000
      1.98997      0.00000      0.00000      0.00000
      1.99997      0.00000      0.00000      0.00000
      2.00997      0.00000      0.00000      0.00000
      2.01997      0.00000      0.00000      0.00000
      2.02997      0.00000      0.00000      0.00000
      2.03997      0.00000      0.00000      0.00000
      2.04997      0.00000      0.00000      0.00000
      2.05997      0.00000      0.00000      0.00000
      2.06997      0.00000      0.00000      0.00000
      2.07997      0.00000      0.00000      0.00000
      2.08997      0.00000      0.00000      0.00000
      2.09997      0.00000      0.00000      0.00000
      2.10997      0.00000      0.00000      0.00000
      2.11997      0.00000      0.00000      0.00000
      2.12997      0.00000      0.00000      0.00000
      2.13997      0.00000      0.00000      0.00000
      2.14997      0.00000      0.00000      0.00000
      2.15997      0.00000      0.00000      0.00000
      2.16997      0.00000      0.00000      0.00000
      2.17997      0.00000      0.00000      0.00000
      2.18997      0.00000      0.00000      0.00000
      2.19997      0.00000      0.00000      0.00000
      2.20997      0.00000      0.00000      0.00000
      2.21997      0.00000      0.00000      0.00000
      2.22997      0.00000      0.00000      0.00000
      2.23997      0.00000      0.00000      0.00000
      2.24997      0.00000      0.00000      0.00000
      2.25997      0.00000      0.00000      0.00000
      2.26997      0.00000      0.00000      0.00000
      2.27997      0.00000      0.00000      0.00000
      2.28997      0.00000      0.00000      0.00000
      2.29997      0.00000      0.00000      0.00000
      2.30997      0.00000      0.00000      0.00000
      2.31997      0.00000      0.00000      0.00000
      2.32997      0.00000      0.00000      0.00000
      2.33997      0.00000      0.00000      0.00000
      2.34997      0.00000      0.00000      0.00000
      2.35997      0.00000      0.00000      0.00000
      2.36997      0.00000      0.00000      0.00000
      2.37997      0.00000      0.00000      0.00000
      2.38997      0.00000      0.00000      0.00000
      2.39997      0.00000      0.00000      0.00000
      2.40997      0.00000      0.00000      0.00000
      2.41997      0.00000      0.00000      0.00000
      2.42997      0.00000      0.00000      0.00000
      2.43997      0.00000      0.00000      0.00000
      2.44997      0.00000      0.00000      0.00000
      2.45997      0.00000      0.00000      0.00000
      2.46997      0.00000      0.00000      0.00000
      2.47997      0.00000      0.00000      0.00000
      2.48997      0.00000      0.00000      0.00000
      2.49997      0.00000      0.00000      0.00000
      2.50997      0.00000      0.00000      0.00000
      2.51997      0.00000      0.00000      0.00000
      2.52997      0.00000      0.00000      0.00000
      2.53997      0.00000      0.00000      0.00000
      2.54997      0.00000      0.00000      0.00000
      2.55997      0.00000      0.00000      0.00000
      2.56997      0.00000      0.00000      0.00000
      2.57997      0.00000      0.00000      0.00000
      2.58997      0.00000      0.00000      0.00000
      2.59997      0.00000      0.00000      0.00000
      2.60997      0.00000      0.00000      0.00000
      2.61997      0.00000      0.00000      0.00000
      2.62997      0.00000      0.00000      0.00000
      2.63997      0.00000      0.00000      0.00000
      2.64997      0.00000      0.00000      0.00000
      2.65997      0.00000      0.00000      0.00000
      2.66997      0.00000      0.00000      0.00000
      2.67997      0.00000      0.00000      0.00000
      2.68997      0.00000      0.00000      0.00000
      2.69997      0.00000      0.00000      0.00000
      2.70997      0.00000      0.00000      0.00000
      2.71997      0.00000      0.00000      0.00000
      2.72997      0.00000      0.00000      0.00000
      2.73997      0.00000      0.00000      0.00000
      2.74997      0.00000      0.00000      0.00000
      2.75997      0.00000      0.00000      0.00000
      2.76997      0.00000      0.00000      0.00000
      2.77997      0.00000      0.00000      0.00000
      2.78997      0.00000      0.00000      0.00000
      2.79997      0.00000      0.00000      0.00000
      2.80997      0.00000      0.00000      0.00000
      2.81997      0.00000      0.00000      0.00000
      2.82997      0.00000      0.00000      0.00000
      2.83997      0.00000      0.00000      0.00000
      2.84997      0.00000      0.00000      0.00000
      2.85997      0.00000      0.00000      0.00000
      2.86997      0.00000      0.00000      0.00000
      2.87997      0.00000      0.00000      0.00000
      2.88997      0.00000      0.00000      0.00000
      2.89997      0.00000      0.00000      0.00000
      2.90997      0.00000      0.00000      0.00000
      2.91997      0.00000      0.00000      0.00000
      2.92997      0.00000      0.00000      0.00000
      2.93997      0.00000      0.00000      0.00000
      2.94997      0.00000      0.00000      0.00000
      2.95997      0.00000      0.00000      0.00000
      2.96997      0.00000      0.00000      0.00000
      2.97997      0.00000      0.00000      0.00000
      2.98997      0.00000      0.00000      0.00000
      2.99997      0.00000      0.00000      0.00000
      3.00997      0.00000      0.00000      0.00000
      3.01997      0.00000      0.00000      0.00000
      3.02997      0.00000      0.00000      0.00000
      3.03997      0.00000      0.00000      0.00000
      3.04997      0.00000      0.00000      0.00000
      3.05997      0.00000      0.00000      0.00000
      3.06997      0.00000      0.00000      0.00000
      3.07997      0.00000      0.00000      0.00000
      3.08997      0.00000      0.00000      0.00000
      3.09997      0.00000      0.00000      0.00000
      3.10997      0.00000      0.00000      0.00000
      3.11997      0.00000      0.00000      0.00000
      3.12997      0.00000      0.00000      0.00000
      3.13997      0.00000      0.00000      0.00000
      3.14997      0.00000      0.00000      0.00000
      3.15997      0.00000      0.00000      0.00000
      3.16997      0.00000      0.00000      0.00000
      3.17997      0.00000      0.00000      0.00000
      3.18997      0.00000      0.00000      0.00000
      3.19997      0.00000      0.00000      0.00000
      3.20997      0.00000      0.00000      0.00000
      3.21997      0.00000      0.00000      0.00000
      3.22997      0.00000      0.00000      0.00000
      3.23997      0.00000      0.00000      0.00000
      3.24997      0.00000      0.00000      0.00000
      3.25997      0.00000      0.00000      0.00000
      3.26997      0.00000      0.00000      0.00000
      3.27997      0.00000      0.00000      0.00000
      3.28997      0.00000      0.00000      0.00000
      3.29997      0.00000      0.00000      0.00000
      3.30997      0.02512      0.00027      0.02485
      3.31997      0.91676      0.00994      0.90682
      3.32997     12.86942      0.13997     12.72944
      3.33997     72.23658      0.79043     71.44615
      3.34997    175.44949      1.94355    173.50594
      3.35997    218.87240      2.48751    216.38490
      3.36997    191.29160      2.27506    189.01654
      3.37997    160.08042      2.01576    158.06466
      3.38997    141.39926      1.88418    139.51508
      3.39997    129.66623      1.82470    127.84153
      3.40997    120.57079      1.78743    118.78336
      3.41997    114.70412      1.78833    112.91578
      3.42997    108.18108      1.77128    106.40980
      3.43997    106.73862      1.83037    104.90825
      3.44997    114.50546      2.05350    112.45196
      3.45997    164.53608      3.02201    161.51407
      3.46997    216.54561      4.02102    212.52459
      3.47997    226.52812      4.28714    222.24098
      3.48997    195.93169      3.79200    192.13969
      3.49997    186.43516      3.72478    182.71037
      3.50997    159.65552      3.27560    156.37993
      3.51997    164.46285      3.45140    161.01145
      3.52997    159.42211      3.43500    155.98711
      3.53997    125.39686      2.81106    122.58580
      3.54997    160.54844      3.62466    156.92378
      3.55997    144.91587      3.29665    141.61922
      3.56997    110.34611      2.73183    107.61428
      3.57997    138.88877      3.41410    135.47468
      3.58997    145.35675      3.42613    141.93062
      3.59997    124.18192      3.22915    120.95277
      3.60997    101.75661      2.82510     98.93152
      3.61997    119.30559      3.07044    116.23516
      3.62997    159.36904      4.15730    155.21174
      3.63997    110.28762      3.08035    107.20727
      3.64997     76.64299      2.37651     74.26648
      3.65997    126.48005      3.73614    122.74391
      3.66997    143.93921      3.85985    140.07936
      3.67997    112.29402      3.23515    109.05888
      3.68997     96.59247      3.32460     93.26787
      3.69997     80.73213      2.68939     78.04274
      3.70997    120.31471      3.55031    116.76440
      3.71997    157.82741      4.78973    153.03767
      3.72997     94.24363      3.08615     91.15748
      3.73997     63.54056      2.45705     61.08351
      3.74997    101.85333      3.82800     98.02533
      3.75997    125.10708      3.92362    121.18346
      3.76997    126.33969      3.84770    122.49199
      3.77997    111.34752      4.19935    107.14817
      3.78997     69.57827      2.95102     66.62725
      3.79997     61.25225      2.47844     58.77380
      3.80997    130.65185      4.76596    125.88590
      3.81997    147.65557      4.96389    142.69168
      3.82997     86.27595      3.05282     83.22313
      3.83997     78.37426      3.63180     74.74246
      3.84997     80.17297      3.82031     76.35266
      3.85997     75.23086      2.92525     72.30561
      3.86997    134.79772      4.82841    129.96931
      3.87997    145.00831      5.63878    139.36953
      3.88997     70.00168      3.04769     66.95399
      3.89997     52.40036      2.74586     49.65450
      3.90997     88.41352      4.56409     83.84943
      3.91997    102.03718      4.25385     97.78332
      3.92997    119.93878      4.17015    115.76863
      3.93997    125.92897      5.41051    120.51846
      3.94997     84.71292      4.41069     80.30223
      3.95997     41.15519      2.33217     38.82303
      3.96997     67.17647      3.69055     63.48593
      3.97997    124.42678      5.87752    118.54925
      3.98997    127.52268      4.84401    122.67867
      3.99997     94.51521      3.91215     90.60306
      4.00997     89.41223      5.11254     84.29969
      4.01997     65.79792      4.06000     61.73792
      4.02997     41.86761      2.41847     39.44914
      4.03997     97.97242      4.95168     93.02074
      4.04997    157.61720      8.89003    148.72717
      4.05997    133.13583     31.36049    101.77534
      4.06997    230.06705    159.03530     71.03175
      4.07997    496.27819    383.02804    113.25015
      4.08997    566.53955    455.14161    111.39793
      4.09997    495.59202    398.29400     97.29802
      4.10997    617.03208    448.07749    168.95459
      4.11997    754.32111    547.74663    206.57448
      4.12997    657.08322    526.93009    130.15312
      4.13997    539.66533    451.15863     88.50670
      4.14997    514.85534    401.61696    113.23838
      4.15997    482.62206    369.93843    112.68363
      4.16997    455.03593    345.81837    109.21755
      4.17997    487.51419    329.81569    157.69849
      4.18997    478.28178    315.94436    162.33742
      4.19997    395.75299    299.35707     96.39592
      4.20997    346.01915    285.14677     60.87237
      4.21997    365.91514    276.44249     89.47265
      4.22997    382.67390    267.93857    114.73533
      4.23997    376.32881    257.20221    119.12660
      4.24997    385.90848    249.42737    136.48111
      4.25997    377.34346    243.12275    134.22071
      4.26997    330.30569    234.70746     95.59823
      4.27997    279.39578    225.62617     53.76961
      4.28997    287.65094    219.78765     67.86329
      4.29997    333.57570    218.01568    115.56002
      4.30997    345.59023    210.87041    134.71981
      4.31997    326.67906    205.53892    121.14014
      4.32997    332.71763    198.69533    134.02230
      4.33997    421.20403    198.30670    222.89733
      4.34997    429.33401    191.84932    237.48469
      4.35997    373.97342    188.87075    185.10267
      4.36997    387.48642    184.32662    203.15980
      4.37997    434.08170    184.85271    249.22899
      4.38997    397.31903    178.87032    218.44871
      4.39997    325.49964    172.89625    152.60339
      4.40997    347.64443    174.96727    172.67716
      4.41997    316.05118    164.85704    151.19415
      4.42997    269.62122    170.27063     99.35059
      4.43997    299.39986    156.89243    142.50743
      4.44997    379.28118    169.54957    209.73161
      4.45997    340.36735    156.89894    183.46841
      4.46997    286.81893    156.63050    130.18843
      4.47997    296.93106    157.46795    139.46311
      4.48997    283.58270    147.78267    135.80004
      4.49997    245.83702    154.13253     91.70449
      4.50997    235.51663    144.08462     91.43201
      4.51997    322.05581    147.82105    174.23476
      4.52997    366.59608    151.01258    215.58350
      4.53997    277.31133    141.49477    135.81655
      4.54997    233.36802    140.89351     92.47451
      4.55997    374.85308    151.97585    222.87723
      4.56997    551.13810    160.40639    390.73171
      4.57997    534.68239    159.93674    374.74565
      4.58997    451.25743    159.24850    292.00893
      4.59997    464.30264    147.34465    316.95800
      4.60997    537.32693    150.74674    386.58019
      4.61997    492.29541    156.95403    335.34138
      4.62997    349.45787    133.23245    216.22543
      4.63997    317.00765    137.58333    179.42432
      4.64997    385.45935    151.47866    233.98068
      4.65997    422.32570    129.03213    293.29356
      4.66997    418.48822    136.19246    282.29577
      4.67997    391.38254    148.37006    243.01249
      4.68997    317.72191    117.65668    200.06523
      4.69997    335.54273    129.02411    206.51861
      4.70997    377.86672    150.72684    227.13987
      4.71997    331.65078    114.77744    216.87335
      4.72997    303.61996    116.30583    187.31413
      4.73997    345.39462    149.62256    195.77206
      4.74997    370.05994    120.35045    249.70949
      4.75997    343.91593    106.18885    237.72708
      4.76997    349.12063    145.43832    203.68231
      4.77997    314.48054    125.96200    188.51855
      4.78997    258.78375     91.23010    167.55365
      4.79997    311.83350    132.62418    179.20931
      4.80997    318.15726    142.16812    175.98915
      4.81997    277.19976     91.00514    186.19463
      4.82997    358.92298    109.13329    249.78970
      4.83997    361.06193    150.08227    210.97967
      4.84997    274.26275    108.33955    165.92320
      4.85997    253.75607     81.97992    171.77616
      4.86997    322.86203    135.55779    187.30424
      4.87997    318.40971    138.75226    179.65744
      4.88997    216.60130     78.18039    138.42091
      4.89997    242.09429     94.53836    147.55592
      4.90997    341.97207    149.34363    192.62844
      4.91997    365.99243    116.15090    249.84153
      4.92997    309.63555     72.34824    237.28732
      4.93997    268.76742    115.90350    152.86392
      4.94997    253.08459    145.15102    107.93357
      4.95997    169.49670     83.55206     85.94464
      4.96997    207.57397     68.05879    139.51518
      4.97997    355.16355    135.88196    219.28159
      4.98997    393.40179    142.57186    250.82993
      4.99997    289.75983     72.85767    216.90216
      5.00997    195.46850     69.97689    125.49161
      5.01997    259.40594    139.03891    120.36703
      5.02997    295.61427    131.76698    163.84729
      5.03997    179.02577     60.01955    119.00622
      5.04997    182.52181     71.77045    110.75136
      5.05997    321.05224    144.18571    176.86653
      5.06997    326.60840    125.21420    201.39420
      5.07997    272.48473     58.26798    214.21675
      5.08997    269.21423     75.04027    194.17396
      5.09997    263.99232    142.22550    121.76682
      5.10997    241.19093    123.38912    117.80181
      5.11997    201.53357     53.70456    147.82901
      5.12997    179.85816     62.22472    117.63344
      5.13997    244.37308    136.22876    108.14432
      5.14997    264.70525    131.01544    133.68981
      5.15997    209.64528     57.19220    152.45308
      5.16997    255.99492     56.71882    199.27610
      5.17997    357.80993    131.50729    226.30264
      5.18997    298.03153    141.32634    156.70519
      5.19997    164.61441     63.12003    101.49438
      5.20997    212.53026     43.82536    168.70490
      5.21997    391.28948    116.67088    274.61860
      5.22997    454.40002    161.82092    292.57910
      5.23997    319.20158     91.03076    228.17082
      5.24997    151.35152     34.04472    117.30680
      5.25997    111.19934     72.01103     39.18831
      5.26997    193.85864    143.26498     50.59367
      5.27997    234.13645    113.51818    120.61828
      5.28997    205.79556     44.88526    160.91031
      5.29997    196.50470     51.26599    145.23871
      5.30997    295.47864    128.26801    167.21063
      5.31997    341.57415    143.52483    198.04932
      5.32997    218.89146     64.62432    154.26714
      5.33997    169.81983     33.90391    135.91592
      5.34997    251.31702     91.65541    159.66161
      5.35997    250.65707    149.18109    101.47599
      5.36997    151.96587     96.64780     55.31807
      5.37997    156.19906     34.61931    121.57975
      5.38997    266.65380     55.52433    211.12947
      5.39997    313.92381    131.35452    182.56929
      5.40997    275.21228    138.39526    136.81702
      5.41997    221.12890     62.98791    158.14100
      5.42997    191.63827     34.63671    157.00157
      5.43997    259.69075     90.20780    169.48295
      5.44997    307.40787    149.13928    158.26859
      5.45997    173.64717     99.32424     74.32293
      5.46997     88.40254     36.15163     52.25090
      5.47997    165.18025     57.25288    107.92737
      5.48997    292.91400    123.86320    169.05080
      5.49997    343.59406    132.91662    210.67744
      5.50997    298.89936     80.18621    218.71314
      5.51997    260.61534     69.71809    190.89724
      5.52997    236.99257     93.81995    143.17262
      5.53997    193.21216    102.65361     90.55855
      5.54997    192.79477    120.26877     72.52600
      5.55997    277.94321    119.60654    158.33667
      5.56997    308.38555     83.98081    224.40474
      5.57997    228.28664     84.67325    143.61339
      5.58997    240.90071    137.03733    103.86338
      5.59997    320.00666    127.57203    192.43463
      5.60997    300.71444     85.30537    215.40907
      5.61997    193.70611     85.70588    108.00023
      5.62997    135.45261     77.97362     57.47899
      5.63997    201.27997     85.94302    115.33695
      5.64997    298.91946    109.02880    189.89066
      5.65997    295.66845    107.48248    188.18598
      5.66997    232.57644     81.59403    150.98241
      5.67997    300.81906    121.29973    179.51933
      5.68997    521.38901    330.19453    191.19448
      5.69997    661.93733    494.07380    167.86353
      5.70997    516.65109    383.13089    133.52019
      5.71997    346.99225    231.07469    115.91757
      5.72997    379.91134    196.08257    183.82878
      5.73997    470.77152    210.05538    260.71614
      5.74997    483.40157    214.94636    268.45521
      5.75997    343.85529    158.53625    185.31904
      5.76997    251.59663    122.60042    128.99621
      5.77997    367.48035    194.13288    173.34748
      5.78997    421.32559    230.65391    190.67168
      5.79997    326.94525    162.83059    164.11466
      5.80997    280.53129     99.05791    181.47338
      5.81997    379.12909    121.51340    257.61569
      5.82997    467.77873    183.99146    283.78728
      5.83997    425.79028    202.85726    222.93303
      5.84997    401.13493    238.74303    162.39190
      5.85997    409.15589    215.71313    193.44276
      5.86997    501.04826    216.56960    284.47866
      5.87997    611.87057    249.10517    362.76541
      5.88997    521.99272    212.89288    309.09984
      5.89997    417.76494    188.15868    229.60626
      5.90997    363.81248    151.17104    212.64144
      5.91997    283.34653    133.86763    149.47891
      5.92997    174.91424    113.49032     61.42392
      5.93997     75.02450     60.02744     14.99706
      5.94997     18.22656     15.74014      2.48641
      5.95997     21.04867     17.27422      3.77444
      5.96997    121.60046     93.60791     27.99255
      5.97997    303.73701    211.97242     91.76459
      5.98997    355.65811    207.60875    148.04935
      5.99997    324.88611    164.67500    160.21111
      6.00997    300.00054    156.39891    143.60162
      6.01997    195.90969     84.05415    111.85554
      6.02997    112.31515     23.46606     88.84909
      6.03997     52.71759      5.76181     46.95579
      6.04997     11.92038      1.28056     10.63982
      6.05997      8.21282      4.18024      4.03259
      6.06997     62.36858     31.44364     30.92495
      6.07997    216.86329    101.39957    115.46372
      6.08997    322.21772    157.53366    164.68405
      6.09997    251.62312    157.49615     94.12697
      6.10997    191.15739    159.71543     31.44196
      6.11997    193.76164    172.53618     21.22546
      6.12997    154.55054    116.22741     38.32314
      6.13997    166.41051     68.60115     97.80936
      6.14997    290.76017    141.88123    148.87893
      6.15997    372.98687    243.98524    129.00163
      6.16997    367.90764    257.49484    110.41280
      6.17997    294.81914    187.45069    107.36845
      6.18997    223.08186    154.44613     68.63572
      6.19997    283.68412    234.91358     48.77054
      6.20997    272.10403    228.14231     43.96172
      6.21997    143.59582    100.12531     43.47051
      6.22997    122.92782     44.70892     78.21890
      6.23997    214.59769    101.91854    112.67915
      6.24997    322.51467    188.89019    133.62448
      6.25997    378.57283    240.62400    137.94883
      6.26997    349.00378    222.51786    126.48592
      6.27997    210.22212    130.77435     79.44777
      6.28997    163.07172    109.64367     53.42805
      6.29997    204.22623    124.65763     79.56860
      6.30997    185.44097    101.17433     84.26664
      6.31997    146.04985     99.86130     46.18855
      6.32997    148.15554    116.59843     31.55711
      6.33997    165.50466    105.73813     59.76653
      6.34997    276.96909    125.54923    151.41986
      6.35997    422.46502    184.93079    237.53422
      6.36997    396.81642    211.54570    185.27072
      6.37997    275.54989    195.07890     80.47099
      6.38997    169.61787    140.11291     29.50496
      6.39997    137.28303    104.59520     32.68783
      6.40997    182.16801    109.50280     72.66521
      6.41997    226.26271    139.32426     86.93845
      6.42997    197.67007    145.54608     52.12399
      6.43997    133.76793     98.61157     35.15635
      6.44997    157.10999     89.79019     67.31980
      6.45997    179.48476     91.66776     87.81700
      6.46997    207.08745    118.24119     88.84626
      6.47997    283.55639    161.52067    122.03663
      6.48997    274.06949    138.45207    135.66631
      6.49997    203.54153     93.97620    110.56878
      6.50997    245.46166    185.30672     68.25447
      6.51997    465.48186    442.39702     50.14433
      6.52997    534.27829    532.50146     43.11365
      6.53997    418.61400    402.45496     53.24916
      6.54997    477.74830    437.60365     80.94150
      6.55997    702.06220    692.97411     72.99269
      6.56997    826.54998    816.81221     83.43534
      6.57997    858.38842    804.42499    117.31779
      6.58997    815.72462    749.28500    119.47840
      6.59997    615.53609    566.65111     95.78451
      6.60997    386.05849    378.93800     45.87964
      6.61997    325.58676    327.90475     31.74523
      6.62997    450.45594    402.69156     84.87541
      6.63997    541.39408    447.10861    132.02638
      6.64997    481.07659    421.04195     95.00498
      6.65997    387.08445    386.93723     33.24432
      6.66997    384.94463    398.59166     20.73511
      6.67997    393.74535    371.24758     55.57575
      6.68997    382.76557    328.82195     81.24997
      6.69997    354.80076    331.14149     48.60868
      6.70997    352.58268    359.97819     20.44719
      6.71997    379.30144    359.38536     49.69269
      6.72997    438.48128    333.29460    134.01173
      6.73997    548.48144    374.65060    200.59456
      6.74997    536.56256    380.87744    176.81946
      6.75997    408.07061    338.87781     89.92662
      6.76997    345.21107    335.78980     35.39846
      6.77997    309.04022    318.44646     18.01120
      6.78997    285.69720    299.61121     11.49662
      6.79997    310.76869    309.04666     26.26492
      6.80997    384.75388    325.65643     82.26097
      6.81997    447.54416    323.57618    141.60523
      6.82997    426.45735    306.56449    138.67301
      6.83997    320.44638    252.93167     89.45106
      6.84997    233.77926    207.98841     46.83399
      6.85997    290.62633    248.59299     64.83297
      6.86997    317.76850    259.38224     78.48871
      6.87997    265.38695    249.14250     37.79636
      6.88997    204.24586    215.45330      8.78854
      6.89997    203.98585    214.01742      6.94523
      6.90997    252.93866    253.84671     19.09032
      6.91997    321.04458    262.32187     77.58657
      6.92997    464.59410    289.87515    190.45327
      6.93997    472.49895    263.87995    218.77753
      6.94997    272.80647    148.57792    127.96625
      6.95997    228.40663    145.03756     88.96524
      6.96997    379.35574    311.28613     85.18241
      6.97997    455.72680    438.76977     42.83578
      6.98997    374.35923    383.39624     13.38178
      6.99997    261.54065    265.74282     13.82988
      7.00997    291.06402    252.48583     58.26036
      7.01997    388.79988    270.81367    134.29692
      7.02997    378.76775    245.24336    141.94347
      7.03997    279.62150    220.35932     70.02335
      7.04997    211.94521    214.98175     16.64439
      7.05997    136.69730    139.54977     11.97830
      7.06997     94.51349     53.55545     45.71707
      7.07997    170.25474     94.24037     81.04957
      7.08997    340.71199    266.34011     88.20587
      7.09997    486.10663    393.07377    114.99103
      7.10997    480.45606    370.41423    135.91382
      7.11997    373.72039    259.14384    133.24758
      7.12997    292.54916    177.70130    123.87748
      7.13997    325.03948    235.74811    104.38420
      7.14997    348.99846    292.39780     79.09537
      7.15997    233.24942    207.21488     39.11133
      7.16997    167.53766    127.38228     45.06944
      7.17997    272.55286    178.94474    103.30968
      7.18997    348.52057    243.80203    122.37774
      7.19997    261.52646    208.27109     68.61131
      7.20997    177.20774    140.52295     42.91970
      7.21997    160.03605     83.69467     77.42751
      7.22997    184.75945     74.03871    110.83041
      7.23997    242.74723    117.45235    125.98311
      7.24997    314.69823    198.12448    121.70338
      7.25997    410.11151    302.48757    123.04865
      7.26997    459.97037    343.02723    137.96421
      7.27997    411.34575    303.05196    124.27028
      7.28997    320.90811    257.80216     75.84182
      7.29997    394.30272    332.21790     80.30693
      7.30997    609.64918    457.89269    171.59412
      7.31997    691.55496    467.13697    236.83068
      7.32997    541.26481    350.18949    198.76486
      7.33997    427.20413    251.91025    187.29853
      7.34997    434.26823    246.57092    203.63048
      7.35997    350.44316    227.33413    137.34570
      7.36997    218.35094    141.16185     84.78393
      7.37997    163.79678     79.89097     86.98795
      7.38997    222.66259    139.99463     88.90433
      7.39997    358.99241    290.77392     79.54031
      7.40997    435.32700    351.08307     96.64088
      7.41997    374.99639    257.54451    127.79132
      7.42997    301.06281    149.58592    156.05921
      7.43997    296.65735    119.22527    178.24533
      7.44997    225.68086     80.90884    144.82823
      7.45997    156.37604     68.06998     88.38040
      7.46997    232.30862    158.73868     74.41832
      7.47997    396.22652    304.65596     95.36895
      7.48997    450.41483    361.70796     95.97546
      7.49997    311.73177    261.99736     57.43790
      7.50997    190.69718    133.46438     62.50114
      7.51997    208.12787     81.75529    128.20054
      7.52997    317.77658    138.23715    179.80157
      7.53997    427.21262    230.58109    196.75707
      7.54997    401.34217    243.18698    159.19197
      7.55997    298.51782    223.64395     79.69416
      7.56997    337.80851    311.19908     41.05301
      7.57997    477.07776    428.02275     73.23157
      7.58997    438.35655    336.73816    120.53380
      7.59997    390.13554    219.13359    182.46552
      7.60997    469.51310    220.03864    261.95512
      7.61997    504.90167    246.21991    273.97028
      7.62997    428.71113    250.84527    191.83659
      7.63997    299.65764    222.35630     88.65004
      7.64997    205.26817    178.84815     34.27065
      7.65997    175.97882    158.04831     25.63111
      7.66997    221.13157    172.63842     61.32727
      7.67997    272.01575    187.86639     96.09145
      7.68997    268.99299    185.60013     93.42610
      7.69997    204.75630    139.84353     73.94666
      7.70997    217.91470    108.77032    114.47215
      7.71997    295.47328    148.15528    155.14845
      7.72997    254.88277    168.38497     99.01002
      7.73997    212.48441    155.48065     65.39067
      7.74997    226.55687    169.38149     62.28792
      7.75997    234.82614    201.86389     41.13634
      7.76997    199.60148    165.81182     41.02244
      7.77997    121.02095     78.37603     45.04310
      7.78997     49.90421     25.27785     24.94933
      7.79997     55.30942     28.64142     27.22914
      7.80997    167.18783    102.63893     68.19142
      7.81997    269.02379    183.35868     94.77540
      7.82997    296.92023    197.25014    109.71317
      7.83997    319.78095    216.61950    112.07996
      7.84997    266.23116    185.08528     88.40226
      7.85997    186.33425    108.25524     80.90489
      7.86997    154.91813     97.95957     57.37796
      7.87997    131.41339    102.02121     29.41517
      7.88997    111.71788     83.46969     28.24865
      7.89997    104.06116     52.07755     51.98375
      7.90997    131.20052     57.70118     73.50751
      7.91997    129.83866     83.37265     46.64992
      7.92997     87.10319     75.71385     12.91247
      7.93997     88.45789     90.22037      2.87841
      7.94997    132.14006    127.50590      9.85524
      7.95997    220.58358    183.79165     39.33660
      7.96997    390.17712    297.29097     96.22974
      7.97997    542.29587    402.23239    148.62557
      7.98997    489.96369    341.10613    157.94991
      7.99997    369.41365    239.18909    134.09185
      8.00997    283.46256    217.21405     67.54433
      8.01997    189.92167    172.19878     18.72141
      8.02997     97.36475     92.53233      7.05287
      8.03997    111.19563     95.48733     22.26844
      8.04997    204.48132    153.63870     59.82753
      8.05997    244.26732    188.15544     62.47757
      8.06997    165.90524    142.68011     26.03786
      8.07997     60.16910     54.72437      6.09467
      8.08997     45.18917     37.09766      8.15375
      8.09997    101.06213     82.23205     18.83233
      8.10997    160.24672    134.05771     26.18908
      8.11997    184.19790    150.17110     34.03038
      8.12997    162.12660    108.63967     53.58818
      8.13997    200.67295    107.27277     94.45226
      8.14997    289.01987    180.60943    112.43816
      8.15997    384.50499    286.76406    103.49538
      8.16997    370.37738    305.00106     68.80510
      8.17997    256.45759    212.57715     45.35510
      8.18997    221.65757    130.14580     92.16655
      8.19997    262.73721    104.91672    158.04243
      8.20997    288.00770    111.68756    177.32777
      8.21997    372.38793    186.13858    191.46885
      8.22997    418.93259    261.81514    167.60798
      8.23997    267.66676    196.41003     82.06905
      8.24997    195.01396    160.37429     46.82119
      8.25997    292.88476    223.12130     80.45736
      8.26997    381.13741    280.94619    104.14704
      8.27997    356.04488    268.57713     88.22996
      8.28997    286.18297    217.50217     69.96676
      8.29997    234.81968    186.78379     50.70360
      8.30997    213.73754    178.05460     37.85126
      8.31997    195.52437    163.72446     32.57562
      8.32997    159.27418    131.51239     28.06354
      8.33997    165.05179    119.77391     46.93294
      8.34997    171.50120    126.34614     52.12389
