Energy-E_F (eV)    DOS (1/eV)    PDOS (1/eV)  of atom type H  C  
     -6.84015    201.91846      9.99220    191.92627
     -6.83015    293.52220     22.64639    270.87581
     -6.82015    228.78935     22.29343    206.49592
     -6.81015    124.71375      9.60170    115.11204
     -6.80015     89.78822      2.87097     86.91725
     -6.79015     62.86641      1.29946     61.56695
     -6.78015     88.68017      1.65538     87.02478
     -6.77015    138.39625      2.83456    135.56169
     -6.76015    163.76355      7.86725    155.89630
     -6.75015    236.89690     24.23425    212.66265
     -6.74015    300.90645     38.37810    262.52835
     -6.73015    214.62287     27.74304    186.87984
     -6.72015    121.45258      9.76637    111.68621
     -6.71015     96.73049      4.32353     92.40696
     -6.70015    123.03811     10.04259    112.99552
     -6.69015    216.10423     18.27411    197.83012
     -6.68015    197.83462     13.60990    184.22472
     -6.67015     97.63133      6.80823     90.82309
     -6.66015    135.08158     15.36231    119.71927
     -6.65015    237.27913     27.62354    209.65558
     -6.64015    170.07921     18.89069    151.18852
     -6.63015     76.69731      5.29289     71.40441
     -6.62015    121.98749      2.39156    119.59594
     -6.61015    160.53633      3.67261    156.86372
     -6.60015    118.53263      9.45500    109.07763
     -6.59015    150.02247     22.68391    127.33856
     -6.58015    223.80735     30.42571    193.38163
     -6.57015    212.83030     26.09166    186.73864
     -6.56015    142.20387     15.33364    126.87023
     -6.55015    116.87635      6.31222    110.56413
     -6.54015    153.29962      3.21807    150.08155
     -6.53015    131.09163      3.71287    127.37876
     -6.52015    114.53390     13.72364    100.81026
     -6.51015    209.93793     33.65715    176.28078
     -6.50015    222.15065     32.43376    189.71689
     -6.49015    129.61539     15.59221    114.02318
     -6.48015    112.80870     10.27597    102.53274
     -6.47015    142.82465      7.45105    135.37359
     -6.46015    173.98893      5.74595    168.24298
     -6.45015    172.41483     13.84531    158.56952
     -6.44015    193.34413     29.16854    164.17559
     -6.43015    191.14028     26.63000    164.51028
     -6.42015    159.48557     16.34977    143.13580
     -6.41015    203.04940     28.47719    174.57221
     -6.40015    272.84585     43.05701    229.78885
     -6.39015    272.33663     35.26420    237.07243
     -6.38015    278.58080     24.67842    253.90238
     -6.37015    217.95225     17.47401    200.47823
     -6.36015    123.41538     12.24793    111.16745
     -6.35015     72.69544      5.96953     66.72592
     -6.34015     92.49258      4.70365     87.78893
     -6.33015    119.81150     11.19935    108.61215
     -6.32015    108.06963     15.62928     92.44035
     -6.31015     91.02399      9.23832     81.78568
     -6.30015    140.23934      4.22694    136.01240
     -6.29015    172.80776      6.65182    166.15594
     -6.28015    139.01003     13.22188    125.78815
     -6.27015    121.20309     18.24735    102.95574
     -6.26015    199.37838     30.39093    168.98744
     -6.25015    321.89571     44.48507    277.41064
     -6.24015    298.86135     41.19429    257.66706
     -6.23015    259.05982     41.18967    217.87016
     -6.22015    260.91083     39.07713    221.83370
     -6.21015    223.48762     26.05771    197.42991
     -6.20015    164.83986     13.55898    151.28088
     -6.19015    155.88248     16.14794    139.73454
     -6.18015    170.25468     22.46724    147.78744
     -6.17015    118.83488     14.74677    104.08811
     -6.16015    100.01673      9.75805     90.25867
     -6.15015    160.78621     18.14691    142.63930
     -6.14015    172.28818     19.45607    152.83211
     -6.13015    136.19909     10.31165    125.88744
     -6.12015    144.14051     12.57256    131.56794
     -6.11015    219.21305     22.92563    196.28742
     -6.10015    194.45333     17.97919    176.47415
     -6.09015     74.90810      5.48025     69.42784
     -6.08015     13.36356      0.70970     12.65386
     -6.07015     19.91885      0.97329     18.94556
     -6.06015    110.30932      7.21685    103.09247
     -6.05015    274.74383     23.65156    251.09228
     -6.04015    316.13392     35.16385    280.97007
     -6.03015    194.58163     27.05404    167.52759
     -6.02015     89.31630     12.87711     76.43919
     -6.01015    116.20132     10.63195    105.56937
     -6.00015    245.04187     18.26212    226.77975
     -5.99015    305.16540     19.53723    285.62817
     -5.98015    225.52413     12.48586    213.03828
     -5.97015     98.56478      5.38071     93.18407
     -5.96015     90.67172      8.97124     81.70048
     -5.95015    201.14847     24.81234    176.33613
     -5.94015    244.98908     34.72075    210.26832
     -5.93015    173.40477     25.26355    148.14122
     -5.92015     80.04930     10.46477     69.58453
     -5.91015     60.92116      8.16474     52.75642
     -5.90015    171.76652     25.32266    146.44386
     -5.89015    268.49869     40.66636    227.83234
     -5.88015    239.26334     34.88614    204.37720
     -5.87015    208.51751     29.57386    178.94365
     -5.86015    171.50163     24.31460    147.18703
     -5.85015    128.88883     13.72331    115.16552
     -5.84015    140.67619      9.14623    131.52995
     -5.83015    151.28290     13.11768    138.16523
     -5.82015    135.15572     20.83929    114.31642
     -5.81015    165.79102     29.72623    136.06479
     -5.80015    243.63290     31.24258    212.39032
     -5.79015    319.81179     30.10635    289.70543
     -5.78015    274.56624     24.19393    250.37231
     -5.77015    113.78370     10.04654    103.73715
     -5.76015     28.32664      2.63285     25.69379
     -5.75015     51.61449      5.22329     46.39120
     -5.74015    127.31287     13.00776    114.30511
     -5.73015    200.08212     22.01644    178.06568
     -5.72015    224.88202     24.32082    200.56120
     -5.71015    194.84406     16.81522    178.02884
     -5.70015    139.73627     12.47859    127.25768
     -5.69015    106.04398     15.67310     90.37088
     -5.68015    166.38296     25.71520    140.66776
     -5.67015    220.00582     25.35441    194.65141
     -5.66015    179.10509     19.44532    159.65977
     -5.65015    199.72357     28.25190    171.47166
     -5.64015    258.42271     33.41277    225.00994
     -5.63015    246.23718     22.26641    223.97077
     -5.62015    295.74999     23.33801    272.41198
     -5.61015    358.10441     32.75577    325.34864
     -5.60015    297.71588     31.84370    265.87218
     -5.59015    344.14139     44.15063    299.99076
     -5.58015    567.47552     74.30172    493.17380
     -5.57015    717.55547     91.20173    626.35374
     -5.56015    702.04326     90.46533    611.57793
     -5.55015    638.84847     77.51424    561.33423
     -5.54015    576.66677     62.01449    514.65228
     -5.53015    535.50458     59.50411    476.00048
     -5.52015    501.24975     55.22362    446.02613
     -5.51015    455.65568     46.59765    409.05803
     -5.50015    450.31874     44.29001    406.02873
     -5.49015    525.73803     56.46992    469.26810
     -5.48015    478.73456     59.11685    419.61771
     -5.47015    302.72978     46.51131    256.21847
     -5.46015    267.75093     47.19174    220.55919
     -5.45015    268.73626     39.38305    229.35321
     -5.44015    205.80095     23.03126    182.76969
     -5.43015    167.40435     18.79117    148.61318
     -5.42015    136.59628     23.35048    113.24580
     -5.41015     84.09945     19.58847     64.51098
     -5.40015     94.51881     24.86577     69.65304
     -5.39015    181.09062     45.73170    135.35891
     -5.38015    256.88111     52.49530    204.38581
     -5.37015    303.74994     40.49121    263.25873
     -5.36015    317.22060     38.27110    278.94951
     -5.35015    254.42489     37.75253    216.67236
     -5.34015    139.01359     21.87160    117.14199
     -5.33015     48.77945      6.79319     41.98626
     -5.32015     36.12558      1.55757     34.56801
     -5.31015     73.88178      1.51857     72.36321
     -5.30015     71.15802      1.43887     69.71915
     -5.29015     55.40047      1.71029     53.69018
     -5.28015    110.61932      6.34343    104.27590
     -5.27015    149.85101     12.33562    137.51539
     -5.26015    104.44502      9.53706     94.90796
     -5.25015     83.26733      3.80705     79.46028
     -5.24015     77.99316      1.77983     76.21333
     -5.23015     34.15894      0.71695     33.44199
     -5.22015     10.35579      0.71487      9.64091
     -5.21015     36.93045      4.18376     32.74668
     -5.20015    125.86583     11.78911    114.07672
     -5.19015    234.83759     17.32952    217.50808
     -5.18015    246.04565     16.97956    229.06608
     -5.17015    123.59171      9.16576    114.42596
     -5.16015     25.83656      2.07879     23.75777
     -5.15015      2.39114      0.18514      2.20600
     -5.14015      5.12285      0.10720      5.01565
     -5.13015     32.66349      0.66682     31.99667
     -5.12015     85.23584      2.06798     83.16785
     -5.11015    135.03108      6.38057    128.65051
     -5.10015    214.51012     17.91638    196.59374
     -5.09015    216.31152     22.91992    193.39160
     -5.08015     95.90795     11.32808     84.57987
     -5.07015     35.13756      2.47678     32.66078
     -5.06015     63.82793      1.40787     62.42006
     -5.05015     76.15970      1.53489     74.62481
     -5.04015     34.67162      0.69908     33.97254
     -5.03015     16.00264      0.44603     15.55662
     -5.02015     60.74838      2.83070     57.91769
     -5.01015    148.35189      9.53755    138.81434
     -5.00015    179.49870     12.86199    166.63671
     -4.99015    131.43343      7.32600    124.10743
     -4.98015     56.80443      2.00597     54.79845
     -4.97015     11.41838      0.28845     11.12993
     -4.96015      1.36153      0.02891      1.33261
     -4.95015      7.59742      0.15759      7.43984
     -4.94015     50.91466      1.21281     49.70184
     -4.93015    147.76666      5.00815    142.75851
     -4.92015    203.45019     11.29414    192.15605
     -4.91015    138.89454     11.70182    127.19272
     -4.90015     44.82601      4.86012     39.96589
     -4.89015     11.35507      0.87039     10.48468
     -4.88015     33.21419      0.72157     32.49262
     -4.87015     76.36810      1.62230     74.74580
     -4.86015     75.69517      2.22897     73.46621
     -4.85015     86.50720      5.15250     81.35470
     -4.84015    167.04693     11.28568    155.76125
     -4.83015    204.62363     15.35654    189.26709
     -4.82015    159.98677     12.48468    147.50209
     -4.81015    113.20408      5.67367    107.53040
     -4.80015     61.18343      1.73300     59.45043
     -4.79015     15.50165      0.34578     15.15586
     -4.78015      4.27325      0.08810      4.18515
     -4.77015     26.12802      0.53696     25.59106
     -4.76015    100.77818      2.39401     98.38417
     -4.75015    179.33747      6.77636    172.56111
     -4.74015    172.01259     11.97688    160.03571
     -4.73015    104.07383     10.40823     93.66561
     -4.72015    102.85084      7.29704     95.55380
     -4.71015    244.11772     11.01224    233.10548
     -4.70015    424.71472     14.75880    409.95593
     -4.69015    500.92705     14.85335    486.07370
     -4.68015    462.84152     12.51270    450.32882
     -4.67015    446.75087     11.82521    434.92566
     -4.66015    424.96468     15.12237    409.84231
     -4.65015    362.71342     18.70750    344.00592
     -4.64015    277.32920     14.35126    262.97795
     -4.63015    211.82968      7.74727    204.08242
     -4.62015    161.39890      4.69733    156.70157
     -4.61015    131.77156      3.70980    128.06176
     -4.60015    152.93677      4.84412    148.09265
     -4.59015    229.59024      9.05011    220.54012
     -4.58015    273.78782     12.10999    261.67784
     -4.57015    260.70420     14.01058    246.69362
     -4.56015    262.08598     16.29847    245.78751
     -4.55015    201.24188     10.86560    190.37627
     -4.54015    109.54462      4.18178    105.36284
     -4.53015     91.32263      2.61104     88.71158
     -4.52015     82.73063      2.14235     80.58828
     -4.51015     95.95388      2.12222     93.83166
     -4.50015    151.65230      3.68279    147.96951
     -4.49015    195.44784      6.98921    188.45863
     -4.48015    220.94069     13.46916    207.47153
     -4.47015    245.92513     18.04852    227.87661
     -4.46015    232.71324     13.90242    218.81082
     -4.45015    160.83954      6.60879    154.23075
     -4.44015     94.72296      2.74482     91.97815
     -4.43015     81.96731      2.19275     79.77457
     -4.42015     82.24646      2.23162     80.01484
     -4.41015     69.03290      2.18503     66.84787
     -4.40015    139.67827      6.62467    133.05360
     -4.39015    248.43597     14.35241    234.08356
     -4.38015    234.72945     13.33903    221.39041
     -4.37015    122.42466      5.68837    116.73629
     -4.36015     82.34998      3.53223     78.81775
     -4.35015    145.59849      7.03855    138.55994
     -4.34015    139.85355      7.09367    132.75988
     -4.33015     70.36574      3.16371     67.20203
     -4.32015     98.20162      3.54977     94.65186
     -4.31015    215.24199     10.50174    204.74025
     -4.30015    301.37557     16.06442    285.31115
     -4.29015    242.18558     10.64061    231.54498
     -4.28015    126.01935      3.69680    122.32255
     -4.27015    112.14853      2.53782    109.61071
     -4.26015    152.74936      3.26026    149.48910
     -4.25015    119.94680      2.82675    117.12005
     -4.24015    118.58614      5.00733    113.57881
     -4.23015    225.04816     11.64693    213.40124
     -4.22015    332.70839     17.85197    314.85642
     -4.21015    330.12138     15.82294    314.29844
     -4.20015    171.21571      6.68804    164.52767
     -4.19015     57.25867      1.71814     55.54054
     -4.18015     70.26880      1.80394     68.46486
     -4.17015     99.93144      2.37122     97.56022
     -4.16015    109.80633      2.28590    107.52042
     -4.15015    134.62516      4.05177    130.57339
     -4.14015    197.58133     10.61175    186.96959
     -4.13015    265.91607     16.87483    249.04124
     -4.12015    259.95001     14.50048    245.44953
     -4.11015    190.11883      7.89289    182.22594
     -4.10015    136.89426      3.57655    133.31770
     -4.09015    138.38667      2.89910    135.48758
     -4.08015    117.33426      2.73059    114.60367
     -4.07015     74.43988      2.58502     71.85486
     -4.06015    112.67028      7.00129    105.66899
     -4.05015    198.35915     13.42502    184.93413
     -4.04015    209.43215     11.32814    198.10401
     -4.03015    177.63858      5.96028    171.67830
     -4.02015    166.72554      5.62188    161.10366
     -4.01015    183.80493      7.33502    176.46991
     -4.00015    158.05554      5.61375    152.44179
     -3.99015    164.74728      4.84661    159.90067
     -3.98015    186.06966      7.94726    178.12240
     -3.97015    180.29842     12.49833    167.80009
     -3.96015    182.00586     11.22350    170.78236
     -3.95015    164.82416      5.86917    158.95500
     -3.94015    145.84705      3.51569    142.33135
     -3.93015    109.37779      2.60624    106.77155
     -3.92015     70.82118      2.73750     68.08369
     -3.91015     89.97318      5.42451     84.54867
     -3.90015    134.78036      9.01176    125.76860
     -3.89015    174.51599     12.91427    161.60172
     -3.88015    130.70714     10.46968    120.23746
     -3.87015     40.20896      3.42494     36.78402
     -3.86015      4.66154      0.41881      4.24273
     -3.85015      0.39049      0.02318      0.36731
     -3.84015      4.08207      0.11733      3.96475
     -3.83015     35.12072      1.41254     33.70819
     -3.82015    129.74905      7.39303    122.35603
     -3.81015    215.97151     15.91796    200.05355
     -3.80015    159.54926     13.43894    146.11032
     -3.79015     50.44283      4.34674     46.09609
     -3.78015     22.49504      0.83669     21.65835
     -3.77015     81.94953      1.57318     80.37635
     -3.76015    170.18082      3.28273    166.89809
     -3.75015    203.77891      4.90952    198.86939
     -3.74015    248.87995     10.05570    238.82426
     -3.73015    274.82594     14.92637    259.89956
     -3.72015    201.83805     11.48402    190.35403
     -3.71015    141.40591      7.29340    134.11251
     -3.70015    150.31339      5.37441    144.93898
     -3.69015    177.64791      4.13708    173.51083
     -3.68015    146.17571      3.15525    143.02046
     -3.67015    138.53679      5.04607    133.49072
     -3.66015    184.30336     11.24838    173.05498
     -3.65015    182.33233     12.42104    169.91129
     -3.64015    126.41333      6.31268    120.10065
     -3.63015    121.42980      3.91227    117.51753
     -3.62015    133.81015      5.32136    128.48879
     -3.61015    142.29474      5.49679    136.79795
     -3.60015    187.56955      5.77046    181.79909
     -3.59015    237.92148     10.21636    227.70512
     -3.58015    210.84637     13.43484    197.41153
     -3.57015    100.06155      7.77099     92.29056
     -3.56015     34.99249      2.04732     32.94517
     -3.55015     77.17467      1.89710     75.27757
     -3.54015    176.78684      4.81563    171.97120
     -3.53015    234.81429      8.09048    226.72381
     -3.52015    224.58887     10.93190    213.65697
     -3.51015    191.60007     13.47662    178.12345
     -3.50015    149.10478     10.03253    139.07225
     -3.49015     97.83691      4.00290     93.83401
     -3.48015     62.37002      1.46143     60.90859
     -3.47015     81.44234      1.66094     79.78140
     -3.46015    104.38509      3.32483    101.06025
     -3.45015    190.41500     10.06306    180.35194
     -3.44015    310.08428     17.75049    292.33379
     -3.43015    256.06028     13.24916    242.81112
     -3.42015    142.41633      5.02042    137.39591
     -3.41015     67.35789      1.57248     65.78541
     -3.40015     23.22914      0.58032     22.64881
     -3.39015     49.99676      2.30176     47.69500
     -3.38015    173.05289      9.56559    163.48730
     -3.37015    320.65911     17.51643    303.14268
     -3.36015    301.74574     14.10278    287.64295
     -3.35015    133.25582      5.10645    128.14938
     -3.34015     58.13860      1.54485     56.59375
     -3.33015     81.59662      2.09235     79.50427
     -3.32015     86.68624      4.45627     82.22997
     -3.31015    119.01752     10.34435    108.67318
     -3.30015    209.79881     13.59676    196.20205
     -3.29015    255.36902     10.60376    244.76525
     -3.28015    183.29522      6.01719    177.27803
     -3.27015    124.05832      3.27417    120.78415
     -3.26015    141.89177      4.42892    137.46285
     -3.25015    161.44721      9.35021    152.09699
     -3.24015    136.43050     12.17658    124.25392
     -3.23015    113.15219      8.30861    104.84358
     -3.22015    195.91748      7.08185    188.83564
     -3.21015    234.28303      6.89793    227.38510
     -3.20015    156.21205      4.98857    151.22348
     -3.19015    150.81344      8.49126    142.32218
     -3.18015    174.77325     12.85952    161.91373
     -3.17015    149.05206      9.18544    139.86663
     -3.16015    111.56232      4.73647    106.82585
     -3.15015    124.18962      4.88347    119.30615
     -3.14015    181.66807      6.70160    174.96646
     -3.13015    228.98727     11.11377    217.87349
     -3.12015    201.06115     13.34655    187.71459
     -3.11015    183.90644      9.07804    174.82840
     -3.10015    200.46837      6.05024    194.41814
     -3.09015    195.56159      6.58895    188.97264
     -3.08015    195.58025      9.21482    186.36543
     -3.07015    180.77597     12.70798    168.06800
     -3.06015    174.74856     11.80820    162.94036
     -3.05015    196.27330      7.54252    188.73078
     -3.04015    326.16129      9.28214    316.87916
     -3.03015    373.98325     12.39019    361.59306
     -3.02015    236.42920     13.35062    223.07859
     -3.01015    119.80312     12.25208    107.55104
     -3.00015     56.27554      6.06868     50.20686
     -2.99015     68.94455      2.67180     66.27275
     -2.98015    147.87435      5.55384    142.32051
     -2.97015    181.39779     11.34311    170.05468
     -2.96015    133.09691     12.92359    120.17332
     -2.95015     56.22241      6.69979     49.52262
     -2.94015     27.74538      2.20931     25.53607
     -2.93015     90.86600      4.98573     85.88027
     -2.92015    215.65951     12.58871    203.07079
     -2.91015    258.17565     14.48332    243.69233
     -2.90015    163.96785      7.47919    156.48866
     -2.89015     82.12796      3.50711     78.62084
     -2.88015    111.73644      7.73188    104.00456
     -2.87015    145.92691     13.29999    132.62692
     -2.86015     90.89857      9.81390     81.08467
     -2.85015     49.60890      4.05029     45.55861
     -2.84015    119.60439      6.49348    113.11092
     -2.83015    230.76326     13.68214    217.08112
     -2.82015    232.23457     13.31598    218.91859
     -2.81015    165.74244      6.95388    158.78856
     -2.80015    142.56416      6.99670    135.56747
     -2.79015    145.95874     12.07231    133.88642
     -2.78015    113.98483     11.66661    102.31822
     -2.77015    103.29310      7.26092     96.03219
     -2.76015    166.19196      9.12868    157.06328
     -2.75015    215.15419     13.98510    201.16909
     -2.74015    202.41165     12.43686    189.97479
     -2.73015    201.12252      9.04855    192.07397
     -2.72015    200.50216     11.70452    188.79764
     -2.71015    184.40278     14.07691    170.32587
     -2.70015    144.54859     10.21878    134.32981
     -2.69015    169.06963     11.56846    157.50117
     -2.68015    252.17021     16.15373    236.01648
     -2.67015    248.10508     13.71129    234.39378
     -2.66015    250.01674     14.58927    235.42748
     -2.65015    319.38792     18.17637    301.21154
     -2.64015    330.54198     16.87379    313.66819
     -2.63015    259.48652     16.65640    242.83012
     -2.62015    160.98654     14.07778    146.90876
     -2.61015    139.53222     12.51369    127.01853
     -2.60015    175.70965     14.40398    161.30567
     -2.59015    152.24762     13.97278    138.27485
     -2.58015    151.10777     15.01912    136.08866
     -2.57015    189.85896     16.25999    173.59897
     -2.56015    191.14859     18.00601    173.14258
     -2.55015    170.16255     20.27081    149.89174
     -2.54015    207.45717     24.79076    182.66641
     -2.53015    274.68433     28.95114    245.73319
     -2.52015    242.49317     24.33721    218.15596
     -2.51015    133.72711     11.53438    122.19273
     -2.50015     94.10736      3.17263     90.93473
     -2.49015     68.44718      0.93424     67.51294
     -2.48015     31.99510      0.39028     31.60482
     -2.47015     70.39961      1.02831     69.37131
     -2.46015    199.52578      2.97925    196.54653
     -2.45015    278.42329      4.11745    274.30584
     -2.44015    188.05483      2.70617    185.34867
     -2.43015     91.14811      1.24387     89.90424
     -2.42015    131.09266      1.72456    129.36810
     -2.41015    154.53037      2.05044    152.47993
     -2.40015     88.27265      1.26728     87.00536
     -2.39015     89.63126      1.52109     88.11017
     -2.38015    155.30286      2.51629    152.78657
     -2.37015    192.27456      2.97330    189.30126
     -2.36015    187.30996      3.64002    183.66993
     -2.35015    190.15747      5.04728    185.11020
     -2.34015    150.06043      4.15378    145.90665
     -2.33015    142.65812      2.78334    139.87478
     -2.32015    230.58632      3.65973    226.92659
     -2.31015    187.40818      2.93550    184.47268
     -2.30015     62.51283      1.02843     61.48440
     -2.29015     68.56607      1.83000     66.73607
     -2.28015    359.98367     10.35671    349.62696
     -2.27015    930.13985     27.26292    902.87693
     -2.26015   1231.84941     35.88987   1195.95954
     -2.25015   1011.76429     28.97317    982.79112
     -2.24015    635.38802     18.33870    617.04932
     -2.23015    429.34287     12.19619    417.14669
     -2.22015    460.99317     12.36287    448.63030
     -2.21015    490.30448     12.98202    477.32246
     -2.20015    394.54279     10.10275    384.44005
     -2.19015    392.69687      9.84392    382.85295
     -2.18015    500.99835     13.29047    487.70788
     -2.17015    471.46633     12.54110    458.92523
     -2.16015    292.68834      7.11607    285.57227
     -2.15015    145.26454      2.93796    142.32658
     -2.14015     97.24060      1.47081     95.76979
     -2.13015     66.53160      0.90484     65.62676
     -2.12015     24.05234      0.32243     23.72992
     -2.11015     32.92787      0.43962     32.48825
     -2.10015    105.43111      1.42603    104.00507
     -2.09015    149.28722      2.05238    147.23484
     -2.08015     87.90842      1.22762     86.68080
     -2.07015     21.83938      0.30925     21.53013
     -2.06015     11.22978      0.16647     11.06332
     -2.05015     48.19325      0.71177     47.48149
     -2.04015    107.63039      1.53240    106.09799
     -2.03015    125.04066      1.66178    123.37888
     -2.02015     81.91684      1.02701     80.88983
     -2.01015     37.17689      0.51524     36.66165
     -2.00015     92.98903      1.69482     91.29421
     -1.99015    316.65033      6.21022    310.44011
     -1.98015    605.27790     12.29816    592.97974
     -1.97015    748.47979     15.13230    733.34749
     -1.96015    714.31593     14.00484    700.31109
     -1.95015    552.66614     10.67470    541.99144
     -1.94015    428.15311      8.24703    419.90608
     -1.93015    477.29797      9.22307    468.07490
     -1.92015    585.75128     11.40306    574.34821
     -1.91015    541.36550     10.43505    530.93045
     -1.90015    503.19123      9.20595    493.98529
     -1.89015    589.71686     10.35316    579.36370
     -1.88015    542.40765      9.60014    532.80751
     -1.87015    339.42971      6.18427    333.24544
     -1.86015    240.05763      4.43260    235.62503
     -1.85015    216.34525      3.82459    212.52065
     -1.84015    179.38885      2.73898    176.64987
     -1.83015    174.07092      2.31824    171.75268
     -1.82015    151.89375      2.09893    149.79482
     -1.81015    113.56112      1.68960    111.87152
     -1.80015     64.69803      0.97631     63.72172
     -1.79015     47.22207      0.60880     46.61327
     -1.78015    108.10593      1.30917    106.79676
     -1.77015    147.72082      1.84846    145.87237
     -1.76015     86.44156      1.11891     85.32264
     -1.75015     21.85509      0.28834     21.56676
     -1.74015     13.89953      0.16471     13.73483
     -1.73015     60.92025      0.71686     60.20339
     -1.72015    131.86302      1.59350    130.26952
     -1.71015    129.54290      1.61356    127.92933
     -1.70015     71.21839      0.88815     70.33024
     -1.69015     72.11745      0.83688     71.28057
     -1.68015    113.37747      1.29907    112.07840
     -1.67015    142.24824      1.66310    140.58514
     -1.66015    146.94747      1.77270    145.17477
     -1.65015     90.27005      1.11629     89.15376
     -1.64015     28.31999      0.35215     27.96784
     -1.63015     32.66940      0.37778     32.29162
     -1.62015    129.80859      1.49945    128.30914
     -1.61015    224.99536      2.63076    222.36461
     -1.60015    159.76042      1.89746    157.86296
     -1.59015     47.77266      0.57639     47.19628
     -1.58015     15.96519      0.19051     15.77468
     -1.57015     65.71063      0.77138     64.93925
     -1.56015    161.43125      1.88826    159.54298
     -1.55015    178.27958      2.07459    176.20499
     -1.54015    123.79156      1.43708    122.35447
     -1.53015     77.91164      0.94281     76.96884
     -1.52015     88.96729      1.13735     87.82995
     -1.51015    115.78639      1.38584    114.40054
     -1.50015    111.19483      1.19614    109.99869
     -1.49015     95.92064      1.09799     94.82265
     -1.48015    133.14522      1.72488    131.42035
     -1.47015    150.22825      1.92584    148.30241
     -1.46015     89.14058      1.05224     88.08834
     -1.45015     84.31411      0.84178     83.47233
     -1.44015    134.17889      1.47853    132.70036
     -1.43015    120.45224      1.53696    118.91528
     -1.42015     59.61613      0.81140     58.80474
     -1.41015     60.91967      0.69193     60.22773
     -1.40015    122.10930      1.20673    120.90257
     -1.39015    132.14562      1.13776    131.00786
     -1.38015     68.53643      0.52138     68.01505
     -1.37015     27.17364      0.22487     26.94877
     -1.36015     71.14925      0.66273     70.48652
     -1.35015    164.87154      1.48663    163.38491
     -1.34015    218.23087      2.12563    216.10524
     -1.33015    279.70983      3.18587    276.52396
     -1.32015    275.23535      3.19408    272.04127
     -1.31015    149.01456      1.57425    147.44031
     -1.30015     86.94575      0.91843     86.02732
     -1.29015    166.26380      2.05581    164.20799
     -1.28015    230.68970      3.08104    227.60865
     -1.27015    197.35206      2.45845    194.89361
     -1.26015    185.17773      1.74583    183.43190
     -1.25015    148.22695      1.31748    146.90947
     -1.24015    135.52763      1.52513    134.00250
     -1.23015    164.51597      1.93963    162.57634
     -1.22015    109.60812      1.12697    108.48115
     -1.21015     85.66124      0.51466     85.14659
     -1.20015    139.56837      1.11727    138.45110
     -1.19015    184.58084      2.36945    182.21139
     -1.18015    141.31352      2.24183    139.07169
     -1.17015     48.34098      0.84029     47.50068
     -1.16015     11.44273      0.22310     11.21964
     -1.15015     32.61500      0.68215     31.93286
     -1.14015     82.14320      1.66064     80.48256
     -1.13015    104.23343      1.81138    102.42205
     -1.12015     99.74012      1.33344     98.40668
     -1.11015     68.97798      0.89258     68.08539
     -1.10015     59.97940      1.12383     58.85557
     -1.09015     81.07142      1.71429     79.35714
     -1.08015     53.18723      1.12752     52.05971
     -1.07015     23.29027      0.40574     22.88453
     -1.06015     61.14369      0.85901     60.28468
     -1.05015    137.75549      2.14194    135.61356
     -1.04015    130.86629      2.27218    128.59411
     -1.03015     51.59390      0.97849     50.61540
     -1.02015     11.87171      0.24445     11.62726
     -1.01015     28.34652      0.60506     27.74146
     -1.00015     83.90015      1.69075     82.20941
     -0.99015    122.23494      2.09615    120.13879
     -0.98015    105.19960      1.43315    103.76645
     -0.97015     55.72869      0.73775     54.99094
     -0.96015     51.05517      1.02415     50.03102
     -0.95015     79.83877      1.74944     78.08933
     -0.94015     57.45151      1.23798     56.21352
     -0.93015     36.41372      0.57157     35.84215
     -0.92015     83.07604      1.10739     81.96866
     -0.91015    134.83779      2.14253    132.69526
     -0.90015    109.41531      2.06904    107.34627
     -0.89015     42.22643      0.88213     41.34431
     -0.88015     12.29203      0.26692     12.02511
     -0.87015     38.95806      0.80367     38.15439
     -0.86015    110.87588      2.07049    108.80539
     -0.85015    141.15672      2.26155    138.89517
     -0.84015     82.57772      1.13177     81.44594
     -0.83015     33.89467      0.55303     33.34164
     -0.82015     56.34334      1.25548     55.08786
     -0.81015     80.99478      1.81749     79.17728
     -0.80015     59.40874      1.14559     58.26315
     -0.79015     72.48014      0.92058     71.55955
     -0.78015    109.72041      1.54571    108.17470
     -0.77015    112.16536      2.10520    110.06016
     -0.76015     72.02358      1.56987     70.45371
     -0.75015     23.62463      0.52979     23.09484
     -0.74015     26.52347      0.50810     26.01537
     -0.73015    100.13323      1.77856     98.35466
     -0.72015    157.33546      2.62637    154.70909
     -0.71015     94.05508      1.47416     92.58093
     -0.70015     28.52764      0.48384     28.04380
     -0.69015     42.15724      0.96891     41.18833
     -0.68015     83.95498      1.90057     82.05441
     -0.67015     89.90965      1.66799     88.24167
     -0.66015     94.32227      1.19913     93.12313
     -0.65015     91.79160      1.30672     90.48488
     -0.64015     90.85928      1.88963     88.96965
     -0.63015     72.37961      1.68665     70.69295
     -0.62015     32.40173      0.69837     31.70336
     -0.61015     54.00945      0.83757     53.17188
     -0.60015    137.10155      2.22870    134.87285
     -0.59015    140.99228      2.47901    138.51327
     -0.58015     56.54431      1.07406     55.47025
     -0.57015     22.57511      0.50702     22.06809
     -0.56015     62.84791      1.41602     61.43188
     -0.55015    120.40741      2.32938    118.07803
     -0.54015    122.26625      1.81567    120.45058
     -0.53015     75.94604      1.03426     74.91178
     -0.52015     66.15511      1.41862     64.73650
     -0.51015     83.05728      2.00631     81.05096
     -0.50015     65.01018      1.33055     63.67963
     -0.49015     83.74633      1.13078     82.61555
     -0.48015    129.68900      2.04802    127.64097
     -0.47015    114.88744      2.33112    112.55632
     -0.46015     52.96193      1.22489     51.73703
     -0.45015     35.60714      0.73244     34.87471
     -0.44015    105.71887      1.92745    103.79143
     -0.43015    158.07307      2.72557    155.34751
     -0.42015     91.57570      1.51986     90.05584
     -0.41015     42.86480      0.90202     41.96277
     -0.40015     79.48986      1.87462     77.61524
     -0.39015    119.26909      2.30177    116.96732
     -0.38015    115.05856      1.62678    113.43178
     -0.37015     93.18270      1.56869     91.61401
     -0.36015     92.10154      2.18400     89.91754
     -0.35015     79.17981      1.74959     77.43022
     -0.34015     95.35533      1.43437     93.92096
     -0.33015    139.97208      2.35047    137.62161
     -0.32015    113.76025      2.38493    111.37533
     -0.31015     59.95607      1.31717     58.63890
     -0.30015     96.07751      1.73467     94.34284
     -0.29015    159.81907      2.84541    156.97366
     -0.28015    110.15924      2.02557    108.13367
     -0.27015     69.61739      1.46146     68.15593
     -0.26015    128.26201      2.54321    125.71880
     -0.25015    148.18645      2.53797    145.64848
     -0.24015    100.43104      1.79825     98.63280
     -0.23015    114.68801      2.44142    112.24659
     -0.22015    145.80680      2.61249    143.19431
     -0.21015    128.64861      2.16644    126.48217
     -0.20015    132.03274      2.67225    129.36049
     -0.19015    149.73611      2.66956    147.06655
     -0.18015    147.10633      2.51786    144.58846
     -0.17015    162.96828      3.03416    159.93412
     -0.16015    172.16896      2.85887    169.31010
     -0.15015    192.24162      3.16772    189.07391
     -0.14015    219.77065      3.50707    216.26359
     -0.13015    199.26216      3.24324    196.01892
     -0.12015    148.86026      3.11953    145.74074
     -0.11015    100.55692      2.68754     97.86939
     -0.10015     97.91438      2.85611     95.05827
     -0.09015     98.32178      2.89397     95.42780
     -0.08015    104.66304      3.08624    101.57680
     -0.07015    108.93879      3.21423    105.72455
     -0.06015    116.01825      3.42263    112.59561
     -0.05015    122.99057      3.62367    119.36689
     -0.04015    132.36848      3.89013    128.47835
     -0.03015    141.34027      4.13723    137.20304
     -0.02015    141.75575      4.12693    137.62882
     -0.01015    128.18277      3.70171    124.48106
     -0.00015    103.58042      2.96744    100.61298
      0.00985     51.95536      1.48360     50.47177
      0.01985     11.25162      0.32104     10.93059
      0.02985      0.92891      0.02650      0.90241
      0.03985      0.02841      0.00081      0.02760
      0.04985      0.00032      0.00001      0.00031
      0.05985      0.00000      0.00000      0.00000
      0.06985      0.00000      0.00000      0.00000
      0.07985      0.00000      0.00000      0.00000
      0.08985      0.00000      0.00000      0.00000
      0.09985      0.00000      0.00000      0.00000
      0.10985      0.00000      0.00000      0.00000
      0.11985      0.00000      0.00000      0.00000
      0.12985      0.00000      0.00000      0.00000
      0.13985      0.00000      0.00000      0.00000
      0.14985      0.00000      0.00000      0.00000
      0.15985      0.00000      0.00000      0.00000
      0.16985      0.00000      0.00000      0.00000
      0.17985      0.00000      0.00000      0.00000
      0.18985      0.00000      0.00000      0.00000
      0.19985      0.00000      0.00000      0.00000
      0.20985      0.00000      0.00000      0.00000
      0.21985      0.00000      0.00000      0.00000
      0.22985      0.00000      0.00000      0.00000
      0.23985      0.00000      0.00000      0.00000
      0.24985      0.00000      0.00000      0.00000
      0.25985      0.00000      0.00000      0.00000
      0.26985      0.00000      0.00000      0.00000
      0.27985      0.00000      0.00000      0.00000
      0.28985      0.00000      0.00000      0.00000
      0.29985      0.00000      0.00000      0.00000
      0.30985      0.00000      0.00000      0.00000
      0.31985      0.00000      0.00000      0.00000
      0.32985      0.00000      0.00000      0.00000
      0.33985      0.00000      0.00000      0.00000
      0.34985      0.00000      0.00000      0.00000
      0.35985      0.00000      0.00000      0.00000
      0.36985      0.00000      0.00000      0.00000
      0.37985      0.00000      0.00000      0.00000
      0.38985      0.00000      0.00000      0.00000
      0.39985      0.00000      0.00000      0.00000
      0.40985      0.00000      0.00000      0.00000
      0.41985      0.00000      0.00000      0.00000
      0.42985      0.00000      0.00000      0.00000
      0.43985      0.00000      0.00000      0.00000
      0.44985      0.00000      0.00000      0.00000
      0.45985      0.00000      0.00000      0.00000
      0.46985      0.00000      0.00000      0.00000
      0.47985      0.00000      0.00000      0.00000
      0.48985      0.00000      0.00000      0.00000
      0.49985      0.00000      0.00000      0.00000
      0.50985      0.00000      0.00000      0.00000
      0.51985      0.00000      0.00000      0.00000
      0.52985      0.00000      0.00000      0.00000
      0.53985      0.00000      0.00000      0.00000
      0.54985      0.00000      0.00000      0.00000
      0.55985      0.00000      0.00000      0.00000
      0.56985      0.00000      0.00000      0.00000
      0.57985      0.00000      0.00000      0.00000
      0.58985      0.00000      0.00000      0.00000
      0.59985      0.00000      0.00000      0.00000
      0.60985      0.00000      0.00000      0.00000
      0.61985      0.00000      0.00000      0.00000
      0.62985      0.00000      0.00000      0.00000
      0.63985      0.00000      0.00000      0.00000
      0.64985      0.00000      0.00000      0.00000
      0.65985      0.00000      0.00000      0.00000
      0.66985      0.00000      0.00000      0.00000
      0.67985      0.00000      0.00000      0.00000
      0.68985      0.00000      0.00000      0.00000
      0.69985      0.00000      0.00000      0.00000
      0.70985      0.00000      0.00000      0.00000
      0.71985      0.00000      0.00000      0.00000
      0.72985      0.00000      0.00000      0.00000
      0.73985      0.00000      0.00000      0.00000
      0.74985      0.00000      0.00000      0.00000
      0.75985      0.00000      0.00000      0.00000
      0.76985      0.00000      0.00000      0.00000
      0.77985      0.00000      0.00000      0.00000
      0.78985      0.00000      0.00000      0.00000
      0.79985      0.00000      0.00000      0.00000
      0.80985      0.00000      0.00000      0.00000
      0.81985      0.00000      0.00000      0.00000
      0.82985      0.00000      0.00000      0.00000
      0.83985      0.00000      0.00000      0.00000
      0.84985      0.00000      0.00000      0.00000
      0.85985      0.00000      0.00000      0.00000
      0.86985      0.00000      0.00000      0.00000
      0.87985      0.00000      0.00000      0.00000
      0.88985      0.00000      0.00000      0.00000
      0.89985      0.00000      0.00000      0.00000
      0.90985      0.00000      0.00000      0.00000
      0.91985      0.00000      0.00000      0.00000
      0.92985      0.00000      0.00000      0.00000
      0.93985      0.00000      0.00000      0.00000
      0.94985      0.00000      0.00000      0.00000
      0.95985      0.00000      0.00000      0.00000
      0.96985      0.00000      0.00000      0.00000
      0.97985      0.00000      0.00000      0.00000
      0.98985      0.00000      0.00000      0.00000
      0.99985      0.00000      0.00000      0.00000
      1.00985      0.00000      0.00000      0.00000
      1.01985      0.00000      0.00000      0.00000
      1.02985      0.00000      0.00000      0.00000
      1.03985      0.00000      0.00000      0.00000
      1.04985      0.00000      0.00000      0.00000
      1.05985      0.00000      0.00000      0.00000
      1.06985      0.00000      0.00000      0.00000
      1.07985      0.00000      0.00000      0.00000
      1.08985      0.00000      0.00000      0.00000
      1.09985      0.00000      0.00000      0.00000
      1.10985      0.00000      0.00000      0.00000
      1.11985      0.00000      0.00000      0.00000
      1.12985      0.00000      0.00000      0.00000
      1.13985      0.00000      0.00000      0.00000
      1.14985      0.00000      0.00000      0.00000
      1.15985      0.00000      0.00000      0.00000
      1.16985      0.00000      0.00000      0.00000
      1.17985      0.00000      0.00000      0.00000
      1.18985      0.00000      0.00000      0.00000
      1.19985      0.00000      0.00000      0.00000
      1.20985      0.00000      0.00000      0.00000
      1.21985      0.00000      0.00000      0.00000
      1.22985      0.00000      0.00000      0.00000
      1.23985      0.00000      0.00000      0.00000
      1.24985      0.00000      0.00000      0.00000
      1.25985      0.00000      0.00000      0.00000
      1.26985      0.00000      0.00000      0.00000
      1.27985      0.00000      0.00000      0.00000
      1.28985      0.00000      0.00000      0.00000
      1.29985      0.00000      0.00000      0.00000
      1.30985      0.00000      0.00000      0.00000
      1.31985      0.00000      0.00000      0.00000
      1.32985      0.00000      0.00000      0.00000
      1.33985      0.00000      0.00000      0.00000
      1.34985      0.00000      0.00000      0.00000
      1.35985      0.00000      0.00000      0.00000
      1.36985      0.00000      0.00000      0.00000
      1.37985      0.00000      0.00000      0.00000
      1.38985      0.00000      0.00000      0.00000
      1.39985      0.00000      0.00000      0.00000
      1.40985      0.00000      0.00000      0.00000
      1.41985      0.00000      0.00000      0.00000
      1.42985      0.00000      0.00000      0.00000
      1.43985      0.00000      0.00000      0.00000
      1.44985      0.00000      0.00000      0.00000
      1.45985      0.00000      0.00000      0.00000
      1.46985      0.00000      0.00000      0.00000
      1.47985      0.00000      0.00000      0.00000
      1.48985      0.00000      0.00000      0.00000
      1.49985      0.00000      0.00000      0.00000
      1.50985      0.00000      0.00000      0.00000
      1.51985      0.00000      0.00000      0.00000
      1.52985      0.00000      0.00000      0.00000
      1.53985      0.00000      0.00000      0.00000
      1.54985      0.00000      0.00000      0.00000
      1.55985      0.00000      0.00000      0.00000
      1.56985      0.00000      0.00000      0.00000
      1.57985      0.00000      0.00000      0.00000
      1.58985      0.00000      0.00000      0.00000
      1.59985      0.00000      0.00000      0.00000
      1.60985      0.00000      0.00000      0.00000
      1.61985      0.00000      0.00000      0.00000
      1.62985      0.00000      0.00000      0.00000
      1.63985      0.00000      0.00000      0.00000
      1.64985      0.00000      0.00000      0.00000
      1.65985      0.00000      0.00000      0.00000
      1.66985      0.00000      0.00000      0.00000
      1.67985      0.00000      0.00000      0.00000
      1.68985      0.00000      0.00000      0.00000
      1.69985      0.00000      0.00000      0.00000
      1.70985      0.00000      0.00000      0.00000
      1.71985      0.00000      0.00000      0.00000
      1.72985      0.00000      0.00000      0.00000
      1.73985      0.00000      0.00000      0.00000
      1.74985      0.00000      0.00000      0.00000
      1.75985      0.00000      0.00000      0.00000
      1.76985      0.00000      0.00000      0.00000
      1.77985      0.00000      0.00000      0.00000
      1.78985      0.00000      0.00000      0.00000
      1.79985      0.00000      0.00000      0.00000
      1.80985      0.00000      0.00000      0.00000
      1.81985      0.00000      0.00000      0.00000
      1.82985      0.00000      0.00000      0.00000
      1.83985      0.00000      0.00000      0.00000
      1.84985      0.00000      0.00000      0.00000
      1.85985      0.00000      0.00000      0.00000
      1.86985      0.00000      0.00000      0.00000
      1.87985      0.00000      0.00000      0.00000
      1.88985      0.00000      0.00000      0.00000
      1.89985      0.00000      0.00000      0.00000
      1.90985      0.00000      0.00000      0.00000
      1.91985      0.00000      0.00000      0.00000
      1.92985      0.00000      0.00000      0.00000
      1.93985      0.00000      0.00000      0.00000
      1.94985      0.00000      0.00000      0.00000
      1.95985      0.00000      0.00000      0.00000
      1.96985      0.00000      0.00000      0.00000
      1.97985      0.00000      0.00000      0.00000
      1.98985      0.00000      0.00000      0.00000
      1.99985      0.00000      0.00000      0.00000
      2.00985      0.00000      0.00000      0.00000
      2.01985      0.00000      0.00000      0.00000
      2.02985      0.00000      0.00000      0.00000
      2.03985      0.00000      0.00000      0.00000
      2.04985      0.00000      0.00000      0.00000
      2.05985      0.00000      0.00000      0.00000
      2.06985      0.00000      0.00000      0.00000
      2.07985      0.00000      0.00000      0.00000
      2.08985      0.00000      0.00000      0.00000
      2.09985      0.00000      0.00000      0.00000
      2.10985      0.00000      0.00000      0.00000
      2.11985      0.00000      0.00000      0.00000
      2.12985      0.00000      0.00000      0.00000
      2.13985      0.00000      0.00000      0.00000
      2.14985      0.00000      0.00000      0.00000
      2.15985      0.00000      0.00000      0.00000
      2.16985      0.00000      0.00000      0.00000
      2.17985      0.00000      0.00000      0.00000
      2.18985      0.00000      0.00000      0.00000
      2.19985      0.00000      0.00000      0.00000
      2.20985      0.00000      0.00000      0.00000
      2.21985      0.00000      0.00000      0.00000
      2.22985      0.00000      0.00000      0.00000
      2.23985      0.00000      0.00000      0.00000
      2.24985      0.00000      0.00000      0.00000
      2.25985      0.00000      0.00000      0.00000
      2.26985      0.00000      0.00000      0.00000
      2.27985      0.00000      0.00000      0.00000
      2.28985      0.00000      0.00000      0.00000
      2.29985      0.00000      0.00000      0.00000
      2.30985      0.00000      0.00000      0.00000
      2.31985      0.00000      0.00000      0.00000
      2.32985      0.00000      0.00000      0.00000
      2.33985      0.00000      0.00000      0.00000
      2.34985      0.00000      0.00000      0.00000
      2.35985      0.00000      0.00000      0.00000
      2.36985      0.00000      0.00000      0.00000
      2.37985      0.00000      0.00000      0.00000
      2.38985      0.00000      0.00000      0.00000
      2.39985      0.00000      0.00000      0.00000
      2.40985      0.00000      0.00000      0.00000
      2.41985      0.00000      0.00000      0.00000
      2.42985      0.00000      0.00000      0.00000
      2.43985      0.00000      0.00000      0.00000
      2.44985      0.00000      0.00000      0.00000
      2.45985      0.00000      0.00000      0.00000
      2.46985      0.00000      0.00000      0.00000
      2.47985      0.00000      0.00000      0.00000
      2.48985      0.00000      0.00000      0.00000
      2.49985      0.00000      0.00000      0.00000
      2.50985      0.00000      0.00000      0.00000
      2.51985      0.00000      0.00000      0.00000
      2.52985      0.00000      0.00000      0.00000
      2.53985      0.00000      0.00000      0.00000
      2.54985      0.00000      0.00000      0.00000
      2.55985      0.00000      0.00000      0.00000
      2.56985      0.00000      0.00000      0.00000
      2.57985      0.00000      0.00000      0.00000
      2.58985      0.00000      0.00000      0.00000
      2.59985      0.00000      0.00000      0.00000
      2.60985      0.00000      0.00000      0.00000
      2.61985      0.00000      0.00000      0.00000
      2.62985      0.00000      0.00000      0.00000
      2.63985      0.00000      0.00000      0.00000
      2.64985      0.00000      0.00000      0.00000
      2.65985      0.00000      0.00000      0.00000
      2.66985      0.00000      0.00000      0.00000
      2.67985      0.00000      0.00000      0.00000
      2.68985      0.00000      0.00000      0.00000
      2.69985      0.00000      0.00000      0.00000
      2.70985      0.00000      0.00000      0.00000
      2.71985      0.00000      0.00000      0.00000
      2.72985      0.00000      0.00000      0.00000
      2.73985      0.00000      0.00000      0.00000
      2.74985      0.00000      0.00000      0.00000
      2.75985      0.00000      0.00000      0.00000
      2.76985      0.00000      0.00000      0.00000
      2.77985      0.00000      0.00000      0.00000
      2.78985      0.00000      0.00000      0.00000
      2.79985      0.00000      0.00000      0.00000
      2.80985      0.00000      0.00000      0.00000
      2.81985      0.00000      0.00000      0.00000
      2.82985      0.00000      0.00000      0.00000
      2.83985      0.00000      0.00000      0.00000
      2.84985      0.00000      0.00000      0.00000
      2.85985      0.00000      0.00000      0.00000
      2.86985      0.00000      0.00000      0.00000
      2.87985      0.00000      0.00000      0.00000
      2.88985      0.00000      0.00000      0.00000
      2.89985      0.00000      0.00000      0.00000
      2.90985      0.00000      0.00000      0.00000
      2.91985      0.00000      0.00000      0.00000
      2.92985      0.00000      0.00000      0.00000
      2.93985      0.00000      0.00000      0.00000
      2.94985      0.00000      0.00000      0.00000
      2.95985      0.00000      0.00000      0.00000
      2.96985      0.00000      0.00000      0.00000
      2.97985      0.00000      0.00000      0.00000
      2.98985      0.00000      0.00000      0.00000
      2.99985      0.00000      0.00000      0.00000
      3.00985      0.00000      0.00000      0.00000
      3.01985      0.00000      0.00000      0.00000
      3.02985      0.00000      0.00000      0.00000
      3.03985      0.00000      0.00000      0.00000
      3.04985      0.00000      0.00000      0.00000
      3.05985      0.00000      0.00000      0.00000
      3.06985      0.00000      0.00000      0.00000
      3.07985      0.00000      0.00000      0.00000
      3.08985      0.00000      0.00000      0.00000
      3.09985      0.00000      0.00000      0.00000
      3.10985      0.00000      0.00000      0.00000
      3.11985      0.00000      0.00000      0.00000
      3.12985      0.00000      0.00000      0.00000
      3.13985      0.00000      0.00000      0.00000
      3.14985      0.00000      0.00000      0.00000
      3.15985      0.00000      0.00000      0.00000
      3.16985      0.00000      0.00000      0.00000
      3.17985      0.00000      0.00000      0.00000
      3.18985      0.00000      0.00000      0.00000
      3.19985      0.00000      0.00000      0.00000
      3.20985      0.00000      0.00000      0.00000
      3.21985      0.00000      0.00000      0.00000
      3.22985      0.00000      0.00000      0.00000
      3.23985      0.00000      0.00000      0.00000
      3.24985      0.00000      0.00000      0.00000
      3.25985      0.00000      0.00000      0.00000
      3.26985      0.00000      0.00000      0.00000
      3.27985      0.00000      0.00000      0.00000
      3.28985      0.00000      0.00000      0.00000
      3.29985      0.00000      0.00000      0.00000
      3.30985      0.02447      0.00026      0.02421
      3.31985      0.89800      0.00974      0.88826
      3.32985     12.67582      0.13786     12.53797
      3.33985     71.52893      0.78259     70.74634
      3.34985    174.59324      1.93370    172.65954
      3.35985    218.70972      2.48490    216.22482
      3.36985    191.60941      2.27781    189.33161
      3.37985    160.38530      2.01854    158.36676
      3.38985    141.56633      1.88545    139.68088
      3.39985    129.76299      1.82525    127.93774
      3.40985    120.69880      1.78855    118.91024
      3.41985    114.78089      1.78878    112.99210
      3.42985    108.16948      1.77032    106.39916
      3.43985    106.73598      1.82969    104.90629
      3.44985    114.30320      2.04913    112.25407
      3.45985    164.01331      3.01219    161.00112
      3.46985    216.20150      4.01425    212.18725
      3.47985    226.63545      4.28851    222.34693
      3.48985    196.03661      3.79307    192.24355
      3.49985    186.53789      3.72577    182.81213
      3.50985    159.88296      3.27945    156.60350
      3.51985    164.23912      3.44607    160.79305
      3.52985    159.86161      3.44317    156.41845
      3.53985    125.46155      2.81146    122.65009
      3.54985    160.29033      3.61899    156.67133
      3.55985    145.36532      3.30558    142.05974
      3.56985    110.34153      2.72991    107.61162
      3.57985    138.62198      3.40930    135.21268
      3.58985    145.47943      3.42842    142.05101
      3.59985    124.41632      3.23163    121.18470
      3.60985    101.87662      2.82875     99.04787
      3.61985    118.93464      3.06190    115.87273
      3.62985    159.36829      4.15561    155.21268
      3.63985    110.80214      3.09233    107.70982
      3.64985     76.45889      2.36989     74.08899
      3.65985    126.04385      3.72617    122.31768
      3.66985    144.11800      3.86644    140.25155
      3.67985    112.53416      3.23698    109.29718
      3.68985     96.72788      3.32667     93.40121
      3.69985     80.73107      2.69210     78.03897
      3.70985    119.79978      3.53535    116.26443
      3.71985    157.96047      4.79176    153.16871
      3.72985     94.79134      3.10132     91.69002
      3.73985     63.39903      2.44942     60.94960
      3.74985    101.58934      3.82101     97.76833
      3.75985    125.09592      3.92824    121.16767
      3.76985    126.35171      3.84370    122.50802
      3.77985    111.51702      4.20022    107.31680
      3.78985     69.90024      2.96371     66.93653
      3.79985     60.99257      2.46955     58.52302
      3.80985    130.16413      4.75040    125.41373
      3.81985    147.97627      4.97702    142.99924
      3.82985     86.57542      3.05845     83.51697
      3.83985     78.23365      3.62158     74.61208
      3.84985     80.31676      3.82867     76.48809
      3.85985     75.08534      2.92437     72.16097
      3.86985    134.35654      4.81003    129.54651
      3.87985    145.34362      5.64859    139.69503
      3.88985     70.44072      3.06390     67.37681
      3.89985     52.21018      2.73410     49.47608
      3.90985     88.22176      4.55693     83.66483
      3.91985    102.00452      4.26142     97.74311
      3.92985    119.79369      4.16317    115.63052
      3.93985    126.02020      5.40494    120.61526
      3.94985     85.10857      4.42755     80.68102
      3.95985     41.26087      2.33734     38.92353
      3.96985     66.78062      3.67096     63.10966
      3.97985    124.17100      5.87328    118.29772
      3.98985    127.72679      4.85737    122.86942
      3.99985     94.66339      3.90884     90.75455
      4.00985     89.42973      5.10731     84.32242
      4.01985     66.06962      4.07627     61.99335
      4.02985     41.79178      2.41678     39.37500
      4.03985     97.39546      4.92715     92.46830
      4.04985    157.61197      8.91109    148.70088
      4.05985    133.74014     31.45851    102.28163
      4.06985    229.70757    158.71256     70.99502
      4.07985    494.46252    381.48973    112.97280
      4.08985    565.42417    453.94355    111.48062
      4.09985    495.02627    397.95393     97.07234
      4.10985    615.48536    447.14674    168.33862
      4.11985    754.12807    547.33353    206.79455
      4.12985    658.51488    527.75988    130.75500
      4.13985    540.56746    452.03299     88.53447
      4.14985    515.22392    402.11791    113.10600
      4.15985    483.03187    370.21807    112.81380
      4.16985    454.96222    345.95841    109.00382
      4.17985    487.27693    329.89967    157.37726
      4.18985    478.67029    316.02106    162.64924
      4.19985    396.27816    299.42198     96.85618
      4.20985    346.05292    285.19598     60.85694
      4.21985    365.67837    276.48828     89.19009
      4.22985    382.69292    268.00953    114.68339
      4.23985    376.29263    257.27129    119.02135
      4.24985    385.85085    249.46011    136.39074
      4.25985    377.50403    243.13472    134.36930
      4.26985    330.70603    234.74253     95.96350
      4.27985    279.51583    225.62739     53.88844
      4.28985    287.32568    219.78672     67.53897
      4.29985    333.29375    218.01515    115.27860
      4.30985    345.66675    210.91643    134.75032
      4.31985    326.81308    205.56097    121.25210
      4.32985    332.22938    198.70097    133.52841
      4.33985    420.62298    198.29477    222.32822
      4.34985    429.79113    191.91223    237.87889
      4.35985    374.09558    188.86316    185.23241
      4.36985    387.14608    184.37973    202.76635
      4.37985    433.87274    184.80355    249.06919
      4.38985    398.02426    178.99329    219.03098
      4.39985    325.54853    172.82001    152.72852
      4.40985    347.52302    175.07141    172.45161
      4.41985    316.55050    164.83089    151.71961
      4.42985    269.77790    170.33506     99.44284
      4.43985    298.79653    156.88903    141.90750
      4.44985    379.06100    169.49601    209.56499
      4.45985    341.04322    157.04459    183.99863
      4.46985    286.86253    156.53420    130.32833
      4.47985    296.85823    157.57311    139.28512
      4.48985    283.75336    147.76165    135.99171
      4.49985    246.18505    154.15168     92.03337
      4.50985    235.25755    144.14643     91.11112
      4.51985    321.37115    147.74464    173.62652
      4.52985    366.84798    151.06420    215.78378
      4.53985    278.04186    141.55029    136.49157
      4.54985    232.97809    140.83964     92.13845
      4.55985    373.18640    151.87770    221.30870
      4.56985    550.22398    160.37014    389.85384
      4.57985    535.29865    159.91845    375.38020
      4.58985    451.88663    159.32763    292.55899
      4.59985    464.18177    147.43817    316.74360
      4.60985    537.15890    150.64046    386.51844
      4.61985    493.19673    157.05110    336.14563
      4.62985    350.21573    133.36182    216.85391
      4.63985    316.79004    137.42450    179.36553
      4.64985    385.09759    151.56688    233.53071
      4.65985    422.28591    129.14045    293.14546
      4.66985    418.53496    135.99688    282.53808
      4.67985    391.82227    148.50912    243.31315
      4.68985    317.92206    117.79409    200.12797
      4.69985    335.04815    128.74460    206.30355
      4.70985    377.93125    150.82875    227.10250
      4.71985    332.02264    115.01939    217.00325
      4.72985    303.50712    116.04574    187.46139
      4.73985    345.14757    149.61454    195.53303
      4.74985    370.24398    120.65353    249.59045
      4.75985    343.94777    105.98396    237.96381
      4.76985    349.06470    145.29814    203.76656
      4.77985    314.92841    126.32124    188.60716
      4.78985    258.73983     91.15751    167.58232
      4.79985    311.36617    132.28223    179.08394
      4.80985    318.60820    142.46985    176.13836
      4.81985    277.09673     91.20007    185.89666
      4.82985    358.41008    108.74664    249.66343
      4.83985    361.47578    150.10634    211.36945
      4.84985    274.70239    108.74512    165.95727
      4.85985    253.49808     81.79217    171.70591
      4.86985    322.41581    135.20618    187.20962
      4.87985    318.99363    139.11517    179.87846
      4.88985    216.95954     78.40620    138.55334
      4.89985    241.50828     94.10034    147.40794
      4.90985    341.61657    149.25611    192.36046
      4.91985    366.19698    116.61566    249.58132
      4.92985    310.00402     72.33496    237.66905
      4.93985    268.67095    115.46649    153.20446
      4.94985    253.46941    145.34646    108.12296
      4.95985    169.89316     83.96782     85.92534
      4.96985    206.78573     67.76609    139.01963
      4.97985    354.51299    135.47433    219.03866
      4.98985    393.75157    142.93999    250.81158
      4.99985    290.48485     73.21111    217.27374
      5.00985    195.46618     69.61985    125.84632
      5.01985    258.73557    138.69182    120.04375
      5.02985    296.06911    132.21558    163.85353
      5.03985    179.67779     60.31416    119.36363
      5.04985    181.82585     71.33284    110.49301
      5.05985    320.54609    143.90571    176.64038
      5.06985    327.02320    125.69442    201.32878
      5.07985    272.55746     58.49041    214.06705
      5.08985    269.14058     74.62399    194.51659
      5.09985    263.99021    141.95890    122.03131
      5.10985    241.39162    123.85177    117.53984
      5.11985    201.88853     53.98240    147.90613
      5.12985    179.70144     61.84362    117.85783
      5.13985    243.84315    135.86094    107.98221
      5.14985    265.16906    131.45006    133.71900
      5.15985    209.89354     57.52804    152.36550
      5.16985    255.13166     56.36721    198.76445
      5.17985    357.29619    131.03891    226.25728
      5.18985    298.98374    141.69218    157.29156
      5.19985    165.11122     63.57413    101.53709
      5.20985    211.69159     43.61126    168.08033
      5.21985    390.32761    116.09388    274.23374
      5.22985    454.68327    161.94929    292.73398
      5.23985    320.35103     91.61394    228.73709
      5.24985    152.12756     34.11399    118.01358
      5.25985    110.86402     71.48694     39.37708
      5.26985    193.35489    143.04486     50.31003
      5.27985    234.22799    114.03512    120.19287
      5.28985    205.98729     45.15189    160.83539
      5.29985    196.06611     50.91697    145.14913
      5.30985    294.70976    127.78690    166.92285
      5.31985    342.00165    143.86038    198.14127
      5.32985    219.77979     65.10863    154.67116
      5.33985    169.48872     33.79255    135.69617
      5.34985    250.84477     91.11975    159.72502
      5.35985    251.19561    149.14918    102.04643
      5.36985    152.51392     97.19479     55.31913
      5.37985    155.63719     34.76465    120.87254
      5.38985    265.90753     55.10041    210.80712
      5.39985    313.92516    130.90442    183.02074
      5.40985    275.74559    138.77348    136.97211
      5.41985    221.54177     63.46224    158.07953
      5.42985    191.53147     34.54224    156.98922
      5.43985    258.92843     89.67283    169.25560
      5.44985    307.75150    149.08143    158.67008
      5.45985    174.66497     99.86826     74.79670
      5.46985     88.37439     36.31722     52.05717
      5.47985    164.29715     56.89100    107.40615
      5.48985    292.03301    123.51621    168.51680
      5.49985    343.64440    133.13397    210.51043
      5.50985    299.56899     80.49781    219.07118
      5.51985    260.99723     69.62868    191.36854
      5.52985    237.18639     93.71416    143.47223
      5.53985    193.31556    102.55129     90.76427
      5.54985    192.39735    120.20769     72.18966
      5.55985    277.26413    119.77322    157.49091
      5.56985    308.78958     84.20045    224.58913
      5.57985    228.92451     84.51446    144.41006
      5.58985    240.58640    136.79140    103.79501
      5.59985    319.83650    127.81552    192.02098
      5.60985    301.30046     85.58083    215.71963
      5.61985    194.19762     85.74284    108.45477
      5.62985    135.04880     77.81440     57.23440
      5.63985    200.34785     85.67544    114.67241
      5.64985    298.72765    109.12086    189.60679
      5.65985    296.35142    107.71553    188.63589
      5.66985    232.67387     81.50848    151.16539
      5.67985    299.34003    120.10881    179.23122
      5.68985    519.30986    328.20761    191.10225
      5.69985    662.21245    494.11226    168.10018
      5.70985    518.93969    385.04830    133.89139
      5.71985    347.78254    231.96052    115.82202
      5.72985    379.16996    195.83283    183.33713
      5.73985    470.59490    210.12832    260.46658
      5.74985    484.46102    215.89925    268.56177
      5.75985    344.84900    158.97111    185.87789
      5.76985    251.65294    122.42593    129.22701
      5.77985    367.45129    194.16917    173.28212
      5.78985    420.74820    230.16310    190.58510
      5.79985    326.46182    162.50172    163.96009
      5.80985    280.72034     99.67665    181.04369
      5.81985    379.94471    122.72760    257.21711
      5.82985    469.17363    185.21243    283.96120
      5.83985    429.04532    205.42720    223.61812
      5.84985    402.33867    239.89297    162.44570
      5.85985    403.99081    211.56629    192.42452
      5.86985    496.29749    212.39061    283.90687
      5.87985    612.22189    248.57406    363.64783
      5.88985    524.01128    214.14478    309.86650
      5.89985    418.28841    188.92526    229.36316
      5.90985    364.92802    152.14911    212.77891
      5.91985    285.79866    135.66741    150.13125
      5.92985    175.82040    114.04610     61.77429
      5.93985     73.30031     58.43512     14.86519
      5.94985     17.22880     14.84781      2.38099
      5.95985     21.58662     17.76570      3.82092
      5.96985    123.42998     95.35073     28.07925
      5.97985    303.60848    212.13135     91.47713
      5.98985    351.76794    204.34895    147.41899
      5.99985    321.29125    161.53716    159.75409
      6.00985    301.04988    157.22450    143.82537
      6.01985    198.50023     86.22301    112.27722
      6.02985    113.22973     24.15325     89.07647
      6.03985     53.03720      5.84790     47.18930
      6.04985     12.06694      1.32487     10.74207
      6.05985      8.69107      4.59247      4.09860
      6.06985     64.00983     32.96269     31.04714
      6.07985    217.38398    102.07736    115.30662
      6.08985    319.60385    155.23335    164.37050
      6.09985    249.77585    155.64632     94.12953
      6.10985    191.13709    159.60877     31.52832
      6.11985    194.29908    173.03877     21.26030
      6.12985    155.08767    116.86950     38.21817
      6.13985    165.86402     68.34984     97.51418
      6.14985    288.27420    139.74905    148.52515
      6.15985    370.95518    242.13251    128.82267
      6.16985    371.02457    260.04187    110.98270
      6.17985    297.54546    189.69295    107.85251
      6.18985    223.00900    154.27809     68.73091
      6.19985    284.50452    235.48871     49.01582
      6.20985    272.53262    228.55396     43.97865
      6.21985    142.51582     99.41655     43.09927
      6.22985    120.91040     43.20822     77.70218
      6.23985    210.27987     98.49509    111.78478
      6.24985    319.34832    186.26855    133.07977
      6.25985    378.55464    240.34662    138.20802
      6.26985    352.04139    224.86439    127.17700
      6.27985    213.00783    133.10810     79.89973
      6.28985    163.48226    110.00658     53.47568
      6.29985    205.61314    125.72432     79.88882
      6.30985    187.19651    102.50546     84.69105
      6.31985    150.26302    103.03171     47.23132
      6.32985    153.87017    121.00777     32.86241
      6.33985    164.63619    105.22079     59.41539
      6.34985    274.37836    123.66675    150.71161
      6.35985    420.80408    183.61709    237.18699
      6.36985    396.28680    211.06398    185.22282
      6.37985    273.47139    193.46069     80.01070
      6.38985    167.17643    138.26568     28.91075
      6.39985    136.40129    103.94367     32.45762
      6.40985    181.70348    109.14825     72.55524
      6.41985    225.33717    138.51609     86.82108
      6.42985    197.97246    145.76710     52.20536
      6.43985    134.94191     99.57461     35.36730
      6.44985    156.97328     89.72835     67.24493
      6.45985    176.71930     89.81508     86.90421
      6.46985    203.68876    115.90499     87.78376
      6.47985    285.91629    163.13757    122.77962
      6.48985    277.40958    140.89679    136.56066
      6.49985    204.94628     94.91849    111.01576
      6.50985    247.54197    186.17990     69.37822
      6.51985    466.89870    442.78361     51.03012
      6.52985    531.90866    530.90497     42.30538
      6.53985    416.29414    401.03911     52.39275
      6.54985    475.04194    434.99903     80.70423
      6.55985    697.60006    688.50166     72.71052
      6.56985    824.31953    815.35676     82.58071
      6.57985    861.53194    808.28105    116.73339
      6.58985    821.27452    754.25292    120.15455
      6.59985    616.94834    567.51587     96.38764
      6.60985    385.79195    378.52452     46.06183
      6.61985    324.98127    327.09747     31.88482
      6.62985    450.21943    402.17375     85.06204
      6.63985    542.16857    447.89182    132.00752
      6.64985    481.51966    421.73592     94.78141
      6.65985    387.06574    387.06679     33.10391
      6.66985    384.67180    398.33127     20.71177
      6.67985    392.92670    370.48645     55.52607
      6.68985    381.79896    327.99471     81.11145
      6.69985    355.13377    331.42792     48.61654
      6.70985    353.46830    360.79857     20.49083
      6.71985    378.96129    359.32755     49.41650
      6.72985    433.61122    330.05239    132.38471
      6.73985    540.05715    369.12832    197.71261
      6.74985    538.95477    382.47779    177.63161
      6.75985    417.04818    344.69914     93.05366
      6.76985    348.61271    338.02294     36.54393
      6.77985    308.66692    318.15652     17.94487
      6.78985    284.62002    298.76092     11.28207
      6.79985    309.25422    307.86893     25.92694
      6.80985    383.81753    324.92170     82.07922
      6.81985    449.26146    324.82964    142.08271
      6.82985    427.86016    307.55348    139.04982
      6.83985    320.78678    253.32387     89.40098
      6.84985    233.70178    208.02523     46.72899
      6.85985    290.37777    248.38621     64.80270
      6.86985    317.80610    259.45046     78.47650
      6.87985    265.58316    249.33385     37.80038
      6.88985    204.35521    215.59426      8.77844
      6.89985    203.47382    213.57303      6.86626
      6.90985    251.40925    252.62248     18.77109
      6.91985    319.12705    260.79701     77.20784
      6.92985    464.72091    289.89798    190.57523
      6.93985    474.33472    265.42079    219.10530
      6.94985    274.00458    149.62053    128.13834
      6.95985    227.56074    144.25907     88.87412
      6.96985    378.82124    310.66426     85.21049
      6.97985    456.48769    439.32861     43.00468
      6.98985    375.45083    384.44274     13.44998
      6.99985    261.52343    265.75484     13.80267
      7.00985    290.28578    251.74632     58.21701
      7.01985    388.69589    270.71447    134.32800
      7.02985    379.23906    245.68734    141.98858
      7.03985    279.96353    220.61322     70.05508
      7.04985    212.12950    215.13542     16.64723
      7.05985    137.17719    140.16940     11.90121
      7.06985     94.30734     53.67957     45.42960
      7.07985    168.18004     92.94031     80.28914
      7.08985    338.20296    264.62540     87.41479
      7.09985    488.35451    394.38260    115.89276
      7.10985    483.28717    372.14352    136.99120
      7.11985    373.87624    259.32666    133.26576
      7.12985    292.08320    177.37280    123.74731
      7.13985    324.29745    235.00719    104.32627
      7.14985    348.66437    292.02961     79.13475
      7.15985    234.10816    207.94131     39.30380
      7.16985    170.22785    129.29691     45.84936
      7.17985    274.98302    180.41902    104.21437
      7.18985    346.37342    242.31272    121.68819
      7.19985    258.81085    206.51530     67.68926
      7.20985    176.78593    140.36565     42.70329
      7.21985    160.18427     83.93797     77.34741
      7.22985    184.22363     73.70018    110.63437
      7.23985    242.38191    117.24008    125.82669
      7.24985    314.75708    198.26306    121.60952
      7.25985    410.30111    302.64760    123.06068
      7.26985    459.87628    342.66790    138.22474
      7.27985    411.00001    302.60095    124.37641
      7.28985    319.67112    257.54211     74.85228
      7.29985    391.87037    331.32309     78.75956
      7.30985    611.31640    458.27485    172.89829
      7.31985    696.44523    468.86426    240.01352
      7.32985    542.34014    350.79371    199.21582
      7.33985    425.29216    251.20992    186.05324
      7.34985    433.42993    246.18187    203.17905
      7.35985    351.10138    228.00729    137.35540
      7.36985    218.81026    141.82769     84.61172
      7.37985    162.04805     78.91614     86.21206
      7.38985    218.69812    136.77644     88.11991
      7.39985    356.75428    288.77616     79.29176
      7.40985    438.62145    353.77093     97.27359
      7.41985    377.59604    259.86101    128.09640
      7.42985    301.07100    149.75955    155.90765
      7.43985    296.91645    119.18687    178.54666
      7.44985    224.26514     80.08780    144.23384
      7.45985    148.76193     64.07253     84.76238
      7.46985    228.80899    156.80276     72.84470
      7.47985    403.02478    308.12059     98.68235
      7.48985    455.20287    364.19881     98.26854
      7.49985    313.14791    262.85958     58.00330
      7.50985    190.82065    133.70211     62.40229
      7.51985    206.46442     80.78504    127.51783
      7.52985    314.37614    135.87789    178.76266
      7.53985    426.67632    230.09111    196.70892
      7.54985    404.68566    245.25973    160.45003
      7.55985    299.87270    224.29324     80.35951
      7.56985    336.72872    310.16524     40.92988
      7.57985    476.59703    427.79492     72.95776
      7.58985    439.63627    338.13808    120.49144
      7.59985    390.82953    219.95747    182.37358
      7.60985    469.55355    220.03905    261.97029
      7.61985    504.61928    245.89341    273.99944
      7.62985    426.40733    249.42179    190.98828
      7.63985    298.23684    221.43103     88.17716
      7.64985    207.63645    180.13688     35.34392
      7.65985    177.47849    158.86265     26.27159
      7.66985    221.28785    172.70440     61.39545
      7.67985    272.55726    188.09179     96.44792
      7.68985    269.46028    185.90886     93.60912
      7.69985    204.27113    139.65975     73.65265
      7.70985    216.52471    107.70455    114.13411
      7.71985    294.66928    147.48310    154.96585
      7.72985    253.11591    167.56229     98.05932
      7.73985    208.04184    153.10029     63.37413
      7.74985    227.46556    169.92641     62.65852
      7.75985    239.99361    204.88515     43.27305
      7.76985    201.86322    167.27009     41.84215
      7.77985    121.49328     78.73552     45.17042
      7.78985     50.00173     25.32287     25.00307
      7.79985     54.85358     28.23471     27.15886
      7.80985    166.00572    101.50543     68.05801
      7.81985    268.24172    182.69859     94.58378
      7.82985    296.88100    197.63332    109.33867
      7.83985    320.42964    217.16504    112.22366
      7.84985    267.53184    185.84422     88.97330
      7.85985    186.88208    108.61764     81.11558
      7.86985    155.01489     98.08787     57.35276
      7.87985    131.73832    102.33005     29.43176
      7.88985    111.67218     83.49081     28.18185
      7.89985    103.58233     51.78554     51.79692
      7.90985    130.90658     57.43570     73.47882
      7.91985    129.88553     83.28853     46.77720
      7.92985     87.10216     75.61972     12.98616
      7.93985     88.41269     90.09405      2.93527
      7.94985    133.33174    128.42930     10.13656
      7.95985    223.37995    185.76891     40.18863
      7.96985    393.74160    299.55556     97.58551
      7.97985    542.12319    402.41653    148.32227
      7.98985    484.24488    337.73219    155.57916
      7.99985    366.11512    236.61273    133.31950
      8.00985    283.74780    216.87474     68.13932
      8.01985    191.18116    173.19568     18.98194
      8.02985     97.87321     93.16233      6.94639
      8.03985    110.65513     95.44310     21.78252
      8.04985    203.48803    153.06325     59.38627
      8.05985    244.57930    188.01363     62.91020
      8.06985    166.86353    143.16192     26.52535
      8.07985     60.65360     55.07675      6.23628
      8.08985     45.73918     37.53908      8.26390
      8.09985    101.03733     82.26339     18.77628
      8.10985    158.77513    132.99941     25.77580
      8.11985    183.67177    149.63620     34.03924
      8.12985    163.12155    109.18647     54.03800
      8.13985    199.57729    107.06257     93.57824
      8.14985    288.79353    181.12599    111.71640
      8.15985    386.71351    287.77561    104.68854
      8.16985    370.33173    304.05637     69.67923
      8.17985    258.48776    212.83566     47.11510
      8.18985    230.56122    133.22294     97.99518
      8.19985    266.42947    106.19747    160.45354
      8.20985    279.04934    108.86679    171.16392
      8.21985    364.43096    183.18902    186.38463
      8.22985    416.99723    260.98426    166.46888
      8.23985    270.62073    197.73154     83.71794
      8.24985    198.41742    161.78289     48.80282
      8.25985    291.12571    222.39060     79.48402
      8.26985    376.34322    278.77503    101.58162
      8.27985    354.67508    267.91472     87.52622
      8.28985    286.63293    217.53800     70.34869
      8.29985    239.84805    189.48835     53.00837
      8.30985    219.27315    181.64879     39.81915
      8.31985    193.49132    162.56546     31.72219
      8.32985    154.97697    128.78197     26.49514
      8.33985    163.54669    118.90867     46.24986
      8.34985    172.17782    126.43649     52.61773
