Energy-E_F (eV)    DOS (1/eV)    PDOS (1/eV)  of atom type C  H  
     -4.99000     79.77278     60.26958     19.50320
     -4.98000     49.35323     37.28714     12.06610
     -4.97000     11.23264      8.48644      2.74621
     -4.96000      0.94049      0.71055      0.22993
     -4.95000      0.02897      0.02189      0.00708
     -4.94000      0.00033      0.00025      0.00008
     -4.93000      0.00000      0.00000      0.00000
     -4.92000      0.00000      0.00000      0.00000
     -4.91000      0.00000      0.00000      0.00000
     -4.90000      0.00000      0.00000      0.00000
     -4.89000      0.00000      0.00000      0.00000
     -4.88000      0.00000      0.00000      0.00000
     -4.87000      0.00000      0.00000      0.00000
     -4.86000      0.00000      0.00000      0.00000
     -4.85000      0.00000      0.00000      0.00000
     -4.84000      0.00000      0.00000      0.00000
     -4.83000      0.00000      0.00000      0.00000
     -4.82000      0.00000      0.00000      0.00000
     -4.81000      0.00000      0.00000      0.00000
     -4.80000      0.00000      0.00000      0.00000
     -4.79000      0.00000      0.00000      0.00000
     -4.78000      0.00000      0.00000      0.00000
     -4.77000      0.00000      0.00000      0.00000
     -4.76000      0.00000      0.00000      0.00000
     -4.75000      0.00000      0.00000      0.00000
     -4.74000      0.00000      0.00000      0.00000
     -4.73000      0.00000      0.00000      0.00000
     -4.72000      0.00000      0.00000      0.00000
     -4.71000      0.00000      0.00000      0.00000
     -4.70000      0.00000      0.00000      0.00000
     -4.69000      0.00000      0.00000      0.00000
     -4.68000      0.00000      0.00000      0.00000
     -4.67000      0.00000      0.00000      0.00000
     -4.66000      0.00000      0.00000      0.00000
     -4.65000      0.00000      0.00000      0.00000
     -4.64000      0.00000      0.00000      0.00000
     -4.63000      0.00000      0.00000      0.00000
     -4.62000      0.00000      0.00000      0.00000
     -4.61000      0.00000      0.00000      0.00000
     -4.60000      0.00000      0.00000      0.00000
     -4.59000      0.00000      0.00000      0.00000
     -4.58000      0.00000      0.00000      0.00000
     -4.57000      0.00000      0.00000      0.00000
     -4.56000      0.00000      0.00000      0.00000
     -4.55000      0.00000      0.00000      0.00000
     -4.54000      0.00000      0.00000      0.00000
     -4.53000      0.00000      0.00000      0.00000
     -4.52000      0.00000      0.00000      0.00000
     -4.51000      0.00000      0.00000      0.00000
     -4.50000      0.00000      0.00000      0.00000
     -4.49000      0.00978      0.00898      0.00080
     -4.48000      0.41355      0.37956      0.03398
     -4.47000      6.43143      5.90292      0.52850
     -4.46000     36.79570     33.77202      3.02369
     -4.45000     77.44482     71.08080      6.36403
     -4.44000     59.96436     55.03679      4.92757
     -4.43000     17.08046     15.67687      1.40359
     -4.42000      1.78983      1.64275      0.14708
     -4.41000      0.07053      0.06439      0.00613
     -4.40000      0.09917      0.06933      0.02985
     -4.39000      2.31600      1.61396      0.70204
     -4.38000     20.09549     14.00399      6.09149
     -4.37000     64.14511     44.70097     19.44414
     -4.36000     75.32413     52.49132     22.83281
     -4.35000     32.53945     22.67585      9.86360
     -4.34000      5.17121      3.60367      1.56753
     -4.33000      0.30233      0.21068      0.09164
     -4.32000      0.00650      0.00453      0.00197
     -4.31000      0.00000      0.00000      0.00000
     -4.30000      0.00000      0.00000      0.00000
     -4.29000      0.00000      0.00000      0.00000
     -4.28000      0.00000      0.00000      0.00000
     -4.27000      0.00000      0.00000      0.00000
     -4.26000      0.00000      0.00000      0.00000
     -4.25000      0.00000      0.00000      0.00000
     -4.24000      0.00000      0.00000      0.00000
     -4.23000      0.00000      0.00000      0.00000
     -4.22000      0.00000      0.00000      0.00000
     -4.21000      0.00000      0.00000      0.00000
     -4.20000      0.00000      0.00000      0.00000
     -4.19000      0.00000      0.00000      0.00000
     -4.18000      0.00000      0.00000      0.00000
     -4.17000      0.00000      0.00000      0.00000
     -4.16000      0.00000      0.00000      0.00000
     -4.15000      0.00000      0.00000      0.00000
     -4.14000      0.00000      0.00000      0.00000
     -4.13000      0.00000      0.00000      0.00000
     -4.12000      0.00000      0.00000      0.00000
     -4.11000      0.00000      0.00000      0.00000
     -4.10000      0.00000      0.00000      0.00000
     -4.09000      0.00000      0.00000      0.00000
     -4.08000      0.00000      0.00000      0.00000
     -4.07000      0.00000      0.00000      0.00000
     -4.06000      0.00000      0.00000      0.00000
     -4.05000      0.00000      0.00000      0.00000
     -4.04000      0.00000      0.00000      0.00000
     -4.03000      0.00000      0.00000      0.00000
     -4.02000      0.01648      0.01096      0.00553
     -4.01000      0.61510      0.40892      0.20618
     -4.00000      8.44382      5.61347      2.83035
     -3.99000     42.64210     28.34858     14.29352
     -3.98000     79.22166     52.66677     26.55489
     -3.97000     54.14455     35.99544     18.14911
     -3.96000     13.61354      9.05032      4.56322
     -3.95000      1.25919      0.83712      0.42208
     -3.94000      0.04285      0.02848      0.01436
     -3.93000      0.00054      0.00036      0.00018
     -3.92000      0.00000      0.00000      0.00000
     -3.91000      0.00000      0.00000      0.00000
     -3.90000      0.00000      0.00000      0.00000
     -3.89000      0.00000      0.00000      0.00000
     -3.88000      0.00000      0.00000      0.00000
     -3.87000      0.00000      0.00000      0.00000
     -3.86000      0.00000      0.00000      0.00000
     -3.85000      0.00000      0.00000      0.00000
     -3.84000      0.00000      0.00000      0.00000
     -3.83000      0.00000      0.00000      0.00000
     -3.82000      0.00000      0.00000      0.00000
     -3.81000      0.00000      0.00000      0.00000
     -3.80000      0.00000      0.00000      0.00000
     -3.79000      0.00000      0.00000      0.00000
     -3.78000      0.00000      0.00000      0.00000
     -3.77000      0.00000      0.00000      0.00000
     -3.76000      0.00000      0.00000      0.00000
     -3.75000      0.00000      0.00000      0.00000
     -3.74000      0.00000      0.00000      0.00000
     -3.73000      0.00000      0.00000      0.00000
     -3.72000      0.00000      0.00000      0.00000
     -3.71000      0.00000      0.00000      0.00000
     -3.70000      0.00000      0.00000      0.00000
     -3.69000      0.00000      0.00000      0.00000
     -3.68000      0.00000      0.00000      0.00000
     -3.67000      0.00000      0.00000      0.00000
     -3.66000      0.00000      0.00000      0.00000
     -3.65000      0.00000      0.00000      0.00000
     -3.64000      0.00000      0.00000      0.00000
     -3.63000      0.00000      0.00000      0.00000
     -3.62000      0.00000      0.00000      0.00000
     -3.61000      0.00000      0.00000      0.00000
     -3.60000      0.00000      0.00000      0.00000
     -3.59000      0.00000      0.00000      0.00000
     -3.58000      0.00000      0.00000      0.00000
     -3.57000      0.00000      0.00000      0.00000
     -3.56000      0.00000      0.00000      0.00000
     -3.55000      0.00000      0.00000      0.00000
     -3.54000      0.00000      0.00000      0.00000
     -3.53000      0.00000      0.00000      0.00000
     -3.52000      0.00000      0.00000      0.00000
     -3.51000      0.00000      0.00000      0.00000
     -3.50000      0.00000      0.00000      0.00000
     -3.49000      0.00000      0.00000      0.00000
     -3.48000      0.00000      0.00000      0.00000
     -3.47000      0.00000      0.00000      0.00000
     -3.46000      0.00000      0.00000      0.00000
     -3.45000      0.01609      0.01542      0.00067
     -3.44000      0.60394      0.57885      0.02509
     -3.43000      8.33942      7.99291      0.34650
     -3.42000     42.36247     40.60230      1.76017
     -3.41000     79.16487     75.87555      3.28932
     -3.40000     54.42384     52.16251      2.26132
     -3.39000     13.76421     13.19231      0.57191
     -3.38000      1.28062      1.22741      0.05321
     -3.37000      0.04383      0.04201      0.00182
     -3.36000      0.00055      0.00053      0.00002
     -3.35000      0.00000      0.00000      0.00000
     -3.34000      0.00000      0.00000      0.00000
     -3.33000      0.00000      0.00000      0.00000
     -3.32000      0.00000      0.00000      0.00000
     -3.31000      0.00000      0.00000      0.00000
     -3.30000      0.00000      0.00000      0.00000
     -3.29000      0.00000      0.00000      0.00000
     -3.28000      0.00000      0.00000      0.00000
     -3.27000      0.00000      0.00000      0.00000
     -3.26000      0.00000      0.00000      0.00000
     -3.25000      0.00000      0.00000      0.00000
     -3.24000      0.00033      0.00023      0.00010
     -3.23000      0.02916      0.02034      0.00883
     -3.22000      0.94519      0.65912      0.28607
     -3.21000     11.26990      7.85897      3.41092
     -3.20000     49.43415     34.47252     14.96164
     -3.19000     79.77003     55.62700     24.14303
     -3.18000     47.35413     33.02203     14.33210
     -3.17000     10.34145      7.21153      3.12992
     -3.16000      0.83083      0.57937      0.25146
     -3.15000      0.02456      0.01712      0.00743
     -3.14000      0.00000      0.00000      0.00000
     -3.13000      0.00000      0.00000      0.00000
     -3.12000      0.00000      0.00000      0.00000
     -3.11000      0.00000      0.00000      0.00000
     -3.10000      0.00000      0.00000      0.00000
     -3.09000      0.00000      0.00000      0.00000
     -3.08000      0.00000      0.00000      0.00000
     -3.07000      0.00000      0.00000      0.00000
     -3.06000      0.00000      0.00000      0.00000
     -3.05000      0.00000      0.00000      0.00000
     -3.04000      0.00000      0.00000      0.00000
     -3.03000      0.00000      0.00000      0.00000
     -3.02000      0.00000      0.00000      0.00000
     -3.01000      0.00000      0.00000      0.00000
     -3.00000      0.00000      0.00000      0.00000
     -2.99000      0.00000      0.00000      0.00000
     -2.98000      0.00000      0.00000      0.00000
     -2.97000      0.00000      0.00000      0.00000
     -2.96000      0.00000      0.00000      0.00000
     -2.95000      0.00000      0.00000      0.00000
     -2.94000      0.00000      0.00000      0.00000
     -2.93000      0.00000      0.00000      0.00000
     -2.92000      0.00000      0.00000      0.00000
     -2.91000      0.00000      0.00000      0.00000
     -2.90000      0.00000      0.00000      0.00000
     -2.89000      0.00000      0.00000      0.00000
     -2.88000      0.00000      0.00000      0.00000
     -2.87000      0.01635      0.01466      0.00169
     -2.86000      0.61128      0.54806      0.06322
     -2.85000      8.40814      7.53852      0.86961
     -2.84000     42.54680     38.14639      4.40041
     -2.83000     79.20261     71.01108      8.19154
     -2.82000     54.23975     48.63000      5.60975
     -2.81000     13.66474     12.25146      1.41328
     -2.80000      1.26646      1.13547      0.13098
     -2.79000      0.04318      0.03871      0.00447
     -2.78000      0.00054      0.00049      0.00006
     -2.77000      0.00000      0.00000      0.00000
     -2.76000      0.00000      0.00000      0.00000
     -2.75000      0.00000      0.00000      0.00000
     -2.74000      0.00000      0.00000      0.00000
     -2.73000      0.00000      0.00000      0.00000
     -2.72000      0.00000      0.00000      0.00000
     -2.71000      0.00000      0.00000      0.00000
     -2.70000      0.00000      0.00000      0.00000
     -2.69000      0.00000      0.00000      0.00000
     -2.68000      0.00000      0.00000      0.00000
     -2.67000      0.00000      0.00000      0.00000
     -2.66000      0.00000      0.00000      0.00000
     -2.65000      0.00000      0.00000      0.00000
     -2.64000      0.00000      0.00000      0.00000
     -2.63000      0.00000      0.00000      0.00000
     -2.62000      0.00000      0.00000      0.00000
     -2.61000      0.00000      0.00000      0.00000
     -2.60000      0.00000      0.00000      0.00000
     -2.59000      0.00000      0.00000      0.00000
     -2.58000      0.00000      0.00000      0.00000
     -2.57000      0.00000      0.00000      0.00000
     -2.56000      0.00000      0.00000      0.00000
     -2.55000      0.00000      0.00000      0.00000
     -2.54000      0.00000      0.00000      0.00000
     -2.53000      0.00000      0.00000      0.00000
     -2.52000      0.00000      0.00000      0.00000
     -2.51000      0.00000      0.00000      0.00000
     -2.50000      0.00869      0.00721      0.00148
     -2.49000      0.37772      0.31333      0.06440
     -2.48000      6.03999      5.01027      1.02972
     -2.47000     35.53063     29.47324      6.05739
     -2.46000     76.89098     63.78232     13.10866
     -2.45000     61.21438     50.77832     10.43605
     -2.44000     17.92821     14.87174      3.05647
     -2.43000      1.93164      1.60233      0.32931
     -2.42000      0.07656      0.06351      0.01305
     -2.41000      0.00112      0.00093      0.00019
     -2.40000      0.00000      0.00000      0.00000
     -2.39000      0.00000      0.00000      0.00000
     -2.38000      0.00000      0.00000      0.00000
     -2.37000      0.00000      0.00000      0.00000
     -2.36000      0.00000      0.00000      0.00000
     -2.35000      0.00000      0.00000      0.00000
     -2.34000      0.00000      0.00000      0.00000
     -2.33000      0.00000      0.00000      0.00000
     -2.32000      0.00000      0.00000      0.00000
     -2.31000      0.00000      0.00000      0.00000
     -2.30000      0.00000      0.00000      0.00000
     -2.29000      0.00000      0.00000      0.00000
     -2.28000      0.00000      0.00000      0.00000
     -2.27000      0.00000      0.00000      0.00000
     -2.26000      0.00000      0.00000      0.00000
     -2.25000      0.00000      0.00000      0.00000
     -2.24000      0.00000      0.00000      0.00000
     -2.23000      0.00000      0.00000      0.00000
     -2.22000      0.00000      0.00000      0.00000
     -2.21000      0.00000      0.00000      0.00000
     -2.20000      0.00000      0.00000      0.00000
     -2.19000      0.00000      0.00000      0.00000
     -2.18000      0.00000      0.00000      0.00000
     -2.17000      0.00000      0.00000      0.00000
     -2.16000      0.00000      0.00000      0.00000
     -2.15000      0.00000      0.00000      0.00000
     -2.14000      0.00000      0.00000      0.00000
     -2.13000      0.00000      0.00000      0.00000
     -2.12000      0.00000      0.00000      0.00000
     -2.11000      0.00000      0.00000      0.00000
     -2.10000      0.00000      0.00000      0.00000
     -2.09000      0.00000      0.00000      0.00000
     -2.08000      0.00000      0.00000      0.00000
     -2.07000      0.00000      0.00000      0.00000
     -2.06000      0.00000      0.00000      0.00000
     -2.05000      0.00000      0.00000      0.00000
     -2.04000      0.00000      0.00000      0.00000
     -2.03000      0.00000      0.00000      0.00000
     -2.02000      0.00000      0.00000      0.00000
     -2.01000      0.00000      0.00000      0.00000
     -2.00000      0.00000      0.00000      0.00000
     -1.99000      0.00000      0.00000      0.00000
     -1.98000      0.00000      0.00000      0.00000
     -1.97000      0.00000      0.00000      0.00000
     -1.96000      0.00000      0.00000      0.00000
     -1.95000      0.00000      0.00000      0.00000
     -1.94000      0.00000      0.00000      0.00000
     -1.93000      0.00000      0.00000      0.00000
     -1.92000      0.00000      0.00000      0.00000
     -1.91000      0.00000      0.00000      0.00000
     -1.90000      0.00000      0.00000      0.00000
     -1.89000      0.00000      0.00000      0.00000
     -1.88000      0.00000      0.00000      0.00000
     -1.87000      0.00000      0.00000      0.00000
     -1.86000      0.00000      0.00000      0.00000
     -1.85000      0.00000      0.00000      0.00000
     -1.84000      0.00000      0.00000      0.00000
     -1.83000      0.00000      0.00000      0.00000
     -1.82000      0.00000      0.00000      0.00000
     -1.81000      0.00000      0.00000      0.00000
     -1.80000      0.00000      0.00000      0.00000
     -1.79000      0.00000      0.00000      0.00000
     -1.78000      0.00000      0.00000      0.00000
     -1.77000      0.00000      0.00000      0.00000
     -1.76000      0.00000      0.00000      0.00000
     -1.75000      0.00000      0.00000      0.00000
     -1.74000      0.00000      0.00000      0.00000
     -1.73000      0.00000      0.00000      0.00000
     -1.72000      0.00000      0.00000      0.00000
     -1.71000      0.00000      0.00000      0.00000
     -1.70000      0.00000      0.00000      0.00000
     -1.69000      0.00000      0.00000      0.00000
     -1.68000      0.00000      0.00000      0.00000
     -1.67000      0.00000      0.00000      0.00000
     -1.66000      0.00000      0.00000      0.00000
     -1.65000      0.00000      0.00000      0.00000
     -1.64000      0.00000      0.00000      0.00000
     -1.63000      0.00000      0.00000      0.00000
     -1.62000      0.00000      0.00000      0.00000
     -1.61000      0.00000      0.00000      0.00000
     -1.60000      0.00000      0.00000      0.00000
     -1.59000      0.00000      0.00000      0.00000
     -1.58000      0.00000      0.00000      0.00000
     -1.57000      0.00000      0.00000      0.00000
     -1.56000      0.00000      0.00000      0.00000
     -1.55000      0.00000      0.00000      0.00000
     -1.54000      0.00000      0.00000      0.00000
     -1.53000      0.00000      0.00000      0.00000
     -1.52000      0.00000      0.00000      0.00000
     -1.51000      0.00000      0.00000      0.00000
     -1.50000      0.00000      0.00000      0.00000
     -1.49000      0.00000      0.00000      0.00000
     -1.48000      0.00000      0.00000      0.00000
     -1.47000      0.00000      0.00000      0.00000
     -1.46000      0.00000      0.00000      0.00000
     -1.45000      0.00000      0.00000      0.00000
     -1.44000      0.00000      0.00000      0.00000
     -1.43000      0.00000      0.00000      0.00000
     -1.42000      0.00000      0.00000      0.00000
     -1.41000      0.00000      0.00000      0.00000
     -1.40000      0.00000      0.00000      0.00000
     -1.39000      0.00000      0.00000      0.00000
     -1.38000      0.00000      0.00000      0.00000
     -1.37000      0.00000      0.00000      0.00000
     -1.36000      0.00000      0.00000      0.00000
     -1.35000      0.00000      0.00000      0.00000
     -1.34000      0.00000      0.00000      0.00000
     -1.33000      0.00000      0.00000      0.00000
     -1.32000      0.00000      0.00000      0.00000
     -1.31000      0.00000      0.00000      0.00000
     -1.30000      0.00000      0.00000      0.00000
     -1.29000      0.00000      0.00000      0.00000
     -1.28000      0.00000      0.00000      0.00000
     -1.27000      0.00000      0.00000      0.00000
     -1.26000      0.00000      0.00000      0.00000
     -1.25000      0.00000      0.00000      0.00000
     -1.24000      0.00000      0.00000      0.00000
     -1.23000      0.00000      0.00000      0.00000
     -1.22000      0.00000      0.00000      0.00000
     -1.21000      0.00000      0.00000      0.00000
     -1.20000      0.00000      0.00000      0.00000
     -1.19000      0.00000      0.00000      0.00000
     -1.18000      0.00000      0.00000      0.00000
     -1.17000      0.00000      0.00000      0.00000
     -1.16000      0.00000      0.00000      0.00000
     -1.15000      0.00000      0.00000      0.00000
     -1.14000      0.00000      0.00000      0.00000
     -1.13000      0.00000      0.00000      0.00000
     -1.12000      0.00000      0.00000      0.00000
     -1.11000      0.00000      0.00000      0.00000
     -1.10000      0.00000      0.00000      0.00000
     -1.09000      0.00000      0.00000      0.00000
     -1.08000      0.00000      0.00000      0.00000
     -1.07000      0.00000      0.00000      0.00000
     -1.06000      0.00000      0.00000      0.00000
     -1.05000      0.00000      0.00000      0.00000
     -1.04000      0.00000      0.00000      0.00000
     -1.03000      0.00000      0.00000      0.00000
     -1.02000      0.00000      0.00000      0.00000
     -1.01000      0.00000      0.00000      0.00000
     -1.00000      0.00000      0.00000      0.00000
     -0.99000      0.00000      0.00000      0.00000
     -0.98000      0.00000      0.00000      0.00000
     -0.97000      0.00000      0.00000      0.00000
     -0.96000      0.00000      0.00000      0.00000
     -0.95000      0.00000      0.00000      0.00000
     -0.94000      0.00000      0.00000      0.00000
     -0.93000      0.00000      0.00000      0.00000
     -0.92000      0.00000      0.00000      0.00000
     -0.91000      0.00000      0.00000      0.00000
     -0.90000      0.00000      0.00000      0.00000
     -0.89000      0.00000      0.00000      0.00000
     -0.88000      0.00000      0.00000      0.00000
     -0.87000      0.00000      0.00000      0.00000
     -0.86000      0.00000      0.00000      0.00000
     -0.85000      0.00000      0.00000      0.00000
     -0.84000      0.00000      0.00000      0.00000
     -0.83000      0.00000      0.00000      0.00000
     -0.82000      0.00000      0.00000      0.00000
     -0.81000      0.00000      0.00000      0.00000
     -0.80000      0.00000      0.00000      0.00000
     -0.79000      0.00000      0.00000      0.00000
     -0.78000      0.00000      0.00000      0.00000
     -0.77000      0.00000      0.00000      0.00000
     -0.76000      0.00000      0.00000      0.00000
     -0.75000      0.00000      0.00000      0.00000
     -0.74000      0.00000      0.00000      0.00000
     -0.73000      0.00000      0.00000      0.00000
     -0.72000      0.00000      0.00000      0.00000
     -0.71000      0.00000      0.00000      0.00000
     -0.70000      0.00000      0.00000      0.00000
     -0.69000      0.00000      0.00000      0.00000
     -0.68000      0.00000      0.00000      0.00000
     -0.67000      0.00000      0.00000      0.00000
     -0.66000      0.00000      0.00000      0.00000
     -0.65000      0.00097      0.00092      0.00005
     -0.64000      0.06876      0.06515      0.00361
     -0.63000      1.78540      1.69169      0.09371
     -0.62000     17.05351     16.15840      0.89511
     -0.61000     59.92360     56.77832      3.14528
     -0.60000     77.46180     73.39597      4.06583
     -0.59000     36.83688     34.90338      1.93350
     -0.58000      6.44442      6.10616      0.33826
     -0.57000      0.41475      0.39298      0.02177
     -0.56000      0.00982      0.00930      0.00052
     -0.55000      0.00000      0.00000      0.00000
     -0.54000      0.00000      0.00000      0.00000
     -0.53000      0.00000      0.00000      0.00000
     -0.52000      0.00000      0.00000      0.00000
     -0.51000      0.00000      0.00000      0.00000
     -0.50000      0.00074      0.00072      0.00003
     -0.49000      0.05556      0.05354      0.00201
     -0.48000      1.52607      1.47074      0.05533
     -0.47000     15.42153     14.86242      0.55911
     -0.46000     57.33069     55.25215      2.07854
     -0.45000     78.40657     75.56393      2.84265
     -0.44000     39.44785     38.01766      1.43019
     -0.43000      7.30129      7.03658      0.26471
     -0.42000      0.49714      0.47912      0.01802
     -0.41000      0.01245      0.01200      0.00045
     -0.40000      0.00000      0.00000      0.00000
     -0.39000      0.00000      0.00000      0.00000
     -0.38000      0.00000      0.00000      0.00000
     -0.37000      0.00000      0.00000      0.00000
     -0.36000      0.00000      0.00000      0.00000
     -0.35000      0.00000      0.00000      0.00000
     -0.34000      0.00000      0.00000      0.00000
     -0.33000      0.00000      0.00000      0.00000
     -0.32000      0.00000      0.00000      0.00000
     -0.31000      0.00000      0.00000      0.00000
     -0.30000      0.00000      0.00000      0.00000
     -0.29000      0.00000      0.00000      0.00000
     -0.28000      0.00000      0.00000      0.00000
     -0.27000      0.00000      0.00000      0.00000
     -0.26000      0.00000      0.00000      0.00000
     -0.25000      0.00000      0.00000      0.00000
     -0.24000      0.00000      0.00000      0.00000
     -0.23000      0.00000      0.00000      0.00000
     -0.22000      0.00000      0.00000      0.00000
     -0.21000      0.00000      0.00000      0.00000
     -0.20000      0.00000      0.00000      0.00000
     -0.19000      0.00000      0.00000      0.00000
     -0.18000      0.00000      0.00000      0.00000
     -0.17000      0.00000      0.00000      0.00000
     -0.16000      0.00000      0.00000      0.00000
     -0.15000      0.02154      0.01963      0.00191
     -0.14000      0.75284      0.68614      0.06670
     -0.13000      9.67974      8.82219      0.85756
     -0.12000     45.78606     41.72974      4.05632
     -0.11000     79.67245     72.61404      7.05841
     -0.10000     51.00216     46.48373      4.51843
     -0.09000     12.01087     10.94679      1.06408
     -0.08000      1.04056      0.94837      0.09219
     -0.07000      0.03316      0.03023      0.00294
     -0.06000      0.00039      0.00035      0.00003
     -0.05000      0.00030      0.00022      0.00007
     -0.04000      0.02677      0.02018      0.00659
     -0.03000      0.88637      0.66821      0.21816
     -0.02000     10.79819      8.14050      2.65769
     -0.01000     48.39414     36.48319     11.91096
      0.00000     79.78846     60.15060     19.63785
      0.01000     48.39414     36.48319     11.91096
      0.02000     10.79819      8.14050      2.65769
      0.03000      0.88637      0.66821      0.21816
      0.04000      0.02677      0.02018      0.00659
      0.05000      0.00000      0.00000      0.00000
      0.06000      0.00000      0.00000      0.00000
      0.07000      0.00000      0.00000      0.00000
      0.08000      0.00000      0.00000      0.00000
      0.09000      0.00000      0.00000      0.00000
      0.10000      0.00000      0.00000      0.00000
      0.11000      0.00000      0.00000      0.00000
      0.12000      0.00000      0.00000      0.00000
      0.13000      0.00000      0.00000      0.00000
      0.14000      0.00000      0.00000      0.00000
      0.15000      0.00000      0.00000      0.00000
      0.16000      0.00000      0.00000      0.00000
      0.17000      0.00000      0.00000      0.00000
      0.18000      0.00000      0.00000      0.00000
      0.19000      0.00000      0.00000      0.00000
      0.20000      0.00000      0.00000      0.00000
      0.21000      0.00000      0.00000      0.00000
      0.22000      0.00000      0.00000      0.00000
      0.23000      0.00000      0.00000      0.00000
      0.24000      0.00000      0.00000      0.00000
      0.25000      0.00000      0.00000      0.00000
      0.26000      0.00000      0.00000      0.00000
      0.27000      0.00000      0.00000      0.00000
      0.28000      0.00000      0.00000      0.00000
      0.29000      0.00000      0.00000      0.00000
      0.30000      0.00000      0.00000      0.00000
      0.31000      0.00000      0.00000      0.00000
      0.32000      0.00000      0.00000      0.00000
      0.33000      0.00000      0.00000      0.00000
      0.34000      0.00000      0.00000      0.00000
      0.35000      0.00000      0.00000      0.00000
      0.36000      0.00000      0.00000      0.00000
      0.37000      0.00000      0.00000      0.00000
      0.38000      0.00000      0.00000      0.00000
      0.39000      0.00000      0.00000      0.00000
      0.40000      0.00000      0.00000      0.00000
      0.41000      0.00000      0.00000      0.00000
      0.42000      0.00000      0.00000      0.00000
      0.43000      0.00000      0.00000      0.00000
      0.44000      0.00000      0.00000      0.00000
      0.45000      0.00000      0.00000      0.00000
      0.46000      0.00000      0.00000      0.00000
      0.47000      0.00000      0.00000      0.00000
      0.48000      0.00000      0.00000      0.00000
      0.49000      0.00000      0.00000      0.00000
      0.50000      0.00000      0.00000      0.00000
      0.51000      0.00000      0.00000      0.00000
      0.52000      0.00000      0.00000      0.00000
      0.53000      0.00000      0.00000      0.00000
      0.54000      0.00000      0.00000      0.00000
      0.55000      0.00000      0.00000      0.00000
      0.56000      0.00000      0.00000      0.00000
      0.57000      0.00000      0.00000      0.00000
      0.58000      0.00000      0.00000      0.00000
      0.59000      0.00000      0.00000      0.00000
      0.60000      0.00000      0.00000      0.00000
      0.61000      0.00000      0.00000      0.00000
      0.62000      0.00000      0.00000      0.00000
      0.63000      0.00000      0.00000      0.00000
      0.64000      0.00000      0.00000      0.00000
      0.65000      0.00000      0.00000      0.00000
      0.66000      0.00000      0.00000      0.00000
      0.67000      0.00000      0.00000      0.00000
      0.68000      0.00000      0.00000      0.00000
      0.69000      0.00000      0.00000      0.00000
      0.70000      0.00000      0.00000      0.00000
      0.71000      0.00000      0.00000      0.00000
      0.72000      0.00000      0.00000      0.00000
      0.73000      0.00000      0.00000      0.00000
      0.74000      0.00000      0.00000      0.00000
      0.75000      0.00000      0.00000      0.00000
      0.76000      0.00000      0.00000      0.00000
      0.77000      0.00000      0.00000      0.00000
      0.78000      0.00000      0.00000      0.00000
      0.79000      0.00000      0.00000      0.00000
      0.80000      0.00000      0.00000      0.00000
      0.81000      0.00000      0.00000      0.00000
      0.82000      0.00000      0.00000      0.00000
      0.83000      0.00000      0.00000      0.00000
      0.84000      0.00000      0.00000      0.00000
      0.85000      0.00000      0.00000      0.00000
      0.86000      0.00000      0.00000      0.00000
      0.87000      0.00000      0.00000      0.00000
      0.88000      0.00000      0.00000      0.00000
      0.89000      0.00000      0.00000      0.00000
      0.90000      0.00000      0.00000      0.00000
      0.91000      0.00000      0.00000      0.00000
      0.92000      0.00000      0.00000      0.00000
      0.93000      0.00000      0.00000      0.00000
      0.94000      0.00000      0.00000      0.00000
      0.95000      0.00000      0.00000      0.00000
      0.96000      0.00000      0.00000      0.00000
      0.97000      0.00000      0.00000      0.00000
      0.98000      0.00000      0.00000      0.00000
      0.99000      0.00000      0.00000      0.00000
      1.00000      0.00000      0.00000      0.00000
      1.01000      0.00000      0.00000      0.00000
      1.02000      0.00000      0.00000      0.00000
      1.03000      0.00000      0.00000      0.00000
      1.04000      0.00000      0.00000      0.00000
      1.05000      0.00000      0.00000      0.00000
      1.06000      0.00000      0.00000      0.00000
      1.07000      0.00000      0.00000      0.00000
      1.08000      0.00000      0.00000      0.00000
      1.09000      0.00000      0.00000      0.00000
      1.10000      0.00000      0.00000      0.00000
      1.11000      0.00000      0.00000      0.00000
      1.12000      0.00000      0.00000      0.00000
      1.13000      0.00000      0.00000      0.00000
      1.14000      0.00000      0.00000      0.00000
      1.15000      0.00000      0.00000      0.00000
      1.16000      0.00000      0.00000      0.00000
      1.17000      0.00000      0.00000      0.00000
      1.18000      0.00000      0.00000      0.00000
      1.19000      0.00000      0.00000      0.00000
      1.20000      0.00000      0.00000      0.00000
      1.21000      0.00000      0.00000      0.00000
      1.22000      0.00000      0.00000      0.00000
      1.23000      0.00000      0.00000      0.00000
      1.24000      0.00000      0.00000      0.00000
      1.25000      0.00000      0.00000      0.00000
      1.26000      0.00000      0.00000      0.00000
      1.27000      0.00000      0.00000      0.00000
      1.28000      0.00000      0.00000      0.00000
      1.29000      0.00000      0.00000      0.00000
      1.30000      0.00000      0.00000      0.00000
      1.31000      0.00000      0.00000      0.00000
      1.32000      0.00000      0.00000      0.00000
      1.33000      0.00000      0.00000      0.00000
      1.34000      0.00000      0.00000      0.00000
      1.35000      0.00000      0.00000      0.00000
      1.36000      0.00000      0.00000      0.00000
      1.37000      0.00000      0.00000      0.00000
      1.38000      0.00000      0.00000      0.00000
      1.39000      0.00000      0.00000      0.00000
      1.40000      0.00000      0.00000      0.00000
      1.41000      0.00000      0.00000      0.00000
      1.42000      0.00000      0.00000      0.00000
      1.43000      0.00000      0.00000      0.00000
      1.44000      0.00000      0.00000      0.00000
      1.45000      0.00000      0.00000      0.00000
      1.46000      0.00000      0.00000      0.00000
      1.47000      0.00000      0.00000      0.00000
      1.48000      0.00000      0.00000      0.00000
      1.49000      0.00000      0.00000      0.00000
      1.50000      0.00000      0.00000      0.00000
      1.51000      0.00000      0.00000      0.00000
      1.52000      0.00000      0.00000      0.00000
      1.53000      0.00000      0.00000      0.00000
      1.54000      0.00000      0.00000      0.00000
      1.55000      0.00000      0.00000      0.00000
      1.56000      0.00000      0.00000      0.00000
      1.57000      0.00000      0.00000      0.00000
      1.58000      0.00000      0.00000      0.00000
      1.59000      0.00000      0.00000      0.00000
      1.60000      0.00000      0.00000      0.00000
      1.61000      0.00000      0.00000      0.00000
      1.62000      0.00000      0.00000      0.00000
      1.63000      0.00000      0.00000      0.00000
      1.64000      0.00000      0.00000      0.00000
      1.65000      0.00000      0.00000      0.00000
      1.66000      0.00000      0.00000      0.00000
      1.67000      0.00000      0.00000      0.00000
      1.68000      0.00000      0.00000      0.00000
      1.69000      0.00000      0.00000      0.00000
      1.70000      0.00000      0.00000      0.00000
      1.71000      0.00000      0.00000      0.00000
      1.72000      0.00000      0.00000      0.00000
      1.73000      0.00000      0.00000      0.00000
      1.74000      0.00000      0.00000      0.00000
      1.75000      0.00000      0.00000      0.00000
      1.76000      0.00000      0.00000      0.00000
      1.77000      0.00000      0.00000      0.00000
      1.78000      0.00000      0.00000      0.00000
      1.79000      0.00000      0.00000      0.00000
      1.80000      0.00000      0.00000      0.00000
      1.81000      0.00000      0.00000      0.00000
      1.82000      0.00000      0.00000      0.00000
      1.83000      0.00000      0.00000      0.00000
      1.84000      0.00000      0.00000      0.00000
      1.85000      0.00000      0.00000      0.00000
      1.86000      0.00000      0.00000      0.00000
      1.87000      0.00000      0.00000      0.00000
      1.88000      0.00000      0.00000      0.00000
      1.89000      0.00000      0.00000      0.00000
      1.90000      0.00000      0.00000      0.00000
      1.91000      0.00000      0.00000      0.00000
      1.92000      0.00000      0.00000      0.00000
      1.93000      0.00000      0.00000      0.00000
      1.94000      0.00000      0.00000      0.00000
      1.95000      0.00000      0.00000      0.00000
      1.96000      0.00000      0.00000      0.00000
      1.97000      0.00000      0.00000      0.00000
      1.98000      0.00000      0.00000      0.00000
      1.99000      0.00000      0.00000      0.00000
      2.00000      0.00000      0.00000      0.00000
      2.01000      0.00000      0.00000      0.00000
      2.02000      0.00000      0.00000      0.00000
      2.03000      0.00000      0.00000      0.00000
      2.04000      0.00000      0.00000      0.00000
      2.05000      0.00000      0.00000      0.00000
      2.06000      0.00000      0.00000      0.00000
      2.07000      0.00000      0.00000      0.00000
      2.08000      0.00000      0.00000      0.00000
      2.09000      0.00000      0.00000      0.00000
      2.10000      0.00000      0.00000      0.00000
      2.11000      0.00000      0.00000      0.00000
      2.12000      0.00000      0.00000      0.00000
      2.13000      0.00000      0.00000      0.00000
      2.14000      0.00000      0.00000      0.00000
      2.15000      0.00000      0.00000      0.00000
      2.16000      0.00000      0.00000      0.00000
      2.17000      0.00000      0.00000      0.00000
      2.18000      0.00000      0.00000      0.00000
      2.19000      0.00000      0.00000      0.00000
      2.20000      0.00000      0.00000      0.00000
      2.21000      0.00000      0.00000      0.00000
      2.22000      0.00000      0.00000      0.00000
      2.23000      0.00000      0.00000      0.00000
      2.24000      0.00000      0.00000      0.00000
      2.25000      0.00000      0.00000      0.00000
      2.26000      0.00000      0.00000      0.00000
      2.27000      0.00000      0.00000      0.00000
      2.28000      0.00000      0.00000      0.00000
      2.29000      0.00000      0.00000      0.00000
      2.30000      0.00000      0.00000      0.00000
      2.31000      0.00000      0.00000      0.00000
      2.32000      0.00000      0.00000      0.00000
      2.33000      0.00000      0.00000      0.00000
      2.34000      0.00000      0.00000      0.00000
      2.35000      0.00000      0.00000      0.00000
      2.36000      0.00000      0.00000      0.00000
      2.37000      0.00000      0.00000      0.00000
      2.38000      0.00000      0.00000      0.00000
      2.39000      0.00000      0.00000      0.00000
      2.40000      0.00000      0.00000      0.00000
      2.41000      0.00000      0.00000      0.00000
      2.42000      0.00000      0.00000      0.00000
      2.43000      0.00000      0.00000      0.00000
      2.44000      0.00000      0.00000      0.00000
      2.45000      0.00000      0.00000      0.00000
      2.46000      0.00000      0.00000      0.00000
      2.47000      0.00000      0.00000      0.00000
      2.48000      0.00000      0.00000      0.00000
      2.49000      0.00000      0.00000      0.00000
      2.50000      0.00000      0.00000      0.00000
      2.51000      0.00000      0.00000      0.00000
      2.52000      0.00000      0.00000      0.00000
      2.53000      0.00000      0.00000      0.00000
      2.54000      0.00000      0.00000      0.00000
      2.55000      0.00000      0.00000      0.00000
      2.56000      0.00000      0.00000      0.00000
      2.57000      0.00000      0.00000      0.00000
      2.58000      0.00000      0.00000      0.00000
      2.59000      0.00000      0.00000      0.00000
      2.60000      0.00000      0.00000      0.00000
      2.61000      0.00000      0.00000      0.00000
      2.62000      0.00000      0.00000      0.00000
      2.63000      0.00000      0.00000      0.00000
      2.64000      0.00000      0.00000      0.00000
      2.65000      0.00000      0.00000      0.00000
      2.66000      0.00000      0.00000      0.00000
      2.67000      0.00000      0.00000      0.00000
      2.68000      0.00000      0.00000      0.00000
      2.69000      0.00000      0.00000      0.00000
      2.70000      0.00000      0.00000      0.00000
      2.71000      0.00000      0.00000      0.00000
      2.72000      0.00000      0.00000      0.00000
      2.73000      0.00000      0.00000      0.00000
      2.74000      0.00000      0.00000      0.00000
      2.75000      0.00000      0.00000      0.00000
      2.76000      0.00000      0.00000      0.00000
      2.77000      0.00000      0.00000      0.00000
      2.78000      0.00000      0.00000      0.00000
      2.79000      0.00000      0.00000      0.00000
      2.80000      0.00000      0.00000      0.00000
      2.81000      0.00000      0.00000      0.00000
      2.82000      0.00000      0.00000      0.00000
      2.83000      0.00000      0.00000      0.00000
      2.84000      0.00000      0.00000      0.00000
      2.85000      0.00000      0.00000      0.00000
      2.86000      0.00000      0.00000      0.00000
      2.87000      0.00000      0.00000      0.00000
      2.88000      0.00000      0.00000      0.00000
      2.89000      0.00000      0.00000      0.00000
      2.90000      0.00000      0.00000      0.00000
      2.91000      0.00000      0.00000      0.00000
      2.92000      0.00000      0.00000      0.00000
      2.93000      0.00000      0.00000      0.00000
      2.94000      0.00000      0.00000      0.00000
      2.95000      0.00000      0.00000      0.00000
      2.96000      0.00000      0.00000      0.00000
      2.97000      0.00000      0.00000      0.00000
      2.98000      0.00000      0.00000      0.00000
      2.99000      0.00000      0.00000      0.00000
      3.00000      0.00000      0.00000      0.00000
      3.01000      0.00000      0.00000      0.00000
      3.02000      0.00000      0.00000      0.00000
      3.03000      0.00000      0.00000      0.00000
      3.04000      0.00000      0.00000      0.00000
      3.05000      0.00000      0.00000      0.00000
      3.06000      0.00000      0.00000      0.00000
      3.07000      0.00000      0.00000      0.00000
      3.08000      0.00000      0.00000      0.00000
      3.09000      0.00000      0.00000      0.00000
      3.10000      0.00000      0.00000      0.00000
      3.11000      0.00000      0.00000      0.00000
      3.12000      0.00000      0.00000      0.00000
      3.13000      0.00000      0.00000      0.00000
      3.14000      0.00000      0.00000      0.00000
      3.15000      0.00000      0.00000      0.00000
      3.16000      0.00000      0.00000      0.00000
      3.17000      0.00000      0.00000      0.00000
      3.18000      0.00000      0.00000      0.00000
      3.19000      0.00000      0.00000      0.00000
      3.20000      0.00000      0.00000      0.00000
      3.21000      0.00000      0.00000      0.00000
      3.22000      0.00000      0.00000      0.00000
      3.23000      0.00000      0.00000      0.00000
      3.24000      0.00000      0.00000      0.00000
      3.25000      0.00000      0.00000      0.00000
      3.26000      0.00000      0.00000      0.00000
      3.27000      0.00000      0.00000      0.00000
      3.28000      0.00000      0.00000      0.00000
      3.29000      0.00000      0.00000      0.00000
      3.30000      0.00000      0.00000      0.00000
      3.31000      0.00000      0.00000      0.00000
      3.32000      0.00000      0.00000      0.00000
      3.33000      0.00000      0.00000      0.00000
      3.34000      0.00000      0.00000      0.00000
      3.35000      0.00000      0.00000      0.00000
      3.36000      0.00000      0.00000      0.00000
      3.37000      0.00000      0.00000      0.00000
      3.38000      0.00000      0.00000      0.00000
      3.39000      0.00000      0.00000      0.00000
      3.40000      0.00000      0.00000      0.00000
      3.41000      0.00000      0.00000      0.00000
      3.42000      0.00000      0.00000      0.00000
      3.43000      0.00000      0.00000      0.00000
      3.44000      0.00000      0.00000      0.00000
      3.45000      0.00000      0.00000      0.00000
      3.46000      0.00000      0.00000      0.00000
      3.47000      0.00000      0.00000      0.00000
      3.48000      0.00000      0.00000      0.00000
      3.49000      0.00000      0.00000      0.00000
      3.50000      0.00000      0.00000      0.00000
      3.51000      0.00000      0.00000      0.00000
      3.52000      0.00000      0.00000      0.00000
      3.53000      0.00000      0.00000      0.00000
      3.54000      0.00000      0.00000      0.00000
      3.55000      0.00000      0.00000      0.00000
      3.56000      0.00000      0.00000      0.00000
      3.57000      0.00000      0.00000      0.00000
      3.58000      0.00000      0.00000      0.00000
      3.59000      0.00000      0.00000      0.00000
      3.60000      0.00000      0.00000      0.00000
      3.61000      0.00000      0.00000      0.00000
      3.62000      0.00000      0.00000      0.00000
      3.63000      0.00000      0.00000      0.00000
      3.64000      0.00000      0.00000      0.00000
      3.65000      0.00000      0.00000      0.00000
      3.66000      0.00000      0.00000      0.00000
      3.67000      0.00000      0.00000      0.00000
      3.68000      0.00000      0.00000      0.00000
      3.69000      0.00000      0.00000      0.00000
      3.70000      0.00000      0.00000      0.00000
      3.71000      0.00000      0.00000      0.00000
      3.72000      0.00000      0.00000      0.00000
      3.73000      0.00000      0.00000      0.00000
      3.74000      0.00000      0.00000      0.00000
      3.75000      0.00000      0.00000      0.00000
      3.76000      0.00000      0.00000      0.00000
      3.77000      0.00000      0.00000      0.00000
      3.78000      0.00000      0.00000      0.00000
      3.79000      0.00000      0.00000      0.00000
      3.80000      0.00000      0.00000      0.00000
      3.81000      0.00000      0.00000      0.00000
      3.82000      0.00000      0.00000      0.00000
      3.83000      0.00000      0.00000      0.00000
      3.84000      0.00000      0.00000      0.00000
      3.85000      0.00000      0.00000      0.00000
      3.86000      0.00000      0.00000      0.00000
      3.87000      0.00000      0.00000      0.00000
      3.88000      0.00000      0.00000      0.00000
      3.89000      0.00000      0.00000      0.00000
      3.90000      0.00000      0.00000      0.00000
      3.91000      0.00000      0.00000      0.00000
      3.92000      0.00000      0.00000      0.00000
      3.93000      0.00000      0.00000      0.00000
      3.94000      0.00000      0.00000      0.00000
      3.95000      0.00000      0.00000      0.00000
      3.96000      0.00000      0.00000      0.00000
      3.97000      0.00000      0.00000      0.00000
      3.98000      0.00000      0.00000      0.00000
      3.99000      0.00000      0.00000      0.00000
      4.00000      0.00000      0.00000      0.00000
      4.01000      0.00000      0.00000      0.00000
      4.02000      0.00000      0.00000      0.00000
      4.03000      0.00000      0.00000      0.00000
      4.04000      0.00000      0.00000      0.00000
      4.05000      0.00000      0.00000      0.00000
      4.06000      0.00000      0.00000      0.00000
      4.07000      0.00000      0.00000      0.00000
      4.08000      0.00000      0.00000      0.00000
      4.09000      0.00000      0.00000      0.00000
      4.10000      0.00000      0.00000      0.00000
      4.11000      0.00000      0.00000      0.00000
      4.12000      0.00000      0.00000      0.00000
      4.13000      0.00000      0.00000      0.00000
      4.14000      0.00000      0.00000      0.00000
      4.15000      0.00000      0.00000      0.00000
      4.16000      0.00000      0.00000      0.00000
      4.17000      0.00000      0.00000      0.00000
      4.18000      0.00000      0.00000      0.00000
      4.19000      0.00000      0.00000      0.00000
      4.20000      0.00000      0.00000      0.00000
      4.21000      0.00000      0.00000      0.00000
      4.22000      0.00000      0.00000      0.00000
      4.23000      0.00000      0.00000      0.00000
      4.24000      0.00000      0.00000      0.00000
      4.25000      0.00000      0.00000      0.00000
      4.26000      0.00000      0.00000      0.00000
      4.27000      0.00000      0.00000      0.00000
      4.28000      0.00000      0.00000      0.00000
      4.29000      0.00000      0.00000      0.00000
      4.30000      0.00000      0.00000      0.00000
      4.31000      0.00000      0.00000      0.00000
      4.32000      0.00000      0.00000      0.00000
      4.33000      0.00000      0.00000      0.00000
      4.34000      0.00000      0.00000      0.00000
      4.35000      0.00000      0.00000      0.00000
      4.36000      0.00000      0.00000      0.00000
      4.37000      0.00000      0.00000      0.00000
      4.38000      0.00000      0.00000      0.00000
      4.39000      0.00000      0.00000      0.00000
      4.40000      0.00000      0.00000      0.00000
      4.41000      0.00000      0.00000      0.00000
      4.42000      0.00000      0.00000      0.00000
      4.43000      0.00000      0.00000      0.00000
      4.44000      0.00000      0.00000      0.00000
      4.45000      0.00000      0.00000      0.00000
      4.46000      0.00000      0.00000      0.00000
      4.47000      0.00000      0.00000      0.00000
      4.48000      0.00000      0.00000      0.00000
      4.49000      0.00000      0.00000      0.00000
      4.50000      0.00000      0.00000      0.00000
      4.51000      0.00000      0.00000      0.00000
      4.52000      0.00000      0.00000      0.00000
      4.53000      0.00000      0.00000      0.00000
      4.54000      0.00000      0.00000      0.00000
      4.55000      0.00000      0.00000      0.00000
      4.56000      0.00000      0.00000      0.00000
      4.57000      0.00000      0.00000      0.00000
      4.58000      0.00000      0.00000      0.00000
      4.59000      0.00000      0.00000      0.00000
      4.60000      0.00000      0.00000      0.00000
      4.61000      0.00000      0.00000      0.00000
      4.62000      0.00000      0.00000      0.00000
      4.63000      0.00000      0.00000      0.00000
      4.64000      0.00000      0.00000      0.00000
      4.65000      0.00000      0.00000      0.00000
      4.66000      0.00000      0.00000      0.00000
      4.67000      0.00000      0.00000      0.00000
      4.68000      0.00000      0.00000      0.00000
      4.69000      0.00000      0.00000      0.00000
      4.70000      0.00000      0.00000      0.00000
      4.71000      0.00000      0.00000      0.00000
      4.72000      0.00000      0.00000      0.00000
      4.73000      0.00000      0.00000      0.00000
      4.74000      0.00000      0.00000      0.00000
      4.75000      0.00000      0.00000      0.00000
      4.76000      0.00000      0.00000      0.00000
      4.77000      0.00000      0.00000      0.00000
      4.78000      0.00000      0.00000      0.00000
      4.79000      0.00000      0.00000      0.00000
      4.80000      0.00000      0.00000      0.00000
      4.81000      0.00000      0.00000      0.00000
      4.82000      0.00000      0.00000      0.00000
      4.83000      0.00000      0.00000      0.00000
      4.84000      0.00000      0.00000      0.00000
      4.85000      0.00000      0.00000      0.00000
      4.86000      0.00000      0.00000      0.00000
      4.87000      0.00000      0.00000      0.00000
      4.88000      0.00000      0.00000      0.00000
      4.89000      0.00000      0.00000      0.00000
      4.90000      0.00000      0.00000      0.00000
      4.91000      0.00000      0.00000      0.00000
      4.92000      0.00000      0.00000      0.00000
      4.93000      0.00000      0.00000      0.00000
      4.94000      0.00000      0.00000      0.00000
      4.95000      0.00000      0.00000      0.00000
      4.96000      0.00000      0.00000      0.00000
      4.97000      0.00000      0.00000      0.00000
      4.98000      0.00000      0.00000      0.00000
      4.99000      0.00000      0.00000      0.00000
      5.00000      0.00000      0.00000      0.00000
      5.01000      0.00000      0.00000      0.00000
      5.02000      0.00000      0.00000      0.00000
      5.03000      0.00000      0.00000      0.00000
      5.04000      0.00000      0.00000      0.00000
      5.05000      0.00000      0.00000      0.00000
      5.06000      0.00000      0.00000      0.00000
      5.07000      0.00000      0.00000      0.00000
      5.08000      0.00000      0.00000      0.00000
      5.09000      0.00000      0.00000      0.00000
      5.10000      0.00000      0.00000      0.00000
      5.11000      0.00000      0.00000      0.00000
      5.12000      0.00000      0.00000      0.00000
      5.13000      0.00000      0.00000      0.00000
      5.14000      0.00000      0.00000      0.00000
      5.15000      0.00000      0.00000      0.00000
      5.16000      0.00000      0.00000      0.00000
      5.17000      0.00000      0.00000      0.00000
      5.18000      0.00000      0.00000      0.00000
      5.19000      0.00000      0.00000      0.00000
      5.20000      0.00000      0.00000      0.00000
      5.21000      0.00000      0.00000      0.00000
      5.22000      0.00000      0.00000      0.00000
      5.23000      0.00000      0.00000      0.00000
      5.24000      0.00000      0.00000      0.00000
      5.25000      0.00000      0.00000      0.00000
      5.26000      0.00000      0.00000      0.00000
      5.27000      0.00000      0.00000      0.00000
      5.28000      0.00000      0.00000      0.00000
      5.29000      0.00000      0.00000      0.00000
      5.30000      0.00000      0.00000      0.00000
      5.31000      0.00000      0.00000      0.00000
      5.32000      0.00000      0.00000      0.00000
      5.33000      0.00000      0.00000      0.00000
      5.34000      0.00000      0.00000      0.00000
      5.35000      0.00000      0.00000      0.00000
      5.36000      0.00000      0.00000      0.00000
      5.37000      0.00000      0.00000      0.00000
      5.38000      0.00000      0.00000      0.00000
      5.39000      0.00000      0.00000      0.00000
      5.40000      0.00000      0.00000      0.00000
      5.41000      0.00000      0.00000      0.00000
      5.42000      0.00000      0.00000      0.00000
      5.43000      0.00000      0.00000      0.00000
      5.44000      0.00000      0.00000      0.00000
      5.45000      0.00000      0.00000      0.00000
      5.46000      0.00000      0.00000      0.00000
      5.47000      0.00000      0.00000      0.00000
      5.48000      0.00000      0.00000      0.00000
      5.49000      0.00000      0.00000      0.00000
      5.50000      0.00000      0.00000      0.00000
      5.51000      0.00000      0.00000      0.00000
      5.52000      0.00000      0.00000      0.00000
      5.53000      0.00000      0.00000      0.00000
      5.54000      0.00000      0.00000      0.00000
      5.55000      0.00000      0.00000      0.00000
      5.56000      0.00000      0.00000      0.00000
      5.57000      0.00000      0.00000      0.00000
      5.58000      0.00000      0.00000      0.00000
      5.59000      0.00000      0.00000      0.00000
      5.60000      0.00000      0.00000      0.00000
      5.61000      0.00000      0.00000      0.00000
      5.62000      0.00000      0.00000      0.00000
      5.63000      0.00000      0.00000      0.00000
      5.64000      0.00000      0.00000      0.00000
      5.65000      0.00000      0.00000      0.00000
      5.66000      0.00000      0.00000      0.00000
      5.67000      0.00000      0.00000      0.00000
      5.68000      0.00000      0.00000      0.00000
      5.69000      0.00000      0.00000      0.00000
      5.70000      0.00000      0.00000      0.00000
      5.71000      0.00000      0.00000      0.00000
      5.72000      0.00000      0.00000      0.00000
      5.73000      0.00000      0.00000      0.00000
      5.74000      0.00000      0.00000      0.00000
      5.75000      0.00000      0.00000      0.00000
      5.76000      0.00000      0.00000      0.00000
      5.77000      0.00000      0.00000      0.00000
      5.78000      0.00000      0.00000      0.00000
      5.79000      0.00000      0.00000      0.00000
      5.80000      0.00000      0.00000      0.00000
      5.81000      0.00000      0.00000      0.00000
      5.82000      0.00000      0.00000      0.00000
      5.83000      0.00000      0.00000      0.00000
      5.84000      0.00000      0.00000      0.00000
      5.85000      0.00000      0.00000      0.00000
      5.86000      0.00000      0.00000      0.00000
      5.87000      0.00000      0.00000      0.00000
      5.88000      0.00000      0.00000      0.00000
      5.89000      0.00000      0.00000      0.00000
      5.90000      0.00000      0.00000      0.00000
      5.91000      0.00000      0.00000      0.00000
      5.92000      0.00000      0.00000      0.00000
      5.93000      0.00000      0.00000      0.00000
      5.94000      0.00000      0.00000      0.00000
      5.95000      0.00000      0.00000      0.00000
      5.96000      0.00000      0.00000      0.00000
      5.97000      0.00000      0.00000      0.00000
      5.98000      0.00000      0.00000      0.00000
      5.99000      0.00000      0.00000      0.00000
      6.00000      0.00000      0.00000      0.00000
      6.01000      0.00000      0.00000      0.00000
      6.02000      0.00000      0.00000      0.00000
      6.03000      0.00000      0.00000      0.00000
      6.04000      0.00000      0.00000      0.00000
      6.05000      0.00000      0.00000      0.00000
      6.06000      0.00000      0.00000      0.00000
      6.07000      0.00000      0.00000      0.00000
      6.08000      0.00000      0.00000      0.00000
      6.09000      0.00000      0.00000      0.00000
      6.10000      0.00000      0.00000      0.00000
      6.11000      0.00000      0.00000      0.00000
      6.12000      0.00000      0.00000      0.00000
      6.13000      0.00000      0.00000      0.00000
      6.14000      0.00000      0.00000      0.00000
      6.15000      0.00000      0.00000      0.00000
      6.16000      0.00000      0.00000      0.00000
      6.17000      0.00000      0.00000      0.00000
      6.18000      0.00000      0.00000      0.00000
      6.19000      0.00000      0.00000      0.00000
      6.20000      0.00000      0.00000      0.00000
      6.21000      0.00000      0.00000      0.00000
      6.22000      0.00000      0.00000      0.00000
      6.23000      0.00000      0.00000      0.00000
      6.24000      0.00000      0.00000      0.00000
      6.25000      0.00000      0.00000      0.00000
      6.26000      0.00000      0.00000      0.00000
      6.27000      0.00000      0.00000      0.00000
      6.28000      0.00000      0.00000      0.00000
      6.29000      0.00000      0.00000      0.00000
      6.30000      0.00000      0.00000      0.00000
      6.31000      0.00000      0.00000      0.00000
      6.32000      0.00000      0.00000      0.00000
      6.33000      0.00000      0.00000      0.00000
      6.34000      0.00000      0.00000      0.00000
      6.35000      0.00000      0.00000      0.00000
      6.36000      0.00000      0.00000      0.00000
      6.37000      0.00000      0.00000      0.00000
      6.38000      0.00000      0.00000      0.00000
      6.39000      0.00000      0.00000      0.00000
      6.40000      0.00000      0.00000      0.00000
      6.41000      0.00000      0.00000      0.00000
      6.42000      0.00000      0.00000      0.00000
      6.43000      0.00000      0.00000      0.00000
      6.44000      0.00000      0.00000      0.00000
      6.45000      0.00000      0.00000      0.00000
      6.46000      0.00000      0.00000      0.00000
      6.47000      0.00000      0.00000      0.00000
      6.48000      0.00000      0.00000      0.00000
      6.49000      0.00000      0.00000      0.00000
      6.50000      0.00000      0.00000      0.00000
      6.51000      0.00000      0.00000      0.00000
      6.52000      0.00000      0.00000      0.00000
      6.53000      0.00000      0.00000      0.00000
      6.54000      0.00000      0.00000      0.00000
      6.55000      0.00000      0.00000      0.00000
      6.56000      0.00000      0.00000      0.00000
      6.57000      0.00000      0.00000      0.00000
      6.58000      0.00000      0.00000      0.00000
      6.59000      0.00000      0.00000      0.00000
      6.60000      0.00000      0.00000      0.00000
      6.61000      0.00000      0.00000      0.00000
      6.62000      0.00000      0.00000      0.00000
      6.63000      0.00000      0.00000      0.00000
      6.64000      0.00000      0.00000      0.00000
      6.65000      0.00000      0.00000      0.00000
      6.66000      0.00000      0.00000      0.00000
      6.67000      0.00000      0.00000      0.00000
      6.68000      0.00000      0.00000      0.00000
      6.69000      0.00000      0.00000      0.00000
      6.70000      0.00000      0.00000      0.00000
      6.71000      0.00000      0.00000      0.00000
      6.72000      0.00000      0.00000      0.00000
      6.73000      0.00000      0.00000      0.00000
      6.74000      0.00000      0.00000      0.00000
      6.75000      0.00000      0.00000      0.00000
      6.76000      0.00000      0.00000      0.00000
      6.77000      0.00000      0.00000      0.00000
      6.78000      0.00000      0.00000      0.00000
      6.79000      0.00000      0.00000      0.00000
      6.80000      0.00000      0.00000      0.00000
      6.81000      0.00000      0.00000      0.00000
      6.82000      0.00000      0.00000      0.00000
      6.83000      0.00000      0.00000      0.00000
      6.84000      0.00000      0.00000      0.00000
      6.85000      0.00000      0.00000      0.00000
      6.86000      0.00000      0.00000      0.00000
      6.87000      0.00000      0.00000      0.00000
      6.88000      0.00000      0.00000      0.00000
      6.89000      0.00000      0.00000      0.00000
      6.90000      0.00000      0.00000      0.00000
      6.91000      0.00000      0.00000      0.00000
      6.92000      0.00000      0.00000      0.00000
      6.93000      0.00000      0.00000      0.00000
      6.94000      0.00000      0.00000      0.00000
      6.95000      0.00000      0.00000      0.00000
      6.96000      0.00000      0.00000      0.00000
      6.97000      0.00000      0.00000      0.00000
      6.98000      0.00000      0.00000      0.00000
      6.99000      0.00000      0.00000      0.00000
      7.00000      0.00000      0.00000      0.00000
      7.01000      0.00000      0.00000      0.00000
      7.02000      0.00000      0.00000      0.00000
      7.03000      0.00000      0.00000      0.00000
      7.04000      0.00000      0.00000      0.00000
      7.05000      0.00000      0.00000      0.00000
      7.06000      0.00000      0.00000      0.00000
      7.07000      0.00000      0.00000      0.00000
      7.08000      0.00000      0.00000      0.00000
      7.09000      0.00000      0.00000      0.00000
      7.10000      0.00000      0.00000      0.00000
      7.11000      0.00000      0.00000      0.00000
      7.12000      0.00000      0.00000      0.00000
      7.13000      0.00000      0.00000      0.00000
      7.14000      0.00000      0.00000      0.00000
      7.15000      0.00000      0.00000      0.00000
      7.16000      0.00000      0.00000      0.00000
      7.17000      0.00000      0.00000      0.00000
      7.18000      0.00000      0.00000      0.00000
      7.19000      0.00000      0.00000      0.00000
      7.20000      0.00000      0.00000      0.00000
      7.21000      0.00000      0.00000      0.00000
      7.22000      0.00000      0.00000      0.00000
      7.23000      0.00000      0.00000      0.00000
      7.24000      0.00000      0.00000      0.00000
      7.25000      0.00000      0.00000      0.00000
      7.26000      0.00000      0.00000      0.00000
      7.27000      0.00000      0.00000      0.00000
      7.28000      0.00000      0.00000      0.00000
      7.29000      0.00000      0.00000      0.00000
      7.30000      0.00000      0.00000      0.00000
      7.31000      0.00000      0.00000      0.00000
      7.32000      0.00000      0.00000      0.00000
      7.33000      0.00000      0.00000      0.00000
      7.34000      0.00000      0.00000      0.00000
      7.35000      0.00000      0.00000      0.00000
      7.36000      0.00000      0.00000      0.00000
      7.37000      0.00000      0.00000      0.00000
      7.38000      0.00000      0.00000      0.00000
      7.39000      0.00000      0.00000      0.00000
      7.40000      0.00000      0.00000      0.00000
      7.41000      0.00000      0.00000      0.00000
      7.42000      0.00000      0.00000      0.00000
      7.43000      0.00000      0.00000      0.00000
      7.44000      0.00000      0.00000      0.00000
      7.45000      0.00000      0.00000      0.00000
      7.46000      0.00000      0.00000      0.00000
      7.47000      0.00000      0.00000      0.00000
      7.48000      0.00000      0.00000      0.00000
      7.49000      0.00000      0.00000      0.00000
      7.50000      0.00000      0.00000      0.00000
      7.51000      0.00000      0.00000      0.00000
      7.52000      0.00000      0.00000      0.00000
      7.53000      0.00000      0.00000      0.00000
      7.54000      0.00000      0.00000      0.00000
      7.55000      0.00000      0.00000      0.00000
      7.56000      0.00000      0.00000      0.00000
      7.57000      0.00000      0.00000      0.00000
      7.58000      0.00000      0.00000      0.00000
      7.59000      0.00000      0.00000      0.00000
      7.60000      0.00000      0.00000      0.00000
      7.61000      0.00000      0.00000      0.00000
      7.62000      0.00000      0.00000      0.00000
      7.63000      0.00000      0.00000      0.00000
      7.64000      0.00000      0.00000      0.00000
      7.65000      0.00000      0.00000      0.00000
      7.66000      0.00000      0.00000      0.00000
      7.67000      0.00000      0.00000      0.00000
      7.68000      0.00000      0.00000      0.00000
      7.69000      0.00000      0.00000      0.00000
      7.70000      0.00000      0.00000      0.00000
      7.71000      0.00000      0.00000      0.00000
      7.72000      0.00000      0.00000      0.00000
      7.73000      0.00000      0.00000      0.00000
      7.74000      0.00000      0.00000      0.00000
      7.75000      0.00000      0.00000      0.00000
      7.76000      0.00032      0.00002      0.00030
      7.77000      0.02853      0.00181      0.02672
      7.78000      0.93068      0.05910      0.87158
      7.79000     11.20919      0.71251     10.49668
      7.80000     50.80845      3.24896     47.55949
      7.81000     95.93031      6.31973     89.61058
      7.82000    106.14223      7.56985     98.57238
      7.83000     88.46162      6.72408     81.73754
      7.84000     39.09431      3.02525     36.06906
      7.85000      6.92492      0.53764      6.38728
      7.86000      0.45788      0.03557      0.42231
      7.87000      0.01118      0.00087      0.01031
      7.88000      0.00000      0.00000      0.00000
      7.89000      0.00000      0.00000      0.00000
      7.90000      0.00000      0.00000      0.00000
      7.91000      0.00000      0.00000      0.00000
      7.92000      0.00000      0.00000      0.00000
      7.93000      0.00000      0.00000      0.00000
      7.94000      0.00000      0.00000      0.00000
      7.95000      0.00000      0.00000      0.00000
      7.96000      0.00000      0.00000      0.00000
      7.97000      0.00000      0.00000      0.00000
      7.98000      0.00000      0.00000      0.00000
      7.99000      0.00000      0.00000      0.00000
      8.00000      0.00000      0.00000      0.00000
      8.01000      0.00000      0.00000      0.00000
      8.02000      0.00000      0.00000      0.00000
      8.03000      0.00000      0.00000      0.00000
      8.04000      0.00000      0.00000      0.00000
      8.05000      0.00000      0.00000      0.00000
      8.06000      0.00000      0.00000      0.00000
      8.07000      0.00000      0.00000      0.00000
      8.08000      0.00000      0.00000      0.00000
      8.09000      0.00000      0.00000      0.00000
      8.10000      0.00000      0.00000      0.00000
      8.11000      0.00000      0.00000      0.00000
      8.12000      0.00000      0.00000      0.00000
      8.13000      0.00000      0.00000      0.00000
      8.14000      0.00000      0.00000      0.00000
      8.15000      0.00000      0.00000      0.00000
      8.16000      0.00084      0.00007      0.00078
      8.17000      0.06126      0.00474      0.05652
      8.18000      1.64004      0.12680      1.51323
      8.19000     16.15240      1.24887     14.90353
      8.20000     58.52294      4.52488     53.99806
      8.21000     78.00468      6.03117     71.97351
      8.22000     38.24905      2.95734     35.29171
      8.23000      6.89964      0.53347      6.36617
      8.24000      0.45786      0.03540      0.42246
      8.25000      0.01118      0.00086      0.01031
      8.26000      0.00000      0.00000      0.00000
      8.27000      0.00000      0.00000      0.00000
      8.28000      0.00000      0.00000      0.00000
      8.29000      0.00000      0.00000      0.00000
      8.30000      0.00000      0.00000      0.00000
      8.31000      0.00097      0.00006      0.00091
      8.32000      0.06849      0.00394      0.06456
      8.33000      1.78024      0.10237      1.67787
      8.34000     17.02209      0.97881     16.04329
      8.35000     59.87600      3.44299     56.43301
      8.36000     77.48153      4.45535     73.02619
      8.37000     36.88494      2.12096     34.76398
      8.38000      6.45960      0.37144      6.08816
      8.39000      0.41617      0.02393      0.39224
      8.40000      0.00986      0.00057      0.00930
      8.41000      0.00000      0.00000      0.00000
      8.42000      0.00000      0.00000      0.00000
      8.43000      0.00000      0.00000      0.00000
      8.44000      0.00000      0.00000      0.00000
      8.45000      0.00000      0.00000      0.00000
      8.46000      0.00000      0.00000      0.00000
      8.47000      0.00000      0.00000      0.00000
      8.48000      0.00000      0.00000      0.00000
      8.49000      0.00156      0.00010      0.00146
      8.50000      0.09979      0.00634      0.09345
      8.51000      2.34328      0.14885      2.19443
      8.52000     20.24280      1.28585     18.95695
      8.53000     64.33139      4.08641     60.24498
      8.54000     75.21091      4.77749     70.43342
      8.55000     32.34776      2.05477     30.29299
      8.56000      5.11815      0.32511      4.79304
      8.57000      0.29791      0.01892      0.27899
      8.58000      0.00638      0.00041      0.00597
      8.59000      0.00000      0.00000      0.00000
      8.60000      0.00000      0.00000      0.00000
      8.61000      0.00000      0.00000      0.00000
      8.62000      0.00000      0.00000      0.00000
      8.63000      0.00000      0.00000      0.00000
      8.64000      0.00000      0.00000      0.00000
      8.65000      0.00000      0.00000      0.00000
      8.66000      0.00000      0.00000      0.00000
      8.67000      0.00000      0.00000      0.00000
      8.68000      0.00000      0.00000      0.00000
      8.69000      0.00000      0.00000      0.00000
      8.70000      0.00000      0.00000      0.00000
      8.71000      0.00073      0.00056      0.00017
      8.72000      0.05470      0.04196      0.01273
      8.73000      1.50861      1.15739      0.35122
      8.74000     15.30757     11.74379      3.56378
      8.75000     57.14005     43.83719     13.30286
      8.76000     78.46583     60.19808     18.26775
      8.77000     39.63930     30.41082      9.22849
      8.78000      7.36677      5.65170      1.71507
      8.79000      0.50366      0.38640      0.11726
      8.80000      0.01267      0.00972      0.00295
      8.81000      0.00000      0.00000      0.00000
      8.82000      0.00000      0.00000      0.00000
      8.83000      0.00000      0.00000      0.00000
      8.84000      0.00000      0.00000      0.00000
      8.85000      0.00000      0.00000      0.00000
      8.86000      0.00000      0.00000      0.00000
      8.87000      0.00318      0.00000      0.00317
      8.88000      0.17530      0.00033      0.17497
      8.89000      3.59408      0.01190      3.58218
      8.90000     28.19736      0.21103     27.98633
      8.91000     90.61703      1.63636     88.98068
      8.92000    134.79958      5.01268    129.78690
      8.93000    101.15967      5.79044     95.36923
      8.94000     35.85550      2.48058     33.37491
      8.95000      5.29090      0.39194      4.89896
      8.96000      0.30180      0.02289      0.27891
      8.97000      0.07042      0.00714      0.06329
      8.98000      1.69465      0.17588      1.51877
      8.99000     16.49487      1.71198     14.78290
      9.00000     59.06404      6.13016     52.93388
      9.01000     77.80417      8.07516     69.72901
      9.02000     37.70406      3.91324     33.79082
      9.03000      6.72170      0.69763      6.02406
      9.04000      0.44083      0.04575      0.39508
      9.05000      0.01064      0.00110      0.00953
      9.06000      0.00000      0.00000      0.00000
      9.07000      0.00000      0.00000      0.00000
      9.08000      0.00000      0.00000      0.00000
      9.09000      0.00000      0.00000      0.00000
      9.10000      0.00000      0.00000      0.00000
      9.11000      0.00000      0.00000      0.00000
      9.12000      0.00000      0.00000      0.00000
      9.13000      0.00000      0.00000      0.00000
      9.14000      0.00000      0.00000      0.00000
      9.15000      0.00000      0.00000      0.00000
      9.16000      0.00000      0.00000      0.00000
      9.17000      0.00000      0.00000      0.00000
      9.18000      0.00000      0.00000      0.00000
      9.19000      0.00000      0.00000      0.00000
      9.20000      0.00000      0.00000      0.00000
      9.21000      0.00000      0.00000      0.00000
      9.22000      0.00000      0.00000      0.00000
      9.23000      0.00000      0.00000      0.00000
      9.24000      0.00000      0.00000      0.00000
      9.25000      0.00000      0.00000      0.00000
      9.26000      0.00000      0.00000      0.00000
      9.27000      0.00000      0.00000      0.00000
      9.28000      0.00000      0.00000      0.00000
      9.29000      0.00000      0.00000      0.00000
      9.30000      0.00000      0.00000      0.00000
      9.31000      0.00000      0.00000      0.00000
      9.32000      0.00000      0.00000      0.00000
      9.33000      0.00146      0.00011      0.00135
      9.34000      0.09460      0.00721      0.08739
      9.35000      2.25408      0.17188      2.08220
      9.36000     19.75803      1.50660     18.25143
      9.37000     63.71242      4.85824     58.85418
      9.38000     75.58055      5.76321     69.81733
      9.39000     32.98386      2.51510     30.46876
      9.40000      5.29540      0.40379      4.89161
      9.41000      0.31275      0.02385      0.28890
      9.42000      0.00680      0.00052      0.00628
      9.43000      0.00000      0.00000      0.00000
      9.44000      0.00000      0.00000      0.00000
      9.45000      0.00000      0.00000      0.00000
      9.46000      0.00000      0.00000      0.00000
      9.47000      0.00000      0.00000      0.00000
      9.48000      0.00000      0.00000      0.00000
      9.49000      0.00000      0.00000      0.00000
      9.50000      0.00000      0.00000      0.00000
      9.51000      0.00000      0.00000      0.00000
      9.52000      0.00000      0.00000      0.00000
      9.53000      0.00000      0.00000      0.00000
      9.54000      0.00151      0.00100      0.00050
      9.55000      0.09706      0.06460      0.03246
      9.56000      2.29654      1.52851      0.76803
      9.57000     19.98988     13.30469      6.68519
      9.58000     64.01060     42.60362     21.40698
      9.59000     75.40482     50.18728     25.21754
      9.60000     32.67773     21.74936     10.92837
      9.61000      5.20967      3.46741      1.74226
      9.62000      0.30554      0.20336      0.10218
      9.63000      0.00659      0.00439      0.00220
      9.64000      0.00166      0.00000      0.00168
      9.65000      0.10472      0.00000      0.10599
      9.66000      2.42671      0.00000      2.45636
      9.67000     20.68855      0.00000     20.94136
      9.68000     64.89913      0.00137     65.69064
      9.69000     75.39402      0.05346     76.25537
      9.70000     39.40692      0.76934     39.02587
      9.71000     45.36225      4.07320     41.34968
      9.72000     78.97317      7.93338     71.04327
      9.73000     56.38765      5.68443     50.70329
      9.74000     14.86180      1.49837     13.36342
      9.75000      1.44115      0.14530      1.29586
      9.76000      0.05141      0.00518      0.04623
      9.77000      0.00210      0.00134      0.00076
      9.78000      0.09295      0.08310      0.00985
      9.79000      2.22539      1.98947      0.23592
      9.80000     19.60026     17.52240      2.07786
      9.81000     63.50723     56.77472      6.73251
      9.82000     75.69898     67.67400      8.02498
      9.83000     33.19421     29.67524      3.51898
      9.84000      5.35826      4.79030      0.56796
      9.85000      0.50490      0.45582      0.04908
      9.86000      3.70047      3.38831      0.31217
      9.87000     27.08248     24.52975      2.55273
      9.88000     77.35900     65.88018     11.47882
      9.89000    105.92829     67.58402     38.34427
      9.90000    102.33876     30.77640     71.56235
      9.91000     63.86013      9.10406     54.75606
      9.92000     17.61874      1.89246     15.72628
      9.93000      1.85498      0.18762      1.66736
      9.94000      0.07229      0.00722      0.06507
      9.95000      0.00104      0.00010      0.00093
      9.96000      0.00000      0.00000      0.00000
      9.97000      0.00000      0.00000      0.00000
      9.98000      0.00000      0.00000      0.00000
      9.99000      0.00000      0.00000      0.00000
     10.00000      0.00000      0.00000      0.00000
     10.01000      0.00000      0.00000      0.00000
     10.02000      0.00000      0.00000      0.00000
     10.03000      0.00000      0.00000      0.00000
     10.04000      0.00000      0.00000      0.00000
     10.05000      0.00000      0.00000      0.00000
     10.06000      0.00000      0.00000      0.00000
     10.07000      0.00000      0.00000      0.00000
     10.08000      0.00000      0.00000      0.00000
     10.09000      0.00000      0.00000      0.00000
     10.10000      0.00046      0.00018      0.00028
     10.11000      0.03777      0.01490      0.02287
     10.12000      1.14684      0.45230      0.69454
     10.13000     12.83177      5.05164      7.78013
     10.14000     53.53124     20.78123     32.75001
     10.15000     90.67977     31.74974     58.93003
     10.16000     93.45900     19.16392     74.29509
     10.17000     88.81405      6.36802     82.44603
     10.18000     48.20146      1.93765     46.26381
     10.19000     10.43274      0.37325     10.05949
     10.20000      0.83955      0.02949      0.81005
     10.21000      0.02490      0.00087      0.02402
     10.22000      0.00000      0.00000      0.00000
     10.23000      0.00000      0.00000      0.00000
     10.24000      0.00000      0.00000      0.00000
     10.25000      0.00000      0.00000      0.00000
     10.26000      0.00000      0.00000      0.00000
     10.27000      0.00000      0.00000      0.00000
     10.28000      0.00098      0.00004      0.00094
     10.29000      0.06882      0.00278      0.06603
     10.30000      1.78643      0.07228      1.71415
     10.31000     17.05982      0.69026     16.36956
     10.32000     59.93315      2.42497     57.50818
     10.33000     77.45783      3.13404     74.32379
     10.34000     36.82723      1.49008     35.33715
     10.35000      6.44137      0.26063      6.18075
     10.36000      0.41447      0.01677      0.39770
     10.37000      0.00981      0.00040      0.00941
     10.38000      0.00000      0.00000      0.00000
     10.39000      0.00000      0.00000      0.00000
     10.40000      0.00000      0.00000      0.00000
     10.41000      0.00000      0.00000      0.00000
     10.42000      0.00000      0.00000      0.00000
     10.43000      0.00000      0.00000      0.00000
     10.44000      0.00000      0.00000      0.00000
     10.45000      0.00000      0.00000      0.00000
     10.46000      0.00000      0.00000      0.00000
     10.47000      0.00000      0.00000      0.00000
     10.48000      0.00000      0.00000      0.00000
     10.49000      0.00000      0.00000      0.00000
     10.50000      0.00000      0.00000      0.00000
     10.51000      0.00000      0.00000      0.00000
     10.52000      0.00000      0.00000      0.00000
     10.53000      0.00000      0.00000      0.00000
     10.54000      0.00000      0.00000      0.00000
     10.55000      0.00000      0.00000      0.00000
     10.56000      0.00000      0.00000      0.00000
     10.57000      0.00000      0.00000      0.00000
     10.58000      0.00000      0.00000      0.00000
     10.59000      0.00000      0.00000      0.00000
     10.60000      0.00000      0.00000      0.00000
     10.61000      0.00000      0.00000      0.00000
     10.62000      0.00000      0.00000      0.00000
     10.63000      0.00000      0.00000      0.00000
     10.64000      0.00000      0.00000      0.00000
     10.65000      0.00000      0.00000      0.00000
     10.66000      0.00000      0.00000      0.00000
     10.67000      0.00000      0.00000      0.00000
     10.68000      0.00000      0.00000      0.00000
     10.69000      0.00000      0.00000      0.00000
     10.70000      0.00000      0.00000      0.00000
     10.71000      0.00000      0.00000      0.00000
     10.72000      0.00000      0.00000      0.00000
     10.73000      0.00000      0.00000      0.00000
     10.74000      0.00000      0.00000      0.00000
     10.75000      0.00000      0.00000      0.00000
     10.76000      0.00000      0.00000      0.00000
     10.77000      0.00000      0.00000      0.00000
     10.78000      0.00000      0.00000      0.00000
     10.79000      0.00000      0.00000      0.00000
     10.80000      0.00000      0.00000      0.00000
     10.81000      0.00000      0.00000      0.00000
     10.82000      0.00000      0.00000      0.00000
     10.83000      0.00000      0.00000      0.00000
     10.84000      0.00000      0.00000      0.00000
     10.85000      0.00000      0.00000      0.00000
     10.86000      0.00000      0.00000      0.00000
     10.87000      0.00000      0.00000      0.00000
     10.88000      0.00048      0.00000      0.00054
     10.89000      0.03918      0.00000      0.04443
     10.90000      1.17831      0.00000      1.33602
     10.91000     13.03486      0.00000     14.77959
     10.92000     53.04695      0.00000     60.14732
     10.93000     79.41820      0.00000     90.04837
     10.94000     43.74064      0.00000     49.59535
     10.95000      8.86249      0.00000     10.04874
     10.96000      0.68156      0.00428      0.76569
     10.97000      0.75910      0.15091      0.61061
     10.98000      9.72709      1.96085      7.76625
     10.99000     49.03247      9.48669     39.54578
     11.00000    105.81684     17.71739     88.09944
     11.01000    121.97961     14.38534    107.59427
     11.02000     82.33377      6.35765     75.97612
     11.03000     26.69501      1.63122     25.06379
     11.04000      3.47915      0.19705      3.28211
     11.05000      0.17073      0.00948      0.16125
     11.06000      0.00310      0.00017      0.00293
     11.07000      0.00000      0.00000      0.00000
     11.08000      0.00000      0.00000      0.00000
     11.09000      0.00000      0.00000      0.00000
     11.10000      0.00000      0.00000      0.00000
     11.11000      0.01026      0.00065      0.00961
     11.12000      0.42875      0.02708      0.40166
     11.13000      6.59392      0.41649      6.17743
     11.14000     37.30721      2.35644     34.95077
     11.15000     77.65107      4.90469     72.74638
     11.16000     59.45763      3.75553     55.70210
     11.17000     16.74840      1.05788     15.69052
     11.18000      1.73558      0.10962      1.62596
     11.19000      0.06616      0.00418      0.06198
     11.20000      0.00093      0.00006      0.00087
     11.21000      0.00000      0.00000      0.00000
     11.22000      0.00000      0.00000      0.00000
     11.23000      0.00000      0.00000      0.00000
     11.24000      0.00000      0.00000      0.00000
     11.25000      0.00000      0.00000      0.00000
     11.26000      0.00000      0.00000      0.00000
     11.27000      0.00000      0.00000      0.00000
     11.28000      0.00000      0.00000      0.00000
     11.29000      0.00000      0.00000      0.00000
     11.30000      0.00000      0.00000      0.00000
     11.31000      0.00000      0.00000      0.00000
     11.32000      0.00000      0.00000      0.00000
     11.33000      0.00000      0.00000      0.00000
     11.34000      0.00000      0.00000      0.00000
     11.35000      0.00000      0.00000      0.00000
     11.36000      0.00000      0.00000      0.00000
     11.37000      0.00000      0.00000      0.00000
     11.38000      0.00000      0.00000      0.00000
     11.39000      0.00000      0.00000      0.00000
     11.40000      0.00000      0.00000      0.00000
     11.41000      0.00000      0.00000      0.00000
     11.42000      0.00000      0.00000      0.00000
     11.43000      0.00000      0.00000      0.00000
     11.44000      0.00000      0.00000      0.00000
     11.45000      0.00000      0.00000      0.00000
     11.46000      0.00000      0.00000      0.00000
     11.47000      0.00000      0.00000      0.00000
     11.48000      0.00000      0.00000      0.00000
     11.49000      0.00000      0.00000      0.00000
     11.50000      0.00000      0.00000      0.00000
     11.51000      0.00000      0.00000      0.00000
     11.52000      0.00137      0.00036      0.00101
     11.53000      0.09011      0.02387      0.06624
     11.54000      2.17570      0.57643      1.59927
     11.55000     19.32478      5.11987     14.20490
     11.56000     63.14447     16.72939     46.41509
     11.57000     75.90349     20.10974     55.79375
     11.58000     33.56554      8.89280     24.67274
     11.59000      5.46048      1.44669      4.01379
     11.60000      0.32679      0.08658      0.24021
     11.61000      0.00719      0.00191      0.00529
     11.62000      0.00000      0.00000      0.00000
     11.63000      0.00000      0.00000      0.00000
     11.64000      0.00000      0.00000      0.00000
     11.65000      0.00000      0.00000      0.00000
     11.66000      0.00000      0.00000      0.00000
     11.67000      0.00000      0.00000      0.00000
     11.68000      0.00924      0.00080      0.00844
     11.69000      0.39588      0.03429      0.36159
     11.70000      6.23997      0.54054      5.69943
     11.71000     36.18290      3.13438     33.04853
     11.72000     77.18439      6.68617     70.49822
     11.73000     60.57049      5.24697     55.32352
     11.74000     17.48631      1.51477     15.97154
     11.75000      1.85712      0.16087      1.69625
     11.76000      0.07256      0.00629      0.06627
     11.77000      0.00104      0.00009      0.00095
     11.78000      0.00000      0.00000      0.00000
     11.79000      0.00000      0.00000      0.00000
     11.80000      0.00270      0.00020      0.00250
     11.81000      0.15305      0.01149      0.14156
     11.82000      3.19101      0.23950      2.95151
     11.83000     24.47555      1.83697     22.63857
     11.84000     69.06256      5.18338     63.87917
     11.85000     71.68997      5.38058     66.30939
     11.86000     27.37661      2.05471     25.32190
     11.87000      3.84597      0.28865      3.55732
     11.88000      0.19876      0.01492      0.18385
     11.89000      0.00378      0.00028      0.00350
     11.90000      0.00000      0.00000      0.00000
     11.91000      0.00000      0.00000      0.00000
     11.92000      0.00000      0.00000      0.00000
     11.93000      0.00000      0.00000      0.00000
     11.94000      0.00000      0.00000      0.00000
     11.95000      0.00000      0.00000      0.00000
     11.96000      0.00000      0.00000      0.00000
     11.97000      0.00000      0.00000      0.00000
     11.98000      0.00000      0.00000      0.00000
     11.99000      0.00000      0.00000      0.00000
     12.00000      0.00000      0.00000      0.00000
     12.01000      0.00000      0.00000      0.00000
     12.02000      0.00000      0.00000      0.00000
     12.03000      0.00264      0.00000      0.00291
     12.04000      0.15020      0.00000      0.16609
     12.05000      3.14833      0.00000      3.48124
     12.06000     24.27657      0.00000     26.84361
     12.07000     68.86517      0.00000     76.14706
     12.08000     71.86498      0.00000     79.46408
     12.09000     27.58929      0.00000     30.50662
     12.10000      3.89645      0.00000      4.30847
     12.11000      0.20244      0.00000      0.22385
     12.12000      0.00387      0.00000      0.00428
     12.13000      0.00034      0.00008      0.00026
     12.14000      0.02977      0.00683      0.02295
     12.15000      0.96001      0.22013      0.73988
     12.16000     11.38693      2.61099      8.77594
     12.17000     49.68704     11.39308     38.29396
     12.18000     79.75997     18.28871     61.47126
     12.19000     47.10125     10.80017     36.30108
     12.20000     10.23258      2.34630      7.88628
     12.21000      0.81779      0.18752      0.63028
     12.22000      0.02404      0.00551      0.01853
     12.23000      0.00000      0.00000      0.00000
     12.24000      0.00000      0.00000      0.00000
     12.25000      0.00000      0.00000      0.00000
     12.26000      0.00000      0.00000      0.00000
     12.27000      0.00000      0.00000      0.00000
     12.28000      0.00000      0.00000      0.00000
     12.29000      0.00000      0.00000      0.00000
     12.30000      0.00000      0.00000      0.00000
     12.31000      0.00000      0.00000      0.00000
     12.32000      0.00000      0.00000      0.00000
     12.33000      0.00000      0.00000      0.00000
     12.34000      0.00000      0.00000      0.00000
     12.35000      0.00000      0.00000      0.00000
     12.36000      0.00000      0.00000      0.00000
     12.37000      0.00000      0.00000      0.00000
     12.38000      0.00000      0.00000      0.00000
     12.39000      0.00000      0.00000      0.00000
     12.40000      0.00000      0.00000      0.00000
     12.41000      0.00000      0.00000      0.00000
     12.42000      0.00000      0.00000      0.00000
     12.43000      0.00000      0.00000      0.00000
     12.44000      0.00000      0.00000      0.00000
     12.45000      0.00000      0.00000      0.00000
     12.46000      0.00000      0.00000      0.00000
     12.47000      0.00000      0.00000      0.00000
     12.48000      0.00000      0.00000      0.00000
     12.49000      0.00000      0.00000      0.00000
     12.50000      0.00000      0.00000      0.00000
     12.51000      0.00000      0.00000      0.00000
     12.52000      0.00000      0.00000      0.00000
     12.53000      0.00000      0.00000      0.00000
     12.54000      0.00000      0.00000      0.00000
     12.55000      0.00000      0.00000      0.00000
     12.56000      0.00000      0.00000      0.00000
     12.57000      0.00000      0.00000      0.00000
     12.58000      0.00000      0.00000      0.00000
     12.59000      0.00000      0.00000      0.00000
     12.60000      0.00000      0.00000      0.00000
     12.61000      0.00000      0.00000      0.00000
     12.62000      0.00000      0.00000      0.00000
     12.63000      0.00126      0.00021      0.00104
     12.64000      0.08400      0.01413      0.06987
     12.65000      2.06696      0.34767      1.71928
     12.66000     18.71678      3.14905     15.56773
     12.67000     62.56555     10.56217     52.00338
     12.68000     80.86249     14.29466     66.56783
     12.69000     64.49707     15.46760     49.02947
     12.70000     79.50452     24.71487     54.78964
     12.71000     68.20433     22.25222     45.95211
     12.72000     36.28594     15.50806     20.77789
     12.73000     57.93230     33.54490     24.38740
     12.74000     79.10406     46.76384     32.34021
     12.75000     41.54777     24.57834     16.96943
     12.76000      8.03942      4.75597      3.28345
     12.77000      0.57231      0.33857      0.23374
     12.78000      0.01499      0.00887      0.00612
     12.79000      0.00000      0.00000      0.00000
     12.80000      0.00000      0.00000      0.00000
