Energy-E_F (eV)    DOS (1/eV)    PDOS (1/eV)  of atom type H  C  
     -6.84000    203.31875     10.13358    193.18517
     -6.83000    293.87600     22.76143    271.11458
     -6.82000    227.25348     22.16528    205.08821
     -6.81000    123.94592      9.46584    114.48008
     -6.80000     89.44343      2.83354     86.60990
     -6.79000     62.77565      1.29481     61.48084
     -6.78000     89.29384      1.66598     87.62786
     -6.77000    138.77178      2.85775    135.91403
     -6.76000    164.23404      7.99878    156.23526
     -6.75000    238.23915     24.49680    213.74235
     -6.74000    300.86229     38.41361    262.44868
     -6.73000    213.00574     27.48538    185.52035
     -6.72000    120.75438      9.60622    111.14815
     -6.71000     96.65084      4.33946     92.31138
     -6.70000    123.95402     10.18255    113.77147
     -6.69000    216.77681     18.31050    198.46631
     -6.68000    196.64232     13.47143    183.17088
     -6.67000     97.17161      6.81069     90.36092
     -6.66000    136.63138     15.58260    121.04878
     -6.65000    237.67385     27.66461    210.00924
     -6.64000    168.37289     18.65877    149.71412
     -6.63000     76.30273      5.17939     71.12335
     -6.62000    122.78197      2.39190    120.39007
     -6.61000    160.37565      3.70852    156.66713
     -6.60000    118.45561      9.60437    108.85123
     -6.59000    150.97827     22.84992    128.12835
     -6.58000    224.20288     30.41743    193.78545
     -6.57000    212.23512     25.98112    186.25400
     -6.56000    141.37351     15.19631    126.17720
     -6.55000    116.85032      6.23062    110.61970
     -6.54000    153.52783      3.20339    150.32444
     -6.53000    130.69356      3.76557    126.92799
     -6.52000    115.32607     13.98081    101.34526
     -6.51000    211.09606     33.85776    177.23830
     -6.50000    221.13775     32.21086    188.92689
     -6.49000    128.89182     15.42915    113.46267
     -6.48000    112.96853     10.24746    102.72107
     -6.47000    143.08840      7.40975    135.67865
     -6.46000    174.87078      5.91044    168.96035
     -6.45000    174.95015     14.46489    160.48526
     -6.44000    194.43111     29.45202    164.97910
     -6.43000    188.22972     26.06333    162.16639
     -6.42000    158.08228     16.09653    141.98575
     -6.41000    204.20300     28.71784    175.48516
     -6.40000    273.19900     43.09479    230.10421
     -6.39000    271.78491     35.07080    236.71411
     -6.38000    276.85071     24.36972    252.48099
     -6.37000    214.70639     17.07843    197.62795
     -6.36000    123.30642     12.24824    111.05818
     -6.35000     74.70512      6.19383     68.51129
     -6.34000     93.67636      4.84880     88.82756
     -6.33000    120.23773     11.33203    108.90570
     -6.32000    107.81355     15.60920     92.20435
     -6.31000     90.91455      9.11589     81.79866
     -6.30000    140.80393      4.20305    136.60088
     -6.29000    172.76677      6.71485    166.05192
     -6.28000    138.76954     13.30214    125.46741
     -6.27000    121.61321     18.35207    103.26113
     -6.26000    201.25908     30.67120    170.58789
     -6.25000    322.50290     44.53901    277.96389
     -6.24000    297.92762     41.09684    256.83079
     -6.23000    259.06157     41.21643    217.84514
     -6.22000    260.72468     38.97619    221.74849
     -6.21000    222.51532     25.84536    196.66996
     -6.20000    164.32246     13.48099    150.84146
     -6.19000    156.48856     16.28686    140.20170
     -6.18000    170.15710     22.45881    147.69829
     -6.17000    117.79881     14.58582    103.21299
     -6.16000    100.26965      9.79503     90.47461
     -6.15000    161.47184     18.26985    143.20199
     -6.14000    172.04605     19.35986    152.68619
     -6.13000    135.90110     10.23180    125.66930
     -6.12000    144.97014     12.72178    132.24836
     -6.11000    219.76178     22.99338    196.76840
     -6.10000    193.02504     17.79290    175.23214
     -6.09000     73.71125      5.35556     68.35570
     -6.08000     13.13199      0.68996     12.44203
     -6.07000     20.36893      1.00334     19.36558
     -6.06000    112.07896      7.37867    104.70030
     -6.05000    276.62716     23.91236    252.71480
     -6.04000    315.48908     35.18896    280.30013
     -6.03000    192.78444     26.84583    165.93861
     -6.02000     88.47372     12.72026     75.75347
     -6.01000    117.08658     10.67579    106.41079
     -6.00000    246.27350     18.34002    227.93348
     -5.99000    305.16976     19.50784    285.66192
     -5.98000    224.17126     12.37892    211.79234
     -5.97000     97.64405      5.34188     92.30217
     -5.96000     91.61659      9.12784     82.48875
     -5.95000    202.56212     25.05422    177.50790
     -5.94000    244.85639     34.72453    210.13187
     -5.93000    172.19590     25.04380    147.15210
     -5.92000     78.98084     10.30812     68.67272
     -5.91000     61.41597      8.26672     53.14925
     -5.90000    173.55872     25.63138    147.92734
     -5.89000    268.96222     40.71925    228.24297
     -5.88000    238.88445     34.77304    204.11141
     -5.87000    208.09459     29.51537    178.57923
     -5.86000    170.60567     24.17239    146.43328
     -5.85000    128.53695     13.60253    114.93442
     -5.84000    141.16214      9.17599    131.98614
     -5.83000    151.33008     13.20693    138.12315
     -5.82000    135.13353     20.95910    114.17444
     -5.81000    166.38961     29.78378    136.60583
     -5.80000    244.65925     31.22632    213.43292
     -5.79000    320.36247     30.11406    290.24841
     -5.78000    272.97069     24.03768    248.93302
     -5.77000    111.93900      9.86274    102.07626
     -5.76000     28.09573      2.61137     25.48436
     -5.75000     52.47616      5.31624     47.15993
     -5.74000    128.15187     13.12542    115.02644
     -5.73000    200.43598     22.10716    178.32882
     -5.72000    224.81082     24.26495    200.54587
     -5.71000    194.62488     16.73266    177.89222
     -5.70000    139.14885     12.46133    126.68752
     -5.69000    106.09438     15.76946     90.32492
     -5.68000    167.45535     25.82033    141.63501
     -5.67000    219.72589     25.23295    194.49294
     -5.66000    177.01176     19.22157    157.79019
     -5.65000    197.96568     28.03265    169.93303
     -5.64000    259.88167     33.49187    226.38980
     -5.63000    251.10500     22.80166    228.30334
     -5.62000    299.42321     23.77727    275.64594
     -5.61000    353.54031     32.23834    321.30197
     -5.60000    290.66191     31.09912    259.56279
     -5.59000    344.24357     44.27425    299.96932
     -5.58000    574.94699     75.19592    499.75106
     -5.57000    722.04461     91.72183    630.32278
     -5.56000    702.62997     90.56288    612.06710
     -5.55000    638.69125     77.35159    561.33966
     -5.54000    575.91894     61.86222    514.05672
     -5.53000    535.02753     59.46102    475.56652
     -5.52000    501.23679     55.17487    446.06191
     -5.51000    455.43537     46.54597    408.88940
     -5.50000    450.94781     44.38173    406.56608
     -5.49000    526.90732     56.68556    470.22176
     -5.48000    476.50190     58.95012    417.55178
     -5.47000    299.49966     46.29877    253.20089
     -5.46000    267.25263     47.17432    220.07830
     -5.45000    267.88579     39.12785    228.75794
     -5.44000    204.72599     22.80991    181.91608
     -5.43000    166.94597     18.77842    148.16755
     -5.42000    136.16505     23.35694    112.80811
     -5.41000     83.90184     19.58237     64.31947
     -5.40000     95.54302     25.13828     70.40473
     -5.39000    182.77560     46.12493    136.65067
     -5.38000    257.70540     52.53003    205.17537
     -5.37000    303.31174     40.18670    263.12504
     -5.36000    316.54840     38.15287    278.39553
     -5.35000    253.14190     37.58797    215.55393
     -5.34000    137.77579     21.66530    116.11049
     -5.33000     48.28151      6.70246     41.57905
     -5.32000     36.30359      1.54521     34.75838
     -5.31000     74.09386      1.52156     72.57230
     -5.30000     70.96698      1.43684     69.53013
     -5.29000     55.67463      1.73895     53.93568
     -5.28000    111.49232      6.43963    105.05269
     -5.27000    149.84214     12.37003    137.47210
     -5.26000    103.75192      9.44539     94.30653
     -5.25000     83.13035      3.75259     79.37776
     -5.24000     77.73359      1.76621     75.96738
     -5.23000     33.80753      0.70969     33.09784
     -5.22000     10.28644      0.71579      9.57066
     -5.21000     37.14983      4.19933     32.95050
     -5.20000    126.69377     11.84022    114.85355
     -5.19000    235.97860     17.42261    218.55599
     -5.18000    245.71258     16.97542    228.73716
     -5.17000    122.29685      9.05640    113.24044
     -5.16000     25.30276      2.02721     23.27555
     -5.15000      2.33217      0.17853      2.15364
     -5.14000      5.20074      0.10852      5.09221
     -5.13000     32.96683      0.67289     32.29395
     -5.12000     85.54753      2.07607     83.47146
     -5.11000    135.30827      6.40900    128.89927
     -5.10000    214.91559     17.98321    196.93239
     -5.09000    215.92839     22.91025    193.01814
     -5.08000     95.22729     11.25077     83.97652
     -5.07000     35.11141      2.44892     32.66249
     -5.06000     64.10197      1.41018     62.69179
     -5.05000     75.99525      1.53146     74.46379
     -5.04000     34.38040      0.69350     33.68690
     -5.03000     16.09498      0.45463     15.64035
     -5.02000     61.45484      2.89125     58.56359
     -5.01000    149.15182      9.63126    139.52056
     -5.00000    179.24374     12.83126    166.41248
     -4.99000    130.64439      7.23292    123.41147
     -4.98000     56.29795      1.97012     54.32782
     -4.97000     11.27371      0.28305     10.99066
     -4.96000      1.35468      0.02870      1.32598
     -4.95000      7.70983      0.16029      7.54954
     -4.94000     51.43716      1.23234     50.20482
     -4.93000    148.68042      5.07976    143.60066
     -4.92000    203.73289     11.37124    192.36165
     -4.91000    138.02010     11.64406    126.37604
     -4.90000     44.06211      4.77269     39.28942
     -4.89000     11.23088      0.84774     10.38315
     -4.88000     33.41153      0.72402     32.68751
     -4.87000     76.52142      1.62757     74.89385
     -4.86000     75.80213      2.25022     73.55190
     -4.85000     87.29776      5.22416     82.07360
     -4.84000    167.86739     11.36491    156.50247
     -4.83000    204.43542     15.37042    189.06500
     -4.82000    159.18211     12.39470    146.78741
     -4.81000    112.60941      5.59422    107.01519
     -4.80000     60.80117      1.70976     59.09141
     -4.79000     15.34844      0.34150     15.00694
     -4.78000      4.27794      0.08816      4.18978
     -4.77000     26.31862      0.54176     25.77687
     -4.76000    101.32690      2.42127     98.90564
     -4.75000    180.00013      6.85768    173.14245
     -4.74000    172.02281     12.02617    159.99663
     -4.73000    103.55261     10.34656     93.20604
     -4.72000    103.31026      7.29071     96.01955
     -4.71000    244.86616     11.03177    233.83439
     -4.70000    424.63118     14.72304    409.90814
     -4.69000    500.90080     14.83213    486.06867
     -4.68000    463.25884     12.51784    450.74099
     -4.67000    447.32181     11.86220    435.45961
     -4.66000    425.12974     15.20273    409.92700
     -4.65000    362.32831     18.72369    343.60462
     -4.64000    276.46585     14.25788    262.20796
     -4.63000    211.29971      7.68956    203.61015
     -4.62000    160.95851      4.67834    156.28017
     -4.61000    131.65669      3.70957    127.94712
     -4.60000    153.41459      4.87885    148.53574
     -4.59000    230.38875      9.10499    221.28375
     -4.58000    273.78257     12.12519    261.65738
     -4.57000    260.67546     14.05239    246.62307
     -4.56000    261.85840     16.28239    245.57601
     -4.55000    200.29428     10.76758    189.52670
     -4.54000    109.05975      4.13767    104.92209
     -4.53000     91.27929      2.60601     88.67329
     -4.52000     82.67244      2.13951     80.53294
     -4.51000     96.11841      2.12570     93.99271
     -4.50000    151.93841      3.69919    148.23922
     -4.49000    195.94778      7.05311    188.89467
     -4.48000    221.72165     13.57487    208.14679
     -4.47000    246.20087     18.05358    228.14729
     -4.46000    231.88605     13.80201    218.08404
     -4.45000    159.93735      6.53460    153.40275
     -4.44000     94.42318      2.72583     91.69734
     -4.43000     82.01038      2.19328     79.81711
     -4.42000     82.19441      2.23117     79.96324
     -4.41000     69.22960      2.20512     67.02448
     -4.40000    140.53561      6.70791    133.82770
     -4.39000    248.89865     14.40614    234.49250
     -4.38000    233.99591     13.26168    220.73423
     -4.37000    121.79450      5.62684    116.16766
     -4.36000     82.75243      3.55658     79.19585
     -4.35000    146.18282      7.07764    139.10519
     -4.34000    139.29783      7.05889    132.23894
     -4.33000     69.87070      3.12798     66.74271
     -4.32000     98.65176      3.58691     95.06485
     -4.31000    216.16308     10.59587    205.56721
     -4.30000    301.45694     16.06165    285.39529
     -4.29000    241.30643     10.54641    230.76003
     -4.28000    125.49796      3.65531    121.84266
     -4.27000    112.24249      2.53721    109.70528
     -4.26000    152.75567      3.26093    149.49475
     -4.25000    119.98360      2.84114    117.14245
     -4.24000    119.42164      5.07023    114.35141
     -4.23000    225.90314     11.72569    214.17746
     -4.22000    332.75172     17.87120    314.88052
     -4.21000    329.19514     15.73483    313.46031
     -4.20000    170.23085      6.60944    163.62141
     -4.19000     57.03953      1.70158     55.33795
     -4.18000     70.40805      1.80644     68.60161
     -4.17000    100.05146      2.37258     97.67888
     -4.16000    109.97935      2.29299    107.68636
     -4.15000    134.98373      4.09728    130.88645
     -4.14000    198.35589     10.70778    187.64811
     -4.13000    266.31682     16.90004    249.41678
     -4.12000    259.45495     14.43081    245.02414
     -4.11000    189.26501      7.81920    181.44581
     -4.10000    136.56215      3.54814    133.01400
     -4.09000    138.24693      2.89377    135.35316
     -4.08000    117.18547      2.73012    114.45535
     -4.07000     74.66728      2.61214     72.05514
     -4.06000    113.44131      7.08299    106.35832
     -4.05000    198.52051     13.44865    185.07186
     -4.04000    208.82248     11.25103    197.57144
     -4.03000    177.58506      5.93222    171.65284
     -4.02000    167.27729      5.65610    161.62118
     -4.01000    183.84648      7.33642    176.51005
     -4.00000    157.66275      5.57979    152.08296
     -3.99000    164.84954      4.85330    159.99624
     -3.98000    186.27950      8.00938    178.27012
     -3.97000    180.43020     12.53773    167.89247
     -3.96000    181.75352     11.16044    170.59308
     -3.95000    164.68420      5.81958    158.86462
     -3.94000    145.65812      3.50299    142.15513
     -3.93000    109.13974      2.60552    106.53422
     -3.92000     71.09916      2.76657     68.33258
     -3.91000     90.49026      5.46719     85.02308
     -3.90000    134.90646      9.04911    125.85735
     -3.89000    174.44132     12.93243    161.50889
     -3.88000    129.99877     10.39742    119.60134
     -3.87000     39.68890      3.36573     36.32317
     -3.86000      4.56169      0.40705      4.15464
     -3.85000      0.38696      0.02254      0.36442
     -3.84000      4.13114      0.12002      4.01113
     -3.83000     35.50478      1.44164     34.06314
     -3.82000    130.86565      7.49497    123.37068
     -3.81000    216.58402     15.98081    200.60321
     -3.80000    158.48002     13.34117    145.13885
     -3.79000     49.54681      4.26489     45.28192
     -3.78000     22.35775      0.82148     21.53627
     -3.77000     82.07212      1.57479     80.49733
     -3.76000    170.31516      3.28820    167.02696
     -3.75000    204.00344      4.94018    199.06326
     -3.74000    249.36500     10.12986    239.23515
     -3.73000    274.97260     14.94288    260.02972
     -3.72000    201.83296     11.44392    190.38904
     -3.71000    141.36594      7.26910    134.09684
     -3.70000    149.86118      5.33786    144.52332
     -3.69000    177.37736      4.11787    173.25950
     -3.68000    146.17356      3.16120    143.01236
     -3.67000    138.96753      5.09857    133.86895
     -3.66000    184.76323     11.31033    173.45291
     -3.65000    181.96817     12.37874    169.58943
     -3.64000    126.03945      6.25516    119.78429
     -3.63000    121.76917      3.92358    117.84559
     -3.62000    134.12577      5.34224    128.78352
     -3.61000    142.01334      5.47663    136.53670
     -3.60000    187.52940      5.77782    181.75158
     -3.59000    238.27618     10.27969    227.99649
     -3.58000    210.62541     13.43234    197.19307
     -3.57000     99.37491      7.69741     91.67750
     -3.56000     34.81793      2.01687     32.80107
     -3.55000     77.54791      1.90685     75.64106
     -3.54000    177.48234      4.85036    172.63198
     -3.53000    235.18516      8.12614    227.05902
     -3.52000    224.44619     10.96603    213.48016
     -3.51000    191.30852     13.47805    177.83047
     -3.50000    148.57385      9.96404    138.60981
     -3.49000     97.45614      3.95948     93.49666
     -3.48000     62.32939      1.45473     60.87467
     -3.47000     81.58753      1.66705     79.92048
     -3.46000    104.86258      3.36384    101.49873
     -3.45000    191.57733     10.15759    181.41974
     -3.44000    310.15535     17.76419    292.39116
     -3.43000    254.93802     13.15576    241.78226
     -3.42000    141.81195      4.96900    136.84296
     -3.41000     67.12358      1.56202     65.56157
     -3.40000     23.20544      0.58261     22.62283
     -3.39000     50.41731      2.33614     48.08116
     -3.38000    174.13011      9.65344    164.47667
     -3.37000    321.33262     17.54855    303.78407
     -3.36000    300.85296     14.02304    286.82992
     -3.35000    132.25905      5.04382    127.21522
     -3.34000     58.00792      1.53413     56.47379
     -3.33000     81.70744      2.10199     79.60544
     -3.32000     86.90834      4.50029     82.40805
     -3.31000    119.56982     10.40261    109.16721
     -3.30000    210.23434     13.58707    196.64727
     -3.29000    255.27498     10.56567    244.70931
     -3.28000    182.58286      5.97721    176.60564
     -3.27000    123.75297      3.25877    120.49419
     -3.26000    142.08843      4.45641    137.63202
     -3.25000    161.76057      9.40839    152.35218
     -3.24000    136.32119     12.17114    124.15005
     -3.23000    113.25345      8.27167    104.98177
     -3.22000    196.41995      7.08321    189.33674
     -3.21000    233.83195      6.87737    226.95459
     -3.20000    155.74168      4.98693    150.75476
     -3.19000    151.08588      8.54350    142.54238
     -3.18000    174.81378     12.86363    161.95015
     -3.17000    148.78540      9.13505    139.65035
     -3.16000    111.81496      4.73273    107.08223
     -3.15000    124.50305      4.89602    119.60703
     -3.14000    181.62181      6.71176    174.91004
     -3.13000    229.04058     11.15526    217.88532
     -3.12000    200.82779     13.33245    187.49534
     -3.11000    183.70781      9.02716    174.68066
     -3.10000    200.66089      6.04669    194.61420
     -3.09000    195.87866      6.61272    189.26594
     -3.08000    195.50644      9.24156    186.26487
     -3.07000    180.68290     12.72838    167.95452
     -3.06000    174.39899     11.76362    162.63537
     -3.05000    195.88011      7.49887    188.38125
     -3.04000    326.50895      9.29458    317.21437
     -3.03000    374.50993     12.43032    362.07961
     -3.02000    236.28550     13.37677    222.90873
     -3.01000    119.32214     12.22342    107.09872
     -3.00000     55.95655      6.02161     49.93494
     -2.99000     69.25534      2.67240     66.58294
     -2.98000    148.52845      5.59744    142.93101
     -2.97000    181.49157     11.38463    170.10693
     -2.96000    132.51745     12.89672    119.62073
     -2.95000     55.72159      6.64441     49.07718
     -2.94000     27.90155      2.20500     25.69656
     -2.93000     91.70370      5.03806     86.66564
     -2.92000    216.20125     12.63778    203.56347
     -2.91000    257.62101     14.44484    243.17616
     -2.90000    163.26648      7.42297    155.84352
     -2.89000     82.25764      3.51533     78.74231
     -2.88000    112.31131      7.78602    104.52529
     -2.87000    145.74791     13.30867    132.43923
     -2.86000     90.28983      9.75927     80.53057
     -2.85000     49.67598      4.03431     45.64167
     -2.84000    120.28163      6.53553    113.74610
     -2.83000    230.90093     13.70739    217.19354
     -2.82000    231.73526     13.27726    218.45801
     -2.81000    165.65513      6.93200    158.72313
     -2.80000    142.86522      7.02488    135.84034
     -2.79000    145.84391     12.08956    133.75435
     -2.78000    113.70521     11.63992    102.06529
     -2.77000    103.49918      7.25270     96.24648
     -2.76000    166.44549      9.15645    157.28903
     -2.75000    215.12951     13.99759    201.13192
     -2.74000    202.38414     12.41250    189.97164
     -2.73000    201.05083      9.03893    192.01189
     -2.72000    200.49859     11.72369    188.77490
     -2.71000    184.40313     14.07168    170.33144
     -2.70000    144.33868     10.20048    134.13820
     -2.69000    169.25879     11.59061    157.66818
     -2.68000    252.13496     16.14998    235.98497
     -2.67000    247.84231     13.68905    234.15326
     -2.66000    250.45011     14.61389    235.83622
     -2.65000    320.78567     18.22304    302.56263
     -2.64000    331.71233     16.91400    314.79833
     -2.63000    258.49447     16.63060    241.86387
     -2.62000    159.27567     14.00983    145.26584
     -2.61000    139.03319     12.49521    126.53798
     -2.60000    175.63758     14.39923    161.23835
     -2.59000    152.17048     13.96620    138.20428
     -2.58000    151.09917     15.01024    136.08892
     -2.57000    189.75893     16.24043    173.51851
     -2.56000    190.89573     17.98214    172.91359
     -2.55000    170.17282     20.27869    149.89413
     -2.54000    208.51393     24.92863    183.58529
     -2.53000    276.16217     29.14632    247.01585
     -2.52000    242.13482     24.29348    217.84134
     -2.51000    132.37737     11.34901    121.02836
     -2.50000     93.55599      3.09312     90.46288
     -2.49000     68.30471      0.92290     67.38182
     -2.48000     31.94442      0.38932     31.55510
     -2.47000     70.43082      1.02887     69.40194
     -2.46000    199.59328      2.98038    196.61290
     -2.45000    278.42969      4.11759    274.31211
     -2.44000    188.00023      2.70536    185.29487
     -2.43000     91.18470      1.24436     89.94034
     -2.42000    131.20406      1.72613    129.47794
     -2.41000    154.47646      2.04975    152.42672
     -2.40000     88.16619      1.26587     86.90032
     -2.39000     89.65782      1.52153     88.13628
     -2.38000    155.41309      2.51784    152.89525
     -2.37000    192.33194      2.97481    189.35713
     -2.36000    187.36857      3.64387    183.72470
     -2.35000    190.18699      5.04993    185.13706
     -2.34000    149.90461      4.14946    145.75516
     -2.33000    142.61019      2.78073    139.82946
     -2.32000    230.60075      3.65953    226.94122
     -2.31000    187.32557      2.93432    184.39125
     -2.30000     62.44301      1.02718     61.41583
     -2.29000     68.44229      1.82554     66.61674
     -2.28000    359.84508     10.35064    349.49444
     -2.27000    931.36743     27.30028    904.06715
     -2.26000   1234.34333     35.96742   1198.37591
     -2.25000   1012.20599     28.98740    983.21859
     -2.24000    633.70180     18.28734    615.41445
     -2.23000    427.27851     12.13265    415.14586
     -2.22000    459.24344     12.30939    446.93405
     -2.21000    490.10923     12.97616    477.13306
     -2.20000    396.42745     10.15852    386.26893
     -2.19000    396.86361      9.96731    386.89629
     -2.18000    500.65573     13.28180    487.37393
     -2.17000    466.72287     12.40226    454.32061
     -2.16000    292.41571      7.10817    285.30754
     -2.15000    146.20490      2.96519    143.23971
     -2.14000     97.47590      1.47744     95.99846
     -2.13000     66.50229      0.90476     65.59753
     -2.12000     24.02365      0.32206     23.70159
     -2.11000     32.96461      0.44010     32.52451
     -2.10000    105.49999      1.42696    104.07303
     -2.09000    149.27484      2.05224    147.22260
     -2.08000     87.83721      1.22666     86.61055
     -2.07000     21.80895      0.30883     21.50013
     -2.06000     11.24696      0.16673     11.08023
     -2.05000     48.25515      0.71269     47.54246
     -2.04000    107.67068      1.53293    106.13774
     -2.03000    125.01185      1.66125    123.35060
     -2.02000     81.85665      1.02614     80.83051
     -2.01000     37.09128      0.51364     36.57764
     -2.00000     92.57763      1.68594     90.89169
     -1.99000    315.70403      6.18994    309.51409
     -1.98000    605.14043     12.29485    592.84557
     -1.97000    749.69546     15.15706    734.53840
     -1.96000    715.20190     14.02295    701.17895
     -1.95000    552.74749     10.67674    542.07075
     -1.94000    427.52200      8.23495    419.28705
     -1.93000    475.40263      9.18683    466.21580
     -1.92000    584.92858     11.38794    573.54063
     -1.91000    543.02330     10.46763    532.55567
     -1.90000    504.44423      9.23005    495.21419
     -1.89000    590.44625     10.36700    580.07924
     -1.88000    542.82288      9.60839    533.21449
     -1.87000    338.77494      6.17201    332.60293
     -1.86000    238.85032      4.40831    234.44201
     -1.85000    216.38278      3.82258    212.56020
     -1.84000    179.90863      2.74715    177.16148
     -1.83000    174.36962      2.32306    172.04656
     -1.82000    152.44929      2.10810    150.34118
     -1.81000    113.68897      1.69252    111.99645
     -1.80000     64.08618      0.96747     63.11871
     -1.79000     46.90042      0.60389     46.29654
     -1.78000    108.09450      1.30889    106.78561
     -1.77000    147.70602      1.84830    145.85772
     -1.76000     86.39903      1.11838     85.28064
     -1.75000     21.83990      0.28813     21.55177
     -1.74000     13.92391      0.16498     13.75893
     -1.73000     60.98755      0.71765     60.26990
     -1.72000    131.88294      1.59377    130.28918
     -1.71000    129.48024      1.61283    127.86740
     -1.70000     71.15551      0.88739     70.26812
     -1.69000     72.08769      0.83652     71.25117
     -1.68000    113.43077      1.29968    112.13109
     -1.67000    142.30587      1.66377    140.64210
     -1.66000    146.90996      1.77226    145.13770
     -1.65000     90.23728      1.11590     89.12138
     -1.64000     28.32340      0.35218     27.97121
     -1.63000     32.71273      0.37828     32.33445
     -1.62000    129.87605      1.50022    128.37583
     -1.61000    224.96135      2.63037    222.33098
     -1.60000    159.69074      1.89667    157.79407
     -1.59000     47.75921      0.57624     47.18297
     -1.58000     15.97716      0.19064     15.78653
     -1.57000     65.75497      0.77183     64.98314
     -1.56000    161.46391      1.88861    159.57530
     -1.55000    178.24217      2.07424    176.16793
     -1.54000    123.75471      1.43672    122.31800
     -1.53000     77.90312      0.94271     76.96041
     -1.52000     88.99149      1.13756     87.85393
     -1.51000    115.85412      1.38650    114.46762
     -1.50000    111.21040      1.19636    110.01405
     -1.49000     95.87129      1.09764     94.77364
     -1.48000    133.12378      1.72477    131.39901
     -1.47000    150.20988      1.92560    148.28428
     -1.46000     89.15879      1.05234     88.10645
     -1.45000     84.40582      0.84288     83.56294
     -1.44000    134.25082      1.47982    132.77099
     -1.43000    120.38733      1.53646    118.85087
     -1.42000     59.52796      0.81020     58.71776
     -1.41000     60.92888      0.69191     60.23697
     -1.40000    122.13135      1.20687    120.92448
     -1.39000    132.11484      1.13736    130.97748
     -1.38000     68.51113      0.52118     67.98995
     -1.37000     27.28020      0.22620     27.05401
     -1.36000     71.46352      0.66660     70.79692
     -1.35000    164.87114      1.48714    163.38400
     -1.34000    217.65876      2.11968    215.53908
     -1.33000    279.34534      3.18176    276.16357
     -1.32000    275.41136      3.19531    272.21604
     -1.31000    149.33925      1.57710    147.76215
     -1.30000     87.25400      0.92183     86.33217
     -1.29000    166.12755      2.05507    164.07248
     -1.28000    230.35950      3.07728    227.28222
     -1.27000    197.52675      2.45902    195.06773
     -1.26000    185.34147      1.74700    183.59447
     -1.25000    148.19836      1.31759    146.88077
     -1.24000    135.58922      1.52578    134.06344
     -1.23000    164.50955      1.93959    162.56997
     -1.22000    109.49879      1.12613    108.37265
     -1.21000     85.66168      0.51461     85.14708
     -1.20000    139.58137      1.11788    138.46349
     -1.19000    184.55453      2.36994    182.18460
     -1.18000    141.26212      2.24129    139.02083
     -1.17000     48.30453      0.83967     47.46486
     -1.16000     11.44315      0.22313     11.22002
     -1.15000     32.64728      0.68284     31.96444
     -1.14000     82.16753      1.66114     80.50639
     -1.13000    104.21456      1.81088    102.40367
     -1.12000     99.71993      1.33298     98.38694
     -1.11000     68.97339      0.89262     68.08077
     -1.10000     60.00371      1.12444     58.87927
     -1.09000     81.07467      1.71440     79.36028
     -1.08000     53.15589      1.12687     52.02902
     -1.07000     23.28313      0.40554     22.87759
     -1.06000     61.17833      0.85961     60.31872
     -1.05000    137.79398      2.14277    135.65122
     -1.04000    130.83933      2.27178    128.56755
     -1.03000     51.55046      0.97765     50.57282
     -1.02000     11.86597      0.24434     11.62162
     -1.01000     28.37798      0.60574     27.77224
     -1.00000     83.93367      1.69144     82.24224
     -0.99000    122.21767      2.09567    120.12200
     -0.98000    105.16858      1.43250    103.73608
     -0.97000     55.72384      0.73778     54.98606
     -0.96000     51.08782      1.02494     50.06288
     -0.95000     79.84697      1.74965     78.09732
     -0.94000     57.41691      1.23721     56.17970
     -0.93000     36.41308      0.57139     35.84169
     -0.92000     83.12058      1.10817     82.01241
     -0.91000    134.86854      2.14337    132.72517
     -0.90000    109.37776      2.06846    107.30930
     -0.89000     42.17856      0.88113     41.29742
     -0.88000     12.29009      0.26687     12.02322
     -0.87000     39.00718      0.80467     38.20250
     -0.86000    110.93040      2.07138    108.85902
     -0.85000    141.13081      2.26082    138.86999
     -0.84000     82.51969      1.13083     81.38886
     -0.83000     33.89248      0.55324     33.33924
     -0.82000     56.38492      1.25648     55.12844
     -0.81000     80.98959      1.81735     79.17224
     -0.80000     59.39010      1.14486     58.24524
     -0.79000     72.51262      0.92083     71.59179
     -0.78000    109.73712      1.54629    108.19083
     -0.77000    112.14648      2.10529    110.04119
     -0.76000     71.97785      1.56900     70.40885
     -0.75000     23.60236      0.52929     23.07307
     -0.74000     26.56210      0.50886     26.05324
     -0.73000    100.21612      1.78012     98.43600
     -0.72000    157.32365      2.62603    154.69761
     -0.71000     93.97366      1.47266     92.50101
     -0.70000     28.51380      0.48374     28.03006
     -0.69000     42.21234      0.97023     41.24211
     -0.68000     83.98178      1.90109     82.08069
     -0.67000     89.88811      1.66701     88.22110
     -0.66000     94.32007      1.19881     93.12126
     -0.65000     91.80201      1.30745     90.49456
     -0.64000     90.87583      1.89042     88.98541
     -0.63000     72.32971      1.68554     70.64417
     -0.62000     32.37018      0.69750     31.67268
     -0.61000     54.07977      0.83879     53.24098
     -0.60000    137.18712      2.23049    134.95663
     -0.59000    140.92687      2.47793    138.44895
     -0.58000     56.45712      1.07234     55.38477
     -0.57000     22.59530      0.50757     22.08773
     -0.56000     62.94494      1.41812     61.52682
     -0.55000    120.44609      2.32953    118.11657
     -0.54000    122.20664      1.81402    120.39263
     -0.53000     75.90745      1.03415     74.87330
     -0.52000     66.21565      1.42060     64.79505
     -0.51000     83.04835      2.00612     81.04223
     -0.50000     64.94722      1.32863     63.61859
     -0.49000     83.79502      1.13146     82.66355
     -0.48000    129.77174      2.05038    127.72136
     -0.47000    114.83864      2.33047    112.50816
     -0.46000     52.85969      1.22246     51.63722
     -0.45000     35.65056      0.73321     34.91735
     -0.44000    105.86939      1.93043    103.93895
     -0.43000    158.04143      2.72473    155.31670
     -0.42000     91.43748      1.51722     89.92026
     -0.41000     42.89206      0.90312     41.98894
     -0.40000     79.59453      1.87699     77.71754
     -0.39000    119.25940      2.30055    116.95885
     -0.38000    115.00981      1.62547    113.38433
     -0.37000     93.21975      1.57071     91.64904
     -0.36000     92.11681      2.18487     89.93194
     -0.35000     79.09239      1.74703     77.34536
     -0.34000     95.39014      1.43482     93.95532
     -0.33000    140.05936      2.35308    137.70628
     -0.32000    113.68454      2.38342    111.30112
     -0.31000     59.90529      1.31558     58.58971
     -0.30000     96.22386      1.73761     94.48626
     -0.29000    159.84303      2.84600    156.99702
     -0.28000    110.00877      2.02254    107.98623
     -0.27000     69.64603      1.46242     68.18361
     -0.26000    128.35038      2.54490    125.80548
     -0.25000    148.10574      2.53579    145.56995
     -0.24000    100.40043      1.79801     98.60242
     -0.23000    114.76292      2.44283    112.32008
     -0.22000    145.80034      2.61151    143.18883
     -0.21000    128.64105      2.16689    126.47416
     -0.20000    132.08932      2.67340    129.41592
     -0.19000    149.72476      2.66818    147.05658
     -0.18000    147.10428      2.51772    144.58656
     -0.17000    163.05161      3.03475    160.01686
     -0.16000    172.22165      2.85882    169.36283
     -0.15000    192.31501      3.16854    189.14647
     -0.14000    219.67750      3.50559    216.17191
     -0.13000    199.05368      3.24075    195.81293
     -0.12000    148.72981      3.11784    145.61198
     -0.11000    100.47489      2.68559     97.78930
     -0.10000     97.84785      2.85402     94.99383
     -0.09000     98.20588      2.89031     95.31557
     -0.08000    104.51641      3.08159    101.43482
     -0.07000    108.73322      3.20775    105.52547
     -0.06000    115.76619      3.41466    112.35153
     -0.05000    122.74747      3.61585    119.13162
     -0.04000    132.46226      3.89213    128.57013
     -0.03000    142.24784      4.16316    138.08469
     -0.02000    142.99042      4.16276    138.82766
     -0.01000    128.65580      3.71557    124.94022
      0.00000    103.17164      2.95611    100.21553
      0.01000     51.12539      1.46017     49.66522
      0.02000     10.91150      0.31140     10.60011
      0.03000      0.88726      0.02532      0.86194
      0.04000      0.02672      0.00076      0.02596
      0.05000      0.00000      0.00000      0.00000
      0.06000      0.00000      0.00000      0.00000
      0.07000      0.00000      0.00000      0.00000
      0.08000      0.00000      0.00000      0.00000
      0.09000      0.00000      0.00000      0.00000
      0.10000      0.00000      0.00000      0.00000
      0.11000      0.00000      0.00000      0.00000
      0.12000      0.00000      0.00000      0.00000
      0.13000      0.00000      0.00000      0.00000
      0.14000      0.00000      0.00000      0.00000
      0.15000      0.00000      0.00000      0.00000
      0.16000      0.00000      0.00000      0.00000
      0.17000      0.00000      0.00000      0.00000
      0.18000      0.00000      0.00000      0.00000
      0.19000      0.00000      0.00000      0.00000
      0.20000      0.00000      0.00000      0.00000
      0.21000      0.00000      0.00000      0.00000
      0.22000      0.00000      0.00000      0.00000
      0.23000      0.00000      0.00000      0.00000
      0.24000      0.00000      0.00000      0.00000
      0.25000      0.00000      0.00000      0.00000
      0.26000      0.00000      0.00000      0.00000
      0.27000      0.00000      0.00000      0.00000
      0.28000      0.00000      0.00000      0.00000
      0.29000      0.00000      0.00000      0.00000
      0.30000      0.00000      0.00000      0.00000
      0.31000      0.00000      0.00000      0.00000
      0.32000      0.00000      0.00000      0.00000
      0.33000      0.00000      0.00000      0.00000
      0.34000      0.00000      0.00000      0.00000
      0.35000      0.00000      0.00000      0.00000
      0.36000      0.00000      0.00000      0.00000
      0.37000      0.00000      0.00000      0.00000
      0.38000      0.00000      0.00000      0.00000
      0.39000      0.00000      0.00000      0.00000
      0.40000      0.00000      0.00000      0.00000
      0.41000      0.00000      0.00000      0.00000
      0.42000      0.00000      0.00000      0.00000
      0.43000      0.00000      0.00000      0.00000
      0.44000      0.00000      0.00000      0.00000
      0.45000      0.00000      0.00000      0.00000
      0.46000      0.00000      0.00000      0.00000
      0.47000      0.00000      0.00000      0.00000
      0.48000      0.00000      0.00000      0.00000
      0.49000      0.00000      0.00000      0.00000
      0.50000      0.00000      0.00000      0.00000
      0.51000      0.00000      0.00000      0.00000
      0.52000      0.00000      0.00000      0.00000
      0.53000      0.00000      0.00000      0.00000
      0.54000      0.00000      0.00000      0.00000
      0.55000      0.00000      0.00000      0.00000
      0.56000      0.00000      0.00000      0.00000
      0.57000      0.00000      0.00000      0.00000
      0.58000      0.00000      0.00000      0.00000
      0.59000      0.00000      0.00000      0.00000
      0.60000      0.00000      0.00000      0.00000
      0.61000      0.00000      0.00000      0.00000
      0.62000      0.00000      0.00000      0.00000
      0.63000      0.00000      0.00000      0.00000
      0.64000      0.00000      0.00000      0.00000
      0.65000      0.00000      0.00000      0.00000
      0.66000      0.00000      0.00000      0.00000
      0.67000      0.00000      0.00000      0.00000
      0.68000      0.00000      0.00000      0.00000
      0.69000      0.00000      0.00000      0.00000
      0.70000      0.00000      0.00000      0.00000
      0.71000      0.00000      0.00000      0.00000
      0.72000      0.00000      0.00000      0.00000
      0.73000      0.00000      0.00000      0.00000
      0.74000      0.00000      0.00000      0.00000
      0.75000      0.00000      0.00000      0.00000
      0.76000      0.00000      0.00000      0.00000
      0.77000      0.00000      0.00000      0.00000
      0.78000      0.00000      0.00000      0.00000
      0.79000      0.00000      0.00000      0.00000
      0.80000      0.00000      0.00000      0.00000
      0.81000      0.00000      0.00000      0.00000
      0.82000      0.00000      0.00000      0.00000
      0.83000      0.00000      0.00000      0.00000
      0.84000      0.00000      0.00000      0.00000
      0.85000      0.00000      0.00000      0.00000
      0.86000      0.00000      0.00000      0.00000
      0.87000      0.00000      0.00000      0.00000
      0.88000      0.00000      0.00000      0.00000
      0.89000      0.00000      0.00000      0.00000
      0.90000      0.00000      0.00000      0.00000
      0.91000      0.00000      0.00000      0.00000
      0.92000      0.00000      0.00000      0.00000
      0.93000      0.00000      0.00000      0.00000
      0.94000      0.00000      0.00000      0.00000
      0.95000      0.00000      0.00000      0.00000
      0.96000      0.00000      0.00000      0.00000
      0.97000      0.00000      0.00000      0.00000
      0.98000      0.00000      0.00000      0.00000
      0.99000      0.00000      0.00000      0.00000
      1.00000      0.00000      0.00000      0.00000
      1.01000      0.00000      0.00000      0.00000
      1.02000      0.00000      0.00000      0.00000
      1.03000      0.00000      0.00000      0.00000
      1.04000      0.00000      0.00000      0.00000
      1.05000      0.00000      0.00000      0.00000
      1.06000      0.00000      0.00000      0.00000
      1.07000      0.00000      0.00000      0.00000
      1.08000      0.00000      0.00000      0.00000
      1.09000      0.00000      0.00000      0.00000
      1.10000      0.00000      0.00000      0.00000
      1.11000      0.00000      0.00000      0.00000
      1.12000      0.00000      0.00000      0.00000
      1.13000      0.00000      0.00000      0.00000
      1.14000      0.00000      0.00000      0.00000
      1.15000      0.00000      0.00000      0.00000
      1.16000      0.00000      0.00000      0.00000
      1.17000      0.00000      0.00000      0.00000
      1.18000      0.00000      0.00000      0.00000
      1.19000      0.00000      0.00000      0.00000
      1.20000      0.00000      0.00000      0.00000
      1.21000      0.00000      0.00000      0.00000
      1.22000      0.00000      0.00000      0.00000
      1.23000      0.00000      0.00000      0.00000
      1.24000      0.00000      0.00000      0.00000
      1.25000      0.00000      0.00000      0.00000
      1.26000      0.00000      0.00000      0.00000
      1.27000      0.00000      0.00000      0.00000
      1.28000      0.00000      0.00000      0.00000
      1.29000      0.00000      0.00000      0.00000
      1.30000      0.00000      0.00000      0.00000
      1.31000      0.00000      0.00000      0.00000
      1.32000      0.00000      0.00000      0.00000
      1.33000      0.00000      0.00000      0.00000
      1.34000      0.00000      0.00000      0.00000
      1.35000      0.00000      0.00000      0.00000
      1.36000      0.00000      0.00000      0.00000
      1.37000      0.00000      0.00000      0.00000
      1.38000      0.00000      0.00000      0.00000
      1.39000      0.00000      0.00000      0.00000
      1.40000      0.00000      0.00000      0.00000
      1.41000      0.00000      0.00000      0.00000
      1.42000      0.00000      0.00000      0.00000
      1.43000      0.00000      0.00000      0.00000
      1.44000      0.00000      0.00000      0.00000
      1.45000      0.00000      0.00000      0.00000
      1.46000      0.00000      0.00000      0.00000
      1.47000      0.00000      0.00000      0.00000
      1.48000      0.00000      0.00000      0.00000
      1.49000      0.00000      0.00000      0.00000
      1.50000      0.00000      0.00000      0.00000
      1.51000      0.00000      0.00000      0.00000
      1.52000      0.00000      0.00000      0.00000
      1.53000      0.00000      0.00000      0.00000
      1.54000      0.00000      0.00000      0.00000
      1.55000      0.00000      0.00000      0.00000
      1.56000      0.00000      0.00000      0.00000
      1.57000      0.00000      0.00000      0.00000
      1.58000      0.00000      0.00000      0.00000
      1.59000      0.00000      0.00000      0.00000
      1.60000      0.00000      0.00000      0.00000
      1.61000      0.00000      0.00000      0.00000
      1.62000      0.00000      0.00000      0.00000
      1.63000      0.00000      0.00000      0.00000
      1.64000      0.00000      0.00000      0.00000
      1.65000      0.00000      0.00000      0.00000
      1.66000      0.00000      0.00000      0.00000
      1.67000      0.00000      0.00000      0.00000
      1.68000      0.00000      0.00000      0.00000
      1.69000      0.00000      0.00000      0.00000
      1.70000      0.00000      0.00000      0.00000
      1.71000      0.00000      0.00000      0.00000
      1.72000      0.00000      0.00000      0.00000
      1.73000      0.00000      0.00000      0.00000
      1.74000      0.00000      0.00000      0.00000
      1.75000      0.00000      0.00000      0.00000
      1.76000      0.00000      0.00000      0.00000
      1.77000      0.00000      0.00000      0.00000
      1.78000      0.00000      0.00000      0.00000
      1.79000      0.00000      0.00000      0.00000
      1.80000      0.00000      0.00000      0.00000
      1.81000      0.00000      0.00000      0.00000
      1.82000      0.00000      0.00000      0.00000
      1.83000      0.00000      0.00000      0.00000
      1.84000      0.00000      0.00000      0.00000
      1.85000      0.00000      0.00000      0.00000
      1.86000      0.00000      0.00000      0.00000
      1.87000      0.00000      0.00000      0.00000
      1.88000      0.00000      0.00000      0.00000
      1.89000      0.00000      0.00000      0.00000
      1.90000      0.00000      0.00000      0.00000
      1.91000      0.00000      0.00000      0.00000
      1.92000      0.00000      0.00000      0.00000
      1.93000      0.00000      0.00000      0.00000
      1.94000      0.00000      0.00000      0.00000
      1.95000      0.00000      0.00000      0.00000
      1.96000      0.00000      0.00000      0.00000
      1.97000      0.00000      0.00000      0.00000
      1.98000      0.00000      0.00000      0.00000
      1.99000      0.00000      0.00000      0.00000
      2.00000      0.00000      0.00000      0.00000
      2.01000      0.00000      0.00000      0.00000
      2.02000      0.00000      0.00000      0.00000
      2.03000      0.00000      0.00000      0.00000
      2.04000      0.00000      0.00000      0.00000
      2.05000      0.00000      0.00000      0.00000
      2.06000      0.00000      0.00000      0.00000
      2.07000      0.00000      0.00000      0.00000
      2.08000      0.00000      0.00000      0.00000
      2.09000      0.00000      0.00000      0.00000
      2.10000      0.00000      0.00000      0.00000
      2.11000      0.00000      0.00000      0.00000
      2.12000      0.00000      0.00000      0.00000
      2.13000      0.00000      0.00000      0.00000
      2.14000      0.00000      0.00000      0.00000
      2.15000      0.00000      0.00000      0.00000
      2.16000      0.00000      0.00000      0.00000
      2.17000      0.00000      0.00000      0.00000
      2.18000      0.00000      0.00000      0.00000
      2.19000      0.00000      0.00000      0.00000
      2.20000      0.00000      0.00000      0.00000
      2.21000      0.00000      0.00000      0.00000
      2.22000      0.00000      0.00000      0.00000
      2.23000      0.00000      0.00000      0.00000
      2.24000      0.00000      0.00000      0.00000
      2.25000      0.00000      0.00000      0.00000
      2.26000      0.00000      0.00000      0.00000
      2.27000      0.00000      0.00000      0.00000
      2.28000      0.00000      0.00000      0.00000
      2.29000      0.00000      0.00000      0.00000
      2.30000      0.00000      0.00000      0.00000
      2.31000      0.00000      0.00000      0.00000
      2.32000      0.00000      0.00000      0.00000
      2.33000      0.00000      0.00000      0.00000
      2.34000      0.00000      0.00000      0.00000
      2.35000      0.00000      0.00000      0.00000
      2.36000      0.00000      0.00000      0.00000
      2.37000      0.00000      0.00000      0.00000
      2.38000      0.00000      0.00000      0.00000
      2.39000      0.00000      0.00000      0.00000
      2.40000      0.00000      0.00000      0.00000
      2.41000      0.00000      0.00000      0.00000
      2.42000      0.00000      0.00000      0.00000
      2.43000      0.00000      0.00000      0.00000
      2.44000      0.00000      0.00000      0.00000
      2.45000      0.00000      0.00000      0.00000
      2.46000      0.00000      0.00000      0.00000
      2.47000      0.00000      0.00000      0.00000
      2.48000      0.00000      0.00000      0.00000
      2.49000      0.00000      0.00000      0.00000
      2.50000      0.00000      0.00000      0.00000
      2.51000      0.00000      0.00000      0.00000
      2.52000      0.00000      0.00000      0.00000
      2.53000      0.00000      0.00000      0.00000
      2.54000      0.00000      0.00000      0.00000
      2.55000      0.00000      0.00000      0.00000
      2.56000      0.00000      0.00000      0.00000
      2.57000      0.00000      0.00000      0.00000
      2.58000      0.00000      0.00000      0.00000
      2.59000      0.00000      0.00000      0.00000
      2.60000      0.00000      0.00000      0.00000
      2.61000      0.00000      0.00000      0.00000
      2.62000      0.00000      0.00000      0.00000
      2.63000      0.00000      0.00000      0.00000
      2.64000      0.00000      0.00000      0.00000
      2.65000      0.00000      0.00000      0.00000
      2.66000      0.00000      0.00000      0.00000
      2.67000      0.00000      0.00000      0.00000
      2.68000      0.00000      0.00000      0.00000
      2.69000      0.00000      0.00000      0.00000
      2.70000      0.00000      0.00000      0.00000
      2.71000      0.00000      0.00000      0.00000
      2.72000      0.00000      0.00000      0.00000
      2.73000      0.00000      0.00000      0.00000
      2.74000      0.00000      0.00000      0.00000
      2.75000      0.00000      0.00000      0.00000
      2.76000      0.00000      0.00000      0.00000
      2.77000      0.00000      0.00000      0.00000
      2.78000      0.00000      0.00000      0.00000
      2.79000      0.00000      0.00000      0.00000
      2.80000      0.00000      0.00000      0.00000
      2.81000      0.00000      0.00000      0.00000
      2.82000      0.00000      0.00000      0.00000
      2.83000      0.00000      0.00000      0.00000
      2.84000      0.00000      0.00000      0.00000
      2.85000      0.00000      0.00000      0.00000
      2.86000      0.00000      0.00000      0.00000
      2.87000      0.00000      0.00000      0.00000
      2.88000      0.00000      0.00000      0.00000
      2.89000      0.00000      0.00000      0.00000
      2.90000      0.00000      0.00000      0.00000
      2.91000      0.00000      0.00000      0.00000
      2.92000      0.00000      0.00000      0.00000
      2.93000      0.00000      0.00000      0.00000
      2.94000      0.00000      0.00000      0.00000
      2.95000      0.00000      0.00000      0.00000
      2.96000      0.00000      0.00000      0.00000
      2.97000      0.00000      0.00000      0.00000
      2.98000      0.00000      0.00000      0.00000
      2.99000      0.00000      0.00000      0.00000
      3.00000      0.00000      0.00000      0.00000
      3.01000      0.00000      0.00000      0.00000
      3.02000      0.00000      0.00000      0.00000
      3.03000      0.00000      0.00000      0.00000
      3.04000      0.00000      0.00000      0.00000
      3.05000      0.00000      0.00000      0.00000
      3.06000      0.00000      0.00000      0.00000
      3.07000      0.00000      0.00000      0.00000
      3.08000      0.00000      0.00000      0.00000
      3.09000      0.00000      0.00000      0.00000
      3.10000      0.00000      0.00000      0.00000
      3.11000      0.00000      0.00000      0.00000
      3.12000      0.00000      0.00000      0.00000
      3.13000      0.00000      0.00000      0.00000
      3.14000      0.00000      0.00000      0.00000
      3.15000      0.00000      0.00000      0.00000
      3.16000      0.00000      0.00000      0.00000
      3.17000      0.00000      0.00000      0.00000
      3.18000      0.00000      0.00000      0.00000
      3.19000      0.00000      0.00000      0.00000
      3.20000      0.00000      0.00000      0.00000
      3.21000      0.00000      0.00000      0.00000
      3.22000      0.00000      0.00000      0.00000
      3.23000      0.00000      0.00000      0.00000
      3.24000      0.00000      0.00000      0.00000
      3.25000      0.00000      0.00000      0.00000
      3.26000      0.00000      0.00000      0.00000
      3.27000      0.00000      0.00000      0.00000
      3.28000      0.00000      0.00000      0.00000
      3.29000      0.00000      0.00000      0.00000
      3.30000      0.00000      0.00000      0.00000
      3.31000      0.02487      0.00027      0.02460
      3.32000      0.90960      0.00986      0.89974
      3.33000     12.79934      0.13921     12.66013
      3.34000     72.00414      0.78787     71.21627
      3.35000    175.22139      1.94093    173.28045
      3.36000    218.86110      2.48713    216.37397
      3.37000    191.34459      2.27534    189.06925
      3.38000    160.11463      2.01585    158.09877
      3.39000    141.42148      1.88414    139.53734
      3.40000    129.69223      1.82478    127.86745
      3.41000    120.63152      1.78805    118.84347
      3.42000    114.74166      1.78864    112.95302
      3.43000    108.17202      1.77085    106.40117
      3.44000    106.72519      1.82991    104.89528
      3.45000    114.38961      2.05116    112.33845
      3.46000    164.30508      3.01776    161.28732
      3.47000    216.48007      4.01974    212.46033
      3.48000    226.63400      4.28884    222.34516
      3.49000    195.94523      3.79173    192.15350
      3.50000    186.42928      3.72423    182.70504
      3.51000    159.72145      3.27678    156.44467
      3.52000    164.36811      3.44925    160.91887
      3.53000    159.60139      3.43840    156.16299
      3.54000    125.41509      2.81113    122.60396
      3.55000    160.43452      3.62223    156.81229
      3.56000    145.09689      3.30018    141.79671
      3.57000    110.32710      2.73057    107.59653
      3.58000    138.77750      3.41220    135.36530
      3.59000    145.42879      3.42771    142.00108
      3.60000    124.29309      3.23056    121.06253
      3.61000    101.79959      2.82651     98.97308
      3.62000    119.13316      3.06651    116.06665
      3.63000    159.37131      4.15668    155.21463
      3.64000    110.51500      3.08562    107.42938
      3.65000     76.56727      2.37368     74.19358
      3.66000    126.31173      3.73231    122.57941
      3.67000    144.03682      3.86344    140.17339
      3.68000    112.41136      3.23681    109.17455
      3.69000     96.64680      3.32554     93.32127
      3.70000     80.71351      2.68979     78.02372
      3.71000    120.10012      3.54396    116.55616
      3.72000    157.87690      4.79051    153.08639
      3.73000     94.45804      3.09217     91.36587
      3.74000     63.47674      2.45374     61.02300
      3.75000    101.75541      3.82541     97.93000
      3.76000    125.12110      3.92606    121.19504
      3.77000    126.33749      3.84598    122.49151
      3.78000    111.40337      4.19950    107.20388
      3.79000     69.71196      2.95639     66.75558
      3.80000     61.17199      2.47560     58.69639
      3.81000    130.49296      4.76069    125.73227
      3.82000    147.77482      4.96895    142.80586
      3.83000     86.36390      3.05445     83.30945
      3.84000     78.31066      3.62774     74.68292
      3.85000     80.22996      3.82365     76.40631
      3.86000     75.18640      2.92529     72.26111
      3.87000    134.64018      4.82186    129.81832
      3.88000    145.12779      5.64239    139.48540
      3.89000     70.15937      3.05362     67.10575
      3.90000     52.33170      2.74166     49.59005
      3.91000     88.35008      4.56173     83.78835
      3.92000    102.04101      4.25704     97.78397
      3.93000    119.89131      4.16786    115.72346
      3.94000    125.94924      5.40834    120.54090
      3.95000     84.84649      4.41658     80.42991
      3.96000     41.19117      2.33398     38.85719
      3.97000     67.03637      3.68365     63.35271
      3.98000    124.33826      5.87616    118.46209
      3.99000    127.59605      4.84884    122.74721
      4.00000     94.56713      3.91104     90.65609
      4.01000     89.41837      5.11079     84.30759
      4.02000     65.89269      4.06572     61.82696
      4.03000     41.83833      2.41771     39.42062
      4.04000     97.76712      4.94218     92.82494
      4.05000    157.59870      8.87914    148.71956
      4.06000    133.18551     31.24317    101.94234
      4.07000    229.61084    158.61547     70.99537
      4.08000    495.83748    382.66334    113.17414
      4.09000    566.70843    455.23459    111.47383
      4.10000    495.64598    398.40558     97.24041
      4.11000    616.77787    448.01072    168.76715
      4.12000    754.43317    547.76687    206.66630
      4.13000    657.41442    527.07003    130.34439
      4.14000    539.71323    451.22513     88.48809
      4.15000    514.80748    401.63339    113.17408
      4.16000    482.68512    369.95831    112.72680
      4.17000    454.99771    345.84183    109.15588
      4.18000    487.44082    329.85200    157.58881
      4.19000    478.41356    315.98299    162.43056
      4.20000    395.94136    299.39116     96.55019
      4.21000    346.03292    285.16650     60.86642
      4.22000    365.80699    276.43418     89.37281
      4.23000    382.66290    267.93791    114.72499
      4.24000    376.33642    257.22614    119.11028
      4.25000    385.90966    249.45463    136.45503
      4.26000    377.40949    243.14729    134.26220
      4.27000    330.43548    234.72411     95.71137
      4.28000    279.43477    225.62636     53.80841
      4.29000    287.56067    219.79088     67.76979
      4.30000    333.51671    218.02321    115.49350
      4.31000    345.64471    210.89172    134.75299
      4.32000    326.71126    205.54619    121.16507
      4.33000    332.55069    198.69520    133.85548
      4.34000    421.01240    198.30449    222.70791
      4.35000    429.48188    191.86685    237.61503
      4.36000    374.07249    188.87372    185.19877
      4.37000    387.39714    184.33839    203.05875
      4.38000    434.02149    184.84290    249.17859
      4.39000    397.48253    178.89433    218.58820
      4.40000    325.48136    172.87934    152.60202
      4.41000    347.59624    174.99192    172.60432
      4.42000    316.21179    164.86368    151.34811
      4.43000    269.63208    170.27821     99.35387
      4.44000    299.22122    156.88725    142.33397
      4.45000    379.26216    169.53478    209.72738
      4.46000    340.54454    156.93195    183.61259
      4.47000    286.79089    156.61119    130.17970
      4.48000    296.90298    157.48599    139.41699
      4.49000    283.68636    147.79187    135.89449
      4.50000    245.92338    154.12827     91.79511
      4.51000    235.42796    144.10472     91.32324
      4.52000    321.88775    147.80416    174.08359
      4.53000    366.68647    151.01863    215.66784
      4.54000    277.50367    141.51308    135.99058
      4.55000    233.20769    140.86648     92.34121
      4.56000    374.38098    151.95797    222.42301
      4.57000    550.94479    160.39788    390.54690
      4.58000    534.86502    159.92402    374.94100
      4.59000    451.41747    159.27518    292.14230
      4.60000    464.26989    147.34800    316.92189
      4.61000    537.28143    150.71429    386.56714
      4.62000    492.49086    156.98332    335.50754
      4.63000    349.60645    133.25005    216.35640
      4.64000    316.95999    137.55661    179.40338
      4.65000    385.37469    151.50466    233.87003
      4.66000    422.32911    129.04084    293.28826
      4.67000    418.56743    136.16620    282.40123
      4.68000    391.50926    148.41357    243.09569
      4.69000    317.75001    117.66838    200.08163
      4.70000    335.48703    128.97220    206.51482
      4.71000    377.92276    150.75355    227.16921
      4.72000    331.69873    114.81326    216.88547
      4.73000    303.58298    116.26482    187.31816
      4.74000    345.36246    149.63505    195.72741
      4.75000    370.09969    120.39054    249.70916
      4.76000    343.95034    106.14232    237.80802
      4.77000    349.17312    145.42944    203.74368
      4.78000    314.55278    126.02402    188.52876
      4.79000    258.72062     91.19937    167.52125
      4.80000    311.74109    132.57006    179.17103
      4.81000    318.25208    142.23240    176.01968
      4.82000    277.19691     91.03252    186.16439
      4.83000    358.84966    109.07304    249.77662
      4.84000    361.12220    150.10063    211.02157
      4.85000    274.30744    108.39642    165.91102
      4.86000    253.68342     81.93289    171.75053
      4.87000    322.78845    135.50614    187.28231
      4.88000    318.52604    138.81994    179.70611
      4.89000    216.61595     78.19977    138.41619
      4.90000    241.97892     94.45299    147.52593
      4.91000    341.96707    149.34759    192.61948
      4.92000    366.08450    116.23961    249.84489
      4.93000    309.68938     72.34273    237.34665
      4.94000    268.69312    115.83406    152.85907
      4.95000    253.13988    145.18730    107.95258
      4.96000    169.55570     83.61046     85.94523
      4.97000    207.41423     67.99625    139.41798
      4.98000    355.06600    135.81445    219.25155
      4.99000    393.45211    142.64044    250.81166
      5.00000    289.86771     72.91290    216.95480
      5.01000    195.48298     69.90751    125.57547
      5.02000    259.28684    138.98259    120.30425
      5.03000    295.71194    131.85504    163.85690
      5.04000    179.15820     60.07432    119.08388
      5.05000    182.41310     71.70811    110.70499
      5.06000    321.02972    144.15607    176.87365
      5.07000    326.69444    125.28551    201.40893
      5.08000    272.44543     58.28829    214.15713
      5.09000    269.18177     74.96925    194.21252
      5.10000    263.96040    142.18616    121.77425
      5.11000    241.20308    123.46266    117.74042
      5.12000    201.67004     53.74845    147.92159
      5.13000    179.80317     62.15694    117.64624
      5.14000    244.20985    136.16665    108.04320
      5.15000    264.85678    131.09482    133.76196
      5.16000    209.69488     57.24388    152.45100
      5.17000    255.71012     56.63935    199.07077
      5.18000    357.71418    131.42003    226.29415
      5.19000    298.25063    141.40275    156.84788
      5.20000    164.56852     63.19784    101.37068
      5.21000    212.11846     43.77090    168.34755
      5.22000    391.08978    116.56823    274.52155
      5.23000    454.71348    161.86175    292.85172
      5.24000    319.60484     91.14322    228.46161
      5.25000    151.54340     34.05521    117.48820
      5.26000    111.11754     71.90526     39.21228
      5.27000    193.69342    143.21783     50.47559
      5.28000    234.01117    113.61252    120.39865
      5.29000    205.78613     44.93498    160.85115
      5.30000    196.45506     51.19761    145.25745
      5.31000    295.28371    128.16903    167.11468
      5.32000    341.65786    143.59348    198.06438
      5.33000    219.15910     64.72811    154.43098
      5.34000    169.74352     33.89285    135.85066
      5.35000    251.28784     91.58465    159.70318
      5.36000    250.87794    149.18691    101.69103
      5.37000    152.00459     96.72108     55.28351
      5.38000    155.88917     34.61749    121.27168
      5.39000    266.41738     55.41760    210.99978
      5.40000    314.01392    131.25649    182.75743
      5.41000    275.36073    138.48695    136.87378
      5.42000    221.22239     63.09728    158.12511
      5.43000    191.59841     34.61920    156.97921
      5.44000    259.46266     90.10696    169.35569
      5.45000    307.61307    149.15054    158.46253
      5.46000    173.97146     99.42989     74.54157
      5.47000     88.33208     36.16564     52.16644
      5.48000    164.91730     57.17043    107.74686
      5.49000    292.69099    123.81369    168.87730
      5.50000    343.52338    132.96965    210.55373
      5.51000    299.04510     80.22462    218.82047
      5.52000    260.83543     69.68484    191.15059
      5.53000    237.16816     93.82458    143.34358
      5.54000    193.30036    102.67648     90.62388
      5.55000    192.60551    120.22419     72.38132
      5.56000    277.61824    119.58986    158.02838
      5.57000    308.50992     84.03289    224.47703
      5.58000    228.54239     84.65450    143.88790
      5.59000    240.80437    137.00455    103.79982
      5.60000    319.84219    127.61903    192.22316
      5.61000    300.86101     85.33233    215.52868
      5.62000    193.91222     85.70772    108.20450
      5.63000    135.33177     77.96956     57.36221
      5.64000    200.99171     85.89999    115.09172
      5.65000    298.87578    109.00917    189.86661
      5.66000    295.79752    107.49829    188.29923
      5.67000    232.48388     81.59274    150.89114
      5.68000    300.65994    121.16631    179.49363
      5.69000    521.50201    330.16342    191.33858
      5.70000    662.16234    494.23125    167.93109
      5.71000    516.96734    383.35868    133.60866
      5.72000    347.08664    231.17229    115.91435
      5.73000    379.49366    195.84837    183.64529
      5.74000    470.51645    209.97711    260.53934
      5.75000    483.70286    215.20697    268.49589
      5.76000    344.21459    158.60686    185.60773
      5.77000    251.55152    122.40412    129.14740
      5.78000    367.29036    194.02049    173.26987
      5.79000    421.27967    230.61294    190.66674
      5.80000    326.97940    162.84692    164.13248
      5.81000    280.45153     99.15976    181.29177
      5.82000    379.08059    121.65255    257.42804
      5.83000    467.99198    184.11747    283.87451
      5.84000    426.35635    203.20792    223.14843
      5.85000    401.59216    239.11798    162.47418
      5.86000    408.97487    215.65097    193.32390
      5.87000    501.02526    216.70898    284.31628
      5.88000    611.40273    248.75499    362.64774
      5.89000    521.31173    212.17877    309.13295
      5.90000    417.60608    188.03607    229.57001
      5.91000    364.15575    151.43179    212.72396
      5.92000    283.71403    133.97441    149.73962
      5.93000    175.02441    113.41236     61.61205
      5.94000     74.96842     59.92926     15.03917
      5.95000     18.18759     15.70194      2.48564
      5.96000     21.04044     17.28703      3.75341
      5.97000    121.50871     93.64710     27.86161
      5.98000    303.50714    211.96983     91.53731
      5.99000    355.69168    207.66131    148.03038
      6.00000    325.11862    164.80169    160.31693
      6.01000    299.95741    156.31781    143.63960
      6.02000    195.76352     83.91382    111.84970
      6.03000    112.33743     23.43339     88.90404
      6.04000     52.86548      5.77239     47.09309
      6.05000     11.99044      1.29010     10.70034
      6.06000      8.26306      4.22690      4.03615
      6.07000     62.47669     31.60726     30.86943
      6.08000    216.76611    101.44508    115.32104
      6.09000    321.99038    157.30689    164.68350
      6.10000    251.65191    157.39027     94.26163
      6.11000    191.09094    159.60606     31.48488
      6.12000    193.68348    172.48216     21.20132
      6.13000    154.54861    116.33806     38.21056
      6.14000    166.21990     68.57518     97.64472
      6.15000    290.62364    141.71284    148.91080
      6.16000    373.16365    244.01752    129.14613
      6.17000    368.16889    257.70155    110.46734
      6.18000    294.85355    187.46862    107.38493
      6.19000    222.88081    154.22820     68.65261
      6.20000    283.53491    234.76826     48.76665
      6.21000    272.27537    228.30570     43.96967
      6.22000    143.72394    100.30186     43.42208
      6.23000    122.74880     44.64129     78.10750
      6.24000    214.17789    101.62585    112.55204
      6.25000    322.15910    188.58236    133.57674
      6.26000    378.46371    240.39099    138.07271
      6.27000    349.36361    222.74467    126.61894
      6.28000    210.56109    131.07539     79.48570
      6.29000    163.07660    109.65656     53.42004
      6.30000    204.41578    124.79779     79.61799
      6.31000    185.60105    101.29499     84.30606
      6.32000    146.15293     99.93547     46.21746
      6.33000    148.43952    116.83646     31.60307
      6.34000    165.69172    105.93323     59.75849
      6.35000    276.95704    125.60483    151.35221
      6.36000    422.17986    184.69355    237.48630
      6.37000    396.68164    211.34653    185.33511
      6.38000    275.45632    194.96567     80.49065
      6.39000    169.38252    139.92386     29.45865
      6.40000    137.09732    104.41211     32.68521
      6.41000    182.27016    109.55242     72.71774
      6.42000    226.21384    139.31397     86.89987
      6.43000    197.69611    145.61958     52.07653
      6.44000    133.92526     98.78932     35.13595
      6.45000    157.10740     89.83473     67.27268
      6.46000    179.58684     91.71405     87.87279
      6.47000    207.18988    118.18735     89.00252
      6.48000    283.57359    161.50539    122.06911
      6.49000    273.79860    138.52429    135.32285
      6.50000    203.35411     93.91874    110.43368
      6.51000    245.21899    184.83664     68.45594
      6.52000    465.21125    441.97197     50.25954
      6.53000    534.56369    532.76036     43.13850
      6.54000    418.88826    402.78498     53.21552
      6.55000    477.66535    437.52927     80.93083
      6.56000    701.88149    692.74629     73.02583
      6.57000    826.27363    816.57442     83.40021
      6.58000    857.94293    804.12294    117.18861
      6.59000    815.89642    749.52472    119.41894
      6.60000    616.20373    567.22041     95.88716
      6.61000    386.43660    379.17117     46.02704
      6.62000    325.73637    327.85777     31.93399
      6.63000    450.66467    402.68627     85.08915
      6.64000    541.38430    447.17224    131.96233
      6.65000    480.89684    421.08219     94.79237
      6.66000    386.96104    386.89915     33.15778
      6.67000    384.94247    398.51040     20.80994
      6.68000    393.68794    371.05987     55.71105
      6.69000    382.39140    328.54332     81.15826
      6.70000    354.79928    331.28284     48.46266
      6.71000    352.79835    360.24177     20.40078
      6.72000    379.32509    359.48073     49.62447
      6.73000    438.33687    333.10396    134.05799
      6.74000    548.45996    374.42339    200.80423
      6.75000    536.80633    381.08085    176.86403
      6.76000    407.96324    338.94352     89.74767
      6.77000    345.04506    335.71951     35.29682
      6.78000    309.22521    318.59628     18.04880
      6.79000    285.77201    299.65906     11.52735
      6.80000    310.63237    308.88462     26.28875
      6.81000    384.68926    325.51571     82.34081
      6.82000    447.71208    323.72992    141.62364
      6.83000    426.64611    306.79166    138.63042
      6.84000    320.55148    253.06705     89.42104
      6.85000    233.73486    207.98218     46.79533
      6.86000    290.52749    248.52722     64.79998
      6.87000    317.79614    259.40474     78.49720
      6.88000    265.47417    249.20347     37.82281
      6.89000    204.27414    215.48169      8.79334
      6.90000    203.90041    213.95254      6.92719
      6.91000    252.61479    253.60138     19.01091
      6.92000    320.49602    261.89915     77.46412
      6.93000    464.35516    289.66589    190.42733
      6.94000    472.88604    264.18496    218.85889
      6.95000    273.35734    148.97361    128.11917
      6.96000    228.42669    144.96055     89.05645
      6.97000    379.25740    311.21007     85.15211
      6.98000    455.82003    438.90443     42.79464
      6.99000    374.46870    383.51506     13.37640
      7.00000    261.52086    265.70862     13.84278
      7.01000    290.91720    252.30993     58.28988
      7.02000    388.64568    270.73126    134.23060
      7.03000    378.67177    245.25444    141.83829
      7.04000    279.87252    220.55122     70.07598
      7.05000    212.20415    215.17690     16.70598
      7.06000    136.78267    139.65666     11.96431
      7.07000     94.44157     53.55056     45.65264
      7.08000    170.01025     94.03454     81.00263
      7.09000    340.27045    265.97997     88.11320
      7.10000    485.82012    392.93230    114.84541
      7.11000    480.69640    370.62942    135.94507
      7.12000    374.16282    259.46530    133.37807
      7.13000    292.82072    177.80824    124.04276
      7.14000    325.14580    235.69723    104.53204
      7.15000    348.97522    292.39130     79.07951
      7.16000    233.24242    207.28760     39.04153
      7.17000    167.37902    127.35138     44.94315
      7.18000    272.11060    178.77370    103.03320
      7.19000    348.52177    243.82450    122.35582
      7.20000    261.93073    208.42631     68.86550
      7.21000    177.32435    140.57481     42.98804
      7.22000    159.87338     83.60881     77.35157
      7.23000    184.45868     73.81152    110.75683
      7.24000    242.65375    117.36985    125.97096
      7.25000    314.77238    198.15013    121.74582
      7.26000    410.03877    302.39307    123.05915
      7.27000    459.75657    342.81711    137.95599
      7.28000    411.51533    303.17111    124.32840
      7.29000    321.03657    257.96285     75.81187
      7.30000    393.58710    331.83489     79.96826
      7.31000    608.81892    457.40876    171.24929
      7.32000    691.94639    467.37650    236.99165
      7.33000    542.07731    350.72339    199.04447
      7.34000    427.12168    251.79451    187.32552
      7.35000    433.93527    246.15087    203.71341
      7.36000    350.83709    227.61173    137.46546
      7.37000    218.87105    141.71318     84.76200
      7.38000    163.77183     80.01708     86.83887
      7.39000    222.55976    139.83523     88.95528
      7.40000    358.70199    290.42089     79.59604
      7.41000    434.98850    350.85642     96.52262
      7.42000    375.05665    257.75816    127.64419
      7.43000    300.80112    149.61137    155.78390
      7.44000    296.94027    119.29276    178.46459
      7.45000    226.62675     81.28993    145.39339
      7.46000    156.47528     68.11402     88.43544
      7.47000    231.63349    158.33356     74.14692
      7.48000    395.66263    304.40465     95.05271
      7.49000    450.80583    361.99266     96.07856
      7.50000    312.27954    262.27930     57.70340
      7.51000    190.69023    133.57314     62.38954
      7.52000    207.74348     81.74799    127.82717
      7.53000    317.46066    138.09253    179.63114
      7.54000    427.34353    230.44478    197.02403
      7.55000    401.91075    243.31520    159.63003
      7.56000    298.61665    223.63148     79.79516
      7.57000    337.09582    310.73133     40.78373
      7.58000    476.24143    427.64403     72.76676
      7.59000    438.51080    337.07643    120.37187
      7.60000    390.23732    219.37743    182.33037
      7.61000    469.42644    220.02134    261.87396
      7.62000    505.14430    246.24657    274.18041
      7.63000    429.28639    250.97429    192.29456
      7.64000    300.02349    222.42720     88.95364
      7.65000    205.37540    178.87261     34.35496
      7.66000    175.77595    157.97387     25.48679
      7.67000    220.92104    172.61159     61.13523
      7.68000    272.36607    188.04212     96.28353
      7.69000    269.37445    185.75979     93.65839
      7.70000    204.93088    139.96063     74.00713
      7.71000    218.10271    108.86976    114.55709
      7.72000    295.33014    148.01202    155.13376
      7.73000    254.39458    168.09535     98.81026
      7.74000    212.17949    155.34470     65.23626
      7.75000    226.65559    169.43034     62.34128
      7.76000    234.91806    201.91919     41.17115
      7.77000    199.57304    165.87555     40.93410
      7.78000    121.19280     78.50551     45.08882
      7.79000     50.13454     25.39526     25.06267
      7.80000     55.28944     28.64132     27.20622
      7.81000    167.04548    102.52825     68.14782
      7.82000    269.08358    183.29598     94.88888
      7.83000    297.10209    197.34650    109.80580
      7.84000    319.82827    216.69667    112.05531
      7.85000    266.23868    185.10813     88.39240
      7.86000    186.28955    108.22404     80.89648
      7.87000    154.91998     97.97810     57.36254
      7.88000    131.55856    102.16046     29.42119
      7.89000    111.65075     83.48081     28.17041
      7.90000    103.76761     51.97365     51.79409
      7.91000    131.19266     57.69476     73.50604
      7.92000    130.03021     83.39590     46.81782
      7.93000     87.12504     75.66308     12.98303
      7.94000     88.39711     90.15234      2.88328
      7.95000    132.10206    127.47705      9.84765
      7.96000    220.66869    183.87031     39.34382
      7.97000    390.23603    297.38056     96.19173
      7.98000    541.81946    401.98123    148.39200
      7.99000    489.54588    340.94367    157.70107
      8.00000    369.54375    239.20132    134.21781
      8.01000    283.75893    217.23151     67.82474
      8.02000    190.15653    172.33642     18.81950
      8.03000     97.48906     92.66742      7.04226
      8.04000    111.07838     95.48237     22.15499
      8.05000    204.31263    153.57614     59.72036
      8.06000    244.37224    188.15744     62.58086
      8.07000    166.09985    142.75772     26.15664
      8.08000     60.30189     54.81759      6.13520
      8.09000     45.39824     37.26239      8.19824
      8.10000    101.13387     82.28660     18.84953
      8.11000    160.00314    133.86337     26.13985
      8.12000    184.03251    150.05049     33.98559
      8.13000    161.96087    108.56298     53.49875
      8.14000    200.40446    107.12638     94.32756
      8.15000    289.01029    180.54803    112.48542
      8.16000    384.61670    286.77432    103.59790
      8.17000    370.54068    305.09976     68.87392
      8.18000    256.73797    212.75767     45.45653
      8.19000    221.99925    130.31519     92.33934
      8.20000    263.03351    105.02623    158.22903
      8.21000    288.13703    111.69423    177.44673
      8.22000    372.01117    185.91483    191.30511
      8.23000    418.43658    261.61605    167.30443
      8.24000    267.50831    196.35470     81.95877
      8.25000    195.06377    160.40975     46.82485
      8.26000    293.43326    223.57126     80.57251
      8.27000    381.62333    281.29763    104.29959
      8.28000    355.99840    268.42255     88.34092
      8.29000    285.88106    217.18145     69.98167
      8.30000    234.52894    186.63693     50.55797
      8.31000    213.79083    178.17391     37.78932
      8.32000    195.41747    163.67686     32.51902
      8.33000    159.21003    131.41674     28.09431
      8.34000    165.19559    119.79075     47.05040
      8.35000    171.25241    126.18145     52.01989
