Energy-E_F (eV)    DOS (1/eV)    PDOS (1/eV)  of atom type H  C  
     -6.84014    201.96312      9.99302    191.97010
     -6.83014    293.55413     22.64716    270.90697
     -6.82014    228.79955     22.29375    206.50580
     -6.81014    124.73947      9.60205    115.13742
     -6.80014     89.78931      2.87091     86.91840
     -6.79014     62.90677      1.30026     61.60651
     -6.78014     88.75679      1.65697     87.09982
     -6.77014    138.34210      2.83380    135.50830
     -6.76014    163.76779      7.86860    155.89919
     -6.75014    236.98800     24.23812    212.74987
     -6.74014    300.83937     38.37685    262.46253
     -6.73014    214.57046     27.73993    186.83052
     -6.72014    121.49362      9.76586    111.72776
     -6.71014     96.67649      4.32296     92.35353
     -6.70014    122.96119     10.04324    112.91795
     -6.69014    216.11365     18.27485    197.83880
     -6.68014    197.85080     13.60810    184.24271
     -6.67014     97.63360      6.80761     90.82599
     -6.66014    135.14874     15.36486    119.78387
     -6.65014    237.30093     27.62407    209.67686
     -6.64014    170.00820     18.88790    151.12029
     -6.63014     76.69211      5.29231     71.39980
     -6.62014    122.01699      2.39252    119.62447
     -6.61014    160.50094      3.67308    156.82786
     -6.60014    118.53582      9.45912    109.07670
     -6.59014    150.09605     22.68818    127.40787
     -6.58014    223.81506     30.42214    193.39292
     -6.57014    212.74756     26.08592    186.66164
     -6.56014    142.18489     15.33212    126.85277
     -6.55014    116.91447      6.31342    110.60105
     -6.54014    153.25944      3.21775    150.04169
     -6.53014    131.04606      3.71240    127.33366
     -6.52014    114.54598     13.72616    100.81983
     -6.51014    209.94158     33.65911    176.28247
     -6.50014    222.14175     32.43092    189.71083
     -6.49014    129.60934     15.58923    114.02011
     -6.48014    112.79955     10.27526    102.52429
     -6.47014    142.79826      7.45124    135.34702
     -6.46014    173.96882      5.74558    168.22324
     -6.45014    172.43078     13.84383    158.58695
     -6.44014    193.32501     29.16700    164.15801
     -6.43014    191.08334     26.63080    164.45254
     -6.42014    159.52512     16.35469    143.17043
     -6.41014    203.14414     28.48436    174.65978
     -6.40014    272.80512     43.05452    229.75061
     -6.39014    272.14787     35.25448    236.89339
     -6.38014    278.52446     24.67566    253.84880
     -6.37014    218.10873     17.47712    200.63161
     -6.36014    123.49956     12.24983    111.24974
     -6.35014     72.65687      5.96921     66.68766
     -6.34014     92.44924      4.70257     87.74667
     -6.33014    119.86004     11.19954    108.66050
     -6.32014    108.08930     15.62994     92.45935
     -6.31014     90.87723      9.23695     81.64027
     -6.30014    140.03475      4.22402    135.81073
     -6.29014    172.92381      6.65470    166.26911
     -6.28014    139.23796     13.22700    126.01096
     -6.27014    121.26161     18.24841    103.01319
     -6.26014    199.35570     30.39288    168.96282
     -6.25014    321.87765     44.48702    277.39062
     -6.24014    298.90577     41.19701    257.70877
     -6.23014    259.08326     41.19310    217.89017
     -6.22014    260.86449     39.07536    221.78912
     -6.21014    223.43468     26.05113    197.38355
     -6.20014    164.83262     13.55383    151.27879
     -6.19014    155.92278     16.14682    139.77596
     -6.18014    170.27631     22.46746    147.80885
     -6.17014    118.82970     14.74802    104.08168
     -6.16014     99.99101      9.76117     90.22984
     -6.15014    160.76715     18.15051    142.61663
     -6.14014    172.23629     19.45315    152.78314
     -6.13014    136.19994     10.30761    125.89233
     -6.12014    144.19634     12.57111    131.62523
     -6.11014    219.21684     22.92500    196.29184
     -6.10014    194.46893     17.98031    176.48862
     -6.09014     74.93979      5.48143     69.45836
     -6.08014     13.37347      0.71000     12.66347
     -6.07014     19.90479      0.97339     18.93140
     -6.06014    110.24345      7.21827    103.02518
     -6.05014    274.67209     23.65529    251.01680
     -6.04014    316.18446     35.16365    281.02081
     -6.03014    194.65975     27.05037    167.60938
     -6.02014     89.34467     12.87673     76.46794
     -6.01014    116.24810     10.63474    105.61336
     -6.00014    245.15748     18.26438    226.89310
     -5.99014    305.22451     19.53611    285.68840
     -5.98014    225.43620     12.48346    212.95274
     -5.97014     98.46990      5.37922     93.09068
     -5.96014     90.66334      8.97291     81.69043
     -5.95014    201.17400     24.81748    176.35652
     -5.94014    244.97339     34.72112    210.25228
     -5.93014    173.36966     25.25793    148.11173
     -5.92014     80.04488     10.46297     69.58191
     -5.91014     60.95365      8.16923     52.78443
     -5.90014    171.82131     25.33144    146.48987
     -5.89014    268.48418     40.66495    227.81923
     -5.88014    239.21222     34.87810    204.33412
     -5.87014    208.51587     29.57284    178.94303
     -5.86014    171.52166     24.31524    147.20642
     -5.85014    128.91930     13.72184    115.19746
     -5.84014    140.67713      9.14502    131.53211
     -5.83014    151.24655     13.11940    138.12714
     -5.82014    135.16935     20.84618    114.32317
     -5.81014    165.83653     29.72944    136.10709
     -5.80014    243.64210     31.23734    212.40477
     -5.79014    319.73988     30.09916    289.64072
     -5.78014    274.52058     24.19187    250.32871
     -5.77014    113.78870     10.04729    103.74141
     -5.76014     28.32840      2.63294     25.69546
     -5.75014     51.60294      5.22299     46.37995
     -5.74014    127.29870     13.01032    114.28839
     -5.73014    200.11478     22.02208    178.09270
     -5.72014    224.95327     24.32016    200.63310
     -5.71014    194.83465     16.81017    178.02447
     -5.70014    139.69500     12.47841    127.21659
     -5.69014    106.06912     15.67883     90.39028
     -5.68014    166.43831     25.71752    140.72078
     -5.67014    219.99952     25.34980    194.64972
     -5.66014    179.05947     19.44465    159.61482
     -5.65014    199.71401     28.25357    171.46044
     -5.64014    258.44023     33.40999    225.03024
     -5.63014    246.25420     22.26401    223.99019
     -5.62014    295.70545     23.33697    272.36848
     -5.61014    358.07028     32.75578    325.31450
     -5.60014    297.72653     31.84634    265.88020
     -5.59014    344.17727     44.15808    300.01919
     -5.58014    567.50689     74.30772    493.19917
     -5.57014    717.53675     91.20197    626.33478
     -5.56014    702.00994     90.46559    611.54435
     -5.55014    638.89426     77.50957    561.38469
     -5.54014    576.73087     62.01278    514.71809
     -5.53014    535.45279     59.50161    475.95118
     -5.52014    501.17775     55.21783    445.95992
     -5.51014    455.59488     46.59467    409.00021
     -5.50014    450.24594     44.29091    405.95503
     -5.49014    525.75932     56.47439    469.28492
     -5.48014    478.82521     59.12010    419.70512
     -5.47014    302.81731     46.51863    256.29869
     -5.46014    267.81234     47.19571    220.61664
     -5.45014    268.67953     39.37455    229.30498
     -5.44014    205.69364     23.02545    182.66819
     -5.43014    167.40062     18.79558    148.60504
     -5.42014    136.64703     23.35314    113.29389
     -5.41014     84.10881     19.58564     64.52317
     -5.40014     94.54261     24.87163     69.67098
     -5.39014    181.11264     45.73839    135.37424
     -5.38014    256.87999     52.49148    204.38851
     -5.37014    303.78786     40.48630    263.30156
     -5.36014    317.23479     38.27278    278.96202
     -5.35014    254.36910     37.74874    216.62036
     -5.34014    138.96371     21.86485    117.09886
     -5.33014     48.72547      6.78941     41.93605
     -5.32014     35.98434      1.55423     34.43011
     -5.31014     73.78189      1.51654     72.26535
     -5.30014     71.29768      1.44162     69.85606
     -5.29014     55.56378      1.71378     53.85001
     -5.28014    110.69228      6.34640    104.34587
     -5.27014    149.81032     12.33586    137.47446
     -5.26014    104.32662      9.53323     94.79339
     -5.25014     83.16177      3.80383     79.35794
     -5.24014     78.03843      1.78054     76.25789
     -5.23014     34.24890      0.71880     33.53010
     -5.22014     10.39061      0.71647      9.67414
     -5.21014     36.97445      4.18815     32.78630
     -5.20014    125.91424     11.79290    114.12134
     -5.19014    234.78774     17.32677    217.46098
     -5.18014    245.97268     16.97573    228.99695
     -5.17014    123.59811      9.16375    114.43436
     -5.16014     25.85088      2.07818     23.77270
     -5.15014      2.39221      0.18504      2.20716
     -5.14014      5.10903      0.10692      5.00211
     -5.13014     32.61389      0.66584     31.94804
     -5.12014     85.22172      2.06809     83.15362
     -5.11014    135.14479      6.38557    128.75922
     -5.10014    214.60339     17.92291    196.68048
     -5.09014    216.26546     22.91762    193.34784
     -5.08014     95.83580     11.32200     84.51380
     -5.07014     35.07269      2.47386     32.59883
     -5.06014     63.76206      1.40638     62.35567
     -5.05014     76.19422      1.53558     74.65865
     -5.04014     34.73990      0.70044     34.03946
     -5.03014     16.04651      0.44695     15.59956
     -5.02014     60.81750      2.83311     57.98439
     -5.01014    148.34275      9.53976    138.80299
     -5.00014    179.34361     12.85851    166.48510
     -4.99014    131.38138      7.32273    124.05865
     -4.98014     56.88174      2.00675     54.87499
     -4.97014     11.45736      0.28916     11.16820
     -4.96014      1.36917      0.02907      1.34010
     -4.95014      7.62904      0.15822      7.47083
     -4.94014     51.03240      1.21527     49.81713
     -4.93014    147.87469      5.01154    142.86315
     -4.92014    203.37751     11.29489    192.08262
     -4.91014    138.76851     11.69848    127.07003
     -4.90014     44.77466      4.85704     39.91761
     -4.89014     11.35690      0.86983     10.48707
     -4.88014     33.25052      0.72227     32.52825
     -4.87014     76.39073      1.62285     74.76788
     -4.86014     75.67537      2.22933     73.44604
     -4.85014     86.53710      5.15521     81.38189
     -4.84014    167.10426     11.28884    155.81542
     -4.83014    204.62205     15.35697    189.26508
     -4.82014    159.98963     12.48229    147.50734
     -4.81014    113.19194      5.67109    107.52085
     -4.80014     61.10574      1.73084     59.37489
     -4.79014     15.45902      0.34486     15.11416
     -4.78014      4.27087      0.08804      4.18283
     -4.77014     26.15906      0.53753     25.62152
     -4.76014    100.86539      2.39619     98.46920
     -4.75014    179.39712      6.78079    172.61634
     -4.74014    171.95724     11.97872    159.97852
     -4.73014    104.02585     10.40494     93.62091
     -4.72014    103.02701      7.30045     95.72655
     -4.71014    244.62665     11.02629    233.60036
     -4.70014    425.06995     14.76798    410.30197
     -4.69014    500.56997     14.84209    485.72788
     -4.68014    462.46768     12.50000    449.96768
     -4.67014    446.63133     11.82236    434.80897
     -4.66014    424.73304     15.12164    409.61140
     -4.65014    362.56142     18.70573    343.85569
     -4.64014    277.26890     14.34590    262.92300
     -4.63014    211.82004      7.74465    204.07539
     -4.62014    161.41195      4.69729    156.71466
     -4.61014    131.82207      3.71109    128.11098
     -4.60014    153.07543      4.84847    148.22696
     -4.59014    229.59828      9.05183    220.54645
     -4.58014    273.71470     12.10937    261.60533
     -4.57014    260.73486     14.01369    246.72117
     -4.56014    262.08858     16.29804    245.79054
     -4.55014    201.19713     10.86103    190.33610
     -4.54014    109.51911      4.17961    105.33950
     -4.53014     91.32133      2.61076     88.71057
     -4.52014     82.82042      2.14449     80.67593
     -4.51014     96.03659      2.12405     93.91254
     -4.50014    151.62861      3.68276    147.94586
     -4.49014    195.44234      6.99206    188.45028
     -4.48014    220.98123     13.47488    207.50635
     -4.47014    245.91543     18.04820    227.86723
     -4.46014    232.65963     13.89689    218.76274
     -4.45014    160.80075      6.60514    154.19562
     -4.44014     94.71046      2.74386     91.96660
     -4.43014     81.95737      2.19241     79.76496
     -4.42014     82.25901      2.23199     80.02702
     -4.41014     69.06900      2.18671     66.88229
     -4.40014    139.70912      6.62865    133.08047
     -4.39014    248.42561     14.35445    234.07116
     -4.38014    234.70347     13.33533    221.36813
     -4.37014    122.39889      5.68512    116.71377
     -4.36014     82.30109      3.53088     78.77021
     -4.35014    145.57494      7.03839    138.53655
     -4.34014    139.90140      7.09452    132.80688
     -4.33014     70.41622      3.16448     67.25174
     -4.32014     98.22529      3.55099     94.67430
     -4.31014    215.25672     10.50369    204.75303
     -4.30014    301.56500     16.06700    285.49800
     -4.29014    242.32603     10.64090    231.68512
     -4.28014    125.85829      3.69362    122.16467
     -4.27014    112.17357      2.53811    109.63546
     -4.26014    152.87418      3.26232    149.61186
     -4.25014    119.79799      2.82518    116.97281
     -4.24014    118.49680      5.00900    113.48780
     -4.23014    225.16747     11.65654    213.51093
     -4.22014    332.88296     17.86011    315.02285
     -4.21014    330.04127     15.81420    314.22708
     -4.20014    170.97222      6.67666    164.29556
     -4.19014     57.15021      1.71459     55.43562
     -4.18014     70.26766      1.80364     68.46402
     -4.17014    100.07629      2.37372     97.70257
     -4.16014    109.97772      2.28944    107.68828
     -4.15014    134.58704      4.05501    130.53204
     -4.14014    197.53473     10.61841    186.91632
     -4.13014    265.88490     16.87413    249.01077
     -4.12014    259.89673     14.49301    245.40372
     -4.11014    190.12343      7.88929    182.23414
     -4.10014    136.97378      3.57710    133.39668
     -4.09014    138.39438      2.89966    135.49472
     -4.08014    117.23951      2.72918    114.51032
     -4.07014     74.41197      2.58629     71.82568
     -4.06014    112.79198      7.00979    105.78219
     -4.05014    198.40384     13.42810    184.97574
     -4.04014    209.33115     11.32018    198.01097
     -4.03014    177.54678      5.95480    171.59198
     -4.02014    166.73293      5.62202    161.11091
     -4.01014    183.83357      7.33565    176.49793
     -4.00014    158.09650      5.61431    152.48218
     -3.99014    164.84420      4.85014    159.99406
     -3.98014    186.05644      7.95230    178.10414
     -3.97014    180.25355     12.50050    167.75306
     -3.96014    181.98886     11.21772    170.77115
     -3.95014    164.84464      5.86541    158.97923
     -3.94014    145.87357      3.51550    142.35807
     -3.93014    109.29745      2.60452    106.69292
     -3.92014     70.72575      2.73607     67.98967
     -3.91014     89.96106      5.42598     84.53508
     -3.90014    134.80586      9.01678    125.78908
     -3.89014    174.53376     12.91776    161.61600
     -3.88014    130.66441     10.46387    120.20054
     -3.87014     40.17207      3.41978     36.75229
     -3.86014      4.65408      0.41777      4.23631
     -3.85014      0.38967      0.02311      0.36655
     -3.84014      4.07791      0.11742      3.96049
     -3.83014     35.11403      1.41441     33.69962
     -3.82014    129.79279      7.40081    122.39199
     -3.81014    216.03412     15.92302    200.11111
     -3.80014    159.51096     13.43144    146.07952
     -3.79014     50.41317      4.34096     46.07221
     -3.78014     22.62822      0.83827     21.78995
     -3.77014     82.32278      1.58020     80.74258
     -3.76014    170.26477      3.28462    166.98015
     -3.75014    203.45645      4.90567    198.55078
     -3.74014    248.95042     10.06192    238.88850
     -3.73014    274.90829     14.92832    259.97997
     -3.72014    201.61549     11.47543    190.14005
     -3.71014    141.29674      7.28920    134.00754
     -3.70014    150.39482      5.37519    145.01963
     -3.69014    177.63321      4.13653    173.49668
     -3.68014    145.95746      3.15182    142.80564
     -3.67014    138.45992      5.04836    133.41155
     -3.66014    184.44821     11.25543    173.19278
     -3.65014    182.40416     12.41931    169.98486
     -3.64014    126.44785      6.30869    120.13915
     -3.63014    121.42295      3.91110    117.51186
     -3.62014    133.71602      5.31970    128.39632
     -3.61014    142.15878      5.49446    136.66433
     -3.60014    187.42046      5.77006    181.65040
     -3.59014    237.98669     10.22302    227.76367
     -3.58014    211.00012     13.43775    197.56237
     -3.57014    100.09322      7.76598     92.32724
     -3.56014     34.96767      2.04425     32.92342
     -3.55014     77.13172      1.89593     75.23579
     -3.54014    176.76249      4.81553    171.94696
     -3.53014    234.75644      8.09145    226.66499
     -3.52014    224.56325     10.93672    213.62653
     -3.51014    191.65296     13.47919    178.17377
     -3.50014    149.06331     10.02606    139.03725
     -3.49014     97.87243      4.00030     93.87213
     -3.48014     62.40654      1.46182     60.94472
     -3.47014     81.42259      1.66080     79.76179
     -3.46014    104.36664      3.32645    101.04019
     -3.45014    190.27256     10.06621    180.20635
     -3.44014    309.98455     17.75053    292.23402
     -3.43014    256.13001     13.24453    242.88549
     -3.42014    142.51472      5.01866    137.49606
     -3.41014     67.48127      1.57438     65.90690
     -3.40014     23.26308      0.58122     22.68186
     -3.39014     49.88738      2.30181     47.58557
     -3.38014    172.87357      9.56754    163.30602
     -3.37014    320.53362     17.51443    303.01919
     -3.36014    301.88137     14.10000    287.78137
     -3.35014    133.45927      5.10780    128.35147
     -3.34014     58.11397      1.54390     56.57008
     -3.33014     81.56582      2.09255     79.47328
     -3.32014     86.79344      4.46304     82.33040
     -3.31014    118.95152     10.34813    108.60339
     -3.30014    209.48305     13.58662    195.89643
     -3.29014    255.33368     10.59758    244.73610
     -3.28014    183.49092      6.01983    177.47109
     -3.27014    124.03286      3.27393    120.75894
     -3.26014    141.82147      4.42983    137.39165
     -3.25014    161.60174      9.35826    152.24348
     -3.24014    136.59812     12.17942    124.41870
     -3.23014    112.99181      8.29988    104.69193
     -3.22014    195.62722      7.07354    188.55368
     -3.21014    234.35336      6.90010    227.45326
     -3.20014    156.37200      4.99434    151.37767
     -3.19014    150.87570      8.49700    142.37870
     -3.18014    174.81181     12.86023    161.95158
     -3.17014    149.04261      9.18046    139.86215
     -3.16014    111.62664      4.73533    106.89131
     -3.15014    124.13551      4.88260    119.25292
     -3.14014    181.50633      6.70213    174.80419
     -3.13014    229.05936     11.12116    217.93820
     -3.12014    201.15663     13.34716    187.80948
     -3.11014    183.75295      9.06868    174.68427
     -3.10014    200.46606      6.04718    194.41888
     -3.09014    195.64158      6.58994    189.05165
     -3.08014    195.66119      9.21944    186.44174
     -3.07014    180.83243     12.71257    168.11986
     -3.06014    174.69419     11.80552    162.88867
     -3.05014    196.16738      7.53723    188.63015
     -3.04014    325.99355      9.27647    316.71707
     -3.03014    374.07192     12.39020    361.68172
     -3.02014    236.64208     13.35373    223.28835
     -3.01014    119.89444     12.25549    107.63895
     -3.00014     56.26873      6.07132     50.19740
     -2.99014     68.83317      2.67018     66.16299
     -2.98014    147.82015      5.55282    142.26733
     -2.97014    181.52457     11.34841    170.17615
     -2.96014    133.19538     12.92656    120.26882
     -2.95014     56.22076      6.69749     49.52327
     -2.94014     27.69994      2.20718     25.49276
     -2.93014     90.76290      4.98573     85.77717
     -2.92014    215.57142     12.59280    202.97862
     -2.91014    258.18653     14.48292    243.70362
     -2.90014    164.06315      7.47580    156.58735
     -2.89014     82.16966      3.50521     78.66446
     -2.88014    111.72431      7.73135    103.99297
     -2.87014    145.97865     13.30250    132.67615
     -2.86014     90.93155      9.81461     81.11693
     -2.85014     49.56787      4.04831     45.51957
     -2.84014    119.53157      6.49152    113.04004
     -2.83014    230.74582     13.68364    217.06218
     -2.82014    232.20834     13.31650    218.89184
     -2.81014    165.71800      6.95130    158.76670
     -2.80014    142.58427      6.99438    135.58989
     -2.79014    146.03378     12.07383    133.95995
     -2.78014    114.00773     11.66791    102.33982
     -2.77014    103.22623      7.25864     95.96758
     -2.76014    166.20285      9.12831    157.07454
     -2.75014    215.17188     13.98589    201.18598
     -2.74014    202.27469     12.43488    189.83981
     -2.73014    201.06546      9.04927    192.01619
     -2.72014    200.62056     11.70748    188.91308
     -2.71014    184.45736     14.07682    170.38054
     -2.70014    144.52260     10.21810    134.30450
     -2.69014    168.84959     11.56433    157.28525
     -2.68014    251.92688     16.14833    235.77855
     -2.67014    248.15708     13.70915    234.44793
     -2.66014    250.07255     14.58737    235.48518
     -2.65014    319.29803     18.17451    301.12352
     -2.64014    330.61892     16.87686    313.74206
     -2.63014    259.74022     16.66414    243.07608
     -2.62014    161.13188     14.08204    147.04985
     -2.61014    139.45931     12.51114    126.94817
     -2.60014    175.73429     14.40843    161.32586
     -2.59014    152.42040     13.98461    138.43579
     -2.58014    151.10614     15.01847    136.08767
     -2.57014    189.76632     16.25006    173.51625
     -2.56014    191.14413     17.99932    173.14481
     -2.55014    170.14826     20.26532    149.88294
     -2.54014    207.38948     24.78586    182.60362
     -2.53014    274.64208     28.94976    245.69232
     -2.52014    242.56773     24.34405    218.22369
     -2.51014    133.78610     11.54325    122.24286
     -2.50014     94.11079      3.17593     90.93485
     -2.49014     68.49583      0.93520     67.56063
     -2.48014     32.04088      0.39078     31.65010
     -2.47014     70.41602      1.02826     69.38776
     -2.46014    199.53185      2.97900    196.55286
     -2.45014    278.46217      4.11816    274.34401
     -2.44014    188.04687      2.70641    185.34046
     -2.43014     91.15185      1.24406     89.90779
     -2.42014    131.14765      1.72537    129.42228
     -2.41014    154.49737      2.04993    152.44744
     -2.40014     88.16637      1.26555     86.90081
     -2.39014     89.58681      1.52017     88.06663
     -2.38014    155.41248      2.51801    152.89448
     -2.37014    192.33214      2.97459    189.35755
     -2.36014    187.29245      3.64049    183.65196
     -2.35014    190.15894      5.04766    185.11128
     -2.34014    150.03366      4.15273    145.88093
     -2.33014    142.65171      2.78259    139.86912
     -2.32014    230.56206      3.65918    226.90288
     -2.31014    187.38224      2.93530    184.44694
     -2.30014     62.52731      1.02891     61.49841
     -2.29014     68.67287      1.83254     66.84033
     -2.28014    360.19331     10.36169    349.83162
     -2.27014    930.07484     27.26080    902.81404
     -2.26014   1231.53795     35.88127   1195.65668
     -2.25014   1011.58150     28.96833    982.61317
     -2.24014    635.41246     18.33953    617.07294
     -2.23014    429.44612     12.19816    417.24797
     -2.22014    460.98185     12.36196    448.61990
     -2.21014    490.27712     12.98226    477.29485
     -2.20014    394.58171     10.10461    384.47710
     -2.19014    392.74735      9.84530    382.90205
     -2.18014    501.06516     13.29215    487.77301
     -2.17014    471.55963     12.54353    459.01610
     -2.16014    292.70781      7.11673    285.59108
     -2.15014    145.21655      2.93689    142.27966
     -2.14014     97.22232      1.47036     95.75196
     -2.13014     66.49914      0.90438     65.59477
     -2.12014     24.03808      0.32224     23.71585
     -2.11014     32.97003      0.44018     32.52985
     -2.10014    105.49715      1.42693    104.07022
     -2.09014    149.26656      2.05213    147.21444
     -2.08014     87.83964      1.22668     86.61296
     -2.07014     21.81124      0.30885     21.50238
     -2.06014     11.23100      0.16649     11.06451
     -2.05014     48.21372      0.71204     47.50168
     -2.04014    107.67123      1.53290    106.13833
     -2.03014    125.06043      1.66198    123.39845
     -2.02014     81.87536      1.02650     80.84887
     -2.01014     37.15201      0.51500     36.63700
     -2.00014     93.03683      1.69580     91.34103
     -1.99014    316.75430      6.21238    310.54193
     -1.98014    605.35190     12.29965    593.05225
     -1.97014    748.49500     15.13224    733.36276
     -1.96014    714.28354     14.00397    700.27957
     -1.95014    552.58966     10.67344    541.91622
     -1.94014    428.08236      8.24569    419.83666
     -1.93014    477.29849      9.22295    468.07554
     -1.92014    585.77666     11.40352    574.37315
     -1.91014    541.28644     10.43354    530.85289
     -1.90014    503.19519      9.20586    493.98933
     -1.89014    589.76818     10.35416    579.41402
     -1.88014    542.32666      9.59885    532.72780
     -1.87014    339.36380      6.18316    333.18064
     -1.86014    240.08296      4.43311    235.64985
     -1.85014    216.38553      3.82530    212.56022
     -1.84014    179.40074      2.73914    176.66160
     -1.83014    174.07769      2.31838    171.75931
     -1.82014    151.95899      2.09998    149.85900
     -1.81014    113.58817      1.69003    111.89814
     -1.80014     64.62829      0.97524     63.65305
     -1.79014     47.16553      0.60797     46.55756
     -1.78014    108.06513      1.30862    106.75651
     -1.77014    147.71548      1.84836    145.86711
     -1.76014     86.47667      1.11937     85.35730
     -1.75014     21.87449      0.28860     21.58589
     -1.74014     13.89334      0.16464     13.72871
     -1.73014     60.88094      0.71636     60.16458
     -1.72014    131.81123      1.59282    130.21840
     -1.71014    129.57977      1.61399    127.96578
     -1.70014     71.38833      0.89017     70.49815
     -1.69014     72.31481      0.83915     71.47566
     -1.68014    113.26992      1.29783    111.97209
     -1.67014    141.99563      1.66018    140.33545
     -1.66014    146.89763      1.77211    145.12553
     -1.65014     90.33314      1.11705     89.21609
     -1.64014     28.36994      0.35276     28.01719
     -1.63014     32.76670      0.37889     32.38781
     -1.62014    129.97090      1.50125    128.46965
     -1.61014    224.92251      2.62986    222.29265
     -1.60014    159.58951      1.89555    157.69395
     -1.59014     47.74418      0.57613     47.16805
     -1.58014     15.96349      0.19050     15.77300
     -1.57014     65.69792      0.77118     64.92674
     -1.56014    161.51635      1.88921    159.62714
     -1.55014    178.51734      2.07738    176.43996
     -1.54014    123.79751      1.43718    122.36033
     -1.53014     77.67872      0.94009     76.73863
     -1.52014     88.85151      1.13598     87.71554
     -1.51014    115.79118      1.38594    114.40524
     -1.50014    111.21397      1.19637    110.01760
     -1.49014     95.95473      1.09823     94.85650
     -1.48014    133.28816      1.72641    131.56175
     -1.47014    150.28558      1.92665    148.35892
     -1.46014     88.99564      1.05072     87.94493
     -1.45014     84.20543      0.84054     83.36490
     -1.44014    134.13741      1.47791    132.65950
     -1.43014    120.48116      1.53727    118.94389
     -1.42014     59.72068      0.81272     58.90796
     -1.41014     61.09485      0.69402     60.40083
     -1.40014    122.12899      1.20700    120.92199
     -1.39014    131.98021      1.13585    130.84435
     -1.38014     68.45887      0.52045     67.93842
     -1.37014     27.16269      0.22473     26.93796
     -1.36014     71.14229      0.66269     70.47960
     -1.35014    164.91077      1.48714    163.42363
     -1.34014    218.36156      2.12723    216.23434
     -1.33014    279.70751      3.18613    276.52138
     -1.32014    275.07330      3.19236    271.88094
     -1.31014    148.97416      1.57348    147.40068
     -1.30014     86.94278      0.91826     86.02453
     -1.29014    166.25159      2.05591    164.19568
     -1.28014    230.73322      3.08166    227.65155
     -1.27014    197.40171      2.45895    194.94276
     -1.26014    185.18063      1.74584    183.43479
     -1.25014    148.20080      1.31717    146.88364
     -1.24014    135.50833      1.52521    133.98312
     -1.23014    164.50700      1.93950    162.56749
     -1.22014    109.60219      1.12659    108.47561
     -1.21014     85.64920      0.51463     85.13457
     -1.20014    139.62131      1.11815    138.50316
     -1.19014    184.65682      2.37050    182.28632
     -1.18014    141.28621      2.24114    139.04507
     -1.17014     48.29194      0.83929     47.45265
     -1.16014     11.44574      0.22317     11.22257
     -1.15014     32.67324      0.68338     31.98986
     -1.14014     82.17738      1.66139     80.51599
     -1.13014    104.16833      1.81008    102.35824
     -1.12014     99.69418      1.33250     98.36169
     -1.11014     69.00644      0.89312     68.11333
     -1.10014     60.05861      1.12547     58.93314
     -1.09014     81.08228      1.71451     79.36777
     -1.08014     53.11098      1.12591     51.98507
     -1.07014     23.24568      0.40493     22.84075
     -1.06014     61.14726      0.85944     60.28782
     -1.05014    137.81897      2.14336    135.67561
     -1.04014    130.87616      2.27204    128.60412
     -1.03014     51.54309      0.97722     50.56588
     -1.02014     11.86485      0.24429     11.62057
     -1.01014     28.40012      0.60627     27.79384
     -1.00014     83.92071      1.69153     82.22917
     -0.99014    122.11892      2.09429    120.02464
     -0.98014    105.15213      1.43202    103.72011
     -0.97014     55.79421      0.73852     55.05569
     -0.96014     51.12519      1.02543     50.09976
     -0.95014     79.85158      1.74970     78.10188
     -0.94014     57.39739      1.23688     56.16051
     -0.93014     36.35120      0.57065     35.78054
     -0.92014     83.04655      1.10731     81.93924
     -0.91014    134.90688      2.14370    132.76318
     -0.90014    109.45192      2.06926    107.38266
     -0.89014     42.20341      0.88145     41.32196
     -0.88014     12.28693      0.26681     12.02013
     -0.87014     38.96769      0.80405     38.16364
     -0.86014    110.84303      2.07031    108.77271
     -0.85014    141.11027      2.26076    138.84951
     -0.84014     82.60632      1.13186     81.47446
     -0.83014     33.93033      0.55345     33.37689
     -0.82014     56.36081      1.25582     55.10499
     -0.81014     80.99006      1.81741     79.17265
     -0.80014     59.38073      1.14515     58.23558
     -0.79014     72.45039      0.92021     71.53019
     -0.78014    109.72649      1.54573    108.18076
     -0.77014    112.18810      2.10541    110.08269
     -0.76014     72.03419      1.57001     70.46418
     -0.75014     23.62579      0.52982     23.09597
     -0.74014     26.50919      0.50788     26.00132
     -0.73014    100.10023      1.77809     98.32214
     -0.72014    157.33405      2.62640    154.70765
     -0.71014     94.08735      1.47461     92.61274
     -0.70014     28.53578      0.48387     28.05191
     -0.69014     42.13734      0.96842     41.16892
     -0.68014     83.95080      1.90044     82.05036
     -0.67014     89.93917      1.66857     88.27059
     -0.66014     94.33404      1.19935     93.13469
     -0.65014     91.76163      1.30611     90.45552
     -0.64014     90.83241      1.88908     88.94333
     -0.63014     72.40117      1.68717     70.71400
     -0.62014     32.42812      0.69892     31.72920
     -0.61014     54.01875      0.83750     53.18124
     -0.60014    137.09092      2.22827    134.86265
     -0.59014    140.98364      2.47909    138.50456
     -0.58014     56.55042      1.07443     55.47599
     -0.57014     22.56852      0.50689     22.06163
     -0.56014     62.83492      1.41560     61.41933
     -0.55014    120.43339      2.32970    118.10369
     -0.54014    122.29224      1.81622    120.47602
     -0.53014     75.92799      1.03414     74.89385
     -0.52014     66.13503      1.41830     64.71673
     -0.51014     83.06248      2.00638     81.05611
     -0.50014     65.05508      1.33112     63.72397
     -0.49014     83.80234      1.13138     82.67095
     -0.48014    129.66827      2.04789    127.62038
     -0.47014    114.83574      2.33063    112.50511
     -0.46014     52.94545      1.22468     51.72078
     -0.45014     35.62437      0.73252     34.89185
     -0.44014    105.76759      1.92780    103.83978
     -0.43014    158.07754      2.72564    155.35191
     -0.42014     91.52803      1.51953     90.00850
     -0.41014     42.84915      0.90200     41.94715
     -0.40014     79.51427      1.87493     77.63934
     -0.39014    119.31766      2.30214    117.01553
     -0.38014    115.06505      1.62689    113.43816
     -0.37014     93.15490      1.56887     91.58603
     -0.36014     92.08767      2.18404     89.90363
     -0.35014     79.16720      1.74912     77.41808
     -0.34014     95.38546      1.43489     93.95057
     -0.33014    140.00490      2.35149    137.65341
     -0.32014    113.72636      2.38431    111.34205
     -0.31014     59.93658      1.31668     58.61989
     -0.30014     96.13834      1.73616     94.40218
     -0.29014    159.83104      2.84572    156.98532
     -0.28014    110.10590      2.02429    108.08161
     -0.27014     69.65653      1.46253     68.19401
     -0.26014    128.30937      2.54431    125.76506
     -0.25014    148.12221      2.53622    145.58599
     -0.24014    100.38966      1.79741     98.59224
     -0.23014    114.67866      2.44158    112.23708
     -0.22014    145.78443      2.61215    143.17227
     -0.21014    128.68702      2.16761    126.51941
     -0.20014    132.00363      2.67268    129.33095
     -0.19014    149.63377      2.66792    146.96585
     -0.18014    147.13642      2.51829    144.61812
     -0.17014    162.93917      3.03408    159.90509
     -0.16014    172.13835      2.85868    169.27967
     -0.15014    192.23950      3.16853    189.07097
     -0.14014    219.70428      3.50596    216.19832
     -0.13014    199.33191      3.24339    196.08853
     -0.12014    148.98672      3.12031    145.86641
     -0.11014    100.59613      2.68756     97.90857
     -0.10014     97.92309      2.85623     95.06685
     -0.09014     98.32766      2.89415     95.43351
     -0.08014    104.66871      3.08641    101.58230
     -0.07014    108.93122      3.21401    105.71721
     -0.06014    116.00445      3.42222    112.58223
     -0.05014    122.96225      3.62284    119.33941
     -0.04014    132.32994      3.88900    128.44093
     -0.03014    141.31091      4.13637    137.17454
     -0.02014    141.77261      4.12741    137.64519
     -0.01014    128.24629      3.70353    124.54275
     -0.00014    103.59651      2.96790    100.62861
      0.00986     51.91725      1.48251     50.43474
      0.01986     11.23310      0.32051     10.91259
      0.02986      0.92658      0.02643      0.90014
      0.03986      0.02831      0.00081      0.02750
      0.04986      0.00032      0.00001      0.00031
      0.05986      0.00000      0.00000      0.00000
      0.06986      0.00000      0.00000      0.00000
      0.07986      0.00000      0.00000      0.00000
      0.08986      0.00000      0.00000      0.00000
      0.09986      0.00000      0.00000      0.00000
      0.10986      0.00000      0.00000      0.00000
      0.11986      0.00000      0.00000      0.00000
      0.12986      0.00000      0.00000      0.00000
      0.13986      0.00000      0.00000      0.00000
      0.14986      0.00000      0.00000      0.00000
      0.15986      0.00000      0.00000      0.00000
      0.16986      0.00000      0.00000      0.00000
      0.17986      0.00000      0.00000      0.00000
      0.18986      0.00000      0.00000      0.00000
      0.19986      0.00000      0.00000      0.00000
      0.20986      0.00000      0.00000      0.00000
      0.21986      0.00000      0.00000      0.00000
      0.22986      0.00000      0.00000      0.00000
      0.23986      0.00000      0.00000      0.00000
      0.24986      0.00000      0.00000      0.00000
      0.25986      0.00000      0.00000      0.00000
      0.26986      0.00000      0.00000      0.00000
      0.27986      0.00000      0.00000      0.00000
      0.28986      0.00000      0.00000      0.00000
      0.29986      0.00000      0.00000      0.00000
      0.30986      0.00000      0.00000      0.00000
      0.31986      0.00000      0.00000      0.00000
      0.32986      0.00000      0.00000      0.00000
      0.33986      0.00000      0.00000      0.00000
      0.34986      0.00000      0.00000      0.00000
      0.35986      0.00000      0.00000      0.00000
      0.36986      0.00000      0.00000      0.00000
      0.37986      0.00000      0.00000      0.00000
      0.38986      0.00000      0.00000      0.00000
      0.39986      0.00000      0.00000      0.00000
      0.40986      0.00000      0.00000      0.00000
      0.41986      0.00000      0.00000      0.00000
      0.42986      0.00000      0.00000      0.00000
      0.43986      0.00000      0.00000      0.00000
      0.44986      0.00000      0.00000      0.00000
      0.45986      0.00000      0.00000      0.00000
      0.46986      0.00000      0.00000      0.00000
      0.47986      0.00000      0.00000      0.00000
      0.48986      0.00000      0.00000      0.00000
      0.49986      0.00000      0.00000      0.00000
      0.50986      0.00000      0.00000      0.00000
      0.51986      0.00000      0.00000      0.00000
      0.52986      0.00000      0.00000      0.00000
      0.53986      0.00000      0.00000      0.00000
      0.54986      0.00000      0.00000      0.00000
      0.55986      0.00000      0.00000      0.00000
      0.56986      0.00000      0.00000      0.00000
      0.57986      0.00000      0.00000      0.00000
      0.58986      0.00000      0.00000      0.00000
      0.59986      0.00000      0.00000      0.00000
      0.60986      0.00000      0.00000      0.00000
      0.61986      0.00000      0.00000      0.00000
      0.62986      0.00000      0.00000      0.00000
      0.63986      0.00000      0.00000      0.00000
      0.64986      0.00000      0.00000      0.00000
      0.65986      0.00000      0.00000      0.00000
      0.66986      0.00000      0.00000      0.00000
      0.67986      0.00000      0.00000      0.00000
      0.68986      0.00000      0.00000      0.00000
      0.69986      0.00000      0.00000      0.00000
      0.70986      0.00000      0.00000      0.00000
      0.71986      0.00000      0.00000      0.00000
      0.72986      0.00000      0.00000      0.00000
      0.73986      0.00000      0.00000      0.00000
      0.74986      0.00000      0.00000      0.00000
      0.75986      0.00000      0.00000      0.00000
      0.76986      0.00000      0.00000      0.00000
      0.77986      0.00000      0.00000      0.00000
      0.78986      0.00000      0.00000      0.00000
      0.79986      0.00000      0.00000      0.00000
      0.80986      0.00000      0.00000      0.00000
      0.81986      0.00000      0.00000      0.00000
      0.82986      0.00000      0.00000      0.00000
      0.83986      0.00000      0.00000      0.00000
      0.84986      0.00000      0.00000      0.00000
      0.85986      0.00000      0.00000      0.00000
      0.86986      0.00000      0.00000      0.00000
      0.87986      0.00000      0.00000      0.00000
      0.88986      0.00000      0.00000      0.00000
      0.89986      0.00000      0.00000      0.00000
      0.90986      0.00000      0.00000      0.00000
      0.91986      0.00000      0.00000      0.00000
      0.92986      0.00000      0.00000      0.00000
      0.93986      0.00000      0.00000      0.00000
      0.94986      0.00000      0.00000      0.00000
      0.95986      0.00000      0.00000      0.00000
      0.96986      0.00000      0.00000      0.00000
      0.97986      0.00000      0.00000      0.00000
      0.98986      0.00000      0.00000      0.00000
      0.99986      0.00000      0.00000      0.00000
      1.00986      0.00000      0.00000      0.00000
      1.01986      0.00000      0.00000      0.00000
      1.02986      0.00000      0.00000      0.00000
      1.03986      0.00000      0.00000      0.00000
      1.04986      0.00000      0.00000      0.00000
      1.05986      0.00000      0.00000      0.00000
      1.06986      0.00000      0.00000      0.00000
      1.07986      0.00000      0.00000      0.00000
      1.08986      0.00000      0.00000      0.00000
      1.09986      0.00000      0.00000      0.00000
      1.10986      0.00000      0.00000      0.00000
      1.11986      0.00000      0.00000      0.00000
      1.12986      0.00000      0.00000      0.00000
      1.13986      0.00000      0.00000      0.00000
      1.14986      0.00000      0.00000      0.00000
      1.15986      0.00000      0.00000      0.00000
      1.16986      0.00000      0.00000      0.00000
      1.17986      0.00000      0.00000      0.00000
      1.18986      0.00000      0.00000      0.00000
      1.19986      0.00000      0.00000      0.00000
      1.20986      0.00000      0.00000      0.00000
      1.21986      0.00000      0.00000      0.00000
      1.22986      0.00000      0.00000      0.00000
      1.23986      0.00000      0.00000      0.00000
      1.24986      0.00000      0.00000      0.00000
      1.25986      0.00000      0.00000      0.00000
      1.26986      0.00000      0.00000      0.00000
      1.27986      0.00000      0.00000      0.00000
      1.28986      0.00000      0.00000      0.00000
      1.29986      0.00000      0.00000      0.00000
      1.30986      0.00000      0.00000      0.00000
      1.31986      0.00000      0.00000      0.00000
      1.32986      0.00000      0.00000      0.00000
      1.33986      0.00000      0.00000      0.00000
      1.34986      0.00000      0.00000      0.00000
      1.35986      0.00000      0.00000      0.00000
      1.36986      0.00000      0.00000      0.00000
      1.37986      0.00000      0.00000      0.00000
      1.38986      0.00000      0.00000      0.00000
      1.39986      0.00000      0.00000      0.00000
      1.40986      0.00000      0.00000      0.00000
      1.41986      0.00000      0.00000      0.00000
      1.42986      0.00000      0.00000      0.00000
      1.43986      0.00000      0.00000      0.00000
      1.44986      0.00000      0.00000      0.00000
      1.45986      0.00000      0.00000      0.00000
      1.46986      0.00000      0.00000      0.00000
      1.47986      0.00000      0.00000      0.00000
      1.48986      0.00000      0.00000      0.00000
      1.49986      0.00000      0.00000      0.00000
      1.50986      0.00000      0.00000      0.00000
      1.51986      0.00000      0.00000      0.00000
      1.52986      0.00000      0.00000      0.00000
      1.53986      0.00000      0.00000      0.00000
      1.54986      0.00000      0.00000      0.00000
      1.55986      0.00000      0.00000      0.00000
      1.56986      0.00000      0.00000      0.00000
      1.57986      0.00000      0.00000      0.00000
      1.58986      0.00000      0.00000      0.00000
      1.59986      0.00000      0.00000      0.00000
      1.60986      0.00000      0.00000      0.00000
      1.61986      0.00000      0.00000      0.00000
      1.62986      0.00000      0.00000      0.00000
      1.63986      0.00000      0.00000      0.00000
      1.64986      0.00000      0.00000      0.00000
      1.65986      0.00000      0.00000      0.00000
      1.66986      0.00000      0.00000      0.00000
      1.67986      0.00000      0.00000      0.00000
      1.68986      0.00000      0.00000      0.00000
      1.69986      0.00000      0.00000      0.00000
      1.70986      0.00000      0.00000      0.00000
      1.71986      0.00000      0.00000      0.00000
      1.72986      0.00000      0.00000      0.00000
      1.73986      0.00000      0.00000      0.00000
      1.74986      0.00000      0.00000      0.00000
      1.75986      0.00000      0.00000      0.00000
      1.76986      0.00000      0.00000      0.00000
      1.77986      0.00000      0.00000      0.00000
      1.78986      0.00000      0.00000      0.00000
      1.79986      0.00000      0.00000      0.00000
      1.80986      0.00000      0.00000      0.00000
      1.81986      0.00000      0.00000      0.00000
      1.82986      0.00000      0.00000      0.00000
      1.83986      0.00000      0.00000      0.00000
      1.84986      0.00000      0.00000      0.00000
      1.85986      0.00000      0.00000      0.00000
      1.86986      0.00000      0.00000      0.00000
      1.87986      0.00000      0.00000      0.00000
      1.88986      0.00000      0.00000      0.00000
      1.89986      0.00000      0.00000      0.00000
      1.90986      0.00000      0.00000      0.00000
      1.91986      0.00000      0.00000      0.00000
      1.92986      0.00000      0.00000      0.00000
      1.93986      0.00000      0.00000      0.00000
      1.94986      0.00000      0.00000      0.00000
      1.95986      0.00000      0.00000      0.00000
      1.96986      0.00000      0.00000      0.00000
      1.97986      0.00000      0.00000      0.00000
      1.98986      0.00000      0.00000      0.00000
      1.99986      0.00000      0.00000      0.00000
      2.00986      0.00000      0.00000      0.00000
      2.01986      0.00000      0.00000      0.00000
      2.02986      0.00000      0.00000      0.00000
      2.03986      0.00000      0.00000      0.00000
      2.04986      0.00000      0.00000      0.00000
      2.05986      0.00000      0.00000      0.00000
      2.06986      0.00000      0.00000      0.00000
      2.07986      0.00000      0.00000      0.00000
      2.08986      0.00000      0.00000      0.00000
      2.09986      0.00000      0.00000      0.00000
      2.10986      0.00000      0.00000      0.00000
      2.11986      0.00000      0.00000      0.00000
      2.12986      0.00000      0.00000      0.00000
      2.13986      0.00000      0.00000      0.00000
      2.14986      0.00000      0.00000      0.00000
      2.15986      0.00000      0.00000      0.00000
      2.16986      0.00000      0.00000      0.00000
      2.17986      0.00000      0.00000      0.00000
      2.18986      0.00000      0.00000      0.00000
      2.19986      0.00000      0.00000      0.00000
      2.20986      0.00000      0.00000      0.00000
      2.21986      0.00000      0.00000      0.00000
      2.22986      0.00000      0.00000      0.00000
      2.23986      0.00000      0.00000      0.00000
      2.24986      0.00000      0.00000      0.00000
      2.25986      0.00000      0.00000      0.00000
      2.26986      0.00000      0.00000      0.00000
      2.27986      0.00000      0.00000      0.00000
      2.28986      0.00000      0.00000      0.00000
      2.29986      0.00000      0.00000      0.00000
      2.30986      0.00000      0.00000      0.00000
      2.31986      0.00000      0.00000      0.00000
      2.32986      0.00000      0.00000      0.00000
      2.33986      0.00000      0.00000      0.00000
      2.34986      0.00000      0.00000      0.00000
      2.35986      0.00000      0.00000      0.00000
      2.36986      0.00000      0.00000      0.00000
      2.37986      0.00000      0.00000      0.00000
      2.38986      0.00000      0.00000      0.00000
      2.39986      0.00000      0.00000      0.00000
      2.40986      0.00000      0.00000      0.00000
      2.41986      0.00000      0.00000      0.00000
      2.42986      0.00000      0.00000      0.00000
      2.43986      0.00000      0.00000      0.00000
      2.44986      0.00000      0.00000      0.00000
      2.45986      0.00000      0.00000      0.00000
      2.46986      0.00000      0.00000      0.00000
      2.47986      0.00000      0.00000      0.00000
      2.48986      0.00000      0.00000      0.00000
      2.49986      0.00000      0.00000      0.00000
      2.50986      0.00000      0.00000      0.00000
      2.51986      0.00000      0.00000      0.00000
      2.52986      0.00000      0.00000      0.00000
      2.53986      0.00000      0.00000      0.00000
      2.54986      0.00000      0.00000      0.00000
      2.55986      0.00000      0.00000      0.00000
      2.56986      0.00000      0.00000      0.00000
      2.57986      0.00000      0.00000      0.00000
      2.58986      0.00000      0.00000      0.00000
      2.59986      0.00000      0.00000      0.00000
      2.60986      0.00000      0.00000      0.00000
      2.61986      0.00000      0.00000      0.00000
      2.62986      0.00000      0.00000      0.00000
      2.63986      0.00000      0.00000      0.00000
      2.64986      0.00000      0.00000      0.00000
      2.65986      0.00000      0.00000      0.00000
      2.66986      0.00000      0.00000      0.00000
      2.67986      0.00000      0.00000      0.00000
      2.68986      0.00000      0.00000      0.00000
      2.69986      0.00000      0.00000      0.00000
      2.70986      0.00000      0.00000      0.00000
      2.71986      0.00000      0.00000      0.00000
      2.72986      0.00000      0.00000      0.00000
      2.73986      0.00000      0.00000      0.00000
      2.74986      0.00000      0.00000      0.00000
      2.75986      0.00000      0.00000      0.00000
      2.76986      0.00000      0.00000      0.00000
      2.77986      0.00000      0.00000      0.00000
      2.78986      0.00000      0.00000      0.00000
      2.79986      0.00000      0.00000      0.00000
      2.80986      0.00000      0.00000      0.00000
      2.81986      0.00000      0.00000      0.00000
      2.82986      0.00000      0.00000      0.00000
      2.83986      0.00000      0.00000      0.00000
      2.84986      0.00000      0.00000      0.00000
      2.85986      0.00000      0.00000      0.00000
      2.86986      0.00000      0.00000      0.00000
      2.87986      0.00000      0.00000      0.00000
      2.88986      0.00000      0.00000      0.00000
      2.89986      0.00000      0.00000      0.00000
      2.90986      0.00000      0.00000      0.00000
      2.91986      0.00000      0.00000      0.00000
      2.92986      0.00000      0.00000      0.00000
      2.93986      0.00000      0.00000      0.00000
      2.94986      0.00000      0.00000      0.00000
      2.95986      0.00000      0.00000      0.00000
      2.96986      0.00000      0.00000      0.00000
      2.97986      0.00000      0.00000      0.00000
      2.98986      0.00000      0.00000      0.00000
      2.99986      0.00000      0.00000      0.00000
      3.00986      0.00000      0.00000      0.00000
      3.01986      0.00000      0.00000      0.00000
      3.02986      0.00000      0.00000      0.00000
      3.03986      0.00000      0.00000      0.00000
      3.04986      0.00000      0.00000      0.00000
      3.05986      0.00000      0.00000      0.00000
      3.06986      0.00000      0.00000      0.00000
      3.07986      0.00000      0.00000      0.00000
      3.08986      0.00000      0.00000      0.00000
      3.09986      0.00000      0.00000      0.00000
      3.10986      0.00000      0.00000      0.00000
      3.11986      0.00000      0.00000      0.00000
      3.12986      0.00000      0.00000      0.00000
      3.13986      0.00000      0.00000      0.00000
      3.14986      0.00000      0.00000      0.00000
      3.15986      0.00000      0.00000      0.00000
      3.16986      0.00000      0.00000      0.00000
      3.17986      0.00000      0.00000      0.00000
      3.18986      0.00000      0.00000      0.00000
      3.19986      0.00000      0.00000      0.00000
      3.20986      0.00000      0.00000      0.00000
      3.21986      0.00000      0.00000      0.00000
      3.22986      0.00000      0.00000      0.00000
      3.23986      0.00000      0.00000      0.00000
      3.24986      0.00000      0.00000      0.00000
      3.25986      0.00000      0.00000      0.00000
      3.26986      0.00000      0.00000      0.00000
      3.27986      0.00000      0.00000      0.00000
      3.28986      0.00000      0.00000      0.00000
      3.29986      0.00000      0.00000      0.00000
      3.30986      0.02429      0.00026      0.02403
      3.31986      0.89300      0.00968      0.88332
      3.32986     12.62856      0.13734     12.49121
      3.33986     71.38604      0.78103     70.60502
      3.34986    174.50070      1.93265    172.56805
      3.35986    218.78659      2.48568    216.30092
      3.36986    191.68621      2.27858    189.40763
      3.37986    160.40486      2.01869    158.38617
      3.38986    141.57939      1.88555    139.69384
      3.39986    129.77635      1.82537    127.95098
      3.40986    120.69722      1.78846    118.90876
      3.41986    114.78948      1.78887    113.00061
      3.42986    108.19937      1.77075    106.42862
      3.43986    106.74581      1.82980    104.91601
      3.44986    114.32459      2.04945    112.27514
      3.45986    164.12449      3.01413    161.11036
      3.46986    216.27675      4.01554    212.26121
      3.47986    226.59078      4.28766    222.30312
      3.48986    195.97239      3.79177    192.18062
      3.49986    186.48797      3.72475    182.76322
      3.50986    159.93804      3.28067    156.65738
      3.51986    164.30856      3.44747    160.86109
      3.52986    159.79626      3.44195    156.35431
      3.53986    125.39287      2.81002    122.58284
      3.54986    160.28011      3.61869    156.66141
      3.55986    145.34843      3.30524    142.04320
      3.56986    110.29724      2.72879    107.56846
      3.57986    138.63143      3.40953    135.22190
      3.58986    145.48761      3.42858    142.05903
      3.59986    124.38847      3.23083    121.15764
      3.60986    101.88292      2.82907     99.05384
      3.61986    118.90589      3.06118    115.84471
      3.62986    159.36029      4.15524    155.20505
      3.63986    110.85380      3.09368    107.76011
      3.64986     76.45385      2.36958     74.08427
      3.65986    126.03115      3.72584    122.30531
      3.66986    144.15499      3.86774    140.28725
      3.67986    112.55968      3.23773    109.32195
      3.68986     96.72931      3.32673     93.40259
      3.69986     80.70259      2.69157     78.01102
      3.70986    119.75116      3.53429    116.21687
      3.71986    157.98291      4.79221    153.19070
      3.72986     94.84000      3.10236     91.73764
      3.73986     63.39866      2.44928     60.94938
      3.74986    101.54236      3.81998     97.72238
      3.75986    125.04409      3.92727    121.11682
      3.76986    126.38792      3.84445    122.54347
      3.77986    111.57601      4.20146    107.37455
      3.78986     69.91543      2.96412     66.95131
      3.79986     60.95695      2.46877     58.48818
      3.80986    130.09303      4.74880    125.34422
      3.81986    147.99269      4.97745    143.01525
      3.82986     86.64929      3.06017     83.58912
      3.83986     78.26181      3.62226     74.63955
      3.84986     80.31093      3.82850     76.48243
      3.85986     75.05709      2.92371     72.13338
      3.86986    134.34066      4.80974    129.53092
      3.87986    145.36938      5.64915    139.72023
      3.88986     70.45807      3.06414     67.39392
      3.89986     52.20586      2.73376     49.47210
      3.90986     88.20905      4.55657     83.65247
      3.91986    101.97920      4.26094     97.71826
      3.92986    119.78150      4.16265    115.61885
      3.93986    126.04102      5.40515    120.63587
      3.94986     85.13145      4.42833     80.70313
      3.95986     41.25726      2.33708     38.92018
      3.96986     66.74125      3.66914     63.07211
      3.97986    124.13672      5.87259    118.26412
      3.98986    127.73815      4.85821    122.87994
      3.99986     94.67831      3.90828     90.77003
      4.00986     89.43228      5.10673     84.32555
      4.01986     66.10095      4.07813     62.02282
      4.02986     41.78762      2.41655     39.37107
      4.03986     97.35008      4.92461     92.42547
      4.04986    157.62670      8.91503    148.71167
      4.05986    133.82450     31.49946    102.32504
      4.06986    229.88853    158.88303     71.00551
      4.07986    494.72220    381.73273    112.98947
      4.08986    565.48565    453.97893    111.50672
      4.09986    494.82729    397.78694     97.04035
      4.10986    615.21922    446.95095    168.26827
      4.11986    754.03666    547.23598    206.80068
      4.12986    658.56543    527.76607    130.79936
      4.13986    540.57668    452.05574     88.52094
      4.14986    515.20127    402.11926    113.08200
      4.15986    483.06003    370.21028    112.84975
      4.16986    454.98651    345.94857    109.03794
      4.17986    487.21769    329.87065    157.34704
      4.18986    478.61917    315.99714    162.62203
      4.19986    396.32075    299.43929     96.88146
      4.20986    346.07232    285.21759     60.85473
      4.21986    365.63020    276.47223     89.15797
      4.22986    382.66335    267.97458    114.68877
      4.23986    376.28443    257.24766    119.03677
      4.24986    385.83244    249.45131    136.38113
      4.25986    377.50168    243.13737    134.36431
      4.26986    330.72613    234.74131     95.98483
      4.27986    279.51139    225.62085     53.89054
      4.28986    287.27437    219.77554     67.49883
      4.29986    333.28357    218.01389    115.26968
      4.30986    345.71329    210.91979    134.79350
      4.31986    326.83610    205.56271    121.27339
      4.32986    332.21573    198.68893    133.52680
      4.33986    420.62525    198.29049    222.33476
      4.34986    429.80520    191.91577    237.88943
      4.35986    374.09888    188.86907    185.22981
      4.36986    387.13852    184.37616    202.76236
      4.37986    433.89003    184.79672    249.09330
      4.38986    398.03494    178.98994    219.04501
      4.39986    325.55624    172.81560    152.74064
      4.40986    347.53198    175.07537    172.45662
      4.41986    316.51483    164.82784    151.68699
      4.42986    269.77234    170.34142     99.43092
      4.43986    298.76139    156.88039    141.88100
      4.44986    379.00912    169.50111    209.50801
      4.45986    341.04647    157.03939    184.00708
      4.46986    286.90582    156.53389    130.37192
      4.47986    296.88520    157.58246    139.30274
      4.48986    283.73138    147.73953    135.99185
      4.49986    246.20853    154.17385     92.03467
      4.50986    235.22681    144.13264     91.09417
      4.51986    321.32549    147.75469    173.57080
      4.52986    366.84532    151.07165    215.77367
      4.53986    278.07640    141.52798    136.54842
      4.54986    233.09569    140.87582     92.21987
      4.55986    373.29562    151.85999    221.43564
      4.56986    550.27918    160.37243    389.90675
      4.57986    535.24405    159.94465    375.29940
      4.58986    451.66755    159.27819    292.38936
      4.59986    464.02198    147.44955    316.57243
      4.60986    537.18579    150.64946    386.53633
      4.61986    493.27719    157.02234    336.25485
      4.62986    350.31237    133.41236    216.90001
      4.63986    316.77366    137.42556    179.34810
      4.64986    384.98190    151.52805    233.45385
      4.65986    422.18781    129.17931    293.00850
      4.66986    418.36420    135.97241    282.39179
      4.67986    391.83288    148.46889    243.36399
      4.68986    318.14901    117.85601    200.29301
      4.69986    335.07216    128.74257    206.32959
      4.70986    377.84317    150.78724    227.05592
      4.71986    332.07037    115.06269    217.00768
      4.72986    303.53935    116.04186    187.49750
      4.73986    344.96473    149.56305    195.40168
      4.74986    370.14230    120.69177    249.45053
      4.75986    344.03758    106.00664    238.03094
      4.76986    349.10017    145.24974    203.85043
      4.77986    315.02439    126.34737    188.67702
      4.78986    258.81634     91.20593    167.61042
      4.79986    311.27670    132.23594    179.04076
      4.80986    318.54405    142.44819    176.09586
      4.81986    276.89318     91.23540    185.65778
      4.82986    358.31024    108.73216    249.57808
      4.83986    361.67971    150.09041    211.58929
      4.84986    274.77987    108.77837    166.00150
      4.85986    253.47187     81.78925    171.68262
      4.86986    322.34850    135.14322    187.20529
      4.87986    319.07934    139.13221    179.94713
      4.88986    217.02406     78.46748    138.55659
      4.89986    241.31687     94.07350    147.24336
      4.90986    341.44241    149.20543    192.23698
      4.91986    366.22321    116.65426    249.56895
      4.92986    310.23521     72.37793    237.85728
      4.93986    268.82311    115.43275    153.39035
      4.94986    253.52016    145.33123    108.18894
      4.95986    169.89984     84.01655     85.88330
      4.96986    206.56752     67.76291    138.80461
      4.97986    354.26204    135.42308    218.83896
      4.98986    393.69287    142.94505    250.74782
      4.99986    290.79684     73.26712    217.52972
      5.00986    195.70927     69.62570    126.08357
      5.01986    258.63800    138.64863    119.98937
      5.02986    296.06682    132.22959    163.83723
      5.03986    179.81468     60.36112    119.45356
      5.04986    181.72048     71.33656    110.38392
      5.05986    320.36242    143.87971    176.48271
      5.06986    327.04829    125.69633    201.35197
      5.07986    272.65894     58.50356    214.15538
      5.08986    269.24296     74.60571    194.63725
      5.09986    264.07377    141.92868    122.14509
      5.10986    241.37725    123.87392    117.50333
      5.11986    201.84492     54.01186    147.83306
      5.12986    179.80003     61.83677    117.96326
      5.13986    243.88743    135.83363    108.05381
      5.14986    265.03960    131.45824    133.58136
      5.15986    209.81489     57.55242    152.26247
      5.16986    255.20938     56.37662    198.83276
      5.17986    357.39569    131.03519    226.36050
      5.18986    299.06986    141.69603    157.37383
      5.19986    165.22570     63.59095    101.63475
      5.20986    211.74072     43.62176    168.11896
      5.21986    390.23746    116.09225    274.14521
      5.22986    454.61360    161.94174    292.67186
      5.23986    320.33360     91.61101    228.72260
      5.24986    152.13268     34.11586    118.01682
      5.25986    110.88289     71.49376     39.38913
      5.26986    193.36181    143.04607     50.31574
      5.27986    234.28179    114.03150    120.25029
      5.28986    206.10271     45.15432    160.94839
      5.29986    196.14680     50.91522    145.23158
      5.30986    294.63341    127.77645    166.85696
      5.31986    341.88806    143.86013    198.02793
      5.32986    219.79093     65.11630    154.67462
      5.33986    169.61938     33.80454    135.81484
      5.34986    250.86266     91.12708    159.73557
      5.35986    251.06418    149.14032    101.92386
      5.36986    152.51121     97.18806     55.32315
      5.37986    155.82643     34.77449    121.05194
      5.38986    266.05408     55.11292    210.94116
      5.39986    313.77871    130.89389    182.88482
      5.40986    275.54857    138.75584    136.79272
      5.41986    221.47913     63.46107    158.01805
      5.42986    191.62461     34.55645    157.06816
      5.43986    259.06870     89.68046    169.38824
      5.44986    307.65422    149.05349    158.60074
      5.45986    174.56157     99.86365     74.69792
      5.46986     88.49073     36.34644     52.14429
      5.47986    164.59253     56.92614    107.66639
      5.48986    292.26185    123.48506    168.77679
      5.49986    343.51185    133.08995    210.42190
      5.50986    299.33584     80.53991    218.79593
      5.51986    260.96292     69.69308    191.26984
      5.52986    237.18672     93.69138    143.49534
      5.53986    193.17604    102.47684     90.69920
      5.54986    192.67868    120.26357     72.41510
      5.55986    277.87718    119.85778    158.01940
      5.56986    308.62995     84.16965    224.46031
      5.57986    228.37765     84.47424    143.90342
      5.58986    240.53410    136.74943    103.78467
      5.59986    320.09503    127.80787    192.28716
      5.60986    301.22197     85.61519    215.60678
      5.61986    193.92669     85.74679    108.17990
      5.62986    135.09678     77.79126     57.30551
      5.63986    200.78942     85.68561    115.10381
      5.64986    299.16105    109.17105    189.99000
      5.65986    296.13322    107.72393    188.40930
      5.66986    232.47740     81.46881    151.00859
      5.67986    299.09085    119.86267    179.22818
      5.68986    518.29085    327.40790    190.88295
      5.69986    661.70700    493.75480    167.95220
      5.70986    519.11708    385.25037    133.86671
      5.71986    348.19730    232.10014    116.09716
      5.72986    380.02418    196.38476    183.63942
      5.73986    470.54443    210.25904    260.28539
      5.74986    483.71592    215.43888    268.27704
      5.75986    344.69938    159.01869    185.68069
      5.76986    251.95489    122.74490    129.20999
      5.77986    367.47864    194.12543    173.35321
      5.78986    420.94779    230.35811    190.58967
      5.79986    326.79399    162.73866    164.05532
      5.80986    280.89132     99.47219    181.41914
      5.81986    379.34275    122.07992    257.26284
      5.82986    468.38189    184.90921    283.47269
      5.83986    428.40317    205.12828    223.27489
      5.84986    401.81868    239.54530    162.27338
      5.85986    404.11850    211.86648    192.25202
      5.86986    495.90548    212.22704    283.67844
      5.87986    612.80683    249.07448    363.73235
      5.88986    525.52729    215.05364    310.47365
      5.89986    419.08030    189.06530    230.01500
      5.90986    364.52716    151.73431    212.79285
      5.91986    285.09337    135.41573    149.67764
      5.92986    175.79016    114.27046     61.51971
      5.93986     73.67429     58.82612     14.84817
      5.94986     17.40150     15.00555      2.39595
      5.95986     21.44917     17.62430      3.82487
      5.96986    122.90682     94.77338     28.13344
      5.97986    303.42676    211.74054     91.68622
      5.98986    352.24110    204.61338    147.62772
      5.99986    321.19397    161.50208    159.69189
      6.00986    301.14172    157.44570    143.69603
      6.01986    199.01790     86.74120    112.27669
      6.02986    113.36083     24.33639     89.02444
      6.03986     52.89051      5.85311     47.03739
      6.04986     11.98439      1.31125     10.67314
      6.05986      8.57038      4.49702      4.07336
      6.06986     63.61723     32.62451     30.99273
      6.07986    217.25417    101.95403    115.30015
      6.08986    320.19998    155.74760    164.45238
      6.09986    250.16344    155.99837     94.16507
      6.10986    191.12532    159.60169     31.52363
      6.11986    194.22134    172.93664     21.28470
      6.12986    155.13617    116.76607     38.37010
      6.13986    166.00303     68.35184     97.65119
      6.14986    288.03990    139.69865    148.34126
      6.15986    370.45753    241.80675    128.65079
      6.16986    370.97760    259.92055    111.05705
      6.17986    297.79829    189.90034    107.89795
      6.18986    222.87081    154.26603     68.60478
      6.19986    284.20191    235.29052     48.91139
      6.20986    272.69005    228.68345     44.00660
      6.21986    142.76761     99.62968     43.13793
      6.22986    120.99267     43.25517     77.73750
      6.23986    210.38175     98.44352    111.93823
      6.24986    319.45735    186.31503    133.14232
      6.25986    378.61722    240.57985    138.03737
      6.26986    351.93121    224.85671    127.07450
      6.27986    212.81275    132.89712     79.91563
      6.28986    163.49143    109.98819     53.50324
      6.29986    205.78960    125.86312     79.92649
      6.30986    187.24926    102.55086     84.69840
      6.31986    150.15469    102.95948     47.19521
      6.32986    153.58606    120.80371     32.78235
      6.33986    164.53756    105.25242     59.28514
      6.34986    274.48107    123.89136    150.58972
      6.35986    421.15696    183.84725    237.30971
      6.36986    396.60878    211.18956    185.41922
      6.37986    273.47415    193.39688     80.07727
      6.38986    167.28344    138.35255     28.93090
      6.39986    136.63755    104.20823     32.42932
      6.40986    181.56130    109.10425     72.45704
      6.41986    225.46015    138.56560     86.89455
      6.42986    197.90741    145.64595     52.26146
      6.43986    134.39442     99.21104     35.18338
      6.44986    156.61592     89.59242     67.02350
      6.45986    176.80361     89.81471     86.98890
      6.46986    203.91255    116.03743     87.87513
      6.47986    285.90850    163.13576    122.77363
      6.48986    277.63278    140.78311    136.89773
      6.49986    205.24381     95.04210    111.19258
      6.50986    248.08835    186.86309     69.25632
      6.51986    467.19411    443.19177     50.94005
      6.52986    531.13347    530.29635     42.13711
      6.53986    415.43267    400.40026     52.14021
      6.54986    474.61518    434.56082     80.66611
      6.55986    697.50016    688.20291     72.86466
      6.56986    824.63041    815.60094     82.64191
      6.57986    862.45813    809.02386    116.93420
      6.58986    821.45851    754.27462    120.33072
      6.59986    616.26648    566.92674     96.30068
      6.60986    385.37161    378.28137     45.88740
      6.61986    324.67861    327.08829     31.59840
      6.62986    449.88328    402.20082     84.70583
      6.63986    542.31662    447.94526    132.09785
      6.64986    481.90397    421.76013     95.13606
      6.65986    387.21658    387.06748     33.25433
      6.66986    384.66402    398.45343     20.58667
      6.67986    393.23143    371.02005     55.30305
      6.68986    382.57719    328.61469     81.27698
      6.69986    354.95123    331.00279     48.86108
      6.70986    352.95182    360.18626     20.57788
      6.71986    379.05603    359.27683     49.55895
      6.72986    433.82889    330.49005    132.16752
      6.73986    539.89539    369.56212    197.12333
      6.74986    538.68526    382.22703    177.61827
      6.75986    417.61004    344.71385     93.59804
      6.76986    348.99148    338.12215     36.81592
      6.77986    308.16546    317.75815     17.83989
      6.78986    284.33413    298.57130     11.18329
      6.79986    309.29501    308.03407     25.80319
      6.80986    383.66252    325.09091     81.75817
      6.81986    448.85337    324.59385    141.91671
      6.82986    427.67572    307.24493    139.17250
      6.83986    321.05194    253.32426     89.67286
      6.84986    234.15340    208.09934     47.10950
      6.85986    290.83165    248.50723     65.13913
      6.86986    317.70463    259.48645     78.34407
      6.87986    265.19033    249.23792     37.50257
      6.88986    204.23947    215.56323      8.69029
      6.89986    203.53493    213.61229      6.87987
      6.90986    251.95933    253.09765     18.85085
      6.91986    320.03247    261.69389     77.21925
      6.92986    465.04444    290.37573    190.41809
      6.93986    473.76301    264.88866    219.07508
      6.94986    273.46709    149.09718    128.13164
      6.95986    227.93040    144.64942     88.85327
      6.96986    378.78532    310.55102     85.28334
      6.97986    455.85328    438.64770     43.04298
      6.98986    375.20276    384.19545     13.44937
      6.99986    261.86607    266.09067     13.81319
      7.00986    290.93385    252.41360     58.19301
      7.01986    389.02506    270.99882    134.37599
      7.02986    379.35065    245.62326    142.17154
      7.03986    279.23389    219.94319     69.99371
      7.04986    211.41543    214.55698     16.51041
      7.05986    137.01899    140.07765     11.83959
      7.06986     94.30433     53.72430     45.38465
      7.07986    168.55745     93.19414     80.41309
      7.08986    339.02830    265.13920     87.72697
      7.09986    488.65067    394.53531    116.03430
      7.10986    482.72090    371.73768    136.82641
      7.11986    373.28345    258.94414    133.05713
      7.12986    291.88901    177.30130    123.62839
      7.13986    324.26726    235.05201    104.25399
      7.14986    348.73161    292.08248     79.15009
      7.15986    234.12405    207.91336     39.34503
      7.16986    170.35085    129.26570     45.99711
      7.17986    275.47884    180.50183    104.61598
      7.18986    346.33011    242.22094    121.73413
      7.19986    258.30135    206.37527     67.32945
      7.20986    176.72427    140.39933     42.61580
      7.21986    160.56732     84.20542     77.46510
      7.22986    184.77522     74.17187    110.71472
      7.23986    242.47404    117.33951    125.82276
      7.24986    314.65099    198.22421    121.55662
      7.25986    410.42445    302.83675    123.00508
      7.26986    459.92587    342.72793    138.19742
      7.27986    410.59772    302.26741    124.29920
      7.28986    319.38922    257.23239     74.89048
      7.29986    392.84231    331.80257     79.25500
      7.30986    613.08739    459.30887    173.62520
      7.31986    696.28673    468.81506    239.90086
      7.32986    540.54707    349.79991    198.42473
      7.33986    424.56838    250.98293    185.56588
      7.34986    433.77164    246.54986    203.14970
      7.35986    350.82207    227.68197    137.39362
      7.36986    218.40758    141.26325     84.76739
      7.37986    162.51681     78.96818     86.63050
      7.38986    219.06623    137.16485     88.10869
      7.39986    357.01945    289.18349     79.15065
      7.40986    438.70953    353.74400     97.38170
      7.41986    377.46766    259.56904    128.25522
      7.42986    301.54272    149.92928    156.20686
      7.43986    296.67651    119.18964    178.30318
      7.44986    223.05716     79.55649    143.55712
      7.45986    148.54892     63.95582     84.66655
      7.46986    229.68270    157.31631     73.20847
      7.47986    403.93717    308.54246     99.18098
      7.48986    454.71601    363.85075     98.13264
      7.49986    312.29058    262.41378     57.58787
      7.50986    190.88876    133.56539     62.60107
      7.51986    207.31259     80.91054    128.23636
      7.52986    315.26959    136.31769    179.21537
      7.53986    426.48379    230.37211    196.23541
      7.54986    403.24715    244.76322    159.50959
      7.55986    299.43667    224.09132     80.13896
      7.56986    337.98193    310.98480     41.40275
      7.57986    478.13245    428.61486     73.68672
      7.58986    439.07986    337.51598    120.52217
      7.59986    390.17960    219.33461    182.33235
      7.60986    469.84268    220.07295    262.23804
      7.61986    504.60574    245.99904    273.88609
      7.62986    425.61386    249.25680    190.34335
      7.63986    297.61306    221.24739     87.72595
      7.64986    207.48484    180.10938     35.22264
      7.65986    177.82066    158.98229     26.51987
      7.66986    221.52060    172.68421     61.66093
      7.67986    271.71148    187.72443     95.94418
      7.68986    268.82621    185.68733     93.18102
      7.69986    204.16781    139.52403     73.68096
      7.70986    216.11227    107.44371    113.98773
      7.71986    294.86935    147.67614    154.99328
      7.72986    254.11478    168.15098     98.47125
      7.73986    208.63441    153.38268     63.66370
      7.74986    227.25174    169.78359     62.58034
      7.75986    239.77088    204.73250     43.20381
      7.76986    201.95427    167.23754     41.96273
      7.77986    121.30165     78.60589     45.10579
      7.78986     49.68159     25.16717     24.83850
      7.79986     54.87075     28.24256     27.17322
      7.80986    166.22408    101.69284     68.10890
      7.81986    268.19814    182.80104     94.45280
      7.82986    296.55694    197.43505    109.19833
      7.83986    320.28820    217.03238    112.20285
      7.84986    267.46731    185.83501     88.91096
      7.85986    186.97610    108.70777     81.11408
      7.86986    155.06399     98.03159     57.45681
      7.87986    131.32190    101.92243     29.42285
      7.88986    111.64838     83.44119     28.20766
      7.89986    103.95809     52.05927     51.89896
      7.90986    131.02244     57.52663     73.50377
      7.91986    129.86095     83.29461     46.74679
      7.92986     87.13326     75.66396     12.97427
      7.93986     88.49648     90.17186      2.94274
      7.94986    133.51073    128.57115     10.17288
      7.95986    223.43626    185.77556     40.23957
      7.96986    393.67515    299.39312     97.69420
      7.97986    542.61758    402.68138    148.56521
      7.98986    484.61311    337.89117    155.77758
      7.99986    365.93547    236.58307    133.15623
      8.00986    283.43987    216.89572     67.80801
      8.01986    190.89365    173.03200     18.85864
      8.02986     97.77304     93.05708      6.96071
      8.03986    110.92235     95.56353     21.94278
      8.04986    203.59734    153.01088     59.54072
      8.05986    244.26013    187.82781     62.76320
      8.06986    166.60149    143.06575     26.35489
      8.07986     60.52091     54.99897      6.18061
      8.08986     45.47724     37.33464      8.20632
      8.09986    100.94767     82.19250     18.75750
      8.10986    159.10757    133.25933     25.84832
      8.11986    183.86873    149.79075     34.08167
      8.12986    163.15937    109.20192     54.06084
      8.13986    199.81013    107.19362     93.68317
      8.14986    289.10513    181.34970    111.80975
      8.15986    386.81196    287.89350    104.66773
      8.16986    370.02918    303.88724     69.54072
      8.17986    258.01462    212.53496     46.94080
      8.18986    229.97592    132.94002     97.69228
      8.19986    265.99153    106.03689    160.17677
      8.20986    278.88673    108.90301    170.97266
      8.21986    364.60733    183.43206    186.33988
      8.22986    417.70038    261.25511    166.91087
      8.23986    271.11098    197.80980     84.12483
      8.24986    198.52327    161.74683     48.94804
      8.25986    290.68056    221.96370     79.44919
      8.26986    375.91525    278.45500    101.45646
      8.27986    354.68893    268.06655     87.38541
      8.28986    286.82646    217.80560     70.27815
      8.29986    239.80757    189.45608     53.00185
      8.30986    218.97589    181.39351     39.77344
      8.31986    193.78879    162.73370     31.84890
      8.32986    155.27887    129.02108     26.55853
      8.33986    163.47097    118.92327     46.16780
      8.34986    172.40563    126.58316     52.71643
