Energy-E_F (eV)    DOS (1/eV)    PDOS (1/eV)  of atom type H  C  
     -6.84083    203.24306     10.15648    193.08658
     -6.83083    294.28705     22.78384    271.50321
     -6.82083    227.58238     22.14953    205.43285
     -6.81083    123.75631      9.44078    114.31552
     -6.80083     89.48005      2.82931     86.65074
     -6.79083     62.74073      1.29405     61.44668
     -6.78083     88.80708      1.65842     87.14866
     -6.77083    138.58061      2.85886    135.72175
     -6.76083    164.49574      8.01378    156.48195
     -6.75083    238.62409     24.52830    214.09579
     -6.74083    301.31589     38.43228    262.88361
     -6.73083    212.86601     27.45624    185.40976
     -6.72083    120.32673      9.57805    110.74868
     -6.71083     96.72324      4.34084     92.38240
     -6.70083    123.77022     10.18964    113.58058
     -6.69083    216.34894     18.30508    198.04386
     -6.68083    197.06570     13.46938    183.59632
     -6.67083     97.68947      6.81908     90.87039
     -6.66083    136.59492     15.59376    121.00116
     -6.65083    237.62327     27.66713    209.95614
     -6.64083    168.49388     18.64861    149.84527
     -6.63083     75.94713      5.16677     70.78036
     -6.62083    122.06595      2.38011    119.68583
     -6.61083    160.63159      3.71193    156.91965
     -6.60083    119.08326      9.61063    109.47263
     -6.59083    150.93585     22.85277    128.08308
     -6.58083    224.23726     30.43570    193.80156
     -6.57083    212.64758     25.99861    186.64897
     -6.56083    141.22312     15.18294    126.04018
     -6.55083    115.98859      6.20290    109.78569
     -6.54083    153.16460      3.19557    149.96903
     -6.53083    131.35890      3.77843    127.58047
     -6.52083    115.66837     13.99280    101.67557
     -6.51083    210.82670     33.85780    176.96891
     -6.50083    221.29500     32.21034    189.08466
     -6.49083    129.35851     15.44308    113.91543
     -6.48083    112.73366     10.24422    102.48944
     -6.47083    142.12714      7.38314    134.74400
     -6.46083    174.73165      5.91273    168.81892
     -6.45083    175.89459     14.50800    161.38659
     -6.44083    194.74411     29.47021    165.27390
     -6.43083    187.67927     26.02547    161.65379
     -6.42083    158.14681     16.08312    142.06369
     -6.41083    204.78215     28.73744    176.04471
     -6.40083    273.09207     43.10019    229.99188
     -6.39083    270.78618     35.05882    235.72736
     -6.38083    276.49001     24.36257    252.12744
     -6.37083    215.67126     17.09204    198.57922
     -6.36083    123.72665     12.24541    111.48125
     -6.35083     74.18832      6.17081     68.01752
     -6.34083     93.30573      4.84320     88.46253
     -6.33083    120.77443     11.35448    109.41995
     -6.32083    108.08949     15.61392     92.47556
     -6.31083     90.16736      9.09268     81.07467
     -6.30083    139.84329      4.18342    135.65987
     -6.29083    173.33935      6.72912    166.61024
     -6.28083    139.82121     13.32729    126.49393
     -6.27083    121.83269     18.35569    103.47699
     -6.26083    200.88116     30.66333    170.21783
     -6.25083    322.10171     44.52492    277.57678
     -6.24083    298.15810     41.09145    257.06666
     -6.23083    258.94948     41.19773    217.75175
     -6.22083    260.06743     38.94737    221.12007
     -6.21083    222.28123     25.85282    196.42841
     -6.20083    164.77129     13.51573    151.25556
     -6.19083    157.43105     16.32953    141.10152
     -6.18083    170.52164     22.46745    148.05418
     -6.17083    117.34224     14.55324    102.78900
     -6.16083     99.35298      9.74578     89.60720
     -6.15083    161.11377     18.24025    142.87352
     -6.14083    172.25384     19.38773    152.86611
     -6.13083    136.36372     10.27167    126.09205
     -6.12083    145.42651     12.74954    132.67697
     -6.11083    219.39542     22.98939    196.40603
     -6.10083    192.99980     17.77459    175.22521
     -6.09083     74.26236      5.35603     68.90633
     -6.08083     13.31576      0.69206     12.62370
     -6.07083     19.98160      0.99623     18.98537
     -6.06083    110.96724      7.35509    103.61214
     -6.05083    276.07623     23.89074    252.18549
     -6.04083    316.48429     35.21113    281.27317
     -6.03083    193.69772     26.87769    166.82003
     -6.02083     88.37963     12.71864     75.66099
     -6.01083    116.23453     10.66079    105.57374
     -6.00083    245.71494     18.33542    227.37952
     -5.99083    305.53300     19.51694    286.01606
     -5.98083    224.80448     12.38378    212.42070
     -5.97083     97.99238      5.34305     92.64933
     -5.96083     91.12831      9.10918     82.01913
     -5.95083    202.07312     25.01054    177.06258
     -5.94083    245.48373     34.72862    210.75511
     -5.93083    172.85670     25.09365    147.76305
     -5.92083     78.97785     10.31672     68.66113
     -5.91083     60.77424      8.21766     52.55658
     -5.90083    172.66274     25.55328    147.10946
     -5.89083    269.43045     40.75190    228.67855
     -5.88083    239.89730     34.86504    205.03226
     -5.87083    208.32905     29.54099    178.78805
     -5.86083    170.31046     24.15987    146.15059
     -5.85083    127.83811     13.58458    114.25353
     -5.84083    141.01398      9.17355    131.84043
     -5.83083    151.88783     13.19147    138.69636
     -5.82083    135.12615     20.89816    114.22799
     -5.81083    165.95660     29.77608    136.18052
     -5.80083    244.02730     31.27356    212.75374
     -5.79083    320.24017     30.14635    290.09382
     -5.78083    273.75368     24.05212    249.70156
     -5.77083    112.63797      9.86777    102.77020
     -5.76083     28.28641      2.61406     25.67234
     -5.75083     52.37847      5.31310     47.06538
     -5.74083    127.39233     13.07318    114.31914
     -5.73083    199.45241     22.02571    177.42670
     -5.72083    224.92351     24.29447    200.62904
     -5.71083    195.50487     16.81137    178.69350
     -5.70083    139.71127     12.46290    127.24837
     -5.69083    105.70713     15.69069     90.01644
     -5.68083    166.68050     25.78733    140.89317
     -5.67083    219.82387     25.29873    194.52514
     -5.66083    177.76489     19.25264    158.51225
     -5.65083    198.22708     28.03133    170.19575
     -5.64083    259.54558     33.51170    226.03387
     -5.63083    250.46583     22.81004    227.65579
     -5.62083    299.19572     23.77634    275.41938
     -5.61083    353.98359     32.24016    321.74343
     -5.60083    291.37574     31.08622    260.28952
     -5.59083    344.42160     44.21691    300.20469
     -5.58083    574.99928     75.17075    499.82854
     -5.57083    721.50750     91.67632    629.83118
     -5.56083    701.20223     90.45778    610.74444
     -5.55083    638.49187     77.43905    561.05282
     -5.54083    576.89641     61.97879    514.91762
     -5.53083    536.06208     59.50754    476.55454
     -5.52083    501.69918     55.20340    446.49578
     -5.51083    455.03549     46.53138    408.50411
     -5.50083    449.83971     44.29827    405.54145
     -5.49083    526.61006     56.58696    470.02310
     -5.48083    477.10994     58.93328    418.17666
     -5.47083    299.05494     46.20638    252.84855
     -5.46083    266.53089     47.14766    219.38323
     -5.45083    268.32546     39.29003    229.03544
     -5.44083    204.81174     22.86408    181.94766
     -5.43083    166.79734     18.68613    148.11121
     -5.42083    136.83402     23.33625    113.49777
     -5.41083     84.35868     19.61463     64.74405
     -5.40083     94.91399     24.96676     69.94723
     -5.39083    181.78548     45.94768    135.83780
     -5.38083    256.91631     52.62045    204.29586
     -5.37083    303.21630     40.36726    262.84904
     -5.36083    317.70966     38.21041    279.49926
     -5.35083    254.37641     37.66354    216.71288
     -5.34083    138.35776     21.74926    116.60850
     -5.33083     48.29441      6.72993     41.56448
     -5.32083     35.66729      1.53693     34.13036
     -5.31083     73.60005      1.51213     72.08792
     -5.30083     71.46355      1.44761     70.01594
     -5.29083     55.64016      1.74049     53.89967
     -5.28083    111.01425      6.42590    104.58835
     -5.27083    150.26321     12.37048    137.89273
     -5.26083    103.84206      9.45083     94.39123
     -5.25083     82.55360      3.74552     78.80808
     -5.24083     78.15499      1.77542     76.37957
     -5.23083     34.57072      0.72474     33.84598
     -5.22083     10.46850      0.71702      9.75148
     -5.21083     36.85457      4.18472     32.66985
     -5.20083    125.58692     11.81216    113.77476
     -5.19083    234.78120     17.39963    217.38157
     -5.18083    246.40687     16.99089    229.41598
     -5.17083    123.70604      9.09353    114.61252
     -5.16083     25.80090      2.04216     23.75874
     -5.15083      2.37275      0.18004      2.19271
     -5.14083      5.01508      0.10484      4.91024
     -5.13083     32.25811      0.65870     31.59940
     -5.12083     84.86299      2.06097     82.80203
     -5.11083    135.06315      6.38961    128.67354
     -5.10083    214.91357     17.95363    196.95994
     -5.09083    216.85665     22.93475    193.92190
     -5.08083     95.87425     11.29207     84.58219
     -5.07083     34.77070      2.45214     32.31857
     -5.06083     63.43511      1.39779     62.03732
     -5.05083     76.35836      1.53881     74.81955
     -5.04083     35.04088      0.70697     34.33391
     -5.03083     15.99052      0.45328     15.53724
     -5.02083     60.58752      2.86928     57.71824
     -5.01083    148.53937      9.60252    138.93685
     -5.00083    179.26767     12.83160    166.43607
     -4.99083    131.17012      7.25769    123.91243
     -4.98083     57.18005      1.99322     55.18683
     -4.97083     11.63234      0.29083     11.34151
     -4.96083      1.37535      0.02915      1.34620
     -4.95083      7.43208      0.15496      7.27713
     -4.94083     50.29665      1.21031     49.08635
     -4.93083    147.42550      5.04882    142.37668
     -4.92083    204.36485     11.36728    192.99757
     -4.91083    139.42454     11.67510    127.74944
     -4.90083     44.61971      4.79765     39.82206
     -4.89083     11.12598      0.84982     10.27616
     -4.88083     32.73951      0.71057     32.02894
     -4.87083     76.12117      1.61909     74.50208
     -4.86083     76.33393      2.25914     74.07480
     -4.85083     87.15767      5.21608     81.94159
     -4.84083    166.96777     11.33471    155.63307
     -4.83083    204.44729     15.35563    189.09166
     -4.82083    159.39994     12.41109    146.98885
     -4.81083    112.79715      5.61549    107.18167
     -4.80083     61.63668      1.73141     59.90527
     -4.79083     15.80484      0.35130     15.45354
     -4.78083      4.22147      0.08711      4.13436
     -4.77083     25.53483      0.52668     25.00815
     -4.76083     99.79563      2.39002     97.40561
     -4.75083    179.73749      6.83321    172.90428
     -4.74083    173.34994     12.03135    161.31858
     -4.73083    104.34258     10.37730     93.96528
     -4.72083    102.27419      7.27571     94.99848
     -4.71083    241.61281     10.94443    230.66839
     -4.70083    420.93694     14.61930    406.31765
     -4.69083    499.95035     14.81037    485.13998
     -4.68083    463.62412     12.54688    451.07724
     -4.67083    447.22449     11.85851    435.36598
     -4.66083    426.50316     15.19601    411.30715
     -4.65083    364.02353     18.75032    345.27321
     -4.64083    277.45174     14.31181    263.13992
     -4.63083    211.91487      7.72438    204.19049
     -4.62083    162.10995      4.71375    157.39620
     -4.61083    132.05387      3.72465    128.32922
     -4.60083    152.96581      4.87107    148.09474
     -4.59083    229.28064      9.06663    220.21401
     -4.58083    273.46152     12.10093    261.36059
     -4.57083    260.71828     14.02333    246.69495
     -4.56083    261.82999     16.28076    245.54923
     -4.55083    201.90305     10.84366    191.05939
     -4.54083    110.07811      4.17895    105.89916
     -4.53083     91.24404      2.60732     88.63672
     -4.52083     83.06833      2.15683     80.91150
     -4.51083     95.17389      2.10873     93.06515
     -4.50083    150.57825      3.65631    146.92194
     -4.49083    195.75103      7.01840    188.73263
     -4.48083    222.54564     13.55483    208.99081
     -4.47083    246.29595     18.06189    228.23407
     -4.46083    231.95675     13.84341    218.11333
     -4.45083    160.71980      6.57588    154.14392
     -4.44083     95.15360      2.74589     92.40772
     -4.43083     81.70699      2.18295     79.52404
     -4.42083     82.68096      2.24482     80.43614
     -4.41083     69.15860      2.20105     66.95755
     -4.40083    138.45134      6.62365    131.82769
     -4.39083    247.65207     14.34550    233.30657
     -4.38083    235.43206     13.32824    222.10382
     -4.37083    123.85022      5.70574    118.14449
     -4.36083     82.63058      3.55009     79.08049
     -4.35083    145.51554      7.05240    138.46314
     -4.34083    140.34864      7.09423    133.25441
     -4.33083     70.04378      3.14401     66.89977
     -4.32083     96.74792      3.52628     93.22164
     -4.31083    213.83665     10.48989    203.34676
     -4.30083    301.08829     16.05694    285.03136
     -4.29083    243.56668     10.65234    232.91434
     -4.28083    126.96791      3.70415    123.26376
     -4.27083    111.25026      2.51434    108.73592
     -4.26083    152.72378      3.26517    149.45861
     -4.25083    121.36064      2.86690    118.49373
     -4.24083    118.78392      5.03431    113.74962
     -4.23083    223.63391     11.63270    212.00121
     -4.22083    330.85228     17.80246    313.04982
     -4.21083    330.54148     15.80771    314.73377
     -4.20083    173.55063      6.72261    166.82802
     -4.19083     57.78611      1.72389     56.06222
     -4.18083     69.48015      1.78362     67.69653
     -4.17083     99.84283      2.37434     97.46849
     -4.16083    109.78453      2.29389    107.49064
     -4.15083    134.28663      4.05211    130.23452
     -4.14083    197.25338     10.61770    186.63568
     -4.13083    266.20687     16.88830    249.31858
     -4.12083    260.24980     14.49936    245.75043
     -4.11083    190.12483      7.87730    182.24753
     -4.10083    136.57974      3.56305    133.01669
     -4.09083    138.03606      2.88477    135.15128
     -4.08083    118.09711      2.74395    115.35316
     -4.07083     75.19756      2.60697     72.59059
     -4.06083    112.05080      6.99624    105.05456
     -4.05083    197.47140     13.40561    184.06579
     -4.04083    208.86385     11.31110    197.55275
     -4.03083    178.22605      5.98008    172.24597
     -4.02083    167.61169      5.65275    161.95894
     -4.01083    183.84924      7.33356    176.51568
     -4.00083    157.55783      5.58629    151.97153
     -3.99083    163.81925      4.81768    159.00156
     -3.98083    186.71016      7.96445    178.74572
     -3.97083    180.63071     12.51348    168.11723
     -3.96083    181.34514     11.20983    170.13531
     -3.95083    164.63881      5.85884    158.77997
     -3.94083    146.06577      3.51834    142.54743
     -3.93083    110.54456      2.63434    107.91022
     -3.92083     72.19397      2.77649     69.41749
     -3.91083     90.18028      5.43601     84.74427
     -3.90083    133.56339      8.97617    124.58722
     -3.89083    173.83515     12.88946    160.94569
     -3.88083    131.70770     10.49051    121.21719
     -3.87083     40.93225      3.44230     37.48995
     -3.86083      4.78511      0.42196      4.36315
     -3.85083      0.38266      0.02311      0.35956
     -3.84083      3.87242      0.11353      3.75889
     -3.83083     34.19407      1.39469     32.79938
     -3.82083    128.95819      7.37436    121.58382
     -3.81083    216.91295     15.93419    200.97876
     -3.80083    160.43739     13.45968    146.97771
     -3.79083     50.47603      4.34880     46.12723
     -3.78083     21.72247      0.82195     20.90051
     -3.77083     79.83014      1.53317     78.29696
     -3.76083    168.70237      3.25516    165.44721
     -3.75083    203.41402      4.89636    198.51766
     -3.74083    248.40735     10.02666    238.38069
     -3.73083    276.05114     14.94791    261.10322
     -3.72083    204.31917     11.55550    192.76367
     -3.71083    141.97609      7.31442    134.66167
     -3.70083    148.27210      5.32910    142.94300
     -3.69083    176.84717      4.11884    172.72834
     -3.68083    146.95889      3.16952    143.78937
     -3.67083    138.34064      5.02294    133.31770
     -3.66083    184.29930     11.21987    173.07943
     -3.65083    183.08245     12.45034    170.63211
     -3.64083    126.83783      6.34917    120.48866
     -3.63083    121.85789      3.93136    117.92653
     -3.62083    134.46373      5.33601    129.12772
     -3.61083    140.73374      5.46122    135.27252
     -3.60083    185.26957      5.71007    179.55950
     -3.59083    238.01915     10.18319    227.83595
     -3.58083    213.01860     13.47349    199.54511
     -3.57083    101.91877      7.84120     94.07757
     -3.56083     34.85468      2.05986     32.79482
     -3.55083     75.32570      1.86160     73.46410
     -3.54083    175.55467      4.79275    170.76193
     -3.53083    235.08495      8.08801    226.99693
     -3.52083    224.81619     10.89710    213.91909
     -3.51083    192.09557     13.46531    178.63026
     -3.50083    149.32767     10.07203    139.25564
     -3.49083     98.73683      4.04748     94.68935
     -3.48083     62.52911      1.47181     61.05730
     -3.47083     80.87237      1.64999     79.22238
     -3.46083    104.46898      3.31171    101.15727
     -3.45083    188.55396      9.98063    178.57334
     -3.44083    308.60536     17.70141    290.90395
     -3.43083    257.43228     13.31994    244.11234
     -3.42083    143.99694      5.08148    138.91546
     -3.41083     68.94837      1.60924     67.33914
     -3.40083     23.67058      0.58628     23.08429
     -3.39083     48.43758      2.24600     46.19158
     -3.38083    170.14524      9.45403    160.69122
     -3.37083    319.14975     17.48756    301.66219
     -3.36083    304.08068     14.20345    289.87723
     -3.35083    135.94638      5.18285    130.76353
     -3.34083     57.78101      1.53771     56.24331
     -3.33083     80.99815      2.07030     78.92785
     -3.32083     87.32611      4.42493     82.90118
     -3.31083    118.00407     10.27441    107.72966
     -3.30083    207.72343     13.59506    194.12837
     -3.29083    255.73442     10.66455    245.06987
     -3.28083    184.85990      6.06046    178.79944
     -3.27083    123.50922      3.25837    120.25084
     -3.26083    141.25701      4.38128    136.87573
     -3.25083    162.20847      9.29637    152.91210
     -3.24083    137.91888     12.21359    125.70529
     -3.23083    112.51956      8.36172    104.15784
     -3.22083    193.33064      7.05601    186.27464
     -3.21083    234.73638      6.91246    227.82392
     -3.20083    157.35309      4.98301    152.37009
     -3.19083    150.34573      8.40286    141.94287
     -3.18083    174.91950     12.85219    162.06731
     -3.17083    149.93985      9.27789    140.66196
     -3.16083    112.90611      4.79784    108.10827
     -3.15083    123.46099      4.86958    118.59141
     -3.14083    178.86310      6.61195    172.25115
     -3.13083    228.55742     11.02352    217.53390
     -3.12083    202.31857     13.37872    188.93985
     -3.11083    182.97390      9.13501    173.83890
     -3.10083    200.98906      6.08505    194.90401
     -3.09083    196.46000      6.58658    189.87343
     -3.08083    195.57433      9.14865    186.42568
     -3.07083    180.60587     12.65225    167.95361
     -3.06083    174.04076     11.85940    162.18136
     -3.05083    193.16109      7.52037    185.64072
     -3.04083    322.20423      9.17946    313.02477
     -3.03083    377.74085     12.43396    365.30689
     -3.02083    241.25802     13.38232    227.87570
     -3.01083    121.56340     12.32131    109.24208
     -3.00083     56.65215      6.17713     50.47502
     -2.99083     67.47258      2.67090     64.80168
     -2.98083    146.87397      5.47759    141.39638
     -2.97083    182.08868     11.24800    170.84068
     -2.96083    134.31822     12.96304    121.35518
     -2.95083     57.34224      6.83131     50.51094
     -2.94083     27.70301      2.23850     25.46450
     -2.93083     89.05632      4.88397     84.17235
     -2.92083    212.83234     12.44056    200.39178
     -2.91083    257.95248     14.52873    243.42375
     -2.90083    166.60407      7.62681    158.97725
     -2.89083     83.55646      3.52517     80.03129
     -2.88083    110.98686      7.60460    103.38225
     -2.87083    145.81579     13.24521    132.57058
     -2.86083     92.07713      9.94730     82.12983
     -2.85083     49.49932      4.10493     45.39439
     -2.84083    116.88707      6.35268    110.53439
     -2.83083    228.30409     13.53791    214.76618
     -2.82083    233.35725     13.43257    219.92468
     -2.81083    167.74598      7.07662    160.66937
     -2.80083    143.08694      6.91443    136.17251
     -2.79083    145.86853     11.95925    133.90928
     -2.78083    114.77480     11.76517    103.00963
     -2.77083    102.80229      7.32954     95.47274
     -2.76083    163.79365      8.99149    154.80216
     -2.75083    214.48779     13.90761    200.58018
     -2.74083    203.39150     12.56547    190.82603
     -2.73083    200.88948      9.06130    191.82819
     -2.72083    200.67375     11.57409    189.09966
     -2.71083    185.55643     14.12383    171.43260
     -2.70083    145.24233     10.30441    134.93793
     -2.69083    166.68247     11.41508    155.26739
     -2.68083    250.45655     16.11762    234.33893
     -2.67083    248.95089     13.78215    235.16874
     -2.66083    249.20815     14.47609    234.73206
     -2.65083    319.02885     18.20044    300.82841
     -2.64083    332.80516     16.95506    315.85010
     -2.63083    260.92918     16.61079    244.31839
     -2.62083    161.26848     14.12122    147.14726
     -2.61083    137.57721     12.43575    125.14147
     -2.60083    175.29624     14.37914    160.91711
     -2.59083    153.28509     13.96302    139.32206
     -2.58083    150.26030     14.97040    135.28990
     -2.57083    188.73020     16.19333    172.53686
     -2.56083    191.61679     17.90933    173.70746
     -2.55083    169.89284     20.14077    149.75207
     -2.54083    205.87031     24.71003    181.16027
     -2.53083    274.54154     29.07165    245.46989
     -2.52083    245.70591     24.67099    221.03492
     -2.51083    135.74298     11.81999    123.92299
     -2.50083     94.16978      3.26477     90.90501
     -2.49083     69.73030      0.95949     68.77080
     -2.48083     32.20872      0.38989     31.81883
     -2.47083     66.81968      0.97447     65.84520
     -2.46083    194.33583      2.90198    191.43384
     -2.45083    278.78558      4.12556    274.66002
     -2.44083    193.25957      2.78401    190.47556
     -2.43083     92.38271      1.26387     91.11884
     -2.42083    128.71030      1.69342    127.01688
     -2.41083    155.85121      2.06655    153.78465
     -2.40083     90.13372      1.28625     88.84747
     -2.39083     87.92142      1.48965     86.43177
     -2.38083    153.27602      2.49136    150.78466
     -2.37083    192.54304      2.98167    189.56137
     -2.36083    189.53557      3.65963    185.87594
     -2.35083    191.62163      5.05948    186.56216
     -2.34083    149.97848      4.16396    145.81452
     -2.33083    138.79810      2.73238    136.06572
     -2.32083    228.19916      3.62363    224.57552
     -2.31083    191.75906      3.00328    188.75578
     -2.30083     65.43395      1.06783     64.36612
     -2.29083     63.85979      1.68531     62.17448
     -2.28083    340.91715      9.78969    331.12747
     -2.27083    909.94554     26.66172    883.28382
     -2.26083   1234.76875     36.00703   1198.76172
     -2.25083   1027.10010     29.42826    997.67183
     -2.24083    646.09977     18.63588    627.46389
     -2.23083    430.23242     12.24116    417.99126
     -2.22083    456.05467     12.23788    443.81679
     -2.21083    491.92129     13.02930    478.89199
     -2.20083    399.29052     10.25267    389.03785
     -2.19083    393.36640      9.86503    383.50136
     -2.18083    497.66408     13.18012    484.48396
     -2.17083    471.95897     12.56192    459.39705
     -2.16083    299.65936      7.32156    292.33780
     -2.15083    150.11727      3.07611    147.04116
     -2.14083     98.28296      1.50359     96.77938
     -2.13083     68.23331      0.92961     67.30369
     -2.12083     24.97645      0.33497     24.64148
     -2.11083     31.31727      0.41798     30.89929
     -2.10083    102.39721      1.38421    101.01299
     -2.09083    149.69960      2.05680    147.64280
     -2.08083     91.02342      1.27047     89.75295
     -2.07083     23.25105      0.32902     22.92203
     -2.06083     10.75448      0.15924     10.59525
     -2.05083     46.10336      0.68144     45.42192
     -2.04083    105.82556      1.50979    104.31577
     -2.03083    125.54886      1.67309    123.87577
     -2.02083     84.13291      1.05595     83.07696
     -2.01083     37.54603      0.51306     37.03297
     -2.00083     87.15372      1.57890     85.57481
     -1.99083    303.23704      5.93167    297.30537
     -1.98083    594.31989     12.06744    582.25245
     -1.97083    747.88945     15.13491    732.75453
     -1.96083    720.66459     14.14704    706.51755
     -1.95083    560.53266     10.82897    549.70369
     -1.94083    429.84754      8.28104    421.56650
     -1.93083    472.04017      9.11788    462.92229
     -1.92083    583.43309     11.35797    572.07512
     -1.91083    545.14115     10.51959    534.62155
     -1.90083    501.61910      9.20124    492.41786
     -1.89083    587.43348     10.31888    577.11459
     -1.88083    549.17644      9.71279    539.46364
     -1.87083    345.94833      6.29536    339.65298
     -1.86083    240.22854      4.43656    235.79197
     -1.85083    218.09438      3.86556    214.22882
     -1.84083    181.30268      2.79153    178.51115
     -1.83083    174.66183      2.33139    172.33044
     -1.82083    153.90973      2.12171    151.78802
     -1.81083    115.37671      1.71410    113.66261
     -1.80083     65.99807      0.99776     65.00031
     -1.79083     45.93121      0.59627     45.33493
     -1.78083    104.98391      1.27017    103.71374
     -1.77083    148.22243      1.85204    146.37039
     -1.76083     89.77277      1.16068     88.61209
     -1.75083     23.35731      0.30823     23.04908
     -1.74083     13.20347      0.15703     13.04644
     -1.73083     58.12090      0.68334     57.43756
     -1.72083    129.86268      1.56740    128.29528
     -1.71083    131.45150      1.63565    129.81585
     -1.70083     73.04225      0.91227     72.12998
     -1.69083     70.96323      0.82505     70.13817
     -1.68083    111.86285      1.28131    110.58155
     -1.67083    140.96918      1.64628    139.32290
     -1.66083    147.76847      1.78050    145.98797
     -1.65083     93.33043      1.15325     92.17718
     -1.64083     29.85885      0.37162     29.48723
     -1.63083     30.86292      0.35739     30.50553
     -1.62083    124.81042      1.44111    123.36931
     -1.61083    223.87442      2.61612    221.25829
     -1.60083    164.51019      1.95271    162.55748
     -1.59083     50.85389      0.61332     50.24057
     -1.58083     15.62136      0.18672     15.43464
     -1.57083     62.08512      0.72887     61.35625
     -1.56083    158.39108      1.85295    156.53812
     -1.55083    179.99698      2.09514    177.90183
     -1.54083    126.31908      1.46609    124.85299
     -1.53083     78.51837      0.94710     77.57128
     -1.52083     87.46430      1.11844     86.34585
     -1.51083    115.28362      1.38609    113.89752
     -1.50083    112.00161      1.20813    110.79349
     -1.49083     95.83184      1.08916     94.74268
     -1.48083    131.09293      1.69534    129.39759
     -1.47083    151.65716      1.94722    149.70994
     -1.46083     91.20563      1.08390     90.12174
     -1.45083     82.44108      0.82419     81.61688
     -1.44083    132.78553      1.45388    131.33165
     -1.43083    122.72684      1.55784    121.16901
     -1.42083     61.58945      0.83930     60.75015
     -1.41083     59.23614      0.67856     58.55758
     -1.40083    119.80791      1.19051    118.61740
     -1.39083    133.41670      1.15504    132.26166
     -1.38083     71.43786      0.54499     70.89287
     -1.37083     27.41874      0.22420     27.19454
     -1.36083     67.68881      0.63210     67.05672
     -1.35083    161.46443      1.45724    160.00719
     -1.34083    216.06647      2.09014    213.97633
     -1.33083    276.87224      3.14065    273.73160
     -1.32083    278.62221      3.23910    275.38311
     -1.31083    154.70872      1.64161    153.06711
     -1.30083     86.34570      0.90496     85.44074
     -1.29083    161.29419      1.98673    159.30745
     -1.28083    230.36837      3.07207    227.29630
     -1.27083    199.13213      2.50274    196.62939
     -1.26083    185.61809      1.76797    183.85012
     -1.25083    150.47848      1.32982    149.14866
     -1.24083    134.04791      1.49679    132.55113
     -1.23083    164.81712      1.94687    162.87025
     -1.22083    112.50876      1.17239    111.33637
     -1.21083     84.22760      0.51587     83.71173
     -1.20083    136.97896      1.06936    135.90960
     -1.19083    184.49913      2.33024    182.16888
     -1.18083    145.25616      2.28962    142.96654
     -1.17083     51.50968      0.89278     50.61690
     -1.16083     11.66715      0.22567     11.44148
     -1.15083     30.74043      0.64316     30.09727
     -1.14083     80.23745      1.62712     78.61033
     -1.13083    103.96897      1.82597    102.14300
     -1.12083    100.44420      1.35543     99.08877
     -1.11083     70.49550      0.90437     69.59113
     -1.10083     59.14236      1.09315     58.04921
     -1.09083     80.89891      1.70864     79.19027
     -1.08083     55.22634      1.17185     54.05449
     -1.07083     23.39335      0.41628     22.97707
     -1.06083     57.86924      0.81100     57.05825
     -1.05083    135.24487      2.09205    133.15283
     -1.04083    133.68681      2.31042    131.37639
     -1.03083     54.83794      1.03645     53.80149
     -1.02083     12.35216      0.25310     12.09906
     -1.01083     26.49706      0.56623     25.93083
     -1.00083     81.17986      1.64334     79.53652
     -0.99083    121.61186      2.10676    119.50510
     -0.98083    107.14162      1.47298    105.66864
     -0.97083     57.58153      0.75380     56.82774
     -0.96083     49.77114      0.98585     48.78529
     -0.95083     79.33401      1.73739     77.59662
     -0.94083     59.37197      1.28346     58.08851
     -0.93083     35.89179      0.57766     35.31413
     -0.92083     79.84844      1.05878     78.78966
     -0.91083    133.84174      2.10683    131.73492
     -0.90083    112.30736      2.10956    110.19780
     -0.89083     44.97208      0.93652     44.03556
     -0.88083     12.44531      0.27028     12.17503
     -0.87083     36.29930      0.75142     35.54788
     -0.86083    107.38853      2.01771    105.37082
     -0.85083    142.07943      2.29521    139.78422
     -0.84083     86.20075      1.18805     85.01270
     -0.83083     34.51513      0.54847     33.96666
     -0.82083     54.23438      1.20448     53.02989
     -0.81083     81.17209      1.82406     79.34803
     -0.80083     60.35158      1.18420     59.16738
     -0.79083     70.57690      0.90510     69.67180
     -0.78083    108.45621      1.50690    106.94931
     -0.77083    112.97975      2.09531    110.88444
     -0.76083     74.82509      1.62470     73.20039
     -0.75083     25.18836      0.56582     24.62254
     -0.74083     24.59956      0.47435     24.12522
     -0.73083     95.33239      1.69808     93.63431
     -0.72083    157.42211      2.63646    154.78565
     -0.71083     98.80012      1.55342     97.24670
     -0.70083     29.91223      0.49817     29.41406
     -0.69083     39.94596      0.91493     39.03102
     -0.68083     82.55254      1.87549     80.67705
     -0.67083     90.14030      1.70268     88.43763
     -0.66083     94.01998      1.20986     92.81012
     -0.65083     92.05681      1.28400     90.77281
     -0.64083     90.66015      1.86148     88.79868
     -0.63083     74.50451      1.73347     72.77104
     -0.62083     33.65312      0.73608     32.91704
     -0.61083     50.61610      0.78733     49.82877
     -0.60083    133.26072      2.15648    131.10424
     -0.59083    144.19704      2.52571    141.67133
     -0.58083     60.61352      1.14664     59.46687
     -0.57083     22.22468      0.49451     21.73017
     -0.56083     59.43165      1.34503     58.08662
     -0.55083    118.35339      2.31606    116.03733
     -0.54083    124.02524      1.86942    122.15582
     -0.53083     78.18383      1.05179     77.13204
     -0.52083     65.00540      1.36820     63.63720
     -0.51083     83.12470      2.00885     81.11585
     -0.50083     65.91064      1.37797     64.53267
     -0.49083     81.13352      1.10335     80.03016
     -0.48083    128.13737      1.99234    126.14503
     -0.47083    117.58069      2.35980    115.22089
     -0.46083     56.11655      1.29390     54.82265
     -0.45083     34.15085      0.71152     33.43933
     -0.44083    100.51471      1.83806     98.67665
     -0.43083    158.58460      2.74276    155.84184
     -0.42083     96.49781      1.60191     94.89590
     -0.41083     42.87914      0.88247     41.99667
     -0.40083     76.34183      1.80894     74.53289
     -0.39083    118.20523      2.32079    115.88444
     -0.38083    116.29535      1.66405    114.63129
     -0.37083     93.81128      1.53745     92.27383
     -0.36083     92.12675      2.16596     89.96079
     -0.35083     79.98693      1.79868     78.18825
     -0.34083     92.60885      1.40832     91.20052
     -0.33083    138.58583      2.29337    136.29245
     -0.32083    117.39409      2.43572    114.95837
     -0.31083     61.37081      1.36051     60.01030
     -0.30083     91.20597      1.65538     89.55059
     -0.29083    158.83612      2.82574    156.01038
     -0.28083    115.08999      2.10758    112.98241
     -0.27083     68.62373      1.43157     67.19216
     -0.26083    123.94911      2.47870    121.47041
     -0.25083    150.14463      2.59170    147.55293
     -0.24083    102.36181      1.80322    100.55859
     -0.23083    111.93871      2.38597    109.55274
     -0.22083    145.61562      2.64469    142.97093
     -0.21083    129.69241      2.16318    127.52923
     -0.20083    130.23940      2.63110    127.60830
     -0.19083    149.27277      2.69691    146.57586
     -0.18083    146.97303      2.49437    144.47866
     -0.17083    161.54008      3.01471    158.52537
     -0.16083    171.75649      2.87291    168.88359
     -0.15083    189.24692      3.11527    186.13165
     -0.14083    218.92200      3.51380    215.40820
     -0.13083    201.82481      3.24969    198.57512
     -0.12083    153.49475      3.14623    150.34853
     -0.11083    102.41253      2.69744     99.71509
     -0.10083     97.40154      2.83485     94.56669
     -0.09083     98.14570      2.88790     95.25780
     -0.08083    103.99354      3.06594    100.92760
     -0.07083    108.73776      3.20783    105.52993
     -0.06083    115.20507      3.39827    111.80680
     -0.05083    121.88249      3.59085    118.29164
     -0.04083    131.52366      3.86546    127.65820
     -0.03083    141.43697      4.14085    137.29612
     -0.02083    143.23332      4.17188    139.06144
     -0.01083    129.60615      3.74577    125.86039
     -0.00083    106.03421      3.03947    102.99473
      0.00917     55.78565      1.59345     54.19220
      0.01917     12.87760      0.36751     12.51009
      0.02917      1.13756      0.03246      1.10510
      0.03917      0.03725      0.00106      0.03619
      0.04917      0.00045      0.00001      0.00044
      0.05917      0.00000      0.00000      0.00000
      0.06917      0.00000      0.00000      0.00000
      0.07917      0.00000      0.00000      0.00000
      0.08917      0.00000      0.00000      0.00000
      0.09917      0.00000      0.00000      0.00000
      0.10917      0.00000      0.00000      0.00000
      0.11917      0.00000      0.00000      0.00000
      0.12917      0.00000      0.00000      0.00000
      0.13917      0.00000      0.00000      0.00000
      0.14917      0.00000      0.00000      0.00000
      0.15917      0.00000      0.00000      0.00000
      0.16917      0.00000      0.00000      0.00000
      0.17917      0.00000      0.00000      0.00000
      0.18917      0.00000      0.00000      0.00000
      0.19917      0.00000      0.00000      0.00000
      0.20917      0.00000      0.00000      0.00000
      0.21917      0.00000      0.00000      0.00000
      0.22917      0.00000      0.00000      0.00000
      0.23917      0.00000      0.00000      0.00000
      0.24917      0.00000      0.00000      0.00000
      0.25917      0.00000      0.00000      0.00000
      0.26917      0.00000      0.00000      0.00000
      0.27917      0.00000      0.00000      0.00000
      0.28917      0.00000      0.00000      0.00000
      0.29917      0.00000      0.00000      0.00000
      0.30917      0.00000      0.00000      0.00000
      0.31917      0.00000      0.00000      0.00000
      0.32917      0.00000      0.00000      0.00000
      0.33917      0.00000      0.00000      0.00000
      0.34917      0.00000      0.00000      0.00000
      0.35917      0.00000      0.00000      0.00000
      0.36917      0.00000      0.00000      0.00000
      0.37917      0.00000      0.00000      0.00000
      0.38917      0.00000      0.00000      0.00000
      0.39917      0.00000      0.00000      0.00000
      0.40917      0.00000      0.00000      0.00000
      0.41917      0.00000      0.00000      0.00000
      0.42917      0.00000      0.00000      0.00000
      0.43917      0.00000      0.00000      0.00000
      0.44917      0.00000      0.00000      0.00000
      0.45917      0.00000      0.00000      0.00000
      0.46917      0.00000      0.00000      0.00000
      0.47917      0.00000      0.00000      0.00000
      0.48917      0.00000      0.00000      0.00000
      0.49917      0.00000      0.00000      0.00000
      0.50917      0.00000      0.00000      0.00000
      0.51917      0.00000      0.00000      0.00000
      0.52917      0.00000      0.00000      0.00000
      0.53917      0.00000      0.00000      0.00000
      0.54917      0.00000      0.00000      0.00000
      0.55917      0.00000      0.00000      0.00000
      0.56917      0.00000      0.00000      0.00000
      0.57917      0.00000      0.00000      0.00000
      0.58917      0.00000      0.00000      0.00000
      0.59917      0.00000      0.00000      0.00000
      0.60917      0.00000      0.00000      0.00000
      0.61917      0.00000      0.00000      0.00000
      0.62917      0.00000      0.00000      0.00000
      0.63917      0.00000      0.00000      0.00000
      0.64917      0.00000      0.00000      0.00000
      0.65917      0.00000      0.00000      0.00000
      0.66917      0.00000      0.00000      0.00000
      0.67917      0.00000      0.00000      0.00000
      0.68917      0.00000      0.00000      0.00000
      0.69917      0.00000      0.00000      0.00000
      0.70917      0.00000      0.00000      0.00000
      0.71917      0.00000      0.00000      0.00000
      0.72917      0.00000      0.00000      0.00000
      0.73917      0.00000      0.00000      0.00000
      0.74917      0.00000      0.00000      0.00000
      0.75917      0.00000      0.00000      0.00000
      0.76917      0.00000      0.00000      0.00000
      0.77917      0.00000      0.00000      0.00000
      0.78917      0.00000      0.00000      0.00000
      0.79917      0.00000      0.00000      0.00000
      0.80917      0.00000      0.00000      0.00000
      0.81917      0.00000      0.00000      0.00000
      0.82917      0.00000      0.00000      0.00000
      0.83917      0.00000      0.00000      0.00000
      0.84917      0.00000      0.00000      0.00000
      0.85917      0.00000      0.00000      0.00000
      0.86917      0.00000      0.00000      0.00000
      0.87917      0.00000      0.00000      0.00000
      0.88917      0.00000      0.00000      0.00000
      0.89917      0.00000      0.00000      0.00000
      0.90917      0.00000      0.00000      0.00000
      0.91917      0.00000      0.00000      0.00000
      0.92917      0.00000      0.00000      0.00000
      0.93917      0.00000      0.00000      0.00000
      0.94917      0.00000      0.00000      0.00000
      0.95917      0.00000      0.00000      0.00000
      0.96917      0.00000      0.00000      0.00000
      0.97917      0.00000      0.00000      0.00000
      0.98917      0.00000      0.00000      0.00000
      0.99917      0.00000      0.00000      0.00000
      1.00917      0.00000      0.00000      0.00000
      1.01917      0.00000      0.00000      0.00000
      1.02917      0.00000      0.00000      0.00000
      1.03917      0.00000      0.00000      0.00000
      1.04917      0.00000      0.00000      0.00000
      1.05917      0.00000      0.00000      0.00000
      1.06917      0.00000      0.00000      0.00000
      1.07917      0.00000      0.00000      0.00000
      1.08917      0.00000      0.00000      0.00000
      1.09917      0.00000      0.00000      0.00000
      1.10917      0.00000      0.00000      0.00000
      1.11917      0.00000      0.00000      0.00000
      1.12917      0.00000      0.00000      0.00000
      1.13917      0.00000      0.00000      0.00000
      1.14917      0.00000      0.00000      0.00000
      1.15917      0.00000      0.00000      0.00000
      1.16917      0.00000      0.00000      0.00000
      1.17917      0.00000      0.00000      0.00000
      1.18917      0.00000      0.00000      0.00000
      1.19917      0.00000      0.00000      0.00000
      1.20917      0.00000      0.00000      0.00000
      1.21917      0.00000      0.00000      0.00000
      1.22917      0.00000      0.00000      0.00000
      1.23917      0.00000      0.00000      0.00000
      1.24917      0.00000      0.00000      0.00000
      1.25917      0.00000      0.00000      0.00000
      1.26917      0.00000      0.00000      0.00000
      1.27917      0.00000      0.00000      0.00000
      1.28917      0.00000      0.00000      0.00000
      1.29917      0.00000      0.00000      0.00000
      1.30917      0.00000      0.00000      0.00000
      1.31917      0.00000      0.00000      0.00000
      1.32917      0.00000      0.00000      0.00000
      1.33917      0.00000      0.00000      0.00000
      1.34917      0.00000      0.00000      0.00000
      1.35917      0.00000      0.00000      0.00000
      1.36917      0.00000      0.00000      0.00000
      1.37917      0.00000      0.00000      0.00000
      1.38917      0.00000      0.00000      0.00000
      1.39917      0.00000      0.00000      0.00000
      1.40917      0.00000      0.00000      0.00000
      1.41917      0.00000      0.00000      0.00000
      1.42917      0.00000      0.00000      0.00000
      1.43917      0.00000      0.00000      0.00000
      1.44917      0.00000      0.00000      0.00000
      1.45917      0.00000      0.00000      0.00000
      1.46917      0.00000      0.00000      0.00000
      1.47917      0.00000      0.00000      0.00000
      1.48917      0.00000      0.00000      0.00000
      1.49917      0.00000      0.00000      0.00000
      1.50917      0.00000      0.00000      0.00000
      1.51917      0.00000      0.00000      0.00000
      1.52917      0.00000      0.00000      0.00000
      1.53917      0.00000      0.00000      0.00000
      1.54917      0.00000      0.00000      0.00000
      1.55917      0.00000      0.00000      0.00000
      1.56917      0.00000      0.00000      0.00000
      1.57917      0.00000      0.00000      0.00000
      1.58917      0.00000      0.00000      0.00000
      1.59917      0.00000      0.00000      0.00000
      1.60917      0.00000      0.00000      0.00000
      1.61917      0.00000      0.00000      0.00000
      1.62917      0.00000      0.00000      0.00000
      1.63917      0.00000      0.00000      0.00000
      1.64917      0.00000      0.00000      0.00000
      1.65917      0.00000      0.00000      0.00000
      1.66917      0.00000      0.00000      0.00000
      1.67917      0.00000      0.00000      0.00000
      1.68917      0.00000      0.00000      0.00000
      1.69917      0.00000      0.00000      0.00000
      1.70917      0.00000      0.00000      0.00000
      1.71917      0.00000      0.00000      0.00000
      1.72917      0.00000      0.00000      0.00000
      1.73917      0.00000      0.00000      0.00000
      1.74917      0.00000      0.00000      0.00000
      1.75917      0.00000      0.00000      0.00000
      1.76917      0.00000      0.00000      0.00000
      1.77917      0.00000      0.00000      0.00000
      1.78917      0.00000      0.00000      0.00000
      1.79917      0.00000      0.00000      0.00000
      1.80917      0.00000      0.00000      0.00000
      1.81917      0.00000      0.00000      0.00000
      1.82917      0.00000      0.00000      0.00000
      1.83917      0.00000      0.00000      0.00000
      1.84917      0.00000      0.00000      0.00000
      1.85917      0.00000      0.00000      0.00000
      1.86917      0.00000      0.00000      0.00000
      1.87917      0.00000      0.00000      0.00000
      1.88917      0.00000      0.00000      0.00000
      1.89917      0.00000      0.00000      0.00000
      1.90917      0.00000      0.00000      0.00000
      1.91917      0.00000      0.00000      0.00000
      1.92917      0.00000      0.00000      0.00000
      1.93917      0.00000      0.00000      0.00000
      1.94917      0.00000      0.00000      0.00000
      1.95917      0.00000      0.00000      0.00000
      1.96917      0.00000      0.00000      0.00000
      1.97917      0.00000      0.00000      0.00000
      1.98917      0.00000      0.00000      0.00000
      1.99917      0.00000      0.00000      0.00000
      2.00917      0.00000      0.00000      0.00000
      2.01917      0.00000      0.00000      0.00000
      2.02917      0.00000      0.00000      0.00000
      2.03917      0.00000      0.00000      0.00000
      2.04917      0.00000      0.00000      0.00000
      2.05917      0.00000      0.00000      0.00000
      2.06917      0.00000      0.00000      0.00000
      2.07917      0.00000      0.00000      0.00000
      2.08917      0.00000      0.00000      0.00000
      2.09917      0.00000      0.00000      0.00000
      2.10917      0.00000      0.00000      0.00000
      2.11917      0.00000      0.00000      0.00000
      2.12917      0.00000      0.00000      0.00000
      2.13917      0.00000      0.00000      0.00000
      2.14917      0.00000      0.00000      0.00000
      2.15917      0.00000      0.00000      0.00000
      2.16917      0.00000      0.00000      0.00000
      2.17917      0.00000      0.00000      0.00000
      2.18917      0.00000      0.00000      0.00000
      2.19917      0.00000      0.00000      0.00000
      2.20917      0.00000      0.00000      0.00000
      2.21917      0.00000      0.00000      0.00000
      2.22917      0.00000      0.00000      0.00000
      2.23917      0.00000      0.00000      0.00000
      2.24917      0.00000      0.00000      0.00000
      2.25917      0.00000      0.00000      0.00000
      2.26917      0.00000      0.00000      0.00000
      2.27917      0.00000      0.00000      0.00000
      2.28917      0.00000      0.00000      0.00000
      2.29917      0.00000      0.00000      0.00000
      2.30917      0.00000      0.00000      0.00000
      2.31917      0.00000      0.00000      0.00000
      2.32917      0.00000      0.00000      0.00000
      2.33917      0.00000      0.00000      0.00000
      2.34917      0.00000      0.00000      0.00000
      2.35917      0.00000      0.00000      0.00000
      2.36917      0.00000      0.00000      0.00000
      2.37917      0.00000      0.00000      0.00000
      2.38917      0.00000      0.00000      0.00000
      2.39917      0.00000      0.00000      0.00000
      2.40917      0.00000      0.00000      0.00000
      2.41917      0.00000      0.00000      0.00000
      2.42917      0.00000      0.00000      0.00000
      2.43917      0.00000      0.00000      0.00000
      2.44917      0.00000      0.00000      0.00000
      2.45917      0.00000      0.00000      0.00000
      2.46917      0.00000      0.00000      0.00000
      2.47917      0.00000      0.00000      0.00000
      2.48917      0.00000      0.00000      0.00000
      2.49917      0.00000      0.00000      0.00000
      2.50917      0.00000      0.00000      0.00000
      2.51917      0.00000      0.00000      0.00000
      2.52917      0.00000      0.00000      0.00000
      2.53917      0.00000      0.00000      0.00000
      2.54917      0.00000      0.00000      0.00000
      2.55917      0.00000      0.00000      0.00000
      2.56917      0.00000      0.00000      0.00000
      2.57917      0.00000      0.00000      0.00000
      2.58917      0.00000      0.00000      0.00000
      2.59917      0.00000      0.00000      0.00000
      2.60917      0.00000      0.00000      0.00000
      2.61917      0.00000      0.00000      0.00000
      2.62917      0.00000      0.00000      0.00000
      2.63917      0.00000      0.00000      0.00000
      2.64917      0.00000      0.00000      0.00000
      2.65917      0.00000      0.00000      0.00000
      2.66917      0.00000      0.00000      0.00000
      2.67917      0.00000      0.00000      0.00000
      2.68917      0.00000      0.00000      0.00000
      2.69917      0.00000      0.00000      0.00000
      2.70917      0.00000      0.00000      0.00000
      2.71917      0.00000      0.00000      0.00000
      2.72917      0.00000      0.00000      0.00000
      2.73917      0.00000      0.00000      0.00000
      2.74917      0.00000      0.00000      0.00000
      2.75917      0.00000      0.00000      0.00000
      2.76917      0.00000      0.00000      0.00000
      2.77917      0.00000      0.00000      0.00000
      2.78917      0.00000      0.00000      0.00000
      2.79917      0.00000      0.00000      0.00000
      2.80917      0.00000      0.00000      0.00000
      2.81917      0.00000      0.00000      0.00000
      2.82917      0.00000      0.00000      0.00000
      2.83917      0.00000      0.00000      0.00000
      2.84917      0.00000      0.00000      0.00000
      2.85917      0.00000      0.00000      0.00000
      2.86917      0.00000      0.00000      0.00000
      2.87917      0.00000      0.00000      0.00000
      2.88917      0.00000      0.00000      0.00000
      2.89917      0.00000      0.00000      0.00000
      2.90917      0.00000      0.00000      0.00000
      2.91917      0.00000      0.00000      0.00000
      2.92917      0.00000      0.00000      0.00000
      2.93917      0.00000      0.00000      0.00000
      2.94917      0.00000      0.00000      0.00000
      2.95917      0.00000      0.00000      0.00000
      2.96917      0.00000      0.00000      0.00000
      2.97917      0.00000      0.00000      0.00000
      2.98917      0.00000      0.00000      0.00000
      2.99917      0.00000      0.00000      0.00000
      3.00917      0.00000      0.00000      0.00000
      3.01917      0.00000      0.00000      0.00000
      3.02917      0.00000      0.00000      0.00000
      3.03917      0.00000      0.00000      0.00000
      3.04917      0.00000      0.00000      0.00000
      3.05917      0.00000      0.00000      0.00000
      3.06917      0.00000      0.00000      0.00000
      3.07917      0.00000      0.00000      0.00000
      3.08917      0.00000      0.00000      0.00000
      3.09917      0.00000      0.00000      0.00000
      3.10917      0.00000      0.00000      0.00000
      3.11917      0.00000      0.00000      0.00000
      3.12917      0.00000      0.00000      0.00000
      3.13917      0.00000      0.00000      0.00000
      3.14917      0.00000      0.00000      0.00000
      3.15917      0.00000      0.00000      0.00000
      3.16917      0.00000      0.00000      0.00000
      3.17917      0.00000      0.00000      0.00000
      3.18917      0.00000      0.00000      0.00000
      3.19917      0.00000      0.00000      0.00000
      3.20917      0.00000      0.00000      0.00000
      3.21917      0.00000      0.00000      0.00000
      3.22917      0.00000      0.00000      0.00000
      3.23917      0.00000      0.00000      0.00000
      3.24917      0.00000      0.00000      0.00000
      3.25917      0.00000      0.00000      0.00000
      3.26917      0.00000      0.00000      0.00000
      3.27917      0.00000      0.00000      0.00000
      3.28917      0.00000      0.00000      0.00000
      3.29917      0.00038      0.00000      0.00038
      3.30917      0.03530      0.00038      0.03492
      3.31917      1.18725      0.01287      1.17438
      3.32917     15.39321      0.16748     15.22573
      3.33917     80.16153      0.87772     79.28380
      3.34917    182.45192      2.02399    180.42793
      3.35917    217.89415      2.48359    215.41056
      3.36917    187.88862      2.24408    185.64453
      3.37917    157.63863      1.99368    155.64495
      3.38917    139.92668      1.87227    138.05441
      3.39917    128.89972      1.82074    127.07899
      3.40917    120.07776      1.78671    118.29105
      3.41917    114.22744      1.78662    112.44082
      3.42917    107.78266      1.77097    106.01169
      3.43917    106.59042      1.83311    104.75731
      3.44917    116.66804      2.09801    114.57003
      3.45917    169.15061      3.10837    166.04224
      3.46917    218.96876      4.07033    214.89843
      3.47917    224.68385      4.25804    220.42581
      3.48917    194.02127      3.76249    190.25879
      3.49917    185.32225      3.71012    181.61212
      3.50917    158.00577      3.24677    154.75899
      3.51917    165.92624      3.48713    162.43911
      3.52917    156.45643      3.37877    153.07767
      3.53917    125.45175      2.81892    122.63282
      3.54917    162.26593      3.66221    158.60372
      3.55917    141.61430      3.22957    138.38473
      3.56917    110.73612      2.75314    107.98298
      3.57917    140.54094      3.44139    137.09955
      3.58917    144.42332      3.40936    141.01396
      3.59917    122.84866      3.21902    119.62965
      3.60917    100.92657      2.79626     98.13032
      3.61917    122.20349      3.13726    119.06623
      3.62917    159.17199      4.16438    155.00761
      3.63917    106.14666      2.98082    103.16584
      3.64917     77.80015      2.41809     75.38206
      3.65917    129.34993      3.79951    125.55043
      3.66917    142.63792      3.81360    138.82432
      3.67917    110.96360      3.23347    107.73012
      3.68917     95.68689      3.30854     92.37835
      3.69917     80.74106      2.66685     78.07421
      3.70917    124.00108      3.65566    120.34542
      3.71917    156.58013      4.76547    151.81466
      3.72917     90.28055      2.97619     87.30436
      3.73917     64.57660      2.51034     62.06626
      3.74917    103.84789      3.87642     99.97147
      3.75917    125.46953      3.89793    121.57161
      3.76917    126.05189      3.87163    122.18026
      3.77917    109.81008      4.18182    105.62826
      3.78917     67.36090      2.86319     64.49771
      3.79917     63.34776      2.54811     60.79964
      3.80917    134.19868      4.87383    129.32486
      3.81917    145.23751      4.86667    140.37084
      3.82917     84.00610      3.01038     80.99573
      3.83917     79.19525      3.69529     75.49996
      3.84917     79.24257      3.76177     75.48080
      3.85917     76.65932      2.94301     73.71632
      3.86917    137.88169      4.95319    132.92850
      3.87917    142.29069      5.55802    136.73267
      3.88917     66.90928      2.93698     63.97230
      3.89917     53.73247      2.82749     50.90498
      3.90917     89.70739      4.60798     85.09941
      3.91917    102.42878      4.20592     98.22286
      3.92917    120.92970      4.21937    116.71033
      3.93917    125.08066      5.43894    119.64172
      3.94917     81.95605      4.29198     77.66407
      3.95917     40.54633      2.30243     38.24390
      3.96917     69.90446      3.82349     66.08097
      3.97917    126.08599      5.89987    120.18613
      3.98917    126.10919      4.75410    121.35509
      3.99917     93.60583      3.94025     89.66559
      4.00917     89.27505      5.14422     84.13083
      4.01917     63.90270      3.94495     59.95775
      4.02917     42.45311      2.43365     40.01947
      4.03917    101.83931      5.12321     96.71610
      4.04917    157.65033      8.92342    148.72691
      4.05917    130.58396     32.07310     98.51086
      4.06917    234.36104    162.91793     71.44311
      4.07917    502.84076    388.36882    114.47194
      4.08917    566.17415    456.02358    110.15057
      4.09917    497.00454    398.34562     98.65892
      4.10917    624.04556    451.42145    172.62411
      4.11917    753.65164    548.78668    204.86496
      4.12917    651.02858    524.37780    126.65079
      4.13917    537.90176    449.09468     88.80707
      4.14917    514.84571    400.55686    114.28885
      4.15917    480.96668    369.09090    111.87578
      4.16917    455.69109    345.21264    110.47846
      4.17917    489.16951    329.53958    159.62992
      4.18917    476.05731    315.59221    160.46510
      4.19917    392.52473    298.88243     93.64230
      4.20917    345.87684    284.86444     61.01240
      4.21917    367.46389    276.30423     91.15966
      4.22917    382.68422    267.67582    115.00840
      4.23917    376.65660    256.92870    119.72790
      4.24917    386.25479    249.27441    136.98038
      4.25917    376.30850    242.97887    133.32963
      4.26917    327.82678    234.36979     93.45699
      4.27917    278.50385    225.44207     53.06178
      4.28917    289.30551    219.69659     69.60892
      4.29917    335.10925    217.95278    117.15647
      4.30917    345.39075    210.64750    134.74325
      4.31917    326.03239    205.36138    120.67101
      4.32917    336.11207    198.59628    137.51578
      4.33917    425.33433    198.33088    227.00344
      4.34917    426.64334    191.60180    235.04155
      4.35917    372.59573    188.88681    183.70892
      4.36917    389.18996    184.17778    205.01218
      4.37917    435.06239    185.02093    250.04146
      4.38917    393.33086    178.36871    214.96215
      4.39917    324.78613    173.13730    151.64883
      4.40917    348.37381    174.63907    173.73474
      4.41917    313.19313    164.96259    148.23054
      4.42917    269.03671    170.02822     99.00849
      4.43917    302.81547    156.94225    145.87323
      4.44917    380.37959    169.74493    210.63466
      4.45917    337.04621    156.37447    180.67175
      4.46917    286.56014    156.95666    129.60347
      4.47917    297.34461    157.12345    140.22116
      4.48917    282.23253    147.86135    134.37118
      4.49917    244.10165    154.05654     90.04511
      4.50917    237.45470    143.90205     93.55265
      4.51917    325.91033    148.14945    177.76088
      4.52917    365.13617    150.82551    214.31067
      4.53917    273.19561    141.24503    131.95058
      4.54917    235.83089    141.17398     94.65691
      4.55917    384.39823    152.60998    231.78825
      4.56917    555.21896    160.62254    394.59643
      4.57917    530.14765    159.82068    370.32697
      4.58917    448.68306    158.92299    289.76007
      4.59917    466.76620    147.09851    319.66768
      4.60917    538.57533    151.12259    387.45274
      4.61917    487.17784    156.50640    330.67144
      4.62917    345.40037    132.70579    212.69458
      4.63917    318.17153    138.17771    179.99381
      4.64917    388.24532    151.28844    236.95688
      4.65917    422.65801    128.59215    294.06586
      4.66917    417.72470    136.81304    280.91166
      4.67917    389.10051    147.91919    241.18132
      4.68917    316.36160    117.14066    199.22094
      4.69917    337.40654    129.95044    207.45610
      4.70917    377.71674    150.35525    227.36149
      4.71917    329.98185    113.93574    216.04611
      4.72917    303.54833    117.23040    186.31793
      4.73917    347.25575    149.73674    197.51900
      4.74917    370.14720    119.29617    250.85103
      4.75917    343.02477    106.83437    236.19040
      4.76917    348.95648    145.93444    203.02205
      4.77917    312.48328    124.68650    187.79678
      4.78917    258.53398     91.40949    167.12449
      4.79917    313.65091    133.84547    179.80544
      4.80917    316.33907    141.14351    175.19556
      4.81917    278.68907     90.34519    188.34388
      4.82917    360.97856    110.50013    250.47843
      4.83917    358.38039    150.00386    208.37652
      4.84917    272.59150    106.89706    165.69443
      4.85917    254.69452     82.58753    172.10699
      4.86917    324.58808    136.81436    187.77372
      4.87917    315.82731    137.46182    178.36549
      4.88917    214.90281     77.29859    137.60422
      4.89917    244.62545     96.01536    148.61010
      4.90917    344.25668    149.76181    194.49487
      4.91917    366.08088    114.64319    251.43768
      4.92917    307.09579     72.33796    234.75782
      4.93917    267.86135    117.40192    150.45943
      4.94917    251.22424    144.44443    106.77982
      4.95917    168.31666     82.06391     86.25275
      4.96917    211.64886     69.11975    142.52911
      4.97917    358.30283    137.30843    220.99440
      4.98917    392.36330    141.29105    251.07225
      4.99917    285.82816     71.57339    214.25478
      5.00917    194.29740     71.16505    123.13235
      5.01917    262.44944    140.29748    122.15195
      5.02917    294.09130    130.21678    163.87452
      5.03917    175.97362     58.94521    117.02841
      5.04917    185.69077     73.33585    112.35491
      5.05917    323.72572    145.19297    178.53275
      5.06917    325.22794    123.53593    201.69201
      5.07917    272.40084     57.53588    214.86496
      5.08917    268.53067     76.47687    192.05381
      5.09917    262.95375    143.09694    119.85681
      5.10917    240.94918    121.76525    119.18393
      5.11917    200.56316     52.73997    147.82318
      5.12917    179.82481     63.56833    116.25648
      5.13917    246.35627    137.54071    108.81556
      5.14917    263.88725    129.49535    134.39190
      5.15917    209.44493     56.03434    153.41059
      5.16917    258.91885     57.92780    200.99106
      5.17917    358.22556    133.00450    225.22106
      5.18917    293.73624    139.98245    153.75378
      5.19917    163.62183     61.63123    101.99061
      5.20917    217.23448     44.74268    172.49180
      5.21917    395.68281    118.77363    276.90919
      5.22917    452.72062    161.26269    291.45792
      5.23917    313.99838     88.89069    225.10769
      5.24917    147.28129     33.72980    113.55149
      5.25917    111.82221     73.75672     38.06549
      5.26917    196.31235    144.01875     52.29360
      5.27917    235.03127    111.85717    123.17411
      5.28917    204.75689     43.99522    160.76167
      5.29917    197.17102     52.43405    144.73697
      5.30917    298.46828    129.91097    168.55731
      5.31917    340.35479    142.34886    198.00593
      5.32917    215.49451     62.96949    152.52502
      5.33917    171.26333     34.35497    136.90836
      5.34917    252.61727     93.50390    159.11337
      5.35917    248.04630    149.19286     98.85344
      5.36917    150.50793     94.75651     55.75142
      5.37917    159.43812     34.18120    125.25692
      5.38917    268.90911     56.85945    212.04966
      5.39917    312.79995    132.66999    180.12996
      5.40917    274.12430    137.20776    136.91654
      5.41917    220.49907     61.57550    158.92356
      5.42917    191.62435     34.99579    156.62855
      5.43917    262.10635     91.99737    170.10898
      5.44917    305.41841    149.22791    156.19050
      5.45917    169.60022     97.45987     72.14036
      5.46917     88.90194     35.66449     53.23744
      5.47917    168.49357     58.54203    109.95154
      5.48917    295.63980    125.00989    170.62991
      5.49917    343.63878    132.14085    211.49793
      5.50917    297.63603     79.21498    218.42105
      5.51917    259.73128     70.12022    189.61106
      5.52917    235.71510     94.08934    141.62577
      5.53917    191.77713    102.83333     88.94380
      5.54917    194.16312    120.57304     73.59008
      5.55917    281.30478    119.20387    162.10091
      5.56917    307.12027     83.28220    223.83807
      5.57917    225.69786     85.37302    140.32484
      5.58917    243.02897    137.81176    105.21720
      5.59917    322.28974    126.71468    195.57507
      5.60917    298.07968     84.82728    213.25239
      5.61917    190.21982     85.68685    104.53297
      5.62917    135.85194     77.89404     57.95789
      5.63917    204.53425     86.55823    117.97602
      5.64917    300.45348    109.19624    191.25724
      5.65917    293.90564    107.04145    186.86419
      5.66917    232.37163     81.26878    151.10286
      5.67917    304.59612    123.88766    180.70846
      5.68917    525.56442    335.11801    190.44642
      5.69917    661.10540    494.30405    166.80135
      5.70917    511.55117    379.23320    132.31797
      5.71917    345.95118    229.25819    116.69299
      5.72917    382.95942    196.20421    186.75521
      5.73917    473.04809    210.73891    262.30919
      5.74917    481.55373    214.32511    267.22862
      5.75917    339.24920    157.04289    182.20631
      5.76917    252.34390    123.05549    129.28841
      5.77917    370.63093    195.76082    174.87012
      5.78917    420.48375    230.45338    190.03037
      5.79917    325.09554    161.53431    163.56122
      5.80917    281.66226     98.31226    183.35000
      5.81917    382.31265    122.57920    259.73345
      5.82917    467.36864    184.38546    282.98318
      5.83917    422.94983    202.82268    220.12715
      5.84917    400.58046    238.87115    161.70931
      5.85917    410.95596    215.35208    195.60387
      5.86917    505.48248    217.68163    287.80085
      5.87917    612.11532    248.50252    363.61279
      5.88917    517.11872    211.46605    305.65268
      5.89917    416.18936    187.79752    228.39184
      5.90917    362.94788    151.15804    211.78985
      5.91917    280.60066    133.79205    146.80861
      5.92917    172.23365    112.85735     59.37630
      5.93917     73.56707     59.18400     14.38308
      5.94917     17.81760     15.41013      2.40747
      5.95917     21.69540     17.71729      3.97811
      5.96917    124.37044     95.25899     29.11146
      5.97917    306.66506    212.99847     93.66659
      5.98917    355.78292    206.80915    148.97377
      5.99917    324.89224    164.59305    160.29919
      6.00917    298.89904    155.87086    143.02817
      6.01917    194.12603     82.95322    111.17281
      6.02917    110.97828     23.00380     87.97448
      6.03917     51.09155      5.57854     45.51301
      6.04917     11.27307      1.22960     10.04347
      6.05917      8.50545      4.32953      4.17593
      6.06917     64.62430     32.27476     32.34954
      6.07917    220.84016    102.89913    117.94103
      6.08917    322.20664    158.08464    164.12200
      6.09917    248.94683    157.18933     91.75749
      6.10917    190.94954    160.28178     30.66776
      6.11917    193.88983    172.49609     21.39374
      6.12917    154.12003    114.56978     39.55024
      6.13917    168.69839     68.72870     99.96969
      6.14917    292.79107    143.80671    148.98436
      6.15917    371.93518    244.49319    127.44199
      6.16917    366.69252    256.54479    110.14773
      6.17917    293.29923    186.36172    106.93751
      6.18917    222.86903    155.16513     67.70390
      6.19917    284.65609    236.10302     48.55307
      6.20917    270.64818    226.69212     43.95606
      6.21917    142.65300     98.39452     44.25848
      6.22917    124.32853     44.94268     79.38585
      6.23917    216.54468    103.38490    113.15978
      6.24917    323.62100    189.88696    133.73404
      6.25917    378.42870    240.76641    137.66229
      6.26917    347.04521    221.24662    125.79859
      6.27917    208.16434    129.83409     78.33025
      6.28917    163.93692    110.20623     53.73069
      6.29917    205.30738    124.75837     80.54901
      6.30917    184.39605    100.78666     83.60939
      6.31917    145.52047    100.32380     45.19667
      6.32917    148.50250    116.82192     31.68058
      6.33917    166.86004    105.69136     61.16868
      6.34917    280.71092    126.61032    154.10060
      6.35917    423.52672    185.65173    237.87498
      6.36917    394.17060    211.44137    182.72924
      6.37917    272.86955    194.22959     78.63997
      6.38917    167.92559    138.89625     29.02934
      6.39917    137.63571    104.27416     33.36155
      6.40917    183.53742    109.89003     73.64739
      6.41917    226.38261    139.93776     86.44485
      6.42917    196.06984    144.91484     51.15501
      6.43917    133.22283     98.01748     35.20535
      6.44917    157.86446     89.94152     67.92294
      6.45917    179.66839     91.73249     87.93589
      6.46917    208.66009    119.08404     89.57605
      6.47917    284.71973    161.73705    122.98371
      6.48917    273.06669    137.61893    135.50157
      6.49917    202.72630     94.18775    109.61427
      6.50917    249.19197    190.26331     67.39425
      6.51917    470.75400    448.43097     49.95325
      6.52917    532.68412    531.16952     42.91789
      6.53917    416.36423    399.64917     53.61209
      6.54917    482.04621    442.12932     81.13778
      6.55917    707.09274    698.55452     72.97793
      6.56917    827.00410    816.28183     84.27261
      6.57917    857.43084    802.70319    117.71108
      6.58917    813.18190    746.60806    119.41238
      6.59917    610.61861    562.39255     94.96083
      6.60917    382.39807    376.09313     44.85957
      6.61917    326.63609    328.50169     32.18923
      6.62917    453.35828    404.37407     86.16925
      6.63917    541.29943    447.05640    131.95599
      6.64917    478.83393    420.02631     93.71217
      6.65917    386.30899    386.84978     32.55313
      6.66917    385.28472    398.67039     21.01809
      6.67917    393.45996    370.09510     56.34781
      6.68917    382.16837    328.21390     81.13787
      6.69917    354.41540    331.53955     47.84211
      6.70917    353.07825    360.54158     20.45504
      6.71917    379.94680    358.77410     50.94596
      6.72917    440.09360    333.27391    135.62231
      6.73917    549.16060    375.06474    200.75907
      6.74917    534.51681    380.07304    175.47785
      6.75917    406.28672    338.52471     88.56660
      6.76917    344.80833    335.94279     34.93450
      6.77917    308.40070    317.94534     17.84924
      6.78917    285.71823    299.56837     11.52713
      6.79917    311.53189    309.28589     26.79334
      6.80917    385.92257    325.59648     83.40238
      6.81917    447.80454    323.22640    142.12563
      6.82917    425.75623    306.41107    138.22777
      6.83917    318.38563    251.76585     88.54326
      6.84917    233.83377    208.14147     46.75915
      6.85917    292.06627    249.22776     65.62877
      6.86917    317.12697    259.14935     78.04244
      6.87917    264.21480    248.99206     36.82709
      6.88917    203.28869    214.64640      8.53262
      6.89917    204.66514    214.66891      7.00130
      6.90917    253.57975    254.16595     19.45204
      6.91917    322.54919    262.37542     78.97575
      6.92917    466.56928    290.28248    191.95133
      6.93917    470.18636    262.18350    218.00685
      6.94917    269.96682    146.99259    126.64194
      6.95917    230.29272    147.09168     88.94140
      6.96917    382.17074    314.69597     84.83360
      6.97917    455.54345    439.22433     42.23471
      6.98917    372.03247    381.14290     13.18437
      6.99917    260.65963    264.60807     14.08545
      7.00917    292.58883    253.00282     59.28731
      7.01917    389.47769    270.44517    135.19059
      7.02917    377.46675    244.48347    141.30978
      7.03917    278.38129    220.43575     68.87786
      7.04917    211.07218    214.63463     16.19070
      7.05917    134.78448    137.44406     11.95513
      7.06917     93.94870     52.76445     45.83554
      7.07917    172.36666     96.19852     81.31047
      7.08917    344.33784    269.44481     88.90862
      7.09917    487.53812    393.83113    115.79038
      7.10917    479.04287    369.03879    135.87317
      7.11917    371.26963    256.69642    133.00610
      7.12917    292.27426    177.67506    123.57853
      7.13917    326.72080    237.88680    104.14654
      7.14917    348.33694    292.16003     78.64250
      7.15917    231.01473    205.03410     38.81619
      7.16917    167.66001    126.97102     45.57938
      7.17917    274.62828    180.46537    104.03201
      7.18917    348.54332    244.21331    122.06042
      7.19917    259.84804    207.14956     67.90883
      7.20917    176.38717    139.32658     43.14738
      7.21917    160.01422     82.98498     78.07258
      7.22917    185.29730     74.23180    111.17319
      7.23917    243.57567    118.29048    126.00400
      7.24917    315.97700    199.83752    121.40886
      7.25917    411.33934    303.84604    123.09698
      7.26917    459.58167    342.51977    138.06482
      7.27917    410.06860    302.08890    123.83801
      7.28917    320.75854    258.25300     75.28669
      7.29917    396.26749    333.77908     80.81942
      7.30917    610.91849    457.88610    172.79508
      7.31917    690.48342    465.81907    236.92690
      7.32917    539.73116    349.29662    198.13917
      7.33917    427.46306    251.88478    187.69272
      7.34917    433.70946    246.29364    203.35866
      7.35917    348.81279    226.51371    136.44914
      7.36917    217.43616    140.17451     84.73352
      7.37917    163.97639     79.85503     87.19857
      7.38917    223.75955    141.47602     88.62615
      7.39917    359.86477    291.93079     79.29964
      7.40917    435.30026    350.59483     97.07748
      7.41917    374.54629    256.28654    128.52497
      7.42917    301.14707    148.88626    156.75686
      7.43917    296.14962    118.82248    178.11374
      7.44917    224.25200     80.47138    143.83446
      7.45917    155.88228     68.36486     87.59542
      7.46917    233.83186    160.24654     74.46214
      7.47917    398.71986    306.70443     95.87924
      7.48917    450.40425    361.89042     95.81492
      7.49917    309.62348    260.25007     57.05597
      7.50917    190.01202    131.94960     63.27459
      7.51917    208.67152     81.24859    129.20824
      7.52917    318.63247    138.81119    180.07384
      7.53917    427.86258    231.55395    196.43652
      7.54917    400.42520    243.33985    158.14361
      7.55917    297.92505    223.99576     78.83731
      7.56917    339.72444    313.11769     41.24564
      7.57917    478.29858    428.36936     74.16026
      7.58917    437.72223    334.96797    121.51177
      7.59917    391.84111    219.16247    184.10834
      7.60917    470.69103    220.53958    262.69836
      7.61917    503.79324    246.23166    272.87533
      7.62917    425.91266    250.10192    189.72050
      7.63917    297.62825    221.59460     87.33090
      7.64917    204.59625    178.39824     33.99978
      7.65917    176.75436    158.43375     26.09859
      7.66917    222.23936    173.10376     62.02502
      7.67917    271.80473    187.75335     95.92602
      7.68917    268.15361    185.23299     92.94524
      7.69917    204.12544    138.86443     74.24426
      7.70917    218.70934    108.42000    115.59672
      7.71917    295.75620    148.88816    154.81024
      7.72917    253.70648    168.42560     97.80054
      7.73917    211.72112    154.93765     65.05468
      7.74917    227.15982    170.01721     62.25923
      7.75917    235.40648    202.44833     41.16968
      7.76917    198.82897    164.82474     41.17277
      7.77917    120.00985     77.40613     44.94645
      7.78917     49.51580     24.99990     24.82961
      7.79917     56.23958     29.13953     27.68112
      7.80917    169.03619    103.94251     68.81535
      7.81917    269.81540    184.04273     94.94505
      7.82917    297.13084    197.26922    109.87593
      7.83917    319.42702    216.65424    111.67802
      7.84917    264.77451    184.00751     87.97162
      7.85917    185.56787    107.58713     80.75169
      7.86917    154.72896     98.03965     57.09498
      7.87917    131.24304    101.95438     29.31059
      7.88917    111.56927     83.16563     28.40407
      7.89917    104.25829     51.87318     52.38526
      7.90917    131.44337     57.97001     73.48189
      7.91917    129.42676     83.45405     46.16251
      7.92917     86.84186     75.72397     12.67090
      7.93917     88.81934     90.63792      2.85653
      7.94917    132.40543    127.64373      9.95907
      7.95917    221.21474    184.14248     39.59363
      7.96917    391.63764    298.38608     96.64344
      7.97917    543.28669    402.91704    148.98976
      7.98917    489.27164    340.16549    158.15062
      7.99917    368.57556    238.68430    133.69964
      8.00917    282.78414    217.17575     66.89282
      8.01917    188.94296    171.46494     18.47957
      8.02917     96.98946     92.17761      7.07446
      8.03917    112.15668     96.16658     22.61489
      8.04917    205.21824    154.02235     60.16471
      8.05917    243.76236    187.90082     62.17236
      8.06917    164.65921    141.76426     25.67189
      8.07917     59.52702     54.14616      6.01810
      8.08917     45.44153     37.27911      8.22289
      8.09917    101.56063     82.65757     18.90523
      8.10917    160.60455    134.37327     26.23136
      8.11917    184.18043    150.02710     34.15708
      8.12917    162.31529    108.44070     53.97912
      8.13917    201.39245    107.69752     94.76889
      8.14917    289.92367    181.59617    112.39326
      8.15917    385.00624    287.46486    103.28751
      8.16917    369.58058    304.51796     68.45893
      8.17917    256.10787    211.83211     45.73792
      8.18917    222.66832    129.98628     93.33012
      8.19917    263.62219    105.05591    158.78850
      8.20917    288.54533    112.10527    177.47750
      8.21917    373.00990    187.13583    191.17852
      8.22917    417.53451    261.61401    166.44923
      8.23917    265.60341    195.33555     81.07537
      8.24917    195.13896    160.57094     46.77559
      8.25917    293.45264    223.35242     80.71633
      8.26917    381.25055    280.88213    104.24423
      8.27917    356.41125    268.58026     88.57963
      8.28917    286.29689    217.47628     70.12021
      8.29917    233.53611    186.20583     50.00440
      8.30917    212.79391    177.56529     37.38314
      8.31917    195.39677    163.57458     32.58827
      8.32917    159.92482    131.71034     28.51897
      8.33917    165.84172    120.07113     47.46504
