Energy-E_F (eV)    DOS (1/eV)    PDOS (1/eV)  of atom type H  C  
     -6.84000    203.32867     10.13369    193.19498
     -6.83000    293.85958     22.76119    271.09839
     -6.82000    227.20827     22.16447    205.04380
     -6.81000    123.92906      9.46555    114.46351
     -6.80000     89.43799      2.83344     86.60455
     -6.79000     62.76473      1.29459     61.47014
     -6.78000     89.28839      1.66583     87.62256
     -6.77000    138.78469      2.85791    135.92678
     -6.76000    164.23671      7.99870    156.23800
     -6.75000    238.22969     24.49649    213.73319
     -6.74000    300.86070     38.41369    262.44701
     -6.73000    212.99667     27.48540    185.51127
     -6.72000    120.74007      9.60600    111.13407
     -6.71000     96.66428      4.33954     92.32474
     -6.70000    123.98125     10.18254    113.79871
     -6.69000    216.78845     18.31059    198.47786
     -6.68000    196.63122     13.47173    183.15949
     -6.67000     97.15187      6.81027     90.34160
     -6.66000    136.59967     15.58115    121.01852
     -6.65000    237.66560     27.66436    210.00124
     -6.64000    168.39735     18.66011    149.73724
     -6.63000     76.29336      5.17958     71.11379
     -6.62000    122.75565      2.39134    120.36431
     -6.61000    160.39535      3.70873    156.68662
     -6.60000    118.45467      9.60370    108.85097
     -6.59000    150.89644     22.84761    128.04883
     -6.58000    224.17114     30.41705    193.75409
     -6.57000    212.32094     25.98365    186.33729
     -6.56000    141.40653     15.19750    126.20903
     -6.55000    116.80430      6.22986    110.57444
     -6.54000    153.52265      3.20335    150.31930
     -6.53000    130.74261      3.76633    126.97628
     -6.52000    115.32773     13.98014    101.34759
     -6.51000    211.05905     33.85655    177.20249
     -6.50000    221.15486     32.21181    188.94305
     -6.49000    128.93487     15.43059    113.50428
     -6.48000    112.98734     10.24786    102.73947
     -6.47000    143.12253      7.41000    135.71252
     -6.46000    174.90579      5.91082    168.99496
     -6.45000    174.92168     14.46468    160.45700
     -6.44000    194.41373     29.45200    164.96172
     -6.43000    188.25259     26.06379    162.18879
     -6.42000    158.07293     16.09608    141.97685
     -6.41000    204.16962     28.71679    175.45284
     -6.40000    273.18381     43.09470    230.08911
     -6.39000    271.78117     35.07109    236.71009
     -6.38000    276.86400     24.36990    252.49410
     -6.37000    214.71149     17.07859    197.63291
     -6.36000    123.29570     12.24815    111.04755
     -6.35000     74.68314      6.19343     68.48971
     -6.34000     93.66230      4.84863     88.81367
     -6.33000    120.25835     11.33265    108.92570
     -6.32000    107.83502     15.60955     92.22547
     -6.31000     90.93289      9.11587     81.81702
     -6.30000    140.81238      4.20298    136.60939
     -6.29000    172.74905      6.71449    166.03456
     -6.28000    138.75774     13.30188    125.45585
     -6.27000    121.62194     18.35217    103.26977
     -6.26000    201.30032     30.67145    170.62887
     -6.25000    322.53639     44.53939    277.99700
     -6.24000    297.88355     41.09590    256.78765
     -6.23000    259.00429     41.21435    217.78994
     -6.22000    260.71619     38.97559    221.74060
     -6.21000    222.58023     25.84782    196.73241
     -6.20000    164.35547     13.48273    150.87274
     -6.19000    156.44562     16.28612    140.15950
     -6.18000    170.13449     22.45849    147.67600
     -6.17000    117.81840     14.58629    103.23211
     -6.16000    100.31570      9.79541     90.52029
     -6.15000    161.46594     18.26909    143.19685
     -6.14000    171.99992     19.35945    152.64048
     -6.13000    135.89050     10.23234    125.65815
     -6.12000    145.01477     12.72306    132.29171
     -6.11000    219.84618     22.99514    196.85104
     -6.10000    193.00783     17.79234    175.21549
     -6.09000     73.62616      5.35373     68.27243
     -6.08000     13.10176      0.68933     12.41243
     -6.07000     20.38171      1.00357     19.37814
     -6.06000    112.12449      7.37940    104.74509
     -6.05000    276.65235     23.91266    252.73969
     -6.04000    315.45065     35.18846    280.26219
     -6.03000    192.74757     26.84536    165.90221
     -6.02000     88.47681     12.72007     75.75674
     -6.01000    117.11151     10.67578    106.43573
     -6.00000    246.24697     18.33942    227.90755
     -5.99000    305.11690     19.50721    285.60969
     -5.98000    224.17847     12.37927    211.79920
     -5.97000     97.68398      5.34272     92.34125
     -5.96000     91.68286      9.12894     82.55391
     -5.95000    202.59301     25.05386    177.53915
     -5.94000    244.79686     34.72295    210.07391
     -5.93000    172.15516     25.04394    147.11122
     -5.92000     78.97768     10.30844     68.66924
     -5.91000     61.43067      8.26593     53.16474
     -5.90000    173.57612     25.62958    147.94653
     -5.89000    268.95025     40.71951    228.23074
     -5.88000    238.86764     34.77497    204.09267
     -5.87000    208.08657     29.51561    178.57096
     -5.86000    170.60017     24.17197    146.42820
     -5.85000    128.53418     13.60281    114.93137
     -5.84000    141.16338      9.17631    131.98707
     -5.83000    151.33421     13.20671    138.12750
     -5.82000    135.12788     20.95804    114.16984
     -5.81000    166.36617     29.78288    136.58329
     -5.80000    244.62810     31.22642    213.40167
     -5.79000    320.36582     30.11490    290.25092
     -5.78000    273.00357     24.03851    248.96506
     -5.77000    111.96161      9.86319    102.09842
     -5.76000     28.10203      2.61150     25.49054
     -5.75000     52.48773      5.31640     47.17133
     -5.74000    128.19092     13.12565    115.06527
     -5.73000    200.44840     22.10661    178.34178
     -5.72000    224.74799     24.26427    200.48372
     -5.71000    194.59877     16.73302    177.86575
     -5.70000    139.16345     12.46129    126.70217
     -5.69000    106.08769     15.76809     90.31961
     -5.68000    167.42972     25.81957    141.61015
     -5.67000    219.72475     25.23402    194.49073
     -5.66000    177.03651     19.22223    157.81428
     -5.65000    197.96981     28.03252    169.93730
     -5.64000    259.85082     33.49194    226.35888
     -5.63000    251.06990     22.80156    228.26833
     -5.62000    299.43325     23.77724    275.65601
     -5.61000    353.57160     32.23861    321.33298
     -5.60000    290.68797     31.09911    259.58886
     -5.59000    344.24336     44.27254    299.97082
     -5.58000    574.93490     75.19417    499.74072
     -5.57000    722.01758     91.72026    630.29732
     -5.56000    702.57414     90.56064    612.01350
     -5.55000    638.68205     77.35418    561.32787
     -5.54000    575.96887     61.86604    514.10282
     -5.53000    535.07743     59.46256    475.61488
     -5.52000    501.25339     55.17524    446.07815
     -5.51000    455.41723     46.54541    408.87182
     -5.50000    450.90952     44.38074    406.52878
     -5.49000    526.91477     56.68576    470.22901
     -5.48000    476.53458     58.95012    417.58446
     -5.47000    299.48648     46.29620    253.19029
     -5.46000    267.22121     47.17315    220.04805
     -5.45000    267.89037     39.13004    228.76033
     -5.44000    204.73292     22.81066    181.92226
     -5.43000    166.95008     18.77709    148.17298
     -5.42000    136.18841     23.35695    112.83146
     -5.41000     83.91602     19.58342     64.33260
     -5.40000     95.53802     25.13680     70.40122
     -5.39000    182.76046     46.12312    136.63734
     -5.38000    257.67732     52.53096    205.14635
     -5.37000    303.29330     40.18847    263.10483
     -5.36000    316.57584     38.15339    278.42245
     -5.35000    253.16895     37.58798    215.58097
     -5.34000    137.78765     21.66620    116.12145
     -5.33000     48.28513      6.70339     41.58175
     -5.32000     36.29098      1.54520     34.74578
     -5.31000     74.08325      1.52138     72.56187
     -5.30000     70.97549      1.43706     69.53843
     -5.29000     55.66372      1.73892     53.92480
     -5.28000    111.47384      6.43940    105.03445
     -5.27000    149.85532     12.37010    137.48522
     -5.26000    103.72925      9.44479     94.28446
     -5.25000     83.07517      3.75147     79.32371
     -5.24000     77.76760      1.76689     76.00071
     -5.23000     33.86916      0.71091     33.15826
     -5.22000     10.30242      0.71598      9.58644
     -5.21000     37.13904      4.19867     32.94038
     -5.20000    126.65174     11.83910    114.81263
     -5.19000    235.92940     17.42191    218.50749
     -5.18000    245.73622     16.97610    228.76012
     -5.17000    122.35458      9.05779    113.29680
     -5.16000     25.32418      2.02776     23.29642
     -5.15000      2.33453      0.17859      2.15594
     -5.14000      5.19980      0.10850      5.09129
     -5.13000     32.96279      0.67280     32.28999
     -5.12000     85.54148      2.07584     83.46564
     -5.11000    135.29720      6.40808    128.88912
     -5.10000    214.90651     17.98196    196.92455
     -5.09000    215.94143     22.91096    193.03047
     -5.08000     95.24090     11.25211     83.98880
     -5.07000     35.11094      2.44925     32.66169
     -5.06000     64.09682      1.41010     62.68671
     -5.05000     75.99834      1.53153     74.46682
     -5.04000     34.38798      0.69364     33.69434
     -5.03000     16.11480      0.45488     15.65992
     -5.02000     61.50218      2.89186     58.61032
     -5.01000    149.16025      9.63148    139.52877
     -5.00000    179.19756     12.83070    166.36686
     -4.99000    130.61949      7.23252    123.38698
     -4.98000     56.29363      1.97003     54.32360
     -4.97000     11.27321      0.28304     10.99017
     -4.96000      1.35444      0.02870      1.32574
     -4.95000      7.70674      0.16023      7.54650
     -4.94000     51.41893      1.23199     50.18694
     -4.93000    148.64680      5.07882    143.56799
     -4.92000    203.73401     11.37061    192.36340
     -4.91000    138.05381     11.64489    126.40892
     -4.90000     44.07933      4.77358     39.30575
     -4.89000     11.23277      0.84794     10.38483
     -4.88000     33.40841      0.72397     32.68444
     -4.87000     76.51964      1.62754     74.89209
     -4.86000     75.80498      2.25039     73.55459
     -4.85000     87.29243      5.22430     82.06813
     -4.84000    167.84907     11.36437    156.48470
     -4.83000    204.43116     15.36974    189.06142
     -4.82000    159.18398     12.39478    146.78920
     -4.81000    112.61264      5.59456    107.01808
     -4.80000     60.81710      1.71017     59.10693
     -4.79000     15.35735      0.34169     15.01566
     -4.78000      4.28157      0.08824      4.19332
     -4.77000     26.32915      0.54199     25.78716
     -4.76000    101.33175      2.42130     98.91045
     -4.75000    179.97875      6.85672    173.12203
     -4.74000    172.01280     12.02551    159.98730
     -4.73000    103.56216     10.34717     93.21499
     -4.72000    103.32255      7.29120     96.03136
     -4.71000    244.86237     11.03162    233.83075
     -4.70000    424.57677     14.72174    409.85503
     -4.69000    500.85714     14.83093    486.02621
     -4.68000    463.30972     12.51888    450.79084
     -4.67000    447.34159     11.86261    435.47898
     -4.66000    425.08306     15.20175    409.88131
     -4.65000    362.31743     18.72359    343.59384
     -4.64000    276.48369     14.25854    262.22515
     -4.63000    211.32818      7.69044    203.63774
     -4.62000    161.01052      4.67981    156.33071
     -4.61000    131.69146      3.71041    127.98105
     -4.60000    153.42155      4.87868    148.54287
     -4.59000    230.39154      9.10487    221.28667
     -4.58000    273.78102     12.12521    261.65581
     -4.57000    260.68859     14.05261    246.63599
     -4.56000    261.87232     16.28289    245.58943
     -4.55000    200.27280     10.76742    189.50538
     -4.54000    109.06983      4.13814    104.93169
     -4.53000     91.29455      2.60644     88.68811
     -4.52000     82.64147      2.13853     80.50294
     -4.51000     96.13659      2.12601     94.01058
     -4.50000    152.00556      3.70100    148.30456
     -4.49000    195.96460      7.05354    188.91106
     -4.48000    221.66644     13.57335    208.09309
     -4.47000    246.18412     18.05309    228.13103
     -4.46000    231.90582     13.80252    218.10330
     -4.45000    159.92998      6.53449    153.39549
     -4.44000     94.39336      2.72522     91.66814
     -4.43000     82.01461      2.19350     79.82111
     -4.42000     82.17487      2.23060     79.94426
     -4.41000     69.22536      2.20472     67.02065
     -4.40000    140.58902      6.70888    133.88014
     -4.39000    248.92122     14.40673    234.51449
     -4.38000    233.94787     13.26083    220.68705
     -4.37000    121.73935      5.62562    116.11373
     -4.36000     82.73353      3.55599     79.17754
     -4.35000    146.18041      7.07742    139.10299
     -4.34000    139.30069      7.05904    132.24165
     -4.33000     69.90496      3.12863     66.77633
     -4.32000     98.69088      3.58662     95.10427
     -4.31000    216.10012     10.59252    205.50760
     -4.30000    301.36118     16.06016    285.30102
     -4.29000    241.29147     10.54841    230.74306
     -4.28000    125.53533      3.65671    121.87861
     -4.27000    112.24403      2.53715    109.70688
     -4.26000    152.75933      3.26108    149.49825
     -4.25000    120.01810      2.84193    117.17617
     -4.24000    119.44945      5.07072    114.37872
     -4.23000    225.88965     11.72468    214.16497
     -4.22000    332.70585     17.86954    314.83631
     -4.21000    329.19722     15.73550    313.46172
     -4.20000    170.25879      6.61067    163.64812
     -4.19000     57.03495      1.70155     55.33341
     -4.18000     70.37992      1.80580     68.57412
     -4.17000    100.01959      2.37217     97.64742
     -4.16000    109.95217      2.29272    107.65946
     -4.15000    135.01139      4.09763    130.91376
     -4.14000    198.37335     10.70771    187.66564
     -4.13000    266.31649     16.89997    249.41653
     -4.12000    259.47862     14.43156    245.04706
     -4.11000    189.26087      7.81933    181.44155
     -4.10000    136.53609      3.54779    132.98829
     -4.09000    138.28096      2.89445    135.38651
     -4.08000    117.22183      2.73072    114.49111
     -4.07000     74.64353      2.61171     72.03182
     -4.06000    113.39960      7.08260    106.31700
     -4.05000    198.52961     13.44903    185.08058
     -4.04000    208.83489     11.25090    197.58398
     -4.03000    177.57549      5.93179    171.64370
     -4.02000    167.28505      5.65615    161.62890
     -4.01000    183.85198      7.33644    176.51553
     -4.00000    157.66211      5.57964    152.08247
     -3.99000    164.84262      4.85285    159.98977
     -3.98000    186.29339      8.00886    178.28454
     -3.97000    180.44786     12.53761    167.91025
     -3.96000    181.76367     11.16148    170.60219
     -3.95000    164.68668      5.82031    158.86636
     -3.94000    145.66264      3.50322    142.15942
     -3.93000    109.14070      2.60553    106.53517
     -3.92000     71.09356      2.76634     68.32722
     -3.91000     90.47547      5.46666     85.00881
     -3.90000    134.86900      9.04786    125.82114
     -3.89000    174.42494     12.93175    161.49319
     -3.88000    130.03826     10.39881    119.63946
     -3.87000     39.71636      3.36681     36.34955
     -3.86000      4.56641      0.40725      4.15916
     -3.85000      0.38711      0.02255      0.36456
     -3.84000      4.12960      0.11997      4.00963
     -3.83000     35.49716      1.44131     34.05585
     -3.82000    130.85557      7.49413    123.36144
     -3.81000    216.58780     15.98056    200.60724
     -3.80000    158.49057     13.34201    145.14856
     -3.79000     49.54712      4.26535     45.28177
     -3.78000     22.32515      0.82094     21.50421
     -3.77000     81.99008      1.57324     80.41684
     -3.76000    170.29741      3.28781    167.00960
     -3.75000    204.06684      4.94086    199.12598
     -3.74000    249.35901     10.12854    239.23047
     -3.73000    274.95985     14.94260    260.01725
     -3.72000    201.88230     11.44618    190.43612
     -3.71000    141.38463      7.27005    134.11458
     -3.70000    149.81468      5.33691    144.47777
     -3.69000    177.36273      4.11752    173.24521
     -3.68000    146.22239      3.16206    143.06033
     -3.67000    138.97777      5.09833    133.87943
     -3.66000    184.72883     11.30913    173.41970
     -3.65000    181.97156     12.37915    169.59241
     -3.64000    126.06577      6.25624    119.80953
     -3.63000    121.78198      3.92401    117.85797
     -3.62000    134.13297      5.34239    128.79058
     -3.61000    142.01045      5.47647    136.53398
     -3.60000    187.53662      5.77777    181.75885
     -3.59000    238.26122     10.27919    227.98202
     -3.58000    210.61687     13.43224    197.18463
     -3.57000     99.39359      7.69804     91.69555
     -3.56000     34.81539      2.01692     32.79847
     -3.55000     77.51759      1.90630     75.61128
     -3.54000    177.47102      4.85032    172.62070
     -3.53000    235.23140      8.12695    227.10445
     -3.52000    224.47376     10.96577    213.50799
     -3.51000    191.26515     13.47684    177.78831
     -3.50000    148.53027      9.96369    138.56658
     -3.49000     97.47628      3.96028     93.51600
     -3.48000     62.35120      1.45529     60.89591
     -3.47000     81.58846      1.66714     79.92132
     -3.46000    104.88504      3.36464    101.52040
     -3.45000    191.60002     10.15906    181.44096
     -3.44000    310.14068     17.76420    292.37648
     -3.43000    254.92621     13.15450    241.77171
     -3.42000    141.81946      4.96853    136.85093
     -3.41000     67.12503      1.56195     65.56309
     -3.40000     23.20698      0.58259     22.62439
     -3.39000     50.43033      2.33597     48.09436
     -3.38000    174.16685      9.65313    164.51372
     -3.37000    321.37190     17.54922    303.82268
     -3.36000    300.82338     14.02348    286.79990
     -3.35000    132.21322      5.04344    127.16978
     -3.34000     58.00082      1.53407     56.46675
     -3.33000     81.70848      2.10191     79.60657
     -3.32000     86.90407      4.49968     82.40439
     -3.31000    119.60085     10.40272    109.19813
     -3.30000    210.31839     13.58946    196.72892
     -3.29000    255.29270     10.56683    244.72586
     -3.28000    182.51771      5.97580    176.54192
     -3.27000    123.73220      3.25814    120.47406
     -3.26000    142.09365      4.45640    137.63724
     -3.25000    161.74096      9.40782    152.33314
     -3.24000    136.30025     12.17078    124.12947
     -3.23000    113.28789      8.27279    105.01510
     -3.22000    196.48157      7.08473    189.39685
     -3.21000    233.81199      6.87675    226.93524
     -3.20000    155.69881      4.98624    150.71257
     -3.19000    151.08420      8.54444    142.53975
     -3.18000    174.81737     12.86381    161.95356
     -3.17000    148.77874      9.13401    139.64472
     -3.16000    111.80420      4.73222    107.07197
     -3.15000    124.53185      4.89645    119.63540
     -3.14000    181.66276      6.71176    174.95099
     -3.13000    229.00276     11.15360    217.84916
     -3.12000    200.78186     13.33185    187.45001
     -3.11000    183.71388      9.02825    174.68563
     -3.10000    200.67118      6.04727    194.62391
     -3.09000    195.89750      6.61280    189.28470
     -3.08000    195.48775      9.23909    186.24866
     -3.07000    180.63935     12.72542    167.91393
     -3.06000    174.41178     11.76565    162.64613
     -3.05000    195.92541      7.50202    188.42340
     -3.04000    326.55730      9.29665    317.26065
     -3.03000    374.50496     12.43240    362.07257
     -3.02000    236.26479     13.37974    222.88506
     -3.01000    119.29547     12.22174    107.07374
     -3.00000     55.93440      6.01741     49.91699
     -2.99000     69.27922      2.67173     66.60749
     -2.98000    148.54855      5.59873    142.94983
     -2.97000    181.47352     11.38577    170.08775
     -2.96000    132.49049     12.89578    119.59472
     -2.95000     55.70385      6.64248     49.06137
     -2.94000     27.90584      2.20473     25.70110
     -2.93000     91.72998      5.03938     86.69060
     -2.92000    216.21963     12.63886    203.58077
     -2.91000    257.60573     14.44386    243.16187
     -2.90000    163.24415      7.42163    155.82252
     -2.89000     82.25724      3.51491     78.74233
     -2.88000    112.30699      7.78438    104.52261
     -2.87000    145.72394     13.30687    132.41707
     -2.86000     90.29238      9.76082     80.53156
     -2.85000     49.70632      4.03642     45.66989
     -2.84000    120.34156      6.53727    113.80429
     -2.83000    230.93129     13.70781    217.22348
     -2.82000    231.69993     13.27617    218.42376
     -2.81000    165.62809      6.93176    158.69633
     -2.80000    142.85859      7.02555    135.83304
     -2.79000    145.82862     12.08950    133.73912
     -2.78000    113.69966     11.63946    102.06021
     -2.77000    103.51626      7.25332     96.26293
     -2.76000    166.44397      9.15743    157.28653
     -2.75000    215.11928     13.99758    201.12171
     -2.74000    202.40561     12.41173    189.99388
     -2.73000    201.09021      9.04088    192.04933
     -2.72000    200.51022     11.72771    188.78251
     -2.71000    184.37589     14.07025    170.30564
     -2.70000    144.30999     10.19675    134.11324
     -2.69000    169.27003     11.59058    157.67946
     -2.68000    252.14267     16.15015    235.99252
     -2.67000    247.85180     13.68904    234.16276
     -2.66000    250.48054     14.61483    235.86572
     -2.65000    320.81455     18.22354    302.59101
     -2.64000    331.69650     16.91405    314.78244
     -2.63000    258.44748     16.62999    241.81750
     -2.62000    159.23666     14.00811    145.22855
     -2.61000    139.03232     12.49492    126.53740
     -2.60000    175.63950     14.39939    161.24011
     -2.59000    152.17001     13.96667    138.20334
     -2.58000    151.12405     15.01137    136.11269
     -2.57000    189.78311     16.24214    173.54097
     -2.56000    190.88577     17.98366    172.90210
     -2.55000    170.16324     20.27979    149.88346
     -2.54000    208.50513     24.92860    183.57653
     -2.53000    276.15195     29.14551    247.00644
     -2.52000    242.12853     24.29107    217.83746
     -2.51000    132.38406     11.34599    121.03807
     -2.50000     93.56448      3.09194     90.47254
     -2.49000     68.27935      0.92245     67.35690
     -2.48000     31.92640      0.38911     31.53729
     -2.47000     70.42657      1.02874     69.39783
     -2.46000    199.57200      2.97998    196.59202
     -2.45000    278.42412      4.11757    274.30655
     -2.44000    188.01767      2.70570    185.31197
     -2.43000     91.19473      1.24447     89.95027
     -2.42000    131.19965      1.72598    129.47367
     -2.41000    154.46475      2.04962    152.41513
     -2.40000     88.14559      1.26557     86.88001
     -2.39000     89.60967      1.52074     88.08893
     -2.38000    155.39423      2.51763    152.87661
     -2.37000    192.38073      2.97563    189.40510
     -2.36000    187.41507      3.64461    183.77046
     -2.35000    190.19447      5.05007    185.14440
     -2.34000    149.88961      4.14919    145.74042
     -2.33000    142.55892      2.77990    139.77902
     -2.32000    230.56364      3.65895    226.90469
     -2.31000    187.37216      2.93505    184.43711
     -2.30000     62.47837      1.02765     61.45072
     -2.29000     68.38602      1.82399     66.56204
     -2.28000    359.70832     10.34706    349.36126
     -2.27000    931.42517     27.30223    904.12294
     -2.26000   1234.58426     35.97447   1198.60979
     -2.25000   1012.28587     28.98937    983.29650
     -2.24000    633.63750     18.28524    615.35226
     -2.23000    427.21689     12.13121    415.08568
     -2.22000    459.21904     12.30906    446.90998
     -2.21000    490.08812     12.97525    477.11287
     -2.20000    396.42874     10.15796    386.27078
     -2.19000    396.86124      9.96721    386.89403
     -2.18000    500.63890     13.28161    487.35729
     -2.17000    466.69801     12.40168    454.29633
     -2.16000    292.41672      7.10805    285.30867
     -2.15000    146.24291      2.96586    143.27705
     -2.14000     97.49461      1.47778     96.01684
     -2.13000     66.49735      0.90471     65.59264
     -2.12000     24.01756      0.32198     23.69558
     -2.11000     32.96262      0.44008     32.52254
     -2.10000    105.50940      1.42710    104.08229
     -2.09000    149.28630      2.05240    147.23390
     -2.08000     87.82833      1.22652     86.60181
     -2.07000     21.80016      0.30870     21.49146
     -2.06000     11.24340      0.16668     11.07672
     -2.05000     48.25012      0.71261     47.53750
     -2.04000    107.67090      1.53293    106.13796
     -2.03000    125.01782      1.66134    123.35648
     -2.02000     81.85889      1.02618     80.83271
     -2.01000     37.09591      0.51371     36.58219
     -2.00000     92.59374      1.68621     90.90753
     -1.99000    315.71390      6.19013    309.52377
     -1.98000    605.12342     12.29456    592.82886
     -1.97000    749.65265     15.15622    734.49643
     -1.96000    715.18178     14.02255    701.15923
     -1.95000    552.79036     10.67757    542.11279
     -1.94000    427.54937      8.23547    419.31390
     -1.93000    475.39640      9.18676    466.20964
     -1.92000    584.94081     11.38822    573.55259
     -1.91000    543.05035     10.46807    532.58228
     -1.90000    504.43941      9.22979    495.20962
     -1.89000    590.41963     10.36642    580.05321
     -1.88000    542.80911      9.60822    533.20090
     -1.87000    338.76506      6.17196    332.59310
     -1.86000    238.83272      4.40803    234.42469
     -1.85000    216.39624      3.82271    212.57353
     -1.84000    179.96209      2.74790    177.21419
     -1.83000    174.38448      2.32332    172.06116
     -1.82000    152.41051      2.10762    150.30289
     -1.81000    113.66293      1.69217    111.97076
     -1.80000     64.08804      0.96750     63.12054
     -1.79000     46.92195      0.60416     46.31779
     -1.78000    108.13386      1.30940    106.82446
     -1.77000    147.70914      1.84836    145.86078
     -1.76000     86.35929      1.11787     85.24143
     -1.75000     21.81750      0.28783     21.52966
     -1.74000     13.91808      0.16491     13.75317
     -1.73000     60.98808      0.71767     60.27041
     -1.72000    131.90017      1.59399    130.30617
     -1.71000    129.48277      1.61286    127.86991
     -1.70000     71.12024      0.88696     70.23328
     -1.69000     72.04644      0.83604     71.21040
     -1.68000    113.44909      1.29990    112.14920
     -1.67000    142.36047      1.66441    140.69606
     -1.66000    146.93012      1.77251    145.15761
     -1.65000     90.22037      1.11568     89.10468
     -1.64000     28.30855      0.35200     27.95655
     -1.63000     32.70479      0.37818     32.32661
     -1.62000    129.86350      1.50008    128.36342
     -1.61000    224.96141      2.63037    222.33103
     -1.60000    159.70328      1.89681    157.80646
     -1.59000     47.76463      0.57630     47.18833
     -1.58000     15.98271      0.19070     15.79201
     -1.57000     65.77241      0.77204     65.00038
     -1.56000    161.46598      1.88864    159.57734
     -1.55000    178.20477      2.07380    176.13097
     -1.54000    123.74148      1.43656    122.30492
     -1.53000     77.92170      0.94293     76.97877
     -1.52000     88.99846      1.13765     87.86081
     -1.51000    115.84435      1.38640    114.45795
     -1.50000    111.20625      1.19631    110.00994
     -1.49000     95.87329      1.09766     94.77564
     -1.48000    133.10985      1.72460    131.38525
     -1.47000    150.20646      1.92555    148.28091
     -1.46000     89.17102      1.05249     88.11853
     -1.45000     84.40292      0.84287     83.56005
     -1.44000    134.25061      1.47980    132.77082
     -1.43000    120.39635      1.53653    118.85982
     -1.42000     59.52052      0.81012     58.71040
     -1.41000     60.89143      0.69149     60.19994
     -1.40000    122.12206      1.20678    120.91528
     -1.39000    132.15208      1.13780    131.01429
     -1.38000     68.53405      0.52143     68.01262
     -1.37000     27.28278      0.22623     27.05655
     -1.36000     71.45632      0.66655     70.78978
     -1.35000    164.86416      1.48707    163.37708
     -1.34000    217.65608      2.11954    215.53654
     -1.33000    279.33903      3.18151    276.15752
     -1.32000    275.42111      3.19544    272.22567
     -1.31000    149.35355      1.57741    147.77614
     -1.30000     87.25484      0.92185     86.33299
     -1.29000    166.11066      2.05472    164.05594
     -1.28000    230.35468      3.07714    227.27754
     -1.27000    197.56752      2.45956    195.10796
     -1.26000    185.36480      1.74731    183.61749
     -1.25000    148.17470      1.31727    146.85743
     -1.24000    135.57261      1.52535    134.04727
     -1.23000    164.51260      1.93963    162.57297
     -1.22000    109.51134      1.12648    108.38486
     -1.21000     85.67923      0.51472     85.16450
     -1.20000    139.55870      1.11760    138.44111
     -1.19000    184.51704      2.36959    182.14744
     -1.18000    141.26821      2.24151    139.02671
     -1.17000     48.31978      0.83996     47.47981
     -1.16000     11.44386      0.22313     11.22072
     -1.15000     32.63589      0.68260     31.95330
     -1.14000     82.16040      1.66099     80.49941
     -1.13000    104.22610      1.81112    102.41498
     -1.12000     99.72907      1.33318     98.39590
     -1.11000     68.97373      0.89263     68.08111
     -1.10000     60.00076      1.12438     58.87639
     -1.09000     81.07426      1.71439     79.35988
     -1.08000     53.15892      1.12693     52.03199
     -1.07000     23.28550      0.40558     22.87992
     -1.06000     61.17909      0.85959     60.31949
     -1.05000    137.78984      2.14267    135.64717
     -1.04000    130.83751      2.27177    128.56574
     -1.03000     51.55334      0.97773     50.57562
     -1.02000     11.86677      0.24436     11.62240
     -1.01000     28.37660      0.60570     27.77090
     -1.00000     83.93786      1.69146     82.24640
     -0.99000    122.23205      2.09585    120.13620
     -0.98000    105.16900      1.43253    103.73647
     -0.97000     55.71094      0.73763     54.97331
     -0.96000     51.07982      1.02481     50.05500
     -0.95000     79.84573      1.74963     78.09610
     -0.94000     57.42046      1.23728     56.18318
     -0.93000     36.41611      0.57143     35.84468
     -0.92000     83.11853      1.10809     82.01043
     -0.91000    134.85964      2.14319    132.71645
     -0.90000    109.37819      2.06850    107.30969
     -0.89000     42.18517      0.88129     41.30389
     -0.88000     12.29165      0.26691     12.02474
     -0.87000     39.00463      0.80462     38.20001
     -0.86000    110.92815      2.07133    108.85681
     -0.85000    141.13290      2.26087    138.87204
     -0.84000     82.52228      1.13088     81.39140
     -0.83000     33.89262      0.55323     33.33939
     -0.82000     56.38364      1.25645     55.12718
     -0.81000     80.98961      1.81735     79.17225
     -0.80000     59.38983      1.14488     58.24495
     -0.79000     72.51101      0.92083     71.59019
     -0.78000    109.74012      1.54635    108.19377
     -0.77000    112.15036      2.10535    110.04501
     -0.76000     71.97681      1.56897     70.40784
     -0.75000     23.59980      0.52923     23.07057
     -0.74000     26.55359      0.50871     26.04487
     -0.73000    100.19900      1.77985     98.41915
     -0.72000    157.32427      2.62607    154.69820
     -0.71000     93.99057      1.47293     92.51764
     -0.70000     28.51917      0.48379     28.03538
     -0.69000     42.20637      0.97009     41.23628
     -0.68000     83.97623      1.90101     82.07523
     -0.67000     89.88166      1.66704     88.21462
     -0.66000     94.31574      1.19881     93.11693
     -0.65000     91.81160      1.30751     90.50410
     -0.64000     90.88244      1.89044     88.99200
     -0.63000     72.33457      1.68564     70.64893
     -0.62000     32.37001      0.69754     31.67247
     -0.61000     54.06583      0.83863     53.22721
     -0.60000    137.17661      2.23034    134.94627
     -0.59000    140.94055      2.47808    138.46247
     -0.58000     56.46991      1.07251     55.39740
     -0.57000     22.59773      0.50760     22.09013
     -0.56000     62.94334      1.41810     61.52524
     -0.55000    120.44196      2.32949    118.11248
     -0.54000    122.20571      1.81401    120.39170
     -0.53000     75.91031      1.03416     74.87615
     -0.52000     66.21515      1.42055     64.79460
     -0.51000     83.05015      2.00614     81.04401
     -0.50000     64.95635      1.32875     63.62760
     -0.49000     83.79966      1.13142     82.66824
     -0.48000    129.75392      2.05001    127.70391
     -0.47000    114.83016      2.33042    112.49974
     -0.46000     52.86941      1.22276     51.64665
     -0.45000     35.65351      0.73329     34.92023
     -0.44000    105.86679      1.93037    103.93642
     -0.43000    158.04250      2.72476    155.31774
     -0.42000     91.43982      1.51728     89.92254
     -0.41000     42.88910      0.90304     41.98606
     -0.40000     79.59097      1.87689     77.71408
     -0.39000    119.26424      2.30065    116.96359
     -0.38000    115.01434      1.62559    113.38875
     -0.37000     93.21938      1.57072     91.64866
     -0.36000     92.11686      2.18487     89.93199
     -0.35000     79.09659      1.74708     77.34952
     -0.34000     95.39775      1.43492     93.96283
     -0.33000    140.05986      2.35314    137.70672
     -0.32000    113.67672      2.38331    111.29341
     -0.31000     59.89247      1.31531     58.57715
     -0.30000     96.20241      1.73715     94.46525
     -0.29000    159.83997      2.84593    156.99404
     -0.28000    110.02594      2.02288    108.00306
     -0.27000     69.64520      1.46232     68.18287
     -0.26000    128.34586      2.54475    125.80110
     -0.25000    148.11470      2.53604    145.57867
     -0.24000    100.40178      1.79800     98.60378
     -0.23000    114.76902      2.44277    112.32625
     -0.22000    145.81234      2.61167    143.20068
     -0.21000    128.61503      2.16641    126.44862
     -0.20000    132.06243      2.67298    129.38945
     -0.19000    149.73357      2.66852    147.06506
     -0.18000    147.12362      2.51781    144.60581
     -0.17000    163.09064      3.03506    160.05558
     -0.16000    172.24246      2.85925    169.38321
     -0.15000    192.31456      3.16858    189.14598
     -0.14000    219.68679      3.50570    216.18110
     -0.13000    199.03506      3.24058    195.79449
     -0.12000    148.70032      3.11765    145.58267
     -0.11000    100.46882      2.68568     97.78314
     -0.10000     97.84663      2.85402     94.99261
     -0.09000     98.19959      2.89013     95.30946
     -0.08000    104.51378      3.08151    101.43226
     -0.07000    108.73356      3.20776    105.52580
     -0.06000    115.74732      3.41410    112.33321
     -0.05000    122.72362      3.61514    119.10848
     -0.04000    132.48521      3.89281    128.59240
     -0.03000    142.28391      4.16421    138.11969
     -0.02000    143.00171      4.16309    138.83862
     -0.01000    128.65001      3.71540    124.93461
      0.00000    103.16548      2.95593    100.20955
      0.01000     51.12275      1.46009     49.66266
      0.02000     10.91079      0.31138     10.59941
      0.03000      0.88718      0.02531      0.86186
      0.04000      0.02672      0.00076      0.02595
      0.05000      0.00000      0.00000      0.00000
      0.06000      0.00000      0.00000      0.00000
      0.07000      0.00000      0.00000      0.00000
      0.08000      0.00000      0.00000      0.00000
      0.09000      0.00000      0.00000      0.00000
      0.10000      0.00000      0.00000      0.00000
      0.11000      0.00000      0.00000      0.00000
      0.12000      0.00000      0.00000      0.00000
      0.13000      0.00000      0.00000      0.00000
      0.14000      0.00000      0.00000      0.00000
      0.15000      0.00000      0.00000      0.00000
      0.16000      0.00000      0.00000      0.00000
      0.17000      0.00000      0.00000      0.00000
      0.18000      0.00000      0.00000      0.00000
      0.19000      0.00000      0.00000      0.00000
      0.20000      0.00000      0.00000      0.00000
      0.21000      0.00000      0.00000      0.00000
      0.22000      0.00000      0.00000      0.00000
      0.23000      0.00000      0.00000      0.00000
      0.24000      0.00000      0.00000      0.00000
      0.25000      0.00000      0.00000      0.00000
      0.26000      0.00000      0.00000      0.00000
      0.27000      0.00000      0.00000      0.00000
      0.28000      0.00000      0.00000      0.00000
      0.29000      0.00000      0.00000      0.00000
      0.30000      0.00000      0.00000      0.00000
      0.31000      0.00000      0.00000      0.00000
      0.32000      0.00000      0.00000      0.00000
      0.33000      0.00000      0.00000      0.00000
      0.34000      0.00000      0.00000      0.00000
      0.35000      0.00000      0.00000      0.00000
      0.36000      0.00000      0.00000      0.00000
      0.37000      0.00000      0.00000      0.00000
      0.38000      0.00000      0.00000      0.00000
      0.39000      0.00000      0.00000      0.00000
      0.40000      0.00000      0.00000      0.00000
      0.41000      0.00000      0.00000      0.00000
      0.42000      0.00000      0.00000      0.00000
      0.43000      0.00000      0.00000      0.00000
      0.44000      0.00000      0.00000      0.00000
      0.45000      0.00000      0.00000      0.00000
      0.46000      0.00000      0.00000      0.00000
      0.47000      0.00000      0.00000      0.00000
      0.48000      0.00000      0.00000      0.00000
      0.49000      0.00000      0.00000      0.00000
      0.50000      0.00000      0.00000      0.00000
      0.51000      0.00000      0.00000      0.00000
      0.52000      0.00000      0.00000      0.00000
      0.53000      0.00000      0.00000      0.00000
      0.54000      0.00000      0.00000      0.00000
      0.55000      0.00000      0.00000      0.00000
      0.56000      0.00000      0.00000      0.00000
      0.57000      0.00000      0.00000      0.00000
      0.58000      0.00000      0.00000      0.00000
      0.59000      0.00000      0.00000      0.00000
      0.60000      0.00000      0.00000      0.00000
      0.61000      0.00000      0.00000      0.00000
      0.62000      0.00000      0.00000      0.00000
      0.63000      0.00000      0.00000      0.00000
      0.64000      0.00000      0.00000      0.00000
      0.65000      0.00000      0.00000      0.00000
      0.66000      0.00000      0.00000      0.00000
      0.67000      0.00000      0.00000      0.00000
      0.68000      0.00000      0.00000      0.00000
      0.69000      0.00000      0.00000      0.00000
      0.70000      0.00000      0.00000      0.00000
      0.71000      0.00000      0.00000      0.00000
      0.72000      0.00000      0.00000      0.00000
      0.73000      0.00000      0.00000      0.00000
      0.74000      0.00000      0.00000      0.00000
      0.75000      0.00000      0.00000      0.00000
      0.76000      0.00000      0.00000      0.00000
      0.77000      0.00000      0.00000      0.00000
      0.78000      0.00000      0.00000      0.00000
      0.79000      0.00000      0.00000      0.00000
      0.80000      0.00000      0.00000      0.00000
      0.81000      0.00000      0.00000      0.00000
      0.82000      0.00000      0.00000      0.00000
      0.83000      0.00000      0.00000      0.00000
      0.84000      0.00000      0.00000      0.00000
      0.85000      0.00000      0.00000      0.00000
      0.86000      0.00000      0.00000      0.00000
      0.87000      0.00000      0.00000      0.00000
      0.88000      0.00000      0.00000      0.00000
      0.89000      0.00000      0.00000      0.00000
      0.90000      0.00000      0.00000      0.00000
      0.91000      0.00000      0.00000      0.00000
      0.92000      0.00000      0.00000      0.00000
      0.93000      0.00000      0.00000      0.00000
      0.94000      0.00000      0.00000      0.00000
      0.95000      0.00000      0.00000      0.00000
      0.96000      0.00000      0.00000      0.00000
      0.97000      0.00000      0.00000      0.00000
      0.98000      0.00000      0.00000      0.00000
      0.99000      0.00000      0.00000      0.00000
      1.00000      0.00000      0.00000      0.00000
      1.01000      0.00000      0.00000      0.00000
      1.02000      0.00000      0.00000      0.00000
      1.03000      0.00000      0.00000      0.00000
      1.04000      0.00000      0.00000      0.00000
      1.05000      0.00000      0.00000      0.00000
      1.06000      0.00000      0.00000      0.00000
      1.07000      0.00000      0.00000      0.00000
      1.08000      0.00000      0.00000      0.00000
      1.09000      0.00000      0.00000      0.00000
      1.10000      0.00000      0.00000      0.00000
      1.11000      0.00000      0.00000      0.00000
      1.12000      0.00000      0.00000      0.00000
      1.13000      0.00000      0.00000      0.00000
      1.14000      0.00000      0.00000      0.00000
      1.15000      0.00000      0.00000      0.00000
      1.16000      0.00000      0.00000      0.00000
      1.17000      0.00000      0.00000      0.00000
      1.18000      0.00000      0.00000      0.00000
      1.19000      0.00000      0.00000      0.00000
      1.20000      0.00000      0.00000      0.00000
      1.21000      0.00000      0.00000      0.00000
      1.22000      0.00000      0.00000      0.00000
      1.23000      0.00000      0.00000      0.00000
      1.24000      0.00000      0.00000      0.00000
      1.25000      0.00000      0.00000      0.00000
      1.26000      0.00000      0.00000      0.00000
      1.27000      0.00000      0.00000      0.00000
      1.28000      0.00000      0.00000      0.00000
      1.29000      0.00000      0.00000      0.00000
      1.30000      0.00000      0.00000      0.00000
      1.31000      0.00000      0.00000      0.00000
      1.32000      0.00000      0.00000      0.00000
      1.33000      0.00000      0.00000      0.00000
      1.34000      0.00000      0.00000      0.00000
      1.35000      0.00000      0.00000      0.00000
      1.36000      0.00000      0.00000      0.00000
      1.37000      0.00000      0.00000      0.00000
      1.38000      0.00000      0.00000      0.00000
      1.39000      0.00000      0.00000      0.00000
      1.40000      0.00000      0.00000      0.00000
      1.41000      0.00000      0.00000      0.00000
      1.42000      0.00000      0.00000      0.00000
      1.43000      0.00000      0.00000      0.00000
      1.44000      0.00000      0.00000      0.00000
      1.45000      0.00000      0.00000      0.00000
      1.46000      0.00000      0.00000      0.00000
      1.47000      0.00000      0.00000      0.00000
      1.48000      0.00000      0.00000      0.00000
      1.49000      0.00000      0.00000      0.00000
      1.50000      0.00000      0.00000      0.00000
      1.51000      0.00000      0.00000      0.00000
      1.52000      0.00000      0.00000      0.00000
      1.53000      0.00000      0.00000      0.00000
      1.54000      0.00000      0.00000      0.00000
      1.55000      0.00000      0.00000      0.00000
      1.56000      0.00000      0.00000      0.00000
      1.57000      0.00000      0.00000      0.00000
      1.58000      0.00000      0.00000      0.00000
      1.59000      0.00000      0.00000      0.00000
      1.60000      0.00000      0.00000      0.00000
      1.61000      0.00000      0.00000      0.00000
      1.62000      0.00000      0.00000      0.00000
      1.63000      0.00000      0.00000      0.00000
      1.64000      0.00000      0.00000      0.00000
      1.65000      0.00000      0.00000      0.00000
      1.66000      0.00000      0.00000      0.00000
      1.67000      0.00000      0.00000      0.00000
      1.68000      0.00000      0.00000      0.00000
      1.69000      0.00000      0.00000      0.00000
      1.70000      0.00000      0.00000      0.00000
      1.71000      0.00000      0.00000      0.00000
      1.72000      0.00000      0.00000      0.00000
      1.73000      0.00000      0.00000      0.00000
      1.74000      0.00000      0.00000      0.00000
      1.75000      0.00000      0.00000      0.00000
      1.76000      0.00000      0.00000      0.00000
      1.77000      0.00000      0.00000      0.00000
      1.78000      0.00000      0.00000      0.00000
      1.79000      0.00000      0.00000      0.00000
      1.80000      0.00000      0.00000      0.00000
      1.81000      0.00000      0.00000      0.00000
      1.82000      0.00000      0.00000      0.00000
      1.83000      0.00000      0.00000      0.00000
      1.84000      0.00000      0.00000      0.00000
      1.85000      0.00000      0.00000      0.00000
      1.86000      0.00000      0.00000      0.00000
      1.87000      0.00000      0.00000      0.00000
      1.88000      0.00000      0.00000      0.00000
      1.89000      0.00000      0.00000      0.00000
      1.90000      0.00000      0.00000      0.00000
      1.91000      0.00000      0.00000      0.00000
      1.92000      0.00000      0.00000      0.00000
      1.93000      0.00000      0.00000      0.00000
      1.94000      0.00000      0.00000      0.00000
      1.95000      0.00000      0.00000      0.00000
      1.96000      0.00000      0.00000      0.00000
      1.97000      0.00000      0.00000      0.00000
      1.98000      0.00000      0.00000      0.00000
      1.99000      0.00000      0.00000      0.00000
      2.00000      0.00000      0.00000      0.00000
      2.01000      0.00000      0.00000      0.00000
      2.02000      0.00000      0.00000      0.00000
      2.03000      0.00000      0.00000      0.00000
      2.04000      0.00000      0.00000      0.00000
      2.05000      0.00000      0.00000      0.00000
      2.06000      0.00000      0.00000      0.00000
      2.07000      0.00000      0.00000      0.00000
      2.08000      0.00000      0.00000      0.00000
      2.09000      0.00000      0.00000      0.00000
      2.10000      0.00000      0.00000      0.00000
      2.11000      0.00000      0.00000      0.00000
      2.12000      0.00000      0.00000      0.00000
      2.13000      0.00000      0.00000      0.00000
      2.14000      0.00000      0.00000      0.00000
      2.15000      0.00000      0.00000      0.00000
      2.16000      0.00000      0.00000      0.00000
      2.17000      0.00000      0.00000      0.00000
      2.18000      0.00000      0.00000      0.00000
      2.19000      0.00000      0.00000      0.00000
      2.20000      0.00000      0.00000      0.00000
      2.21000      0.00000      0.00000      0.00000
      2.22000      0.00000      0.00000      0.00000
      2.23000      0.00000      0.00000      0.00000
      2.24000      0.00000      0.00000      0.00000
      2.25000      0.00000      0.00000      0.00000
      2.26000      0.00000      0.00000      0.00000
      2.27000      0.00000      0.00000      0.00000
      2.28000      0.00000      0.00000      0.00000
      2.29000      0.00000      0.00000      0.00000
      2.30000      0.00000      0.00000      0.00000
      2.31000      0.00000      0.00000      0.00000
      2.32000      0.00000      0.00000      0.00000
      2.33000      0.00000      0.00000      0.00000
      2.34000      0.00000      0.00000      0.00000
      2.35000      0.00000      0.00000      0.00000
      2.36000      0.00000      0.00000      0.00000
      2.37000      0.00000      0.00000      0.00000
      2.38000      0.00000      0.00000      0.00000
      2.39000      0.00000      0.00000      0.00000
      2.40000      0.00000      0.00000      0.00000
      2.41000      0.00000      0.00000      0.00000
      2.42000      0.00000      0.00000      0.00000
      2.43000      0.00000      0.00000      0.00000
      2.44000      0.00000      0.00000      0.00000
      2.45000      0.00000      0.00000      0.00000
      2.46000      0.00000      0.00000      0.00000
      2.47000      0.00000      0.00000      0.00000
      2.48000      0.00000      0.00000      0.00000
      2.49000      0.00000      0.00000      0.00000
      2.50000      0.00000      0.00000      0.00000
      2.51000      0.00000      0.00000      0.00000
      2.52000      0.00000      0.00000      0.00000
      2.53000      0.00000      0.00000      0.00000
      2.54000      0.00000      0.00000      0.00000
      2.55000      0.00000      0.00000      0.00000
      2.56000      0.00000      0.00000      0.00000
      2.57000      0.00000      0.00000      0.00000
      2.58000      0.00000      0.00000      0.00000
      2.59000      0.00000      0.00000      0.00000
      2.60000      0.00000      0.00000      0.00000
      2.61000      0.00000      0.00000      0.00000
      2.62000      0.00000      0.00000      0.00000
      2.63000      0.00000      0.00000      0.00000
      2.64000      0.00000      0.00000      0.00000
      2.65000      0.00000      0.00000      0.00000
      2.66000      0.00000      0.00000      0.00000
      2.67000      0.00000      0.00000      0.00000
      2.68000      0.00000      0.00000      0.00000
      2.69000      0.00000      0.00000      0.00000
      2.70000      0.00000      0.00000      0.00000
      2.71000      0.00000      0.00000      0.00000
      2.72000      0.00000      0.00000      0.00000
      2.73000      0.00000      0.00000      0.00000
      2.74000      0.00000      0.00000      0.00000
      2.75000      0.00000      0.00000      0.00000
      2.76000      0.00000      0.00000      0.00000
      2.77000      0.00000      0.00000      0.00000
      2.78000      0.00000      0.00000      0.00000
      2.79000      0.00000      0.00000      0.00000
      2.80000      0.00000      0.00000      0.00000
      2.81000      0.00000      0.00000      0.00000
      2.82000      0.00000      0.00000      0.00000
      2.83000      0.00000      0.00000      0.00000
      2.84000      0.00000      0.00000      0.00000
      2.85000      0.00000      0.00000      0.00000
      2.86000      0.00000      0.00000      0.00000
      2.87000      0.00000      0.00000      0.00000
      2.88000      0.00000      0.00000      0.00000
      2.89000      0.00000      0.00000      0.00000
      2.90000      0.00000      0.00000      0.00000
      2.91000      0.00000      0.00000      0.00000
      2.92000      0.00000      0.00000      0.00000
      2.93000      0.00000      0.00000      0.00000
      2.94000      0.00000      0.00000      0.00000
      2.95000      0.00000      0.00000      0.00000
      2.96000      0.00000      0.00000      0.00000
      2.97000      0.00000      0.00000      0.00000
      2.98000      0.00000      0.00000      0.00000
      2.99000      0.00000      0.00000      0.00000
      3.00000      0.00000      0.00000      0.00000
      3.01000      0.00000      0.00000      0.00000
      3.02000      0.00000      0.00000      0.00000
      3.03000      0.00000      0.00000      0.00000
      3.04000      0.00000      0.00000      0.00000
      3.05000      0.00000      0.00000      0.00000
      3.06000      0.00000      0.00000      0.00000
      3.07000      0.00000      0.00000      0.00000
      3.08000      0.00000      0.00000      0.00000
      3.09000      0.00000      0.00000      0.00000
      3.10000      0.00000      0.00000      0.00000
      3.11000      0.00000      0.00000      0.00000
      3.12000      0.00000      0.00000      0.00000
      3.13000      0.00000      0.00000      0.00000
      3.14000      0.00000      0.00000      0.00000
      3.15000      0.00000      0.00000      0.00000
      3.16000      0.00000      0.00000      0.00000
      3.17000      0.00000      0.00000      0.00000
      3.18000      0.00000      0.00000      0.00000
      3.19000      0.00000      0.00000      0.00000
      3.20000      0.00000      0.00000      0.00000
      3.21000      0.00000      0.00000      0.00000
      3.22000      0.00000      0.00000      0.00000
      3.23000      0.00000      0.00000      0.00000
      3.24000      0.00000      0.00000      0.00000
      3.25000      0.00000      0.00000      0.00000
      3.26000      0.00000      0.00000      0.00000
      3.27000      0.00000      0.00000      0.00000
      3.28000      0.00000      0.00000      0.00000
      3.29000      0.00000      0.00000      0.00000
      3.30000      0.00000      0.00000      0.00000
      3.31000      0.02487      0.00027      0.02460
      3.32000      0.90955      0.00986      0.89969
      3.33000     12.79854      0.13920     12.65934
      3.34000     71.99833      0.78780     71.21052
      3.35000    175.20586      1.94076    173.26510
      3.36000    218.86417      2.48718    216.37699
      3.37000    191.38498      2.27584    189.10914
      3.38000    160.13615      2.01613    158.12002
      3.39000    141.42397      1.88421    139.53976
      3.40000    129.69665      1.82487    127.87177
      3.41000    120.63375      1.78812    118.84563
      3.42000    114.73618      1.78858    112.94760
      3.43000    108.15705      1.77064    106.38642
      3.44000    106.70945      1.82966    104.87979
      3.45000    114.35973      2.05064    112.30909
      3.46000    164.26446      3.01704    161.24743
      3.47000    216.46049      4.01938    212.44112
      3.48000    226.64298      4.28900    222.35397
      3.49000    195.95443      3.79195    192.16248
      3.50000    186.45240      3.72469    182.72771
      3.51000    159.75219      3.27731    156.47488
      3.52000    164.37950      3.44944    160.93005
      3.53000    159.59686      3.43830    156.15856
      3.54000    125.40074      2.81085    122.58988
      3.55000    160.42593      3.62208    156.80386
      3.56000    145.11302      3.30054    141.81248
      3.57000    110.34905      2.73110    107.61795
      3.58000    138.77403      3.41209    135.36195
      3.59000    145.41164      3.42722    141.98442
      3.60000    124.28661      3.23035    121.05626
      3.61000    101.81039      2.82672     98.98367
      3.62000    119.14543      3.06669    116.07874
      3.63000    159.36299      4.15647    155.20651
      3.64000    110.50566      3.08553    107.42013
      3.65000     76.56440      2.37366     74.19074
      3.66000    126.31084      3.73228    122.57856
      3.67000    144.03250      3.86327    140.16923
      3.68000    112.39443      3.23618    109.15825
      3.69000     96.64638      3.32551     93.32087
      3.70000     80.74067      2.69072     78.04995
      3.71000    120.12519      3.54480    116.58039
      3.72000    157.87559      4.79052    153.08507
      3.73000     94.44287      3.09170     91.35117
      3.74000     63.47382      2.45364     61.02018
      3.75000    101.76274      3.82557     97.93717
      3.76000    125.12910      3.92621    121.20290
      3.77000    126.33268      3.84591    122.48677
      3.78000    111.39428      4.19932    107.19496
      3.79000     69.70627      2.95621     66.75005
      3.80000     61.16482      2.47542     58.68940
      3.81000    130.48220      4.76046    125.72175
      3.82000    147.77798      4.96905    142.80893
      3.83000     86.38073      3.05498     83.32574
      3.84000     78.32179      3.62818     74.69362
      3.85000     80.22849      3.82349     76.40500
      3.86000     75.19265      2.92530     72.26735
      3.87000    134.64929      4.82212    129.82717
      3.88000    145.11561      5.64208    139.47352
      3.89000     70.14604      3.05319     67.09284
      3.90000     52.32795      2.74148     49.58646
      3.91000     88.35721      4.56189     83.79532
      3.92000    102.06342      4.25764     97.80578
      3.93000    119.89835      4.16813    115.73022
      3.94000    125.93119      5.40799    120.52320
      3.95000     84.83375      4.41621     80.41753
      3.96000     41.18940      2.33391     38.85549
      3.97000     67.04550      3.68395     63.36155
      3.98000    124.35622      5.87659    118.47963
      3.99000    127.59586      4.84874    122.74711
      4.00000     94.54706      3.91049     90.63656
      4.01000     89.40868      5.11053     84.29814
      4.02000     65.89348      4.06579     61.82769
      4.03000     41.85112      2.41818     39.43294
      4.04000     97.80133      4.94324     92.85809
      4.05000    157.60866      8.87887    148.72979
      4.06000    133.14611     31.23583    101.91028
      4.07000    229.56193    158.58531     70.97662
      4.08000    495.78651    382.61827    113.16824
      4.09000    566.69314    455.22318    111.46996
      4.10000    495.70128    398.44612     97.25517
      4.11000    616.85389    448.06365    168.79024
      4.12000    754.42291    547.76658    206.65633
      4.13000    657.37422    527.04929    130.32493
      4.14000    539.71349    451.22597     88.48752
      4.15000    514.82911    401.64985    113.17926
      4.16000    482.70323    369.97668    112.72655
      4.17000    455.00334    345.84435    109.15899
      4.18000    487.42796    329.83510    157.59287
      4.19000    478.39197    315.96716    162.42481
      4.20000    395.93158    299.38882     96.54276
      4.21000    346.04799    285.17721     60.87078
      4.22000    365.84418    276.45980     89.38438
      4.23000    382.67400    267.95176    114.72224
      4.24000    376.31471    257.21317    119.10155
      4.25000    385.90054    249.44082    136.45972
      4.26000    377.40955    243.14146    134.26809
      4.27000    330.43111    234.72745     95.70366
      4.28000    279.43854    225.63372     53.80482
      4.29000    287.57521    219.79804     67.77717
      4.30000    333.51457    218.02472    115.48985
      4.31000    345.62526    210.88904    134.73622
      4.32000    326.71129    205.54503    121.16626
      4.33000    332.55880    198.69387    133.86493
      4.34000    421.00364    198.30275    222.70089
      4.35000    429.46755    191.86801    237.59954
      4.36000    374.06732    188.87598    185.19134
      4.37000    387.40813    184.34040    203.06774
      4.38000    434.01921    184.84370    249.17551
      4.39000    397.47621    178.89328    218.58294
      4.40000    325.47030    172.87852    152.59178
      4.41000    347.59109    174.99194    172.59915
      4.42000    316.22969    164.86662    151.36307
      4.43000    269.61257    170.27641     99.33616
      4.44000    299.21402    156.88678    142.32725
      4.45000    379.30519    169.53385    209.77133
      4.46000    340.56282    156.93405    183.62877
      4.47000    286.78166    156.60983    130.17184
      4.48000    296.89666    157.48303    139.41364
      4.49000    283.69241    147.79671    135.89570
      4.50000    245.92012    154.12458     91.79554
      4.51000    235.43642    144.10981     91.32660
      4.52000    321.89768    147.80283    174.09485
      4.53000    366.68737    151.01653    215.67084
      4.54000    277.49612    141.51847    135.97765
      4.55000    233.17317    140.85860     92.31456
      4.56000    374.33656    151.95260    222.38396
      4.57000    550.93849    160.39418    390.54431
      4.58000    534.88162    159.92439    374.95724
      4.59000    451.42479    159.28677    292.13801
      4.60000    464.25546    147.34294    316.91252
      4.61000    537.28554    150.71285    386.57269
      4.62000    492.53647    156.99433    335.54214
      4.63000    349.62978    133.24183    216.38795
      4.64000    316.98260    137.55823    179.42437
      4.65000    385.39275    151.51469    233.87806
      4.66000    422.31206    129.03096    293.28110
      4.67000    418.55948    136.16246    282.39702
      4.68000    391.50785    148.41494    243.09291
      4.69000    317.72529    117.66258    200.06272
      4.70000    335.47029    128.97648    206.49381
      4.71000    377.96761    150.76211    227.20550
      4.72000    331.74214    114.80530    216.93684
      4.73000    303.58959    116.26387    187.32572
      4.74000    345.37759    149.64638    195.73120
      4.75000    370.09740    120.38566    249.71174
      4.76000    343.93265    106.14125    237.79140
      4.77000    349.16835    145.43882    203.72953
      4.78000    314.52436    126.01546    188.50889
      4.79000    258.67364     91.18668    167.48696
      4.80000    311.73571    132.57538    179.16033
      4.81000    318.27717    142.23596    176.04121
      4.82000    277.22521     91.02625    186.19897
      4.83000    358.86228    109.07767    249.78461
      4.84000    361.08655    150.10654    210.98002
      4.85000    274.27166    108.38592    165.88574
      4.86000    253.68410     81.92623    171.75786
      4.87000    322.81625    135.51618    187.30007
      4.88000    318.52981    138.82265    179.70715
      4.89000    216.60342     78.18991    138.41351
      4.90000    242.02317     94.45396    147.56920
      4.91000    341.99189    149.35350    192.63839
      4.92000    366.04715    116.23458    249.81257
      4.93000    309.65115     72.33517    237.31598
      4.94000    268.66676    115.83592    152.83084
      4.95000    253.14442    145.19376    107.95067
      4.96000    169.57119     83.60703     85.96416
      4.97000    207.45987     67.99549    139.46438
      4.98000    355.17067    135.82543    219.34524
      4.99000    393.49593    142.64428    250.85165
      5.00000    289.77198     72.90551    216.86646
      5.01000    195.42873     69.91566    125.51307
      5.02000    259.31704    138.99722    120.31982
      5.03000    295.70539    131.84398    163.86142
      5.04000    179.10530     60.05551    119.04979
      5.05000    182.41044     71.69984    110.71060
      5.06000    321.08225    144.15868    176.92357
      5.07000    326.70136    125.29034    201.41103
      5.08000    272.43137     58.28847    214.14290
      5.09000    269.16351     74.96687    194.19664
      5.10000    263.93512    142.18717    121.74795
      5.11000    241.19434    123.46415    117.73020
      5.12000    201.66306     53.74555    147.91750
      5.13000    179.80642     62.15336    117.65306
      5.14000    244.23311    136.16878    108.06433
      5.15000    264.88826    131.10047    133.78779
      5.16000    209.73717     57.24860    152.48856
      5.17000    255.76103     56.65101    199.11002
      5.18000    357.70915    131.43098    226.27818
      5.19000    298.18140    141.39205    156.78936
      5.20000    164.54121     63.18474    101.35647
      5.21000    212.19452     43.77511    168.41941
      5.22000    391.17597    116.57910    274.59687
      5.23000    454.69256    161.85918    292.83337
      5.24000    319.52832     91.13214    228.39617
      5.25000    151.46643     34.04832    117.41811
      5.26000    111.08960     71.90270     39.18690
      5.27000    193.72103    143.21982     50.50122
      5.28000    234.04124    113.61594    120.42530
      5.29000    205.78465     44.93436    160.85029
      5.30000    196.48552     51.19571    145.28981
      5.31000    295.29537    128.16548    167.12989
      5.32000    341.63618    143.59426    198.04192
      5.33000    219.14490     64.73155    154.41335
      5.34000    169.76606     33.89203    135.87403
      5.35000    251.24880     91.57187    159.67693
      5.36000    250.82474    149.18236    101.64239
      5.37000    152.03037     96.73271     55.29766
      5.38000    155.98657     34.62911    121.35747
      5.39000    266.49872     55.43076    211.06797
      5.40000    313.96379    131.26550    182.69828
      5.41000    275.29238    138.47780    136.81458
      5.42000    221.21643     63.08500    158.13142
      5.43000    191.56141     34.61206    156.94935
      5.44000    259.41947     90.10445    169.31502
      5.45000    307.60644    149.15499    158.45145
      5.46000    173.97699     99.42961     74.54738
      5.47000     88.34092     36.16038     52.18054
      5.48000    164.94633     57.16374    107.78259
      5.49000    292.72878    123.81586    168.91291
      5.50000    343.51947    132.97698    210.54249
      5.51000    299.02754     80.22208    218.80546
      5.52000    260.79644     69.67440    191.12203
      5.53000    237.13187     93.82330    143.30857
      5.54000    193.30523    102.68214     90.62309
      5.55000    192.62151    120.22219     72.39932
      5.56000    277.62858    119.58973    158.03885
      5.57000    308.49310     84.03614    224.45697
      5.58000    228.54009     84.65637    143.88372
      5.59000    240.83334    137.01625    103.81709
      5.60000    319.83755    127.62018    192.21738
      5.61000    300.82975     85.31852    215.51123
      5.62000    193.91184     85.70427    108.20758
      5.63000    135.35777     77.98322     57.37455
      5.64000    201.03083     85.91293    115.11790
      5.65000    298.88337    109.00217    189.88120
      5.66000    295.72295    107.48623    188.23672
      5.67000    232.37435     81.61058    150.76377
      5.68000    300.73889    121.29497    179.44391
      5.69000    521.80425    330.38770    191.41655
      5.70000    662.23751    494.22860    168.00891
      5.71000    516.82777    383.18743    133.64034
      5.72000    346.97445    231.06330    115.91115
      5.73000    379.38956    195.77410    183.61546
      5.74000    470.46977    209.99409    260.47567
      5.75000    483.71667    215.26858    268.44809
      5.76000    344.25067    158.60468    185.64599
      5.77000    251.55021    122.38893    129.16128
      5.78000    367.29298    194.04853    173.24445
      5.79000    421.23145    230.56553    190.66592
      5.80000    326.94172    162.79404    164.14769
      5.81000    280.50176     99.22235    181.27940
      5.82000    379.18416    121.81700    257.36715
      5.83000    468.04705    184.17429    283.87275
      5.84000    426.46235    203.20410    223.25825
      5.85000    401.67144    239.10857    162.56287
      5.86000    408.87608    215.53052    193.34556
      5.87000    500.94736    216.62410    284.32327
      5.88000    611.31692    248.68886    362.62806
      5.89000    521.21413    212.17307    309.04106
      5.90000    417.61093    188.11745    229.49348
      5.91000    364.36700    151.60884    212.75816
      5.92000    283.85853    134.04474    149.81379
      5.93000    174.96164    113.30753     61.65411
      5.94000     74.82212     59.78435     15.03778
      5.95000     18.12429     15.64437      2.47993
      5.96000     21.09892     17.34290      3.75602
      5.97000    121.74660     93.87785     27.86876
      5.98000    303.65437    212.12928     91.52509
      5.99000    355.51105    207.52250    147.98855
      6.00000    324.96202    164.71789    160.24413
      6.01000    299.82208    156.22167    143.60041
      6.02000    195.68927     83.79959    111.88968
      6.03000    112.35326     23.40169     88.95157
      6.04000     52.91289      5.77348     47.13941
      6.05000     12.01022      1.29167     10.71855
      6.06000      8.25791      4.22475      4.03316
      6.07000     62.42660     31.59241     30.83419
      6.08000    216.67210    101.41297    115.25913
      6.09000    321.99710    157.29867    164.69843
      6.10000    251.73786    157.41486     94.32300
      6.11000    191.11038    159.60539     31.50499
      6.12000    193.66878    172.47784     21.19094
      6.13000    154.50739    116.35353     38.15386
      6.14000    166.15089     68.57358     97.57730
      6.15000    290.69674    141.74058    148.95617
      6.16000    373.38226    244.13862    129.24364
      6.17000    368.26211    257.75396    110.50815
      6.18000    294.75117    187.37983    107.37134
      6.19000    222.81174    154.17372     68.63802
      6.20000    283.52384    234.76160     48.76224
      6.21000    272.24134    228.27968     43.96165
      6.22000    143.71789    100.29615     43.42174
      6.23000    122.74345     44.64369     78.09977
      6.24000    214.13750    101.62373    112.51376
      6.25000    322.09256    188.54368    133.54888
      6.26000    378.39666    240.31026    138.08640
      6.27000    349.41674    222.76999    126.64675
      6.28000    210.70262    131.18500     79.51762
      6.29000    163.11492    109.69191     53.42301
      6.30000    204.35372    124.75882     79.59491
      6.31000    185.57891    101.27290     84.30602
      6.32000    146.16640     99.93445     46.23195
      6.33000    148.45839    116.83939     31.61899
      6.34000    165.67680    105.87885     59.79795
      6.35000    276.89964    125.51360    151.38604
      6.36000    422.17375    184.71602    237.45773
      6.37000    396.71830    211.42055    185.29775
      6.38000    275.45619    194.98190     80.47429
      6.39000    169.29702    139.84610     29.45092
      6.40000    137.02203    104.29944     32.72259
      6.41000    182.35064    109.56204     72.78861
      6.42000    226.14995    139.29847     86.85148
      6.43000    197.67681    145.66595     52.01086
      6.44000    134.07234     98.92957     35.14277
      6.45000    157.17457     89.88964     67.28493
      6.46000    179.58086     91.70532     87.87554
      6.47000    207.22497    118.18308     89.04190
      6.48000    283.62977    161.51283    122.11784
      6.49000    273.74780    138.51356    135.28275
      6.50000    203.25511     93.87171    110.38145
      6.51000    245.04001    184.68072     68.43122
      6.52000    465.13921    441.89548     50.26050
      6.53000    534.72937    532.89650     43.16682
      6.54000    419.04726    402.90891     53.25507
      6.55000    477.74573    437.61174     80.93847
      6.56000    701.90405    692.78960     73.01445
      6.57000    826.14194    816.44177     83.40270
      6.58000    857.65549    803.84728    117.16907
      6.59000    815.96110    749.52789    119.47057
      6.60000    616.45983    567.46428     95.90073
      6.61000    386.52078    379.31559     45.97431
      6.62000    325.76555    327.86607     31.95547
      6.63000    450.63104    402.62898     85.10692
      6.64000    541.28551    447.16276    131.87246
      6.65000    480.89270    421.10934     94.76381
      6.66000    387.00562    386.90874     33.19360
      6.67000    384.98336    398.48515     20.87554
      6.68000    393.64727    370.93065     55.79883
      6.69000    382.19378    328.39525     81.10800
      6.70000    354.82827    331.40264     48.37285
      6.71000    352.94214    360.39576     20.39288
      6.72000    379.33875    359.47451     49.64311
      6.73000    438.18174    332.94273    134.06077
      6.74000    548.33524    374.25874    200.84333
      6.75000    536.91251    381.15955    176.89257
      6.76000    407.89504    338.97710     89.64667
      6.77000    344.94952    335.68872     35.23168
      6.78000    309.39395    318.72962     18.08335
      6.79000    285.89826    299.75728     11.55723
      6.80000    310.55384    308.79405     26.30181
      6.81000    384.60207    325.38951     82.37938
      6.82000    447.74797    323.79030    141.59764
      6.83000    426.69038    306.91491    138.55142
      6.84000    320.61345    253.11716     89.43252
      6.85000    233.77514    207.99394     46.82492
      6.86000    290.49816    248.50049     64.79697
      6.87000    317.79062    259.39243     78.50263
      6.88000    265.51573    249.23209     37.83590
      6.89000    204.29066    215.49444      8.79753
      6.90000    203.88883    213.94579      6.92370
      6.91000    252.49980    253.49711     18.99780
      6.92000    320.38075    261.76311     77.48393
      6.93000    464.41543    289.65050    190.50422
      6.94000    472.98283    264.26703    218.87195
      6.95000    273.40266    149.02715    128.10913
      6.96000    228.38981    144.89213     89.08618
      6.97000    379.19719    311.18813     85.11149
      6.98000    455.83357    438.97475     42.73835
      6.99000    374.49409    383.55772     13.36116
      7.00000    261.48445    265.67570     13.84079
      7.01000    290.83332    252.22250     58.29626
      7.02000    388.59498    270.69655    134.21490
      7.03000    378.63655    245.25737    141.79866
      7.04000    279.99472    220.65839     70.09153
      7.05000    212.33234    215.27525     16.73567
      7.06000    136.82119    139.67472     11.98348
      7.07000     94.46287     53.55052     45.67401
      7.08000    169.95048     94.00973     80.97040
      7.09000    340.12687    265.90659     88.04617
      7.10000    485.73421    392.84183    114.84601
      7.11000    480.75052    370.64538    135.97734
      7.12000    374.30002    259.58152    133.39956
      7.13000    292.85295    177.85344    124.03101
      7.14000    325.10716    235.68214    104.50719
      7.15000    348.98767    292.39058     79.09293
      7.16000    233.25464    207.29048     39.05270
      7.17000    167.28797    127.30569     44.89844
      7.18000    272.00424    178.71912    102.98021
      7.19000    348.57228    243.84100    122.38699
      7.20000    262.04252    208.48256     68.92140
      7.21000    177.34692    140.60596     42.98217
      7.22000    159.82377     83.58012     77.33168
      7.23000    184.42687     73.74551    110.79110
      7.24000    242.66499    117.36097    125.99053
      7.25000    314.77021    198.16715    121.72435
      7.26000    410.05580    302.39066    123.07709
      7.27000    459.77827    342.81471    137.98238
      7.28000    411.51232    303.16871    124.32766
      7.29000    321.02038    257.97701     75.77791
      7.30000    393.50081    331.82970     79.88695
      7.31000    608.74523    457.40995    171.17868
      7.32000    692.03566    467.42027    237.03864
      7.33000    542.13225    350.74180    199.07981
      7.34000    427.06597    251.78922    187.27397
      7.35000    434.00064    246.20030    203.73021
      7.36000    350.90710    227.62203    137.52629
      7.37000    218.81564    141.67557     84.74457
      7.38000    163.72899     80.01248     86.79993
      7.39000    222.63760    139.86335     89.00324
      7.40000    358.79299    290.44004     79.66799
      7.41000    434.97617    350.83721     96.53133
      7.42000    375.00137    257.74411    127.60370
      7.43000    300.79949    149.63809    155.75558
      7.44000    296.98865    119.33070    178.47502
      7.45000    226.58535     81.25779    145.38412
      7.46000    156.45724     68.08030     88.45097
      7.47000    231.56513    158.29219     74.11876
      7.48000    395.48571    304.31851     94.95912
      7.49000    450.78545    361.95800     96.09104
      7.50000    312.43065    262.33285     57.80140
      7.51000    190.76275    133.64437     62.39352
      7.52000    207.71394     81.81710    127.73077
      7.53000    317.43527    138.15897    179.53983
      7.54000    427.37482    230.45367    197.04648
      7.55000    401.99248    243.28045    159.74638
      7.56000    298.64033    223.57689     79.87103
      7.57000    337.04987    310.65077     40.81087
      7.58000    476.20851    427.60993     72.76553
      7.59000    438.39354    337.08987    120.24812
      7.60000    389.95811    219.32629    182.10522
      7.61000    469.38276    219.99266    261.85592
      7.62000    505.28624    246.26002    274.30708
      7.63000    429.36942    250.97263    192.38204
      7.64000    300.08184    222.43343     89.00784
      7.65000    205.47977    178.92630     34.40578
      7.66000    175.78719    157.98905     25.47910
      7.67000    220.88481    172.61919     61.08933
      7.68000    272.40988    188.08306     96.28967
      7.69000    269.42269    185.77554     93.69237
      7.70000    204.95943    139.99632     74.00112
      7.71000    218.10797    108.93313    114.49860
      7.72000    295.31708    147.97846    155.14998
      7.73000    254.34917    167.99861     98.86121
      7.74000    212.10594    155.28589     65.22564
      7.75000    226.64088    169.40897     62.34785
      7.76000    234.95839    201.93591     41.19343
      7.77000    199.60877    165.92075     40.92688
      7.78000    121.24420     78.54918     45.09851
      7.79000     50.18288     25.42140     25.08519
      7.80000     55.29912     28.64635     27.21000
      7.81000    167.01388    102.50424     68.13672
      7.82000    269.02571    183.26392     94.86053
      7.83000    297.12423    197.38061    109.79653
      7.84000    319.91126    216.74546    112.09171
      7.85000    266.23503    185.09857     88.39943
      7.86000    186.26145    108.20272     80.89049
      7.87000    154.96951     98.00951     57.38086
      7.88000    131.66737    102.24398     29.44650
      7.89000    111.64765     83.47703     28.17109
      7.90000    103.68340     51.90339     51.78014
      7.91000    131.16159     57.67038     73.49935
      7.92000    130.02155     83.39135     46.81360
      7.93000     87.10908     75.64854     12.98103
      7.94000     88.37439     90.13023      2.88199
      7.95000    132.08344    127.46042      9.84612
      7.96000    220.72751    183.92702     39.34637
      7.97000    390.32480    297.48939     96.17085
      7.98000    541.71904    401.91866    148.35344
      7.99000    489.45371    340.85309    157.70037
      8.00000    369.52579    239.17411    134.22773
      8.01000    283.75542    217.20043     67.85226
      8.02000    190.18973    172.35313     18.83551
      8.03000     97.49275     92.67414      7.03572
      8.04000    110.99186     95.44050     22.10562
      8.05000    204.31314    153.62562     59.67446
      8.06000    244.50644    188.24981     62.62777
      8.07000    166.15730    142.76501     26.20795
      8.08000     60.31150     54.81135      6.15099
      8.09000     45.47659     37.32259      8.21636
      8.10000    101.18007     82.32613     18.85620
      8.11000    159.92482    133.80738     26.11752
      8.12000    183.96881    149.99715     33.97521
      8.13000    162.01071    108.57630     53.53495
      8.14000    200.48534    107.14776     94.38489
      8.15000    288.94175    180.48716    112.47392
      8.16000    384.56139    286.75164    103.56621
      8.17000    370.49443    305.09063     68.84045
      8.18000    256.64796    212.73061     45.39491
      8.19000    221.85302    130.27593     92.23269
      8.20000    262.95540    105.00451    158.17263
      8.21000    288.22436    111.72357    177.50365
      8.22000    372.09929    185.93800    191.36696
      8.23000    418.49319    261.63140    167.34436
      8.24000    267.54541    196.36671     81.98461
      8.25000    195.07329    160.42177     46.82192
      8.26000    293.52320    223.64981     80.58621
      8.27000    381.65301    281.32432    104.30495
      8.28000    355.81575    268.31690     88.26426
      8.29000    285.75840    217.10437     69.93550
      8.30000    234.66167    186.69454     50.63286
      8.31000    213.93124    178.25761     37.84672
      8.32000    195.41555    163.67273     32.52163
      8.33000    159.14034    131.36655     28.07466
      8.34000    165.15265    119.76586     47.03105
      8.35000    171.23420    126.15847     52.02197
