Energy-E_F (eV)    DOS (1/eV)    PDOS (1/eV)  of atom type H  C  
     -6.59019   3358.73420    384.51378   2974.22042
     -6.58019   3529.28561    409.27893   3120.00668
     -6.57019   3657.69258    429.67584   3228.01674
     -6.56019   3007.21054    349.81550   2657.39504
     -6.55019   2227.20730    253.61547   1973.59183
     -6.54019   2144.77937    254.38804   1890.39133
     -6.53019   2416.91293    316.83047   2100.08246
     -6.52019   2515.63781    360.84101   2154.79679
     -6.51019   2757.19714    415.61108   2341.58606
     -6.50019   3362.76068    522.39879   2840.36190
     -6.49019   3567.02316    563.73867   3003.28449
     -6.48019   3110.91266    482.94875   2627.96391
     -6.47019   2600.07744    391.50104   2208.57640
     -6.46019   2277.42496    329.53100   1947.89397
     -6.45019   2645.78438    312.71332   2333.07106
     -6.44019   4609.95924    381.77920   4228.18004
     -6.43019   6668.19258    449.22211   6218.97047
     -6.42019   6354.41108    402.01810   5952.39298
     -6.41019   5010.12788    322.96576   4687.16212
     -6.40019   4313.66547    313.98004   3999.68542
     -6.39019   4097.37581    328.64229   3768.73352
     -6.38019   3815.55215    303.83546   3511.71669
     -6.37019   3246.33330    246.65407   2999.67923
     -6.36019   2671.43853    199.52529   2471.91325
     -6.35019   2329.76704    171.74465   2158.02239
     -6.34019   2172.67454    155.31977   2017.35477
     -6.33019   2222.92784    160.52859   2062.39925
     -6.32019   2424.54355    185.15420   2239.38935
     -6.31019   2528.87418    203.69440   2325.17978
     -6.30019   2536.05553    212.56896   2323.48657
     -6.29019   2630.37093    218.24119   2412.12975
     -6.28019   2925.50430    242.66656   2682.83774
     -6.27019   3121.97846    276.42239   2845.55607
     -6.26019   2852.40416    252.40438   2599.99978
     -6.25019   2515.63242    211.26315   2304.36927
     -6.24019   2510.72106    212.72857   2297.99249
     -6.23019   2550.33210    216.75727   2333.57483
     -6.22019   2493.17727    212.96102   2280.21625
     -6.21019   2360.06594    208.98963   2151.07632
     -6.20019   2305.68595    214.71721   2090.96874
     -6.19019   2313.86298    213.89145   2099.97154
     -6.18019   2168.29860    188.95423   1979.34437
     -6.17019   2013.05080    170.50146   1842.54934
     -6.16019   2004.72848    167.87483   1836.85365
     -6.15019   2117.94013    181.75796   1936.18217
     -6.14019   2301.66161    222.49555   2079.16605
     -6.13019   2369.82448    240.68336   2129.14112
     -6.12019   2152.42529    199.45074   1952.97455
     -6.11019   1898.33759    161.58647   1736.75111
     -6.10019   1859.29515    160.39674   1698.89841
     -6.09019   1900.32611    169.21038   1731.11573
     -6.08019   2017.97868    189.13727   1828.84141
     -6.07019   2111.78166    202.85288   1908.92878
     -6.06019   2030.76826    187.89122   1842.87704
     -6.05019   1963.31111    178.75921   1784.55190
     -6.04019   1982.17347    182.60133   1799.57215
     -6.03019   2097.39228    197.43618   1899.95611
     -6.02019   2095.51896    193.92698   1901.59198
     -6.01019   1915.88005    161.54631   1754.33374
     -6.00019   1942.06255    169.89860   1772.16395
     -5.99019   2157.88690    208.17372   1949.71319
     -5.98019   2275.65170    222.96590   2052.68580
     -5.97019   2265.14702    214.42622   2050.72080
     -5.96019   2325.06043    209.82045   2115.23999
     -5.95019   2431.45601    215.06211   2216.39390
     -5.94019   2161.55388    183.12591   1978.42797
     -5.93019   1769.49412    158.98484   1610.50927
     -5.92019   1913.01414    221.73948   1691.27466
     -5.91019   2410.21218    332.04431   2078.16787
     -5.90019   2588.46489    369.61327   2218.85162
     -5.89019   2258.30032    300.88439   1957.41594
     -5.88019   1994.20284    245.28404   1748.91880
     -5.87019   2040.52780    251.73401   1788.79378
     -5.86019   2151.88630    273.08060   1878.80570
     -5.85019   2054.45646    255.06502   1799.39144
     -5.84019   1986.92208    245.00924   1741.91284
     -5.83019   2101.61674    270.41115   1831.20558
     -5.82019   2160.86186    280.21540   1880.64646
     -5.81019   1957.14256    234.58963   1722.55293
     -5.80019   1735.65486    188.70262   1546.95224
     -5.79019   1718.71184    188.61656   1530.09528
     -5.78019   1858.45893    220.16526   1638.29367
     -5.77019   2104.41196    268.78209   1835.62987
     -5.76019   2257.61599    293.49945   1964.11654
     -5.75019   2263.67579    291.36248   1972.31331
     -5.74019   2098.32095    258.39123   1839.92972
     -5.73019   1914.29902    223.93540   1690.36363
     -5.72019   1964.71088    240.02783   1724.68305
     -5.71019   2118.97699    274.72037   1844.25662
     -5.70019   2238.02007    295.07179   1942.94828
     -5.69019   2285.19681    299.96682   1985.22999
     -5.68019   2260.67404    292.29348   1968.38057
     -5.67019   2212.80965    277.88460   1934.92505
     -5.66019   2235.67203    277.65366   1958.01837
     -5.65019   2288.75208    283.47219   2005.27989
     -5.64019   2372.22930    281.67974   2090.54956
     -5.63019   2454.25856    274.72371   2179.53485
     -5.62019   2366.90508    279.03118   2087.87390
     -5.61019   2268.94494    329.03007   1939.91487
     -5.60019   2155.08993    344.27639   1810.81354
     -5.59019   1918.31675    295.82242   1622.49434
     -5.58019   1732.56307    259.07577   1473.48730
     -5.57019   1774.01887    274.73053   1499.28834
     -5.56019   2105.01950    358.48828   1746.53121
     -5.55019   2507.85195    458.52883   2049.32312
     -5.54019   2964.99455    568.48431   2396.51024
     -5.53019   3727.75648    758.08627   2969.67021
     -5.52019   4200.66634    880.93317   3319.73316
     -5.51019   3524.10738    702.73724   2821.37014
     -5.50019   2595.20530    447.21874   2147.98656
     -5.49019   2160.46362    326.75279   1833.71082
     -5.48019   1887.22534    263.22954   1623.99580
     -5.47019   1718.57981    205.12377   1513.45605
     -5.46019   1862.21595    174.82213   1687.39382
     -5.45019   2116.66007    179.04401   1937.61606
     -5.44019   2200.16030    202.90010   1997.26020
     -5.43019   2086.29173    200.62764   1885.66408
     -5.42019   1922.03119    179.69107   1742.34013
     -5.41019   1828.33007    168.20209   1660.12798
     -5.40019   1707.49896    148.35876   1559.14021
     -5.39019   1649.74505    139.95821   1509.78685
     -5.38019   1673.64675    145.52716   1528.11959
     -5.37019   1720.54732    149.44661   1571.10071
     -5.36019   1727.98532    149.45783   1578.52750
     -5.35019   1613.51502    132.73179   1480.78322
     -5.34019   1546.57184    118.67748   1427.89436
     -5.33019   1619.38375    125.22160   1494.16216
     -5.32019   1651.08738    127.26889   1523.81849
     -5.31019   1584.39811    119.89573   1464.50238
     -5.30019   1652.97079    132.20162   1520.76916
     -5.29019   1778.10975    148.07199   1630.03776
     -5.28019   1758.05614    142.18355   1615.87259
     -5.27019   1861.33497    156.03889   1705.29608
     -5.26019   2095.07215    194.86883   1900.20332
     -5.25019   2140.84094    206.57643   1934.26452
     -5.24019   2008.36794    185.15899   1823.20895
     -5.23019   2115.96093    198.64684   1917.31409
     -5.22019   2454.32414    246.87527   2207.44887
     -5.21019   2486.49333    246.84490   2239.64843
     -5.20019   2356.97243    223.22179   2133.75065
     -5.19019   2294.82630    212.32829   2082.49802
     -5.18019   2451.17723    222.26988   2228.90735
     -5.17019   3755.64756    353.11932   3402.52825
     -5.16019   6838.93071    667.01388   6171.91683
     -5.15019   9398.15480    924.84199   8473.31280
     -5.14019   9654.34710    943.58165   8710.76545
     -5.13019   8433.48182    812.68388   7620.79794
     -5.12019   5275.80613    494.47317   4781.33296
     -5.11019   2283.65532    197.13236   2086.52296
     -5.10019   1258.51855     95.41337   1163.10518
     -5.09019   1065.41476     73.81131    991.60345
     -5.08019    977.78439     62.67851    915.10587
     -5.07019    968.14504     61.90901    906.23603
     -5.06019   1059.47910     74.22209    985.25701
     -5.05019   1125.08085     83.35318   1041.72767
     -5.04019   1144.41005     85.95945   1058.45060
     -5.03019   1254.14437     99.22601   1154.91836
     -5.02019   1380.51485    114.68669   1265.82816
     -5.01019   1257.02149     98.66618   1158.35531
     -5.00019   1019.83493     68.38106    951.45387
     -4.99019    917.32561     55.30725    862.01837
     -4.98019    901.73861     53.29417    848.44444
     -4.97019    903.32499     53.21904    850.10595
     -4.96019    904.98760     53.24723    851.74037
     -4.95019    902.63391     53.20424    849.42967
     -4.94019    901.58033     53.18898    848.39135
     -4.93019    902.69175     53.21187    849.47988
     -4.92019    902.94337     53.22306    849.72031
     -4.91019    903.30532     53.24208    850.06324
     -4.90019    906.80208     53.31449    853.48760
     -4.89019    909.41735     53.37737    856.03999
     -4.88019    910.20267     53.41619    856.78648
     -4.87019    910.99524     53.45838    857.53686
     -4.86019    912.90341     53.52780    859.37562
     -4.85019    918.61789     53.66362    864.95426
     -4.84019    923.38006     53.80544    869.57462
     -4.83019    929.28516     54.35787    874.92729
     -4.82019    960.82207     57.17672    903.64535
     -4.81019   1008.05669     61.38476    946.67194
     -4.80019   1000.73238     60.31242    940.41997
     -4.79019    965.79150     56.32278    909.46872
     -4.78019    961.03951     54.97428    906.06523
     -4.77019    981.16792     55.39852    925.76940
     -4.76019   1172.27542     61.17190   1111.10352
     -4.75019   2215.14539     92.81052   2122.33487
     -4.74019   4243.96053    154.15097   4089.80956
     -4.73019   5140.92215    181.76153   4959.16061
     -4.72019   4459.00458    162.72320   4296.28138
     -4.71019   3752.71142    142.27705   3610.43437
     -4.70019   3517.33799    134.40534   3382.93265
     -4.69019   3437.35189    131.06987   3306.28202
     -4.68019   3026.25246    120.52848   2905.72398
     -4.67019   2508.55769    108.10500   2400.45270
     -4.66019   2246.52592    101.90390   2144.62202
     -4.65019   2194.35366    100.57088   2093.78278
     -4.64019   2300.67469    102.27967   2198.39502
     -4.63019   2380.01333    102.92399   2277.08934
     -4.62019   2156.14202     98.39287   2057.74916
     -4.61019   1800.10692     92.30178   1707.80514
     -4.60019   1670.68048     89.96070   1580.71978
     -4.59019   1846.88261     93.07011   1753.81251
     -4.58019   2107.93065     98.47656   2009.45410
     -4.57019   2014.62517     96.91530   1917.70987
     -4.56019   1663.65698     89.85518   1573.80181
     -4.55019   1558.38001     87.59579   1470.78422
     -4.54019   1656.86728     89.28828   1567.57900
     -4.53019   1729.95907     90.54844   1639.41064
     -4.52019   1655.82938     88.85597   1566.97341
     -4.51019   1618.03737     88.10584   1529.93154
     -4.50019   1607.61315     87.54375   1520.06940
     -4.49019   1605.78524     87.14744   1518.63780
     -4.48019   1647.83011     88.43364   1559.39647
     -4.47019   1654.82860     88.99688   1565.83172
     -4.46019   1601.32572     87.51628   1513.80944
     -4.45019   1474.98392     84.51347   1390.47045
     -4.44019   1372.36583     82.39890   1289.96693
     -4.43019   1513.60499     85.25846   1428.34653
     -4.42019   1785.17388     90.83088   1694.34300
     -4.41019   1751.84611     90.62005   1661.22606
     -4.40019   1531.04839     86.58710   1444.46129
     -4.39019   1443.77595     84.86383   1358.91212
     -4.38019   1440.81393     84.70410   1356.10983
     -4.37019   1452.02936     84.81894   1367.21042
     -4.36019   1455.83133     84.77567   1371.05565
     -4.35019   1446.03151     84.44424   1361.58727
     -4.34019   1444.88005     84.14033   1360.73972
     -4.33019   1589.53426     86.06153   1503.47273
     -4.32019   2055.90004     93.37362   1962.52641
     -4.31019   2535.88767    102.14820   2433.73947
     -4.30019   2475.30438    102.32237   2372.98201
     -4.29019   2049.35029     94.91089   1954.43941
     -4.28019   1780.51876     89.78799   1690.73077
     -4.27019   1825.39614     90.99076   1734.40538
     -4.26019   1997.43069     94.83323   1902.59747
     -4.25019   1937.55374     93.67936   1843.87438
     -4.24019   1817.65786     91.70390   1725.95396
     -4.23019   1815.55299     92.11549   1723.43749
     -4.22019   1860.14774     93.08971   1767.05803
     -4.21019   1834.87420     92.83905   1742.03515
     -4.20019   1776.96858     91.92620   1685.04238
     -4.19019   1862.91641     93.90307   1769.01334
     -4.18019   1873.03424     94.48116   1778.55308
     -4.17019   1810.86659     93.54317   1717.32342
     -4.16019   1828.98889     94.07815   1734.91074
     -4.15019   1871.48424     95.08174   1776.40250
     -4.14019   1904.24527     96.00138   1808.24389
     -4.13019   2006.22626     98.42963   1907.79662
     -4.12019   2147.31996    101.52724   2045.79272
     -4.11019   2203.14169    102.89930   2100.24240
     -4.10019   1789.96260     94.36639   1695.59621
     -4.09019   1237.24475     82.96658   1154.27816
     -4.08019   1022.34838     78.78075    943.56763
     -4.07019    992.41519     78.50004    913.91515
     -4.06019    993.64246     78.87188    914.77058
     -4.05019    998.87545     79.33941    919.53603
     -4.04019   1003.08535     79.80495    923.28040
     -4.03019   1007.62764     80.29239    927.33525
     -4.02019   1026.71325     81.06371    945.64954
     -4.01019   1175.02174     84.25352   1090.76821
     -4.00019   1694.07902     94.38672   1599.69230
     -3.99019   2293.28674    106.09242   2187.19432
     -3.98019   2354.10085    107.82596   2246.27489
     -3.97019   2134.55367    104.33554   2030.21813
     -3.96019   1988.75655    102.19532   1886.56123
     -3.95019   1918.12202    101.45846   1816.66356
     -3.94019   1877.42976    101.28389   1776.14586
     -3.93019   1850.27881    101.37869   1748.90013
     -3.92019   1840.89382    101.82830   1739.06552
     -3.91019   1831.56978    102.30375   1729.26603
     -3.90019   1825.96271    102.87252   1723.09019
     -3.89019   1821.26842    103.49373   1717.77470
     -3.88019   1821.00227    104.22001   1716.78227
     -3.87019   1822.64954    105.02731   1717.62223
     -3.86019   1824.81452    105.88296   1718.93156
     -3.85019   1830.31410    106.84181   1723.47230
     -3.84019   1834.39217    107.82162   1726.57056
     -3.83019   1841.68681    108.91583   1732.77097
     -3.82019   1849.31778    110.07987   1739.23791
     -3.81019   1858.52337    111.32976   1747.19361
     -3.80019   1869.65837    112.68812   1756.97025
     -3.79019   1879.71572    114.08777   1765.62795
     -3.78019   1895.87592    115.69700   1780.17891
     -3.77019   1906.52174    117.28690   1789.23483
     -3.76019   1922.84976    119.09993   1803.74982
     -3.75019   1937.99900    121.00980   1816.98920
     -3.74019   1956.83585    123.11754   1833.71831
     -3.73019   1977.18492    125.40172   1851.78320
     -3.72019   1998.26526    127.86867   1870.39659
     -3.71019   2022.03764    130.59469   1891.44295
     -3.70019   2048.27457    133.58263   1914.69194
     -3.69019   2078.07258    136.93054   1941.14204
     -3.68019   2111.47817    140.66040   1970.81777
     -3.67019   2146.22044    144.81599   2001.40445
     -3.66019   2189.59252    149.58767   2040.00484
     -3.65019   2237.40784    155.06957   2082.33827
     -3.64019   2291.33390    161.41232   2129.92158
     -3.63019   2355.19040    168.95411   2186.23629
     -3.62019   2430.19296    178.03651   2252.15645
     -3.61019   2526.53728    189.49328   2337.04400
     -3.60019   2643.20592    204.30493   2438.90099
     -3.59019   2812.15246    225.19249   2586.95997
     -3.58019   3067.80816    258.52740   2809.28076
     -3.57019   3539.33056    320.33738   3218.99318
     -3.56019   4096.77767    394.51008   3702.26760
     -3.55019   3804.02643    351.61121   3452.41522
     -3.54019   2558.95736    178.85364   2380.10372
     -3.53019   1791.02352     70.11195   1720.91156
     -3.52019   1660.24089     48.20547   1612.03542
     -3.51019   1693.01232     47.92391   1645.08840
     -3.50019   1743.99095     49.61160   1694.37935
     -3.49019   1813.53075     51.88249   1761.64826
     -3.48019   1896.89430     54.69235   1842.20195
     -3.47019   2010.85644     58.51609   1952.34035
     -3.46019   2170.17570     64.01407   2106.16163
     -3.45019   2448.02754     73.63202   2374.39552
     -3.44019   2933.07832     90.67770   2842.40062
     -3.43019   3278.92017    102.53215   3176.38802
     -3.42019   2605.04532     77.83489   2527.21044
     -3.41019   1529.76627     38.79732   1490.96895
     -3.40019   1101.10722     23.10259   1078.00463
     -3.39019   1070.45573     21.72324   1048.73249
     -3.38019   1150.15674     23.89698   1126.25976
     -3.37019   1418.82672     31.59317   1387.23355
     -3.36019   1891.02352     46.01104   1845.01248
     -3.35019   2118.27814     52.76843   2065.50971
     -3.34019   1653.36307     39.33722   1614.02585
     -3.33019   1175.88069     26.06867   1149.81203
     -3.32019    856.94847     18.02736    838.92110
     -3.31019    583.94149     11.57632    572.36517
     -3.30019    414.07732      7.75640    406.32093
     -3.29019    294.04557      5.17389    288.87168
     -3.28019    243.76666      4.10003    239.66663
     -3.27019    235.55825      3.92597    231.63228
     -3.26019    234.95333      3.91365    231.03968
     -3.25019    234.90351      3.91211    230.99139
     -3.24019    236.26262      3.91996    232.34266
     -3.23019    251.88713      4.05065    247.83648
     -3.22019    296.10759      4.42032    291.68727
     -3.21019    324.17677      4.63091    319.54586
     -3.20019    329.29882      4.58246    324.71636
     -3.19019    363.87279      4.73231    359.14048
     -3.18019    394.96365      4.87829    390.08536
     -3.17019    411.94654      4.93766    407.00888
     -3.16019    422.89574      4.96949    417.92626
     -3.15019    429.79220      4.98455    424.80765
     -3.14019    434.00511      4.98892    429.01619
     -3.13019    437.05771      4.99457    432.06314
     -3.12019    438.93871      4.99493    433.94378
     -3.11019    439.98705      4.99042    434.99663
     -3.10019    441.05639      4.99001    436.06638
     -3.09019    441.92499      4.98926    436.93574
     -3.08019    442.77962      4.98724    437.79238
     -3.07019    443.31375      4.98482    438.32893
     -3.06019    443.06140      4.97795    438.08345
     -3.05019    443.36324      4.97790    438.38534
     -3.04019    443.91338      4.98093    438.93245
     -3.03019    443.98365      4.97879    439.00486
     -3.02019    444.13105      4.97728    439.15377
     -3.01019    444.40211      4.97699    439.42511
     -3.00019    444.70526      4.97762    439.72764
     -2.99019    445.40195      4.98068    440.42126
     -2.98019    445.70818      4.98227    440.72591
     -2.97019    444.73227      4.97555    439.75673
     -2.96019    444.46377      4.97149    439.49229
     -2.95019    445.27930      4.98045    440.29885
     -2.94019    446.03358      4.99047    441.04312
     -2.93019    446.35151      4.99451    441.35700
     -2.92019    446.48310      4.99601    441.48709
     -2.91019    446.83504      5.00124    441.83381
     -2.90019    447.26548      5.00915    442.25633
     -2.89019    448.32602      5.02168    443.30434
     -2.88019    450.26825      5.03906    445.22919
     -2.87019    456.34906      5.11779    451.23127
     -2.86019    530.41502      6.08031    524.33471
     -2.85019    897.12323     10.82964    886.29360
     -2.84019   1499.73586     18.71760   1481.01827
     -2.83019   1659.38113     21.03140   1638.34972
     -2.82019   1420.06288     18.15185   1401.91103
     -2.81019   1222.75457     15.84396   1206.91062
     -2.80019   1098.53977     14.47191   1084.06786
     -2.79019   1020.28893     13.50038   1006.78855
     -2.78019    992.37168     13.11496    979.25673
     -2.77019    959.75416     12.77011    946.98406
     -2.76019    936.31880     12.51535    923.80345
     -2.75019    915.14871     12.28655    902.86216
     -2.74019    904.23020     12.18568    892.04452
     -2.73019    888.87709     12.03856    876.83852
     -2.72019    875.23700     11.91108    863.32592
     -2.71019    877.87550     11.98430    865.89120
     -2.70019    845.64452     11.66588    833.97864
     -2.69019    914.91538     13.08826    901.82711
     -2.68019    955.80035     15.17859    940.62176
     -2.67019    987.01002     16.15896    970.85106
     -2.66019    954.95378     14.40411    940.54967
     -2.65019    817.13578     11.73286    805.40292
     -2.64019    875.40932     12.94757    862.46175
     -2.63019   1414.71960     29.04603   1385.67357
     -2.62019   3522.72239     97.27466   3425.44773
     -2.61019   6831.80691    200.57610   6631.23081
     -2.60019   7592.39985    222.04851   7370.35134
     -2.59019   6034.02861    173.91012   5860.11849
     -2.58019   4804.07311    135.16130   4668.91182
     -2.57019   4256.89118    115.19601   4141.69517
     -2.56019   3831.46448    101.86137   3729.60311
     -2.55019   3444.27946     91.64975   3352.62971
     -2.54019   3452.14063     90.23288   3361.90775
     -2.53019   3903.43739    100.92774   3802.50965
     -2.52019   4283.00139    112.98638   4170.01501
     -2.51019   4218.12406    112.21370   4105.91036
     -2.50019   3698.92982     94.49372   3604.43610
     -2.49019   2786.07027     65.16932   2720.90095
     -2.48019   1634.71878     34.48843   1600.23036
     -2.47019    758.89116     13.25781    745.63336
     -2.46019    526.20054      6.72509    519.47545
     -2.45019    623.68015      7.41109    616.26906
     -2.44019    634.93304      7.81976    627.11329
     -2.43019    505.13001      6.33089    498.79911
     -2.42019    444.51332      5.34319    439.17014
     -2.41019    525.30010      6.07345    519.22665
     -2.40019    648.99633      7.68699    641.30933
     -2.39019    627.11998      7.84354    619.27644
     -2.38019    679.54388     10.00213    669.54176
     -2.37019   1750.75371     32.07050   1718.68321
     -2.36019   4224.83617     82.08020   4142.75596
     -2.35019   5607.27486    109.80308   5497.47178
     -2.34019   4877.84020     95.32131   4782.51889
     -2.33019   3964.65059     77.51263   3887.13796
     -2.32019   3557.19519     69.21754   3487.97765
     -2.31019   3605.95040     69.21467   3536.73573
     -2.30019   3896.70921     73.41151   3823.29770
     -2.29019   4019.10397     74.58213   3944.52184
     -2.28019   4249.14211     78.84405   4170.29806
     -2.27019   5133.38022     95.85072   5037.52950
     -2.26019   6085.81302    113.48400   5972.32902
     -2.25019   5311.22404     97.84716   5213.37688
     -2.24019   2964.22850     52.16398   2912.06452
     -2.23019   1443.77723     22.29787   1421.47936
     -2.22019    960.62577     12.68998    947.93579
     -2.21019    880.77566     11.37648    869.39918
     -2.20019    965.99803     13.18512    952.81291
     -2.19019   1004.58319     13.93591    990.64728
     -2.18019    879.31875     11.78779    867.53095
     -2.17019    787.84475     10.04537    777.79937
     -2.16019    712.86601      8.60619    704.25981
     -2.15019    610.59121      6.80730    603.78391
     -2.14019    589.63451      6.28233    583.35218
     -2.13019    623.95501      6.79059    617.16442
     -2.12019    633.13110      7.19982    625.93128
     -2.11019    603.52615      7.11675    596.40941
     -2.10019    565.35265      6.77300    558.57965
     -2.09019    539.67810      6.44562    533.23248
     -2.08019    534.56208      6.28964    528.27244
     -2.07019    567.69751      6.53404    561.16347
     -2.06019    632.89304      7.12564    625.76740
     -2.05019    683.07982      7.55659    675.52323
     -2.04019    716.98084      7.82325    709.15759
     -2.03019    740.44199      8.00009    732.44189
     -2.02019    755.25049      8.10844    747.14205
     -2.01019    766.14143      8.19654    757.94489
     -2.00019    774.54672      8.27858    766.26814
     -1.99019    781.01433      8.35766    772.65667
     -1.98019    786.07362      8.43392    777.63970
     -1.97019    789.60013      8.50027    781.09986
     -1.96019    791.00905      8.54337    782.46569
     -1.95019    789.41399      8.54251    780.87148
     -1.94019    784.02833      8.47637    775.55196
     -1.93019    774.58831      8.33049    766.25782
     -1.92019    761.78193      8.10189    753.68004
     -1.91019    747.02082      7.80187    739.21895
     -1.90019    732.72741      7.46118    725.26623
     -1.89019    723.93170      7.14419    716.78752
     -1.88019    732.31750      6.98770    725.32981
     -1.87019    796.62025      7.45381    789.16645
     -1.86019    962.31802      9.30063    953.01739
     -1.85019   1066.57358     11.08114   1055.49244
     -1.84019    900.74606      9.91653    890.82953
     -1.83019    686.79512      7.53729    679.25783
     -1.82019    608.81643      6.26476    602.55166
     -1.81019    678.87168      6.58378    672.28790
     -1.80019    926.66785      8.92127    917.74657
     -1.79019   1066.70526     10.35836   1056.34690
     -1.78019    837.91444      8.26921    829.64523
     -1.77019    691.30259      6.96786    684.33473
     -1.76019    841.34484      8.29618    833.04866
     -1.75019    944.75758      8.86136    935.89622
     -1.74019    877.14491      8.24503    868.89988
     -1.73019    840.68378      8.11155    832.57222
     -1.72019    897.97636      8.33097    889.64539
     -1.71019    934.04026      8.60110    925.43916
     -1.70019    896.69436      8.29231    888.40205
     -1.69019    911.49524      8.14766    903.34758
     -1.68019    952.49942      8.39042    944.10900
     -1.67019    982.52824      8.61056    973.91769
     -1.66019   1004.63830      8.83383    995.80447
     -1.65019   1075.36044      9.42616   1065.93429
     -1.64019   1094.65129      9.69510   1084.95619
     -1.63019   1086.66347     10.10520   1076.55826
     -1.62019   1249.28926     11.54853   1237.74072
     -1.61019   1515.67468     13.46552   1502.20916
     -1.60019   1573.83862     13.54933   1560.28929
     -1.59019   1451.25254     11.79843   1439.45410
     -1.58019   1565.79743     11.24222   1554.55521
     -1.57019   1734.79870     11.31392   1723.48478
     -1.56019   1429.23883     10.06407   1419.17476
     -1.55019    838.37138      8.17363    830.19775
     -1.54019    539.71139      7.27577    532.43561
     -1.53019    485.54399      7.11534    478.42865
     -1.52019    481.36746      7.09670    474.27077
     -1.51019    481.01793      7.09284    473.92509
     -1.50019    481.24427      7.09673    474.14753
     -1.49019    481.15603      7.09529    474.06074
     -1.48019    480.89395      7.09126    473.80268
     -1.47019    480.74784      7.08904    473.65880
     -1.46019    480.77050      7.08913    473.68137
     -1.45019    480.85144      7.09014    473.76130
     -1.44019    480.64987      7.08627    473.56360
     -1.43019    480.40618      7.08143    473.32475
     -1.42019    480.54044      7.08321    473.45723
     -1.41019    480.51337      7.08341    473.42996
     -1.40019    480.31904      7.08082    473.23822
     -1.39019    480.53027      7.08278    473.44749
     -1.38019    480.68912      7.08427    473.60485
     -1.37019    480.43676      7.07947    473.35730
     -1.36019    480.42776      7.07870    473.34905
     -1.35019    480.88471      7.08615    473.79856
     -1.34019    481.06302      7.08872    473.97430
     -1.33019    481.06518      7.08820    473.97698
     -1.32019    481.16370      7.08924    474.07446
     -1.31019    481.37605      7.09232    474.28373
     -1.30019    481.64799      7.09639    474.55160
     -1.29019    481.77587      7.09771    474.67816
     -1.28019    481.71529      7.09618    474.61911
     -1.27019    481.96264      7.10013    474.86252
     -1.26019    482.30941      7.10564    475.20377
     -1.25019    482.53191      7.10918    475.42273
     -1.24019    482.78378      7.11308    475.67070
     -1.23019    483.13538      7.11839    476.01700
     -1.22019    483.29544      7.12025    476.17519
     -1.21019    483.45151      7.12268    476.32883
     -1.20019    483.88871      7.13123    476.75748
     -1.19019    484.30646      7.13853    477.16793
     -1.18019    484.72170      7.14468    477.57702
     -1.17019    485.05459      7.15025    477.90433
     -1.16019    485.48130      7.15771    478.32359
     -1.15019    486.01104      7.16679    478.84425
     -1.14019    486.37939      7.17311    479.20628
     -1.13019    486.60515      7.17715    479.42799
     -1.12019    487.07319      7.18570    479.88749
     -1.11019    487.67518      7.19624    480.47894
     -1.10019    488.20749      7.20563    481.00186
     -1.09019    488.75211      7.21538    481.53672
     -1.08019    489.34264      7.22595    482.11669
     -1.07019    489.78220      7.23398    482.54822
     -1.06019    490.25483      7.24275    483.01208
     -1.05019    491.03716      7.25723    483.77993
     -1.04019    491.76440      7.27066    484.49374
     -1.03019    492.39946      7.28236    485.11710
     -1.02019    493.08372      7.29485    485.78887
     -1.01019    493.84738      7.30885    486.53854
     -1.00019    494.52483      7.32228    487.20254
     -0.99019    495.18791      7.33551    487.85240
     -0.98019    496.01599      7.35055    488.66544
     -0.97019    496.88433      7.36674    489.51759
     -0.96019    497.77168      7.38348    490.38820
     -0.95019    498.66092      7.40035    491.26057
     -0.94019    499.58799      7.41806    492.16993
     -0.93019    500.53538      7.43611    493.09927
     -0.92019    501.37879      7.45241    493.92638
     -0.91019    502.32417      7.47080    494.85337
     -0.90019    503.49665      7.49321    496.00344
     -0.89019    504.65314      7.51502    497.13811
     -0.88019    505.76409      7.53627    498.22782
     -0.87019    506.89789      7.55818    499.33971
     -0.86019    508.05329      7.58052    500.47277
     -0.85019    509.26063      7.60370    501.65692
     -0.84019    510.64102      7.63000    503.01102
     -0.83019    512.04634      7.65685    504.38949
     -0.82019    513.43029      7.68315    505.74714
     -0.81019    514.83841      7.71031    507.12810
     -0.80019    516.20177      7.73756    508.46420
     -0.79019    517.73372      7.76691    509.96681
     -0.78019    519.33990      7.79704    511.54286
     -0.77019    520.93161      7.82729    513.10431
     -0.76019    522.68353      7.86061    514.82292
     -0.75019    524.49660      7.89514    516.60146
     -0.74019    526.32351      7.92990    518.39362
     -0.73019    528.21339      7.96571    520.24768
     -0.72019    530.12271      8.00184    522.12086
     -0.71019    532.06192      8.03828    524.02364
     -0.70019    534.29009      8.07991    526.21018
     -0.69019    536.67167      8.12456    528.54711
     -0.68019    538.92782      8.16666    530.76116
     -0.67019    541.25565      8.20990    533.04575
     -0.66019    543.73809      8.25584    535.48225
     -0.65019    546.32940      8.30355    538.02585
     -0.64019    548.97093      8.35193    540.61899
     -0.63019    551.72105      8.40202    543.31903
     -0.62019    554.67445      8.45565    546.21881
     -0.61019    557.75589      8.51140    549.24449
     -0.60019    560.93581      8.56854    552.36727
     -0.59019    564.26075      8.62778    555.63297
     -0.58019    567.67697      8.68814    558.98883
     -0.57019    571.22858      8.75045    562.47814
     -0.56019    575.13648      8.81902    566.31745
     -0.55019    579.18374      8.88987    570.29387
     -0.54019    583.30346      8.96109    574.34238
     -0.53019    587.72696      9.03610    578.69085
     -0.52019    592.38624      9.11470    583.27153
     -0.51019    597.24886      9.19633    588.05253
     -0.50019    602.35370      9.28101    593.07269
     -0.49019    607.76010      9.37000    598.39010
     -0.48019    613.43102      9.46303    603.96799
     -0.47019    619.51258      9.56098    609.95160
     -0.46019    626.22478      9.66588    616.55890
     -0.45019    633.17061      9.77440    623.39621
     -0.44019    640.40315      9.88684    630.51631
     -0.43019    648.22777     10.00614    638.22163
     -0.42019    656.67444     10.13282    646.54162
     -0.41019    665.75563     10.26693    655.48870
     -0.40019    675.52394     10.40908    665.11487
     -0.39019    686.18251     10.56063    675.62188
     -0.38019    697.82638     10.72226    687.10412
     -0.37019    710.51140     10.89496    699.61644
     -0.36019    724.44212     11.08090    713.36122
     -0.35019    739.74089     11.28084    728.46005
     -0.34019    757.26345     11.50152    745.76193
     -0.33019    777.54440     11.74782    765.79657
     -0.32019    800.09157     12.01509    788.07648
     -0.31019    826.03772     12.31103    813.72670
     -0.30019    857.01327     12.65051    844.36276
     -0.29019    894.83876     13.04764    881.79111
     -0.28019    942.68036     13.52569    929.15468
     -0.27019   1006.30489     14.12764    992.17725
     -0.26019   1100.84915     14.96723   1085.88193
     -0.25019   1267.93054     16.35668   1251.57386
     -0.24019   1534.55242     18.49623   1516.05620
     -0.23019   1613.03284     19.23360   1593.79925
     -0.22019   1142.79513     15.88099   1126.91414
     -0.21019    628.96754     12.22712    616.74041
     -0.20019    466.82594     11.22683    455.59911
     -0.19019    456.13773     11.37815    444.75959
     -0.18019    465.40332     11.69775    453.70557
     -0.17019    476.43593     12.05130    464.38463
     -0.16019    488.62115     12.43885    476.18230
     -0.15019    502.20112     12.86749    489.33363
     -0.14019    517.19295     13.33843    503.85453
     -0.13019    533.87030     13.85968    520.01061
     -0.12019    553.14910     14.45620    538.69290
     -0.11019    575.32045     15.13703    560.18342
     -0.10019    600.71473     15.91269    584.80204
     -0.09019    630.42738     16.81428    613.61310
     -0.08019    666.09253     17.88818    648.20435
     -0.07019    709.58284     19.18834    690.39450
     -0.06019    764.53755     20.81864    743.71891
     -0.05019    838.45079     22.99119    815.45959
     -0.04019    944.21824     26.07340    918.14484
     -0.03019   1117.64963     31.08069   1086.56894
     -0.02019   1424.96404     39.88635   1385.07769
     -0.01019   1708.93371     48.04351   1660.89020
     -0.00019   1352.53290     38.09912   1314.43378
      0.00981    525.20444     14.80570    510.39874
      0.01981     86.44679      2.43769     84.00910
      0.02981      5.65716      0.15954      5.49762
      0.03981      0.14253      0.00402      0.13851
      0.04981      0.00033      0.00001      0.00032
      0.05981      0.00000      0.00000      0.00000
      0.06981      0.00000      0.00000      0.00000
      0.07981      0.00000      0.00000      0.00000
      0.08981      0.00000      0.00000      0.00000
      0.09981      0.00000      0.00000      0.00000
      0.10981      0.00000      0.00000      0.00000
      0.11981      0.00000      0.00000      0.00000
      0.12981      0.00000      0.00000      0.00000
      0.13981      0.00000      0.00000      0.00000
      0.14981      0.00000      0.00000      0.00000
      0.15981      0.00000      0.00000      0.00000
      0.16981      0.00000      0.00000      0.00000
      0.17981      0.00000      0.00000      0.00000
      0.18981      0.00000      0.00000      0.00000
      0.19981      0.00000      0.00000      0.00000
      0.20981      0.00000      0.00000      0.00000
      0.21981      0.00000      0.00000      0.00000
      0.22981      0.00000      0.00000      0.00000
      0.23981      0.00000      0.00000      0.00000
      0.24981      0.00000      0.00000      0.00000
      0.25981      0.00000      0.00000      0.00000
      0.26981      0.00000      0.00000      0.00000
      0.27981      0.00000      0.00000      0.00000
      0.28981      0.00000      0.00000      0.00000
      0.29981      0.00000      0.00000      0.00000
      0.30981      0.00000      0.00000      0.00000
      0.31981      0.00000      0.00000      0.00000
      0.32981      0.00000      0.00000      0.00000
      0.33981      0.00000      0.00000      0.00000
      0.34981      0.00000      0.00000      0.00000
      0.35981      0.00000      0.00000      0.00000
      0.36981      0.00000      0.00000      0.00000
      0.37981      0.00000      0.00000      0.00000
      0.38981      0.00000      0.00000      0.00000
      0.39981      0.00000      0.00000      0.00000
      0.40981      0.00000      0.00000      0.00000
      0.41981      0.00000      0.00000      0.00000
      0.42981      0.00000      0.00000      0.00000
      0.43981      0.00000      0.00000      0.00000
      0.44981      0.00000      0.00000      0.00000
      0.45981      0.00000      0.00000      0.00000
      0.46981      0.00000      0.00000      0.00000
      0.47981      0.00000      0.00000      0.00000
      0.48981      0.00000      0.00000      0.00000
      0.49981      0.00000      0.00000      0.00000
      0.50981      0.00000      0.00000      0.00000
      0.51981      0.00000      0.00000      0.00000
      0.52981      0.00000      0.00000      0.00000
      0.53981      0.00000      0.00000      0.00000
      0.54981      0.00000      0.00000      0.00000
      0.55981      0.00000      0.00000      0.00000
      0.56981      0.00000      0.00000      0.00000
      0.57981      0.00000      0.00000      0.00000
      0.58981      0.00000      0.00000      0.00000
      0.59981      0.00000      0.00000      0.00000
      0.60981      0.00000      0.00000      0.00000
      0.61981      0.00000      0.00000      0.00000
      0.62981      0.00000      0.00000      0.00000
      0.63981      0.00000      0.00000      0.00000
      0.64981      0.00000      0.00000      0.00000
      0.65981      0.00000      0.00000      0.00000
      0.66981      0.00000      0.00000      0.00000
      0.67981      0.00000      0.00000      0.00000
      0.68981      0.00000      0.00000      0.00000
      0.69981      0.00000      0.00000      0.00000
      0.70981      0.00000      0.00000      0.00000
      0.71981      0.00000      0.00000      0.00000
      0.72981      0.00000      0.00000      0.00000
      0.73981      0.00000      0.00000      0.00000
      0.74981      0.00000      0.00000      0.00000
      0.75981      0.00000      0.00000      0.00000
      0.76981      0.00000      0.00000      0.00000
      0.77981      0.00000      0.00000      0.00000
      0.78981      0.00000      0.00000      0.00000
      0.79981      0.00000      0.00000      0.00000
      0.80981      0.00000      0.00000      0.00000
      0.81981      0.00000      0.00000      0.00000
      0.82981      0.00000      0.00000      0.00000
      0.83981      0.00000      0.00000      0.00000
      0.84981      0.00000      0.00000      0.00000
      0.85981      0.00000      0.00000      0.00000
      0.86981      0.00000      0.00000      0.00000
      0.87981      0.00000      0.00000      0.00000
      0.88981      0.00000      0.00000      0.00000
      0.89981      0.00000      0.00000      0.00000
      0.90981      0.00000      0.00000      0.00000
      0.91981      0.00000      0.00000      0.00000
      0.92981      0.00000      0.00000      0.00000
      0.93981      0.00000      0.00000      0.00000
      0.94981      0.00000      0.00000      0.00000
      0.95981      0.00000      0.00000      0.00000
      0.96981      0.00000      0.00000      0.00000
      0.97981      0.00000      0.00000      0.00000
      0.98981      0.00000      0.00000      0.00000
      0.99981      0.00000      0.00000      0.00000
      1.00981      0.00000      0.00000      0.00000
      1.01981      0.00000      0.00000      0.00000
      1.02981      0.00000      0.00000      0.00000
      1.03981      0.00000      0.00000      0.00000
      1.04981      0.00000      0.00000      0.00000
      1.05981      0.00000      0.00000      0.00000
      1.06981      0.00000      0.00000      0.00000
      1.07981      0.00000      0.00000      0.00000
      1.08981      0.00000      0.00000      0.00000
      1.09981      0.00000      0.00000      0.00000
      1.10981      0.00000      0.00000      0.00000
      1.11981      0.00000      0.00000      0.00000
      1.12981      0.00000      0.00000      0.00000
      1.13981      0.00000      0.00000      0.00000
      1.14981      0.00000      0.00000      0.00000
      1.15981      0.00000      0.00000      0.00000
      1.16981      0.00000      0.00000      0.00000
      1.17981      0.00000      0.00000      0.00000
      1.18981      0.00000      0.00000      0.00000
      1.19981      0.00000      0.00000      0.00000
      1.20981      0.00000      0.00000      0.00000
      1.21981      0.00000      0.00000      0.00000
      1.22981      0.00000      0.00000      0.00000
      1.23981      0.00000      0.00000      0.00000
      1.24981      0.00000      0.00000      0.00000
      1.25981      0.00000      0.00000      0.00000
      1.26981      0.00000      0.00000      0.00000
      1.27981      0.00000      0.00000      0.00000
      1.28981      0.00000      0.00000      0.00000
      1.29981      0.00000      0.00000      0.00000
      1.30981      0.00000      0.00000      0.00000
      1.31981      0.00000      0.00000      0.00000
      1.32981      0.00000      0.00000      0.00000
      1.33981      0.00000      0.00000      0.00000
      1.34981      0.00000      0.00000      0.00000
      1.35981      0.00000      0.00000      0.00000
      1.36981      0.00000      0.00000      0.00000
      1.37981      0.00000      0.00000      0.00000
      1.38981      0.00000      0.00000      0.00000
      1.39981      0.00000      0.00000      0.00000
      1.40981      0.00000      0.00000      0.00000
      1.41981      0.00000      0.00000      0.00000
      1.42981      0.00000      0.00000      0.00000
      1.43981      0.00000      0.00000      0.00000
      1.44981      0.00000      0.00000      0.00000
      1.45981      0.00000      0.00000      0.00000
      1.46981      0.00000      0.00000      0.00000
      1.47981      0.00000      0.00000      0.00000
      1.48981      0.00000      0.00000      0.00000
      1.49981      0.00000      0.00000      0.00000
      1.50981      0.00000      0.00000      0.00000
      1.51981      0.00000      0.00000      0.00000
      1.52981      0.00000      0.00000      0.00000
      1.53981      0.00000      0.00000      0.00000
      1.54981      0.00000      0.00000      0.00000
      1.55981      0.00000      0.00000      0.00000
      1.56981      0.00000      0.00000      0.00000
      1.57981      0.00000      0.00000      0.00000
      1.58981      0.00000      0.00000      0.00000
      1.59981      0.00000      0.00000      0.00000
      1.60981      0.00000      0.00000      0.00000
      1.61981      0.00000      0.00000      0.00000
      1.62981      0.00000      0.00000      0.00000
      1.63981      0.00000      0.00000      0.00000
      1.64981      0.00000      0.00000      0.00000
      1.65981      0.00000      0.00000      0.00000
      1.66981      0.00000      0.00000      0.00000
      1.67981      0.00000      0.00000      0.00000
      1.68981      0.00000      0.00000      0.00000
      1.69981      0.00000      0.00000      0.00000
      1.70981      0.00000      0.00000      0.00000
      1.71981      0.00000      0.00000      0.00000
      1.72981      0.00000      0.00000      0.00000
      1.73981      0.00000      0.00000      0.00000
      1.74981      0.00000      0.00000      0.00000
      1.75981      0.00000      0.00000      0.00000
      1.76981      0.00000      0.00000      0.00000
      1.77981      0.00000      0.00000      0.00000
      1.78981      0.00000      0.00000      0.00000
      1.79981      0.00000      0.00000      0.00000
      1.80981      0.00000      0.00000      0.00000
      1.81981      0.00000      0.00000      0.00000
      1.82981      0.00000      0.00000      0.00000
      1.83981      0.00000      0.00000      0.00000
      1.84981      0.00000      0.00000      0.00000
      1.85981      0.00000      0.00000      0.00000
      1.86981      0.00000      0.00000      0.00000
      1.87981      0.00000      0.00000      0.00000
      1.88981      0.00000      0.00000      0.00000
      1.89981      0.00000      0.00000      0.00000
      1.90981      0.00000      0.00000      0.00000
      1.91981      0.00000      0.00000      0.00000
      1.92981      0.00000      0.00000      0.00000
      1.93981      0.00000      0.00000      0.00000
      1.94981      0.00000      0.00000      0.00000
      1.95981      0.00000      0.00000      0.00000
      1.96981      0.00000      0.00000      0.00000
      1.97981      0.00000      0.00000      0.00000
      1.98981      0.00000      0.00000      0.00000
      1.99981      0.00000      0.00000      0.00000
      2.00981      0.00000      0.00000      0.00000
      2.01981      0.00000      0.00000      0.00000
      2.02981      0.00000      0.00000      0.00000
      2.03981      0.00000      0.00000      0.00000
      2.04981      0.00000      0.00000      0.00000
      2.05981      0.00000      0.00000      0.00000
      2.06981      0.00000      0.00000      0.00000
      2.07981      0.00000      0.00000      0.00000
      2.08981      0.00000      0.00000      0.00000
      2.09981      0.00000      0.00000      0.00000
      2.10981      0.00000      0.00000      0.00000
      2.11981      0.00000      0.00000      0.00000
      2.12981      0.00000      0.00000      0.00000
      2.13981      0.00000      0.00000      0.00000
      2.14981      0.00000      0.00000      0.00000
      2.15981      0.00000      0.00000      0.00000
      2.16981      0.00000      0.00000      0.00000
      2.17981      0.00000      0.00000      0.00000
      2.18981      0.00000      0.00000      0.00000
      2.19981      0.00000      0.00000      0.00000
      2.20981      0.00000      0.00000      0.00000
      2.21981      0.00000      0.00000      0.00000
      2.22981      0.00000      0.00000      0.00000
      2.23981      0.00000      0.00000      0.00000
      2.24981      0.00000      0.00000      0.00000
      2.25981      0.00000      0.00000      0.00000
      2.26981      0.00000      0.00000      0.00000
      2.27981      0.00000      0.00000      0.00000
      2.28981      0.00000      0.00000      0.00000
      2.29981      0.00000      0.00000      0.00000
      2.30981      0.00000      0.00000      0.00000
      2.31981      0.00000      0.00000      0.00000
      2.32981      0.00000      0.00000      0.00000
      2.33981      0.00000      0.00000      0.00000
      2.34981      0.00000      0.00000      0.00000
      2.35981      0.00000      0.00000      0.00000
      2.36981      0.00000      0.00000      0.00000
      2.37981      0.00000      0.00000      0.00000
      2.38981      0.00000      0.00000      0.00000
      2.39981      0.00000      0.00000      0.00000
      2.40981      0.00000      0.00000      0.00000
      2.41981      0.00000      0.00000      0.00000
      2.42981      0.00000      0.00000      0.00000
      2.43981      0.00000      0.00000      0.00000
      2.44981      0.00000      0.00000      0.00000
      2.45981      0.00000      0.00000      0.00000
      2.46981      0.00000      0.00000      0.00000
      2.47981      0.00000      0.00000      0.00000
      2.48981      0.00000      0.00000      0.00000
      2.49981      0.00000      0.00000      0.00000
      2.50981      0.00000      0.00000      0.00000
      2.51981      0.00000      0.00000      0.00000
      2.52981      0.00000      0.00000      0.00000
      2.53981      0.00000      0.00000      0.00000
      2.54981      0.00000      0.00000      0.00000
      2.55981      0.00000      0.00000      0.00000
      2.56981      0.00000      0.00000      0.00000
      2.57981      0.00000      0.00000      0.00000
      2.58981      0.00000      0.00000      0.00000
      2.59981      0.00000      0.00000      0.00000
      2.60981      0.00000      0.00000      0.00000
      2.61981      0.00000      0.00000      0.00000
      2.62981      0.00000      0.00000      0.00000
      2.63981      0.00000      0.00000      0.00000
      2.64981      0.00000      0.00000      0.00000
      2.65981      0.00000      0.00000      0.00000
      2.66981      0.00000      0.00000      0.00000
      2.67981      0.00000      0.00000      0.00000
      2.68981      0.00000      0.00000      0.00000
      2.69981      0.00000      0.00000      0.00000
      2.70981      0.00000      0.00000      0.00000
      2.71981      0.00000      0.00000      0.00000
      2.72981      0.00000      0.00000      0.00000
      2.73981      0.00000      0.00000      0.00000
      2.74981      0.00000      0.00000      0.00000
      2.75981      0.00000      0.00000      0.00000
      2.76981      0.00000      0.00000      0.00000
      2.77981      0.00000      0.00000      0.00000
      2.78981      0.00000      0.00000      0.00000
      2.79981      0.00000      0.00000      0.00000
      2.80981      0.00000      0.00000      0.00000
      2.81981      0.00000      0.00000      0.00000
      2.82981      0.00000      0.00000      0.00000
      2.83981      0.00000      0.00000      0.00000
      2.84981      0.00000      0.00000      0.00000
      2.85981      0.00000      0.00000      0.00000
      2.86981      0.00000      0.00000      0.00000
      2.87981      0.00000      0.00000      0.00000
      2.88981      0.00000      0.00000      0.00000
      2.89981      0.00000      0.00000      0.00000
      2.90981      0.00000      0.00000      0.00000
      2.91981      0.00000      0.00000      0.00000
      2.92981      0.00000      0.00000      0.00000
      2.93981      0.00000      0.00000      0.00000
      2.94981      0.00000      0.00000      0.00000
      2.95981      0.00000      0.00000      0.00000
      2.96981      0.00000      0.00000      0.00000
      2.97981      0.00000      0.00000      0.00000
      2.98981      0.00000      0.00000      0.00000
      2.99981      0.00000      0.00000      0.00000
      3.00981      0.00000      0.00000      0.00000
      3.01981      0.00000      0.00000      0.00000
      3.02981      0.00000      0.00000      0.00000
      3.03981      0.00000      0.00000      0.00000
      3.04981      0.00000      0.00000      0.00000
      3.05981      0.00000      0.00000      0.00000
      3.06981      0.00000      0.00000      0.00000
      3.07981      0.00000      0.00000      0.00000
      3.08981      0.00000      0.00000      0.00000
      3.09981      0.00000      0.00000      0.00000
      3.10981      0.00000      0.00000      0.00000
      3.11981      0.00000      0.00000      0.00000
      3.12981      0.00000      0.00000      0.00000
      3.13981      0.00000      0.00000      0.00000
      3.14981      0.00000      0.00000      0.00000
      3.15981      0.00000      0.00000      0.00000
      3.16981      0.00000      0.00000      0.00000
      3.17981      0.00000      0.00000      0.00000
      3.18981      0.00000      0.00000      0.00000
      3.19981      0.00000      0.00000      0.00000
      3.20981      0.00000      0.00000      0.00000
      3.21981      0.00000      0.00000      0.00000
      3.22981      0.00000      0.00000      0.00000
      3.23981      0.00000      0.00000      0.00000
      3.24981      0.00000      0.00000      0.00000
      3.25981      0.00000      0.00000      0.00000
      3.26981      0.00000      0.00000      0.00000
      3.27981      0.00000      0.00000      0.00000
      3.28981      0.00000      0.00000      0.00000
      3.29981      0.00000      0.00000      0.00000
      3.30981      0.00000      0.00000      0.00000
      3.31981      0.00000      0.00000      0.00000
      3.32981      0.00000      0.00000      0.00000
      3.33981      0.00000      0.00000      0.00000
      3.34981      0.00000      0.00000      0.00000
      3.35981      0.00000      0.00000      0.00000
      3.36981      0.00000      0.00000      0.00000
      3.37981      0.00000      0.00000      0.00000
      3.38981      0.00000      0.00000      0.00000
      3.39981      0.00000      0.00000      0.00000
      3.40981      0.00000      0.00000      0.00000
      3.41981      0.00000      0.00000      0.00000
      3.42981      0.00000      0.00000      0.00000
      3.43981      0.00000      0.00000      0.00000
      3.44981      0.00000      0.00000      0.00000
      3.45981      0.00000      0.00000      0.00000
      3.46981      0.00000      0.00000      0.00000
      3.47981      0.00000      0.00000      0.00000
      3.48981      0.00000      0.00000      0.00000
      3.49981      0.00000      0.00000      0.00000
      3.50981      0.00000      0.00000      0.00000
      3.51981      0.00000      0.00000      0.00000
      3.52981      0.00000      0.00000      0.00000
      3.53981      0.00000      0.00000      0.00000
      3.54981      0.00000      0.00000      0.00000
      3.55981      0.00000      0.00000      0.00000
      3.56981      0.00000      0.00000      0.00000
      3.57981      0.00000      0.00000      0.00000
      3.58981      0.00000      0.00000      0.00000
      3.59981      0.00000      0.00000      0.00000
      3.60981      0.00000      0.00000      0.00000
      3.61981      0.00000      0.00000      0.00000
      3.62981      0.00000      0.00000      0.00000
      3.63981      0.00000      0.00000      0.00000
      3.64981      0.00000      0.00000      0.00000
      3.65981      0.00000      0.00000      0.00000
      3.66981      0.00000      0.00000      0.00000
      3.67981      0.00000      0.00000      0.00000
      3.68981      0.00000      0.00000      0.00000
      3.69981      0.00000      0.00000      0.00000
      3.70981      0.00000      0.00000      0.00000
      3.71981      0.00000      0.00000      0.00000
      3.72981      0.00000      0.00000      0.00000
      3.73981      0.00000      0.00000      0.00000
      3.74981      0.00000      0.00000      0.00000
      3.75981      0.00000      0.00000      0.00000
      3.76981      0.00000      0.00000      0.00000
      3.77981      0.00000      0.00000      0.00000
      3.78981      0.00000      0.00000      0.00000
      3.79981      0.00000      0.00000      0.00000
      3.80981      0.00000      0.00000      0.00000
      3.81981      0.00000      0.00000      0.00000
      3.82981      0.00000      0.00000      0.00000
      3.83981      0.00576      0.00006      0.00570
      3.84981      0.52841      0.00569      0.52272
      3.85981     16.10555      0.17373     15.93182
      3.86981    189.12100      2.04702    187.07398
      3.87981    887.33046      9.66507    877.66539
      3.88981   1801.65256     19.87997   1781.77259
      3.89981   1906.14620     21.61970   1884.52649
      3.90981   1488.69475     17.71013   1470.98463
      3.91981   1187.17304     14.92323   1172.24981
      3.92981   1025.47569     13.56053   1011.91516
      3.93981    922.02495     12.77488    909.25007
      3.94981    848.29694     12.28107    836.01587
      3.95981    792.81629     11.96489    780.85140
      3.96981    748.98796     11.75960    737.22836
      3.97981    713.31343     11.63025    701.68318
      3.98981    682.49182     11.53658    670.95524
      3.99981    656.08826     11.48119    644.60707
      4.00981    633.83548     11.46667    622.36881
      4.01981    615.13482     11.48913    603.64569
      4.02981    615.10032     11.82236    603.27796
      4.03981    754.61111     14.62299    739.98812
      4.04981   1242.37419     23.61495   1218.75923
      4.05981   1726.97571     32.55543   1694.42028
      4.06981   1671.16703     31.87857   1639.28846
      4.07981   1401.66344     27.38450   1374.27895
      4.08981   1226.98581     24.56184   1202.42397
      4.09981   1127.19297     23.06015   1104.13282
      4.10981   1060.05236     22.13056   1037.92181
      4.11981   1009.57512     21.49015    988.08496
      4.12981    969.53112     21.02902    948.50209
      4.13981    936.51726     20.68690    915.83036
      4.14981    908.68819     20.43221    888.25598
      4.15981    884.84652     20.24448    864.60203
      4.16981    863.51757     20.09673    843.42084
      4.17981    844.54817     19.98690    824.56127
      4.18981    828.02676     19.91825    808.10851
      4.19981    813.14937     19.87598    793.27339
      4.20981    799.55387     19.85347    779.70040
      4.21981    787.03985     19.84744    767.19241
      4.22981    775.58405     19.85817    755.72588
      4.23981    765.17681     19.88576    745.29105
      4.24981    755.55894     19.92587    735.63307
      4.25981    746.54772     19.97454    726.57318
      4.26981    738.06416     20.02938    718.03477
      4.27981    730.32199     20.09698    710.22500
      4.28981    723.08746     20.17286    702.91461
      4.29981    715.99210     20.24911    695.74299
      4.30981    709.51296     20.33649    689.17647
      4.31981    703.51179     20.43020    683.08159
      4.32981    697.69907     20.52436    677.17471
      4.33981    692.25738     20.62531    671.63208
      4.34981    687.19900     20.73312    666.46588
      4.35981    682.33566     20.84317    661.49249
      4.36981    677.53511     20.95162    656.58349
      4.37981    673.07745     21.06578    652.01167
      4.38981    668.93886     21.18532    647.75354
      4.39981    664.93697     21.30630    643.63066
      4.40981    661.23997     21.43527    639.80469
      4.41981    657.66301     21.56441    636.09860
      4.42981    654.02729     21.68693    632.34036
      4.43981    650.65075     21.82386    628.82689
      4.44981    647.93712     22.39902    625.53810
      4.45981    653.23560     30.31238    622.92322
      4.46981    701.25595     77.42466    623.83130
      4.47981    791.17634    162.87168    628.30467
      4.48981    874.99410    240.12303    634.87106
      4.49981   1494.11686    794.47161    699.64525
      4.50981   3224.83491   2345.09816    879.73675
      4.51981   4478.75061   3470.25823   1008.49239
      4.52981   4577.58094   3564.57441   1013.00653
      4.53981   5454.76348   4361.55177   1093.21170
      4.54981   6364.65090   5186.10937   1178.54153
      4.55981   5767.60266   4652.43170   1115.17095
      4.56981   4794.74700   3779.67948   1015.06753
      4.57981   4192.82430   3240.47347    952.35083
      4.58981   3822.75174   2909.88032    912.87142
      4.59981   3557.36879   2673.44398    883.92481
      4.60981   3350.40725   2489.45245    860.95480
      4.61981   3181.88977   2339.97577    841.91400
      4.62981   3040.93396   2215.24110    825.69287
      4.63981   2920.64092   2108.85778    811.78314
      4.64981   2816.00843   2016.50518    799.50325
      4.65981   2723.91697   1935.47242    788.44455
      4.66981   2641.96210   1863.58095    778.38115
      4.67981   2568.42991   1799.11003    769.31989
      4.68981   2502.21924   1740.92683    761.29241
      4.69981   2441.92916   1688.21647    753.71269
      4.70981   2386.73206   1640.15767    746.57438
      4.71981   2335.78931   1595.83799    739.95133
      4.72981   2288.29625   1554.70567    733.59059
      4.73981   2244.27063   1516.71722    727.55340
      4.74981   2203.92884   1481.58656    722.34228
      4.75981   2166.31278   1448.90782    717.40496
      4.76981   2130.79461   1418.34235    712.45226
      4.77981   2096.83181   1389.23383    707.59798
      4.78981   2064.86667   1361.77192    703.09475
      4.79981   2035.40847   1336.18590    699.22257
      4.80981   2007.31596   1312.00010    695.31586
      4.81981   1980.75939   1289.42976    691.32963
      4.82981   1955.58063   1267.96772    687.61291
      4.83981   1930.94160   1247.05027    683.89133
      4.84981   1906.96774   1226.95647    680.01126
      4.85981   1885.07158   1208.12708    676.94450
      4.86981   1864.56697   1190.35300    674.21397
      4.87981   1844.71474   1173.54609    671.16865
      4.88981   1825.62010   1157.56638    668.05372
      4.89981   1806.78993   1141.79825    664.99168
      4.90981   1789.00076   1126.51862    662.48214
      4.91981   1771.64528   1111.57579    660.06949
      4.92981   1755.03761   1097.67117    657.36644
      4.93981   1739.26841   1084.54415    654.72426
      4.94981   1724.09839   1071.97562    652.12278
      4.95981   1709.03215   1059.71534    649.31681
      4.96981   1694.52303   1047.67379    646.84923
      4.97981   1681.14901   1036.15006    644.99895
      4.98981   1666.90688   1024.42885    642.47803
      4.99981   1652.59987   1013.23434    639.36552
      5.00981   1638.13751   1002.88242    635.25510
      5.01981   1617.35277    992.41249    624.94028
      5.02981   1569.49397    980.34252    589.15145
      5.03981   1471.80066    964.75771    507.04295
      5.04981   1388.37901    950.10574    438.27326
      5.05981   1416.62653    942.32404    474.30249
      5.06981   1492.26198    937.33726    554.92472
      5.07981   1503.69975    929.55381    574.14594
      5.08981   1472.86504    919.66708    553.19797
      5.09981   1616.20353    914.03841    702.16512
      5.10981   2177.16192    912.39706   1264.76486
      5.11981   2961.56121    910.40645   2051.15476
      5.12981   3114.85349    904.90624   2209.94724
      5.13981   2737.06307    897.73698   1839.32609
      5.14981   2426.30569    890.02388   1536.28181
      5.15981   2280.48499    884.19909   1396.28590
      5.16981   2167.26464    876.50334   1290.76131
      5.17981   1991.10622    864.20222   1126.90400
      5.18981   1909.94313    856.34396   1053.59917
      5.19981   2027.65450    859.15156   1168.50294
      5.20981   2206.40797    862.10322   1344.30475
      5.21981   2151.76546    853.18064   1298.58483
      5.22981   1856.61897    838.78503   1017.83395
      5.23981   1667.24987    828.34592    838.90395
      5.24981   1663.89120    822.49669    841.39452
      5.25981   1724.38893    818.51554    905.87339
      5.26981   1798.58657    816.08499    982.50157
      5.27981   1998.27140    826.39811   1171.87329
      5.28981   2817.83761    892.06378   1925.77383
      5.29981   4191.39796   1006.77003   3184.62793
      5.30981   4594.40192   1039.14120   3555.26072
      5.31981   3972.31338    983.99766   2988.31572
      5.32981   3405.39581    933.27442   2472.12139
      5.33981   3078.62521    902.66337   2175.96184
      5.34981   2863.15127    881.65286   1981.49841
      5.35981   2749.40437    867.21447   1882.18990
      5.36981   2809.63308    860.92100   1948.71208
      5.37981   3042.92348    863.59982   2179.32366
      5.38981   3117.36975    863.11085   2254.25890
      5.39981   2742.06824    844.65577   1897.41247
      5.40981   2373.22850    823.43360   1549.79490
      5.41981   2223.03699    810.01057   1413.02642
      5.42981   2202.42866    802.80352   1399.62514
      5.43981   2364.12463    805.23927   1558.88536
      5.44981   2664.04322    814.81976   1849.22346
      5.45981   2676.22452    810.24347   1865.98105
      5.46981   2323.76934    789.96050   1533.80884
      5.47981   2060.86452    774.61492   1286.24960
      5.48981   2094.26303    772.68238   1321.58065
      5.49981   2334.95649    780.84777   1554.10871
      5.50981   2460.57473    781.51977   1679.05496
      5.51981   2300.17580    768.50334   1531.67246
      5.52981   2047.77997    754.30605   1293.47392
      5.53981   2037.13579    752.70387   1284.43193
      5.54981   2218.98618    758.99511   1459.99107
      5.55981   2285.10776    755.68916   1529.41861
      5.56981   2166.20147    744.72939   1421.47209
      5.57981   2046.48517    738.70204   1307.78313
      5.58981   2105.35547    740.77523   1364.58024
      5.59981   2112.17607    735.46573   1376.71034
      5.60981   2025.59262    725.53148   1300.06114
      5.61981   1960.64311    721.15995   1239.48316
      5.62981   2108.04622    729.17652   1378.86971
      5.63981   2226.68503    732.11588   1494.56916
      5.64981   2134.56630    720.48983   1414.07647
      5.65981   1986.06181    708.72436   1277.33745
      5.66981   1931.79182    706.03144   1225.76039
      5.67981   1983.64761    706.59693   1277.05068
      5.68981   1970.66723    700.97577   1269.69146
      5.69981   1977.85308    698.97366   1278.87942
      5.70981   2015.32488    701.52397   1313.80091
      5.71981   1943.82754    695.46845   1248.35909
      5.72981   1913.56103    688.64874   1224.91229
      5.73981   2002.73114    690.90178   1311.82936
      5.74981   1975.07126    689.76667   1285.30459
      5.75981   1867.20967    681.16065   1186.04903
      5.76981   1905.68259    678.60584   1227.07675
      5.77981   1997.08222    682.49840   1314.58382
      5.78981   1909.53455    677.34691   1232.18765
      5.79981   1817.04073    668.44372   1148.59701
      5.80981   1899.26009    668.94379   1230.31630
      5.81981   1965.15664    671.81727   1293.33937
      5.82981   1843.75399    664.88439   1178.86960
      5.83981   1797.67343    659.56981   1138.10362
      5.84981   1895.07437    663.12004   1231.95433
      5.85981   1867.27368    659.89228   1207.38140
      5.86981   1769.92159    651.79832   1118.12327
      5.87981   1815.70571    652.72648   1162.97923
      5.88981   1856.17427    654.67215   1201.50212
      5.89981   1742.23974    647.22412   1095.01562
      5.90981   1755.65519    647.61669   1108.03850
      5.91981   1989.52013    661.43776   1328.08236
      5.92981   2068.63112    668.50435   1400.12677
      5.93981   1977.84411    665.03582   1312.80829
      5.94981   1957.13191    660.16776   1296.96415
      5.95981   1975.83041    656.74735   1319.08307
      5.96981   1936.62907    651.50444   1285.12463
      5.97981   1937.42433    652.91049   1284.51384
      5.98981   1958.80048    657.29715   1301.50332
      5.99981   1918.79433    656.35151   1262.44281
      6.00981   1961.04558    659.69836   1301.34722
      6.01981   2095.06827    673.91348   1421.15479
      6.02981   2167.48687    756.17680   1411.31008
      6.03981   2581.35217   1278.15014   1303.20203
      6.04981   3933.31440   2653.89623   1279.41817
      6.05981   5062.20308   3767.94914   1294.25393
      6.06981   4483.92349   3288.63737   1195.28612
      6.07981   3469.08402   2360.53059   1108.55343
      6.08981   3198.48189   2005.30301   1193.17888
      6.09981   3044.87538   1840.57307   1204.30231
      6.10981   2747.59125   1665.40752   1082.18374
      6.11981   2606.68136   1540.65767   1066.02369
      6.12981   2424.95393   1317.16485   1107.78908
      6.13981   2283.32409   1177.84450   1105.47960
      6.14981   2444.01579   1233.44259   1210.57320
      6.15981   2753.74822   1425.49761   1328.25061
      6.16981   2723.00637   1514.74888   1208.25748
      6.17981   2432.46726   1322.06911   1110.39814
      6.18981   2513.10530   1251.39983   1261.70547
      6.19981   2604.53158   1318.88730   1285.64428
      6.20981   2396.51782   1247.17266   1149.34516
      6.21981   2340.49954   1170.88306   1169.61648
      6.22981   2359.42761   1145.88186   1213.54576
      6.23981   2513.83569   1263.40957   1250.42612
      6.24981   3087.53772   1630.08319   1457.45453
      6.25981   3666.99175   2106.18350   1560.80824
      6.26981   3548.88136   2256.46577   1292.41559
      6.27981   3262.14351   2152.24611   1109.89740
      6.28981   3257.09677   2025.27435   1231.82242
      6.29981   3118.46367   1875.08254   1243.38113
      6.30981   2822.66621   1745.67140   1076.99481
      6.31981   2645.61197   1512.11391   1133.49806
      6.32981   2621.52059   1279.46478   1342.05581
      6.33981   2370.32544   1072.80984   1297.51560
      6.34981   2075.37175    886.92085   1188.45090
      6.35981   2124.00152    732.77864   1391.22288
      6.36981   2225.51878    673.86547   1551.65331
      6.37981   2002.57456    659.31077   1343.26379
      6.38981   1750.48798    571.27883   1179.20915
      6.39981   1699.07820    418.67704   1280.40116
      6.40981   1708.78108    343.47889   1365.30219
      6.41981   1816.64068    498.63579   1318.00489
      6.42981   2052.93079    685.42837   1367.50242
      6.43981   2149.48637    677.11662   1472.36975
      6.44981   1958.42637    500.79250   1457.63387
      6.45981   1779.53360    285.14314   1494.39046
      6.46981   1724.33152    218.97257   1505.35895
      6.47981   1799.23419    334.61053   1464.62366
      6.48981   1876.72864    411.98149   1464.74715
      6.49981   1838.87956    452.77342   1386.10614
      6.50981   2063.64613    741.87116   1321.77497
      6.51981   2635.44422   1239.75707   1395.68715
      6.52981   3058.13279   1570.65140   1487.48139
      6.53981   2752.80234   1387.14180   1365.66054
      6.54981   2378.98410   1049.44233   1329.54177
      6.55981   2421.50405    904.56756   1516.93648
      6.56981   2565.51954    911.63578   1653.88375
      6.57981   2676.74283    945.85225   1730.89057
      6.58981   2743.92135    985.45649   1758.46486
      6.59981   2837.85413   1098.14376   1739.71038
      6.60981   2934.47977   1146.09408   1788.38569
      6.61981   2965.92112   1019.27878   1946.64234
      6.62981   2908.44905    893.56151   2014.88754
      6.63981   2943.79196    927.29050   2016.50146
      6.64981   3351.36777   1098.80439   2252.56339
      6.65981   4378.81022   1392.85265   2985.95757
      6.66981   4871.95211   1513.89234   3358.05977
      6.67981   3761.61272   1364.97717   2396.63555
      6.68981   2471.10223   1232.70300   1238.39923
      6.69981   2118.55202   1232.87340    885.67862
      6.70981   2194.17236   1302.44615    891.72620
      6.71981   2310.87859   1359.24415    951.63444
      6.72981   2400.36668   1439.20726    961.15942
      6.73981   2119.37981   1306.28577    813.09404
      6.74981   1933.75366   1154.32798    779.42568
      6.75981   2163.29505   1204.86156    958.43349
      6.76981   2373.16218   1374.36070    998.80147
      6.77981   2278.61959   1413.91117    864.70843
      6.78981   2112.08432   1282.59942    829.48490
      6.79981   2068.91628   1170.54870    898.36758
      6.80981   1949.93176   1055.93571    893.99605
      6.81981   1791.01684    952.95955    838.05729
      6.82981   1645.69463    885.56340    760.13123
      6.83981   1464.13257    803.50968    660.62289
      6.84981   1477.20330    739.44711    737.75619
      6.85981   1617.34619    740.51753    876.82866
      6.86981   1707.50230    889.30606    818.19624
      6.87981   1865.92482   1109.79700    756.12782
      6.88981   2013.23750   1169.06314    844.17436
      6.89981   1980.48586   1070.06001    910.42585
      6.90981   1846.73664    973.08475    873.66127
      6.91981   1772.35431    953.98852    818.88141
      6.92981   1787.97209   1048.73472    749.89666
      6.93981   2362.26105   1747.29447    700.76079
      6.94981   4167.33741   3588.74674    861.45038
      6.95981   5436.93936   4955.43958    921.12005
      6.96981   5470.38175   5222.19228    737.18045
      6.97981   6383.36581   6340.88946    664.39391
      6.98981   7097.43986   7014.36176    773.30655
      6.99981   6337.85441   6056.05423    859.31173
      7.00981   5407.24830   4983.85479    880.74225
      7.01981   4912.17956   4479.75830    828.82313
      7.02981   4632.38158   4308.68501    688.62549
      7.03981   4413.93393   4074.57814    669.54661
      7.04981   4329.56973   3754.21323    871.52300
      7.05981   4227.46900   3548.01853    954.65822
      7.06981   4168.00933   3596.41218    841.88761
      7.07981   4166.13500   3655.99648    771.82182
      7.08981   4098.27278   3584.48672    763.21864
      7.09981   3956.07248   3422.55713    778.91684
      7.10981   3677.42834   3021.69004    887.86666
      7.11981   3268.05723   2656.80851    831.14428
      7.12981   3062.37528   2595.24876    677.37277
      7.13981   3101.25820   2633.76442    670.06573
      7.14981   3169.80902   2636.56420    735.98636
      7.15981   3394.52584   2781.91152    818.49643
      7.16981   3762.92467   3014.49921    946.87602
      7.17981   3597.29384   2863.26231    912.57677
      7.18981   3091.33419   2501.51273    751.48538
      7.19981   3019.31590   2408.09088    771.72142
      7.20981   3097.81348   2376.34589    888.95258
      7.21981   3091.13976   2366.12965    891.54314
      7.22981   2986.80917   2346.63321    803.08464
      7.23981   2953.63963   2417.84614    704.16780
      7.24981   2989.01731   2550.45110    613.07665
      7.25981   2909.77511   2366.95687    706.06174
      7.26981   2910.66997   2101.02391    955.67402
      7.27981   2793.18157   1983.37166    949.24973
      7.28981   2871.02313   2192.51223    824.07170
      7.29981   3189.17031   2526.16993    818.45202
      7.30981   2993.54978   2390.12265    754.71250
      7.31981   2737.80487   2099.99991    776.50979
      7.32981   2879.28024   2037.06885    977.32927
      7.33981   3045.88292   2198.16344    987.99985
      7.34981   3036.41435   2322.93858    845.66245
      7.35981   2884.44863   2259.26715    752.06374
      7.36981   2569.60512   2052.56831    651.06504
      7.37981   2395.04187   1821.02250    705.73374
      7.38981   2770.49604   1952.12917    949.75413
      7.39981   2974.55256   2103.25766   1002.30178
      7.40981   2632.12194   1897.53098    855.79569
      7.41981   2561.09383   1938.53268    746.03348
      7.42981   2778.13016   2124.74095    778.83725
      7.43981   2976.41002   2170.58886    923.81072
      7.44981   3245.66528   2346.44284   1014.77506
      7.45981   3496.13320   2543.96164   1070.10727
      7.46981   3340.08382   2370.25145   1087.50612
      7.47981   3104.72215   2219.19329   1004.84416
      7.48981   3144.18679   2313.83946    952.41806
      7.49981   3079.48496   2305.37221    890.73310
      7.50981   2861.27925   2160.75429    811.52226
      7.51981   2719.56164   1995.16900    834.35967
      7.52981   2893.48951   2010.20963    989.94039
      7.53981   3191.59190   2202.09415   1096.14421
      7.54981   3088.67667   2214.25400    981.61569
      7.55981   2986.60196   2221.12268    871.54925
      7.56981   3079.23918   2275.63097    907.78734
      7.57981   3016.55796   2187.76811    926.71795
      7.58981   2851.79245   2076.09752    873.69801
      7.59981   2908.05028   2116.45736    892.05884
      7.60981   3139.55684   2248.02833   1002.68060
      7.61981   3254.24569   2204.84645   1164.42800
      7.62981   3343.06972   2164.90506   1284.35032
      7.63981   3131.03733   2076.64440   1144.16691
      7.64981   2758.10420   1941.97526    905.97588
      7.65981   2643.70563   1872.15500    867.63685
      7.66981   2936.39278   2002.96793   1033.83582
      7.67981   3180.31353   2086.82653   1192.16527
      7.68981   3098.66189   2028.53907   1162.56135
      7.69981   3137.40289   2118.01354   1119.99603
      7.70981   3163.54586   2054.64911   1205.44227
      7.71981   3161.20487   1918.64328   1330.28036
      7.72981   3059.12798   1885.62373   1259.54744
      7.73981   2921.53296   1876.96931   1122.93067
      7.74981   3098.61605   2039.24316   1142.34136
      7.75981   3210.62577   2134.56622   1160.05684
      7.76981   3183.14424   2093.78523   1168.88410
      7.77981   3204.63008   2104.59315   1191.84945
      7.78981   3098.00575   1957.35831   1229.92752
      7.79981   2857.76996   1734.43575   1191.70178
      7.80981   2835.19353   1778.89254   1122.70255
      7.81981   2924.64254   1815.46213   1178.91529
      7.82981   3080.57360   1782.89480   1358.24431
      7.83981   3153.56389   1724.42837   1480.59950
      7.84981   3034.54962   1660.92833   1427.62469
      7.85981   3086.45893   1788.71179   1351.20744
      7.86981   3277.47193   1875.82765   1442.37948
      7.87981   3310.95623   1751.54191   1587.24404
      7.88981   3394.71233   1745.24382   1672.56826
      7.89981   3711.24295   2007.01245   1734.26753
      7.90981   4221.81617   2296.13405   1964.92694
      7.91981   4681.08453   2317.74965   2398.83697
      7.92981   4476.60014   1958.98961   2537.67310
      7.93981   3527.83972   1610.11460   1934.87199
      7.94981   3264.62970   1963.77557   1355.39613
      7.95981   3703.72037   2647.16837   1168.02984
      7.96981   3818.52802   2886.51938   1067.28969
      7.97981   3491.29032   2684.51867    938.92435
      7.98981   2925.41805   2264.58118    780.49663
      7.99981   2547.09265   1946.81408    706.31002
      8.00981   2292.87196   1728.84676    664.22586
      8.01981   2126.15627   1521.34771    692.73846
      8.02981   2141.02923   1462.85774    754.02652
      8.03981   2332.93913   1588.94316    821.08953
      8.04981   2628.01840   1762.08794    948.41343
      8.05981   2465.67916   1643.28071    899.85020
      8.06981   1877.33951   1287.23340    661.85422
      8.07981   1718.15428   1188.44068    605.58505
      8.08981   1938.34899   1269.44189    749.58357
      8.09981   2087.97277   1409.86032    763.09253
      8.10981   2174.58426   1585.10532    669.65104
      8.11981   2186.68752   1597.70474    649.78329
      8.12981   2197.13617   1491.64117    754.76390
      8.13981   2310.35236   1462.40123    910.63827
      8.14981   2426.41213   1555.06415    950.41092
      8.15981   2457.67129   1614.41717    932.46138
      8.16981   2515.41319   1640.06823    970.86535
      8.17981   2384.62426   1548.63264    918.18781
      8.18981   2171.98655   1392.12140    837.38253
      8.19981   2030.10511   1237.79683    829.08689
      8.20981   1859.90771   1069.95647    818.12027
      8.21981   1732.65686    986.22457    778.68384
      8.22981   2189.41770   1366.57367    887.67715
      8.23981   3418.66491   2166.81645   1358.02573
      8.24981   4405.83842   2671.31310   1849.40340
      8.25981   3966.17704   2472.17455   1594.31061
      8.26981   2843.90257   1978.81319    950.88662
      8.27981   2078.09225   1510.34792    641.02336
      8.28981   1766.48397   1205.06518    624.88067
      8.29981   1774.98738   1148.88240    683.48159
      8.30981   1968.14680   1295.58052    726.22388
      8.31981   2168.21432   1467.69023    752.46509
      8.32981   2211.91580   1556.03830    705.84734
      8.33981   1994.23463   1537.81341    506.59191
      8.34981   1794.92972   1421.95391    422.30057
      8.35981   1906.39752   1392.79868    564.39150
      8.36981   2223.33199   1533.55783    755.59778
      8.37981   2441.26326   1705.68648    826.38310
      8.38981   2263.74606   1698.57740    663.49752
      8.39981   1948.25293   1513.55478    520.42210
      8.40981   1726.98555   1344.93105    453.11374
      8.41981   1660.42402   1296.05063    423.57839
      8.42981   1631.48441   1250.75822    430.55863
      8.43981   1606.39398   1195.92517    451.55987
      8.44981   1823.99993   1294.41332    566.18063
      8.45981   2198.71715   1513.93300    727.09653
      8.46981   2275.36560   1545.88984    785.82164
      8.47981   2214.38950   1458.77195    819.53034
      8.48981   2288.60764   1434.05751    909.11919
      8.49981   2164.48450   1340.92232    867.41286
      8.50981   1811.86375   1154.55115    693.63962
      8.51981   1596.89943   1047.44716    583.30739
      8.52981   1644.55177   1092.25502    592.22705
      8.53981   1757.99321   1158.99292    635.04961
      8.54981   1715.68779   1075.38514    664.76417
      8.55981   1710.91942   1131.06683    619.58705
      8.56981   1942.47426   1404.74326    604.32059
      8.57981   2186.98926   1528.43941    721.54935
      8.58981   2311.70833   1537.87373    823.20165
      8.59981   2308.98852   1508.07137    842.48328
      8.60981   2118.56724   1363.90332    785.31404
      8.61981   1967.78370   1259.90053    735.99980
      8.62981   2185.60730   1427.51319    800.39979
      8.63981   2445.32153   1683.01365    824.20766
      8.64981   2541.62198   1784.89046    824.30146
      8.65981   2407.65897   1610.28484    843.65845
      8.66981   2211.71119   1396.72912    838.98406
      8.67981   2354.10760   1431.43439    941.08245
      8.68981   2661.00113   1673.97063   1011.35901
      8.69981   2549.22184   1701.84315    872.55086
      8.70981   2269.15840   1515.35946    772.75645
      8.71981   2186.69227   1395.82085    810.82971
      8.72981   2195.08925   1336.49321    886.82990
      8.73981   2002.18672   1129.86724    895.36043
      8.74981   1750.06432    963.64868    801.69507
      8.75981   1880.80761   1104.42922    794.67239
      8.76981   2354.60121   1408.18683    974.68797
      8.77981   2494.55496   1537.46650   1008.18625
      8.78981   2236.11927   1429.01063    875.01904
      8.79981   2324.60282   1525.98363    866.19889
      8.80981   2631.43765   1731.14892    965.78712
      8.81981   2719.18674   1738.91432   1047.49933
      8.82981   2774.29484   1837.66876   1014.21414
      8.83981   2845.12801   1980.41063    948.93746
      8.84981   2786.51714   1904.12771    962.87002
      8.85981   2616.25996   1785.08712    908.84889
      8.86981   2618.34277   1829.42007    864.84039
      8.87981   2559.65337   1771.32263    859.89002
