Energy-E_F (eV)    DOS (1/eV)    PDOS (1/eV)  of atom type H  C  
     -6.84015    201.90950      9.99186    191.91764
     -6.83015    293.53258     22.64621    270.88637
     -6.82015    228.81085     22.29394    206.51691
     -6.81015    124.72596      9.60223    115.12373
     -6.80015     89.78870      2.87106     86.91764
     -6.79015     62.86583      1.29944     61.56639
     -6.78015     88.68827      1.65548     87.03279
     -6.77015    138.40233      2.83450    135.56784
     -6.76015    163.74217      7.86642    155.87574
     -6.75015    236.86949     24.23330    212.63619
     -6.74015    300.91658     38.37864    262.53794
     -6.73015    214.64553     27.74401    186.90152
     -6.72015    121.46441      9.76678    111.69762
     -6.71015     96.71786      4.32325     92.39461
     -6.70015    122.99062     10.04151    112.94911
     -6.69015    216.04898     18.27301    197.77596
     -6.68015    197.85842     13.61050    184.24793
     -6.67015     97.68642      6.80923     90.87718
     -6.66015    135.09855     15.36228    119.73627
     -6.65015    237.28088     27.62353    209.65734
     -6.64015    170.08049     18.89110    151.18939
     -6.63015     76.69557      5.29310     71.40248
     -6.62015    121.98033      2.39153    119.58881
     -6.61015    160.53462      3.67243    156.86219
     -6.60015    118.53762      9.45453    109.08309
     -6.59015    150.02546     22.68374    127.34172
     -6.58015    223.81073     30.42635    193.38438
     -6.57015    212.82869     26.09194    186.73674
     -6.56015    142.18331     15.33318    126.85013
     -6.55015    116.84091      6.31138    110.52953
     -6.54015    153.31618      3.21826    150.09792
     -6.53015    131.12613      3.71351    127.41261
     -6.52015    114.52321     13.72308    100.80013
     -6.51015    209.91206     33.65631    176.25574
     -6.50015    222.16044     32.43441    189.72604
     -6.49015    129.64542     15.59324    114.05218
     -6.48015    112.84827     10.27683    102.57144
     -6.47015    142.87787      7.45203    135.42584
     -6.46015    173.97565      5.74563    168.23002
     -6.45015    172.36198     13.84439    158.51759
     -6.44015    193.32181     29.16835    164.15346
     -6.43015    191.13280     26.62977    164.50303
     -6.42015    159.48419     16.34925    143.13494
     -6.41015    203.04926     28.47648    174.57279
     -6.40015    272.83080     43.05671    229.77409
     -6.39015    272.29183     35.26393    237.02791
     -6.38015    278.56974     24.67872    253.89102
     -6.37015    218.00161     17.47528    200.52633
     -6.36015    123.44614     12.24843    111.19771
     -6.35015     72.71087      5.96962     66.74126
     -6.34015     92.50170      4.70377     87.79794
     -6.33015    119.79906     11.19911    108.59995
     -6.32015    108.05454     15.62903     92.42550
     -6.31015     91.01184      9.23827     81.77358
     -6.30015    140.24686      4.22721    136.01964
     -6.29015    172.82403      6.65184    166.17219
     -6.28015    139.00492     13.22155    125.78337
     -6.27015    121.20137     18.24771    102.95366
     -6.26015    199.38605     30.39181    168.99424
     -6.25015    321.89811     44.48482    277.41329
     -6.24015    298.85722     41.19256    257.66466
     -6.23015    259.09377     41.18887    217.90491
     -6.22015    260.97212     39.07818    221.89394
     -6.21015    223.49374     26.05908    197.43466
     -6.20015    164.80415     13.55954    151.24461
     -6.19015    155.83601     16.14759    139.68842
     -6.18015    170.23230     22.46673    147.76557
     -6.17015    118.82832     14.74625    104.08207
     -6.16015    100.01089      9.75733     90.25355
     -6.15015    160.78086     18.14625    142.63461
     -6.14015    172.28654     19.45651    152.83003
     -6.13015    136.20393     10.31238    125.89154
     -6.12015    144.14979     12.57292    131.57686
     -6.11015    219.21792     22.92569    196.29223
     -6.10015    194.45195     17.97908    176.47287
     -6.09015     74.90537      5.48018     69.42519
     -6.08015     13.36643      0.70976     12.65667
     -6.07015     19.94812      0.97381     18.97431
     -6.06015    110.37139      7.21765    103.15374
     -6.05015    274.74189     23.65070    251.09118
     -6.04015    316.07185     35.16269    280.90916
     -6.03015    194.55427     27.05426    167.50001
     -6.02015     89.32118     12.87745     76.44373
     -6.01015    116.22181     10.63208    105.58973
     -6.00015    245.04617     18.26217    226.78401
     -5.99015    305.15220     19.53734    285.61486
     -5.98015    225.51548     12.48587    213.02961
     -5.97015     98.55587      5.38065     93.17521
     -5.96015     90.66585      8.97155     81.69430
     -5.95015    201.14729     24.81274    176.33455
     -5.94015    244.99264     34.72059    210.27205
     -5.93015    173.40632     25.26309    148.14323
     -5.92015     80.04992     10.46439     69.58554
     -5.91015     60.92699      8.16366     52.76333
     -5.90015    171.77268     25.32071    146.45197
     -5.89015    268.49370     40.66684    227.82686
     -5.88015    239.25937     34.88843    204.37094
     -5.87015    208.51769     29.57465    178.94304
     -5.86015    171.51334     24.31462    147.19872
     -5.85015    128.92815     13.72395    115.20419
     -5.84015    140.68732      9.14641    131.54090
     -5.83015    151.24173     13.11669    138.12505
     -5.82015    135.12826     20.83836    114.28990
     -5.81015    165.77565     29.72582    136.04983
     -5.80015    243.62548     31.24276    212.38272
     -5.79015    319.83235     30.10696    289.72539
     -5.78015    274.57828     24.19426    250.38402
     -5.77015    113.77842     10.04653    103.73189
     -5.76015     28.32429      2.63284     25.69145
     -5.75015     51.61542      5.22327     46.39215
     -5.74015    127.31408     13.00720    114.30688
     -5.73015    200.08038     22.01540    178.06497
     -5.72015    224.88088     24.32113    200.55975
     -5.71015    194.84535     16.81621    178.02914
     -5.70015    139.73448     12.47844    127.25604
     -5.69015    106.04017     15.67178     90.36839
     -5.68015    166.38736     25.71492    140.67244
     -5.67015    220.01156     25.35559    194.65597
     -5.66015    179.09689     19.44504    159.65186
     -5.65015    199.71379     28.25106    171.46273
     -5.64015    258.41932     33.41352    225.00580
     -5.63015    246.24696     22.26761    223.97935
     -5.62015    295.78510     23.33905    272.44604
     -5.61015    358.11235     32.75587    325.35648
     -5.60015    297.69013     31.84257    265.84756
     -5.59015    344.12008     44.14841    299.97167
     -5.58015    567.46371     74.30002    493.16369
     -5.57015    717.56341     91.20240    626.36101
     -5.56015    702.05984     90.46628    611.59355
     -5.55015    638.85187     77.51542    561.33645
     -5.54015    576.66046     62.01540    514.64506
     -5.53015    535.50369     59.50438    475.99931
     -5.52015    501.24981     55.22361    446.02620
     -5.51015    455.64541     46.59718    409.04823
     -5.50015    450.29783     44.28874    406.00909
     -5.49015    525.73540     56.46865    469.26675
     -5.48015    478.75082     59.11725    419.63357
     -5.47015    302.72976     46.51154    256.21821
     -5.46015    267.73990     47.19203    220.54787
     -5.45015    268.74968     39.38468    229.36500
     -5.44015    205.82825     23.03270    182.79555
     -5.43015    167.41488     18.79268    148.62221
     -5.42015    136.58877     23.35058    113.23819
     -5.41015     84.08778     19.58637     64.50141
     -5.40015     94.50970     24.86328     69.64642
     -5.39015    181.08946     45.72921    135.36024
     -5.38015    256.91117     52.49548    204.41569
     -5.37015    303.77900     40.49376    263.28524
     -5.36015    317.19784     38.27206    278.92578
     -5.35015    254.40462     37.75336    216.65126
     -5.34015    139.00879     21.87197    117.13682
     -5.33015     48.77040      6.79277     41.97764
     -5.32015     36.10042      1.55695     34.54347
     -5.31015     73.86400      1.51821     72.34579
     -5.30015     71.17973      1.43931     69.74042
     -5.29015     55.41586      1.71062     53.70525
     -5.28015    110.61811      6.34336    104.27475
     -5.27015    149.85436     12.33561    137.51875
     -5.26015    104.44250      9.53705     94.90545
     -5.25015     83.25764      3.80690     79.45074
     -5.24015     77.99944      1.77996     76.21947
     -5.23015     34.17040      0.71717     33.45323
     -5.22015     10.35808      0.71485      9.64323
     -5.21015     36.92382      4.18338     32.74044
     -5.20015    125.85042     11.78870    114.06172
     -5.19015    234.83874     17.32976    217.50898
     -5.18015    246.06513     16.98003    229.08510
     -5.17015    123.59652      9.16593    114.43059
     -5.16015     25.83492      2.07882     23.75611
     -5.15015      2.39007      0.18513      2.20494
     -5.14015      5.11428      0.10703      5.00726
     -5.13015     32.63219      0.66619     31.96600
     -5.12015     85.21588      2.06746     83.14842
     -5.11015    135.05604      6.38041    128.67563
     -5.10015    214.52800     17.91596    196.61204
     -5.09015    216.32047     22.92064    193.39983
     -5.08015     95.91584     11.32905     84.58679
     -5.07015     35.14462      2.47713     32.66749
     -5.06015     63.83525      1.40803     62.42721
     -5.05015     76.15582      1.53481     74.62101
     -5.04015     34.66374      0.69892     33.96481
     -5.03015     15.99546      0.44594     15.54953
     -5.02015     60.73267      2.83056     57.90211
     -5.01015    148.32587      9.53714    138.78873
     -5.00015    179.45571     12.86097    166.59474
     -4.99015    131.43889      7.32595    124.11294
     -4.98015     56.86080      2.00707     54.85373
     -4.97015     11.44343      0.28895     11.15448
     -4.96015      1.36371      0.02896      1.33475
     -4.95015      7.58772      0.15738      7.43033
     -4.94015     50.88365      1.21211     49.67155
     -4.93015    147.75272      5.00749    142.74523
     -4.92015    203.47726     11.29422    192.18305
     -4.91015    138.91540     11.70254    127.21286
     -4.90015     44.83219      4.86074     39.97145
     -4.89015     11.35228      0.87047     10.48181
     -4.88015     33.20012      0.72129     32.47883
     -4.87015     76.36005      1.62214     74.73791
     -4.86015     75.70944      2.22930     73.48014
     -4.85015     86.51835      5.15281     81.36554
     -4.84015    167.04614     11.28553    155.76061
     -4.83015    204.61666     15.35615    189.26051
     -4.82015    159.97407     12.48449    147.48958
     -4.81015    113.20139      5.67377    107.52763
     -4.80015     61.19793      1.73334     59.46459
     -4.79015     15.50936      0.34595     15.16341
     -4.78015      4.26268      0.08788      4.17480
     -4.77015     26.06241      0.53564     25.52676
     -4.76015    100.68218      2.39222     98.28996
     -4.75015    179.36774      6.77715    172.59059
     -4.74015    172.11011     11.97870    160.13141
     -4.73015    104.11214     10.40890     93.70324
     -4.72015    102.83639      7.29679     95.53959
     -4.71015    244.03917     11.01009    233.02907
     -4.70015    424.61879     14.75582    409.86297
     -4.69015    500.93800     14.85369    486.08431
     -4.68015    462.86222     12.51381    450.34841
     -4.67015    446.78692     11.82646    434.96046
     -4.66015    425.04509     15.12417    409.92092
     -4.65015    362.75836     18.70845    344.04992
     -4.64015    277.36138     14.35206    263.00932
     -4.63015    211.84289      7.74760    204.09529
     -4.62015    161.37383      4.69661    156.67722
     -4.61015    131.76067      3.70937    128.05129
     -4.60015    152.95944      4.84442    148.11502
     -4.59015    229.59820      9.05014    220.54806
     -4.58015    273.77730     12.10982    261.66748
     -4.57015    260.71017     14.01066    246.69951
     -4.56015    262.09882     16.29890    245.79992
     -4.55015    201.22406     10.86548    190.35859
     -4.54015    109.51860      4.18122    105.33737
     -4.53015     91.31296      2.61081     88.70215
     -4.52015     82.73040      2.14240     80.58800
     -4.51015     95.96256      2.12253     93.84003
     -4.50015    151.68601      3.68360    148.00241
     -4.49015    195.45532      6.98895    188.46637
     -4.48015    220.91040     13.46771    207.44269
     -4.47015    245.90887     18.04816    227.86071
     -4.46015    232.71039     13.90294    218.80745
     -4.45015    160.84104      6.60917    154.23187
     -4.44015     94.73761      2.74527     91.99233
     -4.43015     81.98380      2.19319     79.79061
     -4.42015     82.24214      2.23148     80.01065
     -4.41015     69.02900      2.18476     66.84424
     -4.40015    139.68852      6.62454    133.06398
     -4.39015    248.43931     14.35231    234.08699
     -4.38015    234.72076     13.33919    221.38157
     -4.37015    122.40714      5.68822    116.71892
     -4.36015     82.32678      3.53171     78.79508
     -4.35015    145.58747      7.03829    138.54917
     -4.34015    139.87059      7.09409    132.77650
     -4.33015     70.38410      3.16415     67.21994
     -4.32015     98.21176      3.55028     94.66148
     -4.31015    215.23004     10.50228    204.72776
     -4.30015    301.32117     16.06361    285.25756
     -4.29015    242.15120     10.63938    231.51182
     -4.28015    126.06404      3.69726    122.36678
     -4.27015    112.14902      2.53796    109.61106
     -4.26015    152.70533      3.25949    149.44584
     -4.25015    119.97436      2.82705    117.14732
     -4.24015    118.60907      5.00763    113.60144
     -4.23015    225.01848     11.64577    213.37271
     -4.22015    332.65435     17.85047    314.80388
     -4.21015    330.13223     15.82374    314.30849
     -4.20015    171.28601      6.68968    164.59633
     -4.19015     57.27575      1.71833     55.55742
     -4.18015     70.25585      1.80355     68.45229
     -4.17015     99.94916      2.37161     97.57755
     -4.16015    109.82947      2.28641    107.54306
     -4.15015    134.61599      4.05135    130.56465
     -4.14015    197.57308     10.61102    186.96206
     -4.13015    265.91816     16.87480    249.04336
     -4.12015    259.93292     14.50057    245.43235
     -4.11015    190.09684      7.89290    182.20394
     -4.10015    136.87027      3.57631    133.29396
     -4.09015    138.39351      2.89914    135.49437
     -4.08015    117.37007      2.73121    114.63886
     -4.07015     74.47718      2.58577     71.89141
     -4.06015    112.69362      7.00164    105.69199
     -4.05015    198.31978     13.42412    184.89566
     -4.04015    209.35618     11.32682    198.02937
     -4.03015    177.62290      5.96015    171.66276
     -4.02015    166.76244      5.62242    161.14002
     -4.01015    183.82888      7.33541    176.49347
     -4.00015    158.07207      5.61420    152.45788
     -3.99015    164.75926      4.84694    159.91232
     -3.98015    186.07188      7.94742    178.12446
     -3.97015    180.27406     12.49794    167.77612
     -3.96015    181.98760     11.22306    170.76454
     -3.95015    164.84120      5.86937    158.97183
     -3.94015    145.87757      3.51630    142.36127
     -3.93015    109.38878      2.60652    106.78226
     -3.92015     70.81977      2.73763     68.08215
     -3.91015     89.97052      5.42448     84.54604
     -3.90015    134.76417      9.01081    125.75336
     -3.89015    174.50577     12.91356    161.59221
     -3.88015    130.71820     10.47030    120.24790
     -3.87015     40.21782      3.42551     36.79231
     -3.86015      4.66316      0.41893      4.24424
     -3.85015      0.39083      0.02319      0.36764
     -3.84015      4.08547      0.11737      3.96811
     -3.83015     35.13456      1.41258     33.72199
     -3.82015    129.75683      7.39247    122.36436
     -3.81015    215.95393     15.91728    200.03665
     -3.80015    159.53974     13.43945    146.10029
     -3.79015     50.44245      4.34724     46.09521
     -3.78015     22.48290      0.83655     21.64635
     -3.77015     81.91598      1.57255     80.34343
     -3.76015    170.16450      3.28246    166.88204
     -3.75015    203.79769      4.91000    198.88768
     -3.74015    248.88835     10.05607    238.83228
     -3.73015    274.80998     14.92607    259.88391
     -3.72015    201.85427     11.48415    190.37012
     -3.71015    141.40366      7.29324    134.11042
     -3.70015    150.24537      5.37297    144.87240
     -3.69015    177.64624      4.13699    173.50924
     -3.68015    146.28630      3.15732    143.12898
     -3.67015    138.61239      5.04736    133.56503
     -3.66015    184.31237     11.24848    173.06389
     -3.65015    182.30756     12.42074    169.88681
     -3.64015    126.38393      6.31227    120.07167
     -3.63015    121.41600      3.91201    117.50398
     -3.62015    133.79944      5.32115    128.47829
     -3.61015    142.29904      5.49685    136.80219
     -3.60015    187.56665      5.77009    181.79655
     -3.59015    237.88480     10.21493    227.66987
     -3.58015    210.83786     13.43467    197.40319
     -3.57015    100.08721      7.77222     92.31499
     -3.56015     35.01195      2.04805     32.96390
     -3.55015     77.19198      1.89752     75.29446
     -3.54015    176.78739      4.81570    171.97169
     -3.53015    234.82164      8.09065    226.73099
     -3.52015    224.60000     10.93222    213.66779
     -3.51015    191.57674     13.47623    178.10051
     -3.50015    149.08328     10.03193    139.05135
     -3.49015     97.83998      4.00284     93.83715
     -3.48015     62.39570      1.46190     60.93380
     -3.47015     81.46327      1.66134     79.80193
     -3.46015    104.38872      3.32484    101.06389
     -3.45015    190.44617     10.06322    180.38295
     -3.44015    310.07103     17.74991    292.32112
     -3.43015    256.00348     13.24850    242.75498
     -3.42015    142.39493      5.02035    137.37458
     -3.41015     67.36123      1.57261     65.78863
     -3.40015     23.23914      0.58055     22.65859
     -3.39015     50.02784      2.30250     47.72534
     -3.38015    173.10037      9.56671    163.53366
     -3.37015    320.67094     17.51657    303.15437
     -3.36015    301.69836     14.10165    287.59671
     -3.35015    133.22012      5.10571    128.11441
     -3.34015     58.14475      1.54500     56.59974
     -3.33015     81.60369      2.09260     79.51108
     -3.32015     86.68149      4.45665     82.22484
     -3.31015    119.04118     10.34535    108.69584
     -3.30015    209.83240     13.59701    196.23539
     -3.29015    255.35288     10.60289    244.74999
     -3.28015    183.27155      6.01658    177.25498
     -3.27015    124.06425      3.27416    120.79008
     -3.26015    141.87611      4.42776    137.44835
     -3.25015    161.41141      9.34778    152.06363
     -3.24015    136.41964     12.17653    124.24311
     -3.23015    113.17499      8.31074    104.86425
     -3.22015    195.95654      7.08321    188.87333
     -3.21015    234.28277      6.89800    227.38477
     -3.20015    156.16092      4.98766    151.17326
     -3.19015    150.79062      8.49084    142.29978
     -3.18015    174.78238     12.85970    161.92268
     -3.17015    149.06409      9.18579    139.87829
     -3.16015    111.59303      4.73746    106.85557
     -3.15015    124.25639      4.88500    119.37139
     -3.14015    181.74665      6.70381    175.04284
     -3.13015    228.96938     11.11553    217.85384
     -3.12015    201.01216     13.34540    187.66675
     -3.11015    183.92021      9.07623    174.84397
     -3.10015    200.43332      6.04869    194.38463
     -3.09015    195.48766      6.58717    188.90049
     -3.08015    195.55706      9.21367    186.34339
     -3.07015    180.80225     12.70790    168.09435
     -3.06015    174.76206     11.80885    162.95321
     -3.05015    196.20963      7.54155    188.66807
     -3.04015    326.09851      9.28081    316.81770
     -3.03015    374.01770     12.39091    361.62679
     -3.02015    236.47649     13.35133    223.12516
     -3.01015    119.81871     12.25255    107.56615
     -3.00015     56.29108      6.06947     50.22161
     -2.99015     68.97295      2.67247     66.30048
     -2.98015    147.87686      5.55326    142.32360
     -2.97015    181.35786     11.34066    170.01720
     -2.96015    133.07971     12.92326    120.15645
     -2.95015     56.23407      6.70169     49.53239
     -2.94015     27.76370      2.21096     25.55274
     -2.93015     90.91542      4.98977     85.92565
     -2.92015    215.72813     12.59407    203.13406
     -2.91015    258.17772     14.48134    243.69639
     -2.90015    163.89971      7.47362    156.42609
     -2.89015     82.08016      3.50501     78.57516
     -2.88015    111.72763      7.73176    103.99586
     -2.87015    145.92355     13.29991    132.62364
     -2.86015     90.89744      9.81374     81.08369
     -2.85015     49.62659      4.05045     45.57614
     -2.84015    119.64493      6.49280    113.15213
     -2.83015    230.77113     13.68010    217.09103
     -2.82015    232.20475     13.31646    218.88828
     -2.81015    165.72214      6.95558    158.76656
     -2.80015    142.55596      6.99760    135.55837
     -2.79015    145.95788     12.07283    133.88505
     -2.78015    113.98487     11.66638    102.31849
     -2.77015    103.31282      7.26188     96.05094
     -2.76015    166.24415      9.13304    157.11111
     -2.75015    215.17537     13.98746    201.18791
     -2.74015    202.38293     12.43280    189.95013
     -2.73015    201.09655      9.04442    192.05213
     -2.72015    200.47448     11.70230    188.77219
     -2.71015    184.40571     14.07798    170.32773
     -2.70015    144.56910     10.22173    134.34737
     -2.69015    169.10945     11.57207    157.53738
     -2.68015    252.15859     16.15285    236.00574
     -2.67015    248.04029     13.70664    234.33365
     -2.66015    250.02044     14.58789    235.43255
     -2.65015    319.44155     18.17849    301.26305
     -2.64015    330.56022     16.87649    313.68373
     -2.63015    259.46155     16.65706    242.80449
     -2.62015    160.95504     14.07629    146.87876
     -2.61015    139.52528     12.51346    127.01181
     -2.60015    175.71256     14.40440    161.30816
     -2.59015    152.25948     13.97387    138.28561
     -2.58015    151.12576     15.01962    136.10614
     -2.57015    189.86236     16.25933    173.60303
     -2.56015    191.12005     18.00397    173.11608
     -2.55015    170.15198     20.27016    149.88181
     -2.54015    207.50597     24.79479    182.71118
     -2.53015    274.72686     28.95454    245.77233
     -2.52015    242.45418     24.33415    218.12003
     -2.51015    133.68925     11.53030    122.15895
     -2.50015     94.10172      3.17134     90.93038
     -2.49015     68.43306      0.93394     67.49912
     -2.48015     31.98151      0.39012     31.59139
     -2.47015     70.38496      1.02813     69.35684
     -2.46015    199.49634      2.97887    196.51747
     -2.45015    278.40478      4.11719    274.28759
     -2.44015    188.08475      2.70655    185.37820
     -2.43015     91.17922      1.24429     89.93493
     -2.42015    131.10333      1.72470    129.37862
     -2.41015    154.52904      2.05043    152.47861
     -2.40015     88.27194      1.26729     87.00465
     -2.39015     89.63854      1.52122     88.11733
     -2.38015    155.30117      2.51627    152.78491
     -2.37015    192.25554      2.97302    189.28252
     -2.36015    187.30525      3.63992    183.66533
     -2.35015    190.16404      5.04735    185.11670
     -2.34015    150.05332      4.15368    145.89964
     -2.33015    142.61823      2.78273    139.83550
     -2.32015    230.55775      3.65930    226.89845
     -2.31015    187.44686      2.93609    184.51077
     -2.30015     62.54792      1.02897     61.51896
     -2.29015     68.57648      1.83017     66.74630
     -2.28015    360.00401     10.35726    349.64674
     -2.27015    930.20147     27.26484    902.93664
     -2.26015   1231.92034     35.89205   1196.02829
     -2.25015   1011.76597     28.97319    982.79279
     -2.24015    635.33753     18.33718    617.00034
     -2.23015    429.30140     12.19492    417.10648
     -2.22015    460.96043     12.36197    448.59847
     -2.21015    490.28802     12.98152    477.30650
     -2.20015    394.56240     10.10300    384.45940
     -2.19015    392.68205      9.84347    382.83858
     -2.18015    500.95155     13.28952    487.66204
     -2.17015    471.44638     12.54099    458.90538
     -2.16015    292.69804      7.11636    285.58169
     -2.15015    145.29286      2.93832    142.35454
     -2.14015     97.25408      1.47097     95.78311
     -2.13015     66.52920      0.90480     65.62439
     -2.12015     24.05079      0.32241     23.72838
     -2.11015     32.93672      0.43974     32.49698
     -2.10015    105.44883      1.42628    104.02255
     -2.09015    149.28736      2.05239    147.23497
     -2.08015     87.89040      1.22737     86.66303
     -2.07015     21.83064      0.30912     21.52152
     -2.06015     11.23473      0.16654     11.06819
     -2.05015     48.20976      0.71201     47.49775
     -2.04015    107.63430      1.53246    106.10184
     -2.03015    125.02565      1.66155    123.36410
     -2.02015     81.90705      1.02686     80.88019
     -2.01015     37.17319      0.51518     36.65801
     -2.00015     92.98084      1.69466     91.28618
     -1.99015    316.63555      6.20991    310.42564
     -1.98015    605.29778     12.29856    592.99922
     -1.97015    748.53063     15.13334    733.39729
     -1.96015    714.32542     14.00501    700.32042
     -1.95015    552.67622     10.67482    542.00140
     -1.94015    428.16149      8.24714    419.91436
     -1.93015    477.25590      9.22233    468.03357
     -1.92015    585.73023     11.40273    574.32750
     -1.91015    541.37803     10.43526    530.94276
     -1.90015    503.19632      9.20597    493.99035
     -1.89015    589.71909     10.35316    579.36593
     -1.88015    542.41165      9.60025    532.81140
     -1.87015    339.41734      6.18409    333.23325
     -1.86015    240.04215      4.43231    235.60983
     -1.85015    216.34958      3.82458    212.52499
     -1.84015    179.41076      2.73924    176.67153
     -1.83015    174.06561      2.31818    171.74743
     -1.82015    151.85796      2.09845    149.75951
     -1.81015    113.54593      1.68940    111.85653
     -1.80015     64.70864      0.97649     63.73215
     -1.79015     47.22434      0.60887     46.61547
     -1.78015    108.11323      1.30930    106.80393
     -1.77015    147.73775      1.84866    145.88909
     -1.76015     86.43677      1.11882     85.31795
     -1.75015     21.84810      0.28823     21.55987
     -1.74015     13.90844      0.16481     13.74363
     -1.73015     60.94939      0.71720     60.23219
     -1.72015    131.87909      1.59372    130.28537
     -1.71015    129.51701      1.61326    127.90375
     -1.70015     71.17500      0.88763     70.28737
     -1.69015     72.08079      0.83645     71.24434
     -1.68015    113.38913      1.29920    112.08993
     -1.67015    142.28078      1.66347    140.61731
     -1.66015    146.95516      1.77279    145.18237
     -1.65015     90.26804      1.11626     89.15178
     -1.64015     28.31898      0.35214     27.96685
     -1.63015     32.66723      0.37775     32.28948
     -1.62015    129.79903      1.49933    128.29970
     -1.61015    224.98634      2.63064    222.35570
     -1.60015    159.76875      1.89756    157.87119
     -1.59015     47.78327      0.57652     47.20675
     -1.58015     15.97630      0.19065     15.78565
     -1.57015     65.74118      0.77173     64.96945
     -1.56015    161.43645      1.88832    159.54813
     -1.55015    178.21707      2.07387    176.14320
     -1.54015    123.76909      1.43683    122.33226
     -1.53015     77.94655      0.94323     77.00333
     -1.52015     88.98892      1.13761     87.85131
     -1.51015    115.78190      1.38578    114.39613
     -1.50015    111.18388      1.19600    109.98788
     -1.49015     95.89645      1.09770     94.79874
     -1.48015    133.09889      1.72434    131.37455
     -1.47015    150.22852      1.92585    148.30267
     -1.46015     89.18880      1.05279     88.13601
     -1.45015     84.33830      0.84205     83.49626
     -1.44015    134.17840      1.47852    132.69988
     -1.43015    120.44871      1.53693    118.91178
     -1.42015     59.61959      0.81145     58.80814
     -1.41015     60.92767      0.69203     60.23563
     -1.40015    122.10906      1.20674    120.90233
     -1.39015    132.13728      1.13766    130.99961
     -1.38015     68.53428      0.52135     68.01293
     -1.37015     27.17835      0.22491     26.95344
     -1.36015     71.16409      0.66286     70.50124
     -1.35015    164.87944      1.48668    163.39276
     -1.34015    218.21866      2.12551    216.09315
     -1.33015    279.70910      3.18587    276.52323
     -1.32015    275.23931      3.19412    272.04520
     -1.31015    149.00460      1.57418    147.43042
     -1.30015     86.93684      0.91836     86.01847
     -1.29015    166.26087      2.05577    164.20509
     -1.28015    230.68094      3.08093    227.60001
     -1.27015    197.32394      2.45811    194.86583
     -1.26015    185.16915      1.74571    183.42343
     -1.25015    148.25890      1.31782    146.94108
     -1.24015    135.55309      1.52531    134.02778
     -1.23015    164.52154      1.93968    162.58185
     -1.22015    109.60969      1.12704    108.48265
     -1.21015     85.67264      0.51470     85.15794
     -1.20015    139.55827      1.11718    138.44109
     -1.19015    184.55989      2.36933    182.19056
     -1.18015    141.31215      2.24188    139.07027
     -1.17015     48.34508      0.84037     47.50471
     -1.16015     11.44371      0.22311     11.22059
     -1.15015     32.61508      0.68215     31.93293
     -1.14015     82.14620      1.66067     80.48553
     -1.13015    104.24311      1.81149    102.43162
     -1.12015     99.74325      1.33348     98.40978
     -1.11015     68.96787      0.89246     68.07541
     -1.10015     59.97170      1.12372     58.84798
     -1.09015     81.07027      1.71427     79.35599
     -1.08015     53.18906      1.12756     52.06150
     -1.07015     23.28945      0.40574     22.88370
     -1.06015     61.13874      0.85895     60.27979
     -1.05015    137.75404      2.14191    135.61212
     -1.04015    130.87117      2.27224    128.59893
     -1.03015     51.59703      0.97854     50.61849
     -1.02015     11.87209      0.24446     11.62763
     -1.01015     28.34542      0.60504     27.74038
     -1.00015     83.89710      1.69071     82.20639
     -0.99015    122.23107      2.09612    120.13495
     -0.98015    105.20098      1.43317    103.76780
     -0.97015     55.73284      0.73779     54.99505
     -0.96015     51.05522      1.02413     50.03108
     -0.95015     79.83856      1.74944     78.08912
     -0.94015     57.45318      1.23802     56.21516
     -0.93015     36.41439      0.57160     35.84280
     -0.92015     83.07780      1.10744     81.97036
     -0.91015    134.84216      2.14262    132.69954
     -0.90015    109.41467      2.06902    107.34565
     -0.89015     42.22294      0.88204     41.34090
     -0.88015     12.29188      0.26691     12.02496
     -0.87015     38.96133      0.80375     38.15758
     -0.86015    110.87638      2.07052    108.80586
     -0.85015    141.15206      2.26145    138.89061
     -0.84015     82.57662      1.13173     81.44490
     -0.83015     33.89630      0.55305     33.34324
     -0.82015     56.34533      1.25553     55.08981
     -0.81015     80.99571      1.81750     79.17821
     -0.80015     59.41490      1.14563     58.26926
     -0.79015     72.49184      0.92070     71.57114
     -0.78015    109.71589      1.54566    108.17023
     -0.77015    112.15318      2.10507    110.04811
     -0.76015     72.01931      1.56982     70.44949
     -0.75015     23.62443      0.52979     23.09464
     -0.74015     26.52545      0.50818     26.01727
     -0.73015    100.13404      1.77866     98.35538
     -0.72015    157.33168      2.62630    154.70538
     -0.71015     94.05427      1.47406     92.58021
     -0.70015     28.52919      0.48383     28.04535
     -0.69015     42.15868      0.96894     41.18974
     -0.68015     83.95199      1.90055     82.05145
     -0.67015     89.89607      1.66783     88.22824
     -0.66015     94.31541      1.19907     93.11635
     -0.65015     91.80732      1.30693     90.50039
     -0.64015     90.87188      1.88981     88.98207
     -0.63015     72.37752      1.68658     70.69094
     -0.62015     32.39650      0.69826     31.69823
     -0.61015     54.00332      0.83751     53.16581
     -0.60015    137.09860      2.22868    134.86992
     -0.59015    140.99749      2.47906    138.51843
     -0.58015     56.54790      1.07408     55.47381
     -0.57015     22.57385      0.50698     22.06687
     -0.56015     62.84510      1.41594     61.42915
     -0.55015    120.41062      2.32942    118.08120
     -0.54015    122.27088      1.81577    120.45511
     -0.53015     75.94736      1.03433     74.91303
     -0.52015     66.15870      1.41873     64.73997
     -0.51015     83.05575      2.00629     81.04946
     -0.50015     64.99985      1.33037     63.66948
     -0.49015     83.73404      1.13058     82.60345
     -0.48015    129.68604      2.04790    127.63815
     -0.47015    114.89552      2.33121    112.56431
     -0.46015     52.96987      1.22506     51.74481
     -0.45015     35.60640      0.73245     34.87394
     -0.44015    105.71180      1.92736    103.78443
     -0.43015    158.07314      2.72557    155.34756
     -0.42015     91.58110      1.51990     90.06120
     -0.41015     42.85844      0.90181     41.95663
     -0.40015     79.47858      1.87435     77.60423
     -0.39015    119.27250      2.30194    116.97056
     -0.38015    115.06755      1.62702    113.44053
     -0.37015     93.18653      1.56871     91.61782
     -0.36015     92.10157      2.18398     89.91759
     -0.35015     79.17529      1.74959     77.42570
     -0.34015     95.34042      1.43414     93.90627
     -0.33015    139.96683      2.35025    137.61658
     -0.32015    113.77493      2.38514    111.38979
     -0.31015     59.96816      1.31745     58.65070
     -0.30015     96.07775      1.73469     94.34306
     -0.29015    159.81886      2.84541    156.97345
     -0.28015    110.16131      2.02559    108.13572
     -0.27015     69.61603      1.46137     68.15465
     -0.26015    128.26249      2.54316    125.71933
     -0.25015    148.18390      2.53789    145.64601
     -0.24015    100.40793      1.79758     98.61035
     -0.23015    114.68615      2.44104    112.24511
     -0.22015    145.84880      2.61339    143.23541
     -0.21015    128.65832      2.16712    126.49120
     -0.20015    132.00935      2.67223    129.33713
     -0.19015    149.71224      2.66916    147.04308
     -0.18015    147.11543      2.51766    144.59777
     -0.17015    162.99692      3.03434    159.96259
     -0.16015    172.18198      2.85904    169.32294
     -0.15015    192.24518      3.16770    189.07747
     -0.14015    219.77642      3.50707    216.26935
     -0.13015    199.24220      3.24295    195.99925
     -0.12015    148.84187      3.11948    145.72238
     -0.11015    100.56518      2.68797     97.87721
     -0.10015     97.91318      2.85610     95.05708
     -0.09015     98.29878      2.89330     95.40549
     -0.08015    104.65363      3.08596    101.56767
     -0.07015    108.95405      3.21468    105.73937
     -0.06015    116.04595      3.42345    112.62251
     -0.05015    123.01568      3.62441    119.39127
     -0.04015    132.34767      3.88952    128.45814
     -0.03015    141.31071      4.13636    137.17435
     -0.02015    141.75417      4.12688    137.62729
     -0.01015    128.19814      3.70215    124.49599
     -0.00015    103.58697      2.96763    100.61934
      0.00985     51.95076      1.48346     50.46729
      0.01985     11.24904      0.32096     10.92808
      0.02985      0.92858      0.02649      0.90209
      0.03985      0.02839      0.00081      0.02758
      0.04985      0.00032      0.00001      0.00031
      0.05985      0.00000      0.00000      0.00000
      0.06985      0.00000      0.00000      0.00000
      0.07985      0.00000      0.00000      0.00000
      0.08985      0.00000      0.00000      0.00000
      0.09985      0.00000      0.00000      0.00000
      0.10985      0.00000      0.00000      0.00000
      0.11985      0.00000      0.00000      0.00000
      0.12985      0.00000      0.00000      0.00000
      0.13985      0.00000      0.00000      0.00000
      0.14985      0.00000      0.00000      0.00000
      0.15985      0.00000      0.00000      0.00000
      0.16985      0.00000      0.00000      0.00000
      0.17985      0.00000      0.00000      0.00000
      0.18985      0.00000      0.00000      0.00000
      0.19985      0.00000      0.00000      0.00000
      0.20985      0.00000      0.00000      0.00000
      0.21985      0.00000      0.00000      0.00000
      0.22985      0.00000      0.00000      0.00000
      0.23985      0.00000      0.00000      0.00000
      0.24985      0.00000      0.00000      0.00000
      0.25985      0.00000      0.00000      0.00000
      0.26985      0.00000      0.00000      0.00000
      0.27985      0.00000      0.00000      0.00000
      0.28985      0.00000      0.00000      0.00000
      0.29985      0.00000      0.00000      0.00000
      0.30985      0.00000      0.00000      0.00000
      0.31985      0.00000      0.00000      0.00000
      0.32985      0.00000      0.00000      0.00000
      0.33985      0.00000      0.00000      0.00000
      0.34985      0.00000      0.00000      0.00000
      0.35985      0.00000      0.00000      0.00000
      0.36985      0.00000      0.00000      0.00000
      0.37985      0.00000      0.00000      0.00000
      0.38985      0.00000      0.00000      0.00000
      0.39985      0.00000      0.00000      0.00000
      0.40985      0.00000      0.00000      0.00000
      0.41985      0.00000      0.00000      0.00000
      0.42985      0.00000      0.00000      0.00000
      0.43985      0.00000      0.00000      0.00000
      0.44985      0.00000      0.00000      0.00000
      0.45985      0.00000      0.00000      0.00000
      0.46985      0.00000      0.00000      0.00000
      0.47985      0.00000      0.00000      0.00000
      0.48985      0.00000      0.00000      0.00000
      0.49985      0.00000      0.00000      0.00000
      0.50985      0.00000      0.00000      0.00000
      0.51985      0.00000      0.00000      0.00000
      0.52985      0.00000      0.00000      0.00000
      0.53985      0.00000      0.00000      0.00000
      0.54985      0.00000      0.00000      0.00000
      0.55985      0.00000      0.00000      0.00000
      0.56985      0.00000      0.00000      0.00000
      0.57985      0.00000      0.00000      0.00000
      0.58985      0.00000      0.00000      0.00000
      0.59985      0.00000      0.00000      0.00000
      0.60985      0.00000      0.00000      0.00000
      0.61985      0.00000      0.00000      0.00000
      0.62985      0.00000      0.00000      0.00000
      0.63985      0.00000      0.00000      0.00000
      0.64985      0.00000      0.00000      0.00000
      0.65985      0.00000      0.00000      0.00000
      0.66985      0.00000      0.00000      0.00000
      0.67985      0.00000      0.00000      0.00000
      0.68985      0.00000      0.00000      0.00000
      0.69985      0.00000      0.00000      0.00000
      0.70985      0.00000      0.00000      0.00000
      0.71985      0.00000      0.00000      0.00000
      0.72985      0.00000      0.00000      0.00000
      0.73985      0.00000      0.00000      0.00000
      0.74985      0.00000      0.00000      0.00000
      0.75985      0.00000      0.00000      0.00000
      0.76985      0.00000      0.00000      0.00000
      0.77985      0.00000      0.00000      0.00000
      0.78985      0.00000      0.00000      0.00000
      0.79985      0.00000      0.00000      0.00000
      0.80985      0.00000      0.00000      0.00000
      0.81985      0.00000      0.00000      0.00000
      0.82985      0.00000      0.00000      0.00000
      0.83985      0.00000      0.00000      0.00000
      0.84985      0.00000      0.00000      0.00000
      0.85985      0.00000      0.00000      0.00000
      0.86985      0.00000      0.00000      0.00000
      0.87985      0.00000      0.00000      0.00000
      0.88985      0.00000      0.00000      0.00000
      0.89985      0.00000      0.00000      0.00000
      0.90985      0.00000      0.00000      0.00000
      0.91985      0.00000      0.00000      0.00000
      0.92985      0.00000      0.00000      0.00000
      0.93985      0.00000      0.00000      0.00000
      0.94985      0.00000      0.00000      0.00000
      0.95985      0.00000      0.00000      0.00000
      0.96985      0.00000      0.00000      0.00000
      0.97985      0.00000      0.00000      0.00000
      0.98985      0.00000      0.00000      0.00000
      0.99985      0.00000      0.00000      0.00000
      1.00985      0.00000      0.00000      0.00000
      1.01985      0.00000      0.00000      0.00000
      1.02985      0.00000      0.00000      0.00000
      1.03985      0.00000      0.00000      0.00000
      1.04985      0.00000      0.00000      0.00000
      1.05985      0.00000      0.00000      0.00000
      1.06985      0.00000      0.00000      0.00000
      1.07985      0.00000      0.00000      0.00000
      1.08985      0.00000      0.00000      0.00000
      1.09985      0.00000      0.00000      0.00000
      1.10985      0.00000      0.00000      0.00000
      1.11985      0.00000      0.00000      0.00000
      1.12985      0.00000      0.00000      0.00000
      1.13985      0.00000      0.00000      0.00000
      1.14985      0.00000      0.00000      0.00000
      1.15985      0.00000      0.00000      0.00000
      1.16985      0.00000      0.00000      0.00000
      1.17985      0.00000      0.00000      0.00000
      1.18985      0.00000      0.00000      0.00000
      1.19985      0.00000      0.00000      0.00000
      1.20985      0.00000      0.00000      0.00000
      1.21985      0.00000      0.00000      0.00000
      1.22985      0.00000      0.00000      0.00000
      1.23985      0.00000      0.00000      0.00000
      1.24985      0.00000      0.00000      0.00000
      1.25985      0.00000      0.00000      0.00000
      1.26985      0.00000      0.00000      0.00000
      1.27985      0.00000      0.00000      0.00000
      1.28985      0.00000      0.00000      0.00000
      1.29985      0.00000      0.00000      0.00000
      1.30985      0.00000      0.00000      0.00000
      1.31985      0.00000      0.00000      0.00000
      1.32985      0.00000      0.00000      0.00000
      1.33985      0.00000      0.00000      0.00000
      1.34985      0.00000      0.00000      0.00000
      1.35985      0.00000      0.00000      0.00000
      1.36985      0.00000      0.00000      0.00000
      1.37985      0.00000      0.00000      0.00000
      1.38985      0.00000      0.00000      0.00000
      1.39985      0.00000      0.00000      0.00000
      1.40985      0.00000      0.00000      0.00000
      1.41985      0.00000      0.00000      0.00000
      1.42985      0.00000      0.00000      0.00000
      1.43985      0.00000      0.00000      0.00000
      1.44985      0.00000      0.00000      0.00000
      1.45985      0.00000      0.00000      0.00000
      1.46985      0.00000      0.00000      0.00000
      1.47985      0.00000      0.00000      0.00000
      1.48985      0.00000      0.00000      0.00000
      1.49985      0.00000      0.00000      0.00000
      1.50985      0.00000      0.00000      0.00000
      1.51985      0.00000      0.00000      0.00000
      1.52985      0.00000      0.00000      0.00000
      1.53985      0.00000      0.00000      0.00000
      1.54985      0.00000      0.00000      0.00000
      1.55985      0.00000      0.00000      0.00000
      1.56985      0.00000      0.00000      0.00000
      1.57985      0.00000      0.00000      0.00000
      1.58985      0.00000      0.00000      0.00000
      1.59985      0.00000      0.00000      0.00000
      1.60985      0.00000      0.00000      0.00000
      1.61985      0.00000      0.00000      0.00000
      1.62985      0.00000      0.00000      0.00000
      1.63985      0.00000      0.00000      0.00000
      1.64985      0.00000      0.00000      0.00000
      1.65985      0.00000      0.00000      0.00000
      1.66985      0.00000      0.00000      0.00000
      1.67985      0.00000      0.00000      0.00000
      1.68985      0.00000      0.00000      0.00000
      1.69985      0.00000      0.00000      0.00000
      1.70985      0.00000      0.00000      0.00000
      1.71985      0.00000      0.00000      0.00000
      1.72985      0.00000      0.00000      0.00000
      1.73985      0.00000      0.00000      0.00000
      1.74985      0.00000      0.00000      0.00000
      1.75985      0.00000      0.00000      0.00000
      1.76985      0.00000      0.00000      0.00000
      1.77985      0.00000      0.00000      0.00000
      1.78985      0.00000      0.00000      0.00000
      1.79985      0.00000      0.00000      0.00000
      1.80985      0.00000      0.00000      0.00000
      1.81985      0.00000      0.00000      0.00000
      1.82985      0.00000      0.00000      0.00000
      1.83985      0.00000      0.00000      0.00000
      1.84985      0.00000      0.00000      0.00000
      1.85985      0.00000      0.00000      0.00000
      1.86985      0.00000      0.00000      0.00000
      1.87985      0.00000      0.00000      0.00000
      1.88985      0.00000      0.00000      0.00000
      1.89985      0.00000      0.00000      0.00000
      1.90985      0.00000      0.00000      0.00000
      1.91985      0.00000      0.00000      0.00000
      1.92985      0.00000      0.00000      0.00000
      1.93985      0.00000      0.00000      0.00000
      1.94985      0.00000      0.00000      0.00000
      1.95985      0.00000      0.00000      0.00000
      1.96985      0.00000      0.00000      0.00000
      1.97985      0.00000      0.00000      0.00000
      1.98985      0.00000      0.00000      0.00000
      1.99985      0.00000      0.00000      0.00000
      2.00985      0.00000      0.00000      0.00000
      2.01985      0.00000      0.00000      0.00000
      2.02985      0.00000      0.00000      0.00000
      2.03985      0.00000      0.00000      0.00000
      2.04985      0.00000      0.00000      0.00000
      2.05985      0.00000      0.00000      0.00000
      2.06985      0.00000      0.00000      0.00000
      2.07985      0.00000      0.00000      0.00000
      2.08985      0.00000      0.00000      0.00000
      2.09985      0.00000      0.00000      0.00000
      2.10985      0.00000      0.00000      0.00000
      2.11985      0.00000      0.00000      0.00000
      2.12985      0.00000      0.00000      0.00000
      2.13985      0.00000      0.00000      0.00000
      2.14985      0.00000      0.00000      0.00000
      2.15985      0.00000      0.00000      0.00000
      2.16985      0.00000      0.00000      0.00000
      2.17985      0.00000      0.00000      0.00000
      2.18985      0.00000      0.00000      0.00000
      2.19985      0.00000      0.00000      0.00000
      2.20985      0.00000      0.00000      0.00000
      2.21985      0.00000      0.00000      0.00000
      2.22985      0.00000      0.00000      0.00000
      2.23985      0.00000      0.00000      0.00000
      2.24985      0.00000      0.00000      0.00000
      2.25985      0.00000      0.00000      0.00000
      2.26985      0.00000      0.00000      0.00000
      2.27985      0.00000      0.00000      0.00000
      2.28985      0.00000      0.00000      0.00000
      2.29985      0.00000      0.00000      0.00000
      2.30985      0.00000      0.00000      0.00000
      2.31985      0.00000      0.00000      0.00000
      2.32985      0.00000      0.00000      0.00000
      2.33985      0.00000      0.00000      0.00000
      2.34985      0.00000      0.00000      0.00000
      2.35985      0.00000      0.00000      0.00000
      2.36985      0.00000      0.00000      0.00000
      2.37985      0.00000      0.00000      0.00000
      2.38985      0.00000      0.00000      0.00000
      2.39985      0.00000      0.00000      0.00000
      2.40985      0.00000      0.00000      0.00000
      2.41985      0.00000      0.00000      0.00000
      2.42985      0.00000      0.00000      0.00000
      2.43985      0.00000      0.00000      0.00000
      2.44985      0.00000      0.00000      0.00000
      2.45985      0.00000      0.00000      0.00000
      2.46985      0.00000      0.00000      0.00000
      2.47985      0.00000      0.00000      0.00000
      2.48985      0.00000      0.00000      0.00000
      2.49985      0.00000      0.00000      0.00000
      2.50985      0.00000      0.00000      0.00000
      2.51985      0.00000      0.00000      0.00000
      2.52985      0.00000      0.00000      0.00000
      2.53985      0.00000      0.00000      0.00000
      2.54985      0.00000      0.00000      0.00000
      2.55985      0.00000      0.00000      0.00000
      2.56985      0.00000      0.00000      0.00000
      2.57985      0.00000      0.00000      0.00000
      2.58985      0.00000      0.00000      0.00000
      2.59985      0.00000      0.00000      0.00000
      2.60985      0.00000      0.00000      0.00000
      2.61985      0.00000      0.00000      0.00000
      2.62985      0.00000      0.00000      0.00000
      2.63985      0.00000      0.00000      0.00000
      2.64985      0.00000      0.00000      0.00000
      2.65985      0.00000      0.00000      0.00000
      2.66985      0.00000      0.00000      0.00000
      2.67985      0.00000      0.00000      0.00000
      2.68985      0.00000      0.00000      0.00000
      2.69985      0.00000      0.00000      0.00000
      2.70985      0.00000      0.00000      0.00000
      2.71985      0.00000      0.00000      0.00000
      2.72985      0.00000      0.00000      0.00000
      2.73985      0.00000      0.00000      0.00000
      2.74985      0.00000      0.00000      0.00000
      2.75985      0.00000      0.00000      0.00000
      2.76985      0.00000      0.00000      0.00000
      2.77985      0.00000      0.00000      0.00000
      2.78985      0.00000      0.00000      0.00000
      2.79985      0.00000      0.00000      0.00000
      2.80985      0.00000      0.00000      0.00000
      2.81985      0.00000      0.00000      0.00000
      2.82985      0.00000      0.00000      0.00000
      2.83985      0.00000      0.00000      0.00000
      2.84985      0.00000      0.00000      0.00000
      2.85985      0.00000      0.00000      0.00000
      2.86985      0.00000      0.00000      0.00000
      2.87985      0.00000      0.00000      0.00000
      2.88985      0.00000      0.00000      0.00000
      2.89985      0.00000      0.00000      0.00000
      2.90985      0.00000      0.00000      0.00000
      2.91985      0.00000      0.00000      0.00000
      2.92985      0.00000      0.00000      0.00000
      2.93985      0.00000      0.00000      0.00000
      2.94985      0.00000      0.00000      0.00000
      2.95985      0.00000      0.00000      0.00000
      2.96985      0.00000      0.00000      0.00000
      2.97985      0.00000      0.00000      0.00000
      2.98985      0.00000      0.00000      0.00000
      2.99985      0.00000      0.00000      0.00000
      3.00985      0.00000      0.00000      0.00000
      3.01985      0.00000      0.00000      0.00000
      3.02985      0.00000      0.00000      0.00000
      3.03985      0.00000      0.00000      0.00000
      3.04985      0.00000      0.00000      0.00000
      3.05985      0.00000      0.00000      0.00000
      3.06985      0.00000      0.00000      0.00000
      3.07985      0.00000      0.00000      0.00000
      3.08985      0.00000      0.00000      0.00000
      3.09985      0.00000      0.00000      0.00000
      3.10985      0.00000      0.00000      0.00000
      3.11985      0.00000      0.00000      0.00000
      3.12985      0.00000      0.00000      0.00000
      3.13985      0.00000      0.00000      0.00000
      3.14985      0.00000      0.00000      0.00000
      3.15985      0.00000      0.00000      0.00000
      3.16985      0.00000      0.00000      0.00000
      3.17985      0.00000      0.00000      0.00000
      3.18985      0.00000      0.00000      0.00000
      3.19985      0.00000      0.00000      0.00000
      3.20985      0.00000      0.00000      0.00000
      3.21985      0.00000      0.00000      0.00000
      3.22985      0.00000      0.00000      0.00000
      3.23985      0.00000      0.00000      0.00000
      3.24985      0.00000      0.00000      0.00000
      3.25985      0.00000      0.00000      0.00000
      3.26985      0.00000      0.00000      0.00000
      3.27985      0.00000      0.00000      0.00000
      3.28985      0.00000      0.00000      0.00000
      3.29985      0.00000      0.00000      0.00000
      3.30985      0.02443      0.00026      0.02417
      3.31985      0.89706      0.00973      0.88734
      3.32985     12.66837      0.13778     12.53059
      3.33985     71.51708      0.78247     70.73461
      3.34985    174.61821      1.93399    172.68423
      3.35985    218.74030      2.48523    216.25507
      3.36985    191.57633      2.27740    189.29893
      3.37985    160.35994      2.01824    158.34170
      3.38985    141.59011      1.88578    139.70433
      3.39985    129.78807      1.82559    127.96248
      3.40985    120.67717      1.78822    118.88894
      3.41985    114.76821      1.78861    112.97960
      3.42985    108.19080      1.77068    106.42012
      3.43985    106.74586      1.82986    104.91600
      3.44985    114.29083      2.04893    112.24190
      3.45985    163.98726      3.01174    160.97551
      3.46985    216.20348      4.01431    212.18917
      3.47985    226.63764      4.28852    222.34912
      3.48985    195.97962      3.79187    192.18775
      3.49985    186.51950      3.72535    182.79415
      3.50985    159.96380      3.28113    156.68267
      3.51985    164.30832      3.44757    160.86074
      3.52985    159.84566      3.44286    156.40280
      3.53985    125.42303      2.81069    122.61234
      3.54985    160.27316      3.61866    156.65450
      3.55985    145.36353      3.30544    142.05809
      3.56985    110.34162      2.72982    107.61180
      3.57985    138.62398      3.40935    135.21463
      3.58985    145.48851      3.42868    142.05983
      3.59985    124.42290      3.23181    121.19110
      3.60985    101.86827      2.82852     99.03975
      3.61985    118.91784      3.06144    115.85639
      3.62985    159.36614      4.15552    155.21062
      3.63985    110.81772      3.09275    107.72497
      3.64985     76.47723      2.37042     74.10680
      3.65985    126.05766      3.72647    122.33119
      3.66985    144.10928      3.86610    140.24317
      3.67985    112.51022      3.23630    109.27392
      3.68985     96.72194      3.32653     93.39541
      3.69985     80.74861      2.69267     78.05594
      3.70985    119.82120      3.53602    116.28518
      3.71985    157.95687      4.79170    153.16517
      3.72985     94.77037      3.10065     91.66971
      3.73985     63.38401      2.44883     60.93518
      3.74985    101.59411      3.82106     97.77304
      3.75985    125.11359      3.92879    121.18480
      3.76985    126.34741      3.84363    122.50378
      3.77985    111.50693      4.19999    107.30694
      3.78985     69.90259      2.96385     66.93873
      3.79985     61.00210      2.46986     58.53224
      3.80985    130.17586      4.75070    125.42516
      3.81985    147.97092      4.97682    142.99410
      3.82985     86.55659      3.05780     83.49880
      3.83985     78.22167      3.62109     74.60058
      3.84985     80.32172      3.82894     76.49278
      3.85985     75.09096      2.92467     72.16629
      3.86985    134.35524      4.80998    129.54526
      3.87985    145.34539      5.64865    139.69674
      3.88985     70.44320      3.06400     67.37920
      3.89985     52.20896      2.73400     49.47496
      3.90985     88.22803      4.55706     83.67097
      3.91985    102.02617      4.26203     97.76414
      3.92985    119.79962      4.16338    115.63624
      3.93985    126.00263      5.40455    120.59807
      3.94985     85.09789      4.42726     80.67063
      3.95985     41.25744      2.33716     38.92028
      3.96985     66.78356      3.67088     63.11267
      3.97985    124.19021      5.87378    118.31644
      3.98985    127.73294      4.85765    122.87529
      3.99985     94.64475      3.90837     90.73638
      4.00985     89.41966      5.10704     84.31263
      4.01985     66.07074      4.07637     61.99437
      4.02985     41.79919      2.41707     39.38213
      4.03985     97.41352      4.92769     92.48583
      4.04985    157.61777      8.91091    148.70685
      4.05985    133.71778     31.45366    102.26412
      4.06985    229.67320    158.69109     70.98211
      4.07985    494.42836    381.46053    112.96782
      4.08985    565.42423    453.94450    111.47972
      4.09985    495.03873    397.96712     97.07161
      4.10985    615.50747    447.16780    168.33968
      4.11985    754.14988    547.35110    206.79879
      4.12985    658.50771    527.75124    130.75646
      4.13985    540.56233    452.02461     88.53772
      4.14985    515.23930    402.12847    113.11083
      4.15985    483.04133    370.22702    112.81432
      4.16985    454.96815    345.95759    109.01056
      4.17985    487.27264    329.88997    157.38267
      4.18985    478.65478    316.01423    162.64055
      4.19985    396.28287    299.43502     96.84785
      4.20985    346.06426    285.20821     60.85605
      4.21985    365.68203    276.48931     89.19272
      4.22985    382.69275    268.00105    114.69170
      4.23985    376.29552    257.25826    119.03726
      4.24985    385.85545    249.46315    136.39230
      4.25985    377.50601    243.14817    134.35785
      4.26985    330.70489    234.75185     95.95304
      4.27985    279.51510    225.62814     53.88695
      4.28985    287.32345    219.77492     67.54853
      4.29985    333.28992    218.00782    115.28210
      4.30985    345.66062    210.91955    134.74107
      4.31985    326.80548    205.56672    121.23876
      4.32985    332.20875    198.70801    133.50074
      4.33985    420.59499    198.29221    222.30278
      4.34985    429.79206    191.90440    237.88766
      4.35985    374.10742    188.86202    185.24540
      4.36985    387.17780    184.38648    202.79132
      4.37985    433.91691    184.80788    249.10904
      4.38985    398.02012    178.99052    219.02960
      4.39985    325.52368    172.81622    152.70746
      4.40985    347.51755    175.07199    172.44556
      4.41985    316.54952    164.83181    151.71771
      4.42985    269.77064    170.33390     99.43674
      4.43985    298.78640    156.89214    141.89426
      4.44985    379.05699    169.49594    209.56105
      4.45985    341.04473    157.04011    184.00462
      4.46985    286.85022    156.53231    130.31792
      4.47985    296.86545    157.57923    139.28622
      4.48985    283.77508    147.76615    136.00893
      4.49985    246.18892    154.14468     92.04424
      4.50985    235.27335    144.15021     91.12314
      4.51985    321.38015    147.74603    173.63411
      4.52985    366.83649    151.05933    215.77716
      4.53985    278.02728    141.54735    136.47994
      4.54985    232.95840    140.83509     92.12331
      4.55985    373.15502    151.88080    221.27422
      4.56985    550.20310    160.37224    389.83086
      4.57985    535.33561    159.92004    375.41557
      4.58985    451.94459    159.33355    292.61105
      4.59985    464.21090    147.43477    316.77614
      4.60985    537.14060    150.63925    386.50135
      4.61985    493.17643    157.05712    336.11931
      4.62985    350.20832    133.35626    216.85206
      4.63985    316.80557    137.42413    179.38144
      4.64985    385.11994    151.57311    233.54683
      4.65985    422.26099    129.13155    293.12944
      4.66985    418.50528    135.98698    282.51830
      4.67985    391.82205    148.51093    243.31112
      4.68985    317.93323    117.80208    200.13115
      4.69985    335.08482    128.76013    206.32470
      4.70985    377.96963    150.83674    227.13288
      4.71985    332.01087    115.00567    217.00520
      4.72985    303.48278    116.03954    187.44323
      4.73985    345.16441    149.62153    195.54288
      4.74985    370.25215    120.64732    249.60483
      4.75985    343.89638    105.96869    237.92769
      4.76985    349.02764    145.29437    203.73327
      4.77985    314.93939    126.32860    188.61079
      4.78985    258.75811     91.16558    167.59253
      4.79985    311.38786    132.29441    179.09345
      4.80985    318.62174    142.47179    176.14995
      4.81985    277.11973     91.19293    185.92680
      4.82985    358.42644    108.74989    249.67654
      4.83985    361.44322    150.10770    211.33552
      4.84985    274.67646    108.73422    165.94224
      4.85985    253.48570     81.77743    171.70827
      4.86985    322.41636    135.20243    187.21393
      4.87985    319.00041    139.12485    179.87556
      4.88985    216.96650     78.41361    138.55289
      4.89985    241.54661     94.11306    147.43355
      4.90985    341.65125    149.26735    192.38390
      4.91985    366.18752    116.60580    249.58171
      4.92985    309.96688     72.32410    237.64278
      4.93985    268.64761    115.46480    153.18281
      4.94985    253.45784    145.34522    108.11262
      4.95985    169.88269     83.96411     85.91857
      4.96985    206.79746     67.76093    139.03653
      4.97985    354.54215    135.47330    219.06884
      4.98985    393.74812    142.94507    250.80305
      4.99985    290.45233     73.21324    217.23910
      5.00985    195.46742     69.62563    125.84179
      5.01985    258.76704    138.70378    120.06326
      5.02985    296.07027    132.21231    163.85796
      5.03985    179.65412     60.30326    119.35085
      5.04985    181.82888     71.33026    110.49861
      5.05985    320.57018    143.90773    176.66245
      5.06985    327.06482    125.69626    201.36856
      5.07985    272.56373     58.49138    214.07235
      5.08985    269.10394     74.62702    194.47691
      5.09985    263.96353    141.96163    122.00191
      5.10985    241.40078    123.84776    117.55302
      5.11985    201.89587     53.97668    147.91919
      5.12985    179.67476     61.83660    117.83816
      5.13985    243.82489    135.85765    107.96724
      5.14985    265.15363    131.45366    133.69997
      5.15985    209.86662     57.52913    152.33749
      5.16985    255.11697     56.36537    198.75160
      5.17985    357.32755    131.04052    226.28703
      5.18985    299.01665    141.69589    157.32075
      5.19985    165.13031     63.57670    101.55361
      5.20985    211.69340     43.61862    168.07479
      5.21985    390.33521    116.10863    274.22658
      5.22985    454.75660    161.95049    292.80611
      5.23985    320.37911     91.60051    228.77860
      5.24985    152.04509     34.10406    117.94102
      5.25985    110.80813     71.48242     39.32571
      5.26985    193.34169    143.04375     50.29794
      5.27985    234.22006    114.03590    120.18416
      5.28985    206.01547     45.15234    160.86313
      5.29985    196.12970     50.91069    145.21901
      5.30985    294.71702    127.77524    166.94178
      5.31985    341.97828    143.86685    198.11143
      5.32985    219.75198     65.12038    154.63160
      5.33985    169.49634     33.80368    135.69266
      5.34985    250.86917     91.14019    159.72898
      5.35985    251.17758    149.15136    102.02621
      5.36985    152.47981     97.17411     55.30570
      5.37985    155.63997     34.75441    120.88556
      5.38985    265.92930     55.09780    210.83150
      5.39985    313.89165    130.90039    182.99126
      5.40985    275.66564    138.77127    136.89436
      5.41985    221.51244     63.46278    158.04966
      5.42985    191.60801     34.54669    157.06132
      5.43985    258.99812     89.67816    169.31997
      5.44985    307.74402    149.08415    158.65987
      5.45985    174.63284     99.86512     74.76771
      5.46985     88.33920     36.31182     52.02738
      5.47985    164.26325     56.88661    107.37664
      5.48985    292.06690    123.52259    168.54431
      5.49985    343.71404    133.14269    210.57135
      5.50985    299.56338     80.49329    219.07009
      5.51985    260.98418     69.62372    191.36046
      5.52985    237.17768     93.71645    143.46122
      5.53985    193.31022    102.55607     90.75415
      5.54985    192.36323    120.19850     72.16473
      5.55985    277.21111    119.76295    157.44816
      5.56985    308.80033     84.20655    224.59378
      5.57985    228.96471     84.52408    144.44063
      5.58985    240.58076    136.79609    103.78467
      5.59985    319.84599    127.81339    192.03259
      5.60985    301.33395     85.57728    215.75667
      5.61985    194.19503     85.74293    108.45209
      5.62985    135.04046     77.82423     57.21623
      5.63985    200.35994     85.68537    114.67457
      5.64985    298.73571    109.10314    189.63257
      5.65985    296.33183    107.69746    188.63437
      5.66985    232.68528     81.52975    151.15553
      5.67985    299.43465    120.18763    179.24702
      5.68985    519.41643    328.30376    191.11267
      5.69985    662.09521    494.06674    168.02848
      5.70985    518.79214    384.95120    133.84094
      5.71985    347.74368    231.95808    115.78559
      5.72985    379.11515    195.84572    183.26942
      5.73985    470.59178    210.12279    260.46900
      5.74985    484.57380    215.93036    268.64345
      5.75985    344.94359    158.96220    185.98140
      5.76985    251.65610    122.38231    129.27379
      5.77985    367.43411    194.16131    173.27280
      5.78985    420.68208    230.16181    190.52027
      5.79985    326.38755    162.49364    163.89391
      5.80985    280.64844     99.67252    180.97593
      5.81985    379.99033    122.74181    257.24852
      5.82985    469.35068    185.26844    284.08224
      5.83985    429.27462    205.59973    223.67489
      5.84985    402.47688    240.02703    162.44984
      5.85985    403.96729    211.54260    192.42468
      5.86985    496.36782    212.46722    283.90060
      5.87985    612.10440    248.45489    363.64951
      5.88985    523.73587    213.91437    309.82150
      5.89985    418.16036    188.88676    229.27360
      5.90985    364.98722    152.23155    212.75567
      5.91985    285.88524    135.69274    150.19250
      5.92985    175.81243    113.98498     61.82745
      5.93985     73.24791     58.37292     14.87499
      5.94985     17.20626     14.82660      2.37966
      5.95985     21.60755     17.79042      3.81713
      5.96985    123.51652     95.46274     28.05378
      5.97985    303.64578    212.22681     91.41897
      5.98985    351.68571    204.28127    147.40444
      5.99985    321.32724    161.47995    159.84729
      6.00985    301.06181    157.17303    143.88878
      6.01985    198.41008     86.17311    112.23697
      6.02985    113.19207     24.14113     89.05094
      6.03985     53.04321      5.84802     47.19520
      6.04985     12.07103      1.32482     10.74621
      6.05985      8.68009      4.58628      4.09381
      6.06985     63.94926     32.93730     31.01196
      6.07985    217.30546    102.06097    115.24449
      6.08985    319.68735    155.29873    164.38862
      6.09985    249.93139    155.73222     94.19917
      6.10985    191.12728    159.57938     31.54790
      6.11985    194.23629    172.98274     21.25355
      6.12985    155.05949    116.85555     38.20394
      6.13985    165.86556     68.35496     97.51060
      6.14985    288.31446    139.76799    148.54648
      6.15985    370.96251    242.15469    128.80782
      6.16985    370.98064    260.05204    110.92860
      6.17985    297.51448    189.66486    107.84962
      6.18985    223.04438    154.26280     68.78158
      6.19985    284.52980    235.48825     49.04156
      6.20985    272.52452    228.54570     43.97882
      6.21985    142.49664     99.40538     43.09126
      6.22985    120.83981     43.16689     77.67292
      6.23985    210.09684     98.39580    111.70104
      6.24985    319.27042    186.23868    133.03174
      6.25985    378.65295    240.40560    138.24736
      6.26985    352.13231    224.90908    127.22323
      6.27985    213.05675    133.12090     79.93585
      6.28985    163.46143    110.00191     53.45952
      6.29985    205.60649    125.75353     79.85296
      6.30985    187.26236    102.54151     84.72085
      6.31985    150.34153    103.05726     47.28427
      6.32985    153.89542    121.01186     32.88356
      6.33985    164.64438    105.21727     59.42711
      6.34985    274.35371    123.66420    150.68951
      6.35985    420.71987    183.58798    237.13189
      6.36985    396.26274    211.03288    185.22986
      6.37985    273.49696    193.45555     80.04141
      6.38985    167.15813    138.23277     28.92536
      6.39985    136.38474    103.88616     32.49858
      6.40985    181.79457    109.17492     72.61965
      6.41985    225.32482    138.53896     86.78586
      6.42985    197.91520    145.78027     52.13493
      6.43985    134.91007     99.60906     35.30101
      6.44985    156.90958     89.73841     67.17116
      6.45985    176.77866     89.82515     86.95351
      6.46985    203.79277    115.90710     87.88567
      6.47985    285.92549    163.12976    122.79662
      6.48985    277.32830    140.89707    136.47909
      6.49985    204.89808     94.90499    110.98082
      6.50985    247.47593    186.09276     69.39804
      6.51985    466.81925    442.70058     51.03158
      6.52985    532.01934    530.98566     42.33579
      6.53985    416.41356    401.14436     52.41079
      6.54985    475.11590    435.08507     80.70098
      6.55985    697.61071    688.55632     72.67422
      6.56985    824.16340    815.27181     82.50607
      6.57985    861.39405    808.13975    116.73334
      6.58985    821.32044    754.24324    120.20787
      6.59985    617.09071    567.60880     96.43393
      6.60985    385.87257    378.56771     46.09823
      6.61985    325.03045    327.09992     31.93048
      6.62985    450.25800    402.17876     85.09445
      6.63985    542.12935    447.89815    131.96123
      6.64985    481.49575    421.74796     94.74685
      6.65985    387.10642    387.10331     33.11181
      6.66985    384.73134    398.35202     20.75307
      6.67985    392.96997    370.46072     55.59461
      6.68985    381.74072    327.95300     81.09254
      6.69985    355.04322    331.40810     48.54516
      6.70985    353.43165    360.80165     20.45385
      6.71985    378.89565    359.30708     49.37032
      6.72985    433.49909    329.96730    132.35321
      6.73985    540.09123    369.10031    197.77461
      6.74985    539.10433    382.57307    177.68823
      6.75985    417.06850    344.73728     93.03605
      6.76985    348.59000    338.01450     36.52846
      6.77985    308.69557    318.18062     17.94843
      6.78985    284.64981    298.78405     11.28831
      6.79985    309.19167    307.79561     25.93834
      6.80985    383.70441    324.80473     82.08494
      6.81985    449.14168    324.79064    141.99988
      6.82985    427.85457    307.62086    138.97418
      6.83985    320.91638    253.39944     89.45531
      6.84985    233.80830    208.07719     46.78679
      6.85985    290.40189    248.40529     64.80936
      6.86985    317.81332    259.45251     78.48182
      6.87985    265.59263    249.33469     37.80922
      6.88985    204.32690    215.56034      8.78073
      6.89985    203.43575    213.53539      6.86326
      6.90985    251.34227    252.56533     18.76210
      6.91985    319.06836    260.71504     77.23306
      6.92985    464.76764    289.88720    190.63342
      6.93985    474.37130    265.47780    219.08333
      6.94985    274.08552    149.69096    128.14771
      6.95985    227.65196    144.29077     88.93416
      6.96985    378.83168    310.71128     85.17539
      6.97985    456.43278    439.33485     42.94196
      6.98985    375.37720    384.38415     13.43303
      6.99985    261.49439    265.71260     13.81803
      7.00985    290.28048    251.68537     58.27465
      7.01985    388.69563    270.69915    134.34232
      7.02985    379.19500    245.71056    141.91979
      7.03985    279.99438    220.67239     70.02651
      7.04985    212.18269    215.18080     16.65500
      7.05985    137.21634    140.18016     11.92923
      7.06985     94.36136     53.67935     45.48309
      7.07985    168.13613     92.91297     80.27032
      7.08985    338.03965    264.58718     87.28835
      7.09985    488.20189    394.35513    115.76905
      7.10985    483.34685    372.15610    137.03919
      7.11985    374.06097    259.38286    133.39524
      7.12985    292.20880    177.41032    123.83577
      7.13985    324.37083    235.01543    104.39075
      7.14985    348.59913    292.01322     79.08599
      7.15985    234.01884    207.92890     39.22766
      7.16985    170.20022    129.29002     45.82881
      7.17985    275.01635    180.43816    104.23028
      7.18985    346.43563    242.36893    121.69923
      7.19985    258.79520    206.51889     67.66997
      7.20985    176.71567    140.32084     42.67335
      7.21985    160.13132     83.90736     77.32330
      7.22985    184.21679     73.68795    110.63951
      7.23985    242.44280    117.25993    125.86699
      7.24985    314.83201    198.26617    121.67805
      7.25985    410.23526    302.55281    123.08559
      7.26985    459.73251    342.56546    138.18430
      7.27985    410.99747    302.63871    124.33985
      7.28985    319.72142    257.60935     74.83646
      7.29985    391.78519    331.28048     78.71578
      7.30985    611.22924    458.25470    172.83160
      7.31985    696.60633    469.00914    240.03187
      7.32985    542.40056    350.84173    199.22888
      7.33985    425.08994    251.07845    185.98175
      7.34985    433.34843    246.09272    203.18633
      7.35985    351.19507    228.04385    137.41288
      7.36985    218.89458    141.89755     84.62680
      7.37985    162.07290     78.93824     86.21365
      7.38985    218.68631    136.73939     88.14199
      7.39985    356.78189    288.76553     79.33082
      7.40985    438.72242    353.82738     97.32252
      7.41985    377.54780    259.86653    128.04366
      7.42985    300.81592    149.68800    155.72317
      7.43985    296.91413    119.18638    178.54447
      7.44985    224.48758     80.16264    144.38139
      7.45985    148.84653     64.09493     84.82443
      7.46985    228.70935    156.71786     72.82890
      7.47985    402.91118    308.03983     98.64749
      7.48985    455.29233    364.27701     98.28030
      7.49985    313.25107    262.94376     58.02449
      7.50985    190.81299    133.71432     62.38310
      7.51985    206.35863     80.76200    127.43501
      7.52985    314.19977    135.78944    178.67471
      7.53985    426.60523    230.00843    196.72054
      7.54985    404.88512    245.34854    160.56066
      7.55985    300.00586    224.36706     80.41698
      7.56985    336.65766    310.12312     40.89467
      7.57985    476.47758    427.77462     72.85731
      7.58985    439.54930    338.18906    120.36369
      7.59985    390.64210    219.94560    182.20440
      7.60985    469.55081    219.96002    262.03778
      7.61985    504.80113    245.84631    274.22053
      7.62985    426.50593    249.43156    191.07967
      7.63985    298.30199    221.47632     88.20002
      7.64985    207.71312    180.19664     35.36307
      7.65985    177.46839    158.88379     26.24083
      7.66985    221.21963    172.68942     61.34165
      7.67985    272.57084    188.07316     96.47852
      7.68985    269.52188    185.90901     93.66797
      7.69985    204.37498    139.71434     73.70336
      7.70985    216.63799    107.76011    114.19165
      7.71985    294.62995    147.44087    154.96156
      7.72985    253.05586    167.54069     98.02033
      7.73985    208.04533    153.14325     63.34374
      7.74985    227.45292    169.95275     62.62735
      7.75985    240.00197    204.90884     43.26097
      7.76985    201.78484    167.21150     41.81867
      7.77985    121.47945     78.70710     45.18171
      7.78985     50.05641     25.34273     25.03720
      7.79985     54.88151     28.24462     27.17638
      7.80985    166.00601    101.49697     68.06495
      7.81985    268.22190    182.68693     94.57448
      7.82985    296.91910    197.68550    109.32715
      7.83985    320.53845    217.25076    112.24925
      7.84985    267.56413    185.82301     89.02644
      7.85985    186.82373    108.55266     81.12126
      7.86985    154.92163     98.04552     57.30160
      7.87985    131.66971    102.29585     29.39732
      7.88985    111.65786     83.49318     28.16516
      7.89985    103.58800     51.81471     51.77342
      7.90985    130.93940     57.46372     73.48361
      7.91985    129.92361     83.29531     46.80829
      7.92985     87.08419     75.58865     12.99819
      7.93985     88.39289     90.07055      2.93771
      7.94985    133.38462    128.47169     10.14788
      7.95985    223.51427    185.86538     40.22735
      7.96985    393.86650    299.61745     97.64723
      7.97985    542.10212    402.35220    148.36443
      7.98985    484.18544    337.65990    155.59359
      7.99985    366.02697    236.59665    133.24896
      8.00985    283.65376    216.86127     68.05915
      8.01985    191.14797    173.18270     18.96151
      8.02985     97.86356     93.15970      6.93866
      8.03985    110.61965     95.44170     21.74805
      8.04985    203.47668    153.08739     59.35254
      8.05985    244.62216    188.02728     62.94065
      8.06985    166.88704    143.14695     26.56275
      8.07985     60.69972     55.10405      6.25432
      8.08985     45.87845     37.64846      8.29366
      8.09985    101.10711     82.31928     18.79016
      8.10985    158.66142    132.91035     25.75115
      8.11985    183.58442    149.56398     34.02410
      8.12985    163.06532    109.14308     54.02493
      8.13985    199.47687    106.99802     93.54087
      8.14985    288.73814    181.07512    111.70929
      8.15985    386.75009    287.78761    104.71383
      8.16985    370.41077    304.11312     69.70411
      8.17985    258.60080    212.90048     47.16423
      8.18985    230.65977    133.26137     98.05542
      8.19985    266.42400    106.19391    160.45163
      8.20985    278.98032    108.85109    171.11044
      8.21985    364.31151    183.14696    186.30673
      8.22985    416.95159    260.95634    166.44972
      8.23985    270.62726    197.70414     83.74622
      8.24985    198.44474    161.77510     48.83233
      8.25985    291.32134    222.53238     79.54329
      8.26985    376.52676    278.91822    101.62834
      8.27985    354.61888    267.88427     87.50202
      8.28985    286.51865    217.45757     70.31517
      8.29985    239.74926    189.42706     52.97096
      8.30985    219.21707    181.61287     39.79876
      8.31985    193.47461    162.54921     31.72158
      8.32985    155.01275    128.78701     26.52554
      8.33985    163.60237    118.91888     46.29273
      8.34985    172.10684    126.38254     52.59516
