Energy-E_F (eV)    DOS (1/eV)    PDOS (1/eV)  of atom type H  C  
     -6.84015    201.93105      9.99230    191.93875
     -6.83015    293.52201     22.64620    270.87580
     -6.82015    228.81508     22.29405    206.52103
     -6.81015    124.71329      9.60189    115.11140
     -6.80015     89.80010      2.87126     86.92884
     -6.79015     62.89826      1.30007     61.59818
     -6.78015     88.71215      1.65587     87.05629
     -6.77015    138.42029      2.83473    135.58556
     -6.76015    163.74329      7.86669    155.87660
     -6.75015    236.86308     24.23372    212.62936
     -6.74015    300.90645     38.37863    262.52783
     -6.73015    214.65140     27.74376    186.90763
     -6.72015    121.48356      9.76686    111.71671
     -6.71015     96.70608      4.32300     92.38308
     -6.70015    122.99000     10.04163    112.94837
     -6.69015    216.08177     18.27369    197.80808
     -6.68015    197.84795     13.61016    184.23778
     -6.67015     97.65991      6.80878     90.85113
     -6.66015    135.12271     15.36311    119.75960
     -6.65015    237.29127     27.62378    209.66749
     -6.64015    170.05182     18.89016    151.16165
     -6.63015     76.72491      5.29345     71.43146
     -6.62015    122.04549      2.39270    119.65278
     -6.61015    160.49875      3.67184    156.82691
     -6.60015    118.48191      9.45391    109.02800
     -6.59015    150.04564     22.68430    127.36134
     -6.58015    223.82262     30.42608    193.39654
     -6.57015    212.78874     26.09093    186.69780
     -6.56015    142.16557     15.33290    126.83267
     -6.55015    116.85280      6.31166    110.54114
     -6.54015    153.31336      3.21822    150.09514
     -6.53015    131.11246      3.71323    127.39922
     -6.52015    114.53380     13.72327    100.81052
     -6.51015    209.93819     33.65683    176.28137
     -6.50015    222.15142     32.43422    189.71720
     -6.49015    129.61734     15.59265    114.02469
     -6.48015    112.83329     10.27652    102.55677
     -6.47015    142.86940      7.45187    135.41753
     -6.46015    173.98067      5.74562    168.23506
     -6.45015    172.36846     13.84411    158.52435
     -6.44015    193.32708     29.16818    164.15890
     -6.43015    191.14515     26.63045    164.51470
     -6.42015    159.48487     16.34984    143.13504
     -6.41015    203.04274     28.47687    174.56587
     -6.40015    272.83682     43.05652    229.78029
     -6.39015    272.31462     35.26338    237.05124
     -6.38015    278.57248     24.67876    253.89373
     -6.37015    217.97685     17.47529    200.50156
     -6.36015    123.43826     12.24842    111.18984
     -6.35015     72.72767      5.96993     66.75774
     -6.34015     92.51488      4.70393     87.81095
     -6.33015    119.78013     11.19855    108.58157
     -6.32015    108.03755     15.62875     92.40880
     -6.31015     91.01525      9.23864     81.77660
     -6.30015    140.27388      4.22795    136.04593
     -6.29015    172.83143      6.65206    166.17937
     -6.28015    138.98090     13.22111    125.75979
     -6.27015    121.18329     18.24712    102.93616
     -6.26015    199.36293     30.39142    168.97151
     -6.25015    321.88262     44.48485    277.39776
     -6.24015    298.88066     41.19317    257.68749
     -6.23015    259.12772     41.18994    217.93778
     -6.22015    260.99713     39.07894    221.91820
     -6.21015    223.50254     26.05868    197.44386
     -6.20015    164.79303     13.55861    151.23441
     -6.19015    155.81035     16.14678    139.66357
     -6.18015    170.22276     22.46654    147.75622
     -6.17015    118.84820     14.74683    104.10137
     -6.16015    100.05587      9.75861     90.29726
     -6.15015    160.77473     18.14655    142.62818
     -6.14015    172.22934     19.45522    152.77413
     -6.13015    136.18573     10.31150    125.87423
     -6.12015    144.17421     12.57275    131.60147
     -6.11015    219.25654     22.92620    196.33034
     -6.10015    194.44992     17.97947    176.47045
     -6.09015     74.87248      5.47984     69.39265
     -6.08015     13.35184      0.70952     12.64231
     -6.07015     19.93262      0.97360     18.95903
     -6.06015    110.32354      7.21721    103.10633
     -6.05015    274.70112     23.65060    251.05052
     -6.04015    316.10921     35.16299    280.94622
     -6.03015    194.60470     27.05449    167.55021
     -6.02015     89.33493     12.87767     76.45727
     -6.01015    116.20796     10.63204    105.57592
     -6.00015    244.98911     18.26106    226.72805
     -5.99015    305.09780     19.53600    285.56180
     -5.98015    225.54912     12.48642    213.06271
     -5.97015     98.62143      5.38201     93.23942
     -5.96015     90.68797      8.97242     81.71555
     -5.95015    201.15448     24.81441    176.34007
     -5.94015    244.99932     34.72130    210.27802
     -5.93015    173.40284     25.26154    148.14130
     -5.92015     80.04801     10.46368     69.58433
     -5.91015     60.93592      8.16525     52.77068
     -5.90015    171.79029     25.32407    146.46623
     -5.89015    268.49003     40.66630    227.82373
     -5.88015    239.23947     34.88475    204.35472
     -5.87015    208.50964     29.57310    178.93654
     -5.86015    171.51453     24.31467    147.19987
     -5.85015    128.93179     13.72426    115.20753
     -5.84015    140.68849      9.14656    131.54192
     -5.83015    151.24165     13.11712    138.12454
     -5.82015    135.13018     20.83937    114.29080
     -5.81015    165.76596     29.72593    136.04003
     -5.80015    243.59695     31.24155    212.35541
     -5.79015    319.81579     30.10595    289.70984
     -5.78015    274.59821     24.19436    250.40384
     -5.77015    113.80171     10.04691    103.75480
     -5.76015     28.33073      2.63295     25.69777
     -5.75015     51.61659      5.22331     46.39328
     -5.74015    127.31609     13.00736    114.30872
     -5.73015    200.07973     22.01562    178.06412
     -5.72015    224.87476     24.32109    200.55367
     -5.71015    194.84653     16.81625    178.03029
     -5.70015    139.74049     12.47859    127.26190
     -5.69015    106.05147     15.67231     90.37916
     -5.68015    166.41392     25.71557    140.69834
     -5.67015    220.01632     25.35527    194.66105
     -5.66015    179.07156     19.44456    159.62701
     -5.65015    199.70518     28.25110    171.45408
     -5.64015    258.43448     33.41329    225.02119
     -5.63015    246.26147     22.26726    223.99420
     -5.62015    295.77046     23.33863    272.43183
     -5.61015    358.09555     32.75580    325.33975
     -5.60015    297.68460     31.84303    265.84156
     -5.59015    344.12158     44.14935    299.97223
     -5.58015    567.46378     74.30059    493.16319
     -5.57015    717.55514     91.20290    626.35223
     -5.56015    702.04840     90.46695    611.58146
     -5.55015    638.87243     77.51411    561.35832
     -5.54015    576.68159     62.01387    514.66772
     -5.53015    535.48647     59.50381    475.98266
     -5.52015    501.23625     55.22381    446.01244
     -5.51015    455.61332     46.59682    409.01650
     -5.50015    450.22807     44.28713    405.94094
     -5.49015    525.73500     56.46807    469.26693
     -5.48015    478.81974     59.11867    419.70107
     -5.47015    302.78626     46.51367    256.27260
     -5.46015    267.78289     47.19306    220.58983
     -5.45015    268.72916     39.38340    229.34576
     -5.44015    205.77081     23.03145    182.73936
     -5.43015    167.40190     18.79272    148.60918
     -5.42015    136.60665     23.35104    113.25561
     -5.41015     84.09677     19.58665     64.51012
     -5.40015     94.51002     24.86376     69.64626
     -5.39015    181.06579     45.72970    135.33609
     -5.38015    256.82967     52.49417    204.33550
     -5.37015    303.74483     40.49200    263.25282
     -5.36015    317.27587     38.27288    279.00300
     -5.35015    254.45744     37.75445    216.70299
     -5.34015    139.01746     21.87215    117.14531
     -5.33015     48.76508      6.79258     41.97250
     -5.32015     36.07932      1.55651     34.52281
     -5.31015     73.84862      1.51790     72.33072
     -5.30015     71.19778      1.43969     69.75810
     -5.29015     55.42628      1.71092     53.71536
     -5.28015    110.61524      6.34346    104.27178
     -5.27015    149.85689     12.33564    137.52126
     -5.26015    104.42020      9.53644     94.88376
     -5.25015     83.21946      3.80606     79.41340
     -5.24015     78.02082      1.78038     76.24044
     -5.23015     34.21070      0.71798     33.49272
     -5.22015     10.37090      0.71514      9.65576
     -5.21015     36.93389      4.18364     32.75025
     -5.20015    125.85930     11.78858    114.07072
     -5.19015    234.78258     17.32815    217.45443
     -5.18015    246.02054     16.97935    229.04119
     -5.17015    123.64345      9.16723    114.47622
     -5.16015     25.86518      2.07953     23.78566
     -5.15015      2.39288      0.18520      2.20769
     -5.14015      5.09781      0.10670      4.99111
     -5.13015     32.57162      0.66497     31.90665
     -5.12015     85.18301      2.06676     83.11625
     -5.11015    135.12787      6.38167    128.74620
     -5.10015    214.57909     17.91675    196.66234
     -5.09015    216.31573     22.92064    193.39508
     -5.08015     95.90320     11.32906     84.57414
     -5.07015     35.10873      2.47650     32.63223
     -5.06015     63.78769      1.40709     62.38060
     -5.05015     76.18141      1.53532     74.64609
     -5.04015     34.71402      0.69992     34.01410
     -5.03015     16.02523      0.44637     15.57887
     -5.02015     60.77407      2.83084     57.94323
     -5.01015    148.33351      9.53693    138.79659
     -5.00015    179.42255     12.86077    166.56178
     -4.99015    131.41994      7.32606    124.09388
     -4.98015     56.85138      2.00701     54.84437
     -4.97015     11.44010      0.28889     11.15121
     -4.96015      1.36336      0.02895      1.33441
     -4.95015      7.58972      0.15740      7.43232
     -4.94015     50.90260      1.21231     49.69029
     -4.93015    147.79657      5.00801    142.78856
     -4.92015    203.47677     11.29427    192.18250
     -4.91015    138.87214     11.70203    127.17011
     -4.90015     44.81316      4.86048     39.95268
     -4.89015     11.34687      0.87037     10.47650
     -4.88015     33.18879      0.72106     32.46773
     -4.87015     76.35380      1.62201     74.73179
     -4.86015     75.72398      2.22959     73.49439
     -4.85015     86.54792      5.15329     81.39464
     -4.84015    167.07987     11.28604    155.79384
     -4.83015    204.61068     15.35619    189.25449
     -4.82015    159.96114     12.48441    147.47673
     -4.81015    113.19646      5.67366    107.52281
     -4.80015     61.17788      1.73291     59.44497
     -4.79015     15.49855      0.34572     15.15283
     -4.78015      4.26852      0.08801      4.18051
     -4.77015     26.10285      0.53647     25.56638
     -4.76015    100.73597      2.39327     98.34270
     -4.75015    179.34177      6.77651    172.56526
     -4.74015    172.05490     11.97759    160.07732
     -4.73015    104.09863     10.40879     93.68984
     -4.72015    102.86844      7.29783     95.57060
     -4.71015    244.14235     11.01303    233.12932
     -4.70015    424.74492     14.75936    409.98556
     -4.69015    500.93331     14.85331    486.08000
     -4.68015    462.79206     12.51112    450.28095
     -4.67015    446.73400     11.82479    434.90921
     -4.66015    424.94935     15.12246    409.82689
     -4.65015    362.70566     18.70750    343.99816
     -4.64015    277.35730     14.35168    263.00562
     -4.63015    211.84386      7.74743    204.09643
     -4.62015    161.37046      4.69647    156.67399
     -4.61015    131.76889      3.70954    128.05935
     -4.60015    152.98369      4.84506    148.13864
     -4.59015    229.60008      9.05038    220.54970
     -4.58015    273.76643     12.10993    261.65651
     -4.57015    260.71141     14.01141    246.70000
     -4.56015    262.10929     16.29914    245.81014
     -4.55015    201.22651     10.86476    190.36174
     -4.54015    109.51226      4.18072    105.33154
     -4.53015     91.31046      2.61070     88.69976
     -4.52015     82.72361      2.14220     80.58142
     -4.51015     95.96204      2.12249     93.83955
     -4.50015    151.69728      3.68392    148.01335
     -4.49015    195.47226      6.98963    188.48262
     -4.48015    220.91803     13.46836    207.44967
     -4.47015    245.91515     18.04829    227.86686
     -4.46015    232.70108     13.90228    218.79880
     -4.45015    160.81922      6.60837    154.21084
     -4.44015     94.71511      2.74464     91.97046
     -4.43015     81.96733      2.19275     79.77458
     -4.42015     82.25489      2.23177     80.02312
     -4.41015     69.07171      2.18572     66.88599
     -4.40015    139.70673      6.62510    133.08163
     -4.39015    248.39054     14.35148    234.03906
     -4.38015    234.69723     13.33854    221.35870
     -4.37015    122.41627      5.68826    116.72801
     -4.36015     82.32554      3.53165     78.79389
     -4.35015    145.58393      7.03822    138.54571
     -4.34015    139.87857      7.09428    132.78429
     -4.33015     70.39119      3.16425     67.22694
     -4.32015     98.20586      3.54971     94.65615
     -4.31015    215.22814     10.50128    204.72685
     -4.30015    301.39062     16.06485    285.32577
     -4.29015    242.19345     10.64096    231.55250
     -4.28015    126.00463      3.69652    122.30811
     -4.27015    112.14139      2.53764    109.60375
     -4.26015    152.75307      3.26038    149.49270
     -4.25015    119.94980      2.82718    117.12262
     -4.24015    118.58373      5.00804    113.57569
     -4.23015    225.04461     11.64656    213.39805
     -4.22015    332.71076     17.85085    314.85990
     -4.21015    330.11784     15.82279    314.29505
     -4.20015    171.21480      6.68835    164.52646
     -4.19015     57.25547      1.71812     55.53735
     -4.18015     70.27483      1.80396     68.47087
     -4.17015    100.00603      2.37249     97.63354
     -4.16015    109.88334      2.28718    107.59616
     -4.15015    134.56110      4.05028    130.51082
     -4.14015    197.52657     10.61021    186.91636
     -4.13015    265.91970     16.87539    249.04431
     -4.12015    259.90207     14.50024    245.40183
     -4.11015    190.13685      7.89316    182.24370
     -4.10015    136.98056      3.57808    133.40248
     -4.09015    138.36908      2.89885    135.47023
     -4.08015    117.28534      2.72983    114.55551
     -4.07015     74.48027      2.58602     71.89425
     -4.06015    112.76049      7.00341    105.75709
     -4.05015    198.32487     13.42432    184.90055
     -4.04015    209.35086     11.32612    198.02475
     -4.03015    177.62762      5.96003    171.66759
     -4.02015    166.71075      5.62193    161.08882
     -4.01015    183.78983      7.33477    176.45506
     -4.00015    158.06015      5.61361    152.44654
     -3.99015    164.76557      4.84707    159.91850
     -3.98015    186.07940      7.94806    178.13134
     -3.97015    180.29996     12.49868    167.80129
     -3.96015    181.99839     11.22271    170.77568
     -3.95015    164.80682      5.86834    158.93847
     -3.94015    145.83824      3.51544    142.32280
     -3.93015    109.37755      2.60624    106.77132
     -3.92015     70.82447      2.73758     68.08689
     -3.91015     89.98620      5.42462     84.56158
     -3.90015    134.81698      9.01176    125.80521
     -3.89015    174.52985     12.91404    161.61581
     -3.88015    130.66988     10.46959    120.20029
     -3.87015     40.18509      3.42504     36.76005
     -3.86015      4.65774      0.41885      4.23889
     -3.85015      0.39080      0.02319      0.36761
     -3.84015      4.08913      0.11744      3.97169
     -3.83015     35.15129      1.41295     33.73834
     -3.82015    129.77495      7.39310    122.38186
     -3.81015    215.94293     15.91730    200.02563
     -3.80015    159.52064     13.43882    146.08182
     -3.79015     50.44206      4.34699     46.09507
     -3.78015     22.54313      0.83764     21.70548
     -3.77015     82.08771      1.57578     80.51192
     -3.76015    170.25027      3.28403    166.96624
     -3.75015    203.71253      4.90834    198.80419
     -3.74015    248.85968     10.05548    238.80419
     -3.73015    274.77353     14.92538    259.84815
     -3.72015    201.75756     11.48234    190.27522
     -3.71015    141.38363      7.29292    134.09070
     -3.70015    150.33714      5.37490    144.96223
     -3.69015    177.66110      4.13732    173.52379
     -3.68015    146.19759      3.15562    143.04198
     -3.67015    138.58163      5.04722    133.53441
     -3.66015    184.32530     11.24935    173.07596
     -3.65015    182.29466     12.42013    169.87453
     -3.64015    126.35916      6.31124    120.04792
     -3.63015    121.41489      3.91216    117.50274
     -3.62015    133.80870      5.32160    128.48710
     -3.61015    142.30817      5.49682    136.81136
     -3.60015    187.55284      5.77004    181.78280
     -3.59015    237.84803     10.21534    227.63270
     -3.58015    210.83303     13.43461    197.39842
     -3.57015    100.09826      7.77122     92.32704
     -3.56015     35.00457      2.04733     32.95724
     -3.55015     77.16436      1.89686     75.26750
     -3.54015    176.77769      4.81544    171.96225
     -3.53015    234.85896      8.09159    226.76738
     -3.52015    224.63698     10.93382    213.70316
     -3.51015    191.56473     13.47638    178.08835
     -3.50015    149.05588     10.03061    139.02527
     -3.49015     97.84254      4.00240     93.84015
     -3.48015     62.41079      1.46213     60.94866
     -3.47015     81.46655      1.66145     79.80510
     -3.46015    104.36166      3.32484    101.03682
     -3.45015    190.38606     10.06368    180.32238
     -3.44015    310.04559     17.75001    292.29558
     -3.43015    256.01517     13.24708    242.76808
     -3.42015    142.41301      5.01967    137.39334
     -3.41015     67.40705      1.57336     65.83369
     -3.40015     23.25570      0.58091     22.67479
     -3.39015     49.99840      2.30228     47.69612
     -3.38015    173.08356      9.56741    163.51615
     -3.37015    320.70063     17.51747    303.18316
     -3.36015    301.71887     14.10109    287.61778
     -3.35015    133.21630      5.10497    128.11133
     -3.34015     58.11012      1.54414     56.56598
     -3.33015     81.58925      2.09245     79.49679
     -3.32015     86.72172      4.45838     82.26335
     -3.31015    119.05340     10.34656    108.70684
     -3.30015    209.79431     13.59536    196.19895
     -3.29015    255.34093     10.60151    244.73942
     -3.28015    183.28062      6.01665    177.26397
     -3.27015    124.04332      3.27392    120.76940
     -3.26015    141.87249      4.42828    137.44421
     -3.25015    161.45163      9.34978    152.10184
     -3.24015    136.45383     12.17714    124.27669
     -3.23015    113.16182      8.30938    104.85244
     -3.22015    195.92472      7.08220    188.84253
     -3.21015    234.27281      6.89761    227.37520
     -3.20015    156.13723      4.98628    151.15095
     -3.19015    150.76075      8.48822    142.27253
     -3.18015    174.78700     12.85955    161.92746
     -3.17015    149.09185      9.18831    139.90354
     -3.16015    111.63921      4.73956    106.89965
     -3.15015    124.23036      4.88480    119.34556
     -3.14015    181.65986      6.70183    174.95803
     -3.13015    228.98193     11.11508    217.86685
     -3.12015    201.04404     13.34585    187.69818
     -3.11015    183.87053      9.07552    174.79501
     -3.10015    200.46141      6.04946    194.41195
     -3.09015    195.55733      6.58900    188.96833
     -3.08015    195.58812      9.21604    186.37208
     -3.07015    180.79383     12.70948    168.08435
     -3.06015    174.72869     11.80685    162.92184
     -3.05015    196.22235      7.54015    188.68219
     -3.04015    326.11036      9.28079    316.82956
     -3.03015    374.03694     12.39107    361.64587
     -3.02015    236.48899     13.35072    223.13827
     -3.01015    119.81817     12.25246    107.56571
     -3.00015     56.28028      6.06984     50.21045
     -2.99015     68.93646      2.67199     66.26447
     -2.98015    147.86880      5.55296    142.31584
     -2.97015    181.39338     11.34112    170.05226
     -2.96015    133.10127     12.92375    120.17753
     -2.95015     56.23924      6.70200     49.53724
     -2.94015     27.76319      2.21118     25.55201
     -2.93015     90.90078      4.99038     85.91040
     -2.92015    215.67764     12.59449    203.08316
     -2.91015    258.13082     14.47999    243.65083
     -2.90015    163.93794      7.47297    156.46497
     -2.89015     82.13847      3.50548     78.63299
     -2.88015    111.74132      7.73141    104.00991
     -2.87015    145.92013     13.29947    132.62066
     -2.86015     90.89940      9.81434     81.08506
     -2.85015     49.62700      4.05160     45.57540
     -2.84015    119.65306      6.49698    113.15608
     -2.83015    230.79595     13.68520    217.11075
     -2.82015    232.19771     13.31310    218.88461
     -2.81015    165.70209      6.95047    158.75162
     -2.80015    142.55348      6.99630    135.55718
     -2.79015    145.95800     12.07270    133.88530
     -2.78015    113.97934     11.66626    102.31308
     -2.77015    103.29367      7.26220     96.03147
     -2.76015    166.22668      9.13562    157.09106
     -2.75015    215.18933     13.98957    201.19976
     -2.74015    202.37267     12.43028    189.94240
     -2.73015    201.06388      9.04187    192.02201
     -2.72015    200.49999     11.70185    188.79814
     -2.71015    184.43651     14.07813    170.35838
     -2.70015    144.55807     10.22104    134.33703
     -2.69015    169.05583     11.57014    157.48570
     -2.68015    252.13809     16.15290    235.98519
     -2.67015    248.09738     13.70935    234.38803
     -2.66015    250.03334     14.58912    235.44422
     -2.65015    319.40570     18.17738    301.22832
     -2.64015    330.57931     16.87640    313.70291
     -2.63015    259.50336     16.65835    242.84500
     -2.62015    160.95910     14.07771    146.88139
     -2.61015    139.50014     12.51553    126.98462
     -2.60015    175.70339     14.40376    161.29963
     -2.59015    152.29105     13.97216    138.31889
     -2.58015    151.14186     15.01750    136.12436
     -2.57015    189.85580     16.25718    173.59862
     -2.56015    191.13040     18.00698    173.12342
     -2.55015    170.14966     20.27256    149.87710
     -2.54015    207.43196     24.79141    182.64055
     -2.53015    274.68062     28.95365    245.72696
     -2.52015    242.51219     24.33653    218.17566
     -2.51015    133.71651     11.52979    122.18672
     -2.50015     94.09481      3.17036     90.92445
     -2.49015     68.44653      0.93393     67.51260
     -2.48015     31.98877      0.39016     31.59861
     -2.47015     70.36165      1.02767     69.33399
     -2.46015    199.47640      2.97841    196.49799
     -2.45015    278.44676      4.11786    274.32891
     -2.44015    188.11422      2.70714    185.40708
     -2.43015     91.20599      1.24470     89.96130
     -2.42015    131.14942      1.72533    129.42410
     -2.41015    154.49768      2.04998    152.44770
     -2.40015     88.18683      1.26597     86.92087
     -2.39015     89.58722      1.52029     88.06694
     -2.38015    155.35117      2.51709    152.83408
     -2.37015    192.30239      2.97397    189.32841
     -2.36015    187.30851      3.64026    183.66825
     -2.35015    190.16713      5.04752    185.11961
     -2.34015    150.05182      4.15343    145.89839
     -2.33015    142.65269      2.78303    139.86965
     -2.32015    230.58336      3.65962    226.92374
     -2.31015    187.40339      2.93549    184.46790
     -2.30015     62.50779      1.02833     61.47947
     -2.29015     68.52236      1.82844     66.69392
     -2.28015    359.82610     10.35143    349.47467
     -2.27015    930.06804     27.26088    902.80717
     -2.26015   1232.11065     35.89834   1196.21231
     -2.25015   1011.98000     28.97975    983.00025
     -2.24015    635.38078     18.33838    617.04240
     -2.23015    429.30907     12.19492    417.11416
     -2.22015    460.98634     12.36271    448.62363
     -2.21015    490.26095     12.98081    477.28015
     -2.20015    394.55900     10.10256    384.45645
     -2.19015    392.70758      9.84413    382.86345
     -2.18015    500.94706     13.28963    487.65743
     -2.17015    471.41927     12.54022    458.87906
     -2.16015    292.66964      7.11547    285.55417
     -2.15015    145.28321      2.93785    142.34537
     -2.14015     97.25640      1.47090     95.78550
     -2.13015     66.50480      0.90446     65.60033
     -2.12015     24.03531      0.32220     23.71311
     -2.11015     32.95285      0.43996     32.51289
     -2.10015    105.48642      1.42681    104.05962
     -2.09015    149.28859      2.05242    147.23617
     -2.08015     87.85203      1.22683     86.62520
     -2.07015     21.81035      0.30884     21.50151
     -2.06015     11.23230      0.16651     11.06579
     -2.05015     48.21103      0.71203     47.49900
     -2.04015    107.63315      1.53245    106.10070
     -2.03015    125.02277      1.66151    123.36126
     -2.02015     81.90755      1.02687     80.88069
     -2.01015     37.17307      0.51515     36.65792
     -2.00015     92.95781      1.69412     91.26369
     -1.99015    316.54014      6.20791    310.33223
     -1.98015    605.16130     12.29577    592.86552
     -1.97015    748.51769     15.13300    733.38469
     -1.96015    714.43653     14.00724    700.42929
     -1.95015    552.73646     10.67621    542.06025
     -1.94015    428.20295      8.24812    419.95484
     -1.93015    477.29176      9.22312    468.06865
     -1.92015    585.74741     11.40309    574.34432
     -1.91015    541.42478     10.43620    530.98859
     -1.90015    503.20807      9.20627    494.00181
     -1.89015    589.67505     10.35227    579.32278
     -1.88015    542.38077      9.59954    532.78123
     -1.87015    339.40669      6.18383    333.22286
     -1.86015    240.04744      4.43242    235.61502
     -1.85015    216.35522      3.82476    212.53045
     -1.84015    179.40331      2.73921    176.66410
     -1.83015    174.07698      2.31834    171.75864
     -1.82015    151.89069      2.09889    149.79180
     -1.81015    113.55686      1.68955    111.86732
     -1.80015     64.69385      0.97625     63.71760
     -1.79015     47.21778      0.60874     46.60904
     -1.78015    108.10023      1.30910    106.79113
     -1.77015    147.72018      1.84844    145.87174
     -1.76015     86.44714      1.11899     85.32815
     -1.75015     21.85912      0.28839     21.57073
     -1.74015     13.90713      0.16479     13.74234
     -1.73015     60.93556      0.71703     60.21853
     -1.72015    131.86100      1.59348    130.26753
     -1.71015    129.52323      1.61334    127.90990
     -1.70015     71.18915      0.88782     70.30133
     -1.69015     72.07836      0.83643     71.24192
     -1.68015    113.39216      1.29923    112.09292
     -1.67015    142.27929      1.66344    140.61585
     -1.66015    146.94633      1.77268    145.17366
     -1.65015     90.27918      1.11641     89.16277
     -1.64015     28.33127      0.35229     27.97898
     -1.63015     32.67383      0.37783     32.29600
     -1.62015    129.79643      1.49928    128.29715
     -1.61015    224.96299      2.63035    222.33264
     -1.60015    159.76819      1.89757    157.87061
     -1.59015     47.79872      0.57672     47.22200
     -1.58015     15.97402      0.19062     15.78340
     -1.57015     65.71654      0.77144     64.94510
     -1.56015    161.43316      1.88828    159.54488
     -1.55015    178.26894      2.07448    176.19446
     -1.54015    123.78371      1.43700    122.34671
     -1.53015     77.90174      0.94267     76.95907
     -1.52015     88.95522      1.13718     87.81804
     -1.51015    115.79650      1.38599    114.41052
     -1.50015    111.20688      1.19630    110.01058
     -1.49015     95.91790      1.09794     94.81997
     -1.48015    133.13933      1.72479    131.41454
     -1.47015    150.23496      1.92594    148.30901
     -1.46015     89.14178      1.05228     88.08950
     -1.45015     84.29470      0.84155     83.45315
     -1.44015    134.15943      1.47821    132.68121
     -1.43015    120.46605      1.53710    118.92895
     -1.42015     59.63912      0.81173     58.82738
     -1.41015     60.91740      0.69196     60.22544
     -1.40015    122.09383      1.20663    120.88720
     -1.39015    132.14740      1.13780    131.00961
     -1.38015     68.55420      0.52151     68.03269
     -1.37015     27.17923      0.22488     26.95435
     -1.36015     71.14617      0.66263     70.48354
     -1.35015    164.88420      1.48671    163.39748
     -1.34015    218.25749      2.12593    216.13156
     -1.33015    279.71871      3.18593    276.53278
     -1.32015    275.22005      3.19392    272.02613
     -1.31015    148.99753      1.57416    147.42337
     -1.30015     86.92776      0.91829     86.00947
     -1.29015    166.23445      2.05548    164.17897
     -1.28015    230.67620      3.08091    227.59530
     -1.27015    197.34429      2.45851    194.88578
     -1.26015    185.17289      1.74588    183.42701
     -1.25015    148.25542      1.31771    146.93771
     -1.24015    135.53576      1.52520    134.01055
     -1.23015    164.51953      1.93966    162.57987
     -1.22015    109.62354      1.12707    108.49647
     -1.21015     85.66582      0.51468     85.15114
     -1.20015    139.56642      1.11722    138.44920
     -1.19015    184.57995      2.36939    182.21056
     -1.18015    141.31735      2.24188    139.07547
     -1.17015     48.34469      0.84036     47.50433
     -1.16015     11.44445      0.22313     11.22132
     -1.15015     32.61870      0.68222     31.93648
     -1.14015     82.15070      1.66074     80.48995
     -1.13015    104.24688      1.81150    102.43538
     -1.12015     99.74289      1.33345     98.40944
     -1.11015     68.96105      0.89239     68.06866
     -1.10015     59.96923      1.12371     58.84552
     -1.09015     81.06986      1.71427     79.35560
     -1.08015     53.18741      1.12753     52.05988
     -1.07015     23.29002      0.40574     22.88428
     -1.06015     61.14272      0.85900     60.28372
     -1.05015    137.75542      2.14194    135.61349
     -1.04015    130.86730      2.27219    128.59511
     -1.03015     51.59435      0.97850     50.61586
     -1.02015     11.87186      0.24446     11.62740
     -1.01015     28.34632      0.60506     27.74126
     -1.00015     83.89491      1.69070     82.20421
     -0.99015    122.22308      2.09602    120.12706
     -0.98015    105.20044      1.43315    103.76729
     -0.97015     55.73804      0.73783     55.00021
     -0.96015     51.05457      1.02409     50.03048
     -0.95015     79.83824      1.74943     78.08881
     -0.94015     57.45858      1.23812     56.22047
     -0.93015     36.42739      0.57175     35.85564
     -0.92015     83.09090      1.10757     81.98333
     -0.91015    134.83136      2.14248    132.68888
     -0.90015    109.40090      2.06888    107.33202
     -0.89015     42.22089      0.88204     41.33884
     -0.88015     12.29224      0.26693     12.02531
     -0.87015     38.96153      0.80375     38.15778
     -0.86015    110.87580      2.07052    108.80528
     -0.85015    141.15130      2.26144    138.88986
     -0.84015     82.57716      1.13173     81.44543
     -0.83015     33.89703      0.55306     33.34397
     -0.82015     56.34587      1.25554     55.09033
     -0.81015     80.99607      1.81750     79.17856
     -0.80015     59.41718      1.14565     58.27153
     -0.79015     72.49581      0.92074     71.57507
     -0.78015    109.71384      1.54564    108.16820
     -0.77015    112.14866      2.10502    110.04364
     -0.76015     72.01831      1.56982     70.44850
     -0.75015     23.62454      0.52980     23.09474
     -0.74015     26.52516      0.50816     26.01700
     -0.73015    100.13406      1.77865     98.35541
     -0.72015    157.33247      2.62632    154.70616
     -0.71015     94.05418      1.47407     92.58010
     -0.70015     28.52801      0.48382     28.04420
     -0.69015     42.15688      0.96889     41.18799
     -0.68015     83.96111      1.90063     82.06048
     -0.67015     89.93355      1.66824     88.26531
     -0.66015     94.33517      1.19926     93.13591
     -0.65015     91.76653      1.30643     90.46010
     -0.64015     90.83961      1.88940     88.95020
     -0.63015     72.37951      1.68669     70.69282
     -0.62015     32.40889      0.69848     31.71041
     -0.61015     54.02618      0.83774     53.18844
     -0.60015    137.11050      2.22878    134.88172
     -0.59015    140.97639      2.47886    138.49752
     -0.58015     56.53198      1.07395     55.45803
     -0.57015     22.57086      0.50694     22.06393
     -0.56015     62.85359      1.41599     61.43761
     -0.55015    120.44242      2.32974    118.11268
     -0.54015    122.28090      1.81590    120.46500
     -0.53015     75.91448      1.03399     74.88049
     -0.52015     66.13582      1.41842     64.71740
     -0.51015     83.05501      2.00629     81.04872
     -0.50015     65.01339      1.33059     63.68279
     -0.49015     83.75123      1.13084     82.62039
     -0.48015    129.68921      2.04806    127.64115
     -0.47015    114.88350      2.33108    112.55242
     -0.46015     52.95963      1.22484     51.73479
     -0.45015     35.61219      0.73250     34.87969
     -0.44015    105.73128      1.92761    103.80367
     -0.43015    158.07234      2.72554    155.34680
     -0.42015     91.56096      1.51964     90.04133
     -0.41015     42.84919      0.90168     41.94750
     -0.40015     79.48271      1.87436     77.60835
     -0.39015    119.28952      2.30211    116.98741
     -0.38015    115.07197      1.62712    113.44485
     -0.37015     93.17648      1.56872     91.60776
     -0.36015     92.09395      2.18395     89.91000
     -0.35015     79.15731      1.74935     77.40796
     -0.34015     95.32268      1.43399     93.88870
     -0.33015    139.97897      2.35042    137.62854
     -0.32015    113.79120      2.38524    111.40596
     -0.31015     59.97506      1.31738     58.65768
     -0.30015     96.09087      1.73466     94.35621
     -0.29015    159.81937      2.84539    156.97398
     -0.28015    110.14874      2.02565    108.12309
     -0.27015     69.61275      1.46154     68.15121
     -0.26015    128.25819      2.54321    125.71499
     -0.25015    148.18022      2.53779    145.64243
     -0.24015    100.41841      1.79776     98.62065
     -0.23015    114.68808      2.44118    112.24689
     -0.22015    145.83680      2.61317    143.22363
     -0.21015    128.66536      2.16723    126.49814
     -0.20015    132.01167      2.67233    129.33934
     -0.19015    149.69895      2.66893    147.03002
     -0.18015    147.11365      2.51768    144.59597
     -0.17015    162.98456      3.03434    159.95022
     -0.16015    172.18589      2.85945    169.32644
     -0.15015    192.25343      3.16829    189.08515
     -0.14015    219.74835      3.50633    216.24201
     -0.13015    199.23673      3.24218    195.99455
     -0.12015    148.86902      3.11960    145.74942
     -0.11015    100.58836      2.68841     97.89995
     -0.10015     97.92085      2.85630     95.06455
     -0.09015     98.29880      2.89330     95.40550
     -0.08015    104.65383      3.08597    101.56786
     -0.07015    108.95141      3.21460    105.73680
     -0.06015    116.03757      3.42320    112.61437
     -0.05015    123.00484      3.62409    119.38074
     -0.04015    132.34762      3.88952    128.45810
     -0.03015    141.30358      4.13615    137.16743
     -0.02015    141.74057      4.12649    137.61408
     -0.01015    128.19863      3.70217    124.49646
     -0.00015    103.59643      2.96790    100.62853
      0.00985     51.96188      1.48378     50.47810
      0.01985     11.25334      0.32109     10.93225
      0.02985      0.92911      0.02651      0.90260
      0.03985      0.02841      0.00081      0.02760
      0.04985      0.00032      0.00001      0.00031
      0.05985      0.00000      0.00000      0.00000
      0.06985      0.00000      0.00000      0.00000
      0.07985      0.00000      0.00000      0.00000
      0.08985      0.00000      0.00000      0.00000
      0.09985      0.00000      0.00000      0.00000
      0.10985      0.00000      0.00000      0.00000
      0.11985      0.00000      0.00000      0.00000
      0.12985      0.00000      0.00000      0.00000
      0.13985      0.00000      0.00000      0.00000
      0.14985      0.00000      0.00000      0.00000
      0.15985      0.00000      0.00000      0.00000
      0.16985      0.00000      0.00000      0.00000
      0.17985      0.00000      0.00000      0.00000
      0.18985      0.00000      0.00000      0.00000
      0.19985      0.00000      0.00000      0.00000
      0.20985      0.00000      0.00000      0.00000
      0.21985      0.00000      0.00000      0.00000
      0.22985      0.00000      0.00000      0.00000
      0.23985      0.00000      0.00000      0.00000
      0.24985      0.00000      0.00000      0.00000
      0.25985      0.00000      0.00000      0.00000
      0.26985      0.00000      0.00000      0.00000
      0.27985      0.00000      0.00000      0.00000
      0.28985      0.00000      0.00000      0.00000
      0.29985      0.00000      0.00000      0.00000
      0.30985      0.00000      0.00000      0.00000
      0.31985      0.00000      0.00000      0.00000
      0.32985      0.00000      0.00000      0.00000
      0.33985      0.00000      0.00000      0.00000
      0.34985      0.00000      0.00000      0.00000
      0.35985      0.00000      0.00000      0.00000
      0.36985      0.00000      0.00000      0.00000
      0.37985      0.00000      0.00000      0.00000
      0.38985      0.00000      0.00000      0.00000
      0.39985      0.00000      0.00000      0.00000
      0.40985      0.00000      0.00000      0.00000
      0.41985      0.00000      0.00000      0.00000
      0.42985      0.00000      0.00000      0.00000
      0.43985      0.00000      0.00000      0.00000
      0.44985      0.00000      0.00000      0.00000
      0.45985      0.00000      0.00000      0.00000
      0.46985      0.00000      0.00000      0.00000
      0.47985      0.00000      0.00000      0.00000
      0.48985      0.00000      0.00000      0.00000
      0.49985      0.00000      0.00000      0.00000
      0.50985      0.00000      0.00000      0.00000
      0.51985      0.00000      0.00000      0.00000
      0.52985      0.00000      0.00000      0.00000
      0.53985      0.00000      0.00000      0.00000
      0.54985      0.00000      0.00000      0.00000
      0.55985      0.00000      0.00000      0.00000
      0.56985      0.00000      0.00000      0.00000
      0.57985      0.00000      0.00000      0.00000
      0.58985      0.00000      0.00000      0.00000
      0.59985      0.00000      0.00000      0.00000
      0.60985      0.00000      0.00000      0.00000
      0.61985      0.00000      0.00000      0.00000
      0.62985      0.00000      0.00000      0.00000
      0.63985      0.00000      0.00000      0.00000
      0.64985      0.00000      0.00000      0.00000
      0.65985      0.00000      0.00000      0.00000
      0.66985      0.00000      0.00000      0.00000
      0.67985      0.00000      0.00000      0.00000
      0.68985      0.00000      0.00000      0.00000
      0.69985      0.00000      0.00000      0.00000
      0.70985      0.00000      0.00000      0.00000
      0.71985      0.00000      0.00000      0.00000
      0.72985      0.00000      0.00000      0.00000
      0.73985      0.00000      0.00000      0.00000
      0.74985      0.00000      0.00000      0.00000
      0.75985      0.00000      0.00000      0.00000
      0.76985      0.00000      0.00000      0.00000
      0.77985      0.00000      0.00000      0.00000
      0.78985      0.00000      0.00000      0.00000
      0.79985      0.00000      0.00000      0.00000
      0.80985      0.00000      0.00000      0.00000
      0.81985      0.00000      0.00000      0.00000
      0.82985      0.00000      0.00000      0.00000
      0.83985      0.00000      0.00000      0.00000
      0.84985      0.00000      0.00000      0.00000
      0.85985      0.00000      0.00000      0.00000
      0.86985      0.00000      0.00000      0.00000
      0.87985      0.00000      0.00000      0.00000
      0.88985      0.00000      0.00000      0.00000
      0.89985      0.00000      0.00000      0.00000
      0.90985      0.00000      0.00000      0.00000
      0.91985      0.00000      0.00000      0.00000
      0.92985      0.00000      0.00000      0.00000
      0.93985      0.00000      0.00000      0.00000
      0.94985      0.00000      0.00000      0.00000
      0.95985      0.00000      0.00000      0.00000
      0.96985      0.00000      0.00000      0.00000
      0.97985      0.00000      0.00000      0.00000
      0.98985      0.00000      0.00000      0.00000
      0.99985      0.00000      0.00000      0.00000
      1.00985      0.00000      0.00000      0.00000
      1.01985      0.00000      0.00000      0.00000
      1.02985      0.00000      0.00000      0.00000
      1.03985      0.00000      0.00000      0.00000
      1.04985      0.00000      0.00000      0.00000
      1.05985      0.00000      0.00000      0.00000
      1.06985      0.00000      0.00000      0.00000
      1.07985      0.00000      0.00000      0.00000
      1.08985      0.00000      0.00000      0.00000
      1.09985      0.00000      0.00000      0.00000
      1.10985      0.00000      0.00000      0.00000
      1.11985      0.00000      0.00000      0.00000
      1.12985      0.00000      0.00000      0.00000
      1.13985      0.00000      0.00000      0.00000
      1.14985      0.00000      0.00000      0.00000
      1.15985      0.00000      0.00000      0.00000
      1.16985      0.00000      0.00000      0.00000
      1.17985      0.00000      0.00000      0.00000
      1.18985      0.00000      0.00000      0.00000
      1.19985      0.00000      0.00000      0.00000
      1.20985      0.00000      0.00000      0.00000
      1.21985      0.00000      0.00000      0.00000
      1.22985      0.00000      0.00000      0.00000
      1.23985      0.00000      0.00000      0.00000
      1.24985      0.00000      0.00000      0.00000
      1.25985      0.00000      0.00000      0.00000
      1.26985      0.00000      0.00000      0.00000
      1.27985      0.00000      0.00000      0.00000
      1.28985      0.00000      0.00000      0.00000
      1.29985      0.00000      0.00000      0.00000
      1.30985      0.00000      0.00000      0.00000
      1.31985      0.00000      0.00000      0.00000
      1.32985      0.00000      0.00000      0.00000
      1.33985      0.00000      0.00000      0.00000
      1.34985      0.00000      0.00000      0.00000
      1.35985      0.00000      0.00000      0.00000
      1.36985      0.00000      0.00000      0.00000
      1.37985      0.00000      0.00000      0.00000
      1.38985      0.00000      0.00000      0.00000
      1.39985      0.00000      0.00000      0.00000
      1.40985      0.00000      0.00000      0.00000
      1.41985      0.00000      0.00000      0.00000
      1.42985      0.00000      0.00000      0.00000
      1.43985      0.00000      0.00000      0.00000
      1.44985      0.00000      0.00000      0.00000
      1.45985      0.00000      0.00000      0.00000
      1.46985      0.00000      0.00000      0.00000
      1.47985      0.00000      0.00000      0.00000
      1.48985      0.00000      0.00000      0.00000
      1.49985      0.00000      0.00000      0.00000
      1.50985      0.00000      0.00000      0.00000
      1.51985      0.00000      0.00000      0.00000
      1.52985      0.00000      0.00000      0.00000
      1.53985      0.00000      0.00000      0.00000
      1.54985      0.00000      0.00000      0.00000
      1.55985      0.00000      0.00000      0.00000
      1.56985      0.00000      0.00000      0.00000
      1.57985      0.00000      0.00000      0.00000
      1.58985      0.00000      0.00000      0.00000
      1.59985      0.00000      0.00000      0.00000
      1.60985      0.00000      0.00000      0.00000
      1.61985      0.00000      0.00000      0.00000
      1.62985      0.00000      0.00000      0.00000
      1.63985      0.00000      0.00000      0.00000
      1.64985      0.00000      0.00000      0.00000
      1.65985      0.00000      0.00000      0.00000
      1.66985      0.00000      0.00000      0.00000
      1.67985      0.00000      0.00000      0.00000
      1.68985      0.00000      0.00000      0.00000
      1.69985      0.00000      0.00000      0.00000
      1.70985      0.00000      0.00000      0.00000
      1.71985      0.00000      0.00000      0.00000
      1.72985      0.00000      0.00000      0.00000
      1.73985      0.00000      0.00000      0.00000
      1.74985      0.00000      0.00000      0.00000
      1.75985      0.00000      0.00000      0.00000
      1.76985      0.00000      0.00000      0.00000
      1.77985      0.00000      0.00000      0.00000
      1.78985      0.00000      0.00000      0.00000
      1.79985      0.00000      0.00000      0.00000
      1.80985      0.00000      0.00000      0.00000
      1.81985      0.00000      0.00000      0.00000
      1.82985      0.00000      0.00000      0.00000
      1.83985      0.00000      0.00000      0.00000
      1.84985      0.00000      0.00000      0.00000
      1.85985      0.00000      0.00000      0.00000
      1.86985      0.00000      0.00000      0.00000
      1.87985      0.00000      0.00000      0.00000
      1.88985      0.00000      0.00000      0.00000
      1.89985      0.00000      0.00000      0.00000
      1.90985      0.00000      0.00000      0.00000
      1.91985      0.00000      0.00000      0.00000
      1.92985      0.00000      0.00000      0.00000
      1.93985      0.00000      0.00000      0.00000
      1.94985      0.00000      0.00000      0.00000
      1.95985      0.00000      0.00000      0.00000
      1.96985      0.00000      0.00000      0.00000
      1.97985      0.00000      0.00000      0.00000
      1.98985      0.00000      0.00000      0.00000
      1.99985      0.00000      0.00000      0.00000
      2.00985      0.00000      0.00000      0.00000
      2.01985      0.00000      0.00000      0.00000
      2.02985      0.00000      0.00000      0.00000
      2.03985      0.00000      0.00000      0.00000
      2.04985      0.00000      0.00000      0.00000
      2.05985      0.00000      0.00000      0.00000
      2.06985      0.00000      0.00000      0.00000
      2.07985      0.00000      0.00000      0.00000
      2.08985      0.00000      0.00000      0.00000
      2.09985      0.00000      0.00000      0.00000
      2.10985      0.00000      0.00000      0.00000
      2.11985      0.00000      0.00000      0.00000
      2.12985      0.00000      0.00000      0.00000
      2.13985      0.00000      0.00000      0.00000
      2.14985      0.00000      0.00000      0.00000
      2.15985      0.00000      0.00000      0.00000
      2.16985      0.00000      0.00000      0.00000
      2.17985      0.00000      0.00000      0.00000
      2.18985      0.00000      0.00000      0.00000
      2.19985      0.00000      0.00000      0.00000
      2.20985      0.00000      0.00000      0.00000
      2.21985      0.00000      0.00000      0.00000
      2.22985      0.00000      0.00000      0.00000
      2.23985      0.00000      0.00000      0.00000
      2.24985      0.00000      0.00000      0.00000
      2.25985      0.00000      0.00000      0.00000
      2.26985      0.00000      0.00000      0.00000
      2.27985      0.00000      0.00000      0.00000
      2.28985      0.00000      0.00000      0.00000
      2.29985      0.00000      0.00000      0.00000
      2.30985      0.00000      0.00000      0.00000
      2.31985      0.00000      0.00000      0.00000
      2.32985      0.00000      0.00000      0.00000
      2.33985      0.00000      0.00000      0.00000
      2.34985      0.00000      0.00000      0.00000
      2.35985      0.00000      0.00000      0.00000
      2.36985      0.00000      0.00000      0.00000
      2.37985      0.00000      0.00000      0.00000
      2.38985      0.00000      0.00000      0.00000
      2.39985      0.00000      0.00000      0.00000
      2.40985      0.00000      0.00000      0.00000
      2.41985      0.00000      0.00000      0.00000
      2.42985      0.00000      0.00000      0.00000
      2.43985      0.00000      0.00000      0.00000
      2.44985      0.00000      0.00000      0.00000
      2.45985      0.00000      0.00000      0.00000
      2.46985      0.00000      0.00000      0.00000
      2.47985      0.00000      0.00000      0.00000
      2.48985      0.00000      0.00000      0.00000
      2.49985      0.00000      0.00000      0.00000
      2.50985      0.00000      0.00000      0.00000
      2.51985      0.00000      0.00000      0.00000
      2.52985      0.00000      0.00000      0.00000
      2.53985      0.00000      0.00000      0.00000
      2.54985      0.00000      0.00000      0.00000
      2.55985      0.00000      0.00000      0.00000
      2.56985      0.00000      0.00000      0.00000
      2.57985      0.00000      0.00000      0.00000
      2.58985      0.00000      0.00000      0.00000
      2.59985      0.00000      0.00000      0.00000
      2.60985      0.00000      0.00000      0.00000
      2.61985      0.00000      0.00000      0.00000
      2.62985      0.00000      0.00000      0.00000
      2.63985      0.00000      0.00000      0.00000
      2.64985      0.00000      0.00000      0.00000
      2.65985      0.00000      0.00000      0.00000
      2.66985      0.00000      0.00000      0.00000
      2.67985      0.00000      0.00000      0.00000
      2.68985      0.00000      0.00000      0.00000
      2.69985      0.00000      0.00000      0.00000
      2.70985      0.00000      0.00000      0.00000
      2.71985      0.00000      0.00000      0.00000
      2.72985      0.00000      0.00000      0.00000
      2.73985      0.00000      0.00000      0.00000
      2.74985      0.00000      0.00000      0.00000
      2.75985      0.00000      0.00000      0.00000
      2.76985      0.00000      0.00000      0.00000
      2.77985      0.00000      0.00000      0.00000
      2.78985      0.00000      0.00000      0.00000
      2.79985      0.00000      0.00000      0.00000
      2.80985      0.00000      0.00000      0.00000
      2.81985      0.00000      0.00000      0.00000
      2.82985      0.00000      0.00000      0.00000
      2.83985      0.00000      0.00000      0.00000
      2.84985      0.00000      0.00000      0.00000
      2.85985      0.00000      0.00000      0.00000
      2.86985      0.00000      0.00000      0.00000
      2.87985      0.00000      0.00000      0.00000
      2.88985      0.00000      0.00000      0.00000
      2.89985      0.00000      0.00000      0.00000
      2.90985      0.00000      0.00000      0.00000
      2.91985      0.00000      0.00000      0.00000
      2.92985      0.00000      0.00000      0.00000
      2.93985      0.00000      0.00000      0.00000
      2.94985      0.00000      0.00000      0.00000
      2.95985      0.00000      0.00000      0.00000
      2.96985      0.00000      0.00000      0.00000
      2.97985      0.00000      0.00000      0.00000
      2.98985      0.00000      0.00000      0.00000
      2.99985      0.00000      0.00000      0.00000
      3.00985      0.00000      0.00000      0.00000
      3.01985      0.00000      0.00000      0.00000
      3.02985      0.00000      0.00000      0.00000
      3.03985      0.00000      0.00000      0.00000
      3.04985      0.00000      0.00000      0.00000
      3.05985      0.00000      0.00000      0.00000
      3.06985      0.00000      0.00000      0.00000
      3.07985      0.00000      0.00000      0.00000
      3.08985      0.00000      0.00000      0.00000
      3.09985      0.00000      0.00000      0.00000
      3.10985      0.00000      0.00000      0.00000
      3.11985      0.00000      0.00000      0.00000
      3.12985      0.00000      0.00000      0.00000
      3.13985      0.00000      0.00000      0.00000
      3.14985      0.00000      0.00000      0.00000
      3.15985      0.00000      0.00000      0.00000
      3.16985      0.00000      0.00000      0.00000
      3.17985      0.00000      0.00000      0.00000
      3.18985      0.00000      0.00000      0.00000
      3.19985      0.00000      0.00000      0.00000
      3.20985      0.00000      0.00000      0.00000
      3.21985      0.00000      0.00000      0.00000
      3.22985      0.00000      0.00000      0.00000
      3.23985      0.00000      0.00000      0.00000
      3.24985      0.00000      0.00000      0.00000
      3.25985      0.00000      0.00000      0.00000
      3.26985      0.00000      0.00000      0.00000
      3.27985      0.00000      0.00000      0.00000
      3.28985      0.00000      0.00000      0.00000
      3.29985      0.00000      0.00000      0.00000
      3.30985      0.02444      0.00026      0.02418
      3.31985      0.89733      0.00973      0.88760
      3.32985     12.67108      0.13781     12.53328
      3.33985     71.52569      0.78256     70.74313
      3.34985    174.62169      1.93403    172.68766
      3.35985    218.72744      2.48509    216.24235
      3.36985    191.56261      2.27723    189.28538
      3.37985    160.35017      2.01811    158.33206
      3.38985    141.58174      1.88565    139.69609
      3.39985    129.78001      1.82545    127.95456
      3.40985    120.67019      1.78809    118.88210
      3.41985    114.78651      1.78890    112.99761
      3.42985    108.24375      1.77155    106.47221
      3.43985    106.75306      1.82995    104.92310
      3.44985    114.26336      2.04844    112.21492
      3.45985    164.01012      3.01215    160.99797
      3.46985    216.22941      4.01477    212.21464
      3.47985    226.64082      4.28858    222.35224
      3.48985    196.00541      3.79235    192.21305
      3.49985    186.50782      3.72513    182.78269
      3.50985    159.91333      3.28019    156.63314
      3.51985    164.28240      3.44704    160.83536
      3.52985    159.84049      3.44277    156.39773
      3.53985    125.42717      2.81075    122.61642
      3.54985    160.27964      3.61877    156.66087
      3.55985    145.36709      3.30560    142.06149
      3.56985    110.34342      2.72993    107.61349
      3.57985    138.62565      3.40938    135.21627
      3.58985    145.48371      3.42855    142.05516
      3.59985    124.41491      3.23162    121.18329
      3.60985    101.85576      2.82826     99.02750
      3.61985    118.89345      3.06087    115.83258
      3.62985    159.36699      4.15548    155.21151
      3.63985    110.84519      3.09341    107.75177
      3.64985     76.50109      2.37098     74.13010
      3.65985    126.08865      3.72712    122.36153
      3.66985    144.11793      3.86635    140.25158
      3.67985    112.49184      3.23610    109.25573
      3.68985     96.70567      3.32621     93.37946
      3.69985     80.71899      2.69176     78.02723
      3.70985    119.78529      3.53489    116.25040
      3.71985    157.96198      4.79176    153.17022
      3.72985     94.80108      3.10159     91.69949
      3.73985     63.39297      2.44917     60.94380
      3.74985    101.57685      3.82071     97.75613
      3.75985    125.09075      3.92832    121.16243
      3.76985    126.36432      3.84404    122.52028
      3.77985    111.53179      4.20054    107.33125
      3.78985     69.90385      2.96379     66.94007
      3.79985     60.98552      2.46931     58.51621
      3.80985    130.15366      4.75010    125.40356
      3.81985    147.97972      4.97714    143.00258
      3.82985     86.57714      3.05831     83.51883
      3.83985     78.22607      3.62114     74.60493
      3.84985     80.31525      3.82883     76.48642
      3.85985     75.05773      2.92390     72.13383
      3.86985    134.32908      4.80925    129.51984
      3.87985    145.37833      5.64943    139.72890
      3.88985     70.47345      3.06479     67.40865
      3.89985     52.20943      2.73391     49.47553
      3.90985     88.21173      4.55664     83.65509
      3.91985    101.98903      4.26127     97.72775
      3.92985    119.79066      4.16313    115.62753
      3.93985    126.04081      5.40536    120.63545
      3.94985     85.12302      4.42797     80.69505
      3.95985     41.25983      2.33728     38.92254
      3.96985     66.75527      3.67012     63.08515
      3.97985    124.12362      5.87216    118.25147
      3.98985    127.72412      4.85744    122.86669
      3.99985     94.70415      3.90954     90.79461
      4.00985     89.44901      5.10759     84.34142
      4.01985     66.08156      4.07690     62.00465
      4.02985     41.78794      2.41668     39.37126
      4.03985     97.37152      4.92615     92.44537
      4.04985    157.61032      8.91129    148.69902
      4.05985    133.76635     31.46107    102.30528
      4.06985    229.73072    158.72406     71.00666
      4.07985    494.50025    381.52311    112.97714
      4.08985    565.45546    453.97402    111.48145
      4.09985    494.99264    397.94563     97.04702
      4.10985    615.44135    447.13515    168.30620
      4.11985    754.13164    547.31838    206.81327
      4.12985    658.51172    527.72716    130.78456
      4.13985    540.55482    452.01078     88.54404
      4.14985    515.23022    402.12069    113.10953
      4.15985    483.04095    370.23085    112.81010
      4.16985    454.97154    345.97422    108.99731
      4.17985    487.27607    329.89895    157.37712
      4.18985    478.66685    316.01231    162.65454
      4.19985    396.28409    299.42629     96.85780
      4.20985    346.04641    285.19170     60.85471
      4.21985    365.66956    276.48328     89.18628
      4.22985    382.67820    268.00490    114.67329
      4.23985    376.26691    257.26203    119.00488
      4.24985    385.86473    249.46278    136.40195
      4.25985    377.53679    243.14363    134.39316
      4.26985    330.71158    234.74625     95.96532
      4.27985    279.51076    225.62460     53.88616
      4.28985    287.31781    219.77367     67.54415
      4.29985    333.29277    218.00570    115.28707
      4.30985    345.67284    210.91764    134.75519
      4.31985    326.80559    205.56678    121.23881
      4.32985    332.20268    198.70658    133.49611
      4.33985    420.59469    198.29356    222.30113
      4.34985    429.78693    191.90721    237.87973
      4.35985    374.09445    188.86094    185.23351
      4.36985    387.17211    184.38547    202.78665
      4.37985    433.90931    184.80844    249.10087
      4.38985    398.02556    178.98941    219.03615
      4.39985    325.54026    172.81589    152.72437
      4.40985    347.52309    175.07179    172.45131
      4.41985    316.54763    164.83031    151.71732
      4.42985    269.77628    170.33651     99.43977
      4.43985    298.78149    156.89316    141.88833
      4.44985    379.03982    169.49989    209.53992
      4.45985    341.03814    157.03652    184.00162
      4.46985    286.85967    156.53064    130.32903
      4.47985    296.88166    157.58048    139.30118
      4.48985    283.77904    147.76052    136.01852
      4.49985    246.18596    154.14920     92.03676
      4.50985    235.26138    144.14518     91.11620
      4.51985    321.38858    147.74595    173.64263
      4.52985    366.83884    151.05726    215.78158
      4.53985    278.01425    141.54012    136.47413
      4.54985    232.98724    140.84941     92.13782
      4.55985    373.20526    151.88783    221.31744
      4.56985    550.23791    160.37582    389.86209
      4.57985    535.32051    159.92015    375.40037
      4.58985    451.89488    159.32032    292.57455
      4.59985    464.17584    147.43852    316.73732
      4.60985    537.10896    150.63747    386.47149
      4.61985    493.16440    157.04427    336.12013
      4.62985    350.22252    133.36894    216.85357
      4.63985    316.79180    137.42540    179.36639
      4.64985    385.11878    151.56359    233.55519
      4.65985    422.29204    129.14155    293.15049
      4.66985    418.50389    135.98116    282.52273
      4.67985    391.81198    148.50201    243.30997
      4.68985    317.92740    117.81557    200.11184
      4.69985    335.03082    128.75678    206.27405
      4.70985    377.91352    150.82641    227.08711
      4.71985    332.03421    115.01802    217.01619
      4.72985    303.54040    116.04331    187.49710
      4.73985    345.22281    149.61581    195.60700
      4.74985    370.32349    120.66387    249.65963
      4.75985    343.86964    105.98437    237.88526
      4.76985    348.93442    145.28224    203.65218
      4.77985    314.91615    126.31797    188.59818
      4.78985    258.74351     91.15840    167.58511
      4.79985    311.34056    132.27336    179.06720
      4.80985    318.66886    142.47580    176.19306
      4.81985    277.18920     91.21539    185.97381
      4.82985    358.43587    108.74711    249.68877
      4.83985    361.42171    150.09596    211.32575
      4.84985    274.65778    108.74396    165.91382
      4.85985    253.47105     81.78181    171.68924
      4.86985    322.38099    135.18881    187.19219
      4.87985    319.01297    139.12745    179.88552
      4.88985    217.06112     78.43303    138.62809
      4.89985    241.62192     94.11899    147.50293
      4.90985    341.62619    149.25969    192.36650
      4.91985    366.10485    116.60489    249.49997
      4.92985    309.95578     72.32676    237.62902
      4.93985    268.65390    115.45658    153.19732
      4.94985    253.46600    145.34159    108.12441
      4.95985    169.91633     83.97738     85.93895
      4.96985    206.82367     67.77394    139.04972
      4.97985    354.54388    135.47298    219.07090
      4.98985    393.69279    142.93462    250.75816
      4.99985    290.43168     73.20796    217.22372
      5.00985    195.48600     69.61137    125.87464
      5.01985    258.76539    138.68915    120.07624
      5.02985    296.08292    132.22643    163.85649
      5.03985    179.66539     60.31873    119.34666
      5.04985    181.81012     71.32640    110.48372
      5.05985    320.59916    143.90103    176.69813
      5.06985    327.20422    125.70791    201.49632
      5.07985    272.55038     58.49862    214.05176
      5.08985    268.98915     74.62015    194.36900
      5.09985    263.92494    141.95266    121.97228
      5.10985    241.36907    123.84936    117.51971
      5.11985    201.86478     53.98044    147.88434
      5.12985    179.69753     61.83100    117.86653
      5.13985    243.83932    135.84764    107.99168
      5.14985    265.17555    131.46188    133.71367
      5.15985    209.92056     57.54474    152.37582
      5.16985    255.19675     56.37925    198.81749
      5.17985    357.35805    131.04665    226.31140
      5.18985    298.95671    141.68578    157.27093
      5.19985    165.10782     63.56988    101.53794
      5.20985    211.78958     43.61924    168.17034
      5.21985    390.35788    116.10123    274.25665
      5.22985    454.59556    161.94294    292.65262
      5.23985    320.28020     91.60431    228.67589
      5.24985    152.08777     34.11021    117.97756
      5.25985    110.85321     71.48780     39.36541
      5.26985    193.35218    143.04523     50.30695
      5.27985    234.22375    114.03311    120.19063
      5.28985    206.07447     45.15424    160.92023
      5.29985    196.22069     50.91790    145.30279
      5.30985    294.62275    127.77335    166.84940
      5.31985    341.84805    143.85839    197.98966
      5.32985    219.79324     65.11948    154.67376
      5.33985    169.55503     33.80540    135.74963
      5.34985    250.85373     91.13667    159.71706
      5.35985    251.15839    149.14912    102.00927
      5.36985    152.50840     97.17787     55.33053
      5.37985    155.73223     34.76298    120.96925
      5.38985    266.02031     55.11289    210.90742
      5.39985    313.84437    130.90700    182.93737
      5.40985    275.56394    138.75680    136.80713
      5.41985    221.45835     63.44964    158.00871
      5.42985    191.57289     34.54109    157.03180
      5.43985    258.97288     89.66635    169.30653
      5.44985    307.74936    149.07395    158.67542
      5.45985    174.66568     99.87683     74.78885
      5.46985     88.39232     36.32369     52.06863
      5.47985    164.38560     56.88563    107.49997
      5.48985    292.16734    123.50425    168.66308
      5.49985    343.59296    133.13548    210.45747
      5.50985    299.43171     80.51869    218.91301
      5.51985    260.96218     69.64900    191.31317
      5.52985    237.14634     93.69977    143.44656
      5.53985    193.30259    102.51853     90.78406
      5.54985    192.47909    120.22280     72.25629
      5.55985    277.35147    119.80196    157.54951
      5.56985    308.73338     84.19721    224.53617
      5.57985    228.84130     84.51171    144.32959
      5.58985    240.46981    136.78553    103.68428
      5.59985    319.72640    127.80368    191.92272
      5.60985    301.38256     85.58166    215.80090
      5.61985    194.31624     85.74793    108.56830
      5.62985    135.07954     77.81677     57.26277
      5.63985    200.37780     85.67813    114.69967
      5.64985    298.76543    109.11647    189.64896
      5.65985    296.33299    107.71630    188.61669
      5.66985    232.74223     81.61131    151.13092
      5.67985    299.72351    120.50058    179.22294
      5.68985    519.65616    328.55061    191.10555
      5.69985    661.81488    493.79296    168.02192
      5.70985    518.40757    384.56317    133.84440
      5.71985    347.77663    231.96688    115.80976
      5.72985    379.34559    196.02712    183.31847
      5.73985    470.52115    209.97988    260.54127
      5.74985    484.31002    215.69629    268.61373
      5.75985    344.90470    158.99483    185.90988
      5.76985    251.93383    122.67136    129.26246
      5.77985    367.66277    194.36769    173.29508
      5.78985    420.57308    230.03756    190.53552
      5.79985    326.22066    162.31905    163.90161
      5.80985    280.54563     99.55707    180.98856
      5.81985    379.84372    122.58096    257.26276
      5.82985    469.41977    185.29306    284.12671
      5.83985    429.37398    205.68944    223.68454
      5.84985    402.34183    239.89096    162.45087
      5.85985    404.04596    211.53837    192.50758
      5.86985    496.67172    212.56314    284.10857
      5.87985    612.32962    248.56937    363.76026
      5.88985    523.43685    213.92188    309.51497
      5.89985    417.78807    188.80023    228.98784
      5.90985    364.86371    152.09222    212.77149
      5.91985    285.92081    135.66839    150.25242
      5.92985    175.92032    114.10752     61.81280
      5.93985     73.36511     58.49342     14.87168
      5.94985     17.24554     14.86326      2.38227
      5.95985     21.50716     17.69950      3.80766
      5.96985    123.13673     95.13207     28.00466
      5.97985    303.29281    212.01607     91.27674
      5.98985    351.66998    204.49036    147.17962
      5.99985    321.44787    161.60684    159.84103
      6.00985    301.39424    157.28897    144.10527
      6.01985    198.70128     86.31632    112.38496
      6.02985    113.28527     24.18748     89.09779
      6.03985     53.06521      5.85372     47.21149
      6.04985     12.07604      1.32498     10.75106
      6.05985      8.66758      4.58006      4.08752
      6.06985     63.87723     32.91161     30.96561
      6.07985    217.18342    102.02470    115.15872
      6.08985    319.61991    155.22438    164.39553
      6.09985    249.90601    155.63471     94.27131
      6.10985    191.25448    159.66588     31.58861
      6.11985    194.37771    173.10813     21.26958
      6.12985    155.08341    116.88397     38.19944
      6.13985    165.82862     68.34986     97.47876
      6.14985    288.21358    139.70959    148.50399
      6.15985    370.69774    241.95678    128.74096
      6.16985    370.71951    259.91614    110.80337
      6.17985    297.72315    189.83478    107.88837
      6.18985    223.36692    154.42817     68.93874
      6.19985    284.62645    235.52656     49.09989
      6.20985    272.53874    228.55935     43.97940
      6.21985    142.46575     99.40910     43.05665
      6.22985    120.81187     43.16112     77.65074
      6.23985    210.14296     98.37971    111.76326
      6.24985    319.29319    186.25725    133.03594
      6.25985    378.53972    240.44878    138.09094
      6.26985    352.01943    224.86222    127.15721
      6.27985    213.08123    133.03361     80.04761
      6.28985    163.49218    109.97062     53.52156
      6.29985    205.70518    125.83041     79.87478
      6.30985    187.33906    102.60134     84.73772
      6.31985    150.27359    103.00271     47.27088
      6.32985    153.72962    120.88749     32.84213
      6.33985    164.62095    105.24303     59.37792
      6.34985    274.32228    123.75051    150.57176
      6.35985    420.79397    183.69118    237.10279
      6.36985    396.50480    211.12204    185.38275
      6.37985    273.60639    193.45910     80.14728
      6.38985    167.20675    138.25351     28.95324
      6.39985    136.44983    103.94486     32.50497
      6.40985    181.73200    109.12704     72.60496
      6.41985    225.28264    138.49624     86.78640
      6.42985    197.88701    145.76325     52.12376
      6.43985    134.75765     99.56502     35.19263
      6.44985    156.73958     89.71216     67.02742
      6.45985    176.79775     89.78746     87.01029
      6.46985    203.82518    115.85880     87.96637
      6.47985    285.89260    163.10508    122.78840
      6.48985    277.42955    140.93140    136.54604
      6.49985    205.04646     94.99096    111.04376
      6.50985    247.65824    186.26505     69.41056
      6.51985    466.87640    442.77556     51.01711
      6.52985    531.76495    530.82021     42.24478
      6.53985    416.01459    400.94040     52.20492
      6.54985    474.90426    434.87859     80.67512
      6.55985    697.71188    688.43503     72.88025
      6.56985    824.38996    815.39232     82.61612
      6.57985    861.65142    808.40805    116.73472
      6.58985    821.30909    754.30723    120.14051
      6.59985    616.95647    567.49105     96.42092
      6.60985    385.84230    378.51036     46.12595
      6.61985    324.89039    327.09138     31.80095
      6.62985    450.00664    402.17428     84.85138
      6.63985    542.12388    447.87980    131.97391
      6.64985    481.73262    421.74046     94.98821
      6.65985    387.21872    387.07605     33.24740
      6.66985    384.75127    398.38904     20.73518
      6.67985    393.18346    370.73638     55.53785
      6.68985    382.08672    328.24725     81.15103
      6.69985    354.96118    331.26416     48.61061
      6.70985    353.17342    360.53924     20.45509
      6.71985    378.86886    359.27912     49.36923
      6.72985    433.64922    330.16063    132.31017
      6.73985    540.18224    369.26087    197.70565
      6.74985    538.93869    382.39920    177.69638
      6.75985    417.05941    344.64183     93.12216
      6.76985    348.66074    338.04014     36.57361
      6.77985    308.63225    318.13411     17.93233
      6.78985    284.61513    298.76108     11.27642
      6.79985    309.25010    307.84267     25.95134
      6.80985    383.82502    324.88715     82.12330
      6.81985    449.16440    324.80677    142.00684
      6.82985    427.68253    307.51503    138.90803
      6.83985    320.81224    253.32213     89.42813
      6.84985    233.78347    208.05054     46.78593
      6.85985    290.41438    248.43502     64.79238
      6.86985    317.85911    259.48913     78.49465
      6.87985    265.59912    249.31948     37.83245
      6.88985    204.32463    215.55100      8.78782
      6.89985    203.47388    213.56727      6.86992
      6.90985    251.52962    252.73348     18.78374
      6.91985    319.36788    261.01545     77.23163
      6.92985    464.93505    290.07185    190.61399
      6.93985    474.19828    265.27817    219.11021
      6.94985    273.82188    149.43853    128.13756
      6.95985    227.70265    144.35217     88.92551
      6.96985    378.81451    310.69412     85.17691
      6.97985    456.25443    439.16510     42.93040
      6.98985    375.33423    384.34489     13.42875
      6.99985    261.59794    265.81846     13.81803
      7.00985    290.41291    251.82887     58.26006
      7.01985    388.72351    270.71021    134.35710
      7.02985    379.20309    245.66732    141.97355
      7.03985    279.86521    220.56071     70.01182
      7.04985    212.04546    215.07636     16.62343
      7.05985    137.16924    140.13455     11.92592
      7.06985     94.36792     53.67391     45.49404
      7.07985    168.20850     92.96876     80.28823
      7.08985    338.22476    264.71379     87.34878
      7.09985    488.39760    394.46520    115.85733
      7.10985    483.27152    372.10420    137.01784
      7.11985    373.81771    259.21850    133.31270
      7.12985    292.06658    177.34086    123.76234
      7.13985    324.33190    235.03833    104.33430
      7.14985    348.60778    292.00797     79.09902
      7.15985    234.04398    207.90348     39.27221
      7.16985    170.31883    129.33602     45.90017
      7.17985    275.15307    180.48879    104.31826
      7.18985    346.37708    242.32824    121.68093
      7.19985    258.62887    206.44046     67.57993
      7.20985    176.70475    140.31173     42.67068
      7.21985    160.33066     84.03050     77.39939
      7.22985    184.51379     73.88851    110.73597
      7.23985    242.41800    117.22926    125.87309
      7.24985    314.60157    198.10242    121.61295
      7.25985    410.22464    302.56183    123.07061
      7.26985    459.61625    342.60813    138.02891
      7.27985    410.79951    302.56454    124.21191
      7.28985    319.81207    257.59041     74.94360
      7.29985    392.16763    331.44693     78.93919
      7.30985    611.64793    458.42228    173.08777
      7.31985    696.53646    468.94236    240.02017
      7.32985    542.10883    350.68243    199.08886
      7.33985    425.05406    251.07903    185.94504
      7.34985    433.30874    246.18921    203.05607
      7.35985    351.05632    227.98515    137.33474
      7.36985    218.85562    141.78219     84.69886
      7.37985    162.28063     79.00151     86.35738
      7.38985    219.04989    137.08312     88.16557
      7.39985    357.01176    289.02978     79.29897
      7.40985    438.46265    353.57459     97.31621
      7.41985    377.25655    259.57898    128.03688
      7.42985    300.85143    149.68544    155.75674
      7.43985    296.90042    119.20557    178.51014
      7.44985    224.17435     80.02140    144.20929
      7.45985    148.78352     64.07661     84.77991
      7.46985    229.01885    156.91103     72.94659
      7.47985    403.21234    308.17897     98.81282
      7.48985    455.10296    364.14970     98.22042
      7.49985    312.97305    262.80570     57.88409
      7.50985    190.82604    133.65790     62.44936
      7.51985    206.53666     80.79330    127.57902
      7.52985    314.39032    135.89312    178.76094
      7.53985    426.51518    230.00658    196.63228
      7.54985    404.52464    245.21837    160.33077
      7.55985    299.84540    224.30369     80.32517
      7.56985    336.77154    310.21979     40.92795
      7.57985    476.65694    427.85863     72.95776
      7.58985    439.65458    338.12844    120.51295
      7.59985    390.91948    219.96191    182.45733
      7.60985    469.59314    219.95032    262.09743
      7.61985    504.33500    245.65082    273.95538
      7.62985    426.16741    249.34544    190.82152
      7.63985    298.37949    221.61542     88.13388
      7.64985    207.81946    180.29683     35.36875
      7.65985    177.56864    158.93458     26.29717
      7.66985    221.26263    172.68402     61.39355
      7.67985    272.38983    187.98256     96.38013
      7.68985    269.39414    185.84317     93.60079
      7.69985    204.45699    139.69019     73.80867
      7.70985    216.72343    107.73029    114.30879
      7.71985    294.57510    147.46084    154.89209
      7.72985    252.97308    167.56651     97.91221
      7.73985    208.04197    153.14553     63.33289
      7.74985    227.54268    170.01282     62.65532
      7.75985    240.04865    204.93978     43.27700
      7.76985    201.79758    167.19717     41.84486
      7.77985    121.43016     78.67004     45.16872
      7.78985     50.00298     25.30948     25.01691
      7.79985     54.94486     28.24421     27.24064
      7.80985    166.09596    101.51714     68.13681
      7.81985    268.16825    182.69641     94.51338
      7.82985    296.80882    197.65065    109.25261
      7.83985    320.43576    217.19731    112.20148
      7.84985    267.53441    185.82641     88.99060
      7.85985    186.86044    108.58397     81.12326
      7.86985    154.92096     98.02284     57.32275
      7.87985    131.57904    102.20763     29.39481
      7.88985    111.69132     83.50113     28.19067
      7.89985    103.73749     51.89857     51.83905
      7.90985    130.96452     57.48335     73.48911
      7.91985    129.87396     83.29134     46.76278
      7.92985     87.08735     75.61186     12.97902
      7.93985     88.41086     90.09343      2.93385
      7.94985    133.33570    128.43660     10.13333
      7.95985    223.32771    185.71188     40.19321
      7.96985    393.66848    299.42436     97.64190
      7.97985    542.26970    402.42298    148.46092
      7.98985    484.51938    337.87111    155.71638
      7.99985    366.06651    236.67381    133.21169
      8.00985    283.58497    216.88562     67.96622
      8.01985    191.12265    173.18502     18.93444
      8.02985     97.90616     93.18320      6.96115
      8.03985    110.80136     95.50966     21.86636
      8.04985    203.58871    153.08419     59.46537
      8.05985    244.44941    187.95612     62.83451
      8.06985    166.71644    143.09902     26.43858
      8.07985     60.59892     55.04483      6.21250
      8.08985     45.66756     37.48380      8.24741
      8.09985    100.97963     82.22109     18.76086
      8.10985    158.74907    132.98827     25.76088
      8.11985    183.63965    149.62643     34.01687
      8.12985    163.04164    109.17196     53.97240
      8.13985    199.42797    106.99535     93.49479
      8.14985    288.82778    181.12048    111.75383
      8.15985    386.85934    287.84368    104.76687
      8.16985    370.46897    304.13493     69.74007
      8.17985    258.49012    212.84693     47.10698
      8.18985    230.47017    133.19464     97.93270
      8.19985    266.42799    106.20402    160.44582
      8.20985    279.15643    108.93470    171.20519
      8.21985    364.50292    183.27531    186.37625
      8.22985    417.05287    261.02016    166.49063
      8.23985    270.65406    197.69521     83.78331
      8.24985    198.44990    161.75654     48.85978
      8.25985    291.14794    222.36854     79.52637
      8.26985    376.38356    278.80892    101.58641
      8.27985    354.60398    267.91751     87.45242
      8.28985    286.57374    217.53886     70.29015
      8.29985    239.80199    189.46336     52.98798
      8.30985    219.18553    181.57601     39.80283
      8.31985    193.55911    162.59777     31.75664
      8.32985    155.11165    128.85733     26.55427
      8.33985    163.59309    118.91594     46.28901
      8.34985    172.10535    126.38657     52.59524
