Energy-E_F (eV)    DOS (1/eV)    PDOS (1/eV)  of atom type C  H  
     -4.99000   2189.25369   1956.40071    232.85298
     -4.98000   2262.35926   2026.65782    235.70144
     -4.97000   2433.48175   2189.65594    243.82582
     -4.96000   2758.43276   2499.39853    259.03423
     -4.95000   2853.45288   2595.12160    258.33128
     -4.94000   2246.07091   2027.54632    218.52460
     -4.93000   1673.06606   1491.99775    181.06831
     -4.92000   1673.92869   1503.40400    170.52469
     -4.91000   1833.99153   1664.19444    169.79709
     -4.90000   1828.28865   1659.09904    169.18961
     -4.89000   1757.70496   1589.43091    168.27406
     -4.88000   1713.57863   1546.04375    167.53488
     -4.87000   1689.12021   1522.17795    166.94226
     -4.86000   1673.03873   1506.60474    166.43400
     -4.85000   1661.24496   1495.25849    165.98647
     -4.84000   1652.06351   1486.47477    165.58875
     -4.83000   1644.64481   1479.41026    165.23454
     -4.82000   1638.50209   1473.58224    164.91985
     -4.81000   1633.33256   1468.69103    164.64153
     -4.80000   1628.93719   1464.53980    164.39739
     -4.79000   1625.17740   1460.99199    164.18541
     -4.78000   1621.95670   1457.95219    164.00451
     -4.77000   1619.20315   1455.35000    163.85316
     -4.76000   1616.86263   1453.13188    163.73075
     -4.75000   1614.89212   1451.25628    163.63584
     -4.74000   1613.26101   1449.69276    163.56825
     -4.73000   1611.94355   1448.41632    163.52723
     -4.72000   1610.92152   1447.40881    163.51271
     -4.71000   1610.17690   1446.65303    163.52387
     -4.70000   1609.69880   1446.13802    163.56078
     -4.69000   1609.47636   1445.85328    163.62308
     -4.68000   1609.50369   1445.79284    163.71085
     -4.67000   1609.77352   1445.94963    163.82390
     -4.66000   1610.28337   1446.32085    163.96252
     -4.65000   1611.02956   1446.90293    164.12664
     -4.64000   1612.01101   1447.69450    164.31651
     -4.63000   1613.22766   1448.69526    164.53240
     -4.62000   1614.68079   1449.90617    164.77462
     -4.61000   1616.37265   1451.32892    165.04373
     -4.60000   1618.30547   1452.96549    165.33998
     -4.59000   1620.48495   1454.82082    165.66413
     -4.58000   1622.91391   1456.89729    166.01662
     -4.57000   1625.65695   1459.24669    166.41026
     -4.56000   1631.13827   1463.78043    167.35784
     -4.55000   1677.50868   1500.58141    176.92728
     -4.54000   1952.54981   1717.80518    234.74463
     -4.53000   2553.17213   2192.39539    360.77675
     -4.52000   2891.94222   2461.70024    430.24198
     -4.51000   2722.12107   2330.40601    391.71505
     -4.50000   2499.85707   2157.31111    342.54596
     -4.49000   2381.15504   2065.45420    315.70084
     -4.48000   2316.18655   2015.75208    300.43448
     -4.47000   2274.95559   1984.65248    290.30311
     -4.46000   2246.83449   1963.82338    283.01111
     -4.45000   2227.09020   1949.56137    277.52883
     -4.44000   2213.18907   1939.88915    273.29992
     -4.43000   2203.62597   1933.63566    269.99032
     -4.42000   2197.44951   1930.06363    267.38588
     -4.41000   2194.03204   1928.69003    265.34201
     -4.40000   2192.95113   1929.19286    263.75827
     -4.39000   2193.91592   1931.35337    262.56254
     -4.38000   2196.73272   1935.03004    261.70268
     -4.37000   2201.27585   1940.13543    261.14042
     -4.36000   2207.47345   1946.62536    260.84809
     -4.35000   2215.30001   1954.49379    260.80622
     -4.34000   2224.76743   1963.76604    261.00140
     -4.33000   2235.92614   1974.50000    261.42614
     -4.32000   2248.86283   1986.78544    262.07739
     -4.31000   2263.70708   2000.74999    262.95709
     -4.30000   2280.63096   2016.55968    264.07128
     -4.29000   2299.86458   2034.43352    265.43106
     -4.28000   2321.70625   2054.65326    267.05299
     -4.27000   2346.54435   2077.58434    268.96001
     -4.26000   2374.88572   2103.70287    271.18285
     -4.25000   2407.40520   2133.64260    273.76261
     -4.24000   2445.01782   2168.26353    276.75430
     -4.23000   2489.00387   2208.77187    280.23199
     -4.22000   2541.23184   2256.93334    284.29850
     -4.21000   2604.63196   2315.52727    289.10469
     -4.20000   2686.32534   2391.22823    295.09711
     -4.19000   2846.75830   2538.96262    307.79567
     -4.18000   3506.14597   3138.04465    368.10132
     -4.17000   5453.62430   4903.10986    550.51445
     -4.16000   7880.71485   7125.70649    755.00837
     -4.15000   9522.47918   8700.56125    821.91793
     -4.14000  10626.39702   9789.92238    836.47464
     -4.13000  10835.36354   9959.60635    875.75719
     -4.12000  11085.38294  10118.33232    967.05061
     -4.11000  10343.45166   9407.79592    935.65574
     -4.10000   6978.69069   6354.48565    624.20504
     -4.09000   4061.53943   3713.06353    348.47590
     -4.08000   3121.61350   2855.79737    265.81612
     -4.07000   2919.38286   2664.54678    254.83608
     -4.06000   2825.00344   2571.80899    253.19445
     -4.05000   2751.70724   2499.13148    252.57576
     -4.04000   2691.40798   2438.93674    252.47123
     -4.03000   2641.19926   2388.39688    252.80238
     -4.02000   2599.12588   2345.59958    253.52630
     -4.01000   2563.80140   2309.18212    254.61929
     -4.00000   2534.22125   2278.14991    256.07134
     -3.99000   2509.65154   2251.76818    257.88336
     -3.98000   2489.56126   2229.49452    260.06674
     -3.97000   2473.57572   2210.93284    262.64288
     -3.96000   2461.44981   2195.80641    265.64340
     -3.95000   2453.04962   2183.93777    269.11185
     -3.94000   2448.34712   2175.24122    273.10590
     -3.93000   2447.42892   2169.72771    277.70121
     -3.92000   2451.00331   2167.99886    283.00446
     -3.91000   2470.60736   2181.29340    289.31395
     -3.90000   2589.15549   2291.11559    298.03990
     -3.89000   2939.82597   2628.40935    311.41662
     -3.88000   3285.44991   2959.21464    326.23528
     -3.87000   3296.53504   2958.51994    338.01510
     -3.86000   3190.47381   2839.78804    350.68577
     -3.85000   3157.72999   2789.47890    368.25109
     -3.84000   3192.18568   2799.47898    392.70670
     -3.83000   3286.22134   2857.85898    428.36235
     -3.82000   3479.02208   2990.94006    488.08202
     -3.81000   3877.23054   3275.70575    601.52479
     -3.80000   4341.19674   3609.53786    731.65888
     -3.79000   3971.31827   3334.56385    636.75442
     -3.78000   2795.46377   2471.20161    324.26216
     -3.77000   2099.81402   1959.65881    140.15522
     -3.76000   1954.19586   1850.78309    103.41278
     -3.75000   1935.63865   1835.25043    100.38822
     -3.74000   1928.41301   1828.42976     99.98325
     -3.73000   1923.29006   1823.58040     99.70966
     -3.72000   1920.10043   1820.60778     99.49265
     -3.71000   1919.06388   1819.72914     99.33475
     -3.70000   1920.55763   1821.31412     99.24350
     -3.69000   1925.18363   1825.95141     99.23221
     -3.68000   1933.90018   1834.57774     99.32244
     -3.67000   1948.28121   1848.73129     99.54992
     -3.66000   1971.06372   1871.08719     99.97653
     -3.65000   2007.52000   1906.79853    100.72147
     -3.64000   2069.89568   1967.83539    102.06029
     -3.63000   2194.26886   2089.46774    104.80112
     -3.62000   2444.92572   2334.54598    110.37974
     -3.61000   2636.00297   2521.35850    114.64446
     -3.60000   2185.20093   2080.60569    104.59524
     -3.59000   1391.91031   1305.01567     86.89464
     -3.58000   1025.99587    947.28812     78.70775
     -3.57000    967.56771    890.19455     77.37316
     -3.56000    965.07364    887.78422     77.28942
     -3.55000    966.16990    888.87908     77.29082
     -3.54000    967.46205    890.16028     77.30177
     -3.53000    968.86751    891.54703     77.32048
     -3.52000    970.38597    893.03897     77.34701
     -3.51000    972.02259    894.64113     77.38146
     -3.50000    974.30369    896.86998     77.43371
     -3.49000    990.91876    913.16015     77.75861
     -3.48000   1143.37784   1062.75780     80.62004
     -3.47000   1704.77971   1613.66085     91.11886
     -3.46000   2387.02807   2283.09928    103.92879
     -3.45000   2473.54966   2367.85294    105.69672
     -3.44000   2222.73415   2121.56374    101.17041
     -3.43000   2050.38161   1952.30712     98.07449
     -3.42000   1963.41060   1866.85850     96.55210
     -3.41000   1912.35069   1816.65871     95.69198
     -3.40000   1878.38929   1783.24090     95.14839
     -3.39000   1854.26735   1759.47859     94.78876
     -3.38000   1836.44396   1741.89521     94.54876
     -3.37000   1822.93715   1728.54445     94.39270
     -3.36000   1812.54430   1718.24518     94.29912
     -3.35000   1804.48899   1710.23473     94.25427
     -3.34000   1798.24829   1703.99926     94.24903
     -3.33000   1793.45983   1699.18264     94.27720
     -3.32000   1789.86179   1695.52745     94.33434
     -3.31000   1787.26256   1692.84531     94.41724
     -3.30000   1785.52285   1690.99910     94.52375
     -3.29000   1784.53968   1689.88717     94.65251
     -3.28000   1784.22858   1689.42641     94.80216
     -3.27000   1784.52796   1689.55604     94.97191
     -3.26000   1785.39145   1690.23014     95.16130
     -3.25000   1786.78501   1691.41491     95.37011
     -3.24000   1788.68273   1693.08451     95.59822
     -3.23000   1791.06546   1695.21977     95.84569
     -3.22000   1793.92229   1697.80949     96.11280
     -3.21000   1797.24552   1700.84573     96.39979
     -3.20000   1801.03368   1704.32655     96.70713
     -3.19000   1805.28845   1708.25307     97.03538
     -3.18000   1810.01558   1712.63041     97.38517
     -3.17000   1815.22517   1717.46788     97.75730
     -3.16000   1820.93117   1722.77855     98.15263
     -3.15000   1827.15015   1728.57795     98.57220
     -3.14000   1833.90237   1734.88531     99.01706
     -3.13000   1841.21202   1741.72356     99.48846
     -3.12000   1849.10869   1749.12087     99.98782
     -3.11000   1857.62649   1757.10970    100.51680
     -3.10000   1866.80235   1765.72530    101.07704
     -3.09000   1876.68067   1775.01014    101.67053
     -3.08000   1887.31232   1785.01284    102.29948
     -3.07000   1898.75622   1795.78979    102.96642
     -3.06000   1911.07668   1807.40263    103.67404
     -3.05000   1924.35111   1819.92559    104.42552
     -3.04000   1938.66844   1833.44388    105.22456
     -3.03000   1954.13094   1848.05576    106.07518
     -3.02000   1970.85539   1863.87334    106.98205
     -3.01000   1988.98310   1881.03248    107.95062
     -3.00000   2008.67982   1899.69239    108.98743
     -2.99000   2030.14074   1920.04086    110.09988
     -2.98000   2053.59846   1942.30175    111.29671
     -2.97000   2079.33602   1966.74759    112.58844
     -2.96000   2107.70625   1993.71809    113.98816
     -2.95000   2139.13697   2023.62559    115.51139
     -2.94000   2174.17056   2056.99283    117.17773
     -2.93000   2213.50416   2094.49210    119.01206
     -2.92000   2258.04783   2137.00135    121.04648
     -2.91000   2309.02082   2185.69704    123.32378
     -2.90000   2368.10589   2242.20368    125.90221
     -2.89000   2437.71563   2308.85095    128.86468
     -2.88000   2521.47468   2389.14021    132.33447
     -2.87000   2625.23088   2488.72211    136.50877
     -2.86000   2759.50777   2617.76983    141.73793
     -2.85000   2947.54314   2798.75944    148.78370
     -2.84000   3246.15663   3086.66712    159.48952
     -2.83000   3693.82670   3518.58624    175.24046
     -2.82000   4070.48425   3880.81040    189.67385
     -2.81000   4227.49950   4029.16995    198.32956
     -2.80000   3971.60153   3780.03543    191.56610
     -2.79000   2711.10667   2563.69805    147.40862
     -2.78000   1526.20469   1420.29073    105.91396
     -2.77000   1173.79322   1079.23463     94.55859
     -2.76000   1147.15142   1052.10595     95.04547
     -2.75000   1160.26266   1063.17943     97.08323
     -2.74000   1176.51806   1077.14578     99.37228
     -2.73000   1194.50719   1092.62362    101.88357
     -2.72000   1214.43649   1109.78571    104.65079
     -2.71000   1236.61024   1128.89292    107.71732
     -2.70000   1261.42225   1150.28396    111.13830
     -2.69000   1289.38944   1174.40435    114.98509
     -2.68000   1321.18951   1201.83855    119.35096
     -2.67000   1357.73537   1233.37449    124.36088
     -2.66000   1400.28738   1270.10001    130.18737
     -2.65000   1450.64449   1313.56825    137.07624
     -2.64000   1511.48670   1366.09294    145.39376
     -2.63000   1587.04208   1431.32482    155.71727
     -2.62000   1684.52591   1515.49366    169.03225
     -2.61000   1817.93071   1630.68113    187.24958
     -2.60000   2021.59499   1806.53613    215.05886
     -2.59000   2393.90420   2128.00759    265.89661
     -2.58000   3010.35271   2660.27974    350.07297
     -2.57000   3192.20608   2817.31316    374.89292
     -2.56000   2095.15906   1870.11147    225.04759
     -2.55000    911.27798    847.94455     63.33343
     -2.54000    532.66381    521.08123     11.58258
     -2.53000    490.03665    484.34521      5.69144
     -2.52000    492.35704    486.85565      5.50139
     -2.51000    544.01915    537.82279      6.19636
     -2.50000    820.41937    810.49149      9.92788
     -2.49000   1335.42915   1318.49225     16.93690
     -2.48000   1549.94018   1529.92396     20.01622
     -2.47000   1376.70030   1358.79716     17.90314
     -2.46000   1200.61554   1184.91741     15.69813
     -2.45000   1107.58955   1093.02288     14.56667
     -2.44000   1053.89561   1039.95511     13.94050
     -2.43000   1017.84483   1004.30789     13.53694
     -2.42000    991.61508    978.35991     13.25517
     -2.41000    971.59888    958.54956     13.04932
     -2.40000    955.82460    942.92996     12.89464
     -2.39000    943.10104    930.32462     12.77642
     -2.38000    932.66098    919.97564     12.68534
     -2.37000    923.98616    911.37091     12.61525
     -2.36000    916.71314    904.15119     12.56195
     -2.35000    910.57927    898.05676     12.52251
     -2.34000    905.39366    892.89876     12.49490
     -2.33000    901.01180    888.53410     12.47770
     -2.32000    897.32556    884.85562     12.46994
     -2.31000    894.25298    881.78197     12.47102
     -2.30000    891.73485    879.25422     12.48064
     -2.29000    889.72828    877.22952     12.49876
     -2.28000    888.20255    875.67699     12.52556
     -2.27000    887.14198    874.58054     12.56145
     -2.26000    886.54049    873.93340     12.60708
     -2.25000    886.40624    873.74284     12.66340
     -2.24000    886.75633    874.02473     12.73160
     -2.23000    887.62387    874.81057     12.81330
     -2.22000    889.05789    876.14733     12.91055
     -2.21000    891.12718    878.10116     13.02602
     -2.20000    893.92511    880.76201     13.16310
     -2.19000    897.88293    884.54711     13.33583
     -2.18000    916.21725    902.25594     13.96131
     -2.17000   1151.65368   1130.22424     21.42943
     -2.16000   2580.78614   2514.29538     66.49076
     -2.15000   5648.65323   5485.65920    162.99404
     -2.14000   7282.55723   7068.65094    213.90628
     -2.13000   6326.15306   6143.13644    183.01662
     -2.12000   5167.31286   5021.44494    145.86792
     -2.11000   4571.52330   4444.94200    126.58130
     -2.10000   4280.55965   4163.61393    116.94572
     -2.09000   4163.55540   4050.78102    112.77438
     -2.08000   4233.89180   4119.52715    114.36465
     -2.07000   4629.95713   4504.15934    125.79779
     -2.06000   5134.45341   4993.76536    140.68805
     -2.05000   4311.11833   4194.59584    116.52249
     -2.04000   2166.05106   2112.78850     53.26256
     -2.03000    889.52020    873.95801     15.56219
     -2.02000    628.49789    620.66475      7.83315
     -2.01000    610.14218    602.87199      7.27019
     -2.00000    624.15819    616.49098      7.66721
     -1.99000    690.15975    680.54132      9.61842
     -1.98000    767.22764    755.32941     11.89823
     -1.97000    728.45227    717.79484     10.65743
     -1.96000    749.50996    739.25265     10.25731
     -1.95000   1453.21717   1428.98066     24.23651
     -1.94000   3287.52124   3226.10468     61.41656
     -1.93000   4639.90075   4550.92671     88.97403
     -1.92000   4396.29836   4312.13198     84.16637
     -1.91000   3835.95291   3763.19292     72.76000
     -1.90000   3569.88764   3502.72836     67.15928
     -1.89000   3477.55627   3412.58071     64.97556
     -1.88000   3470.61027   3406.16961     64.44066
     -1.87000   3525.49204   3460.41251     65.07953
     -1.86000   3643.24362   3576.34248     66.90114
     -1.85000   3845.36158   3775.05414     70.30743
     -1.84000   4199.16161   4122.58819     76.57342
     -1.83000   4901.86361   4812.41737     89.44624
     -1.82000   6045.54135   5934.91889    110.62245
     -1.81000   6191.11530   6078.60217    112.51312
     -1.80000   3922.43535   3854.18548     68.24987
     -1.79000   1687.51764   1662.49346     25.02418
     -1.78000    991.62689    980.05073     11.57617
     -1.77000    908.79567    898.83684      9.95883
     -1.76000    903.73539    893.89645      9.83894
     -1.75000    903.03451    893.23566      9.79884
     -1.74000    902.96732    893.20074      9.76658
     -1.73000    903.38386    893.64454      9.73931
     -1.72000    904.23475    894.51863      9.71612
     -1.71000    905.48675    895.79041      9.69634
     -1.70000    907.11847    897.43897      9.67950
     -1.69000    909.11481    899.44959      9.66522
     -1.68000    911.46996    901.81672      9.65323
     -1.67000    914.18054    904.53724      9.64330
     -1.66000    917.24973    907.61447      9.63526
     -1.65000    920.68844    911.05941      9.62903
     -1.64000    924.50719    914.88270      9.62450
     -1.63000    928.72517    919.10354      9.62163
     -1.62000    933.36494    923.74453      9.62041
     -1.61000    938.45598    928.83513      9.62084
     -1.60000    944.03388    934.41090      9.62298
     -1.59000    950.14165    940.51476      9.62690
     -1.58000    956.83057    947.19789      9.63268
     -1.57000    964.16322    954.52275      9.64048
     -1.56000    972.21524    962.56477      9.65047
     -1.55000    981.07646    971.41360      9.66286
     -1.54000    990.85801    981.18007      9.67794
     -1.53000   1001.69627    992.00020      9.69607
     -1.52000   1013.76077   1004.04307      9.71770
     -1.51000   1027.26339   1017.52002      9.74337
     -1.50000   1042.47541   1032.70158      9.77383
     -1.49000   1059.74936   1049.93934      9.81002
     -1.48000   1079.55180   1069.69860      9.85321
     -1.47000   1102.51851   1092.61340      9.90512
     -1.46000   1129.53817   1119.57000      9.96816
     -1.45000   1161.90657   1151.86068     10.04589
     -1.44000   1201.60456   1191.46086     10.14371
     -1.43000   1251.86872   1241.59824     10.27048
     -1.42000   1318.52881   1308.08660     10.44222
     -1.41000   1414.03444   1403.34131     10.69313
     -1.40000   1572.90425   1561.78590     11.11835
     -1.39000   1870.60857   1858.68279     11.92578
     -1.38000   2195.81556   2183.00997     12.80560
     -1.37000   1923.34348   1911.31366     12.02982
     -1.36000   1116.83965   1107.05483      9.78481
     -1.35000    658.25870    649.74475      8.51396
     -1.34000    569.56463    561.29420      8.27044
     -1.33000    562.90199    554.64828      8.25371
     -1.32000    562.49202    554.23819      8.25383
     -1.31000    562.37594    554.12143      8.25451
     -1.30000    562.34200    554.08669      8.25531
     -1.29000    562.36744    554.11119      8.25625
     -1.28000    562.44007    554.18271      8.25735
     -1.27000    562.55190    554.29326      8.25864
     -1.26000    562.69983    554.43969      8.26014
     -1.25000    562.87968    554.61780      8.26187
     -1.24000    563.08905    554.82520      8.26384
     -1.23000    563.32681    555.06073      8.26607
     -1.22000    563.59171    555.32313      8.26858
     -1.21000    563.88405    555.61267      8.27138
     -1.20000    564.20219    555.92770      8.27449
     -1.19000    564.54567    556.26776      8.27791
     -1.18000    564.91476    556.63311      8.28165
     -1.17000    565.30941    557.02366      8.28575
     -1.16000    565.72942    557.43922      8.29020
     -1.15000    566.17491    557.87989      8.29502
     -1.14000    566.64616    558.34594      8.30022
     -1.13000    567.14324    558.83742      8.30582
     -1.12000    567.66678    559.35496      8.31182
     -1.11000    568.21610    559.89786      8.31824
     -1.10000    568.79264    560.46754      8.32510
     -1.09000    569.39655    561.06414      8.33242
     -1.08000    570.02764    561.68746      8.34018
     -1.07000    570.68736    562.33893      8.34843
     -1.06000    571.37579    563.01862      8.35716
     -1.05000    572.09325    563.72685      8.36640
     -1.04000    572.84090    564.46473      8.37616
     -1.03000    573.61892    565.23247      8.38646
     -1.02000    574.42821    566.03091      8.39730
     -1.01000    575.27008    566.86136      8.40872
     -1.00000    576.14420    567.72349      8.42072
     -0.99000    577.05259    568.61927      8.43332
     -0.98000    577.99570    569.54915      8.44655
     -0.97000    578.97375    570.51334      8.46040
     -0.96000    579.98886    571.51394      8.47492
     -0.95000    581.04227    572.55214      8.49013
     -0.94000    582.13380    573.62778      8.50602
     -0.93000    583.26574    574.74310      8.52264
     -0.92000    584.43905    575.89905      8.54000
     -0.91000    585.65511    577.09698      8.55813
     -0.90000    586.91567    578.33862      8.57705
     -0.89000    588.22143    579.62465      8.59678
     -0.88000    589.57470    580.95735      8.61735
     -0.87000    590.97750    582.33870      8.63880
     -0.86000    592.43101    583.76986      8.66115
     -0.85000    593.93709    585.25267      8.68442
     -0.84000    595.49818    586.78953      8.70865
     -0.83000    597.11634    588.38247      8.73387
     -0.82000    598.79363    590.03351      8.76011
     -0.81000    600.53316    591.74573      8.78742
     -0.80000    602.33726    593.52142      8.81584
     -0.79000    604.20878    595.36338      8.84539
     -0.78000    606.15044    597.27431      8.87613
     -0.77000    608.16536    599.25728      8.90809
     -0.76000    610.25739    601.31607      8.94132
     -0.75000    612.42945    603.45358      8.97587
     -0.74000    614.68653    605.67472      9.01181
     -0.73000    617.03274    607.98357      9.04917
     -0.72000    619.47190    610.38388      9.08802
     -0.71000    622.00965    612.88122      9.12843
     -0.70000    624.65039    615.47994      9.17045
     -0.69000    627.40035    618.18619      9.21416
     -0.68000    630.26668    621.00704      9.25964
     -0.67000    633.25507    623.94810      9.30696
     -0.66000    636.37290    627.01667      9.35622
     -0.65000    639.62804    630.22054      9.40750
     -0.64000    643.03028    633.56935      9.46092
     -0.63000    646.58770    637.07113      9.51657
     -0.62000    650.31202    640.73745      9.57457
     -0.61000    654.21382    644.57877      9.63505
     -0.60000    658.30657    648.60841      9.69816
     -0.59000    662.60425    652.84022      9.76403
     -0.58000    667.12209    657.28925      9.83284
     -0.57000    671.87820    661.97344      9.90476
     -0.56000    676.89158    666.91158      9.98000
     -0.55000    682.18478    672.12600     10.05878
     -0.54000    687.78180    677.64047     10.14133
     -0.53000    693.71166    683.48372     10.22794
     -0.52000    700.00575    689.68683     10.31891
     -0.51000    706.70050    696.28592     10.41459
     -0.50000    713.83968    703.32431     10.51537
     -0.49000    721.47058    710.84890     10.62168
     -0.48000    729.65142    718.91737     10.73406
     -0.47000    738.44916    727.59609     10.85308
     -0.46000    747.94405    736.96460     10.97945
     -0.45000    758.23260    747.11861     11.11398
     -0.44000    769.43092    758.17325     11.25767
     -0.43000    781.68198    770.27029     11.41169
     -0.42000    795.16324    783.58576     11.57749
     -0.41000    810.09996    798.34307     11.75689
     -0.40000    826.78091    814.82872     11.95218
     -0.39000    845.58577    833.41941     12.16636
     -0.38000    867.02639    854.62298     12.40341
     -0.37000    891.81343    879.14463     12.66879
     -0.36000    920.97138    908.00104     12.97034
     -0.35000    956.04768    942.72790     13.31978
     -0.34000    999.53434    985.79846     13.73588
     -0.33000   1055.81979   1041.56822     14.25157
     -0.32000   1133.92190   1118.98763     14.93428
     -0.31000   1257.79074   1241.82793     15.96281
     -0.30000   1487.02558   1469.24393     17.78165
     -0.29000   1786.46304   1766.33807     20.12497
     -0.28000   1677.59102   1658.17503     19.41599
     -0.27000   1023.79584   1009.14778     14.64806
     -0.26000    568.47630    557.08679     11.38951
     -0.25000    468.81135    458.00315     10.80820
     -0.24000    466.52662    455.55977     10.96685
     -0.23000    473.27078    462.06631     11.20447
     -0.22000    480.81773    469.35707     11.46067
     -0.21000    488.96334    477.22798     11.73536
     -0.20000    497.78098    485.75020     12.03078
     -0.19000    507.36154    495.01194     12.34960
     -0.18000    517.81369    505.11865     12.69504
     -0.17000    529.26783    516.19692     13.07090
     -0.16000    541.88444    528.40253     13.48191
     -0.15000    555.86090    541.92708     13.93382
     -0.14000    571.44506    557.01121     14.43385
     -0.13000    588.95200    573.96083     14.99117
     -0.12000    608.79070    593.17307     15.61763
     -0.11000    631.50216    615.17327     16.32889
     -0.10000    657.82111    640.67496     17.14615
     -0.09000    688.77698    670.67793     18.09905
     -0.08000    725.86464    706.63410     19.23054
     -0.07000    771.36869    750.76260     20.60609
     -0.06000    829.01150    806.67935     22.33215
     -0.05000    905.47655    880.87715     24.59940
     -0.04000   1014.96403    987.15213     27.81190
     -0.03000   1197.01453   1163.92286     33.09167
     -0.02000   1543.68771   1500.64068     43.04704
     -0.01000   1948.23096   1893.56520     54.66576
      0.00000   1665.95559   1619.07217     46.88341
      0.01000    699.68685    679.97239     19.71446
      0.02000    123.56472    120.08133      3.48339
      0.03000      8.59756      8.35513      0.24243
      0.04000      0.22836      0.22192      0.00644
      0.05000      0.00000      0.00000      0.00000
      0.06000      0.00000      0.00000      0.00000
      0.07000      0.00000      0.00000      0.00000
      0.08000      0.00000      0.00000      0.00000
      0.09000      0.00000      0.00000      0.00000
      0.10000      0.00000      0.00000      0.00000
      0.11000      0.00000      0.00000      0.00000
      0.12000      0.00000      0.00000      0.00000
      0.13000      0.00000      0.00000      0.00000
      0.14000      0.00000      0.00000      0.00000
      0.15000      0.00000      0.00000      0.00000
      0.16000      0.00000      0.00000      0.00000
      0.17000      0.00000      0.00000      0.00000
      0.18000      0.00000      0.00000      0.00000
      0.19000      0.00000      0.00000      0.00000
      0.20000      0.00000      0.00000      0.00000
      0.21000      0.00000      0.00000      0.00000
      0.22000      0.00000      0.00000      0.00000
      0.23000      0.00000      0.00000      0.00000
      0.24000      0.00000      0.00000      0.00000
      0.25000      0.00000      0.00000      0.00000
      0.26000      0.00000      0.00000      0.00000
      0.27000      0.00000      0.00000      0.00000
      0.28000      0.00000      0.00000      0.00000
      0.29000      0.00000      0.00000      0.00000
      0.30000      0.00000      0.00000      0.00000
      0.31000      0.00000      0.00000      0.00000
      0.32000      0.00000      0.00000      0.00000
      0.33000      0.00000      0.00000      0.00000
      0.34000      0.00000      0.00000      0.00000
      0.35000      0.00000      0.00000      0.00000
      0.36000      0.00000      0.00000      0.00000
      0.37000      0.00000      0.00000      0.00000
      0.38000      0.00000      0.00000      0.00000
      0.39000      0.00000      0.00000      0.00000
      0.40000      0.00000      0.00000      0.00000
      0.41000      0.00000      0.00000      0.00000
      0.42000      0.00000      0.00000      0.00000
      0.43000      0.00000      0.00000      0.00000
      0.44000      0.00000      0.00000      0.00000
      0.45000      0.00000      0.00000      0.00000
      0.46000      0.00000      0.00000      0.00000
      0.47000      0.00000      0.00000      0.00000
      0.48000      0.00000      0.00000      0.00000
      0.49000      0.00000      0.00000      0.00000
      0.50000      0.00000      0.00000      0.00000
      0.51000      0.00000      0.00000      0.00000
      0.52000      0.00000      0.00000      0.00000
      0.53000      0.00000      0.00000      0.00000
      0.54000      0.00000      0.00000      0.00000
      0.55000      0.00000      0.00000      0.00000
      0.56000      0.00000      0.00000      0.00000
      0.57000      0.00000      0.00000      0.00000
      0.58000      0.00000      0.00000      0.00000
      0.59000      0.00000      0.00000      0.00000
      0.60000      0.00000      0.00000      0.00000
      0.61000      0.00000      0.00000      0.00000
      0.62000      0.00000      0.00000      0.00000
      0.63000      0.00000      0.00000      0.00000
      0.64000      0.00000      0.00000      0.00000
      0.65000      0.00000      0.00000      0.00000
      0.66000      0.00000      0.00000      0.00000
      0.67000      0.00000      0.00000      0.00000
      0.68000      0.00000      0.00000      0.00000
      0.69000      0.00000      0.00000      0.00000
      0.70000      0.00000      0.00000      0.00000
      0.71000      0.00000      0.00000      0.00000
      0.72000      0.00000      0.00000      0.00000
      0.73000      0.00000      0.00000      0.00000
      0.74000      0.00000      0.00000      0.00000
      0.75000      0.00000      0.00000      0.00000
      0.76000      0.00000      0.00000      0.00000
      0.77000      0.00000      0.00000      0.00000
      0.78000      0.00000      0.00000      0.00000
      0.79000      0.00000      0.00000      0.00000
      0.80000      0.00000      0.00000      0.00000
      0.81000      0.00000      0.00000      0.00000
      0.82000      0.00000      0.00000      0.00000
      0.83000      0.00000      0.00000      0.00000
      0.84000      0.00000      0.00000      0.00000
      0.85000      0.00000      0.00000      0.00000
      0.86000      0.00000      0.00000      0.00000
      0.87000      0.00000      0.00000      0.00000
      0.88000      0.00000      0.00000      0.00000
      0.89000      0.00000      0.00000      0.00000
      0.90000      0.00000      0.00000      0.00000
      0.91000      0.00000      0.00000      0.00000
      0.92000      0.00000      0.00000      0.00000
      0.93000      0.00000      0.00000      0.00000
      0.94000      0.00000      0.00000      0.00000
      0.95000      0.00000      0.00000      0.00000
      0.96000      0.00000      0.00000      0.00000
      0.97000      0.00000      0.00000      0.00000
      0.98000      0.00000      0.00000      0.00000
      0.99000      0.00000      0.00000      0.00000
      1.00000      0.00000      0.00000      0.00000
      1.01000      0.00000      0.00000      0.00000
      1.02000      0.00000      0.00000      0.00000
      1.03000      0.00000      0.00000      0.00000
      1.04000      0.00000      0.00000      0.00000
      1.05000      0.00000      0.00000      0.00000
      1.06000      0.00000      0.00000      0.00000
      1.07000      0.00000      0.00000      0.00000
      1.08000      0.00000      0.00000      0.00000
      1.09000      0.00000      0.00000      0.00000
      1.10000      0.00000      0.00000      0.00000
      1.11000      0.00000      0.00000      0.00000
      1.12000      0.00000      0.00000      0.00000
      1.13000      0.00000      0.00000      0.00000
      1.14000      0.00000      0.00000      0.00000
      1.15000      0.00000      0.00000      0.00000
      1.16000      0.00000      0.00000      0.00000
      1.17000      0.00000      0.00000      0.00000
      1.18000      0.00000      0.00000      0.00000
      1.19000      0.00000      0.00000      0.00000
      1.20000      0.00000      0.00000      0.00000
      1.21000      0.00000      0.00000      0.00000
      1.22000      0.00000      0.00000      0.00000
      1.23000      0.00000      0.00000      0.00000
      1.24000      0.00000      0.00000      0.00000
      1.25000      0.00000      0.00000      0.00000
      1.26000      0.00000      0.00000      0.00000
      1.27000      0.00000      0.00000      0.00000
      1.28000      0.00000      0.00000      0.00000
      1.29000      0.00000      0.00000      0.00000
      1.30000      0.00000      0.00000      0.00000
      1.31000      0.00000      0.00000      0.00000
      1.32000      0.00000      0.00000      0.00000
      1.33000      0.00000      0.00000      0.00000
      1.34000      0.00000      0.00000      0.00000
      1.35000      0.00000      0.00000      0.00000
      1.36000      0.00000      0.00000      0.00000
      1.37000      0.00000      0.00000      0.00000
      1.38000      0.00000      0.00000      0.00000
      1.39000      0.00000      0.00000      0.00000
      1.40000      0.00000      0.00000      0.00000
      1.41000      0.00000      0.00000      0.00000
      1.42000      0.00000      0.00000      0.00000
      1.43000      0.00000      0.00000      0.00000
      1.44000      0.00000      0.00000      0.00000
      1.45000      0.00000      0.00000      0.00000
      1.46000      0.00000      0.00000      0.00000
      1.47000      0.00000      0.00000      0.00000
      1.48000      0.00000      0.00000      0.00000
      1.49000      0.00000      0.00000      0.00000
      1.50000      0.00000      0.00000      0.00000
      1.51000      0.00000      0.00000      0.00000
      1.52000      0.00772      0.00763      0.00008
      1.53000      0.66400      0.65685      0.00715
      1.54000     19.35545     19.14645      0.20900
      1.55000    217.56489    215.20665      2.35824
      1.56000    978.58260    967.90051     10.68209
      1.57000   1913.65895   1892.46332     21.19563
      1.58000   1974.45378   1951.89965     22.55413
      1.59000   1533.46714   1515.00888     18.45827
      1.60000   1226.59559   1210.93436     15.66123
      1.61000   1061.50482   1047.20237     14.30246
      1.62000    957.10367    943.55530     13.54837
      1.63000    882.47151    869.38847     13.08304
      1.64000    825.53813    812.75284     12.78530
      1.65000    780.27831    767.68266     12.59565
      1.66000    743.22953    730.74911     12.48043
      1.67000    712.22430    699.80546     12.41884
      1.68000    685.82253    673.42525     12.39729
      1.69000    663.02336    650.61692     12.40644
      1.70000    643.10523    630.66557     12.43966
      1.71000    625.53305    613.04096     12.49209
      1.72000    609.90148    597.34137     12.56011
      1.73000    595.89477    583.25383     12.64094
      1.74000    583.27353    570.54098     12.73255
      1.75000    572.43848    559.59457     12.84391
      1.76000    577.98976    564.75328     13.23648
      1.77000    722.31795    706.22643     16.09151
      1.78000   1247.24206   1221.51867     25.72339
      1.79000   1815.94567   1779.79310     36.15258
      1.80000   1791.30533   1755.27385     36.03148
      1.81000   1494.21912   1463.16931     31.04982
      1.82000   1297.58209   1269.74150     27.84059
      1.83000   1187.61585   1161.45252     26.16333
      1.84000   1114.88210   1089.74096     25.14114
      1.85000   1061.04197   1036.59290     24.44908
      1.86000   1018.70750    994.75091     23.95659
      1.87000    984.10923    960.51201     23.59722
      1.88000    955.04993    931.71756     23.33237
      1.89000    930.13726    906.99960     23.13767
      1.90000    908.43578    885.43898     22.99680
      1.91000    889.28758    866.38925     22.89833
      1.92000    872.21516    849.38114     22.83402
      1.93000    856.85893    834.06125     22.79767
      1.94000    842.94431    820.15973     22.78458
      1.95000    830.25541    807.46433     22.79108
      1.96000    818.61990    795.80566     22.81424
      1.97000    807.89959    785.04786     22.85174
      1.98000    797.97980    775.07815     22.90165
      1.99000    788.76543    765.80306     22.96237
      2.00000    780.17838    757.14575     23.03263
      2.01000    772.15031    749.03902     23.11129
      2.02000    764.62486    741.42745     23.19741
      2.03000    757.55253    734.26232     23.29021
      2.04000    750.89026    727.50130     23.38896
      2.05000    744.60092    721.10786     23.49306
      2.06000    738.65256    715.05055     23.60201
      2.07000    733.01591    709.30060     23.71532
      2.08000    727.66625    703.83365     23.83260
      2.09000    722.58055    698.62707     23.95348
      2.10000    717.73882    693.66119     24.07764
      2.11000    713.12298    688.91820     24.20478
      2.12000    708.71697    684.38232     24.33465
      2.13000    704.50566    680.03868     24.46698
      2.14000    700.47671    675.87511     24.60160
      2.15000    696.61724    671.87896     24.73828
      2.16000    692.91698    668.04013     24.87685
      2.17000    689.36533    664.34821     25.01712
      2.18000    685.95305    660.79412     25.15893
      2.19000    682.67270    657.37054     25.30216
      2.20000    679.51544    654.06881     25.44663
      2.21000    676.47488    650.88266     25.59222
      2.22000    673.54408    647.80530     25.73878
      2.23000    670.71703    644.83082     25.88621
      2.24000    667.98825    641.95388     26.03436
      2.25000    665.35214    639.16902     26.18311
      2.26000    662.80423    636.47189     26.33234
      2.27000    660.33957    633.85766     26.48191
      2.28000    657.95383    631.32214     26.63170
      2.29000    655.64285    628.86129     26.78156
      2.30000    653.40360    626.47221     26.93139
      2.31000    651.23169    624.15066     27.08103
      2.32000    649.12395    621.89361     27.23034
      2.33000    647.07745    619.69825     27.37919
      2.34000    645.08891    617.56149     27.52743
      2.35000    643.15509    615.48021     27.67488
      2.36000    641.27330    613.45190     27.82140
      2.37000    639.44123    611.47438     27.96684
      2.38000    637.65599    609.54495     28.11104
      2.39000    635.91558    607.66175     28.25383
      2.40000    634.21732    605.82227     28.39505
      2.41000    632.55936    604.02481     28.53456
      2.42000    630.93919    602.26701     28.67218
      2.43000    629.35470    600.54694     28.80775
      2.44000    627.80439    598.86322     28.94118
      2.45000    626.28729    597.21496     29.07233
      2.46000    624.80064    595.59959     29.20105
      2.47000    623.34331    594.01605     29.32726
      2.48000    621.91402    592.46315     29.45086
      2.49000    620.51143    590.93965     29.57178
      2.50000    619.13517    589.44519     29.68998
      2.51000    617.78460    587.97919     29.80542
      2.52000    616.45876    586.54070     29.91806
      2.53000    615.15821    585.13028     30.02793
      2.54000    613.88278    583.74777     30.13501
      2.55000    612.63334    582.39404     30.23930
      2.56000    611.41272    581.07183     30.34089
      2.57000    610.22341    579.78364     30.43977
      2.58000    609.07106    578.53510     30.53596
      2.59000    607.96404    577.33459     30.62945
      2.60000    606.92133    576.20115     30.72017
      2.61000    606.23688    575.42771     30.80917
      2.62000    614.16858    583.23556     30.93302
      2.63000    720.85031    689.35284     31.49747
      2.64000   1201.64462   1167.89609     33.74853
      2.65000   1915.09546   1878.03166     37.06379
      2.66000   2059.51190   2021.67527     37.83663
      2.67000   1744.47381   1707.92523     36.54858
      2.68000   1494.28187   1458.72923     35.55264
      2.69000   1359.05341   1323.98051     35.07290
      2.70000   1274.65616   1239.83559     34.82057
      2.71000   1214.39893   1179.72336     34.67557
      2.72000   1168.22225   1133.62955     34.59271
      2.73000   1131.24765   1096.69757     34.55008
      2.74000   1100.71341   1066.17811     34.53530
      2.75000   1074.90727   1040.36658     34.54069
      2.76000   1052.69850   1018.13733     34.56116
      2.77000   1033.30666    998.71338     34.59328
      2.78000   1016.16938    981.53488     34.63450
      2.79000   1000.87088    966.18792     34.68296
      2.80000    987.09620    952.35894     34.73726
      2.81000    974.60095    939.80466     34.79629
      2.82000    963.50880    928.62263     34.88617
      2.83000    964.98130    929.00783     35.97347
      2.84000   1125.45628   1074.87282     50.58346
      2.85000   2004.39878   1877.88649    126.51228
      2.86000   3566.98372   3306.32136    260.66236
      2.87000   4105.78005   3798.75126    307.02879
      2.88000   3480.26563   3226.47266    253.79297
      2.89000   2896.77954   2692.57169    204.20785
      2.90000   2579.42399   2402.01399    177.41000
      2.91000   2385.58363   2224.40608    161.17755
      2.92000   2248.60066   2098.80047    149.80019
      2.93000   2144.14677   2002.95327    141.19350
      2.94000   2060.76139   1926.38570    134.37569
      2.95000   1992.05687   1863.25713    128.79975
      2.96000   1934.10909   1809.97916    124.12993
      2.97000   1884.34343   1764.19726    120.14616
      2.98000   1840.99139   1724.29403    116.69737
      2.99000   1802.78187   1689.10669    113.67518
      3.00000   1768.77425   1657.77477    110.99948
      3.01000   1738.25779   1629.64796    108.60983
      3.02000   1710.68455   1604.22487    106.45968
      3.03000   1685.62033   1581.10805    104.51228
      3.04000   1662.72109   1559.98266    102.73843
      3.05000   1641.70469   1540.59040    101.11429
      3.06000   1622.34157   1522.72115     99.62041
      3.07000   1604.43889   1506.19833     98.24056
      3.08000   1587.83566   1490.87454     96.96112
      3.09000   1572.39741   1476.62670     95.77071
      3.10000   1558.00707   1463.34761     94.65946
      3.11000   1544.56602   1450.94704     93.61898
      3.12000   1531.98812   1439.34615     92.64197
      3.13000   1520.19919   1428.47710     91.72209
      3.14000   1509.13437   1418.28060     90.85377
      3.15000   1498.73762   1408.70551     90.03212
      3.16000   1488.95762   1399.70495     89.25267
      3.17000   1479.75187   1391.24025     88.51162
      3.18000   1471.07985   1383.27452     87.80534
      3.19000   1462.90734   1375.77673     87.13062
      3.20000   1455.20354   1368.71900     86.48453
      3.21000   1447.94229   1362.07785     85.86444
      3.22000   1441.09816   1355.83043     85.26773
      3.23000   1434.65021   1349.95821     84.69200
      3.24000   1428.57976   1344.44477     84.13499
      3.25000   1422.86959   1339.27518     83.59441
      3.26000   1417.50597   1334.43790     83.06808
      3.27000   1412.47714   1329.92340     82.55374
      3.28000   1407.77296   1325.72395     82.04902
      3.29000   1403.38689   1321.83545     81.55143
      3.30000   1399.31415   1318.25595     81.05821
      3.31000   1395.55401   1314.98781     80.56620
      3.32000   1392.11136   1312.03959     80.07177
      3.33000   1388.99566   1309.42525     79.57041
      3.34000   1386.22824   1307.17173     79.05651
      3.35000   1383.84322   1305.32054     78.52268
      3.36000   1381.90189   1303.94298     77.95891
      3.37000   1380.51330   1303.16218     77.35111
      3.38000   1379.87715   1303.19892     76.67822
      3.39000   1380.40434   1304.49681     75.90753
      3.40000   1383.07203   1308.08699     74.98504
      3.41000   1390.83608   1317.01943     73.81665
      3.42000   1411.51118   1339.34928     72.16190
      3.43000   1433.25565   1364.33604     68.91960
      3.44000   1351.20438   1288.61651     62.58787
      3.45000   1166.06426   1106.00579     60.05847
      3.46000   1171.65097   1097.81300     73.83797
      3.47000   1355.02947   1263.16898     91.86049
      3.48000   1425.76648   1331.92934     93.83714
      3.49000   1403.49534   1315.23713     88.25821
      3.50000   1384.89095   1300.37122     84.51973
      3.51000   1377.41502   1294.92393     82.49109
      3.52000   1374.32862   1293.14743     81.18120
      3.53000   1373.19682   1292.97626     80.22057
      3.54000   1373.18435   1293.72278     79.46157
      3.55000   1373.93429   1295.10299     78.83131
      3.56000   1375.27045   1296.98178     78.28867
      3.57000   1377.10252   1299.29390     77.80862
      3.58000   1379.38273   1302.00790     77.37483
      3.59000   1382.08832   1305.11214     76.97618
      3.60000   1385.21148   1308.60670     76.60478
      3.61000   1388.75516   1312.50029     76.25487
      3.62000   1392.73091   1316.80878     75.92213
      3.63000   1397.15380   1321.55066     75.60313
      3.64000   1402.04732   1326.75204     75.29528
      3.65000   1407.43864   1332.44223     74.99641
      3.66000   1413.36128   1338.65646     74.70482
      3.67000   1419.85432   1345.43527     74.41905
      3.68000   1426.96340   1352.82549     74.13792
      3.69000   1434.74108   1360.88071     73.86037
      3.70000   1443.24934   1369.66376     73.58558
      3.71000   1452.56054   1379.24767     73.31288
      3.72000   1462.75751   1389.71591     73.04161
      3.73000   1473.93844   1401.16714     72.77130
      3.74000   1486.21999   1413.71831     72.50168
      3.75000   1499.74031   1427.50774     72.23257
      3.76000   1514.66353   1442.69962     71.96392
      3.77000   1531.18850   1459.49260     71.69591
      3.78000   1549.55900   1478.12994     71.42906
      3.79000   1570.07580   1498.91150     71.16430
      3.80000   1593.11393   1522.21096     70.90297
      3.81000   1619.15057   1548.50333     70.64725
      3.82000   1648.80060   1578.40027     70.40033
      3.83000   1682.87093   1612.70402     70.16691
      3.84000   1722.45610   1652.50185     69.95425
      3.85000   1769.07970   1699.30613     69.77357
      3.86000   1824.93639   1755.29382     69.64257
      3.87000   1893.33701   1823.74675     69.59026
      3.88000   1979.59307   1909.92605     69.66702
      3.89000   2093.01407   2023.04581     69.96826
      3.90000   2252.51149   2181.80875     70.70274
      3.91000   2507.95164   2435.49030     72.46134
      3.92000   2990.43749   2913.59803     76.83946
      3.93000   3668.30376   3585.15397     83.14979
      3.94000   3527.54484   3449.61543     77.92941
      3.95000   2119.87964   2063.81266     56.06699
      3.96000   1077.83905   1038.32899     39.51006
      3.97000    828.60543    796.01679     32.58864
      3.98000    683.80221    658.01131     25.79090
      3.99000    498.41389    478.62749     19.78640
      4.00000    418.77334    400.22985     18.54349
      4.01000    452.94727    426.63033     26.31694
      4.02000    610.20064    557.97894     52.22170
      4.03000    793.96860    705.30249     88.66611
      4.04000    879.93083    735.46643    144.46440
      4.05000    918.17040    708.22394    209.94646
      4.06000    856.85612    684.01467    172.84145
      4.07000    757.76977    667.54791     90.22186
      4.08000    719.42672    659.87772     59.54900
      4.09000    712.04159    656.37694     55.66465
      4.10000    733.23451    656.64163     76.59288
      4.11000   1023.26561    685.59449    337.67113
      4.12000   2287.69396    817.02423   1470.66974
      4.13000   4086.97733   1004.59463   3082.38270
      4.14000   4481.06131   1044.23656   3436.82475
      4.15000   4370.83318   1027.71127   3343.12191
      4.16000   5495.21863   1134.99238   4360.22625
      4.17000   6315.55828   1213.58583   5101.97245
      4.18000   5612.88672   1141.54020   4471.34652
      4.19000   4687.03400   1047.77506   3639.25894
      4.20000   4129.17172    990.88907   3138.28265
      4.21000   3781.48310    955.09484   2826.38827
      4.22000   3531.60779    929.16742   2602.44037
      4.23000   3337.84154    908.92621   2428.91533
      4.24000   3180.90125    892.43234   2288.46890
      4.25000   3049.99048    878.59595   2171.39453
      4.26000   2938.39972    866.73829   2071.66143
      4.27000   2841.67781    856.40816   1985.26966
      4.28000   2756.72063    847.28946   1909.43117
      4.29000   2681.27452    839.15312   1842.12141
      4.30000   2613.65849    831.82865   1781.82984
      4.31000   2552.58319    825.18374   1727.39945
      4.32000   2497.04239    819.11481   1677.92758
      4.33000   2446.23811    813.54095   1632.69716
      4.34000   2399.52687    808.39590   1591.13098
      4.35000   2356.38176    803.62561   1552.75615
      4.36000   2316.36758    799.18507   1517.18251
      4.37000   2279.12161    795.03733   1484.08428
      4.38000   2244.33623    791.15048   1453.18575
      4.39000   2211.75356    787.49828   1424.25529
      4.40000   2181.14856    784.05716   1397.09141
      4.41000   2152.32950    780.80719   1371.52231
      4.42000   2125.12994    777.73159   1347.39835
      4.43000   2099.40565    774.81544   1324.59021
      4.44000   2075.02689    772.04514   1302.98176
      4.45000   2051.88198    769.40908   1282.47290
      4.46000   2029.87211    766.89702   1262.97510
      4.47000   2008.90746    764.49955   1244.40791
      4.48000   1988.91080    762.20916   1226.70164
      4.49000   1969.81018    760.01834   1209.79184
      4.50000   1951.54245    757.92019   1193.62226
      4.51000   1934.05057    755.90897   1178.14160
      4.52000   1917.28160    753.97890   1163.30270
      4.53000   1901.18906    752.12535   1149.06372
      4.54000   1885.73098    750.34408   1135.38691
      4.55000   1870.86815    748.63132   1122.23682
      4.56000   1856.56409    746.98280   1109.58129
      4.57000   1842.78638    745.39518   1097.39120
      4.58000   1829.50616    743.86580   1085.64036
      4.59000   1816.69479    742.39132   1074.30347
      4.60000   1804.32721    740.96956   1063.35765
      4.61000   1792.37962    739.59755   1052.78207
      4.62000   1780.83105    738.27353   1042.55752
      4.63000   1769.66168    736.99583   1032.66585
      4.64000   1758.85172    735.76201   1023.08972
      4.65000   1748.38492    734.57026   1013.81466
      4.66000   1738.24390    733.41894   1004.82496
      4.67000   1728.41570    732.30662    996.10908
      4.68000   1718.88362    731.23163    987.65199
      4.69000   1709.63723    730.19355    979.44368
      4.70000   1700.66257    729.19037    971.47220
      4.71000   1691.94973    728.22158    963.72816
      4.72000   1683.48594    727.28521    956.20073
      4.73000   1675.26163    726.38038    948.88125
      4.74000   1667.26877    725.50687    941.76190
      4.75000   1659.49688    724.66363    934.83325
      4.76000   1651.93915    723.85001    928.08914
      4.77000   1644.58632    723.06492    921.52141
      4.78000   1637.43130    722.30760    915.12370
      4.79000   1630.46695    721.57744    908.88951
      4.80000   1623.68725    720.87422    902.81303
      4.81000   1617.08553    720.19725    896.88829
      4.82000   1610.65711    719.54656    891.11056
      4.83000   1604.39470    718.92101    885.47369
      4.84000   1598.29411    718.32061    879.97350
      4.85000   1592.34978    717.74445    874.60533
      4.86000   1586.55772    717.19302    869.36469
      4.87000   1580.91322    716.66558    864.24764
      4.88000   1575.41248    716.16209    859.25039
      4.89000   1570.05064    715.68210    854.36853
      4.90000   1564.82579    715.22654    849.59924
      4.91000   1559.73332    714.79451    844.93882
      4.92000   1554.76931    714.38562    840.38369
      4.93000   1549.93194    714.00055    835.93139
      4.94000   1545.21861    713.63923    831.57938
      4.95000   1540.62633    713.30250    827.32384
      4.96000   1536.15184    712.98957    823.16228
      4.97000   1531.79480    712.70225    819.09255
      4.98000   1527.55219    712.43984    815.11235
      4.99000   1523.42220    712.20309    811.21911
      5.00000   1519.40367    711.99306    807.41061
      5.01000   1515.49552    711.81077    803.68475
      5.02000   1511.69711    711.65759    800.03952
      5.03000   1508.00714    711.53427    796.47287
      5.04000   1504.42515    711.44268    792.98248
      5.05000   1500.95168    711.38424    789.56744
      5.06000   1497.58776    711.36227    786.22549
      5.07000   1494.33426    711.37950    782.95476
      5.08000   1491.19300    711.43950    779.75351
      5.09000   1488.16675    711.54699    776.61976
      5.10000   1485.25897    711.70684    773.55212
      5.11000   1482.47560    711.92701    770.54859
      5.12000   1479.82283    712.21593    767.60690
      5.13000   1477.31151    712.58597    764.72553
      5.14000   1474.95430    713.05238    761.90192
      5.15000   1472.76961    713.63604    759.13357
      5.16000   1470.78308    714.36545    756.41764
      5.17000   1469.02977    715.27905    753.75072
      5.18000   1467.56285    716.43412    751.12873
      5.19000   1466.46314    717.91523    748.54791
      5.20000   1465.85426    719.85265    746.00161
      5.21000   1465.94263    722.45819    743.48444
      5.22000   1467.09068    726.10049    740.99019
      5.23000   1469.99108    731.47568    738.51540
      5.24000   1476.18520    740.10987    736.07533
      5.25000   1489.94249    756.17241    733.77008
      5.26000   1522.54096    790.63104    731.90992
      5.27000   1566.57363    837.10906    729.46457
      5.28000   1494.26304    774.98759    719.27545
      5.29000   1230.09663    530.80003    699.29661
      5.30000   1042.54473    354.06034    688.48439
      5.31000   1130.60327    424.88468    705.71860
      5.32000   1403.68468    659.84600    743.83868
      5.33000   1564.51470    803.01764    761.49706
      5.34000   1542.05378    789.78183    752.27195
      5.35000   1492.62848    751.40810    741.22037
      5.36000   1467.87522    732.83834    735.03688
      5.37000   1456.01848    724.69512    731.32335
      5.38000   1449.23004    720.52808    728.70196
      5.39000   1444.89028    718.19937    726.69091
      5.40000   1441.95897    716.87254    725.08643
      5.41000   1439.93564    716.15050    723.78514
      5.42000   1438.55136    715.82196    722.72940
      5.43000   1437.65118    715.76499    721.88619
      5.44000   1437.14227    715.90531    721.23696
      5.45000   1436.96698    716.19574    720.77123
      5.46000   1437.09138    716.60620    720.48518
      5.47000   1437.49455    717.11608    720.37846
      5.48000   1438.16664    717.71112    720.45551
      5.49000   1439.10657    718.38256    720.72400
      5.50000   1440.31845    719.12449    721.19396
      5.51000   1441.81135    719.93300    721.87836
      5.52000   1443.60122    720.80553    722.79569
      5.53000   1445.70730    721.74042    723.96688
      5.54000   1448.15579    722.73757    725.41822
      5.55000   1450.98054    723.79875    727.18179
      5.56000   1454.22184    724.92427    729.29757
      5.57000   1457.93164    726.11683    731.81482
      5.58000   1462.17116    727.37878    734.79238
      5.59000   1467.01317    728.71274    738.30043
      5.60000   1472.54316    730.12233    742.42083
      5.61000   1478.85264    731.61279    747.23985
      5.62000   1486.02353    733.19222    752.83131
      5.63000   1494.09815    734.87206    759.22608
      5.64000   1503.03375    736.67099    766.36275
      5.65000   1512.65833    738.61616    774.04218
      5.66000   1522.68450    740.74426    781.94024
      5.67000   1532.82664    743.09436    789.73229
      5.68000   1543.00747    745.70127    797.30620
      5.69000   1553.50974    748.58936    804.92038
      5.70000   1564.95409    751.77805    813.17605
      5.71000   1578.14667    755.29513    822.85154
      5.72000   1593.94358    759.18920    834.75438
      5.73000   1613.25080    763.54249    849.70831
      5.74000   1637.16398    768.48205    868.68192
      5.75000   1667.25518    774.20789    893.04730
      5.76000   1706.11442    781.04833    925.06609
      5.77000   1758.69664    789.61976    969.07688
      5.78000   1836.99229    801.38615   1035.60615
      5.79000   1972.94470    820.21205   1152.73265
      5.80000   2177.55023    847.47467   1330.07555
      5.81000   2216.51693    855.12147   1361.39547
      5.82000   1884.63722    818.39253   1066.24469
      5.83000   1608.10608    788.14010    819.96598
      5.84000   1645.92145    795.28980    850.63165
      5.85000   1810.87251    817.86340    993.00911
      5.86000   1734.91579    814.15085    920.76494
      5.87000   1368.15995    776.99650    591.16345
      5.88000   1401.89468    762.96093    638.93374
      5.89000   2937.99689    797.56184   2140.43505
      5.90000   6256.69154    862.82870   5393.86284
      5.91000   8210.49155    916.64456   7293.84699
      5.92000   7379.68248    949.77071   6429.91177
      5.93000   6227.53480    995.61673   5231.91808
      5.94000   5812.16222   1083.32485   4728.83737
      5.95000   6067.90773   1258.12824   4809.77949
      5.96000   6689.18863   1491.85628   5197.33235
      5.97000   6001.22219   1401.17677   4600.04542
      5.98000   3561.98971    877.47977   2684.50995
      5.99000   1904.79141    523.91446   1380.87696
      6.00000   1521.85766    475.10624   1046.75142
      6.01000   1476.06413    498.50390    977.56023
      6.02000   1354.74405    427.25124    927.49281
      6.03000   1158.15261    281.51408    876.63853
      6.04000   1040.41170    203.13514    837.27656
      6.05000    995.70917    187.96083    807.74834
      6.06000    969.42756    186.96739    782.46017
      6.07000    948.03918    188.15820    759.88097
      6.08000    940.79143    199.04033    741.75110
      6.09000    997.24860    259.33764    737.91095
      6.10000   1143.44501    390.34004    753.10497
      6.11000   1229.93434    473.64051    756.29383
      6.12000   1188.20506    454.13490    734.07016
      6.13000   1129.11882    419.01710    710.10172
      6.14000   1106.80206    402.54622    704.25584
      6.15000   1204.87193    406.25996    798.61197
      6.16000   1569.37453    442.17472   1127.19980
      6.17000   1952.50293    491.25828   1461.24465
      6.18000   1978.30046    512.20276   1466.09770
      6.19000   1775.35424    487.94052   1287.41372
      6.20000   1579.76238    448.49527   1131.26711
      6.21000   1531.33881    433.42460   1097.91421
      6.22000   1743.09510    447.29814   1295.79695
      6.23000   2114.80857    475.36335   1639.44522
      6.24000   2193.06234    481.63135   1711.43098
      6.25000   2013.57163    468.43178   1545.13985
      6.26000   1864.28494    457.54376   1406.74118
      6.27000   1778.77123    451.52438   1327.24685
      6.28000   1722.59218    447.75948   1274.83270
      6.29000   1680.77751    445.10713   1235.67038
      6.30000   1647.57361    443.12591   1204.44770
      6.31000   1620.14236    441.59587   1178.54649
      6.32000   1596.85230    440.39047   1156.46183
      6.33000   1576.67252    439.42887   1137.24365
      6.34000   1558.91383    438.65750   1120.25633
      6.35000   1543.09219    438.03905   1105.05313
      6.36000   1528.85571    437.54695   1091.30875
      6.37000   1515.94126    437.16196   1078.77929
      6.38000   1504.14998    436.87101   1067.27897
      6.39000   1493.32742    436.66524   1056.66218
      6.40000   1483.35578    436.54015   1046.81563
      6.41000   1474.14582    436.49656   1037.64925
      6.42000   1465.65350    436.55266   1029.10084
      6.43000   1459.06574    437.47107   1021.59467
      6.44000   1487.12111    459.30379   1027.81732
      6.45000   1854.47571    688.58988   1165.88583
      6.46000   3290.81678   1573.74665   1717.07013
      6.47000   5083.33113   2684.39915   2398.93198
      6.48000   5253.17044   2810.63752   2442.53292
      6.49000   4475.03844   2357.78046   2117.25798
      6.50000   3941.17909   2052.19483   1888.98426
      6.51000   3671.83757   1907.65613   1764.18144
      6.52000   3517.88980   1834.15492   1683.73876
      6.53000   3425.37602   1798.15381   1627.49020
      6.54000   3422.97357   1787.68919   1642.01806
      6.55000   3884.92950   1798.05316   2152.34413
      6.56000   5475.72555   1827.96183   3904.36758
      6.57000   7092.35164   1879.17725   5660.30901
      6.58000   7226.74512   1958.47037   5724.73806
      6.59000   7652.87980   2080.12525   6073.80635
      6.60000   9161.99777   2286.01419   7545.73218
      6.61000   9730.91731   2699.21945   7724.91828
      6.62000   9380.80379   3349.02548   6601.73405
      6.63000   8569.26925   3359.03425   5673.97730
      6.64000   6752.66513   2043.28645   5105.72384
      6.65000   5241.44309    874.99333   4722.29495
      6.66000   4665.10094    551.29870   4445.40911
      6.67000   4435.01941    515.67385   4229.30015
      6.68000   4271.03600    510.08356   4051.49732
      6.69000   4133.15921    508.38891   3901.05635
      6.70000   4014.14669    508.42257   3771.29276
      6.71000   3909.89723    506.33686   3657.68578
      6.72000   3817.51392    501.67430   3557.02586
      6.73000   3734.86487    499.82986   3466.95146
      6.74000   3660.34188    503.15528   3385.68123
      6.75000   3592.70203    503.58001   3311.83883
      6.76000   3530.96745    501.20643   3244.34166
      6.77000   3474.35899    497.02279   3182.32601
      6.78000   3422.24545    489.29521   3125.09174
      6.79000   3374.11155    485.38403   3072.06541
      6.80000   3329.53183    490.50704   3022.77178
      6.81000   3288.15446    498.95863   2976.81610
      6.82000   3249.68641    504.98440   2933.86612
      6.83000   3213.88419    506.87598   2893.64227
      6.84000   3180.54383    503.23153   2855.90682
      6.85000   3149.49826    495.65387   2820.45985
      6.86000   3120.61358    493.79104   2787.13347
      6.87000   3093.77910    501.73657   2755.78331
      6.88000   3068.91579    508.19985   2726.29382
      6.89000   3045.96760    508.85086   2698.56958
      6.90000   3024.90776    508.95703   2672.53924
      6.91000   3005.73237    510.94649   2648.14830
      6.92000   2988.47214    516.48032   2625.36813
      6.93000   2973.19114    520.15592   2604.19248
      6.94000   2959.99729    522.29492   2584.64232
      6.95000   2949.05124    527.55537   2566.77146
      6.96000   2940.58346    532.24718   2550.67480
      6.97000   2934.92113    539.75295   2536.50226
      6.98000   2932.52154    547.31638   2524.47677
      6.99000   2934.03929    554.80418   2514.93076
      7.00000   2940.42421    566.26928   2508.35925
      7.01000   2953.10759    581.20790   2505.52081
      7.02000   2974.34208    600.79652   2507.62325
      7.03000   3007.92539    626.02156   2516.71607
      7.04000   3060.97957    659.06627   2536.66385
      7.05000   3149.70867    706.18512   2576.28518
      7.06000   3320.31414    788.84715   2660.78331
      7.07000   3647.89230    942.60593   2831.23040
      7.08000   3897.37387   1061.25966   2959.34593
      7.09000   3399.22003    841.44198   2678.58046
      7.10000   2505.59018    442.59273   2180.98825
      7.11000   2078.70536    254.07328   1939.75951
      7.12000   1997.49295    222.06756   1889.03546
      7.13000   1982.54851    221.83487   1875.11544
      7.14000   1972.48289    225.04768   1864.11060
      7.15000   1962.98827    226.37164   1853.63887
      7.16000   1953.96551    225.48146   1843.65006
      7.17000   1945.43629    225.70454   1834.16560
      7.18000   1937.42794    226.02482   1825.21269
      7.19000   1929.98364    225.15164   1816.83421
      7.20000   1923.15654    224.51071   1809.08366
      7.21000   1917.02190    225.37379   1802.03689
      7.22000   1911.68208    224.19903   1795.79770
      7.23000   1907.27678    223.67195   1790.50797
      7.24000   1904.00359    224.27420   1786.36909
      7.25000   1902.14291    223.95895   1783.66732
      7.26000   1902.11026    224.67844   1782.82779
      7.27000   1904.54293    225.51104   1784.50354
      7.28000   1910.47035    226.10169   1789.75087
      7.29000   1921.68815    224.81322   1800.41463
      7.30000   1941.71336    223.84481   1820.11186
      7.31000   1979.09886    225.09468   1857.64747
      7.32000   2059.37773    224.73103   1939.32467
      7.33000   2214.51167    222.61046   2098.03103
      7.34000   2273.72739    217.96190   2157.52614
      7.35000   1913.13670    208.17884   1784.02215
      7.36000   1464.58209    200.15247   1320.52338
      7.37000   1355.82830    197.92851   1208.67337
      7.38000   1510.70344    196.87557   1370.30443
      7.39000   1663.22063    195.76546   1528.35557
      7.40000   1336.34336    195.82119   1183.52318
      7.41000    789.17789    197.50754    606.92739
      7.42000    696.28513    208.59442    496.33244
      7.43000   1145.34475    243.12287    926.85205
      7.44000   1600.14725    265.51925   1376.62239
      7.45000   1571.09467    238.37330   1376.41590
      7.46000   1471.73934    214.65715   1300.69038
      7.47000   1600.91282    212.43542   1440.61794
      7.48000   1926.11805    217.38652   1780.02305
      7.49000   2181.67763    230.72357   2042.39772
      7.50000   2137.62184    251.19335   1982.84097
      7.51000   2030.65588    274.62004   1846.14863
      7.52000   2011.26539    314.40601   1781.82495
      7.53000   2078.21353    374.76105   1792.19378
      7.54000   2395.57094    503.25604   1987.04374
      7.55000   3051.52347    758.59978   2387.42069
      7.56000   3290.90878    851.39334   2528.30853
      7.57000   2970.50423    717.39213   2338.98640
      7.58000   2669.33383    598.98379   2159.94119
      7.59000   2505.34520    538.19777   2059.79312
      7.60000   2406.18618    498.08312   1997.22920
      7.61000   2337.01339    467.06586   1952.25848
      7.62000   2285.05755    447.01471   1917.48269
      7.63000   2244.52054    438.43709   1889.45134
      7.64000   2213.86912    434.65221   1866.74438
      7.65000   2203.71518    436.66406   1852.04714
      7.66000   2242.61346    468.68474   1853.85541
      7.67000   2309.68553    521.28200   1865.10111
      7.68000   2367.70457    568.89925   1872.55554
      7.69000   2438.71247    629.90524   1884.08715
      7.70000   2437.80689    641.87125   1877.17813
      7.71000   2377.28042    607.56673   1854.22906
      7.72000   2330.22311    575.65766   1835.42127
      7.73000   2301.51095    553.51118   1822.13796
      7.74000   2281.54419    542.67564   1811.66559
      7.75000   2266.23562    537.59008   1802.83314
      7.76000   2253.91746    529.77395   1795.14983
      7.77000   2243.73919    520.50871   1788.35873
      7.78000   2235.20111    515.88471   1782.30248
      7.79000   2227.99070    517.79225   1776.88372
      7.80000   2221.89273    522.22047   1772.02941
      7.81000   2216.75996    525.82391   1767.69220
      7.82000   2212.48688    528.11498   1763.83644
      7.83000   2208.99662    529.52114   1760.43743
      7.84000   2206.23440    530.44714   1757.47885
      7.85000   2204.15964    531.15945   1754.94855
      7.86000   2202.74769    531.80770   1752.84231
      7.87000   2201.97961    532.44527   1751.15754
      7.88000   2201.85029    533.04474   1749.89931
      7.89000   2202.35783    533.49111   1749.07299
      7.90000   2203.50910    533.54298   1748.68936
      7.91000   2205.31952    532.68503   1748.76432
      7.92000   2207.80872    529.61730   1749.31499
      7.93000   2211.00562    521.49323   1750.36585
      7.94000   2214.94428    507.87874   1751.94258
      7.95000   2219.67170    501.23046   1754.08091
      7.96000   2225.23827    513.00367   1756.81717
      7.97000   2231.71250    531.77250   1760.19995
      7.98000   2239.17188    544.21401   1764.28264
      7.99000   2247.71638    547.08220   1769.13271
      8.00000   2257.46764    544.12406   1774.82998
      8.01000   2268.58178    543.22347   1781.47332
      8.02000   2281.27034    545.25710   1789.19227
      8.03000   2295.83362    550.97445   1798.16149
      8.04000   2312.74936    561.40993   1808.64561
      8.05000   2332.91616    569.88748   1821.11659
      8.06000   2358.57350    573.97924   1836.70940
      8.07000   2395.64256    589.49136   1858.35581
      8.08000   2440.72074    611.03840   1883.93503
      8.09000   2419.09284    593.26204   1874.85892
      8.10000   2296.78273    523.34287   1816.73265
      8.11000   2304.57445    509.70627   1834.38021
      8.12000   2488.86374    580.23902   1947.65073
      8.13000   2633.79204    636.59434   2036.79976
      8.14000   2914.82450    730.78016   2224.98607
      8.15000   4383.64567   1214.28301   3209.58823
      8.16000   7978.03515   2386.33973   5628.98667
      8.17000  11165.36706   3401.18393   7797.60645
      8.18000  11058.30045   3327.80280   7755.60972
      8.19000   9613.25875   2820.98891   6808.97086
      8.20000   8913.38750   2555.31976   6371.65415
      8.21000   9090.66957   2557.36744   6546.24333
      8.22000  10111.45337   2794.70217   7326.05714
      8.23000  11123.68021   3043.97047   8092.63758
      8.24000  10191.24653   2793.60745   7427.57648
      8.25000   7100.02259   1970.27957   5182.96901
      8.26000   3603.82655   1029.54336   2645.86367
      8.27000   1864.18841    558.32636   1384.41607
      8.28000   1529.80908    466.21603   1142.81649
      8.29000   1516.93622    460.14897   1135.25864
      8.30000   1536.47335    461.12268   1152.63821
      8.31000   1571.99170    463.07599   1184.51516
      8.32000   1642.09625    467.08018   1248.27144
      8.33000   1745.13222    472.80808   1342.74601
      8.34000   1728.63015    469.18524   1327.43249
      8.35000   1494.83122    450.35832   1111.63069
      8.36000   1294.59161    435.92714    926.81507
      8.37000   1232.31053    432.78489    869.47255
      8.38000   1218.12091    433.31386    856.31630
      8.39000   1211.63137    434.26821    849.85486
      8.40000   1207.55354    435.28131    845.25030
      8.41000   1204.91388    436.33974    841.70466
      8.42000   1203.17893    437.45011    838.79823
      8.43000   1202.06193    438.62534    836.30534
      8.44000   1201.44552    439.88472    834.13338
      8.45000   1201.34286    441.26029    832.28967
      8.46000   1201.89196    442.80532    830.87457
      8.47000   1203.52419    444.64949    830.19926
      8.48000   1210.33378    447.96550    833.19073
      8.49000   1257.27225    462.68407    864.87208
      8.50000   1434.77055    514.29896    990.18049
      8.51000   1682.64481    585.13820   1166.60149
      8.52000   1744.99777    601.48824   1211.94503
      8.53000   1596.23760    553.77082   1110.18395
      8.54000   1403.28994    491.53623    978.65940
      8.55000   1302.57588    459.03355    909.40110
      8.56000   1280.32875    450.87402    893.13754
      8.57000   1324.46601    460.10697    921.56392
      8.58000   1480.74947    506.35241   1020.70507
      8.59000   1636.13374    568.40310   1110.93651
      8.60000   1606.42296    580.13693   1075.58437
      8.61000   1489.17644    558.42923    985.37761
      8.62000   1448.01469    543.33041    965.16614
      8.63000   1453.63208    536.69820    980.28542
      8.64000   1452.02340    533.52226    981.16803
      8.65000   1455.45752    531.90495    986.13281
      8.66000   1452.81786    531.17028    982.93505
      8.67000   1412.33077    531.00539    935.26017
      8.68000   1396.94836    531.24091    916.50776
      8.69000   1420.77916    531.77603    942.65373
      8.70000   1430.00011    532.54581    951.12177
      8.71000   1429.30242    533.50799    947.64779
      8.72000   1428.85511    534.63231    944.13499
      8.73000   1429.35904    535.89770    941.39060
      8.74000   1430.52396    537.28892    939.06383
      8.75000   1432.24803    538.79920    937.01820
      8.76000   1434.50683    540.47909    935.19994
      8.77000   1437.31026    542.63054    933.58681
      8.78000   1440.69299    545.85271    932.17489
      8.79000   1444.70832    550.37658    930.96909
      8.80000   1449.42851    555.82734    929.98235
      8.81000   1454.94769    561.92779    929.23587
      8.82000   1461.38779    568.68696    928.75883
      8.83000   1468.90537    576.21544    928.58956
      8.84000   1477.69870    584.66166    928.77737
      8.85000   1488.02397    594.21934    929.38450
      8.86000   1500.21257    605.14129    930.48928
      8.87000   1514.69813    617.76319    932.18944
      8.88000   1532.05552    632.53851    934.60622
      8.89000   1553.05881    650.09129    937.88927
      8.90000   1578.78137    671.30335    942.23000
      8.91000   1610.77022    697.46377    947.88601
      8.92000   1651.39164    730.54853    955.24727
      8.93000   1704.52599    773.77117    964.98024
      8.94000   1777.05486    832.76671    978.33102
      8.95000   1882.18594    918.30972    997.73222
      8.96000   2047.18983   1052.86941   1027.98460
      8.97000   2327.06862   1283.06174   1077.47350
      8.98000   2792.33569   1673.60472   1151.99325
      8.99000   3384.39411   2191.09166   1226.35251
      9.00000   3759.82495   2558.89251   1233.76073
      9.01000   3649.79974   2531.52075   1150.87378
      9.02000   3259.13568   2250.40397   1041.07841
      9.03000   2894.30828   1967.71799    958.67036
      9.04000   2641.03421   1765.37391    907.44952
      9.05000   2471.62836   1627.51670    875.57749
      9.06000   2354.05212   1530.35083    854.79843
      9.07000   2269.81367   1459.48566    840.98994
      9.08000   2220.41664   1415.31083    835.20344
      9.09000   2364.50082   1514.35472    879.03889
      9.10000   3436.01705   2315.72753   1144.79256
      9.11000   5884.15931   4243.92980   1654.67303
      9.12000   7857.96131   5939.91427   1922.67932
      9.13000   8292.94009   6356.20772   1937.44997
      9.14000   8239.21157   6212.79208   2026.47185
      9.15000   8040.06297   5823.20163   2216.86309
      9.16000   8582.10650   5835.10367   2747.00285
      9.17000   9151.05482   5974.83856   3176.21625
      9.18000   8595.04942   5564.29509   3030.75433
      9.19000   7953.21356   5142.93092   2810.28264
      9.20000   7896.57791   5066.80830   2829.76961
      9.21000   8149.29480   5180.06411   2969.23069
      9.22000   7600.64667   4893.82160   2706.82506
      9.23000   6270.34091   4250.24552   2020.09539
      9.24000   5821.75041   4192.21262   1629.53779
      9.25000   6102.59673   4536.38445   1566.21229
      9.26000   5374.63363   3905.37759   1469.25604
      9.27000   3746.55945   2451.84652   1294.71293
      9.28000   2871.29184   1674.26163   1197.03021
      9.29000   2703.08905   1533.42571   1169.66334
      9.30000   2693.97388   1535.41156   1158.56233
      9.31000   2706.59772   1556.53800   1150.05972
      9.32000   2730.76546   1587.82434   1142.94113
      9.33000   2767.86480   1630.74414   1137.12066
      9.34000   2821.25781   1688.61531   1132.64250
      9.35000   2896.87130   1767.26782   1129.60348
      9.36000   3005.81420   1877.75287   1128.06134
      9.37000   3174.63560   2046.58212   1128.05348
      9.38000   3481.72140   2351.34578   1130.37562
      9.39000   4002.04859   2866.10219   1135.94640
      9.40000   4199.54697   3065.66460   1133.88237
      9.41000   3292.95411   2183.92986   1109.02424
      9.42000   2233.29869   1151.47651   1081.82217
      9.43000   1871.40719    801.48790   1069.91928
      9.44000   1826.55780    761.29207   1065.26573
      9.45000   1825.27918    763.20829   1062.07089
      9.46000   1828.05857    768.64029   1059.41827
      9.47000   1832.89572    775.70010   1057.19561
      9.48000   1839.70606    784.35243   1055.35363
      9.49000   1848.50693    794.64433   1053.86260
      9.50000   1859.36860    806.66524   1052.70335
      9.51000   1872.42220    820.55387   1051.86833
      9.52000   1887.86637    836.50900   1051.35737
      9.53000   1906.78434    855.55788   1051.22646
      9.54000   1950.99568    898.05097   1052.94471
      9.55000   2207.67512   1138.27438   1069.40075
      9.56000   3078.52636   1948.99099   1129.53536
      9.57000   4084.50810   2880.18604   1204.32207
      9.58000   4160.50094   2940.21950   1220.28144
      9.59000   3759.75672   2557.16515   1202.59157
      9.60000   3510.78014   2318.43104   1192.34910
      9.61000   3408.44447   2218.20338   1190.24110
      9.62000   3374.05008   2182.43648   1191.61360
      9.63000   3379.52264   2184.61453   1194.90812
      9.64000   3416.18850   2216.28689   1199.90161
      9.65000   3484.24459   2276.87883   1207.36576
      9.66000   3600.69384   2379.56402   1221.12981
      9.67000   3913.09443   2644.23393   1268.86050
      9.68000   5108.36765   3637.51721   1470.85044
      9.69000   7535.25541   5672.70779   1862.54762
      9.70000   9163.51394   7128.46337   2035.05056
      9.71000   9788.53157   7793.47679   1995.05478
      9.72000  10145.04143   8157.98895   1987.05248
      9.73000   9626.70979   7733.90413   1892.80565
      9.74000   7950.94267   6320.41578   1630.52689
      9.75000   6259.53330   4889.28178   1370.25151
      9.76000   5622.75330   4353.01465   1269.73865
      9.77000   5569.70751   4309.22637   1260.48114
      9.78000   5799.73562   4499.89666   1299.83896
      9.79000   6243.78533   4864.55485   1379.23048
      9.80000   6012.87209   4642.31876   1370.55333
      9.81000   4611.56480   3399.29137   1212.27343
      9.82000   3641.13360   2495.03122   1146.10239
      9.83000   3297.99225   2207.08752   1090.90474
      9.84000   2639.91191   1837.18491    802.72700
      9.85000   2066.22004   1530.08280    536.13724
      9.86000   1902.81249   1446.73241    456.08008
      9.87000   1899.92889   1451.67410    448.25480
      9.88000   1930.63178   1478.65533    451.97645
      9.89000   2008.61905   1535.23336    473.38569
      9.90000   2170.42786   1644.34357    526.08429
      9.91000   2414.54460   1847.30833    567.23627
      9.92000   3300.14079   2603.18547    696.95532
      9.93000   5679.77035   4470.43220   1209.33815
      9.94000   7783.36589   5965.64253   1817.72335
      9.95000   7436.34594   5410.69213   2025.65381
      9.96000   6276.21629   4194.49102   2081.72528
      9.97000   5559.81944   3544.64487   2015.17458
      9.98000   5076.20468   3235.73818   1840.46650
      9.99000   4827.06226   3098.31728   1728.74499
     10.00000   4775.57720   3081.11722   1694.45998
     10.01000   4910.92505   3186.58694   1724.33811
     10.02000   5340.96421   3495.07793   1845.88629
     10.03000   5828.98501   3841.52239   1987.46261
     10.04000   5197.01206   3396.46905   1800.54302
     10.05000   3759.95385   2360.12555   1399.82830
     10.06000   3638.07279   2156.89431   1481.17849
     10.07000   4582.15923   2649.50155   1932.65768
     10.08000   4785.64824   2758.70320   2026.94504
     10.09000   4315.71926   2500.51354   1815.20572
     10.10000   3960.35343   2306.81424   1653.53919
     10.11000   3786.88915   2214.43625   1572.45290
     10.12000   3700.25713   2171.18736   1529.06977
     10.13000   3664.92336   2158.00576   1506.91760
     10.14000   3688.79613   2182.47288   1506.32325
     10.15000   3921.75433   2350.28666   1571.46766
     10.16000   4723.43077   2912.51303   1810.91774
     10.17000   5748.40985   3625.50930   2122.90055
     10.18000   5792.78472   3653.75208   2139.03264
     10.19000   5034.49088   3125.70974   1908.78114
     10.20000   4381.57876   2667.14019   1714.43857
     10.21000   3546.86582   2093.14283   1453.72299
     10.22000   2805.64222   1600.02783   1205.61440
     10.23000   3055.97802   1808.07511   1247.90291
     10.24000   3968.06042   2478.68967   1489.37074
     10.25000   4519.74975   2866.24340   1653.50635
     10.26000   4776.97067   3029.15222   1747.81845
     10.27000   4971.35976   3145.20423   1826.15553
     10.28000   4578.69239   2827.81919   1750.87319
     10.29000   4034.67589   2381.95442   1652.72147
     10.30000   4114.21917   2366.86618   1747.35299
     10.31000   4140.56990   2372.40253   1768.16737
     10.32000   3410.56652   1965.07354   1445.49298
     10.33000   2754.59114   1606.24318   1148.34797
     10.34000   2632.91411   1546.79062   1086.12349
     10.35000   2649.30517   1551.09064   1098.21453
     10.36000   2578.05309   1485.49552   1092.55757
     10.37000   2413.71362   1353.40446   1060.30915
     10.38000   2221.14409   1204.66589   1016.47820
     10.39000   2052.32736   1077.06689    975.26047
     10.40000   1922.36622    980.36801    941.99821
     10.41000   1826.14028    909.74223    916.39805
     10.42000   1754.68120    857.99605    896.68515
     10.43000   1700.84476    819.57771    881.26704
     10.44000   1659.97520    790.92897    869.04625
     10.45000   1630.00535    770.55220    859.45398
     10.46000   1618.70715    765.84714    852.88629
     10.47000   1713.02519    860.25531    853.08342
     10.48000   2211.14684   1343.98072    868.70272
     10.49000   3054.65049   2166.50205    891.76657
