Energy-E_F (eV)    DOS (1/eV)    PDOS (1/eV)  of atom type H  C  
     -4.99000    540.70322     57.95239    482.75083
     -4.98000    587.02729     62.22246    524.80483
     -4.97000    611.42552     59.91321    551.51232
     -4.96000    757.11062     68.69033    688.42029
     -4.95000    832.39795     67.30682    765.09113
     -4.94000    641.34949     56.23749    585.11199
     -4.93000    438.01549     47.83118    390.18431
     -4.92000    375.06371     41.77393    333.28978
     -4.91000    420.99732     44.26077    376.73656
     -4.90000    434.35686     42.35960    391.99726
     -4.89000    432.07068     42.92702    389.14366
     -4.88000    429.81337     43.82211    385.99125
     -4.87000    409.57135     40.59803    368.97332
     -4.86000    430.13548     44.65860    385.47688
     -4.85000    408.22197     41.58031    366.64166
     -4.84000    406.04307     40.84722    365.19585
     -4.83000    430.44543     45.34684    385.09859
     -4.82000    389.86823     39.27699    350.59123
     -4.81000    416.82656     42.68511    374.14145
     -4.80000    418.09290     43.97878    374.11412
     -4.79000    385.62122     38.77463    346.84658
     -4.78000    425.67854     44.21045    381.46809
     -4.77000    400.51952     41.59076    358.92876
     -4.76000    393.59165     40.16533    353.42632
     -4.75000    428.12299     44.45967    383.66332
     -4.74000    380.93353     39.26716    341.66637
     -4.73000    415.51121     42.97506    372.53615
     -4.72000    413.62292     42.83543    370.78749
     -4.71000    375.93892     38.48616    337.45276
     -4.70000    434.06020     45.61164    388.44856
     -4.69000    391.95482     39.99792    351.95690
     -4.68000    387.91548     40.15913    347.75635
     -4.67000    435.23329     45.77630    389.45699
     -4.66000    382.01220     38.67801    343.33420
     -4.65000    401.01194     42.22392    358.78802
     -4.64000    426.16841     44.20863    381.95978
     -4.63000    386.58201     39.47000    347.11201
     -4.62000    403.95639     43.16221    360.79418
     -4.61000    424.12981     42.80882    381.32099
     -4.60000    384.85111     40.60924    344.24187
     -4.59000    419.24322     44.29877    374.94444
     -4.58000    405.34194     40.62205    364.71988
     -4.57000    403.47897     43.15299    360.32598
     -4.56000    416.30805     44.14789    372.16016
     -4.55000    412.40726     41.44030    370.96696
     -4.54000    472.81569     58.62809    414.18760
     -4.53000    615.59359     84.39114    531.20246
     -4.52000    691.13154    100.80957    590.32198
     -4.51000    682.71303    101.22114    581.49189
     -4.50000    630.73384     85.60512    545.12872
     -4.49000    597.59276     79.73077    517.86199
     -4.48000    578.30704     77.89137    500.41567
     -4.47000    576.87029     72.91287    503.95742
     -4.46000    573.05306     72.96594    500.08712
     -4.45000    540.70645     70.08292    470.62353
     -4.44000    570.33532     69.30063    501.03469
     -4.43000    563.92660     70.88703    493.03957
     -4.42000    525.71428     65.34712    460.36716
     -4.41000    569.49145     68.92467    500.56678
     -4.40000    562.95209     68.69769    494.25439
     -4.39000    520.44198     63.91596    456.52601
     -4.38000    574.82365     68.82891    505.99473
     -4.37000    557.79268     66.40254    491.39014
     -4.36000    533.89998     65.58169    468.31829
     -4.35000    572.52878     67.15046    505.37832
     -4.34000    559.92158     66.05706    493.86452
     -4.33000    555.19203     67.54488    487.64714
     -4.32000    566.05659     65.64389    500.41269
     -4.31000    576.22562     67.01531    509.21031
     -4.30000    568.81977     69.18471    499.63506
     -4.29000    574.08206     64.90860    509.17347
     -4.28000    594.70457     69.72149    524.98307
     -4.27000    580.81089     68.56463    512.24626
     -4.26000    600.62976     68.40211    532.22764
     -4.25000    610.29264     69.96687    540.32577
     -4.24000    604.79191     70.58290    534.20901
     -4.23000    638.21583     71.96833    566.24749
     -4.22000    636.00400     71.24072    564.76328
     -4.21000    647.93131     74.19584    573.73547
     -4.20000    692.54144     76.27775    616.26368
     -4.19000    708.43012     76.06758    632.36253
     -4.18000    861.34460     93.05911    768.28549
     -4.17000   1323.66933    133.05297   1190.61635
     -4.16000   1899.04139    183.47716   1715.56423
     -4.15000   2276.49649    202.13218   2074.36431
     -4.14000   2602.58276    209.62178   2392.96099
     -4.13000   2677.72706    218.10515   2459.62191
     -4.12000   2732.79524    240.33997   2492.45526
     -4.11000   2647.15267    241.51863   2405.63403
     -4.10000   1868.40807    168.86338   1699.54470
     -4.09000   1073.42538     95.12160    978.30378
     -4.08000    808.57349     69.23033    739.34316
     -4.07000    752.01611     65.38984    686.62626
     -4.06000    688.69545     62.44606    626.24938
     -4.05000    698.60723     64.76275    633.84448
     -4.04000    691.63020     64.12592    627.50429
     -4.03000    649.17891     63.19062    585.98829
     -4.02000    648.47736     63.75233    584.72503
     -4.01000    666.23157     65.67305    600.55851
     -4.00000    620.89261     63.36395    557.52866
     -3.99000    625.14740     65.23533    559.91207
     -3.98000    642.61705     66.36200    576.25506
     -3.97000    614.88780     65.93152    548.95628
     -3.96000    604.33320     66.22791    538.10529
     -3.95000    635.34694     69.13320    566.21374
     -3.94000    610.67561     68.36860    542.30700
     -3.93000    599.25247     69.25520    529.99726
     -3.92000    631.92109     72.44423    559.47686
     -3.91000    617.92709     72.45592    545.47117
     -3.90000    625.64019     74.34543    551.29476
     -3.89000    721.40726     78.52304    642.88422
     -3.88000    804.64137     82.05064    722.59072
     -3.87000    799.19437     83.51158    715.68279
     -3.86000    813.16840     89.30423    723.86417
     -3.85000    796.45350     92.16910    704.28440
     -3.84000    786.70746     97.76304    688.94442
     -3.83000    830.97211    107.71692    723.25518
     -3.82000    876.68902    121.93954    754.74948
     -3.81000    953.66738    148.45927    805.20811
     -3.80000   1088.03021    182.59936    905.43084
     -3.79000   1006.74287    160.14473    846.59814
     -3.78000    686.37210     81.26988    605.10222
     -3.77000    544.83416     37.42219    507.41197
     -3.76000    490.70545     26.13505    464.57040
     -3.75000    479.42539     25.36858    454.05682
     -3.74000    494.87689     26.27901    468.59788
     -3.73000    482.03738     25.50885    456.52853
     -3.72000    478.93957     24.71016    454.22941
     -3.71000    490.17366     26.56852    463.60514
     -3.70000    481.28096     24.69298    456.58798
     -3.69000    482.70100     25.30130    457.39970
     -3.68000    492.40185     26.14916    466.25269
     -3.67000    490.88028     24.78540    466.09488
     -3.66000    493.25825     25.80007    467.45818
     -3.65000    516.46295     26.18426    490.27869
     -3.64000    521.16604     25.71672    495.44932
     -3.63000    556.83226     27.02883    529.80343
     -3.62000    640.86064     29.08168    611.77896
     -3.61000    660.54605     28.43917    632.10688
     -3.60000    555.09967     27.57158    527.52809
     -3.59000    347.11745     21.50515    325.61230
     -3.58000    247.32327     19.94339    227.37988
     -3.57000    251.46202     20.08605    231.37597
     -3.56000    241.73536     19.37348    222.36187
     -3.55000    235.39758     19.63102    215.76657
     -3.54000    253.78654     20.07762    233.70891
     -3.53000    236.89779     19.14567    217.75212
     -3.52000    242.85070     20.07339    222.77731
     -3.51000    250.59956     19.60521    230.99435
     -3.50000    239.08361     19.48222    219.60139
     -3.49000    248.01080     20.15007    227.86072
     -3.48000    275.30986     19.74721    255.56264
     -3.47000    380.15068     22.73344    357.41724
     -3.46000    541.21719     24.94089    516.27630
     -3.45000    612.81267     26.79225    586.02042
     -3.44000    549.86095     25.53721    524.32374
     -3.43000    518.27772     24.91497    493.36275
     -3.42000    506.59161     24.79638    481.79523
     -3.41000    469.09004     24.20206    444.88798
     -3.40000    479.19488     24.11990    455.07499
     -3.39000    476.33173     24.58817    451.74356
     -3.38000    443.31902     23.35498    419.96404
     -3.37000    477.04458     24.72741    452.31717
     -3.36000    449.54839     23.50060    426.04779
     -3.35000    449.22934     24.23110    424.99824
     -3.34000    458.73761     23.80896    434.92866
     -3.33000    454.27218     24.24503    430.02715
     -3.32000    434.90756     23.58997    411.31759
     -3.31000    466.65801     24.39733    442.26068
     -3.30000    441.72948     23.85074    417.87874
     -3.29000    441.30991     24.00277    417.30714
     -3.28000    459.64525     24.22892    435.41633
     -3.27000    446.85612     24.17591    422.68020
     -3.26000    435.07898     23.90254    411.17644
     -3.25000    466.44349     24.59223    441.85126
     -3.24000    442.63212     24.10735    418.52476
     -3.23000    439.31904     24.25348    415.06557
     -3.22000    467.42518     24.62793    442.79726
     -3.21000    442.66413     24.39459    418.26954
     -3.20000    446.92249     24.42597    422.49653
     -3.19000    461.50557     24.82243    436.68314
     -3.18000    456.84939     24.72575    432.12365
     -3.17000    438.36355     24.54520    413.81836
     -3.16000    476.94282     25.24864    451.69418
     -3.15000    450.69531     24.86884    425.82647
     -3.14000    450.92933     24.97303    425.95630
     -3.13000    477.59266     25.49508    452.09758
     -3.12000    455.88617     25.24149    430.64468
     -3.11000    461.65368     25.38112    436.27257
     -3.10000    474.79658     25.77187    449.02471
     -3.09000    475.03657     25.81827    449.21830
     -3.08000    455.71548     25.65080    430.06468
     -3.07000    493.47461     26.34938    467.12524
     -3.06000    477.93760     26.27960    451.65801
     -3.05000    465.52175     26.13562    439.38613
     -3.04000    505.63794     26.97821    478.65974
     -3.03000    484.13580     26.76340    457.37240
     -3.02000    485.66266     26.93243    458.73023
     -3.01000    504.11954     27.40862    476.71092
     -3.00000    513.68706     27.73866    485.94840
     -2.99000    488.91838     27.51578    461.40260
     -2.98000    523.37223     28.29301    495.07922
     -2.97000    533.42560     28.65165    504.77395
     -2.96000    505.62300     28.42951    477.19350
     -2.95000    546.70253     29.38245    517.32008
     -2.94000    550.98113     29.66421    521.31692
     -2.93000    544.41593     29.90014    514.51578
     -2.92000    560.60239     30.44518    530.15721
     -2.91000    596.11136     31.43534    564.67602
     -2.90000    577.46911     31.45624    546.01287
     -2.89000    607.23164     32.43204    574.79960
     -2.88000    645.03080     33.58708    611.44372
     -2.87000    646.31862     34.17800    612.14062
     -2.86000    682.61458     35.49562    647.11895
     -2.85000    751.20699     37.66542    713.54156
     -2.84000    799.21404     39.83860    759.37545
     -2.83000    905.20754     43.47910    861.72844
     -2.82000   1015.57466     47.28756    968.28710
     -2.81000   1032.26417     49.20172    983.06245
     -2.80000    991.18556     48.03115    943.15440
     -2.79000    710.99399     37.82592    673.16807
     -2.78000    382.12456     26.92708    355.19748
     -2.77000    290.83019     23.69918    267.13101
     -2.76000    307.46537     24.21302    283.25235
     -2.75000    287.20622     24.55347    262.65274
     -2.74000    284.76889     24.79701    259.97188
     -2.73000    317.76642     25.81432    291.95210
     -2.72000    306.15622     26.50706    279.64917
     -2.71000    293.91664     26.84453    267.07212
     -2.70000    330.86548     28.00446    302.86101
     -2.69000    332.68995     29.14340    303.54655
     -2.68000    311.44519     29.74827    281.69692
     -2.67000    347.46969     31.15350    316.31619
     -2.66000    368.46102     32.95233    335.50869
     -2.65000    344.54913     34.19962    310.34951
     -2.64000    374.99343     36.21283    338.78061
     -2.63000    420.27153     39.23850    381.03303
     -2.62000    408.51137     42.16607    366.34530
     -2.61000    438.99030     46.35264    392.63766
     -2.60000    526.83573     53.62522    473.21052
     -2.59000    591.14267     65.77781    525.36486
     -2.58000    722.48988     86.13120    636.35868
     -2.57000    818.32209     94.01426    724.30783
     -2.56000    544.75411     57.91135    486.84276
     -2.55000    209.21596     16.38398    192.83199
     -2.54000    144.69181      3.16069    141.53112
     -2.53000    144.22278      1.92766    142.29512
     -2.52000    103.58086      1.33619    102.24466
     -2.51000    132.65717      1.52431    131.13286
     -2.50000    213.38117      2.76015    210.62103
     -2.49000    293.61187      3.93806    289.67381
     -2.48000    357.18963      4.63913    352.55050
     -2.47000    360.78355      4.81972    355.96383
     -2.46000    302.27690      4.18165    298.09525
     -2.45000    259.30529      3.47380    255.83149
     -2.44000    275.84820      3.74098    272.10722
     -2.43000    269.10438      3.79148    265.31290
     -2.42000    226.48113      3.12492    223.35621
     -2.41000    249.57872      3.42063    246.15809
     -2.40000    253.61739      3.61768    249.99970
     -2.39000    227.28586      3.19369    224.09218
     -2.38000    221.10368      3.07639    218.02730
     -2.37000    254.45187      3.64359    250.80828
     -2.36000    225.50136      3.22208    222.27929
     -2.35000    205.55763      2.89711    202.66053
     -2.34000    255.43251      3.67303    251.75948
     -2.33000    218.00074      3.16773    214.83301
     -2.32000    210.76189      2.98921    207.77268
     -2.31000    238.72114      3.47546    235.24568
     -2.30000    224.47227      3.29249    221.17978
     -2.29000    214.08589      3.05823    211.02766
     -2.28000    220.24255      3.26354    216.97901
     -2.27000    239.61266      3.52790    236.08476
     -2.26000    207.17164      3.00311    204.16852
     -2.25000    215.12255      3.23139    211.89116
     -2.24000    249.22939      3.70269    245.52670
     -2.23000    196.43904      2.90050    193.53854
     -2.22000    226.37688      3.43792    222.93896
     -2.21000    242.65600      3.67085    238.98515
     -2.20000    197.02573      2.96586    194.05987
     -2.19000    240.67060      3.71781    236.95279
     -2.18000    230.08225      3.62472    226.45754
     -2.17000    264.54750      4.90472    259.64278
     -2.16000    613.42625     15.47270    597.95355
     -2.15000   1297.95695     37.51608   1260.44086
     -2.14000   1761.29103     51.58373   1709.70731
     -2.13000   1584.33689     45.92936   1538.40753
     -2.12000   1292.78563     36.90709   1255.87854
     -2.11000   1180.03141     32.60887   1147.42254
     -2.10000   1072.40728     29.69144   1042.71584
     -2.09000   1051.37277     28.71357   1022.65920
     -2.08000   1079.33017     29.14807   1050.18210
     -2.07000   1142.51973     31.47216   1111.04757
     -2.06000   1294.60079     35.49771   1259.10308
     -2.05000   1087.93756     29.55607   1058.38150
     -2.04000    542.29616     13.62534    528.67082
     -2.03000    239.35801      4.27086    235.08715
     -2.02000    147.43411      1.93219    145.50192
     -2.01000    155.82180      1.96298    153.85882
     -2.00000    173.97373      2.45053    171.52321
     -1.99000    220.49625      4.14111    216.35514
     -1.98000    322.42419      6.75285    315.67135
     -1.97000    260.72617      5.23828    255.48788
     -1.96000    199.31125      3.13623    196.17501
     -1.95000    342.16182      5.64598    336.51584
     -1.94000    721.30273     13.55873    707.74400
     -1.93000   1095.24139     20.96501   1074.27638
     -1.92000   1076.88276     20.71060   1056.17215
     -1.91000    941.77077     18.10013    923.67064
     -1.90000    909.18711     17.13615    892.05096
     -1.89000    858.04566     16.27096    841.77471
     -1.88000    867.89088     16.27825    851.61263
     -1.87000    890.91817     16.53192    874.38625
     -1.86000    890.88667     16.63879    874.24788
     -1.85000    972.68940     17.84210    954.84731
     -1.84000   1030.20335     18.99725   1011.20610
     -1.83000   1200.45168     22.08135   1178.37033
     -1.82000   1492.71889     27.35787   1465.36101
     -1.81000   1534.13422     28.21514   1505.91908
     -1.80000   1070.02680     18.83820   1051.18860
     -1.79000    476.29885      7.42436    468.87449
     -1.78000    243.46488      3.06164    240.40324
     -1.77000    250.61002      2.87569    247.73433
     -1.76000    217.12410      2.46695    214.65715
     -1.75000    218.43536      2.48658    215.94878
     -1.74000    239.76414      2.70706    237.05708
     -1.73000    222.61306      2.50620    220.10686
     -1.72000    218.21409      2.45851    215.75558
     -1.71000    231.66829      2.59105    229.07724
     -1.70000    237.90279      2.65234    235.25045
     -1.69000    208.22294      2.31941    205.90353
     -1.68000    234.05518      2.59023    231.46495
     -1.67000    245.58492      2.71005    242.87486
     -1.66000    205.87275      2.26229    203.61046
     -1.65000    236.50951      2.58405    233.92546
     -1.64000    244.88691      2.67298    242.21393
     -1.63000    220.63191      2.38731    218.24461
     -1.62000    225.36566      2.42211    222.94355
     -1.61000    251.77529      2.71649    249.05880
     -1.60000    235.02423      2.49304    232.53119
     -1.59000    216.54377      2.29414    214.24963
     -1.58000    259.53285      2.73917    256.79368
     -1.57000    242.79560      2.53977    240.25582
     -1.56000    227.36947      2.35451    225.01496
     -1.55000    247.67481      2.54325    245.13156
     -1.54000    266.21810      2.74582    263.47228
     -1.53000    233.04609      2.33621    230.70988
     -1.52000    246.20116      2.45609    243.74507
     -1.51000    278.97292      2.80495    276.16797
     -1.50000    251.35539      2.43493    248.92046
     -1.49000    250.35430      2.41731    247.93699
     -1.48000    284.43088      2.72548    281.70539
     -1.47000    281.78396      2.65872    279.12524
     -1.46000    262.82175      2.39465    260.42710
     -1.45000    292.54991      2.63038    289.91953
     -1.44000    319.68958      2.88362    316.80596
     -1.43000    293.90348      2.45504    291.44844
     -1.42000    320.74114      2.63258    318.10855
     -1.41000    373.81423      3.02627    370.78797
     -1.40000    383.04388      2.77081    380.27308
     -1.39000    447.48755      2.93528    444.55227
     -1.38000    546.49883      3.36367    543.13517
     -1.37000    474.03310      3.19036    470.84274
     -1.36000    252.40743      2.31344    250.09399
     -1.35000    165.41942      2.21269    163.20672
     -1.34000    168.71818      2.48301    166.23517
     -1.33000    123.80146      1.93305    121.86841
     -1.32000    136.60197      2.15219    134.44978
     -1.31000    160.90638      2.37706    158.52932
     -1.30000    139.51456      2.15393    137.36064
     -1.29000    127.20723      2.05891    125.14833
     -1.28000    149.76626      2.23675    147.52951
     -1.27000    158.87326      2.42634    156.44692
     -1.26000    118.63245      1.91409    116.71835
     -1.25000    143.92856      2.23181    141.69676
     -1.24000    163.56782      2.45602    161.11180
     -1.23000    124.99455      1.98491    123.00964
     -1.22000    136.56925      2.19628    134.37296
     -1.21000    156.62657      2.32558    154.30099
     -1.20000    144.55132      2.26522    142.28610
     -1.19000    123.62713      2.01576    121.61138
     -1.18000    151.68878      2.29238    149.39640
     -1.17000    158.78942      2.44215    156.34727
     -1.16000    117.52992      1.90689    115.62303
     -1.15000    148.50710      2.32715    146.17995
     -1.14000    159.30351      2.38977    156.91375
     -1.13000    128.37370      2.06701    126.30669
     -1.12000    137.44720      2.20990    135.23730
     -1.11000    156.96194      2.33520    154.62674
     -1.10000    145.41650      2.31206    143.10444
     -1.09000    122.69708      1.99084    120.70624
     -1.08000    159.04155      2.41698    156.62457
     -1.07000    152.85246      2.36574    150.48672
     -1.06000    120.07616      1.96146    118.11470
     -1.05000    155.93991      2.43055    153.50936
     -1.04000    153.81400      2.31393    151.50007
     -1.03000    130.93402      2.15059    128.78342
     -1.02000    141.58989      2.23231    139.35758
     -1.01000    160.40108      2.40724    157.99384
     -1.00000    139.32028      2.26025    137.06004
     -0.99000    129.28724      2.06099    127.22625
     -0.98000    168.16108      2.56013    165.60096
     -0.97000    139.85238      2.20194    137.65043
     -0.96000    130.54496      2.13212    128.41284
     -0.95000    163.73593      2.50009    161.23584
     -0.94000    145.40990      2.24565    143.16425
     -0.93000    134.72366      2.23445    132.48921
     -0.92000    152.57362      2.32048    150.25314
     -0.91000    158.90397      2.46040    156.44357
     -0.90000    130.32033      2.14416    128.17616
     -0.89000    151.02404      2.33410    148.68994
     -0.88000    164.73432      2.53934    162.19498
     -0.87000    128.04496      2.08289    125.96207
     -0.86000    154.99648      2.45119    152.54529
     -0.85000    160.17599      2.42542    157.75057
     -0.84000    137.21427      2.24703    134.96725
     -0.83000    149.89294      2.37310    147.51984
     -0.82000    162.03452      2.45292    159.58160
     -0.81000    143.34532      2.35165    140.99367
     -0.80000    143.94238      2.26373    141.67865
     -0.79000    170.27345      2.61764    167.65581
     -0.78000    138.79044      2.24496    136.54549
     -0.77000    150.61583      2.39741    148.21842
     -0.76000    168.32310      2.57894    165.74416
     -0.75000    140.15110      2.26756    137.88354
     -0.74000    156.73130      2.50437    154.22693
     -0.73000    163.16802      2.48013    160.68790
     -0.72000    148.16565      2.43332    145.73234
     -0.71000    154.30504      2.41921    151.88583
     -0.70000    168.41547      2.60705    165.80842
     -0.69000    146.03298      2.38707    143.64591
     -0.68000    161.00123      2.51101    158.49021
     -0.67000    168.25139      2.63669    165.61470
     -0.66000    145.16948      2.35390    142.81558
     -0.65000    172.35022      2.69568    169.65454
     -0.64000    159.05687      2.49557    156.56130
     -0.63000    157.04789      2.55735    154.49054
     -0.62000    171.44388      2.63898    168.80491
     -0.61000    160.02624      2.57608    157.45016
     -0.60000    163.83746      2.60878    161.22868
     -0.59000    172.61595      2.67911    169.93684
     -0.58000    161.43912      2.62537    158.81375
     -0.57000    171.52356      2.66663    168.85693
     -0.56000    172.83756      2.75535    170.08221
     -0.55000    164.41144      2.61515    161.79629
     -0.54000    181.90449      2.85204    179.05245
     -0.53000    166.13300      2.65438    163.47862
     -0.52000    181.64586      2.85951    178.78635
     -0.51000    175.17356      2.76379    172.40977
     -0.50000    179.11632      2.84637    176.26995
     -0.49000    183.59249      2.86902    180.72348
     -0.48000    180.26965      2.86769    177.40196
     -0.47000    188.95212      2.94715    186.00497
     -0.46000    184.96168      2.92322    182.03846
     -0.45000    193.22672      3.01470    190.21203
     -0.44000    191.20752      2.99621    188.21132
     -0.43000    198.37133      3.08825    195.28308
     -0.42000    198.22758      3.07986    195.14771
     -0.41000    205.11990      3.17422    201.94568
     -0.40000    206.45777      3.17731    203.28045
     -0.39000    213.75345      3.27525    210.47820
     -0.38000    216.88816      3.29600    213.59216
     -0.37000    224.95775      3.39701    221.56074
     -0.36000    230.87888      3.44608    227.43280
     -0.35000    240.64097      3.55444    237.08653
     -0.34000    250.98357      3.64655    247.33702
     -0.33000    265.38133      3.78246    261.59887
     -0.32000    285.04302      3.95564    281.08739
     -0.31000    315.81754      4.20614    311.61140
     -0.30000    372.55522      4.66682    367.88840
     -0.29000    439.54123      5.17985    434.36139
     -0.28000    403.73279      4.95231    398.78048
     -0.27000    243.47482      3.76741    239.70741
     -0.26000    139.71609      3.04236    136.67373
     -0.25000    117.30564      2.90676    114.39888
     -0.24000    117.38851      2.95804    114.43047
     -0.23000    119.06771      3.01853    116.04918
     -0.22000    120.77982      3.07919    117.70062
     -0.21000    123.11861      3.15693    119.96167
     -0.20000    125.09038      3.22615    121.86423
     -0.19000    127.62054      3.31058    124.30997
     -0.18000    130.27304      3.39943    126.87361
     -0.17000    133.06719      3.49296    129.57423
     -0.16000    136.31142      3.59950    132.71191
     -0.15000    139.81793      3.71434    136.10360
     -0.14000    143.71316      3.84085    139.87231
     -0.13000    148.13199      3.98289    144.14910
     -0.12000    153.11906      4.14189    148.97717
     -0.11000    158.81718      4.32196    154.49523
     -0.10000    165.42306      4.52875    160.89431
     -0.09000    173.18622      4.76949    168.41673
     -0.08000    182.47521      5.05479    177.42042
     -0.07000    193.85598      5.40091    188.45507
     -0.06000    208.24654      5.83417    202.41238
     -0.05000    227.29092      6.40164    220.88928
     -0.04000    254.47176      7.20285    247.26891
     -0.03000    299.59139      8.51699    291.07441
     -0.02000    386.68272     11.02440    375.65832
     -0.01000    493.15882     14.06610    479.09272
      0.00000    429.16836     12.23013    416.93823
      0.01000    183.55747      5.22576    178.33171
      0.02000     32.96156      0.93766     32.02391
      0.03000      2.32823      0.06619      2.26203
      0.04000      0.06276      0.00178      0.06097
      0.05000      0.00000      0.00000      0.00000
      0.06000      0.00000      0.00000      0.00000
      0.07000      0.00000      0.00000      0.00000
      0.08000      0.00000      0.00000      0.00000
      0.09000      0.00000      0.00000      0.00000
      0.10000      0.00000      0.00000      0.00000
      0.11000      0.00000      0.00000      0.00000
      0.12000      0.00000      0.00000      0.00000
      0.13000      0.00000      0.00000      0.00000
      0.14000      0.00000      0.00000      0.00000
      0.15000      0.00000      0.00000      0.00000
      0.16000      0.00000      0.00000      0.00000
      0.17000      0.00000      0.00000      0.00000
      0.18000      0.00000      0.00000      0.00000
      0.19000      0.00000      0.00000      0.00000
      0.20000      0.00000      0.00000      0.00000
      0.21000      0.00000      0.00000      0.00000
      0.22000      0.00000      0.00000      0.00000
      0.23000      0.00000      0.00000      0.00000
      0.24000      0.00000      0.00000      0.00000
      0.25000      0.00000      0.00000      0.00000
      0.26000      0.00000      0.00000      0.00000
      0.27000      0.00000      0.00000      0.00000
      0.28000      0.00000      0.00000      0.00000
      0.29000      0.00000      0.00000      0.00000
      0.30000      0.00000      0.00000      0.00000
      0.31000      0.00000      0.00000      0.00000
      0.32000      0.00000      0.00000      0.00000
      0.33000      0.00000      0.00000      0.00000
      0.34000      0.00000      0.00000      0.00000
      0.35000      0.00000      0.00000      0.00000
      0.36000      0.00000      0.00000      0.00000
      0.37000      0.00000      0.00000      0.00000
      0.38000      0.00000      0.00000      0.00000
      0.39000      0.00000      0.00000      0.00000
      0.40000      0.00000      0.00000      0.00000
      0.41000      0.00000      0.00000      0.00000
      0.42000      0.00000      0.00000      0.00000
      0.43000      0.00000      0.00000      0.00000
      0.44000      0.00000      0.00000      0.00000
      0.45000      0.00000      0.00000      0.00000
      0.46000      0.00000      0.00000      0.00000
      0.47000      0.00000      0.00000      0.00000
      0.48000      0.00000      0.00000      0.00000
      0.49000      0.00000      0.00000      0.00000
      0.50000      0.00000      0.00000      0.00000
      0.51000      0.00000      0.00000      0.00000
      0.52000      0.00000      0.00000      0.00000
      0.53000      0.00000      0.00000      0.00000
      0.54000      0.00000      0.00000      0.00000
      0.55000      0.00000      0.00000      0.00000
      0.56000      0.00000      0.00000      0.00000
      0.57000      0.00000      0.00000      0.00000
      0.58000      0.00000      0.00000      0.00000
      0.59000      0.00000      0.00000      0.00000
      0.60000      0.00000      0.00000      0.00000
      0.61000      0.00000      0.00000      0.00000
      0.62000      0.00000      0.00000      0.00000
      0.63000      0.00000      0.00000      0.00000
      0.64000      0.00000      0.00000      0.00000
      0.65000      0.00000      0.00000      0.00000
      0.66000      0.00000      0.00000      0.00000
      0.67000      0.00000      0.00000      0.00000
      0.68000      0.00000      0.00000      0.00000
      0.69000      0.00000      0.00000      0.00000
      0.70000      0.00000      0.00000      0.00000
      0.71000      0.00000      0.00000      0.00000
      0.72000      0.00000      0.00000      0.00000
      0.73000      0.00000      0.00000      0.00000
      0.74000      0.00000      0.00000      0.00000
      0.75000      0.00000      0.00000      0.00000
      0.76000      0.00000      0.00000      0.00000
      0.77000      0.00000      0.00000      0.00000
      0.78000      0.00000      0.00000      0.00000
      0.79000      0.00000      0.00000      0.00000
      0.80000      0.00000      0.00000      0.00000
      0.81000      0.00000      0.00000      0.00000
      0.82000      0.00000      0.00000      0.00000
      0.83000      0.00000      0.00000      0.00000
      0.84000      0.00000      0.00000      0.00000
      0.85000      0.00000      0.00000      0.00000
      0.86000      0.00000      0.00000      0.00000
      0.87000      0.00000      0.00000      0.00000
      0.88000      0.00000      0.00000      0.00000
      0.89000      0.00000      0.00000      0.00000
      0.90000      0.00000      0.00000      0.00000
      0.91000      0.00000      0.00000      0.00000
      0.92000      0.00000      0.00000      0.00000
      0.93000      0.00000      0.00000      0.00000
      0.94000      0.00000      0.00000      0.00000
      0.95000      0.00000      0.00000      0.00000
      0.96000      0.00000      0.00000      0.00000
      0.97000      0.00000      0.00000      0.00000
      0.98000      0.00000      0.00000      0.00000
      0.99000      0.00000      0.00000      0.00000
      1.00000      0.00000      0.00000      0.00000
      1.01000      0.00000      0.00000      0.00000
      1.02000      0.00000      0.00000      0.00000
      1.03000      0.00000      0.00000      0.00000
      1.04000      0.00000      0.00000      0.00000
      1.05000      0.00000      0.00000      0.00000
      1.06000      0.00000      0.00000      0.00000
      1.07000      0.00000      0.00000      0.00000
      1.08000      0.00000      0.00000      0.00000
      1.09000      0.00000      0.00000      0.00000
      1.10000      0.00000      0.00000      0.00000
      1.11000      0.00000      0.00000      0.00000
      1.12000      0.00000      0.00000      0.00000
      1.13000      0.00000      0.00000      0.00000
      1.14000      0.00000      0.00000      0.00000
      1.15000      0.00000      0.00000      0.00000
      1.16000      0.00000      0.00000      0.00000
      1.17000      0.00000      0.00000      0.00000
      1.18000      0.00000      0.00000      0.00000
      1.19000      0.00000      0.00000      0.00000
      1.20000      0.00000      0.00000      0.00000
      1.21000      0.00000      0.00000      0.00000
      1.22000      0.00000      0.00000      0.00000
      1.23000      0.00000      0.00000      0.00000
      1.24000      0.00000      0.00000      0.00000
      1.25000      0.00000      0.00000      0.00000
      1.26000      0.00000      0.00000      0.00000
      1.27000      0.00000      0.00000      0.00000
      1.28000      0.00000      0.00000      0.00000
      1.29000      0.00000      0.00000      0.00000
      1.30000      0.00000      0.00000      0.00000
      1.31000      0.00000      0.00000      0.00000
      1.32000      0.00000      0.00000      0.00000
      1.33000      0.00000      0.00000      0.00000
      1.34000      0.00000      0.00000      0.00000
      1.35000      0.00000      0.00000      0.00000
      1.36000      0.00000      0.00000      0.00000
      1.37000      0.00000      0.00000      0.00000
      1.38000      0.00000      0.00000      0.00000
      1.39000      0.00000      0.00000      0.00000
      1.40000      0.00000      0.00000      0.00000
      1.41000      0.00000      0.00000      0.00000
      1.42000      0.00000      0.00000      0.00000
      1.43000      0.00000      0.00000      0.00000
      1.44000      0.00000      0.00000      0.00000
      1.45000      0.00000      0.00000      0.00000
      1.46000      0.00000      0.00000      0.00000
      1.47000      0.00000      0.00000      0.00000
      1.48000      0.00000      0.00000      0.00000
      1.49000      0.00000      0.00000      0.00000
      1.50000      0.00000      0.00000      0.00000
      1.51000      0.00000      0.00000      0.00000
      1.52000      0.00135      0.00001      0.00134
      1.53000      0.12469      0.00135      0.12334
      1.54000      3.79659      0.04106      3.75553
      1.55000     44.71150      0.48539     44.22611
      1.56000    211.64740      2.31408    209.33331
      1.57000    437.49239      4.85289    432.63950
      1.58000    476.24487      5.44343    470.80144
      1.59000    382.77706      4.60342    378.17364
      1.60000    309.21205      3.94419    305.26786
      1.61000    267.94597      3.61073    264.33524
      1.62000    241.62895      3.42566    238.20330
      1.63000    222.77473      3.31266    219.46207
      1.64000    208.37468      3.24161    205.13307
      1.65000    196.91977      3.19767    193.72210
      1.66000    187.54043      3.17242    184.36801
      1.67000    179.69039      3.16065    176.52974
      1.68000    173.00646      3.15897    169.84748
      1.69000    167.23543      3.16503    164.07040
      1.70000    162.19370      3.17715    159.01656
      1.71000    157.74573      3.19409    154.55164
      1.72000    153.79540      3.21510    150.58030
      1.73000    150.25893      3.23943    147.01950
      1.74000    147.05928      3.26620    143.79309
      1.75000    144.26667      3.29713    140.96954
      1.76000    144.58668      3.38106    141.20562
      1.77000    172.46137      3.95354    168.50784
      1.78000    284.61362      6.02676    278.58686
      1.79000    424.11454      8.59259    415.52195
      1.80000    438.04935      8.92653    429.12282
      1.81000    375.49031      7.89553    367.59478
      1.82000    328.21715      7.13441    321.08274
      1.83000    300.52847      6.71775    293.81072
      1.84000    282.07864      6.46285    275.61580
      1.85000    268.66061      6.29913    262.36148
      1.86000    257.60131      6.17150    251.42981
      1.87000    249.12467      6.09201    243.03266
      1.88000    241.64331      6.02983    235.61349
      1.89000    235.07914      5.97723    229.10191
      1.90000    230.20791      5.96427    224.24364
      1.91000    224.34437      5.92098    218.42340
      1.92000    221.26047      5.93645    215.32402
      1.93000    216.03011      5.90858    210.12152
      1.94000    213.68655      5.92893    207.75762
      1.95000    209.76486      5.93063    203.83422
      1.96000    206.54470      5.92858    200.61612
      1.97000    205.71314      5.98867    199.72447
      1.98000    199.08073      5.92225    193.15848
      1.99000    203.40298      6.07567    197.32731
      2.00000    192.55536      5.93261    186.62274
      2.01000    199.56899      6.13058    193.43841
      2.02000    191.06548      6.04013    185.02536
      2.03000    190.31557      6.07527    184.24031
      2.04000    195.16513      6.25909    188.90604
      2.05000    180.41563      6.00393    174.41169
      2.06000    194.14547      6.37197    187.77350
      2.07000    182.53671      6.18121    176.35550
      2.08000    180.31769      6.21112    174.10657
      2.09000    191.82283      6.51698    185.30586
      2.10000    172.48816      6.16458    166.32358
      2.11000    183.62942      6.48761    177.14180
      2.12000    184.89112      6.55063    178.34049
      2.13000    167.72507      6.28071    161.44435
      2.14000    184.81802      6.68041    178.13761
      2.15000    179.00812      6.65523    172.35288
      2.16000    163.49246      6.34129    157.15117
      2.17000    187.06436      6.97020    180.09417
      2.18000    171.33576      6.63650    164.69926
      2.19000    163.30512      6.57285    156.73227
      2.20000    184.93422      7.07716    177.85706
      2.21000    168.82450      6.81459    162.00990
      2.22000    159.54175      6.63849    152.90326
      2.23000    185.26408      7.31782    177.94626
      2.24000    165.63904      6.90164    158.73740
      2.25000    157.29003      6.79943    150.49060
      2.26000    183.02082      7.44270    175.57812
      2.27000    166.38840      7.12164    159.26675
      2.28000    152.83794      6.86996    145.96798
      2.29000    180.78092      7.58673    173.19419
      2.30000    168.76193      7.36704    161.39489
      2.31000    148.58294      6.93624    141.64670
      2.32000    176.71184      7.69425    169.01759
      2.33000    172.58168      7.62010    164.96158
      2.34000    146.54782      7.08313    139.46469
      2.35000    168.68662      7.64749    161.03914
      2.36000    178.58039      7.98229    170.59810
      2.37000    145.99242      7.18727    138.80516
      2.38000    160.00296      7.64659    152.35637
      2.39000    180.56828      8.15228    172.41600
      2.40000    152.68901      7.55942    145.12959
      2.41000    147.77313      7.42977    140.34337
      2.42000    180.60046      8.37490    172.22556
      2.43000    160.83299      7.84153    152.99146
      2.44000    141.73731      7.47131    134.26600
      2.45000    170.17751      8.17817    161.99934
      2.46000    173.94405      8.38300    165.56104
      2.47000    139.28120      7.44006    131.84115
      2.48000    157.63555      8.04209    149.59345
      2.49000    178.75079      8.54962    170.20117
      2.50000    149.99943      7.89098    142.10844
      2.51000    141.08309      7.60936    133.47373
      2.52000    177.04216      8.68101    168.36115
      2.53000    163.14471      8.24336    154.90135
      2.54000    136.42599      7.61775    128.80824
      2.55000    160.24164      8.21974    152.02190
      2.56000    177.70036      8.78095    168.91940
      2.57000    141.35256      7.71832    133.63424
      2.58000    143.45988      7.85983    135.60004
      2.59000    176.11687      8.72216    167.39471
      2.60000    160.34139      8.32826    152.01314
      2.61000    132.59677      7.49928    125.09749
      2.62000    163.90605      8.39073    155.51531
      2.63000    198.73572      8.82899    189.90673
      2.64000    264.45951      8.28420    256.17531
      2.65000    428.71598      9.01525    419.70073
      2.66000    515.40533     10.28875    505.11658
      2.67000    437.13078      9.57995    427.55083
      2.68000    349.07173      8.45173    340.62000
      2.69000    343.14162      9.18465    333.95696
      2.70000    340.35407      9.60571    330.74836
      2.71000    292.07989      8.62256    283.45734
      2.72000    273.13664      8.31534    264.82131
      2.73000    302.03255      9.53192    292.50063
      2.74000    286.13387      9.18933    276.94454
      2.75000    245.99871      8.22730    237.77141
      2.76000    259.55068      8.76443    250.78625
      2.77000    282.38525      9.67334    272.71190
      2.78000    250.03560      8.76879    241.26681
      2.79000    226.14665      8.16120    217.98544
      2.80000    260.59057      9.39682    251.19376
      2.81000    261.01790      9.45813    251.55977
      2.82000    224.30563      8.48064    215.82499
      2.83000    225.74472      8.64788    217.09684
      2.84000    297.53400     13.09347    284.44053
      2.85000    474.47219     29.15264    445.31955
      2.86000    809.67840     59.81510    749.86330
      2.87000    998.82598     74.48139    924.34460
      2.88000    890.95614     64.32165    826.63449
      2.89000    727.05629     51.84030    675.21599
      2.90000    626.48226     44.27315    582.20910
      2.91000    618.27589     41.67793    576.59796
      2.92000    586.76034     38.80942    547.95092
      2.93000    519.83249     35.18297    484.64952
      2.94000    509.87836     34.01225    475.86612
      2.95000    519.40886     33.29582    486.11304
      2.96000    501.38850     32.12120    469.26730
      2.97000    446.01620     29.65358    416.36261
      2.98000    460.05781     29.44862    430.60919
      2.99000    487.97548     30.28142    457.69405
      3.00000    427.56247     27.52953    400.03294
      3.01000    424.55010     27.18575    397.36435
      3.02000    437.32129     27.38569    409.93560
      3.03000    437.97778     27.03988    410.93790
      3.04000    418.58498     26.19830    392.38668
      3.05000    379.63028     24.41358    355.21669
      3.06000    431.89742     26.38455    405.51286
      3.07000    425.01009     25.64008    399.37001
      3.08000    363.51006     23.31162    340.19845
      3.09000    394.79023     24.56610    370.22413
      3.10000    414.95114     24.69254    390.25861
      3.11000    388.11695     23.85610    364.26085
      3.12000    365.22694     23.00634    342.22059
      3.13000    375.61666     22.83744    352.77922
      3.14000    411.71090     24.37883    387.33207
      3.15000    369.08847     22.81457    346.27389
      3.16000    338.88336     21.08148    317.80188
      3.17000    400.15870     23.68643    376.47227
      3.18000    382.60281     22.92721    359.67559
      3.19000    341.21064     20.99392    320.21672
      3.20000    368.85735     22.21216    346.64519
      3.21000    367.60633     21.85604    345.75029
      3.22000    372.53461     22.25806    350.27655
      3.23000    355.21839     21.30458    333.91381
      3.24000    333.69365     20.13623    313.55742
      3.25000    382.87561     22.59701    360.27860
      3.26000    369.01692     21.61087    347.40605
      3.27000    320.77510     19.30416    301.47093
      3.28000    358.05469     21.29497    336.75972
      3.29000    376.24965     21.84365    354.40600
      3.30000    338.85231     19.72633    319.12598
      3.31000    343.03394     20.33575    322.69819
      3.32000    346.75709     20.41237    326.34471
      3.33000    359.05795     20.41451    338.64344
      3.34000    362.17360     20.80054    341.37305
      3.35000    314.10613     18.50374    295.60238
      3.36000    347.49106     19.91635    327.57471
      3.37000    386.97443     21.45453    365.51990
      3.38000    320.21961     18.09341    302.12620
      3.39000    322.80842     18.52274    304.28567
      3.40000    379.39823     20.57705    358.82117
      3.41000    351.12006     18.55140    332.56866
      3.42000    331.49616     17.53086    313.96530
      3.43000    354.43618     17.97919    336.45698
      3.44000    332.71505     16.76457    315.95048
      3.45000    336.87114     18.34928    318.52186
      3.46000    320.68691     18.77902    301.90789
      3.47000    284.30071     18.29020    266.01051
      3.48000    361.27227     23.38963    337.88264
      3.49000    382.61921     23.89898    358.72023
      3.50000    306.81676     19.05224    287.76452
      3.51000    335.78170     20.73250    315.04920
      3.52000    384.07363     22.79569    361.27794
      3.53000    335.45496     19.53126    315.92370
      3.54000    319.63973     18.84653    300.79320
      3.55000    356.04289     20.99929    335.04360
      3.56000    355.27331     20.41273    334.86058
      3.57000    342.61986     19.19467    323.42520
      3.58000    340.30503     19.48475    320.82028
      3.59000    333.07633     19.10096    313.97537
      3.60000    367.12696     20.48325    346.64371
      3.61000    361.58218     19.79705    341.78513
      3.62000    311.08521     17.09670    293.98851
      3.63000    357.81791     20.09086    337.72705
      3.64000    386.09476     21.02169    365.07307
      3.65000    327.12258     17.09417    310.02841
      3.66000    335.97330     18.02365    317.94964
      3.67000    386.90127     21.06886    365.83241
      3.68000    356.63635     18.75734    337.87901
      3.69000    334.18741     16.80460    317.38281
      3.70000    377.54313     19.60850    357.93463
      3.71000    372.90025     19.58014    353.32010
      3.72000    348.58789     17.49536    331.09253
      3.73000    377.22475     18.54561    358.67914
      3.74000    372.47750     18.24770    354.22980
      3.75000    374.45684     18.69456    355.76228
      3.76000    386.68789     18.91234    367.77556
      3.77000    368.55151     16.79397    351.75754
      3.78000    387.13508     17.90099    369.23409
      3.79000    420.38393     20.03668    400.34724
      3.80000    384.37019     17.40171    366.96848
      3.81000    372.50554     15.65943    356.84611
      3.82000    446.32469     19.43909    426.88560
      3.83000    448.50013     19.76223    428.73790
      3.84000    379.02031     15.03493    363.98537
      3.85000    433.86333     16.95059    416.91274
      3.86000    507.68730     20.27665    487.41065
      3.87000    465.05446     17.29029    447.76418
      3.88000    459.16179     16.00700    443.15479
      3.89000    524.83926     17.79830    507.04097
      3.90000    586.70999     19.07490    567.63509
      3.91000    629.41218     18.57806    610.83412
      3.92000    715.81576     18.18580    697.62995
      3.93000    888.50862     20.14106    868.36756
      3.94000    919.63259     21.26530    898.36729
      3.95000    576.97934     15.50643    561.47291
      3.96000    235.13739      8.00600    227.13139
      3.97000    177.55425      7.49239    170.06185
      3.98000    199.10197      8.75991    190.34206
      3.99000    137.01127      5.61073    131.40054
      4.00000     66.35709      2.99840     63.35869
      4.01000     98.36094      6.47317     91.88777
      4.02000    187.82380     15.14676    172.67704
      4.03000    212.43757     30.31180    182.12578
      4.04000    235.81015     84.00381    151.80634
      4.05000    359.10833    161.99917    197.10916
      4.06000    337.72989    130.59850    207.13140
      4.07000    194.04373     45.10141    148.94232
      4.08000    176.42302     17.28213    159.14089
      4.09000    208.87872     17.58106    191.29766
      4.10000    168.98926     18.06578    150.92348
      4.11000    223.49982     72.44900    151.05082
      4.12000    553.08532    329.12223    223.96309
      4.13000    966.35648    714.85289    251.50359
      4.14000   1071.28426    828.82793    242.45633
      4.15000   1058.96729    811.70451    247.26278
      4.16000   1325.20979   1043.15037    282.05942
      4.17000   1563.30131   1245.16237    318.13895
      4.18000   1411.36175   1122.81132    288.55043
      4.19000   1159.82848    924.36668    235.46180
      4.20000   1038.34561    798.81634    239.52927
      4.21000   1006.97148    722.72140    284.25008
      4.22000    905.04460    663.45703    241.58757
      4.23000    785.83278    614.12892    171.70386
      4.24000    809.64495    582.49503    227.14993
      4.25000    834.74012    556.11228    278.62784
      4.26000    722.50327    524.49486    198.00841
      4.27000    676.83205    502.12374    174.70832
      4.28000    722.27503    487.81190    234.46313
      4.29000    702.88155    469.55836    233.32320
      4.30000    638.33266    450.45950    187.87316
      4.31000    638.64163    438.52226    200.11937
      4.32000    654.74201    429.01150    225.73052
      4.33000    605.42573    414.21559    191.21014
      4.34000    592.44614    402.51522    189.93092
      4.35000    623.09158    396.32464    226.76694
      4.36000    587.81903    386.28777    201.53126
      4.37000    553.06324    376.17062    176.89261
      4.38000    567.53440    369.17660    198.35780
      4.39000    571.77320    362.03655    209.73665
      4.40000    564.71308    356.32743    208.38564
      4.41000    536.01765    348.78745    187.23020
      4.42000    512.11733    340.75079    171.36654
      4.43000    535.43494    336.65069    198.78425
      4.44000    560.89025    333.49965    227.39060
      4.45000    519.40642    326.39873    193.00769
      4.46000    464.68540    318.01875    146.66665
      4.47000    506.69240    316.36075    190.33165
      4.48000    563.80337    316.00125    247.80211
      4.49000    483.58801    305.98712    177.60089
      4.50000    442.94825    300.15873    142.78952
      4.51000    512.59268    302.33239    210.26029
      4.52000    513.73742    297.53995    216.19747
      4.53000    457.68131    289.48897    168.19234
      4.54000    466.11719    288.09556    178.02163
      4.55000    496.69017    288.17282    208.51736
      4.56000    461.20882    281.88014    179.32868
      4.57000    438.64040    276.00020    162.64020
      4.58000    493.59572    278.05666    215.53906
      4.59000    481.40833    275.79999    205.60833
      4.60000    410.66635    267.46972    143.19663
      4.61000    441.03334    266.63661    174.39674
      4.62000    491.83271    267.72667    224.10605
      4.63000    457.66916    263.50324    194.16592
      4.64000    416.44069    258.82063    157.62005
      4.65000    420.72092    256.54930    164.17162
      4.66000    461.47256    257.07335    204.39922
      4.67000    462.36340    255.02837    207.33503
      4.68000    421.55543    250.30148    171.25395
      4.69000    407.50843    247.96640    159.54203
      4.70000    427.00214    247.51393    179.48821
      4.71000    459.43546    247.34280    212.09266
      4.72000    433.02321    243.15661    189.86661
      4.73000    387.62649    239.07990    148.54659
      4.74000    427.00941    241.56427    185.44514
      4.75000    438.92699    239.40108    199.52591
      4.76000    404.77400    234.04112    170.73288
      4.77000    417.16761    234.84547    182.32214
      4.78000    431.64314    235.67810    195.96504
      4.79000    394.70201    230.54182    164.16019
      4.80000    384.41417    227.01591    157.39826
      4.81000    442.16053    230.81632    211.34422
      4.82000    443.60957    230.58711    213.02246
      4.83000    355.28156    222.06895    133.21261
      4.84000    368.51316    221.44106    147.07210
      4.85000    462.88367    227.63932    235.24435
      4.86000    423.36115    223.04420    200.31695
      4.87000    354.43538    216.77143    137.66395
      4.88000    380.65397    218.58412    162.06984
      4.89000    426.14353    220.44713    205.69639
      4.90000    412.41757    217.47291    194.94466
      4.91000    376.25059    213.38068    162.86990
      4.92000    389.89303    215.06151    174.83152
      4.93000    395.28548    214.60037    180.68511
      4.94000    380.61045    210.92031    169.69014
      4.95000    407.73713    211.50108    196.23605
      4.96000    396.85196    211.34539    185.50657
      4.97000    373.97796    209.08295    164.89501
      4.98000    371.77311    207.34384    164.42927
      4.99000    387.40743    206.00055    181.40688
      5.00000    415.80290    208.95248    206.85042
      5.01000    389.10165    206.67924    182.42240
      5.02000    343.44083    201.37797    142.06286
      5.03000    368.42144    202.32986    166.09158
      5.04000    421.82145    205.86374    215.95772
      5.05000    407.22443    204.27610    202.94833
      5.06000    333.90017    197.11650    136.78367
      5.07000    348.68957    198.58756    150.10202
      5.08000    425.77977    203.75812    222.02165
      5.09000    393.57928    199.29383    194.28545
      5.10000    343.60830    194.42912    149.17918
      5.11000    373.38020    198.82913    174.55106
      5.12000    384.86821    197.54585    187.32237
      5.13000    371.98253    194.87563    177.10690
      5.14000    374.51089    194.00272    180.50817
      5.15000    394.58810    197.72432    196.86378
      5.16000    355.96857    192.99525    162.97332
      5.17000    338.33163    189.50368    148.82795
      5.18000    408.01103    194.90601    213.10503
      5.19000    401.09843    194.57983    206.51860
      5.20000    344.00540    189.98564    154.01977
      5.21000    338.68808    186.99788    151.69020
      5.22000    393.62604    192.07812    201.54792
      5.23000    413.36180    191.82989    221.53191
      5.24000    359.13553    189.00675    170.12877
      5.25000    342.37554    183.24485    159.13069
      5.26000    406.53687    191.38650    215.15037
      5.27000    422.38665    186.83466    235.55199
      5.28000    329.25217    182.64702    146.60515
      5.29000    258.19263    173.21754     84.97510
      5.30000    290.19077    182.76128    107.42949
      5.31000    314.37547    184.27455    130.10093
      5.32000    357.88956    194.76251    163.12706
      5.33000    423.85705    199.65419    224.20286
      5.34000    418.60501    198.12659    220.47842
      5.35000    342.89698    187.37319    155.52379
      5.36000    335.68753    184.63454    151.05299
      5.37000    410.99804    194.87982    216.11823
      5.38000    410.75422    191.49734    219.25688
      5.39000    325.48954    185.11906    140.37048
      5.40000    327.02088    181.00435    146.01653
      5.41000    400.76996    193.31010    207.45986
      5.42000    405.50176    189.66113    215.84063
      5.43000    342.32459    185.33743    156.98715
      5.44000    331.78956    182.56504    149.22452
      5.45000    381.78986    189.09330    192.69657
      5.46000    385.34969    189.39313    195.95657
      5.47000    368.51327    186.06150    182.45177
      5.48000    358.04579    187.54940    170.49639
      5.49000    357.98483    185.68741    172.29743
      5.50000    357.54862    187.27114    170.27748
      5.51000    389.21775    190.07325    199.14450
      5.52000    393.73344    191.42925    202.30419
      5.53000    344.54751    187.19272    157.35479
      5.54000    332.37422    184.35050    148.02373
      5.55000    399.29979    195.23151    204.06828
      5.56000    423.14212    197.03112    226.11100
      5.57000    344.38067    189.61144    154.76922
      5.58000    329.28209    189.27857    140.00352
      5.59000    397.22896    197.52481    199.70415
      5.60000    435.11466    207.42119    227.69347
      5.61000    360.75943    194.56479    166.19464
      5.62000    352.57204    203.20413    149.36791
      5.63000    393.72862    204.26153    189.46709
      5.64000    429.80222    218.75508    211.04714
      5.65000    392.94374    211.07053    181.87321
      5.66000    389.28066    217.79312    171.48753
      5.67000    404.78573    220.35578    184.42995
      5.68000    402.15623    221.52669    180.62954
      5.69000    422.01259    225.91416    196.09843
      5.70000    430.31609    224.35563    205.96046
      5.71000    399.16847    224.57220    174.59627
      5.72000    379.57041    218.86901    160.70140
      5.73000    441.40918    232.84866    208.56052
      5.74000    460.40407    233.78350    226.62057
      5.75000    412.56789    234.94892    177.61897
      5.76000    391.80559    235.90404    155.90155
      5.77000    471.49004    257.45345    214.03659
      5.78000    516.38187    275.63290    240.74896
      5.79000    481.95112    295.82944    186.12168
      5.80000    518.05154    333.60595    184.44559
      5.81000    558.95400    335.62907    223.32494
      5.82000    478.85507    257.53450    221.32057
      5.83000    387.00548    197.46327    189.54222
      5.84000    393.20962    203.12029    190.08933
      5.85000    427.77148    225.82486    201.94663
      5.86000    382.19013    192.75794    189.43219
      5.87000    334.31607    131.95822    202.35785
      5.88000    392.94829    183.54227    209.40602
      5.89000    770.01003    577.47428    192.53574
      5.90000   1544.77412   1341.35202    203.42210
      5.91000   2049.48289   1795.50864    253.97425
      5.92000   1867.67626   1611.75399    255.92227
      5.93000   1551.60711   1323.25800    228.34911
      5.94000   1448.45029   1195.04084    253.40946
      5.95000   1526.55146   1207.33673    319.21473
      5.96000   1673.27986   1294.09794    379.18192
      5.97000   1495.03638   1145.81662    349.21976
      5.98000    881.67584    673.42181    208.25403
      5.99000    463.15964    349.78932    113.37032
      6.00000    403.25423    272.14238    131.11185
      6.01000    397.11790    255.78960    141.32830
      6.02000    311.09184    235.39814     75.69369
      6.03000    255.52074    220.86899     34.65175
      6.04000    271.57534    216.59315     54.98220
      6.05000    293.99477    213.58957     80.40520
      6.06000    256.27492    202.62738     53.64754
      6.07000    217.29248    191.93573     25.35675
      6.08000    229.42977    189.07735     40.35243
      6.09000    280.88317    192.55677     88.32640
      6.10000    305.65146    193.91692    111.73454
      6.11000    287.65193    189.31244     98.33949
      6.12000    274.50763    183.51042     90.99721
      6.13000    301.13689    183.87970    117.25718
      6.14000    313.76965    183.70450    130.06515
      6.15000    300.63698    199.96529    100.67169
      6.16000    373.84179    281.74982     92.09197
      6.17000    533.81408    404.58732    129.22676
      6.18000    643.15945    458.22620    184.93325
      6.19000    586.14092    407.20508    178.93584
      6.20000    429.74922    318.26846    111.48076
      6.21000    361.01427    279.65791     81.35635
      6.22000    435.35571    315.92939    119.42632
      6.23000    546.59772    395.72240    150.87532
      6.24000    536.35328    420.41045    115.94283
      6.25000    476.24994    386.20608     90.04386
      6.26000    468.05475    359.26943    108.78532
      6.27000    476.47976    341.15265    135.32710
      6.28000    457.08093    330.45390    126.62703
      6.29000    409.65310    310.14189     99.51121
      6.30000    398.72009    308.06886     90.65123
      6.31000    408.25477    297.56048    110.69428
      6.32000    440.67499    301.45581    139.21918
      6.33000    411.83888    292.88207    118.95681
      6.34000    356.61591    277.14543     79.47048
      6.35000    377.16831    283.88118     93.28712
      6.36000    418.76124    279.02944    139.73180
      6.37000    415.06174    282.21171    132.85003
      6.38000    349.51712    267.03565     82.48147
      6.39000    349.98923    263.83452     86.15471
      6.40000    401.51088    272.21728    129.29360
      6.41000    402.60844    269.33609    133.27234
      6.42000    357.58365    258.76976     98.81390
      6.43000    348.90399    257.86152     91.04247
      6.44000    380.82120    265.07096    115.75024
      6.45000    463.87973    286.31178    177.56795
      6.46000    785.25167    419.80147    365.45021
      6.47000   1181.65155    568.55340    613.09816
      6.48000   1263.04049    596.63343    666.40706
      6.49000   1140.13640    545.43528    594.70112
      6.50000   1000.54586    470.04184    530.50403
      6.51000    927.75792    451.19588    476.56204
      6.52000    867.15189    428.54118    438.61145
      6.53000    851.47081    401.58665    449.93732
      6.54000    887.94643    424.89073    464.43338
      6.55000    953.79048    523.23809    444.42338
      6.56000   1295.38900    906.96201    445.10640
      6.57000   1732.43701   1365.01350    471.16723
      6.58000   1779.08034   1403.35143    486.01430
      6.59000   1859.41684   1468.08923    511.29116
      6.60000   2254.05445   1839.87703    574.85019
      6.61000   2410.75086   1912.06169    669.92965
      6.62000   2305.45114   1646.13062    800.26629
      6.63000   2181.66719   1460.28072    835.97703
      6.64000   1725.73134   1289.63919    538.24397
      6.65000   1322.14998   1188.55664    224.92590
      6.66000   1185.58964   1141.58764    127.42218
      6.67000   1107.81137   1057.66899    130.87079
      6.68000   1089.39913   1023.26540    142.76359
      6.69000   1057.88328   1000.00736    129.82599
      6.70000   1005.43047    943.27501    130.44646
      6.71000    976.49413    918.04666    119.70790
      6.72000    963.40118    909.38857    109.68070
      6.73000    952.94100    871.55901    138.73002
      6.74000    926.02718    845.34422    139.32575
      6.75000    910.10553    854.17429    113.63025
      6.76000    858.21670    802.65224    112.49961
      6.77000    885.25774    795.99380    144.34578
      6.78000    906.93819    815.71646    144.40882
      6.79000    811.61531    754.71099    109.22256
      6.80000    823.21350    752.64339    121.24247
      6.81000    861.53185    776.62100    133.76022
      6.82000    799.20504    720.68622    126.68374
      6.83000    822.01040    728.56745    140.06605
      6.84000    811.27749    737.83075    118.55955
      6.85000    749.11717    690.47289    103.16876
      6.86000    805.37161    702.22031    144.57588
      6.87000    816.80505    715.02477    140.77003
      6.88000    740.42957    673.51056    108.13230
      6.89000    745.91161    668.30655    119.48036
      6.90000    786.03347    691.87253    134.33425
      6.91000    760.39699    662.72975    138.17001
      6.92000    750.12941    652.09390    138.36556
      6.93000    744.12424    667.08084    115.81393
      6.94000    726.29873    646.06153    118.60492
      6.95000    754.35502    637.61560    152.95866
      6.96000    762.21978    657.46019    137.16497
      6.97000    725.61518    638.75785    120.76390
      6.98000    706.06834    615.21839    127.86081
      6.99000    752.61916    646.20360    143.37514
      7.00000    770.72611    641.93114    164.95139
      7.01000    720.14430    613.78393    141.04012
      7.02000    726.93307    630.68871    127.58968
      7.03000    768.43787    646.44690    153.89968
      7.04000    768.18233    621.52898    181.09899
      7.05000    798.41179    653.35427    179.18627
      7.06000    822.62215    675.63197    179.86161
      7.07000    863.21098    680.24757    215.62621
      7.08000    982.22413    743.85625    269.13277
      7.09000    915.51882    709.77592    236.89034
      7.10000    636.24420    550.40701    118.94360
      7.11000    508.73442    487.92825     54.05950
      7.12000    527.67186    492.73032     66.66704
      7.13000    516.98214    469.38287     77.82806
      7.14000    479.42262    457.82736     47.54697
      7.15000    492.38070    481.34382     35.24833
      7.16000    480.10429    454.38023     54.49952
      7.17000    499.07911    453.91606     76.45931
      7.18000    521.87684    486.49366     67.17114
      7.19000    447.66215    436.03688     42.02073
      7.20000    465.88388    447.89938     44.65454
      7.21000    517.91229    473.21044     66.35150
      7.22000    489.15990    447.16420     65.73069
      7.23000    459.29809    442.01741     44.03704
      7.24000    466.97391    453.61317     40.89536
      7.25000    487.70823    448.53917     68.80183
      7.26000    496.60414    446.96232     79.51788
      7.27000    478.18424    457.01681     50.97327
      7.28000    449.02371    436.91908     40.56270
      7.29000    486.14670    450.95770     61.60336
      7.30000    518.50310    468.36185     72.55265
      7.31000    491.69665    463.69169     49.75646
      7.32000    483.62445    471.95204     33.82065
      7.33000    554.69606    525.76238     53.16368
      7.34000    586.18633    538.12462     73.98059
      7.35000    460.01293    425.02356     55.82201
      7.36000    353.69583    333.42771     35.89910
      7.37000    337.82225    308.08397     43.48380
      7.38000    440.65749    390.66815     65.65765
      7.39000    521.44479    481.37228     57.86232
      7.40000    357.38425    339.22509     30.27818
      7.41000    182.00445    144.73270     40.81373
      7.42000    208.76543    128.11449     81.60036
      7.43000    305.85872    210.66821     98.44071
      7.44000    423.59063    335.29196     95.83951
      7.45000    452.61167    378.24260     84.33538
      7.46000    463.22084    402.59490     74.27956
      7.47000    476.92007    441.50576     52.06698
      7.48000    476.24117    451.98123     42.42411
      7.49000    492.67667    452.76348     61.04571
      7.50000    526.04485    477.02417     73.26245
      7.51000    512.06061    472.41149     64.86424
      7.52000    468.95855    421.67871     72.06136
      7.53000    499.66340    444.79700     79.95742
      7.54000    542.23041    476.44551     89.75366
      7.55000    654.69662    533.99928    144.79211
      7.56000    781.61275    612.29228    192.35395
      7.57000    745.87564    590.93828    177.12336
      7.58000    642.12766    521.14201    142.28876
      7.59000    631.93674    520.67062    130.85280
      7.60000    620.91293    514.75402    125.05678
      7.61000    561.58938    472.05108    109.22412
      7.62000    578.05549    482.47523    112.65851
      7.63000    584.51120    494.31849    109.36181
      7.64000    534.19302    447.31317    106.74143
      7.65000    572.22798    473.44448    118.79099
      7.66000    647.13989    505.13153    163.92307
      7.67000    644.19147    471.26312    194.07686
      7.68000    640.75130    493.58148    169.55832
      7.69000    600.40455    479.90738    142.68936
      7.70000    543.59987    437.29124    128.61548
      7.71000    617.58272    483.34542    156.81784
      7.72000    585.33882    462.43891    145.14052
      7.73000    531.78230    437.92295    116.28515
      7.74000    605.11872    474.84825    152.27610
      7.75000    572.61710    446.90816    147.82966
      7.76000    547.73984    451.62959    117.62652
      7.77000    562.86694    453.76542    130.66103
      7.78000    551.97798    430.66576    142.44098
      7.79000    601.46093    479.26612    142.77282
      7.80000    535.95158    434.91115    121.83603
      7.81000    505.01641    411.12520    113.62268
      7.82000    628.89976    494.04363    154.86123
      7.83000    555.88105    432.27324    143.19046
      7.84000    493.88466    411.31778    101.47230
      7.85000    584.40044    473.81661    130.24863
      7.86000    574.24387    435.89206    156.93873
      7.87000    542.31159    436.11733    125.22983
      7.88000    540.97097    444.21142    116.19644
      7.89000    552.90503    434.78102    136.47580
      7.90000    572.48275    451.64258    140.57355
      7.91000    550.89673    434.02327    136.08817
      7.92000    555.14891    444.02959    129.92695
      7.93000    539.80123    439.96840    120.14317
      7.94000    561.62609    434.24752    146.34614
      7.95000    592.57232    458.13797    153.93258
      7.96000    538.35316    440.99921    117.68594
      7.97000    529.46874    425.42643    122.75409
      7.98000    595.82360    454.71902    160.95961
      7.99000    592.15815    463.87600    147.95267
      8.00000    533.88964    432.71108    119.29854
      8.01000    547.97032    433.10797    133.98535
      8.02000    613.72824    473.65770    157.68250
      8.03000    593.66140    462.09026    146.48653
      8.04000    544.16324    432.15479    125.24378
      8.05000    582.51456    462.20601    129.68474
      8.06000    623.11136    478.80083    151.91974
      8.07000    611.71368    467.36007    154.66300
      8.08000    586.96089    461.38731    136.46084
      8.09000    580.14039    463.62580    129.19296
      8.10000    582.68117    459.37442    139.42432
      8.11000    606.91449    471.62686    149.36970
      8.12000    641.78498    505.48954    145.58305
      8.13000    657.78717    513.60502    148.52572
      8.14000    715.41627    546.39082    172.65928
      8.15000   1052.02921    771.36162    288.46238
      8.16000   1890.79698   1338.72116    562.48078
      8.17000   2667.96565   1873.58510    801.29582
      8.18000   2717.36934   1910.28288    813.84048
      8.19000   2444.15400   1719.96200    733.59647
      8.20000   2259.59556   1616.23503    650.54790
      8.21000   2234.54340   1622.30850    615.56722
      8.22000   2502.83504   1810.46685    693.26604
      8.23000   2807.43079   2032.34325    775.26118
      8.24000   2527.96180   1846.54048    682.35729
      8.25000   1740.36218   1281.04244    464.21175
      8.26000    933.90042    686.53343    258.03475
      8.27000    517.69380    373.85566    158.79958
      8.28000    395.50985    301.26663    114.34841
      8.29000    358.37108    279.93996     96.41907
      8.30000    398.77377    297.48665    115.91354
      8.31000    474.62430    355.37213    137.38906
      8.32000    429.06306    326.81360    116.17128
      8.33000    432.83461    345.14381     97.24103
      8.34000    511.16607    398.33391    126.12725
      8.35000    440.57111    317.10094    134.60063
      8.36000    322.80496    233.49870     98.11387
      8.37000    352.38310    262.94221    104.07262
      8.38000    332.94575    236.11704    111.43830
      8.39000    307.01263    211.24447    108.39346
      8.40000    354.75633    251.19096    121.20524
      8.41000    303.53474    221.18968    100.03601
      8.42000    282.17512    202.88255     94.18933
      8.43000    353.57387    239.73759    131.31079
      8.44000    324.53128    229.90022    113.36376
      8.45000    284.24913    206.89161     93.53688
      8.46000    316.08436    215.94219    116.39329
      8.47000    319.63289    226.22260    112.21807
      8.48000    329.14632    228.85628    117.68998
      8.49000    319.28233    214.18704    120.07770
      8.50000    315.26567    231.45271    101.72171
      8.51000    432.10517    302.65691    148.05587
      8.52000    456.69385    302.01565    168.90291
      8.53000    356.45675    257.30925    115.18085
      8.54000    341.95638    251.51642    109.68523
      8.55000    346.83250    233.08346    127.81811
      8.56000    330.50776    223.43564    119.69869
      8.57000    373.85121    270.58262    119.66069
      8.58000    455.56202    329.27169    138.53491
      8.59000    498.87491    336.17795    170.74114
      8.60000    495.49167    333.61614    174.37602
      8.61000    415.83374    288.99934    139.25825
      8.62000    325.60811    200.80424    132.78254
      8.63000    346.54293    226.39336    134.41722
      8.64000    423.06858    302.99943    140.10149
      8.65000    389.22695    255.18512    148.00780
      8.66000    333.28387    231.02669    117.48309
      8.67000    371.85968    269.98403    120.24463
      8.68000    385.91097    238.47365    157.68286
      8.69000    337.75659    206.50332    138.83046
      8.70000    339.35141    237.55680    116.49665
      8.71000    358.97208    251.37674    123.38444
      8.72000    382.94805    239.94800    152.57722
      8.73000    382.24813    242.72671    149.89220
      8.74000    333.68102    239.52663    108.85539
      8.75000    351.87000    235.91774    127.04831
      8.76000    383.95009    234.85785    155.92442
      8.77000    379.20396    245.79623    144.19735
      8.78000    372.03758    258.23825    126.37196
      8.79000    318.54846    209.56807    115.67772
      8.80000    370.01790    218.03408    158.65914
      8.81000    445.81120    294.80244    163.37948
      8.82000    348.01186    237.62889    120.37120
      8.83000    294.83475    174.52949    125.49509
      8.84000    414.49568    259.91986    163.79260
      8.85000    461.45289    298.73766    175.23885
      8.86000    337.54864    212.98768    131.64201
      8.87000    304.82834    179.99565    130.55383
      8.88000    449.71840    282.92920    178.28758
      8.89000    481.05587    300.76701    191.04613
      8.90000    342.74879    194.79389    153.12655
      8.91000    337.40929    201.03009    143.99196
      8.92000    503.08004    307.43745    208.02171
      8.93000    502.25503    287.51693    222.90897
      8.94000    386.86317    198.42487    193.22444
      8.95000    431.06904    238.08380    202.78297
      8.96000    586.03905    319.49503    278.16002
      8.97000    628.04545    288.77831    345.15109
      8.98000    630.97065    245.53610    391.14847
      8.99000    790.53911    306.45900    495.39961
      9.00000    961.68585    346.53102    624.84255
      9.01000    928.11782    287.66815    644.99692
      9.02000    777.34347    239.92363    544.77857
      9.03000    709.52213    257.27957    463.84910
      9.04000    678.72150    242.97090    443.09369
      9.05000    647.00417    215.12595    436.18616
      9.06000    595.31633    221.44420    382.81431
      9.07000    559.03419    228.86760    340.64441
      9.08000    546.97962    200.03784    352.13998
      9.09000    614.37009    218.44347    400.66046
      9.10000    852.93652    308.29390    553.72903
      9.11000   1361.70273    405.14895    964.06625
      9.12000   1844.04662    441.83610   1404.50577
      9.13000   2067.23908    492.82756   1574.66953
      9.14000   2086.56301    544.57956   1541.99413
      9.15000   1954.57861    538.01919   1416.55958
      9.16000   2034.71961    623.80279   1410.91682
      9.17000   2266.05124    779.87917   1486.17207
      9.18000   2202.08868    793.90488   1408.18380
      9.19000   1978.48297    702.48025   1276.00272
      9.20000   1907.88373    664.20323   1243.68050
      9.21000   2039.22517    740.31489   1298.91028
      9.22000   1954.87762    715.74879   1239.12882
      9.23000   1546.80540    500.04221   1046.76320
      9.24000   1380.83823    365.25456   1015.58367
      9.25000   1533.31434    398.83933   1134.47501
      9.26000   1455.69110    428.93070   1026.76040
      9.27000    971.67226    333.15817    638.51409
      9.28000    665.62318    258.62313    407.00005
      9.29000    685.29978    294.16539    391.13440
      9.30000    780.04565    348.70149    431.34416
      9.31000    708.27155    300.76580    407.50575
      9.32000    618.03753    244.98271    373.05482
      9.33000    684.07903    282.35184    401.72718
      9.34000    814.97979    341.48039    473.49939
      9.35000    766.61248    298.11256    468.49991
      9.36000    713.98508    258.78417    455.20091
      9.37000    783.83341    279.35493    504.47849
      9.38000    965.23870    328.39439    636.84431
      9.39000   1071.98440    316.29373    755.69066
      9.40000   1019.03195    272.24311    746.78884
      9.41000    798.07610    266.42327    531.65283
      9.42000    609.97933    285.74799    324.23134
      9.43000    556.70509    313.15458    243.55051
      9.44000    454.89275    276.49779    178.39496
      9.45000    382.44100    215.03080    167.41019
      9.46000    477.29315    267.05711    210.23604
      9.47000    586.83491    346.98963    239.84528
      9.48000    451.30191    258.89276    192.40915
      9.49000    354.16771    189.49148    164.67624
      9.50000    502.35946    289.28652    213.07294
      9.51000    587.99526    339.92765    248.06761
      9.52000    456.60589    241.53655    215.06934
      9.53000    395.13823    213.16402    181.97421
      9.54000    500.45496    280.71969    219.73526
      9.55000    631.85993    320.27033    311.58960
      9.56000    735.41854    281.15102    454.26752
      9.57000    888.00315    255.18256    632.82059
      9.58000    992.99745    299.64187    693.35559
      9.59000   1024.26395    352.13759    672.12637
      9.60000    911.13848    307.94782    603.19067
      9.61000    801.66452    270.69253    530.97199
      9.62000    803.32041    283.11498    520.20543
      9.63000    892.67834    324.04724    568.63109
      9.64000    925.76803    339.08445    586.68358
      9.65000    838.89753    288.19575    550.70178
      9.66000    823.33695    264.68254    558.65441
      9.67000    994.95084    332.52969    662.42114
      9.68000   1337.28970    423.20607    914.08363
      9.69000   1795.08668    445.56929   1349.51739
      9.70000   2147.52026    450.43680   1697.08346
      9.71000   2414.16003    511.51914   1902.64089
      9.72000   2597.60731    559.40028   2038.20703
      9.73000   2388.28704    467.60331   1920.68373
      9.74000   1922.58246    369.34019   1553.24227
      9.75000   1564.42732    345.32667   1219.10065
      9.76000   1498.13230    370.40293   1127.72937
      9.77000   1439.99863    342.90155   1097.09708
      9.78000   1384.63262    293.64344   1090.98918
      9.79000   1486.73513    314.46502   1172.27011
      9.80000   1547.95333    383.55162   1164.40171
      9.81000   1241.47728    352.80989    888.66739
      9.82000    938.45286    275.78002    662.67284
      9.83000    805.05368    234.13727    570.91640
      9.84000    692.85005    210.15310    482.69696
      9.85000    607.86495    186.03030    421.83464
      9.86000    471.46657    112.82120    358.64537
      9.87000    399.32183     69.81634    329.50550
      9.88000    485.39349    112.82028    372.57321
      9.89000    635.85428    192.68825    443.16603
      9.90000    679.59995    209.58894    470.01101
      9.91000    648.93015    169.39157    479.53858
      9.92000    801.95049    174.01648    627.93401
      9.93000   1409.13701    327.46213   1081.67488
      9.94000   1923.09157    472.54268   1450.54889
      9.95000   1760.12548    461.21175   1298.91373
      9.96000   1465.90333    458.18934   1007.71399
      9.97000   1415.62619    507.11172    908.51447
      9.98000   1356.13183    507.45194    848.67990
      9.99000   1213.27888    443.92877    769.35010
     10.00000   1120.33384    383.11819    737.21565
     10.01000   1236.93245    425.56135    811.37110
     10.02000   1415.64435    500.57886    915.06549
     10.03000   1453.86646    510.48735    943.37911
     10.04000   1240.30103    433.49380    806.80723
     10.05000    892.57498    321.61152    570.96345
     10.06000    920.68685    361.63569    559.05116
     10.07000   1150.46095    500.92237    649.53858
     10.08000   1156.82083    504.55802    652.26282
     10.09000   1043.94394    427.54906    616.39488
     10.10000   1038.72111    426.22398    612.49713
     10.11000   1006.73144    422.48305    584.24839
     10.12000    907.42799    388.05229    519.37570
     10.13000    909.11181    380.07956    529.03226
     10.14000    966.50910    388.94875    577.56035
     10.15000   1001.77737    396.31906    605.45831
     10.16000   1137.78466    441.10207    696.68260
     10.17000   1390.91786    531.05594    859.86192
     10.18000   1456.62405    548.36261    908.26144
     10.19000   1290.86797    483.90224    806.96574
     10.20000   1049.48616    397.48476    652.00140
     10.21000    858.30038    359.50007    498.80031
     10.22000    798.29955    361.76694    436.53262
     10.23000    819.14235    330.74404    488.39832
     10.24000    930.17708    335.38599    594.79109
     10.25000   1072.45773    393.06341    679.39432
     10.26000   1215.60834    459.94332    755.66502
     10.27000   1316.86572    498.10031    818.76542
     10.28000   1174.49535    449.33139    725.16396
     10.29000    969.87619    385.12210    584.75408
     10.30000   1000.29528    413.04034    587.25495
     10.31000   1092.58490    484.10998    608.47492
     10.32000    913.99742    409.40568    504.59175
     10.33000    632.42381    249.49044    382.93336
     10.34000    590.43385    231.42819    359.00567
     10.35000    712.89595    306.37045    406.52550
     10.36000    700.08950    315.03172    385.05777
     10.37000    590.96325    269.61767    321.34557
     10.38000    542.50376    242.79710    299.70666
     10.39000    500.03081    228.61232    271.41848
     10.40000    483.85669    234.21140    249.64528
     10.41000    524.11485    276.80812    247.30673
     10.42000    461.66740    251.38124    210.28616
     10.43000    395.29798    188.47004    206.82795
     10.44000    412.23986    196.09701    216.14285
     10.45000    455.03178    252.64935    202.38244
     10.46000    441.06018    241.29676    199.76383
     10.47000    460.55355    215.71165    244.84770
     10.48000    603.14757    227.81214    375.36515
