Energy-E_F (eV)    DOS (1/eV)    PDOS (1/eV)  of atom type H  C  
     -6.08997      0.00065      0.00009      0.00056
     -6.07997      0.05003      0.00681      0.04323
     -6.06997      1.41253      0.19212      1.22041
     -6.05997     14.67000      1.99529     12.67470
     -6.04997     56.04894      7.62332     48.42562
     -6.03997     78.77897     10.71488     68.06409
     -6.02997     40.73415      5.54033     35.19382
     -6.01997      7.74841      1.05388      6.69453
     -6.00997      0.54222      0.07375      0.46847
     -5.99997      0.03340      0.00237      0.03103
     -5.98997      0.71587      0.02065      0.69522
     -5.97997     10.01461      0.39807      9.61654
     -5.96997     55.29471      3.45090     51.84381
     -5.95997    128.15756     12.92541    115.23215
     -5.94997    132.19058     19.57894    112.61164
     -5.93997     60.84969     11.42093     49.42876
     -5.92997     11.82191      2.50030      9.32161
     -5.91997      1.00471      0.21109      0.79362
     -5.90997      2.28379      0.19823      2.08556
     -5.89997     19.77474      1.68341     18.09133
     -5.88997     63.73403      5.42564     58.30840
     -5.87997     75.56795      6.43305     69.13490
     -5.86997     32.96168      2.80601     30.15568
     -5.85997      5.28916      0.45026      4.83890
     -5.84997      0.31223      0.02658      0.28565
     -5.83997      0.00678      0.00058      0.00620
     -5.82997      0.00000      0.00000      0.00000
     -5.81997      0.00000      0.00000      0.00000
     -5.80997      0.00000      0.00000      0.00000
     -5.79997      0.00000      0.00000      0.00000
     -5.78997      0.00000      0.00000      0.00000
     -5.77997      0.00000      0.00000      0.00000
     -5.76997      0.00443      0.00010      0.00433
     -5.75997      0.22490      0.00522      0.21968
     -5.74997      4.19833      0.09737      4.10096
     -5.73997     28.83219      0.66869     28.16350
     -5.72997     72.84235      1.68940     71.15296
     -5.71997     67.72533      1.57535     66.14998
     -5.70997     23.97020      0.71315     23.25705
     -5.69997     13.18126      2.26945     10.91181
     -5.68997     47.32225     10.12065     37.20159
     -5.67997     79.76594     17.10227     62.66367
     -5.66997     49.60077     10.63496     38.96581
     -5.65997     11.34690      2.43290      8.91400
     -5.64997      0.95493      0.20475      0.75018
     -5.63997      0.02956      0.00634      0.02323
     -5.62997      0.00034      0.00007      0.00026
     -5.61997      0.00000      0.00000      0.00000
     -5.60997      0.00000      0.00000      0.00000
     -5.59997      0.00000      0.00000      0.00000
     -5.58997      0.00000      0.00000      0.00000
     -5.57997      0.00000      0.00000      0.00000
     -5.56997      0.00000      0.00000      0.00000
     -5.55997      0.00000      0.00000      0.00000
     -5.54997      0.00000      0.00000      0.00000
     -5.53997      0.00000      0.00000      0.00000
     -5.52997      0.00000      0.00000      0.00000
     -5.51997      0.00000      0.00000      0.00000
     -5.50997      0.00000      0.00000      0.00000
     -5.49997      0.00000      0.00000      0.00000
     -5.48997      0.00000      0.00000      0.00000
     -5.47997      0.00000      0.00000      0.00000
     -5.46997      0.00000      0.00000      0.00000
     -5.45997      0.00000      0.00000      0.00000
     -5.44997      0.00000      0.00000      0.00000
     -5.43997      0.00000      0.00000      0.00000
     -5.42997      0.01777      0.00465      0.01312
     -5.41997      0.65105      0.17046      0.48059
     -5.40997      8.77559      2.29762      6.47797
     -5.39997     43.51557     11.39321     32.12237
     -5.38997     79.38137     20.78356     58.59781
     -5.37997     53.27187     13.94759     39.32428
     -5.36997     13.15173      3.44337      9.70836
     -5.35997      1.19446      0.31273      0.88173
     -5.34997      0.03991      0.01045      0.02946
     -5.33997      0.00049      0.00013      0.00036
     -5.32997      0.00000      0.00000      0.00000
     -5.31997      0.00000      0.00000      0.00000
     -5.30997      0.00000      0.00000      0.00000
     -5.29997      0.00000      0.00000      0.00000
     -5.28997      0.00179      0.00039      0.00140
     -5.27997      0.12275      0.02476      0.09799
     -5.26997      3.00549      0.56996      2.43553
     -5.25997     28.29490      4.86190     23.43301
     -5.24997    104.25451     15.44875     88.80576
     -5.23997    152.57851     18.43940    134.13911
     -5.22997     89.15760      8.37137     80.78623
     -5.21997     20.65211      1.46956     19.18255
     -5.20997      1.87307      0.10265      1.77043
     -5.19997      0.39722      0.06167      0.33555
     -5.18997      6.49445      1.14536      5.34910
     -5.17997     47.94548      8.41864     39.52684
     -5.16997    134.36688     23.47553    110.89135
     -5.15997    143.25644     24.89835    118.35809
     -5.14997     58.11365     10.04897     48.06468
     -5.13997      8.95171      1.54073      7.41098
     -5.12997      0.53471      0.09052      0.44419
     -5.11997      0.52660      0.04515      0.48145
     -5.10997      7.48160      0.62729      6.85431
     -5.09997     39.97248      3.35149     36.62100
     -5.08997     78.56574      6.58734     71.97841
     -5.07997     56.80817      4.76307     52.04510
     -5.06997     15.11103      1.26698     13.84404
     -5.05997      1.47871      0.12398      1.35473
     -5.04997      0.05323      0.00446      0.04877
     -5.03997      0.00070      0.00006      0.00065
     -5.02997      0.00000      0.00000      0.00000
     -5.01997      0.00000      0.00000      0.00000
     -5.00997      0.00000      0.00000      0.00000
     -4.99997      0.00000      0.00000      0.00000
     -4.98997      0.00000      0.00000      0.00000
     -4.97997      0.00000      0.00000      0.00000
     -4.96997      0.00000      0.00000      0.00000
     -4.95997      0.00000      0.00000      0.00000
     -4.94997      0.00000      0.00000      0.00000
     -4.93997      0.00000      0.00000      0.00000
     -4.92997      0.00041      0.00005      0.00036
     -4.91997      0.03426      0.00413      0.03013
     -4.90997      1.06618      0.12865      0.93753
     -4.89997     12.20529      1.47278     10.73251
     -4.88997     51.40094      6.20241     45.19853
     -4.87997     79.63420      9.60924     70.02495
     -4.86997     45.38723      5.47675     39.91047
     -4.85997      9.51641      1.14832      8.36809
     -4.84997      0.73404      0.08857      0.64546
     -4.83997      0.02083      0.00251      0.01832
     -4.82997      0.00000      0.00000      0.00000
     -4.81997      0.00000      0.00000      0.00000
     -4.80997      0.00000      0.00000      0.00000
     -4.79997      0.00000      0.00000      0.00000
     -4.78997      0.00000      0.00000      0.00000
     -4.77997      0.00000      0.00000      0.00000
     -4.76997      0.00000      0.00000      0.00000
     -4.75997      0.00000      0.00000      0.00000
     -4.74997      0.00000      0.00000      0.00000
     -4.73997      0.00000      0.00000      0.00000
     -4.72997      0.00000      0.00000      0.00000
     -4.71997      0.00000      0.00000      0.00000
     -4.70997      0.00000      0.00000      0.00000
     -4.69997      0.00000      0.00000      0.00000
     -4.68997      0.02135      0.00061      0.02074
     -4.67997      0.74793      0.02142      0.72651
     -4.66997      9.63731      0.27601      9.36130
     -4.65997     45.68289      1.30834     44.37455
     -4.64997     79.66308      2.28152     77.38156
     -4.63997     51.10532      1.46364     49.64168
     -4.62997     12.06093      0.34542     11.71550
     -4.61997      1.04713      0.02999      1.01714
     -4.60997      0.03344      0.00096      0.03249
     -4.59997      0.00039      0.00001      0.00038
     -4.58997      0.00000      0.00000      0.00000
     -4.57997      0.00067      0.00011      0.00056
     -4.56997      0.05119      0.00810      0.04310
     -4.55997      1.43665      0.22724      1.20941
     -4.54997     14.83173      2.34596     12.48577
     -4.53997     56.32972      8.90976     47.41996
     -4.52997     78.70259     12.44851     66.25408
     -4.51997     40.45256      6.39845     34.05411
     -4.50997      7.64907      1.20987      6.43920
     -4.49997      0.53208      0.08416      0.44792
     -4.48997      0.01362      0.00215      0.01146
     -4.47997      0.00000      0.00000      0.00000
     -4.46997      0.00000      0.00000      0.00000
     -4.45997      0.00000      0.00000      0.00000
     -4.44997      0.00000      0.00000      0.00000
     -4.43997      0.00000      0.00000      0.00000
     -4.42997      0.00377      0.00011      0.00366
     -4.41997      0.19843      0.00588      0.19255
     -4.40997      3.84140      0.11382      3.72758
     -4.39997     27.35728      0.81061     26.54667
     -4.38997     71.67395      2.12374     69.55021
     -4.37997     69.08047      2.04689     67.03358
     -4.36997     24.49372      0.72576     23.76796
     -4.35997      3.19492      0.09467      3.10025
     -4.34997      0.15331      0.00454      0.14877
     -4.33997      0.00271      0.00008      0.00263
     -4.32997      0.00000      0.00000      0.00000
     -4.31997      0.00000      0.00000      0.00000
     -4.30997      0.00000      0.00000      0.00000
     -4.29997      0.00000      0.00000      0.00000
     -4.28997      0.00000      0.00000      0.00000
     -4.27997      0.00000      0.00000      0.00000
     -4.26997      0.00000      0.00000      0.00000
     -4.25997      0.00000      0.00000      0.00000
     -4.24997      0.00000      0.00000      0.00000
     -4.23997      0.00000      0.00000      0.00000
     -4.22997      0.00000      0.00000      0.00000
     -4.21997      0.00000      0.00000      0.00000
     -4.20997      0.00000      0.00000      0.00000
     -4.19997      0.00000      0.00000      0.00000
     -4.18997      0.00000      0.00000      0.00000
     -4.17997      0.01726      0.00206      0.01520
     -4.16997      0.70239      0.08098      0.62141
     -4.15997     10.84419      1.18738      9.65680
     -4.14997     64.29275      6.55890     57.73384
     -4.13997    150.80796     13.86628    136.94168
     -4.12997    160.63944     11.95107    148.68837
     -4.11997    118.94330      5.63080    113.31250
     -4.10997     70.44683      2.32746     68.11936
     -4.09997     20.80224      0.62769     20.17455
     -4.08997      2.39902      0.07137      2.32765
     -4.07997      0.10275      0.00305      0.09970
     -4.06997      0.00162      0.00005      0.00157
     -4.05997      0.00000      0.00000      0.00000
     -4.04997      0.00000      0.00000      0.00000
     -4.03997      0.00000      0.00000      0.00000
     -4.02997      0.00000      0.00000      0.00000
     -4.01997      0.00000      0.00000      0.00000
     -4.00997      0.00000      0.00000      0.00000
     -3.99997      0.00000      0.00000      0.00000
     -3.98997      0.00000      0.00000      0.00000
     -3.97997      0.00000      0.00000      0.00000
     -3.96997      0.00000      0.00000      0.00000
     -3.95997      0.00000      0.00000      0.00000
     -3.94997      0.00000      0.00000      0.00000
     -3.93997      0.00033      0.00005      0.00028
     -3.92997      0.02902      0.00424      0.02478
     -3.91997      0.94178      0.13758      0.80420
     -3.90997     11.24285      1.64241      9.60044
     -3.89997     49.37542      7.21299     42.16243
     -3.88997     79.77205     11.65347     68.11858
     -3.87997     47.41287      6.92629     40.48658
     -3.86997     10.36686      1.51444      8.85242
     -3.85997      0.83388      0.12182      0.71206
     -3.84997      0.02468      0.00360      0.02107
     -3.83997      0.00000      0.00000      0.00000
     -3.82997      0.00000      0.00000      0.00000
     -3.81997      0.00000      0.00000      0.00000
     -3.80997      0.00000      0.00000      0.00000
     -3.79997      0.00000      0.00000      0.00000
     -3.78997      0.00000      0.00000      0.00000
     -3.77997      0.00000      0.00000      0.00000
     -3.76997      0.00000      0.00000      0.00000
     -3.75997      0.00000      0.00000      0.00000
     -3.74997      0.00000      0.00000      0.00000
     -3.73997      0.00000      0.00000      0.00000
     -3.72997      0.00000      0.00000      0.00000
     -3.71997      0.00000      0.00000      0.00000
     -3.70997      0.00000      0.00000      0.00000
     -3.69997      0.00000      0.00000      0.00000
     -3.68997      0.00000      0.00000      0.00000
     -3.67997      0.00639      0.00016      0.00623
     -3.66997      0.29818      0.00749      0.29069
     -3.65997      5.12141      0.12870      4.99270
     -3.64997     32.35955      0.81320     31.54635
     -3.63997     75.21792      1.89024     73.32768
     -3.62997     64.31994      1.61637     62.70357
     -3.61997     20.23371      0.50848     19.72523
     -3.60997      2.34159      0.05884      2.28275
     -3.59997      0.09969      0.00251      0.09718
     -3.58997      0.00156      0.00004      0.00152
     -3.57997      0.00000      0.00000      0.00000
     -3.56997      0.00000      0.00000      0.00000
     -3.55997      0.00000      0.00000      0.00000
     -3.54997      0.00000      0.00000      0.00000
     -3.53997      0.00000      0.00000      0.00000
     -3.52997      0.00000      0.00000      0.00000
     -3.51997      0.00000      0.00000      0.00000
     -3.50997      0.00000      0.00000      0.00000
     -3.49997      0.00000      0.00000      0.00000
     -3.48997      0.00000      0.00000      0.00000
     -3.47997      0.00000      0.00000      0.00000
     -3.46997      0.00000      0.00000      0.00000
     -3.45997      0.00000      0.00000      0.00000
     -3.44997      0.00000      0.00000      0.00000
     -3.43997      0.00000      0.00000      0.00000
     -3.42997      0.01520      0.00208      0.01312
     -3.41997      0.59845      0.08037      0.51807
     -3.40997      8.96381      1.15597      7.80784
     -3.39997     52.87983      6.28179     46.59803
     -3.38997    130.27225     13.34080    116.93145
     -3.37997    152.30690     12.37837    139.92853
     -3.36997    132.32629      8.21894    124.10735
     -3.35997    141.53814      7.27607    134.26208
     -3.34997    118.75729      5.08670    113.67060
     -3.33997     51.82700      1.92289     49.90412
     -3.32997      9.77212      0.33743      9.43469
     -3.31997      0.72204      0.02426      0.69778
     -3.30997      0.01996      0.00066      0.01930
     -3.29997      0.00000      0.00000      0.00000
     -3.28997      0.00000      0.00000      0.00000
     -3.27997      0.00000      0.00000      0.00000
     -3.26997      0.00000      0.00000      0.00000
     -3.25997      0.00000      0.00000      0.00000
     -3.24997      0.00000      0.00000      0.00000
     -3.23997      0.00000      0.00000      0.00000
     -3.22997      0.00000      0.00000      0.00000
     -3.21997      0.00000      0.00000      0.00000
     -3.20997      0.00000      0.00000      0.00000
     -3.19997      0.00000      0.00000      0.00000
     -3.18997      0.00000      0.00000      0.00000
     -3.17997      0.00000      0.00000      0.00000
     -3.16997      0.00000      0.00000      0.00000
     -3.15997      0.00000      0.00000      0.00000
     -3.14997      0.00000      0.00000      0.00000
     -3.13997      0.00000      0.00000      0.00000
     -3.12997      0.00000      0.00000      0.00000
     -3.11997      0.00000      0.00000      0.00000
     -3.10997      0.00000      0.00000      0.00000
     -3.09997      0.00000      0.00000      0.00000
     -3.08997      0.00000      0.00000      0.00000
     -3.07997      0.00000      0.00000      0.00000
     -3.06997      0.00000      0.00000      0.00000
     -3.05997      0.00000      0.00000      0.00000
     -3.04997      0.00000      0.00000      0.00000
     -3.03997      0.00000      0.00000      0.00000
     -3.02997      0.00000      0.00000      0.00000
     -3.01997      0.00000      0.00000      0.00000
     -3.00997      0.00000      0.00000      0.00000
     -2.99997      0.00000      0.00000      0.00000
     -2.98997      0.00000      0.00000      0.00000
     -2.97997      0.00000      0.00000      0.00000
     -2.96997      0.00000      0.00000      0.00000
     -2.95997      0.00000      0.00000      0.00000
     -2.94997      0.00000      0.00000      0.00000
     -2.93997      0.00000      0.00000      0.00000
     -2.92997      0.00000      0.00000      0.00000
     -2.91997      0.00000      0.00000      0.00000
     -2.90997      0.00000      0.00000      0.00000
     -2.89997      0.00000      0.00000      0.00000
     -2.88997      0.00000      0.00000      0.00000
     -2.87997      0.00000      0.00000      0.00000
     -2.86997      0.00000      0.00000      0.00000
     -2.85997      0.00000      0.00000      0.00000
     -2.84997      0.00000      0.00000      0.00000
     -2.83997      0.00000      0.00000      0.00000
     -2.82997      0.00000      0.00000      0.00000
     -2.81997      0.00000      0.00000      0.00000
     -2.80997      0.00000      0.00000      0.00000
     -2.79997      0.00000      0.00000      0.00000
     -2.78997      0.00000      0.00000      0.00000
     -2.77997      0.00237      0.00007      0.00230
     -2.76997      0.13811      0.00383      0.13429
     -2.75997      2.96406      0.08211      2.88195
     -2.74997     23.40170      0.64826     22.75344
     -2.73997     67.96950      1.88285     66.08665
     -2.72997     72.62502      2.01181     70.61321
     -2.71997     28.54723      0.79080     27.75643
     -2.70997      4.12807      0.11435      4.01372
     -2.69997      0.21960      0.00608      0.21352
     -2.68997      0.00430      0.00012      0.00418
     -2.67997      0.00000      0.00000      0.00000
     -2.66997      0.00000      0.00000      0.00000
     -2.65997      0.00000      0.00000      0.00000
     -2.64997      0.00000      0.00000      0.00000
     -2.63997      0.00000      0.00000      0.00000
     -2.62997      0.00000      0.00000      0.00000
     -2.61997      0.00000      0.00000      0.00000
     -2.60997      0.00000      0.00000      0.00000
     -2.59997      0.00000      0.00000      0.00000
     -2.58997      0.00000      0.00000      0.00000
     -2.57997      0.00000      0.00000      0.00000
     -2.56997      0.00000      0.00000      0.00000
     -2.55997      0.00000      0.00000      0.00000
     -2.54997      0.00000      0.00000      0.00000
     -2.53997      0.00000      0.00000      0.00000
     -2.52997      0.00000      0.00000      0.00000
     -2.51997      0.00000      0.00000      0.00000
     -2.50997      0.00030      0.00002      0.00028
     -2.49997      0.02685      0.00168      0.02517
     -2.48997      0.88855      0.05572      0.83282
     -2.47997     10.81587      0.67830     10.13757
     -2.46997     48.43373      3.03746     45.39627
     -2.45997     79.78843      5.00382     74.78461
     -2.44997     48.35456      3.03249     45.32207
     -2.43997     10.78054      0.67609     10.10445
     -2.42997      0.88420      0.05545      0.82875
     -2.41997      0.02668      0.00167      0.02501
     -2.40997      0.00000      0.00000      0.00000
     -2.39997      0.00000      0.00000      0.00000
     -2.38997      0.00000      0.00000      0.00000
     -2.37997      0.00186      0.00004      0.00182
     -2.36997      0.11554      0.00273      0.11281
     -2.35997      2.66631      0.06353      2.60278
     -2.34997     23.51403      0.57205     22.94197
     -2.33997     84.34525      2.15521     82.19004
     -2.32997    139.92854      3.89415    136.03439
     -2.31997    135.72419      4.14129    131.58291
     -2.30997    112.20183      3.58813    108.61370
     -2.29997     74.35691      2.39368     71.96324
     -2.28997     23.98526      0.77204     23.21323
     -2.27997      3.01668      0.09709      2.91959
     -2.26997      0.14099      0.00454      0.13645
     -2.25997      0.02183      0.00068      0.02116
     -2.24997      0.69579      0.02150      0.67429
     -2.23997      9.17915      0.28366      8.89549
     -2.22997     44.54819      1.37666     43.17153
     -2.21997     79.53585      2.45787     77.07798
     -2.20997     52.23978      1.61435     50.62543
     -2.19997     12.62250      0.39007     12.23243
     -2.18997      1.12200      0.03467      1.08733
     -2.17997      0.03669      0.00113      0.03556
     -2.16997      0.00044      0.00001      0.00043
     -2.15997      0.00000      0.00000      0.00000
     -2.14997      0.00000      0.00000      0.00000
     -2.13997      0.00000      0.00000      0.00000
     -2.12997      0.00000      0.00000      0.00000
     -2.11997      0.00000      0.00000      0.00000
     -2.10997      0.00000      0.00000      0.00000
     -2.09997      0.00000      0.00000      0.00000
     -2.08997      0.00000      0.00000      0.00000
     -2.07997      0.00000      0.00000      0.00000
     -2.06997      0.00000      0.00000      0.00000
     -2.05997      0.00000      0.00000      0.00000
     -2.04997      0.00000      0.00000      0.00000
     -2.03997      0.00035      0.00001      0.00034
     -2.02997      0.03066      0.00066      0.03000
     -2.01997      0.98135      0.02122      0.96013
     -2.00997     11.55419      0.24985     11.30433
     -1.99997     50.04498      1.08220     48.96278
     -1.98997     79.74201      1.72438     78.01763
     -1.97997     46.74330      1.01080     45.73250
     -1.96997     10.07992      0.21797      9.86195
     -1.95997      0.79965      0.01729      0.78236
     -1.94997      0.02334      0.00050      0.02283
     -1.93997      0.00000      0.00000      0.00000
     -1.92997      0.00000      0.00000      0.00000
     -1.91997      0.00000      0.00000      0.00000
     -1.90997      0.00000      0.00000      0.00000
     -1.89997      0.00000      0.00000      0.00000
     -1.88997      0.00000      0.00000      0.00000
     -1.87997      0.00000      0.00000      0.00000
     -1.86997      0.00000      0.00000      0.00000
     -1.85997      0.00000      0.00000      0.00000
     -1.84997      0.00000      0.00000      0.00000
     -1.83997      0.00000      0.00000      0.00000
     -1.82997      0.00000      0.00000      0.00000
     -1.81997      0.00000      0.00000      0.00000
     -1.80997      0.00000      0.00000      0.00000
     -1.79997      0.00000      0.00000      0.00000
     -1.78997      0.00000      0.00000      0.00000
     -1.77997      0.00000      0.00000      0.00000
     -1.76997      0.00000      0.00000      0.00000
     -1.75997      0.00000      0.00000      0.00000
     -1.74997      0.00000      0.00000      0.00000
     -1.73997      0.00000      0.00000      0.00000
     -1.72997      0.00000      0.00000      0.00000
     -1.71997      0.00000      0.00000      0.00000
     -1.70997      0.00000      0.00000      0.00000
     -1.69997      0.00000      0.00000      0.00000
     -1.68997      0.00000      0.00000      0.00000
     -1.67997      0.00000      0.00000      0.00000
     -1.66997      0.00000      0.00000      0.00000
     -1.65997      0.00000      0.00000      0.00000
     -1.64997      0.00242      0.00005      0.00236
     -1.63997      0.14292      0.00319      0.13974
     -1.62997      3.14719      0.07025      3.07695
     -1.61997     26.69935      0.59745     26.10190
     -1.60997     92.35434      2.07750     90.27684
     -1.59997    141.28878      3.20415    138.08464
     -1.58997    100.28542      2.29308     97.99234
     -1.57997     31.73926      0.72972     31.00954
     -1.56997      4.12851      0.09518      4.03333
     -1.55997      0.20781      0.00480      0.20301
     -1.54997      0.00390      0.00009      0.00381
     -1.53997      0.00000      0.00000      0.00000
     -1.52997      0.00000      0.00000      0.00000
     -1.51997      0.00000      0.00000      0.00000
     -1.50997      0.00000      0.00000      0.00000
     -1.49997      0.00000      0.00000      0.00000
     -1.48997      0.00000      0.00000      0.00000
     -1.47997      0.00000      0.00000      0.00000
     -1.46997      0.00000      0.00000      0.00000
     -1.45997      0.00000      0.00000      0.00000
     -1.44997      0.00000      0.00000      0.00000
     -1.43997      0.00000      0.00000      0.00000
     -1.42997      0.00000      0.00000      0.00000
     -1.41997      0.00000      0.00000      0.00000
     -1.40997      0.00000      0.00000      0.00000
     -1.39997      0.01906      0.00148      0.01758
     -1.38997      0.68646      0.05325      0.63321
     -1.37997      9.09582      0.70562      8.39020
     -1.36997     44.33756      3.43953     40.89804
     -1.35997     79.50734      6.16785     73.33949
     -1.34997     52.45033      4.06888     48.38145
     -1.33997     12.72901      0.98746     11.74155
     -1.32997      1.13644      0.08816      1.04828
     -1.31997      0.03733      0.00290      0.03443
     -1.30997      0.00045      0.00003      0.00042
     -1.29997      0.00000      0.00000      0.00000
     -1.28997      0.00000      0.00000      0.00000
     -1.27997      0.00000      0.00000      0.00000
     -1.26997      0.00000      0.00000      0.00000
     -1.25997      0.00000      0.00000      0.00000
     -1.24997      0.00000      0.00000      0.00000
     -1.23997      0.00000      0.00000      0.00000
     -1.22997      0.00000      0.00000      0.00000
     -1.21997      0.00000      0.00000      0.00000
     -1.20997      0.00000      0.00000      0.00000
     -1.19997      0.00000      0.00000      0.00000
     -1.18997      0.00000      0.00000      0.00000
     -1.17997      0.00000      0.00000      0.00000
     -1.16997      0.00000      0.00000      0.00000
     -1.15997      0.00000      0.00000      0.00000
     -1.14997      0.00000      0.00000      0.00000
     -1.13997      0.00000      0.00000      0.00000
     -1.12997      0.00000      0.00000      0.00000
     -1.11997      0.00000      0.00000      0.00000
     -1.10997      0.00000      0.00000      0.00000
     -1.09997      0.00000      0.00000      0.00000
     -1.08997      0.00000      0.00000      0.00000
     -1.07997      0.00000      0.00000      0.00000
     -1.06997      0.00000      0.00000      0.00000
     -1.05997      0.00000      0.00000      0.00000
     -1.04997      0.00000      0.00000      0.00000
     -1.03997      0.00000      0.00000      0.00000
     -1.02997      0.00000      0.00000      0.00000
     -1.01997      0.00000      0.00000      0.00000
     -1.00997      0.00000      0.00000      0.00000
     -0.99997      0.00000      0.00000      0.00000
     -0.98997      0.00000      0.00000      0.00000
     -0.97997      0.00000      0.00000      0.00000
     -0.96997      0.00000      0.00000      0.00000
     -0.95997      0.00000      0.00000      0.00000
     -0.94997      0.00000      0.00000      0.00000
     -0.93997      0.00000      0.00000      0.00000
     -0.92997      0.00000      0.00000      0.00000
     -0.91997      0.00000      0.00000      0.00000
     -0.90997      0.00000      0.00000      0.00000
     -0.89997      0.00000      0.00000      0.00000
     -0.88997      0.00000      0.00000      0.00000
     -0.87997      0.00000      0.00000      0.00000
     -0.86997      0.00000      0.00000      0.00000
     -0.85997      0.00000      0.00000      0.00000
     -0.84997      0.00000      0.00000      0.00000
     -0.83997      0.00000      0.00000      0.00000
     -0.82997      0.00000      0.00000      0.00000
     -0.81997      0.00000      0.00000      0.00000
     -0.80997      0.00000      0.00000      0.00000
     -0.79997      0.00000      0.00000      0.00000
     -0.78997      0.00000      0.00000      0.00000
     -0.77997      0.00000      0.00000      0.00000
     -0.76997      0.00000      0.00000      0.00000
     -0.75997      0.00000      0.00000      0.00000
     -0.74997      0.00000      0.00000      0.00000
     -0.73997      0.00000      0.00000      0.00000
     -0.72997      0.00000      0.00000      0.00000
     -0.71997      0.00000      0.00000      0.00000
     -0.70997      0.00000      0.00000      0.00000
     -0.69997      0.00000      0.00000      0.00000
     -0.68997      0.00000      0.00000      0.00000
     -0.67997      0.00000      0.00000      0.00000
     -0.66997      0.01063      0.00087      0.00976
     -0.65997      0.44065      0.03610      0.40455
     -0.64997      6.71980      0.55057      6.16923
     -0.63997     37.69819      3.08869     34.60950
     -0.62997     77.80195      6.37447     71.42748
     -0.61997     59.06986      4.83971     54.23015
     -0.60997     16.49859      1.35176     15.14683
     -0.59997      1.69525      0.13890      1.55635
     -0.58997      0.06408      0.00525      0.05883
     -0.57997      0.00089      0.00007      0.00082
     -0.56997      0.00000      0.00000      0.00000
     -0.55997      0.00000      0.00000      0.00000
     -0.54997      0.00000      0.00000      0.00000
     -0.53997      0.00000      0.00000      0.00000
     -0.52997      0.01224      0.00020      0.01204
     -0.51997      0.49070      0.00803      0.48267
     -0.50997      7.23623      0.11847      7.11776
     -0.49997     39.25652      0.64267     38.61385
     -0.48997     78.34601      1.28261     77.06340
     -0.47997     57.52113      0.94169     56.57945
     -0.46997     15.53615      0.25434     15.28181
     -0.45997      1.54371      0.02527      1.51844
     -0.44997      0.05643      0.00092      0.05550
     -0.43997      0.00076      0.00001      0.00075
     -0.42997      0.00000      0.00000      0.00000
     -0.41997      0.00000      0.00000      0.00000
     -0.40997      0.00000      0.00000      0.00000
     -0.39997      0.00000      0.00000      0.00000
     -0.38997      0.00000      0.00000      0.00000
     -0.37997      0.00000      0.00000      0.00000
     -0.36997      0.00000      0.00000      0.00000
     -0.35997      0.00000      0.00000      0.00000
     -0.34997      0.00000      0.00000      0.00000
     -0.33997      0.00000      0.00000      0.00000
     -0.32997      0.00000      0.00000      0.00000
     -0.31997      0.00000      0.00000      0.00000
     -0.30997      0.00000      0.00000      0.00000
     -0.29997      0.00000      0.00000      0.00000
     -0.28997      0.00000      0.00000      0.00000
     -0.27997      0.00000      0.00000      0.00000
     -0.26997      0.00000      0.00000      0.00000
     -0.25997      0.00000      0.00000      0.00000
     -0.24997      0.00000      0.00000      0.00000
     -0.23997      0.00000      0.00000      0.00000
     -0.22997      0.00000      0.00000      0.00000
     -0.21997      0.00000      0.00000      0.00000
     -0.20997      0.00000      0.00000      0.00000
     -0.19997      0.00000      0.00000      0.00000
     -0.18997      0.00000      0.00000      0.00000
     -0.17997      0.00000      0.00000      0.00000
     -0.16997      0.00000      0.00000      0.00000
     -0.15997      0.00000      0.00000      0.00000
     -0.14997      0.00000      0.00000      0.00000
     -0.13997      0.00000      0.00000      0.00000
     -0.12997      0.00000      0.00000      0.00000
     -0.11997      0.00000      0.00000      0.00000
     -0.10997      0.00000      0.00000      0.00000
     -0.09997      0.00000      0.00000      0.00000
     -0.08997      0.00000      0.00000      0.00000
     -0.07997      0.00000      0.00000      0.00000
     -0.06997      0.00000      0.00000      0.00000
     -0.05997      0.00000      0.00000      0.00000
     -0.04997      0.00030      0.00002      0.00028
     -0.03997      0.02711      0.00160      0.02550
     -0.02997      0.89478      0.05289      0.84189
     -0.01997     10.86641      0.64231     10.22410
     -0.00997     48.54665      2.86960     45.67705
      0.00003     79.78806      4.71628     75.07178
      0.01003     48.24164      2.85157     45.39007
      0.02003     10.73030      0.63427     10.09603
      0.03003      0.87803      0.05190      0.82612
      0.04003      0.02643      0.00156      0.02487
      0.05003      0.00000      0.00000      0.00000
      0.06003      0.00000      0.00000      0.00000
      0.07003      0.00000      0.00000      0.00000
      0.08003      0.00000      0.00000      0.00000
      0.09003      0.00000      0.00000      0.00000
      0.10003      0.00000      0.00000      0.00000
      0.11003      0.00000      0.00000      0.00000
      0.12003      0.00000      0.00000      0.00000
      0.13003      0.00000      0.00000      0.00000
      0.14003      0.00000      0.00000      0.00000
      0.15003      0.00000      0.00000      0.00000
      0.16003      0.00000      0.00000      0.00000
      0.17003      0.00000      0.00000      0.00000
      0.18003      0.00000      0.00000      0.00000
      0.19003      0.00000      0.00000      0.00000
      0.20003      0.00000      0.00000      0.00000
      0.21003      0.00000      0.00000      0.00000
      0.22003      0.00000      0.00000      0.00000
      0.23003      0.00000      0.00000      0.00000
      0.24003      0.00000      0.00000      0.00000
      0.25003      0.00000      0.00000      0.00000
      0.26003      0.00000      0.00000      0.00000
      0.27003      0.00000      0.00000      0.00000
      0.28003      0.00000      0.00000      0.00000
      0.29003      0.00000      0.00000      0.00000
      0.30003      0.00000      0.00000      0.00000
      0.31003      0.00000      0.00000      0.00000
      0.32003      0.00000      0.00000      0.00000
      0.33003      0.00000      0.00000      0.00000
      0.34003      0.00000      0.00000      0.00000
      0.35003      0.00000      0.00000      0.00000
      0.36003      0.00000      0.00000      0.00000
      0.37003      0.00000      0.00000      0.00000
      0.38003      0.00000      0.00000      0.00000
      0.39003      0.00000      0.00000      0.00000
      0.40003      0.00000      0.00000      0.00000
      0.41003      0.00000      0.00000      0.00000
      0.42003      0.00000      0.00000      0.00000
      0.43003      0.00000      0.00000      0.00000
      0.44003      0.00000      0.00000      0.00000
      0.45003      0.00000      0.00000      0.00000
      0.46003      0.00000      0.00000      0.00000
      0.47003      0.00000      0.00000      0.00000
      0.48003      0.00000      0.00000      0.00000
      0.49003      0.00000      0.00000      0.00000
      0.50003      0.00000      0.00000      0.00000
      0.51003      0.00000      0.00000      0.00000
      0.52003      0.00000      0.00000      0.00000
      0.53003      0.00000      0.00000      0.00000
      0.54003      0.00000      0.00000      0.00000
      0.55003      0.00000      0.00000      0.00000
      0.56003      0.00000      0.00000      0.00000
      0.57003      0.00000      0.00000      0.00000
      0.58003      0.00000      0.00000      0.00000
      0.59003      0.00000      0.00000      0.00000
      0.60003      0.00000      0.00000      0.00000
      0.61003      0.00000      0.00000      0.00000
      0.62003      0.00000      0.00000      0.00000
      0.63003      0.00000      0.00000      0.00000
      0.64003      0.00000      0.00000      0.00000
      0.65003      0.00000      0.00000      0.00000
      0.66003      0.00000      0.00000      0.00000
      0.67003      0.00000      0.00000      0.00000
      0.68003      0.00000      0.00000      0.00000
      0.69003      0.00000      0.00000      0.00000
      0.70003      0.00000      0.00000      0.00000
      0.71003      0.00000      0.00000      0.00000
      0.72003      0.00000      0.00000      0.00000
      0.73003      0.00000      0.00000      0.00000
      0.74003      0.00000      0.00000      0.00000
      0.75003      0.00000      0.00000      0.00000
      0.76003      0.00000      0.00000      0.00000
      0.77003      0.00000      0.00000      0.00000
      0.78003      0.00000      0.00000      0.00000
      0.79003      0.00000      0.00000      0.00000
      0.80003      0.00000      0.00000      0.00000
      0.81003      0.00000      0.00000      0.00000
      0.82003      0.00000      0.00000      0.00000
      0.83003      0.00000      0.00000      0.00000
      0.84003      0.00000      0.00000      0.00000
      0.85003      0.00000      0.00000      0.00000
      0.86003      0.00000      0.00000      0.00000
      0.87003      0.00000      0.00000      0.00000
      0.88003      0.00000      0.00000      0.00000
      0.89003      0.00000      0.00000      0.00000
      0.90003      0.00000      0.00000      0.00000
      0.91003      0.00000      0.00000      0.00000
      0.92003      0.00000      0.00000      0.00000
      0.93003      0.00000      0.00000      0.00000
      0.94003      0.00000      0.00000      0.00000
      0.95003      0.00000      0.00000      0.00000
      0.96003      0.00000      0.00000      0.00000
      0.97003      0.00000      0.00000      0.00000
      0.98003      0.00000      0.00000      0.00000
      0.99003      0.00000      0.00000      0.00000
      1.00003      0.00000      0.00000      0.00000
      1.01003      0.00000      0.00000      0.00000
      1.02003      0.00000      0.00000      0.00000
      1.03003      0.00000      0.00000      0.00000
      1.04003      0.00000      0.00000      0.00000
      1.05003      0.00000      0.00000      0.00000
      1.06003      0.00000      0.00000      0.00000
      1.07003      0.00000      0.00000      0.00000
      1.08003      0.00000      0.00000      0.00000
      1.09003      0.00000      0.00000      0.00000
      1.10003      0.00000      0.00000      0.00000
      1.11003      0.00000      0.00000      0.00000
      1.12003      0.00000      0.00000      0.00000
      1.13003      0.00000      0.00000      0.00000
      1.14003      0.00000      0.00000      0.00000
      1.15003      0.00000      0.00000      0.00000
      1.16003      0.00000      0.00000      0.00000
      1.17003      0.00000      0.00000      0.00000
      1.18003      0.00000      0.00000      0.00000
      1.19003      0.00000      0.00000      0.00000
      1.20003      0.00000      0.00000      0.00000
      1.21003      0.00000      0.00000      0.00000
      1.22003      0.00000      0.00000      0.00000
      1.23003      0.00000      0.00000      0.00000
      1.24003      0.00000      0.00000      0.00000
      1.25003      0.00000      0.00000      0.00000
      1.26003      0.00000      0.00000      0.00000
      1.27003      0.00000      0.00000      0.00000
      1.28003      0.00000      0.00000      0.00000
      1.29003      0.00000      0.00000      0.00000
      1.30003      0.00000      0.00000      0.00000
      1.31003      0.00000      0.00000      0.00000
      1.32003      0.00000      0.00000      0.00000
      1.33003      0.00000      0.00000      0.00000
      1.34003      0.00000      0.00000      0.00000
      1.35003      0.00000      0.00000      0.00000
      1.36003      0.00000      0.00000      0.00000
      1.37003      0.00000      0.00000      0.00000
      1.38003      0.00000      0.00000      0.00000
      1.39003      0.00000      0.00000      0.00000
      1.40003      0.00000      0.00000      0.00000
      1.41003      0.00000      0.00000      0.00000
      1.42003      0.00000      0.00000      0.00000
      1.43003      0.00000      0.00000      0.00000
      1.44003      0.00000      0.00000      0.00000
      1.45003      0.00000      0.00000      0.00000
      1.46003      0.00000      0.00000      0.00000
      1.47003      0.00000      0.00000      0.00000
      1.48003      0.00000      0.00000      0.00000
      1.49003      0.00000      0.00000      0.00000
      1.50003      0.00000      0.00000      0.00000
      1.51003      0.00000      0.00000      0.00000
      1.52003      0.00000      0.00000      0.00000
      1.53003      0.00000      0.00000      0.00000
      1.54003      0.00000      0.00000      0.00000
      1.55003      0.00000      0.00000      0.00000
      1.56003      0.00000      0.00000      0.00000
      1.57003      0.00000      0.00000      0.00000
      1.58003      0.00000      0.00000      0.00000
      1.59003      0.00000      0.00000      0.00000
      1.60003      0.00000      0.00000      0.00000
      1.61003      0.00000      0.00000      0.00000
      1.62003      0.00000      0.00000      0.00000
      1.63003      0.00000      0.00000      0.00000
      1.64003      0.00000      0.00000      0.00000
      1.65003      0.00000      0.00000      0.00000
      1.66003      0.00000      0.00000      0.00000
      1.67003      0.00000      0.00000      0.00000
      1.68003      0.00000      0.00000      0.00000
      1.69003      0.00000      0.00000      0.00000
      1.70003      0.00000      0.00000      0.00000
      1.71003      0.00000      0.00000      0.00000
      1.72003      0.00000      0.00000      0.00000
      1.73003      0.00000      0.00000      0.00000
      1.74003      0.00000      0.00000      0.00000
      1.75003      0.00000      0.00000      0.00000
      1.76003      0.00000      0.00000      0.00000
      1.77003      0.00000      0.00000      0.00000
      1.78003      0.00000      0.00000      0.00000
      1.79003      0.00000      0.00000      0.00000
      1.80003      0.00000      0.00000      0.00000
      1.81003      0.00000      0.00000      0.00000
      1.82003      0.00000      0.00000      0.00000
      1.83003      0.00000      0.00000      0.00000
      1.84003      0.00000      0.00000      0.00000
      1.85003      0.00000      0.00000      0.00000
      1.86003      0.00000      0.00000      0.00000
      1.87003      0.00000      0.00000      0.00000
      1.88003      0.00000      0.00000      0.00000
      1.89003      0.00000      0.00000      0.00000
      1.90003      0.00000      0.00000      0.00000
      1.91003      0.00000      0.00000      0.00000
      1.92003      0.00000      0.00000      0.00000
      1.93003      0.00000      0.00000      0.00000
      1.94003      0.00000      0.00000      0.00000
      1.95003      0.00000      0.00000      0.00000
      1.96003      0.00000      0.00000      0.00000
      1.97003      0.00000      0.00000      0.00000
      1.98003      0.00000      0.00000      0.00000
      1.99003      0.00000      0.00000      0.00000
      2.00003      0.00000      0.00000      0.00000
      2.01003      0.00000      0.00000      0.00000
      2.02003      0.00000      0.00000      0.00000
      2.03003      0.00000      0.00000      0.00000
      2.04003      0.00000      0.00000      0.00000
      2.05003      0.00000      0.00000      0.00000
      2.06003      0.00000      0.00000      0.00000
      2.07003      0.00000      0.00000      0.00000
      2.08003      0.00000      0.00000      0.00000
      2.09003      0.00000      0.00000      0.00000
      2.10003      0.00000      0.00000      0.00000
      2.11003      0.00000      0.00000      0.00000
      2.12003      0.00000      0.00000      0.00000
      2.13003      0.00000      0.00000      0.00000
      2.14003      0.00000      0.00000      0.00000
      2.15003      0.00000      0.00000      0.00000
      2.16003      0.00000      0.00000      0.00000
      2.17003      0.00000      0.00000      0.00000
      2.18003      0.00000      0.00000      0.00000
      2.19003      0.00000      0.00000      0.00000
      2.20003      0.00000      0.00000      0.00000
      2.21003      0.00000      0.00000      0.00000
      2.22003      0.00000      0.00000      0.00000
      2.23003      0.00000      0.00000      0.00000
      2.24003      0.00000      0.00000      0.00000
      2.25003      0.00000      0.00000      0.00000
      2.26003      0.00000      0.00000      0.00000
      2.27003      0.00000      0.00000      0.00000
      2.28003      0.00000      0.00000      0.00000
      2.29003      0.00000      0.00000      0.00000
      2.30003      0.00000      0.00000      0.00000
      2.31003      0.00000      0.00000      0.00000
      2.32003      0.00000      0.00000      0.00000
      2.33003      0.00000      0.00000      0.00000
      2.34003      0.00000      0.00000      0.00000
      2.35003      0.00000      0.00000      0.00000
      2.36003      0.00000      0.00000      0.00000
      2.37003      0.00000      0.00000      0.00000
      2.38003      0.00000      0.00000      0.00000
      2.39003      0.00000      0.00000      0.00000
      2.40003      0.00000      0.00000      0.00000
      2.41003      0.00000      0.00000      0.00000
      2.42003      0.00000      0.00000      0.00000
      2.43003      0.00000      0.00000      0.00000
      2.44003      0.00000      0.00000      0.00000
      2.45003      0.00000      0.00000      0.00000
      2.46003      0.00000      0.00000      0.00000
      2.47003      0.00000      0.00000      0.00000
      2.48003      0.00000      0.00000      0.00000
      2.49003      0.00000      0.00000      0.00000
      2.50003      0.00000      0.00000      0.00000
      2.51003      0.00000      0.00000      0.00000
      2.52003      0.00000      0.00000      0.00000
      2.53003      0.00000      0.00000      0.00000
      2.54003      0.00000      0.00000      0.00000
      2.55003      0.00000      0.00000      0.00000
      2.56003      0.00000      0.00000      0.00000
      2.57003      0.00000      0.00000      0.00000
      2.58003      0.00000      0.00000      0.00000
      2.59003      0.00000      0.00000      0.00000
      2.60003      0.00000      0.00000      0.00000
      2.61003      0.00000      0.00000      0.00000
      2.62003      0.00000      0.00000      0.00000
      2.63003      0.00000      0.00000      0.00000
      2.64003      0.00000      0.00000      0.00000
      2.65003      0.00000      0.00000      0.00000
      2.66003      0.00000      0.00000      0.00000
      2.67003      0.00000      0.00000      0.00000
      2.68003      0.00000      0.00000      0.00000
      2.69003      0.00000      0.00000      0.00000
      2.70003      0.00000      0.00000      0.00000
      2.71003      0.00000      0.00000      0.00000
      2.72003      0.00000      0.00000      0.00000
      2.73003      0.00000      0.00000      0.00000
      2.74003      0.00000      0.00000      0.00000
      2.75003      0.00000      0.00000      0.00000
      2.76003      0.00000      0.00000      0.00000
      2.77003      0.00000      0.00000      0.00000
      2.78003      0.00000      0.00000      0.00000
      2.79003      0.00000      0.00000      0.00000
      2.80003      0.00000      0.00000      0.00000
      2.81003      0.00000      0.00000      0.00000
      2.82003      0.00000      0.00000      0.00000
      2.83003      0.00000      0.00000      0.00000
      2.84003      0.00000      0.00000      0.00000
      2.85003      0.00000      0.00000      0.00000
      2.86003      0.00000      0.00000      0.00000
      2.87003      0.00000      0.00000      0.00000
      2.88003      0.00000      0.00000      0.00000
      2.89003      0.00000      0.00000      0.00000
      2.90003      0.00000      0.00000      0.00000
      2.91003      0.00000      0.00000      0.00000
      2.92003      0.00000      0.00000      0.00000
      2.93003      0.00000      0.00000      0.00000
      2.94003      0.00000      0.00000      0.00000
      2.95003      0.00000      0.00000      0.00000
      2.96003      0.00000      0.00000      0.00000
      2.97003      0.00000      0.00000      0.00000
      2.98003      0.00000      0.00000      0.00000
      2.99003      0.00000      0.00000      0.00000
      3.00003      0.00000      0.00000      0.00000
      3.01003      0.00000      0.00000      0.00000
      3.02003      0.00000      0.00000      0.00000
      3.03003      0.00000      0.00000      0.00000
      3.04003      0.00000      0.00000      0.00000
      3.05003      0.00000      0.00000      0.00000
      3.06003      0.00000      0.00000      0.00000
      3.07003      0.00000      0.00000      0.00000
      3.08003      0.00000      0.00000      0.00000
      3.09003      0.00000      0.00000      0.00000
      3.10003      0.00000      0.00000      0.00000
      3.11003      0.00000      0.00000      0.00000
      3.12003      0.00000      0.00000      0.00000
      3.13003      0.00000      0.00000      0.00000
      3.14003      0.00000      0.00000      0.00000
      3.15003      0.00000      0.00000      0.00000
      3.16003      0.00000      0.00000      0.00000
      3.17003      0.00000      0.00000      0.00000
      3.18003      0.00000      0.00000      0.00000
      3.19003      0.00000      0.00000      0.00000
      3.20003      0.00000      0.00000      0.00000
      3.21003      0.00000      0.00000      0.00000
      3.22003      0.00000      0.00000      0.00000
      3.23003      0.00000      0.00000      0.00000
      3.24003      0.00000      0.00000      0.00000
      3.25003      0.00000      0.00000      0.00000
      3.26003      0.00000      0.00000      0.00000
      3.27003      0.00000      0.00000      0.00000
      3.28003      0.00000      0.00000      0.00000
      3.29003      0.00000      0.00000      0.00000
      3.30003      0.00000      0.00000      0.00000
      3.31003      0.00000      0.00000      0.00000
      3.32003      0.00000      0.00000      0.00000
      3.33003      0.00000      0.00000      0.00000
      3.34003      0.00000      0.00000      0.00000
      3.35003      0.00000      0.00000      0.00000
      3.36003      0.00000      0.00000      0.00000
      3.37003      0.00000      0.00000      0.00000
      3.38003      0.00000      0.00000      0.00000
      3.39003      0.00000      0.00000      0.00000
      3.40003      0.00000      0.00000      0.00000
      3.41003      0.00000      0.00000      0.00000
      3.42003      0.00000      0.00000      0.00000
      3.43003      0.00000      0.00000      0.00000
      3.44003      0.00000      0.00000      0.00000
      3.45003      0.00000      0.00000      0.00000
      3.46003      0.00000      0.00000      0.00000
      3.47003      0.00000      0.00000      0.00000
      3.48003      0.00000      0.00000      0.00000
      3.49003      0.00000      0.00000      0.00000
      3.50003      0.00000      0.00000      0.00000
      3.51003      0.00000      0.00000      0.00000
      3.52003      0.00000      0.00000      0.00000
      3.53003      0.00000      0.00000      0.00000
      3.54003      0.00000      0.00000      0.00000
      3.55003      0.00000      0.00000      0.00000
      3.56003      0.00000      0.00000      0.00000
      3.57003      0.00000      0.00000      0.00000
      3.58003      0.00000      0.00000      0.00000
      3.59003      0.00000      0.00000      0.00000
      3.60003      0.00000      0.00000      0.00000
      3.61003      0.00000      0.00000      0.00000
      3.62003      0.00000      0.00000      0.00000
      3.63003      0.00000      0.00000      0.00000
      3.64003      0.00000      0.00000      0.00000
      3.65003      0.00000      0.00000      0.00000
      3.66003      0.00000      0.00000      0.00000
      3.67003      0.00000      0.00000      0.00000
      3.68003      0.00000      0.00000      0.00000
      3.69003      0.00000      0.00000      0.00000
      3.70003      0.00000      0.00000      0.00000
      3.71003      0.00000      0.00000      0.00000
      3.72003      0.00000      0.00000      0.00000
      3.73003      0.00000      0.00000      0.00000
      3.74003      0.00000      0.00000      0.00000
      3.75003      0.00000      0.00000      0.00000
      3.76003      0.00000      0.00000      0.00000
      3.77003      0.00000      0.00000      0.00000
      3.78003      0.00000      0.00000      0.00000
      3.79003      0.00000      0.00000      0.00000
      3.80003      0.00000      0.00000      0.00000
      3.81003      0.00000      0.00000      0.00000
      3.82003      0.00000      0.00000      0.00000
      3.83003      0.00000      0.00000      0.00000
      3.84003      0.00000      0.00000      0.00000
      3.85003      0.00000      0.00000      0.00000
      3.86003      0.00000      0.00000      0.00000
      3.87003      0.00000      0.00000      0.00000
      3.88003      0.00000      0.00000      0.00000
      3.89003      0.00000      0.00000      0.00000
      3.90003      0.00000      0.00000      0.00000
      3.91003      0.00000      0.00000      0.00000
      3.92003      0.00000      0.00000      0.00000
      3.93003      0.00000      0.00000      0.00000
      3.94003      0.00000      0.00000      0.00000
      3.95003      0.00000      0.00000      0.00000
      3.96003      0.00000      0.00000      0.00000
      3.97003      0.00000      0.00000      0.00000
      3.98003      0.00000      0.00000      0.00000
      3.99003      0.00000      0.00000      0.00000
      4.00003      0.00000      0.00000      0.00000
      4.01003      0.00000      0.00000      0.00000
      4.02003      0.00000      0.00000      0.00000
      4.03003      0.00000      0.00000      0.00000
      4.04003      0.00000      0.00000      0.00000
      4.05003      0.00000      0.00000      0.00000
      4.06003      0.00000      0.00000      0.00000
      4.07003      0.00000      0.00000      0.00000
      4.08003      0.00000      0.00000      0.00000
      4.09003      0.00000      0.00000      0.00000
      4.10003      0.00000      0.00000      0.00000
      4.11003      0.00000      0.00000      0.00000
      4.12003      0.00000      0.00000      0.00000
      4.13003      0.00000      0.00000      0.00000
      4.14003      0.00000      0.00000      0.00000
      4.15003      0.00000      0.00000      0.00000
      4.16003      0.00000      0.00000      0.00000
      4.17003      0.00000      0.00000      0.00000
      4.18003      0.00000      0.00000      0.00000
      4.19003      0.00000      0.00000      0.00000
      4.20003      0.00000      0.00000      0.00000
      4.21003      0.00000      0.00000      0.00000
      4.22003      0.00000      0.00000      0.00000
      4.23003      0.00000      0.00000      0.00000
      4.24003      0.00000      0.00000      0.00000
      4.25003      0.00000      0.00000      0.00000
      4.26003      0.00000      0.00000      0.00000
      4.27003      0.00000      0.00000      0.00000
      4.28003      0.00000      0.00000      0.00000
      4.29003      0.00000      0.00000      0.00000
      4.30003      0.00000      0.00000      0.00000
      4.31003      0.00000      0.00000      0.00000
      4.32003      0.00000      0.00000      0.00000
      4.33003      0.00000      0.00000      0.00000
      4.34003      0.00000      0.00000      0.00000
      4.35003      0.00000      0.00000      0.00000
      4.36003      0.00000      0.00000      0.00000
      4.37003      0.00000      0.00000      0.00000
      4.38003      0.00000      0.00000      0.00000
      4.39003      0.00000      0.00000      0.00000
      4.40003      0.00000      0.00000      0.00000
      4.41003      0.00000      0.00000      0.00000
      4.42003      0.00000      0.00000      0.00000
      4.43003      0.00000      0.00000      0.00000
      4.44003      0.00000      0.00000      0.00000
      4.45003      0.00000      0.00000      0.00000
      4.46003      0.00000      0.00000      0.00000
      4.47003      0.00000      0.00000      0.00000
      4.48003      0.00000      0.00000      0.00000
      4.49003      0.00000      0.00000      0.00000
      4.50003      0.00000      0.00000      0.00000
      4.51003      0.00000      0.00000      0.00000
      4.52003      0.00000      0.00000      0.00000
      4.53003      0.00000      0.00000      0.00000
      4.54003      0.00000      0.00000      0.00000
      4.55003      0.00000      0.00000      0.00000
      4.56003      0.00000      0.00000      0.00000
      4.57003      0.00000      0.00000      0.00000
      4.58003      0.00000      0.00000      0.00000
      4.59003      0.00000      0.00000      0.00000
      4.60003      0.00000      0.00000      0.00000
      4.61003      0.00000      0.00000      0.00000
      4.62003      0.00000      0.00000      0.00000
      4.63003      0.00000      0.00000      0.00000
      4.64003      0.00000      0.00000      0.00000
      4.65003      0.00000      0.00000      0.00000
      4.66003      0.00000      0.00000      0.00000
      4.67003      0.00000      0.00000      0.00000
      4.68003      0.00000      0.00000      0.00000
      4.69003      0.00000      0.00000      0.00000
      4.70003      0.00000      0.00000      0.00000
      4.71003      0.00000      0.00000      0.00000
      4.72003      0.00000      0.00000      0.00000
      4.73003      0.00000      0.00000      0.00000
      4.74003      0.00000      0.00000      0.00000
      4.75003      0.00000      0.00000      0.00000
      4.76003      0.00000      0.00000      0.00000
      4.77003      0.00000      0.00000      0.00000
      4.78003      0.00000      0.00000      0.00000
      4.79003      0.00000      0.00000      0.00000
      4.80003      0.00000      0.00000      0.00000
      4.81003      0.00000      0.00000      0.00000
      4.82003      0.00000      0.00000      0.00000
      4.83003      0.00000      0.00000      0.00000
      4.84003      0.00000      0.00000      0.00000
      4.85003      0.00000      0.00000      0.00000
      4.86003      0.00000      0.00000      0.00000
      4.87003      0.00000      0.00000      0.00000
      4.88003      0.00000      0.00000      0.00000
      4.89003      0.00000      0.00000      0.00000
      4.90003      0.00000      0.00000      0.00000
      4.91003      0.00000      0.00000      0.00000
      4.92003      0.00000      0.00000      0.00000
      4.93003      0.02001      0.00096      0.01905
      4.94003      0.71225      0.03429      0.67796
      4.95003      9.32510      0.44889      8.87621
      4.96003     44.91388      2.16206     42.75183
      4.97003     79.58170      3.83089     75.75081
      4.98003     51.87419      2.49711     49.37708
      4.99003     12.43927      0.59880     11.84047
      5.00003      1.09735      0.05282      1.04452
      5.01003      0.03561      0.00171      0.03390
      5.02003      0.00043      0.00002      0.00040
      5.03003      0.00000      0.00000      0.00000
      5.04003      0.00373      0.00345      0.00028
      5.05003      0.20089      0.18572      0.01517
      5.06003      4.03378      3.72862      0.30516
      5.07003     31.34354     28.96305      2.38049
      5.08003     99.97732     92.32464      7.65268
      5.09003    141.67867    130.70872     10.96994
      5.10003     92.70890     85.45035      7.25855
      5.11003     26.75959     24.64941      2.11018
      5.12003      3.14831      2.89918      0.24913
      5.13003      0.14277      0.13145      0.01131
      5.14003      0.00241      0.00222      0.00019
      5.15003      0.00000      0.00000      0.00000
      5.16003      0.00000      0.00000      0.00000
      5.17003      0.00000      0.00000      0.00000
      5.18003      0.00000      0.00000      0.00000
      5.19003      0.00000      0.00000      0.00000
      5.20003      0.00000      0.00000      0.00000
      5.21003      0.00000      0.00000      0.00000
      5.22003      0.00000      0.00000      0.00000
      5.23003      0.01972      0.00257      0.01715
      5.24003      0.70437      0.09166      0.61271
      5.25003      9.25540      1.20446      8.05094
      5.26003     44.73973      5.82224     38.91749
      5.27003     79.56044     10.35367     69.20677
      5.28003     52.04830      6.77335     45.27495
      5.29003     12.52693      1.63072     10.89621
      5.30003      1.16000      0.19046      0.96954
      5.31003      1.46830      1.30097      0.16732
      5.32003     14.80536     13.40013      1.40523
      5.33003     56.45183     51.09358      5.35826
      5.34003     82.31006     74.39647      7.91360
      5.35003     69.03411     60.10054      8.93356
      5.36003    100.54709     71.45225     29.09484
      5.37003    138.25145     66.78104     71.47041
      5.38003     99.37874     26.13633     73.24241
      5.39003     32.97006      4.20275     28.76731
      5.40003      4.52354      0.30635      4.21719
      5.41003      0.23943      0.01086      0.22857
      5.42003      0.00472      0.00016      0.00456
      5.43003      0.00000      0.00000      0.00000
      5.44003      0.00000      0.00000      0.00000
      5.45003      0.00000      0.00000      0.00000
      5.46003      0.00039      0.00036      0.00003
      5.47003      0.03326      0.03050      0.00275
      5.48003      1.04274      0.95640      0.08635
      5.49003     12.02754     11.03158      0.99596
      5.50003     51.03656     46.81039      4.22617
      5.51003     79.66937     73.07221      6.59715
      5.52003     45.75166     41.96312      3.78854
      5.53003      9.66955      8.86883      0.80073
      5.54003      0.95790      0.87727      0.08062
      5.55003      3.97597      3.62179      0.35418
      5.56003     27.83208     25.35186      2.48022
      5.57003     72.06196     65.64024      6.42172
      5.58003     68.63916     62.52246      6.11670
      5.59003     24.05157     21.90824      2.14333
      5.60003      3.10042      2.82413      0.27629
      5.61003      0.14703      0.13393      0.01310
      5.62003      0.00257      0.00234      0.00023
      5.63003      0.01949      0.01789      0.00161
      5.64003      0.69823      0.64069      0.05754
      5.65003      9.20080      8.44257      0.75823
      5.66003     44.60268     40.92702      3.67565
      5.67003     79.54297     72.98793      6.55504
      5.68003     52.18531     47.88478      4.30053
      5.69003     12.59583     11.55726      1.03857
      5.70003      1.17560      1.03707      0.13853
      5.71003      1.59789      0.33128      1.26661
      5.72003     15.65077      2.98504     12.66573
      5.73003     57.70953     11.00564     46.70390
      5.74003     78.28474     14.92948     63.35526
      5.75003     39.06720      7.45040     31.61679
      5.76003      7.17221      1.36779      5.80441
      5.77003      0.48439      0.09238      0.39202
      5.78003      0.01204      0.00230      0.00974
      5.79003      0.00000      0.00000      0.00000
      5.80003      0.00594      0.00544      0.00050
      5.81003      0.28196      0.25817      0.02379
      5.82003      4.92425      4.50874      0.41552
      5.83003     31.63755     28.96793      2.66962
      5.84003     74.77748     68.46766      6.30983
      5.85003     65.01962     59.53317      5.48645
      5.86003     20.79809     19.04312      1.75497
      5.87003      2.44742      2.24090      0.20652
      5.88003      0.11085      0.10149      0.00937
      5.89003      0.24487      0.22353      0.02133
      5.90003      4.43692      4.05029      0.38663
      5.91003     29.78134     27.18623      2.59511
      5.92003     73.53804     67.13002      6.40801
      5.93003     66.80138     60.98039      5.82099
      5.94003     22.32360     20.37835      1.94525
      5.95003      2.74441      2.50526      0.23914
      5.96003      0.12412      0.11330      0.01082
      5.97003      0.00207      0.00189      0.00018
      5.98003      0.00000      0.00000      0.00000
      5.99003      0.00000      0.00000      0.00000
      6.00003      0.00000      0.00000      0.00000
      6.01003      0.00000      0.00000      0.00000
      6.02003      0.00000      0.00000      0.00000
      6.03003      0.00000      0.00000      0.00000
      6.04003      0.00000      0.00000      0.00000
      6.05003      0.00000      0.00000      0.00000
      6.06003      0.00038      0.00003      0.00036
      6.07003      0.03271      0.00227      0.03044
      6.08003      1.02989      0.07141      0.95848
      6.09003     11.92941      0.82720     11.10220
      6.10003     50.83354      3.52488     47.30865
      6.11003     79.68741      5.52602     74.16139
      6.12003     45.99022      3.21907     42.77116
      6.13003     10.84467      1.67780      9.16687
      6.14003     13.18467     11.41583      1.76884
      6.15003     51.86490     47.41839      4.44651
      6.16003     79.58539     72.79067      6.79472
      6.17003     44.94503     41.10778      3.83725
      6.18003      9.33761      8.54039      0.79721
      6.19003      0.71367      0.65274      0.06093
      6.20003      0.02007      0.01835      0.00171
      6.21003      0.00323      0.00294      0.00029
      6.22003      0.17605      0.16031      0.01574
      6.23003      3.52738      3.21204      0.31534
      6.24003     25.99966     23.67537      2.32429
      6.25003     70.49992     64.19745      6.30247
      6.26003     70.34352     64.04049      6.30304
      6.27003     26.45496     23.55595      2.89901
      6.28003     12.22614      3.92186      8.30428
      6.29003     43.60142      3.87973     39.72169
      6.30003     79.36979      6.80525     72.56454
      6.31003     53.35900      4.57330     48.78570
      6.32003     13.19723      1.13111     12.06612
      6.33003      1.20078      0.10292      1.09786
      6.34003      0.04019      0.00344      0.03675
      6.35003      0.00049      0.00004      0.00045
      6.36003      0.02471      0.00144      0.02327
      6.37003      0.83464      0.04856      0.78609
      6.38003     10.37321      0.60346      9.76975
      6.39003     47.42754      2.75909     44.66844
      6.40003     79.77254      4.64076     75.13178
      6.41003     49.36075      2.87156     46.48919
      6.42003     11.23610      0.65366     10.58244
      6.43003      0.94093      0.05474      0.88619
      6.44003      0.03807      0.01018      0.02789
      6.45003      0.39112      0.36538      0.02574
      6.46003      6.18417      5.78178      0.40240
      6.47003     36.00217     33.65956      2.34261
      6.48003     77.10478     72.08767      5.01711
      6.49003     60.74903     56.79617      3.95286
      6.50003     17.60771     16.46200      1.14571
      6.51003      1.89209      1.77005      0.12216
      6.52003      0.63540      0.63547      0.00479
      6.53003      7.93907      8.00770      0.00007
      6.54003     41.26515     41.62225      0.00000
      6.55003     78.91522     79.59813      0.00000
      6.56003     55.51925     55.99970      0.00000
      6.57003     14.36918     14.49353      0.00000
      6.58003      1.36813      1.37996      0.00000
      6.59003      0.05510      0.05488      0.00064
      6.60003      0.32697      0.29785      0.02912
      6.61003      5.45531      4.96846      0.48684
      6.62003     33.54745     30.55360      2.99385
      6.63003     75.92241     69.13651      6.78590
      6.64003     64.27097     58.12851      6.14246
      6.65003     35.07019     26.09781      8.97238
      6.66003     84.30063     45.90686     38.39377
      6.67003    157.81044     83.72477     74.08567
      6.68003    111.44649     58.59866     52.84783
      6.69003     28.97234     15.10242     13.86991
      6.70003      2.77112      1.43196      1.33915
      6.71003      0.09752      0.04995      0.04757
      6.72003      0.00126      0.00064      0.00062
      6.73003      0.00000      0.00000      0.00000
      6.74003      0.00000      0.00000      0.00000
      6.75003      0.00000      0.00000      0.00000
      6.76003      0.00000      0.00000      0.00000
      6.77003      0.00000      0.00000      0.00000
      6.78003      0.00000      0.00000      0.00000
      6.79003      0.00000      0.00000      0.00000
      6.80003      0.00000      0.00000      0.00000
      6.81003      0.00000      0.00000      0.00000
      6.82003      0.00000      0.00000      0.00000
      6.83003      0.00063      0.00005      0.00057
      6.84003      0.04839      0.00394      0.04445
      6.85003      1.37812      0.11233      1.26579
      6.86003     14.43723      1.17677     13.26047
      6.87003     55.63994      4.53517     51.10477
      6.88003     78.88507      6.42986     72.45521
      6.89003     41.14419      3.35363     37.79056
      6.90003      7.89456      0.64348      7.25108
      6.91003      0.55725      0.04542      0.51183
      6.92003      0.01447      0.00118      0.01329
      6.93003      0.00063      0.00010      0.00053
      6.94003      0.05425      0.01298      0.04127
      6.95003      1.64883      0.47066      1.17818
      6.96003     19.16139      6.74205     12.41933
      6.97003     86.38016     37.92179     48.45837
      6.98003    152.96468     82.69256     70.27212
      6.99003    107.02464     68.90872     38.11592
      7.00003     29.57871     21.76169      7.81702
      7.01003      5.55672      4.68472      0.87200
      7.02003     20.66264     18.41066      2.25198
      7.03003     64.69535     57.65832      7.03703
      7.04003     74.98622     66.82945      8.15678
      7.05003     32.00389     28.49825      3.50564
      7.06003      5.96565      4.52489      1.44076
      7.07003     11.59680      0.90950     10.68729
      7.08003     49.52144      2.85860     46.66284
      7.09003     79.76704      4.59626     75.17078
      7.10003     47.27299      2.72392     44.54907
      7.11003     10.30643      0.59387      9.71256
      7.12003      0.82663      0.04763      0.77899
      7.13003      0.02439      0.00141      0.02298
      7.14003      0.00000      0.00000      0.00000
      7.15003      0.00000      0.00000      0.00000
      7.16003      0.01953      0.01849      0.00104
      7.17003      0.70478      0.66722      0.03756
      7.18003      9.47750      8.96703      0.51047
      7.19003     49.37445     46.62187      2.75258
      7.20003    110.52972    103.80219      6.72753
      7.21003    126.52184    117.74006      8.78179
      7.22003     78.23392     72.25708      5.97684
      7.23003     22.43955     20.65596      1.78359
      7.24003      2.58421      2.37625      0.20796
      7.25003      0.11243      0.10335      0.00908
      7.26003      0.00181      0.00166      0.00015
      7.27003      0.00000      0.00000      0.00000
      7.28003      0.00000      0.00000      0.00000
      7.29003      0.00000      0.00000      0.00000
      7.30003      0.00936      0.00523      0.00413
      7.31003      0.39974      0.22351      0.17624
      7.32003      6.28207      3.51247      2.76961
      7.33003     36.31861     20.30665     16.01195
      7.34003     77.24333     43.18871     34.05462
      7.35003     60.43636     33.79150     26.64486
      7.36003     17.39740      9.72757      7.66984
      7.37003      1.96266      1.10885      0.85381
      7.38003      3.21081      1.94089      1.26992
      7.39003     30.64382     16.86134     13.78248
      7.40003    112.49160     55.12842     57.36318
      7.41003    155.51967     66.48329     89.03638
      7.42003     80.99983     29.59834     51.40149
      7.43003     15.88799      4.87148     11.01652
      7.44003      1.46462      0.36441      1.10021
      7.45003      5.10759      1.17635      3.93124
      7.46003     32.19310      7.41910     24.77400
      7.47003     75.19449     17.31836     57.87613
      7.48003     66.41802     15.02821     51.38982
      7.49003     38.31363      6.24615     32.06748
      7.50003     63.61186      5.84469     57.76717
      7.51003     76.97715      6.67521     70.30195
      7.52003     35.50161      3.07297     32.42864
      7.53003      6.13272      0.58571      5.54702
      7.54003      2.76651      1.52269      1.24383
      7.55003     20.50022     12.77828      7.72194
      7.56003     64.64241     40.30784     24.33458
      7.57003     75.01802     46.77756     28.24046
      7.58003     32.02721     19.97060     12.05661
      7.59003      5.03012      3.13654      1.89358
      7.60003      0.29107      0.18162      0.10944
      7.61003      0.04237      0.03730      0.00507
      7.62003      1.11058      1.02636      0.08422
      7.63003     12.53781     11.58703      0.95077
      7.64003     52.07134     48.12264      3.94870
      7.65003     79.55755     73.52450      6.03305
      7.66003     44.71668     41.32570      3.39098
      7.67003      9.24620      8.54504      0.70116
      7.68003      0.70334      0.65000      0.05334
      7.69003      0.02007      0.01854      0.00153
      7.70003      0.03332      0.03029      0.00303
      7.71003      1.04427      0.94931      0.09496
      7.72003     12.03915     10.94442      1.09473
      7.73003     51.06049     46.41750      4.64299
      7.74003     79.66720     72.42297      7.24423
      7.75003     45.72772     41.56965      4.15807
      7.76003      9.65573      8.77772      0.87801
      7.77003      0.75006      0.68186      0.06820
      7.78003      0.02143      0.01949      0.00195
      7.79003      0.00000      0.00000      0.00000
      7.80003      0.00000      0.00000      0.00000
      7.81003      0.00000      0.00000      0.00000
      7.82003      0.02669      0.03021      0.00000
      7.83003      0.88460      1.00097      0.00000
      7.84003     10.78385     12.20245      0.00000
      7.85003     48.36199     54.72394      0.00000
      7.86003     79.78844     90.28449      0.00000
      7.87003     48.42935     54.80007      0.00000
      7.88003     10.98077     12.41997      0.00000
      7.89003      4.30257      4.76094      0.00000
      7.90003     25.52320     28.07709      0.00000
      7.91003     70.03990     77.04589      0.00000
      7.92003     70.78068     77.86075      0.00000
      7.93003     26.31427     28.94644      0.00000
      7.94003      3.59893      3.95892      0.00000
      7.95003      0.18108      0.19919      0.00000
      7.96003      0.00335      0.00369      0.00000
      7.97003      0.00000      0.00000      0.00000
      7.98003      0.00000      0.00000      0.00000
      7.99003      0.00164      0.00152      0.00012
      8.00003      0.10380      0.09615      0.00765
      8.01003      2.41951      2.23893      0.18058
      8.02003     20.96692     19.32341      1.64351
      8.03003     70.62537     63.83069      6.79467
      8.04003    109.79337     92.21722     17.57614
      8.05003    108.45410     79.63315     28.82095
      8.06003     66.85921     45.10389     21.75532
      8.07003     18.67694     12.29869      6.37825
      8.08003      2.02308      1.32830      0.69557
      8.09003      0.37110      0.38011      0.02796
      8.10003      5.02624      5.66597      0.00041
      8.11003     32.00864     36.08621      0.00000
      8.12003     75.00671     84.56179      0.00000
      8.13003     64.66041     72.89748      0.00000
      8.14003     20.50606     23.11832      0.00000
      8.15003      2.39239      2.69715      0.00000
      8.16003      0.10268      0.11576      0.00000
      8.17003      0.00162      0.00183      0.00000
      8.18003      0.00000      0.00000      0.00000
      8.19003      0.00000      0.00000      0.00000
      8.20003      0.00000      0.00000      0.00000
      8.21003      0.00200      0.00202      0.00000
      8.22003      0.12101      0.12234      0.00000
      8.23003      2.69464      2.72412      0.00000
      8.24003     22.07362     22.31514      0.00000
      8.25003     66.51998     67.24783      0.00000
      8.26003     73.74563     74.55254      0.00000
      8.27003     30.07640     30.40549      0.00000
      8.28003      4.53954      4.56477      0.02414
      8.29003      1.17110      0.36134      0.81249
      8.30003     12.01434      1.77454     10.23985
      8.31003     61.97872     12.59169     49.38704
      8.32003    134.15915     39.19629     94.96297
      8.33003    128.16929     51.04129     77.13283
      8.34003     60.12764     32.56355     27.63712
      8.35003     47.32121     43.40680      4.32089
      8.36003     78.67917     79.20852      0.30296
      8.37003     61.21593     61.28947      0.55343
      8.38003     37.32681     32.86849      4.63207
      8.39003     68.01956     53.04316     14.99411
      8.40003     86.88434     62.79721     24.08780
      8.41003     82.79339     43.39477     39.39863
      8.42003     84.49951     33.08085     51.41866
      8.43003     46.35971     17.36950     28.99022
      8.44003     19.01652      9.69155      9.32497
      8.45003     46.10976     29.82404     16.28576
      8.46003     80.04629     52.19206     27.85650
      8.47003     58.74391     39.05275     19.72980
      8.48003     63.81184     43.55865     20.49492
      8.49003    138.98238     85.25335     54.28537
      8.50003    140.21369     74.81179     65.87292
      8.51003     54.18809     24.73648     29.59844
      8.52003      8.17374      3.30328      4.89340
      8.53003      4.65013      4.46758      0.29762
      8.54003     28.88562     29.66351      0.00666
      8.55003     72.87573     74.85566      0.00000
      8.56003     67.65938     69.49759      0.00000
      8.57003     23.10887     23.73670      0.00000
      8.58003      2.90359      2.98247      0.00000
      8.59003      0.13421      0.13786      0.00000
      8.60003      0.00228      0.00234      0.00000
      8.61003      0.00000      0.00000      0.00000
      8.62003      0.00000      0.00000      0.00000
      8.63003      0.00000      0.00000      0.00000
      8.64003      0.00000      0.00000      0.00000
      8.65003      0.00000      0.00000      0.00000
      8.66003      0.00000      0.00000      0.00000
      8.67003      0.00000      0.00000      0.00000
      8.68003      0.00045      0.00019      0.00026
      8.69003      0.03743      0.01585      0.02158
      8.70003      1.13891      0.48225      0.65666
      8.71003     12.74721      5.39758      7.34963
      8.72003     52.48615     22.22435     30.26181
      8.73003     79.50234     33.66388     45.83846
      8.74003     44.30172     18.75879     25.54293
      8.75003      9.08169      3.84548      5.23621
      8.76003      0.68489      0.29000      0.39488
      8.77003      0.02019      0.00906      0.01112
      8.78003      0.08037      0.06891      0.01145
      8.79003      2.00134      1.71609      0.28525
      8.80003     18.33473     15.72152      2.61320
      8.81003     61.79232     52.98521      8.80711
      8.82003     76.61258     65.69318     10.91940
      8.83003     34.94388     29.96342      4.98046
      8.84003      5.86338      5.02768      0.83569
      8.85003      0.36193      0.31035      0.05159
      8.86003      0.00822      0.00705      0.00117
      8.87003      0.00293      0.00307      0.00000
      8.88003      0.16301      0.17108      0.00000
      8.89003      3.33855      3.50378      0.00000
      8.90003     25.15353     26.39839      0.00000
      8.91003     69.72160     73.17123      0.00075
      8.92003     71.27814     74.75649      0.03982
      8.93003     30.39081     30.92989      0.78062
      8.94003     30.54084     25.09394      5.62901
      8.95003     71.44291     56.51973     14.93242
      8.96003     69.54208     54.96975     14.57250
      8.97003     24.96521     19.73350      5.23171
      8.98003      3.29724      2.60627      0.69097
      8.99003      0.16020      0.12663      0.03357
      9.00003      0.00286      0.00226      0.00060
      9.01003      0.00000      0.00000      0.00000
      9.02003      0.00000      0.00000      0.00000
      9.03003      0.00000      0.00000      0.00000
      9.04003      0.00000      0.00000      0.00000
      9.05003      0.00556      0.00537      0.00020
      9.06003      0.26873      0.25890      0.00983
      9.07003      4.80660      4.60829      0.19831
      9.08003     32.50722     30.55322      1.95400
      9.09003     89.71569     78.33539     11.38030
      9.10003    122.85625     87.87121     34.98504
      9.11003     99.75930     54.20526     45.55403
      9.12003     42.11167     19.42325     22.68842
      9.13003      7.45329      3.25608      4.19720
      9.14003      0.50654      0.22045      0.28630
      9.15003      0.20401      0.20810      0.00719
      9.16003      3.74433      3.96507      0.00000
      9.17003     26.94391     28.53233      0.00000
      9.18003     71.32673     75.53166      0.00000
      9.19003     69.46236     73.55738      0.00000
      9.20003     24.88584     26.35294      0.00000
      9.21003      3.27990      3.47326      0.00000
      9.22003      0.15903      0.16840      0.00000
      9.23003      0.00284      0.00300      0.00000
      9.24003      0.00000      0.00000      0.00000
      9.25003      0.00000      0.00000      0.00000
      9.26003      0.00000      0.00000      0.00000
      9.27003      0.00000      0.00000      0.00000
      9.28003      0.00000      0.00000      0.00000
      9.29003      0.00000      0.00000      0.00000
      9.30003      0.00000      0.00000      0.00000
      9.31003      0.00000      0.00000      0.00000
      9.32003      0.00000      0.00000      0.00000
      9.33003      0.00000      0.00000      0.00000
      9.34003      0.00000      0.00000      0.00000
      9.35003      0.00000      0.00000      0.00000
      9.36003      0.00000      0.00000      0.00000
      9.37003      0.00000      0.00000      0.00000
      9.38003      0.00186      0.00173      0.00013
      9.39003      0.11449      0.10635      0.00814
      9.40003      2.58882      2.40480      0.18403
      9.41003     21.55624     20.02259      1.53365
      9.42003     66.65165     61.86734      4.78431
      9.43003     83.87472     77.31493      6.55979
      9.44003     77.01698     68.67693      8.34005
      9.45003     91.88306     79.81354     12.06952
      9.46003     91.39230     78.41617     12.97613
      9.47003     90.62987     76.91295     13.71692
      9.48003     57.70840     48.83201      8.87639
      9.49003     15.06131     12.73954      2.32177
      9.50003      1.46656      1.24042      0.22614
      9.51003      0.05262      0.04451      0.00811
      9.52003      0.00069      0.00059      0.00011
      9.53003      0.00000      0.00000      0.00000
      9.54003      0.00000      0.00000      0.00000
      9.55003      0.00000      0.00000      0.00000
      9.56003      0.00000      0.00000      0.00000
      9.57003      0.00000      0.00000      0.00000
      9.58003      0.00000      0.00000      0.00000
      9.59003      0.00000      0.00000      0.00000
      9.60003      0.00000      0.00000      0.00000
      9.61003      0.00000      0.00000      0.00000
      9.62003      0.00000      0.00000      0.00000
      9.63003      0.00000      0.00000      0.00000
      9.64003      0.00000      0.00000      0.00000
      9.65003      0.00000      0.00000      0.00000
      9.66003      0.00000      0.00000      0.00000
      9.67003      0.00000      0.00000      0.00000
      9.68003      0.00000      0.00000      0.00000
      9.69003      0.00000      0.00000      0.00000
      9.70003      0.00000      0.00000      0.00000
      9.71003      0.00000      0.00000      0.00000
      9.72003      0.00000      0.00000      0.00000
      9.73003      0.00000      0.00000      0.00000
      9.74003      0.00000      0.00000      0.00000
      9.75003      0.00000      0.00000      0.00000
      9.76003      0.00000      0.00000      0.00000
      9.77003      0.00069      0.00032      0.00037
      9.78003      0.05225      0.02437      0.02789
      9.79003      1.45856      0.68015      0.77841
      9.80003     14.97762      6.98432      7.99330
      9.81003     56.58065     26.38451     30.19614
      9.82003     78.63187     36.66737     41.96451
      9.83003     40.20429     18.74919     21.45510
      9.84003      7.74727      3.67981      4.06746
      9.85003      4.19604      3.28003      0.91601
      9.86003     26.64946     22.02409      4.62537
      9.87003     71.06244     58.74140     12.32103
      9.88003     69.74521     57.65256     12.09265
      9.89003     25.18223     20.81605      4.36618
      9.90003      3.34487      2.76493      0.57994
      9.91003      0.16344      0.13511      0.02834
      9.92003      0.02571      0.02696      0.00051
      9.93003      0.81091      0.86927      0.00222
      9.94003     10.81968     11.51372      0.07417
      9.95003     57.06140     59.73394      0.91152
      9.96003    127.69592    129.72639      4.12095
      9.97003    130.12326    127.15342      6.85385
