Energy-E_F (eV)    DOS (1/eV)    PDOS (1/eV)  of atom type H  C  
     -6.84015    201.92537      9.99219    191.93318
     -6.83015    293.51861     22.64615    270.87246
     -6.82015    228.76761     22.29311    206.47450
     -6.81015    124.71239      9.60188    115.11052
     -6.80015     89.78575      2.87098     86.91478
     -6.79015     62.87045      1.29954     61.57091
     -6.78015     88.69948      1.65572     87.04376
     -6.77015    138.39119      2.83433    135.55686
     -6.76015    163.73754      7.86646    155.87108
     -6.75015    236.87763     24.23340    212.64423
     -6.74015    300.90418     38.37800    262.52617
     -6.73015    214.62380     27.74358    186.88022
     -6.72015    121.44959      9.76668    111.68290
     -6.71015     96.72826      4.32352     92.40475
     -6.70015    123.01182     10.04195    112.96987
     -6.69015    216.06139     18.27325    197.78813
     -6.68015    197.85341     13.61038    184.24303
     -6.67015     97.67288      6.80891     90.86397
     -6.66015    135.08339     15.36184    119.72156
     -6.65015    237.27695     27.62345    209.65350
     -6.64015    170.09153     18.89146    151.20007
     -6.63015     76.69757      5.29318     71.40440
     -6.62015    121.97734      2.39142    119.58592
     -6.61015    160.53970      3.67255    156.86715
     -6.60015    118.53468      9.45452    109.08015
     -6.59015    150.00116     22.68295    127.31821
     -6.58015    223.79885     30.42564    193.37321
     -6.57015    212.85156     26.09268    186.75887
     -6.56015    142.18786     15.33370    126.85416
     -6.55015    116.81687      6.31098    110.50589
     -6.54015    153.31799      3.21830    150.09969
     -6.53015    131.15282      3.71406    127.43876
     -6.52015    114.53410     13.72336    100.81074
     -6.51015    209.91238     33.65637    176.25602
     -6.50015    222.16049     32.43436    189.72613
     -6.49015    129.64211     15.59317    114.04894
     -6.48015    112.81944     10.27624    102.54320
     -6.47015    142.83558      7.45110    135.38448
     -6.46015    173.99915      5.74614    168.25302
     -6.45015    172.40551     13.84563    158.55989
     -6.44015    193.32523     29.16857    164.15666
     -6.43015    191.11743     26.62911    164.48832
     -6.42015    159.48482     16.34888    143.13594
     -6.41015    203.05994     28.47639    174.58355
     -6.40015    272.82689     43.05680    229.77009
     -6.39015    272.27193     35.26385    237.00807
     -6.38015    278.57130     24.67874    253.89256
     -6.37015    218.02321     17.47565    200.54755
     -6.36015    123.44795     12.24850    111.19945
     -6.35015     72.68468      5.96914     66.71554
     -6.34015     92.48213      4.70347     87.77866
     -6.33015    119.82592     11.19982    108.62610
     -6.32015    108.07859     15.62947     92.44912
     -6.31015     91.01014      9.23796     81.77218
     -6.30015    140.22405      4.22656    135.99749
     -6.29015    172.81809      6.65156    166.16653
     -6.28015    139.02396     13.22174    125.80221
     -6.27015    121.20926     18.24779    102.96148
     -6.26015    199.37805     30.39107    168.98698
     -6.25015    321.89139     44.48451    277.40688
     -6.24015    298.86393     41.19321    257.67072
     -6.23015    259.09004     41.18901    217.90103
     -6.22015    260.94023     39.07774    221.86249
     -6.21015    223.43249     26.05812    197.37437
     -6.20015    164.79705     13.55961    151.23744
     -6.19015    155.90955     16.14918    139.76037
     -6.18015    170.27251     22.46755    147.80496
     -6.17015    118.83091     14.74612    104.08479
     -6.16015    100.00644      9.75669     90.24974
     -6.15015    160.79862     18.14587    142.65274
     -6.14015    172.33509     19.45747    152.87762
     -6.13015    136.20454     10.31298    125.89156
     -6.12015    144.10053     12.57246    131.52807
     -6.11015    219.18493     22.92519    196.25974
     -6.10015    194.45235     17.97912    176.47322
     -6.09015     74.92038      5.48050     69.43988
     -6.08015     13.36913      0.70981     12.65931
     -6.07015     19.92726      0.97336     18.95390
     -6.06015    110.34325      7.21681    103.12644
     -6.05015    274.78153     23.65099    251.13054
     -6.04015    316.10815     35.16364    280.94451
     -6.03015    194.53983     27.05453    167.48530
     -6.02015     89.30099     12.87719     76.42380
     -6.01015    116.19088     10.63158    105.55930
     -6.00015    245.04312     18.26221    226.78091
     -5.99015    305.18783     19.53800    285.64983
     -5.98015    225.53161     12.48604    213.04557
     -5.97015     98.55191      5.38039     93.17152
     -5.96015     90.66055      8.97089     81.68965
     -5.95015    201.14175     24.81150    176.33025
     -5.94015    244.99298     34.72049    210.27248
     -5.93015    173.41198     25.26439    148.14760
     -5.92015     80.05035     10.46501     69.58534
     -5.91015     60.91574      8.16367     52.75206
     -5.90015    171.75757     25.32075    146.43682
     -5.89015    268.50305     40.66704    227.83601
     -5.88015    239.27485     34.88836    204.38649
     -5.87015    208.51782     29.57416    178.94367
     -5.86015    171.50173     24.31423    147.18750
     -5.85015    128.90062     13.72372    115.17690
     -5.84015    140.68100      9.14650    131.53450
     -5.83015    151.27048     13.11690    138.15358
     -5.82015    135.14457     20.83764    114.30693
     -5.81015    165.79916     29.72570    136.07345
     -5.80015    243.66208     31.24393    212.41815
     -5.79015    319.82537     30.10780    289.71757
     -5.78015    274.54706     24.19417    250.35289
     -5.77015    113.76366     10.04626    103.71741
     -5.76015     28.32162      2.63277     25.68885
     -5.75015     51.61536      5.22328     46.39208
     -5.74015    127.31407     13.00711    114.30696
     -5.73015    200.08668     22.01531    178.07136
     -5.72015    224.89670     24.32142    200.57528
     -5.71015    194.84521     16.81648    178.02873
     -5.70015    139.72120     12.47830    127.24290
     -5.69015    106.04301     15.67172     90.37129
     -5.68015    166.41362     25.71543    140.69820
     -5.67015    220.01875     25.35585    194.66290
     -5.66015    179.07125     19.44471    159.62653
     -5.65015    199.70437     28.25106    171.45332
     -5.64015    258.43329     33.41352    225.01977
     -5.63015    246.25702     22.26735    223.98967
     -5.62015    295.76583     23.33855    272.42728
     -5.61015    358.09664     32.75566    325.34099
     -5.60015    297.68902     31.84262    265.84639
     -5.59015    344.12114     44.14835    299.97279
     -5.58015    567.46482     74.29976    493.16506
     -5.57015    717.57517     91.20175    626.37342
     -5.56015    702.09940     90.46604    611.63336
     -5.55015    638.89121     77.51657    561.37464
     -5.54015    576.64302     62.01566    514.62735
     -5.53015    535.45587     59.50427    475.95160
     -5.52015    501.23557     55.22426    446.01131
     -5.51015    455.66716     46.59786    409.06930
     -5.50015    450.34317     44.28946    406.05371
     -5.49015    525.72902     56.46833    469.26069
     -5.48015    478.70303     59.11571    419.58732
     -5.47015    302.72004     46.50964    256.21040
     -5.46015    267.76861     47.19173    220.57688
     -5.45015    268.76809     39.38609    229.38200
     -5.44015    205.85007     23.03377    182.81630
     -5.43015    167.40143     18.79130    148.61012
     -5.42015    136.53416     23.34907    113.18509
     -5.41015     84.06655     19.58665     64.47990
     -5.40015     94.50411     24.86235     69.64176
     -5.39015    181.10209     45.73042    135.37167
     -5.38015    256.95514     52.49872    204.45643
     -5.37015    303.80522     40.49381    263.31140
     -5.36015    317.16005     38.26999    278.89006
     -5.35015    254.36756     37.75242    216.61515
     -5.34015    139.00658     21.87268    117.13391
     -5.33015     48.79240      6.79393     41.99847
     -5.32015     36.16919      1.55852     34.61067
     -5.31015     73.91321      1.51920     72.39401
     -5.30015     71.11972      1.43808     69.68164
     -5.29015     55.37388      1.70958     53.66431
     -5.28015    110.61980      6.34306    104.27674
     -5.27015    149.84416     12.33545    137.50871
     -5.26015    104.46290      9.53780     94.92510
     -5.25015     83.30216      3.80795     79.49421
     -5.24015     77.97374      1.77948     76.19427
     -5.23015     34.12228      0.71621     33.40607
     -5.22015     10.34485      0.71454      9.63031
     -5.21015     36.93417      4.18334     32.75083
     -5.20015    125.90540     11.78921    114.11619
     -5.19015    234.90161     17.33056    217.57105
     -5.18015    246.02867     16.97970    229.04897
     -5.17015    123.52823      9.16523    114.36300
     -5.16015     25.81216      2.07860     23.73356
     -5.15015      2.38893      0.18514      2.20379
     -5.14015      5.13005      0.10734      5.02270
     -5.13015     32.68983      0.66734     32.02249
     -5.12015     85.24768      2.06809     83.17959
     -5.11015    134.98869      6.37894    128.60976
     -5.10015    214.47646     17.91460    196.56186
     -5.09015    216.32239     22.92070    193.40169
     -5.08015     95.92697     11.32958     84.59739
     -5.07015     35.16225      2.47760     32.68465
     -5.06015     63.85652      1.40847     62.44805
     -5.05015     76.14451      1.53458     74.60993
     -5.04015     34.64367      0.69850     33.94516
     -5.03015     16.00266      0.44590     15.55676
     -5.02015     60.76813      2.83060     57.93752
     -5.01015    148.35272      9.53706    138.81566
     -5.00015    179.47929     12.86196    166.61733
     -4.99015    131.42543      7.32642    124.09902
     -4.98015     56.80210      2.00610     54.79600
     -4.97015     11.41755      0.28845     11.12910
     -4.96015      1.36147      0.02891      1.33255
     -4.95015      7.59749      0.15759      7.43990
     -4.94015     50.91103      1.21271     49.69832
     -4.93015    147.75246      5.00755    142.74491
     -4.92015    203.44397     11.29346    192.15051
     -4.91015    138.90726     11.70229    127.20497
     -4.90015     44.83476      4.86081     39.97394
     -4.89015     11.35114      0.87046     10.48068
     -4.88015     33.19374      0.72116     32.47258
     -4.87015     76.35620      1.62205     74.73415
     -4.86015     75.71392      2.22931     73.48461
     -4.85015     86.51612      5.15246     81.36366
     -4.84015    167.03723     11.28473    155.75250
     -4.83015    204.62082     15.35577    189.26505
     -4.82015    159.99804     12.48561    147.51244
     -4.81015    113.21263      5.67468    107.53795
     -4.80015     61.18631      1.73326     59.45305
     -4.79015     15.50200      0.34581     15.15619
     -4.78015      4.26609      0.08796      4.17813
     -4.77015     26.08484      0.53614     25.54871
     -4.76015    100.70259      2.39271     98.30987
     -4.75015    179.34071      6.77654    172.56418
     -4.74015    172.08662     11.97805    160.10858
     -4.73015    104.10056     10.40856     93.69200
     -4.72015    102.77319      7.29503     95.47816
     -4.71015    243.90384     11.00636    232.89748
     -4.70015    424.55356     14.75398    409.79959
     -4.69015    501.04537     14.85677    486.18860
     -4.68015    462.97062     12.51717    450.45345
     -4.67015    446.83468     11.82772    435.00697
     -4.66015    425.08679     15.12442    409.96237
     -4.65015    362.77757     18.70859    344.06899
     -4.64015    277.37340     14.35301    263.02039
     -4.63015    211.84445      7.74804    204.09642
     -4.62015    161.36596      4.69648    156.66948
     -4.61015    131.73779      3.70890    128.02889
     -4.60015    152.91171      4.84339    148.06833
     -4.59015    229.60206      9.05023    220.55183
     -4.58015    273.78204     12.10952    261.67252
     -4.57015    260.70044     14.00975    246.69068
     -4.56015    262.11363     16.29922    245.81441
     -4.55015    201.23148     10.86613    190.36536
     -4.54015    109.50857      4.18115    105.32741
     -4.53015     91.30715      2.61067     88.69648
     -4.52015     82.73496      2.14253     80.59243
     -4.51015     95.95218      2.12224     93.82994
     -4.50015    151.65604      3.68271    147.97333
     -4.49015    195.45326      6.98841    188.46485
     -4.48015    220.94284     13.46783    207.47501
     -4.47015    245.93678     18.04914    227.88763
     -4.46015    232.69292     13.90326    218.78966
     -4.45015    160.81543      6.60883    154.20659
     -4.44015     94.74447      2.74545     91.99902
     -4.43015     81.98602      2.19321     79.79281
     -4.42015     82.24605      2.23162     80.01442
     -4.41015     69.01811      2.18465     66.83345
     -4.40015    139.66331      6.62409    133.03922
     -4.39015    248.45435     14.35262    234.10174
     -4.38015    234.75581     13.33989    221.41592
     -4.37015    122.41855      5.68841    116.73014
     -4.36015     82.33027      3.53171     78.79856
     -4.35015    145.58898      7.03824    138.55073
     -4.34015    139.85904      7.09390    132.76514
     -4.33015     70.34518      3.16340     67.18178
     -4.32015     98.15459      3.54847     94.60612
     -4.31015    215.23265     10.50068    204.73197
     -4.30015    301.36167     16.06447    285.29720
     -4.29015    242.17848     10.64156    231.53693
     -4.28015    126.06776      3.69804    122.36971
     -4.27015    112.09887      2.53725    109.56162
     -4.26015    152.66186      3.25880    149.40306
     -4.25015    120.02288      2.82768    117.19520
     -4.24015    118.64472      5.00784    113.63688
     -4.23015    225.02552     11.64573    213.37979
     -4.22015    332.67314     17.85093    314.82221
     -4.21015    330.13877     15.82405    314.31472
     -4.20015    171.28664      6.68989    164.59675
     -4.19015     57.28313      1.71860     55.56453
     -4.18015     70.25600      1.80365     68.45235
     -4.17015     99.90116      2.37077     97.53039
     -4.16015    109.76992      2.28527    107.48465
     -4.15015    134.62361      4.05092    130.57269
     -4.14015    197.59265     10.61039    186.98226
     -4.13015    265.94075     16.87537    249.06538
     -4.12015    259.96194     14.50205    245.45988
     -4.11015    190.09715      7.89324    182.20391
     -4.10015    136.85071      3.57597    133.27474
     -4.09015    138.39809      2.89916    135.49893
     -4.08015    117.38894      2.73150    114.65744
     -4.07015     74.47450      2.58554     71.88895
     -4.06015    112.67064      7.00066    105.66998
     -4.05015    198.31954     13.42402    184.89552
     -4.04015    209.34480     11.32727    198.01753
     -4.03015    177.60499      5.96012    171.64487
     -4.02015    166.79536      5.62292    161.17243
     -4.01015    183.85174      7.33575    176.51599
     -4.00015    158.05726      5.61383    152.44342
     -3.99015    164.72682      4.84591    159.88090
     -3.98015    186.06913      7.94637    178.12277
     -3.97015    180.27387     12.49743    167.77644
     -3.96015    181.99273     11.22425    170.76848
     -3.95015    164.86395      5.87060    158.99335
     -3.94015    145.88902      3.51665    142.37237
     -3.93015    109.39929      2.60671    106.79258
     -3.92015     70.82586      2.73755     68.08831
     -3.91015     89.96055      5.42402     84.53653
     -3.90015    134.73760      9.01008    125.72752
     -3.89015    174.49552     12.91323    161.58228
     -3.88015    130.75023     10.47136    120.27887
     -3.87015     40.23976      3.42632     36.81344
     -3.86015      4.66692      0.41908      4.24785
     -3.85015      0.39058      0.02319      0.36739
     -3.84015      4.07893      0.11724      3.96168
     -3.83015     35.10534      1.41195     33.69339
     -3.82015    129.72904      7.39158    122.33746
     -3.81015    215.97895     15.91751    200.06144
     -3.80015    159.57026     13.44038    146.12987
     -3.79015     50.44758      4.34762     46.09996
     -3.78015     22.46070      0.83618     21.62452
     -3.77015     81.85411      1.57138     80.28272
     -3.76015    170.13237      3.28180    166.85058
     -3.75015    203.79625      4.90945    198.88680
     -3.74015    248.83865     10.05386    238.78479
     -3.73015    274.82911     14.92631    259.90280
     -3.72015    201.94532     11.48707    190.45825
     -3.71015    141.45909      7.29488    134.16421
     -3.70015    150.26790      5.37356    144.89434
     -3.69015    177.63937      4.13690    173.50246
     -3.68015    146.24507      3.15644    143.08863
     -3.67015    138.57115      5.04591    133.52524
     -3.66015    184.29567     11.24727    173.04840
     -3.65015    182.33473     12.42176    169.91298
     -3.64015    126.42592      6.31394    120.11198
     -3.63015    121.43109      3.91255    117.51855
     -3.62015    133.80420      5.32126    128.48294
     -3.61015    142.29914      5.49685    136.80229
     -3.60015    187.55446      5.76967    181.78479
     -3.59015    237.87501     10.21425    227.66075
     -3.58015    210.84523     13.43477    197.41046
     -3.57015    100.09702      7.77288     92.32414
     -3.56015     35.01236      2.04827     32.96409
     -3.55015     77.19016      1.89749     75.29267
     -3.54015    176.79846      4.81584    171.98262
     -3.53015    234.83391      8.09043    226.74348
     -3.52015    224.59424     10.93082    213.66342
     -3.51015    191.56939     13.47566    178.09374
     -3.50015    149.09628     10.03354    139.06274
     -3.49015     97.83468      4.00356     93.83112
     -3.48015     62.37503      1.46161     60.91342
     -3.47015     81.45272      1.66113     79.79159
     -3.46015    104.39392      3.32481    101.06911
     -3.45015    190.45914     10.06312    180.39601
     -3.44015    310.10541     17.75049    292.35492
     -3.43015    256.02878     13.24936    242.77942
     -3.42015    142.38653      5.02039    137.36614
     -3.41015     67.33045      1.57202     65.75843
     -3.40015     23.22487      0.58022     22.64464
     -3.39015     50.03592      2.30232     47.73360
     -3.38015    173.12792      9.56646    163.56146
     -3.37015    320.71088     17.51734    303.19354
     -3.36015    301.68509     14.10219    287.58290
     -3.35015    133.18113      5.10530    128.07582
     -3.34015     58.15491      1.54528     56.60963
     -3.33015     81.61167      2.09252     79.51916
     -3.32015     86.64543      4.45455     82.19087
     -3.31015    119.02506     10.34351    108.68155
     -3.30015    209.86259     13.59870    196.26389
     -3.29015    255.36453     10.60468    244.75985
     -3.28015    183.26286      6.01682    177.24604
     -3.27015    124.07464      3.27444    120.80020
     -3.26015    141.88585      4.42809    137.45775
     -3.25015    161.39918      9.34777    152.05141
     -3.24015    136.40428     12.17620    124.22808
     -3.23015    113.20764      8.31122    104.89641
     -3.22015    196.01783      7.08439    188.93344
     -3.21015    234.27074      6.89759    227.37315
     -3.20015    156.13580      4.98672    151.14908
     -3.19015    150.78190      8.48986    142.29204
     -3.18015    174.76817     12.85945    161.90872
     -3.17015    149.05878      9.18653    139.87224
     -3.16015    111.56369      4.73717    106.82653
     -3.15015    124.23962      4.88455    119.35506
     -3.14015    181.74771      6.70296    175.04475
     -3.13015    228.96086     11.11363    217.84723
     -3.12015    201.01060     13.34566    187.66493
     -3.11015    183.94036      9.07842    174.86194
     -3.10015    200.44714      6.04975    194.39739
     -3.09015    195.50571      6.58778    188.91793
     -3.08015    195.56530      9.21374    186.35155
     -3.07015    180.82215     12.70798    168.11416
     -3.06015    174.79071     11.80932    162.98139
     -3.05015    196.21476      7.54199    188.67277
     -3.04015    326.12280      9.28159    316.84121
     -3.03015    373.97000     12.38916    361.58084
     -3.02015    236.39825     13.34812    223.05014
     -3.01015    119.79929     12.25231    107.54698
     -3.00015     56.30010      6.07095     50.22915
     -2.99015     68.97758      2.67310     66.30448
     -2.98015    147.88076      5.55382    142.32694
     -2.97015    181.36553     11.34174    170.02379
     -2.96015    133.07925     12.92318    120.15607
     -2.95015     56.22640      6.70061     49.52579
     -2.94015     27.76024      2.21024     25.54999
     -2.93015     90.91083      4.98786     85.92297
     -2.92015    215.73021     12.59127    203.13894
     -2.91015    258.20531     14.48288    243.72243
     -2.90015    163.90417      7.47658    156.42759
     -2.89015     82.06873      3.50595     78.56278
     -2.88015    111.72837      7.73212    103.99625
     -2.87015    145.91570     13.29964    132.61606
     -2.86015     90.88921      9.81332     81.07588
     -2.85015     49.63105      4.05052     45.58053
     -2.84015    119.67425      6.49383    113.18042
     -2.83015    230.80513     13.68124    217.12389
     -2.82015    232.20201     13.31584    218.88617
     -2.81015    165.69638      6.95445    158.74193
     -2.80015    142.52535      6.99613    135.52922
     -2.79015    145.93448     12.07117    133.86331
     -2.78015    113.98925     11.66720    102.32205
     -2.77015    103.33442      7.26303     96.07139
     -2.76015    166.25661      9.13164    157.12497
     -2.75015    215.16386     13.98612    201.17774
     -2.74015    202.37845     12.43482    189.94363
     -2.73015    201.11446      9.04773    192.06673
     -2.72015    200.49871     11.70558    188.79313
     -2.71015    184.40047     14.07702    170.32345
     -2.70015    144.52716     10.21717    134.31000
     -2.69015    169.07008     11.56795    157.50213
     -2.68015    252.17235     16.15351    236.01883
     -2.67015    248.08590     13.71040    234.37550
     -2.66015    250.02774     14.58888    235.43886
     -2.65015    319.45025     18.17835    301.27190
     -2.64015    330.56140     16.87617    313.68522
     -2.63015    259.43582     16.65609    242.77973
     -2.62015    160.95078     14.07630    146.87448
     -2.61015    139.55119     12.51416    127.03703
     -2.60015    175.71730     14.40468    161.31262
     -2.59015    152.23672     13.97361    138.26311
     -2.58015    151.11977     15.01878    136.10098
     -2.57015    189.86052     16.25834    173.60218
     -2.56015    191.11524     18.00491    173.11033
     -2.55015    170.15088     20.27090    149.87997
     -2.54015    207.51120     24.79417    182.71703
     -2.53015    274.73835     28.95483    245.78352
     -2.52015    242.44426     24.33425    218.11000
     -2.51015    133.67767     11.53020    122.14747
     -2.50015     94.09940      3.17135     90.92805
     -2.49015     68.43278      0.93394     67.49883
     -2.48015     31.97921      0.39010     31.58912
     -2.47015     70.37832      1.02806     69.35026
     -2.46015    199.48935      2.97880    196.51055
     -2.45015    278.40220      4.11714    274.28506
     -2.44015    188.09303      2.70664    185.38640
     -2.43015     91.18351      1.24434     89.93918
     -2.42015    131.09865      1.72463    129.37402
     -2.41015    154.53037      2.05045    152.47993
     -2.40015     88.27195      1.26727     87.00468
     -2.39015     89.62174      1.52095     88.10079
     -2.38015    155.28149      2.51600    152.76549
     -2.37015    192.26658      2.97321    189.29337
     -2.36015    187.33006      3.64028    183.68978
     -2.35015    190.17287      5.04747    185.12540
     -2.34015    150.05499      4.15371    145.90128
     -2.33015    142.62225      2.78282    139.83943
     -2.32015    230.56254      3.65939    226.90315
     -2.31015    187.44323      2.93601    184.50721
     -2.30015     62.53899      1.02875     61.51024
     -2.29015     68.53381      1.82890     66.70492
     -2.28015    359.88813     10.35372    349.53441
     -2.27015    930.17281     27.26394    902.90887
     -2.26015   1232.05850     35.89641   1196.16210
     -2.25015   1011.86184     28.97617    982.88567
     -2.24015    635.34668     18.33738    617.00931
     -2.23015    429.28701     12.19455    417.09246
     -2.22015    460.95225     12.36185    448.59040
     -2.21015    490.26401     12.98092    477.28309
     -2.20015    394.53611     10.10246    384.43365
     -2.19015    392.67215      9.84314    382.82901
     -2.18015    500.95409     13.28923    487.66487
     -2.17015    471.46387     12.54125    458.92261
     -2.16015    292.70861      7.11661    285.59200
     -2.15015    145.29069      2.93831    142.35237
     -2.14015     97.25184      1.47094     95.78090
     -2.13015     66.53114      0.90483     65.62631
     -2.12015     24.05079      0.32241     23.72838
     -2.11015     32.92649      0.43960     32.48689
     -2.10015    105.42900      1.42600    104.00299
     -2.09015    149.28720      2.05238    147.23482
     -2.08015     87.91056      1.22765     86.68291
     -2.07015     21.84078      0.30927     21.53151
     -2.06015     11.23248      0.16651     11.06597
     -2.05015     48.19890      0.71185     47.48705
     -2.04015    107.62724      1.53237    106.09487
     -2.03015    125.03074      1.66164    123.36910
     -2.02015     81.91714      1.02700     80.89014
     -2.01015     37.17842      0.51525     36.66317
     -2.00015     92.98149      1.69468     91.28681
     -1.99015    316.62857      6.20977    310.41880
     -1.98015    605.25337     12.29758    592.95579
     -1.97015    748.48954     15.13237    733.35717
     -1.96015    714.34002     14.00526    700.33476
     -1.95015    552.68563     10.67517    542.01045
     -1.94015    428.16248      8.24727    419.91521
     -1.93015    477.26904      9.22255    468.04648
     -1.92015    585.74849     11.40306    574.34543
     -1.91015    541.37798     10.43536    530.94263
     -1.90015    503.17986      9.20581    493.97405
     -1.89015    589.72580     10.35333    579.37247
     -1.88015    542.46423      9.60115    532.86307
     -1.87015    339.44862      6.18461    333.26401
     -1.86015    240.02305      4.43194    235.59111
     -1.85015    216.32641      3.82415    212.50225
     -1.84015    179.41055      2.73924    176.67132
     -1.83015    174.07320      2.31830    171.75490
     -1.82015    151.86068      2.09849    149.76219
     -1.81015    113.54456      1.68938    111.85518
     -1.80015     64.70977      0.97649     63.73328
     -1.79015     47.23664      0.60900     46.62764
     -1.78015    108.12197      1.30939    106.81259
     -1.77015    147.72278      1.84849    145.87429
     -1.76015     86.42648      1.11872     85.30777
     -1.75015     21.84722      0.28823     21.55899
     -1.74015     13.90506      0.16477     13.74029
     -1.73015     60.94240      0.71713     60.22527
     -1.72015    131.88219      1.59376    130.28843
     -1.71015    129.52361      1.61334    127.91027
     -1.70015     71.16513      0.88751     70.27762
     -1.69015     72.06330      0.83625     71.22705
     -1.68015    113.39877      1.29931    112.09946
     -1.67015    142.30181      1.66371    140.63810
     -1.66015    146.95744      1.77282    145.18463
     -1.65015     90.26484      1.11623     89.14861
     -1.64015     28.31709      0.35211     27.96498
     -1.63015     32.65869      0.37766     32.28103
     -1.62015    129.78142      1.49913    128.28229
     -1.61015    224.99151      2.63071    222.36080
     -1.60015    159.78728      1.89777    157.88951
     -1.59015     47.78701      0.57655     47.21045
     -1.58015     15.97391      0.19062     15.78329
     -1.57015     65.73292      0.77164     64.96129
     -1.56015    161.42302      1.88817    159.53485
     -1.55015    178.20392      2.07372    176.13021
     -1.54015    123.77582      1.43691    122.33891
     -1.53015     77.97083      0.94351     77.02732
     -1.52015     89.00285      1.13777     87.86508
     -1.51015    115.78632      1.38581    114.40051
     -1.50015    111.18217      1.19597    109.98620
     -1.49015     95.88876      1.09763     94.79113
     -1.48015    133.08754      1.72422    131.36332
     -1.47015    150.22426      1.92579    148.29847
     -1.46015     89.19844      1.05289     88.14555
     -1.45015     84.34845      0.84216     83.50628
     -1.44015    134.18381      1.47860    132.70521
     -1.43015    120.44291      1.53687    118.90604
     -1.42015     59.59482      0.81115     58.78367
     -1.41015     60.87842      0.69146     60.18697
     -1.40015    122.10120      1.20665    120.89455
     -1.39015    132.18419      1.13821    131.04598
     -1.38015     68.55839      0.52163     68.03676
     -1.37015     27.17817      0.22491     26.95326
     -1.36015     71.15284      0.66274     70.49010
     -1.35015    164.86947      1.48657    163.38290
     -1.34015    218.21149      2.12538    216.08612
     -1.33015    279.70533      3.18576    276.51956
     -1.32015    275.25489      3.19432    272.06057
     -1.31015    149.02395      1.57444    147.44951
     -1.30015     86.95514      0.91857     86.03656
     -1.29015    166.27018      2.05588    164.21430
     -1.28015    230.66828      3.08081    227.58747
     -1.27015    197.30824      2.45798    194.85026
     -1.26015    185.16227      1.74566    183.41660
     -1.25015    148.25559      1.31775    146.93784
     -1.24015    135.54091      1.52518    134.01574
     -1.23015    164.52124      1.93970    162.58155
     -1.22015    109.61767      1.12716    108.49051
     -1.21015     85.65892      0.51462     85.14429
     -1.20015    139.53524      1.11686    138.41838
     -1.19015    184.55981      2.36919    182.19062
     -1.18015    141.34289      2.24222    139.10067
     -1.17015     48.36416      0.84062     47.52354
     -1.16015     11.44423      0.22310     11.22113
     -1.15015     32.60408      0.68192     31.92216
     -1.14015     82.13297      1.66046     80.47251
     -1.13015    104.23356      1.81148    102.42208
     -1.12015     99.74504      1.33358     98.41146
     -1.11015     68.98676      0.89267     68.09410
     -1.10015     59.97777      1.12373     58.85404
     -1.09015     81.07129      1.71428     79.35701
     -1.08015     53.19509      1.12769     52.06740
     -1.07015     23.29259      0.40580     22.88680
     -1.06015     61.13524      0.85884     60.27640
     -1.05015    137.74277      2.14166    135.60111
     -1.04015    130.87188      2.27229    128.59959
     -1.03015     51.60704      0.97877     50.62827
     -1.02015     11.87436      0.24451     11.62985
     -1.01015     28.33930      0.60491     27.73439
     -1.00015     83.88875      1.69056     82.19819
     -0.99015    122.23049      2.09617    120.13431
     -0.98015    105.20739      1.43330    103.77408
     -0.97015     55.73719      0.73782     54.99937
     -0.96015     51.04930      1.02398     50.02532
     -0.95015     79.83688      1.74940     78.08748
     -0.94015     57.46090      1.23820     56.22270
     -0.93015     36.41472      0.57164     35.84308
     -0.92015     83.06889      1.10729     81.96160
     -0.91015    134.83677      2.14247    132.69430
     -0.90015    109.42239      2.06914    107.35325
     -0.89015     42.23219      0.88224     41.34995
     -0.88015     12.29296      0.26694     12.02603
     -0.87015     38.95613      0.80362     38.15251
     -0.86015    110.87452      2.07046    108.80406
     -0.85015    141.15858      2.26159    138.89699
     -0.84015     82.57938      1.13181     81.44757
     -0.83015     33.89465      0.55303     33.34162
     -0.82015     56.34262      1.25547     55.08715
     -0.81015     80.99555      1.81750     79.17804
     -0.80015     59.41332      1.14565     58.26767
     -0.79015     72.48626      0.92065     71.56561
     -0.78015    109.71790      1.54568    108.17222
     -0.77015    112.15925      2.10513    110.05412
     -0.76015     72.02193      1.56986     70.45207
     -0.75015     23.62497      0.52980     23.09517
     -0.74015     26.52495      0.50816     26.01679
     -0.73015    100.13358      1.77864     98.35494
     -0.72015    157.33254      2.62632    154.70622
     -0.71015     94.05500      1.47409     92.58091
     -0.70015     28.53151      0.48390     28.04761
     -0.69015     42.16572      0.96911     41.19661
     -0.68015     83.95535      1.90061     82.05474
     -0.67015     89.89388      1.66772     88.22616
     -0.66015     94.31405      1.19900     93.11506
     -0.65015     91.80215      1.30687     90.49528
     -0.64015     90.86834      1.88977     88.97857
     -0.63015     72.37683      1.68657     70.69026
     -0.62015     32.39710      0.69828     31.69882
     -0.61015     54.00761      0.83761     53.16999
     -0.60015    137.10487      2.22883    134.87604
     -0.59015    140.99463      2.47899    138.51564
     -0.58015     56.54260      1.07395     55.46864
     -0.57015     22.57890      0.50711     22.07179
     -0.56015     62.85523      1.41624     61.43899
     -0.55015    120.39911      2.32927    118.06984
     -0.54015    122.25534      1.81543    120.43992
     -0.53015     75.95155      1.03430     74.91725
     -0.52015     66.16412      1.41879     64.74534
     -0.51015     83.05670      2.00630     81.05040
     -0.50015     65.00136      1.33038     63.67098
     -0.49015     83.74114      1.13072     82.61042
     -0.48015    129.69442      2.04813    127.64630
     -0.47015    114.89158      2.33115    112.56043
     -0.46015     52.95974      1.22482     51.73492
     -0.45015     35.60484      0.73243     34.87242
     -0.44015    105.71484      1.92746    103.78738
     -0.43015    158.07159      2.72553    155.34605
     -0.42015     91.57981      1.51985     90.05997
     -0.41015     42.86813      0.90206     41.96608
     -0.40015     79.49008      1.87464     77.61544
     -0.39015    119.26448      2.30171    116.96277
     -0.38015    115.05464      1.62669    113.42795
     -0.37015     93.17865      1.56853     91.61012
     -0.36015     92.09876      2.18393     89.91482
     -0.35015     79.17555      1.74968     77.42587
     -0.34015     95.34345      1.43434     93.90911
     -0.33015    139.98073      2.35056    137.63017
     -0.32015    113.77594      2.38505    111.39089
     -0.31015     59.95367      1.31710     58.63658
     -0.30015     96.06022      1.73439     94.32583
     -0.29015    159.81697      2.84537    156.97161
     -0.28015    110.17597      2.02581    108.15016
     -0.27015     69.62588      1.46149     68.16439
     -0.26015    128.27121      2.54323    125.72798
     -0.25015    148.18702      2.53799    145.64902
     -0.24015    100.40789      1.79779     98.61009
     -0.23015    114.67799      2.44111    112.23689
     -0.22015    145.82514      2.61291    143.21222
     -0.21015    128.64615      2.16652    126.47963
     -0.20015    132.01753      2.67207    129.34546
     -0.19015    149.73096      2.66956    147.06141
     -0.18015    147.09557      2.51754    144.57802
     -0.17015    162.96532      3.03411    159.93121
     -0.16015    172.20367      2.85937    169.34431
     -0.15015    192.28700      3.16806    189.11895
     -0.14015    219.76680      3.50699    216.25981
     -0.13015    199.21919      3.24267    195.97652
     -0.12015    148.83880      3.11925    145.71955
     -0.11015    100.54714      2.68733     97.85981
     -0.10015     97.90682      2.85590     95.05092
     -0.09015     98.31896      2.89389     95.42507
     -0.08015    104.65999      3.08615    101.57384
     -0.07015    108.94452      3.21440    105.73012
     -0.06015    116.02951      3.42296    112.60655
     -0.05015    123.00061      3.62397    119.37664
     -0.04015    132.35182      3.88965    128.46217
     -0.03015    141.32150      4.13668    137.18481
     -0.02015    141.75651      4.12697    137.62955
     -0.01015    128.18882      3.70190    124.48692
     -0.00015    103.59758      2.96794    100.62965
      0.00985     51.98269      1.48438     50.49832
      0.01985     11.26279      0.32136     10.94144
      0.02985      0.93029      0.02654      0.90375
      0.03985      0.02846      0.00081      0.02765
      0.04985      0.00032      0.00001      0.00031
      0.05985      0.00000      0.00000      0.00000
      0.06985      0.00000      0.00000      0.00000
      0.07985      0.00000      0.00000      0.00000
      0.08985      0.00000      0.00000      0.00000
      0.09985      0.00000      0.00000      0.00000
      0.10985      0.00000      0.00000      0.00000
      0.11985      0.00000      0.00000      0.00000
      0.12985      0.00000      0.00000      0.00000
      0.13985      0.00000      0.00000      0.00000
      0.14985      0.00000      0.00000      0.00000
      0.15985      0.00000      0.00000      0.00000
      0.16985      0.00000      0.00000      0.00000
      0.17985      0.00000      0.00000      0.00000
      0.18985      0.00000      0.00000      0.00000
      0.19985      0.00000      0.00000      0.00000
      0.20985      0.00000      0.00000      0.00000
      0.21985      0.00000      0.00000      0.00000
      0.22985      0.00000      0.00000      0.00000
      0.23985      0.00000      0.00000      0.00000
      0.24985      0.00000      0.00000      0.00000
      0.25985      0.00000      0.00000      0.00000
      0.26985      0.00000      0.00000      0.00000
      0.27985      0.00000      0.00000      0.00000
      0.28985      0.00000      0.00000      0.00000
      0.29985      0.00000      0.00000      0.00000
      0.30985      0.00000      0.00000      0.00000
      0.31985      0.00000      0.00000      0.00000
      0.32985      0.00000      0.00000      0.00000
      0.33985      0.00000      0.00000      0.00000
      0.34985      0.00000      0.00000      0.00000
      0.35985      0.00000      0.00000      0.00000
      0.36985      0.00000      0.00000      0.00000
      0.37985      0.00000      0.00000      0.00000
      0.38985      0.00000      0.00000      0.00000
      0.39985      0.00000      0.00000      0.00000
      0.40985      0.00000      0.00000      0.00000
      0.41985      0.00000      0.00000      0.00000
      0.42985      0.00000      0.00000      0.00000
      0.43985      0.00000      0.00000      0.00000
      0.44985      0.00000      0.00000      0.00000
      0.45985      0.00000      0.00000      0.00000
      0.46985      0.00000      0.00000      0.00000
      0.47985      0.00000      0.00000      0.00000
      0.48985      0.00000      0.00000      0.00000
      0.49985      0.00000      0.00000      0.00000
      0.50985      0.00000      0.00000      0.00000
      0.51985      0.00000      0.00000      0.00000
      0.52985      0.00000      0.00000      0.00000
      0.53985      0.00000      0.00000      0.00000
      0.54985      0.00000      0.00000      0.00000
      0.55985      0.00000      0.00000      0.00000
      0.56985      0.00000      0.00000      0.00000
      0.57985      0.00000      0.00000      0.00000
      0.58985      0.00000      0.00000      0.00000
      0.59985      0.00000      0.00000      0.00000
      0.60985      0.00000      0.00000      0.00000
      0.61985      0.00000      0.00000      0.00000
      0.62985      0.00000      0.00000      0.00000
      0.63985      0.00000      0.00000      0.00000
      0.64985      0.00000      0.00000      0.00000
      0.65985      0.00000      0.00000      0.00000
      0.66985      0.00000      0.00000      0.00000
      0.67985      0.00000      0.00000      0.00000
      0.68985      0.00000      0.00000      0.00000
      0.69985      0.00000      0.00000      0.00000
      0.70985      0.00000      0.00000      0.00000
      0.71985      0.00000      0.00000      0.00000
      0.72985      0.00000      0.00000      0.00000
      0.73985      0.00000      0.00000      0.00000
      0.74985      0.00000      0.00000      0.00000
      0.75985      0.00000      0.00000      0.00000
      0.76985      0.00000      0.00000      0.00000
      0.77985      0.00000      0.00000      0.00000
      0.78985      0.00000      0.00000      0.00000
      0.79985      0.00000      0.00000      0.00000
      0.80985      0.00000      0.00000      0.00000
      0.81985      0.00000      0.00000      0.00000
      0.82985      0.00000      0.00000      0.00000
      0.83985      0.00000      0.00000      0.00000
      0.84985      0.00000      0.00000      0.00000
      0.85985      0.00000      0.00000      0.00000
      0.86985      0.00000      0.00000      0.00000
      0.87985      0.00000      0.00000      0.00000
      0.88985      0.00000      0.00000      0.00000
      0.89985      0.00000      0.00000      0.00000
      0.90985      0.00000      0.00000      0.00000
      0.91985      0.00000      0.00000      0.00000
      0.92985      0.00000      0.00000      0.00000
      0.93985      0.00000      0.00000      0.00000
      0.94985      0.00000      0.00000      0.00000
      0.95985      0.00000      0.00000      0.00000
      0.96985      0.00000      0.00000      0.00000
      0.97985      0.00000      0.00000      0.00000
      0.98985      0.00000      0.00000      0.00000
      0.99985      0.00000      0.00000      0.00000
      1.00985      0.00000      0.00000      0.00000
      1.01985      0.00000      0.00000      0.00000
      1.02985      0.00000      0.00000      0.00000
      1.03985      0.00000      0.00000      0.00000
      1.04985      0.00000      0.00000      0.00000
      1.05985      0.00000      0.00000      0.00000
      1.06985      0.00000      0.00000      0.00000
      1.07985      0.00000      0.00000      0.00000
      1.08985      0.00000      0.00000      0.00000
      1.09985      0.00000      0.00000      0.00000
      1.10985      0.00000      0.00000      0.00000
      1.11985      0.00000      0.00000      0.00000
      1.12985      0.00000      0.00000      0.00000
      1.13985      0.00000      0.00000      0.00000
      1.14985      0.00000      0.00000      0.00000
      1.15985      0.00000      0.00000      0.00000
      1.16985      0.00000      0.00000      0.00000
      1.17985      0.00000      0.00000      0.00000
      1.18985      0.00000      0.00000      0.00000
      1.19985      0.00000      0.00000      0.00000
      1.20985      0.00000      0.00000      0.00000
      1.21985      0.00000      0.00000      0.00000
      1.22985      0.00000      0.00000      0.00000
      1.23985      0.00000      0.00000      0.00000
      1.24985      0.00000      0.00000      0.00000
      1.25985      0.00000      0.00000      0.00000
      1.26985      0.00000      0.00000      0.00000
      1.27985      0.00000      0.00000      0.00000
      1.28985      0.00000      0.00000      0.00000
      1.29985      0.00000      0.00000      0.00000
      1.30985      0.00000      0.00000      0.00000
      1.31985      0.00000      0.00000      0.00000
      1.32985      0.00000      0.00000      0.00000
      1.33985      0.00000      0.00000      0.00000
      1.34985      0.00000      0.00000      0.00000
      1.35985      0.00000      0.00000      0.00000
      1.36985      0.00000      0.00000      0.00000
      1.37985      0.00000      0.00000      0.00000
      1.38985      0.00000      0.00000      0.00000
      1.39985      0.00000      0.00000      0.00000
      1.40985      0.00000      0.00000      0.00000
      1.41985      0.00000      0.00000      0.00000
      1.42985      0.00000      0.00000      0.00000
      1.43985      0.00000      0.00000      0.00000
      1.44985      0.00000      0.00000      0.00000
      1.45985      0.00000      0.00000      0.00000
      1.46985      0.00000      0.00000      0.00000
      1.47985      0.00000      0.00000      0.00000
      1.48985      0.00000      0.00000      0.00000
      1.49985      0.00000      0.00000      0.00000
      1.50985      0.00000      0.00000      0.00000
      1.51985      0.00000      0.00000      0.00000
      1.52985      0.00000      0.00000      0.00000
      1.53985      0.00000      0.00000      0.00000
      1.54985      0.00000      0.00000      0.00000
      1.55985      0.00000      0.00000      0.00000
      1.56985      0.00000      0.00000      0.00000
      1.57985      0.00000      0.00000      0.00000
      1.58985      0.00000      0.00000      0.00000
      1.59985      0.00000      0.00000      0.00000
      1.60985      0.00000      0.00000      0.00000
      1.61985      0.00000      0.00000      0.00000
      1.62985      0.00000      0.00000      0.00000
      1.63985      0.00000      0.00000      0.00000
      1.64985      0.00000      0.00000      0.00000
      1.65985      0.00000      0.00000      0.00000
      1.66985      0.00000      0.00000      0.00000
      1.67985      0.00000      0.00000      0.00000
      1.68985      0.00000      0.00000      0.00000
      1.69985      0.00000      0.00000      0.00000
      1.70985      0.00000      0.00000      0.00000
      1.71985      0.00000      0.00000      0.00000
      1.72985      0.00000      0.00000      0.00000
      1.73985      0.00000      0.00000      0.00000
      1.74985      0.00000      0.00000      0.00000
      1.75985      0.00000      0.00000      0.00000
      1.76985      0.00000      0.00000      0.00000
      1.77985      0.00000      0.00000      0.00000
      1.78985      0.00000      0.00000      0.00000
      1.79985      0.00000      0.00000      0.00000
      1.80985      0.00000      0.00000      0.00000
      1.81985      0.00000      0.00000      0.00000
      1.82985      0.00000      0.00000      0.00000
      1.83985      0.00000      0.00000      0.00000
      1.84985      0.00000      0.00000      0.00000
      1.85985      0.00000      0.00000      0.00000
      1.86985      0.00000      0.00000      0.00000
      1.87985      0.00000      0.00000      0.00000
      1.88985      0.00000      0.00000      0.00000
      1.89985      0.00000      0.00000      0.00000
      1.90985      0.00000      0.00000      0.00000
      1.91985      0.00000      0.00000      0.00000
      1.92985      0.00000      0.00000      0.00000
      1.93985      0.00000      0.00000      0.00000
      1.94985      0.00000      0.00000      0.00000
      1.95985      0.00000      0.00000      0.00000
      1.96985      0.00000      0.00000      0.00000
      1.97985      0.00000      0.00000      0.00000
      1.98985      0.00000      0.00000      0.00000
      1.99985      0.00000      0.00000      0.00000
      2.00985      0.00000      0.00000      0.00000
      2.01985      0.00000      0.00000      0.00000
      2.02985      0.00000      0.00000      0.00000
      2.03985      0.00000      0.00000      0.00000
      2.04985      0.00000      0.00000      0.00000
      2.05985      0.00000      0.00000      0.00000
      2.06985      0.00000      0.00000      0.00000
      2.07985      0.00000      0.00000      0.00000
      2.08985      0.00000      0.00000      0.00000
      2.09985      0.00000      0.00000      0.00000
      2.10985      0.00000      0.00000      0.00000
      2.11985      0.00000      0.00000      0.00000
      2.12985      0.00000      0.00000      0.00000
      2.13985      0.00000      0.00000      0.00000
      2.14985      0.00000      0.00000      0.00000
      2.15985      0.00000      0.00000      0.00000
      2.16985      0.00000      0.00000      0.00000
      2.17985      0.00000      0.00000      0.00000
      2.18985      0.00000      0.00000      0.00000
      2.19985      0.00000      0.00000      0.00000
      2.20985      0.00000      0.00000      0.00000
      2.21985      0.00000      0.00000      0.00000
      2.22985      0.00000      0.00000      0.00000
      2.23985      0.00000      0.00000      0.00000
      2.24985      0.00000      0.00000      0.00000
      2.25985      0.00000      0.00000      0.00000
      2.26985      0.00000      0.00000      0.00000
      2.27985      0.00000      0.00000      0.00000
      2.28985      0.00000      0.00000      0.00000
      2.29985      0.00000      0.00000      0.00000
      2.30985      0.00000      0.00000      0.00000
      2.31985      0.00000      0.00000      0.00000
      2.32985      0.00000      0.00000      0.00000
      2.33985      0.00000      0.00000      0.00000
      2.34985      0.00000      0.00000      0.00000
      2.35985      0.00000      0.00000      0.00000
      2.36985      0.00000      0.00000      0.00000
      2.37985      0.00000      0.00000      0.00000
      2.38985      0.00000      0.00000      0.00000
      2.39985      0.00000      0.00000      0.00000
      2.40985      0.00000      0.00000      0.00000
      2.41985      0.00000      0.00000      0.00000
      2.42985      0.00000      0.00000      0.00000
      2.43985      0.00000      0.00000      0.00000
      2.44985      0.00000      0.00000      0.00000
      2.45985      0.00000      0.00000      0.00000
      2.46985      0.00000      0.00000      0.00000
      2.47985      0.00000      0.00000      0.00000
      2.48985      0.00000      0.00000      0.00000
      2.49985      0.00000      0.00000      0.00000
      2.50985      0.00000      0.00000      0.00000
      2.51985      0.00000      0.00000      0.00000
      2.52985      0.00000      0.00000      0.00000
      2.53985      0.00000      0.00000      0.00000
      2.54985      0.00000      0.00000      0.00000
      2.55985      0.00000      0.00000      0.00000
      2.56985      0.00000      0.00000      0.00000
      2.57985      0.00000      0.00000      0.00000
      2.58985      0.00000      0.00000      0.00000
      2.59985      0.00000      0.00000      0.00000
      2.60985      0.00000      0.00000      0.00000
      2.61985      0.00000      0.00000      0.00000
      2.62985      0.00000      0.00000      0.00000
      2.63985      0.00000      0.00000      0.00000
      2.64985      0.00000      0.00000      0.00000
      2.65985      0.00000      0.00000      0.00000
      2.66985      0.00000      0.00000      0.00000
      2.67985      0.00000      0.00000      0.00000
      2.68985      0.00000      0.00000      0.00000
      2.69985      0.00000      0.00000      0.00000
      2.70985      0.00000      0.00000      0.00000
      2.71985      0.00000      0.00000      0.00000
      2.72985      0.00000      0.00000      0.00000
      2.73985      0.00000      0.00000      0.00000
      2.74985      0.00000      0.00000      0.00000
      2.75985      0.00000      0.00000      0.00000
      2.76985      0.00000      0.00000      0.00000
      2.77985      0.00000      0.00000      0.00000
      2.78985      0.00000      0.00000      0.00000
      2.79985      0.00000      0.00000      0.00000
      2.80985      0.00000      0.00000      0.00000
      2.81985      0.00000      0.00000      0.00000
      2.82985      0.00000      0.00000      0.00000
      2.83985      0.00000      0.00000      0.00000
      2.84985      0.00000      0.00000      0.00000
      2.85985      0.00000      0.00000      0.00000
      2.86985      0.00000      0.00000      0.00000
      2.87985      0.00000      0.00000      0.00000
      2.88985      0.00000      0.00000      0.00000
      2.89985      0.00000      0.00000      0.00000
      2.90985      0.00000      0.00000      0.00000
      2.91985      0.00000      0.00000      0.00000
      2.92985      0.00000      0.00000      0.00000
      2.93985      0.00000      0.00000      0.00000
      2.94985      0.00000      0.00000      0.00000
      2.95985      0.00000      0.00000      0.00000
      2.96985      0.00000      0.00000      0.00000
      2.97985      0.00000      0.00000      0.00000
      2.98985      0.00000      0.00000      0.00000
      2.99985      0.00000      0.00000      0.00000
      3.00985      0.00000      0.00000      0.00000
      3.01985      0.00000      0.00000      0.00000
      3.02985      0.00000      0.00000      0.00000
      3.03985      0.00000      0.00000      0.00000
      3.04985      0.00000      0.00000      0.00000
      3.05985      0.00000      0.00000      0.00000
      3.06985      0.00000      0.00000      0.00000
      3.07985      0.00000      0.00000      0.00000
      3.08985      0.00000      0.00000      0.00000
      3.09985      0.00000      0.00000      0.00000
      3.10985      0.00000      0.00000      0.00000
      3.11985      0.00000      0.00000      0.00000
      3.12985      0.00000      0.00000      0.00000
      3.13985      0.00000      0.00000      0.00000
      3.14985      0.00000      0.00000      0.00000
      3.15985      0.00000      0.00000      0.00000
      3.16985      0.00000      0.00000      0.00000
      3.17985      0.00000      0.00000      0.00000
      3.18985      0.00000      0.00000      0.00000
      3.19985      0.00000      0.00000      0.00000
      3.20985      0.00000      0.00000      0.00000
      3.21985      0.00000      0.00000      0.00000
      3.22985      0.00000      0.00000      0.00000
      3.23985      0.00000      0.00000      0.00000
      3.24985      0.00000      0.00000      0.00000
      3.25985      0.00000      0.00000      0.00000
      3.26985      0.00000      0.00000      0.00000
      3.27985      0.00000      0.00000      0.00000
      3.28985      0.00000      0.00000      0.00000
      3.29985      0.00000      0.00000      0.00000
      3.30985      0.02453      0.00027      0.02426
      3.31985      0.89968      0.00975      0.88992
      3.32985     12.69322      0.13805     12.55518
      3.33985     71.59229      0.78329     70.80900
      3.34985    174.66546      1.93452    172.73094
      3.35985    218.70449      2.48489    216.21961
      3.36985    191.55135      2.27718    189.27417
      3.37985    160.34345      2.01808    158.32537
      3.38985    141.55651      1.88536    139.67114
      3.39985    129.76565      1.82532    127.94033
      3.40985    120.69602      1.78854    118.90748
      3.41985    114.78168      1.78883    112.99285
      3.42985    108.17880      1.77051    106.40829
      3.43985    106.72939      1.82960    104.89979
      3.44985    114.27513      2.04866    112.22647
      3.45985    163.98393      3.01168    160.97225
      3.46985    216.17705      4.01383    212.16322
      3.47985    226.63548      4.28850    222.34698
      3.48985    196.04306      3.79311    192.24995
      3.49985    186.54394      3.72584    182.81811
      3.50985    159.91577      3.28013    156.63564
      3.51985    164.26746      3.44668    160.82078
      3.52985    159.84809      3.44290    156.40519
      3.53985    125.43340      2.81087    122.62252
      3.54985    160.27828      3.61875    156.65953
      3.55985    145.37483      3.30578    142.06906
      3.56985    110.34693      2.73004    107.61689
      3.57985    138.60796      3.40899    135.19897
      3.58985    145.46483      3.42797    142.03686
      3.59985    124.41459      3.23145    121.18314
      3.60985    101.88952      2.82912     99.06040
      3.61985    118.94194      3.06217    115.87977
      3.62985    159.37215      4.15570    155.21644
      3.63985    110.80738      3.09241    107.71497
      3.64985     76.46241      2.36988     74.09253
      3.65985    126.06148      3.72650    122.33498
      3.66985    144.12481      3.86663    140.25819
      3.67985    112.51160      3.23646    109.27514
      3.68985     96.71752      3.32645     93.39107
      3.69985     80.73426      2.69222     78.04204
      3.70985    119.79592      3.53517    116.26076
      3.71985    157.95937      4.79173    153.16764
      3.72985     94.79840      3.10162     91.69678
      3.73985     63.40298      2.44957     60.95341
      3.74985    101.59416      3.82112     97.77304
      3.75985    125.10064      3.92832    121.17232
      3.76985    126.34319      3.84340    122.49979
      3.77985    111.50907      4.20000    107.30907
      3.78985     69.90235      2.96383     66.93851
      3.79985     60.98964      2.46942     58.52022
      3.80985    130.16000      4.75023    125.40977
      3.81985    147.98193      4.97728    143.00465
      3.82985     86.58100      3.05869     83.52231
      3.83985     78.23504      3.62163     74.61341
      3.84985     80.31829      3.82871     76.48958
      3.85985     75.09069      2.92448     72.16621
      3.86985    134.35971      4.81009    129.54962
      3.87985    145.33835      5.64847    139.68987
      3.88985     70.43728      3.06386     67.37342
      3.89985     52.21170      2.73419     49.47751
      3.90985     88.22659      4.55707     83.66952
      3.91985    102.01526      4.26165     97.75361
      3.92985    119.79896      4.16340    115.63557
      3.93985    126.01213      5.40487    120.60726
      3.94985     85.09922      4.42722     80.67200
      3.95985     41.25979      2.33730     38.92249
      3.96985     66.78987      3.67138     63.11848
      3.97985    124.17971      5.87345    118.30626
      3.98985    127.72244      4.85706    122.86538
      3.99985     94.65299      3.90858     90.74442
      4.00985     89.42550      5.10724     84.31826
      4.01985     66.06817      4.07620     61.99197
      4.02985     41.79867      2.41711     39.38157
      4.03985     97.41366      4.92791     92.48575
      4.04985    157.61318      8.91052    148.70266
      4.05985    133.71601     31.45050    102.26551
      4.06985    229.66601    158.67652     70.98950
      4.07985    494.40951    381.43994    112.96957
      4.08985    565.41557    453.94302    111.47255
      4.09985    495.05429    397.98413     97.07016
      4.10985    615.54032    447.19527    168.34505
      4.11985    754.15377    547.35548    206.79829
      4.12985    658.49650    527.74375    130.75275
      4.13985    540.56792    452.02933     88.53859
      4.14985    515.23343    402.12214    113.11128
      4.15985    483.03734    370.22308    112.81426
      4.16985    454.97483    345.96057    109.01426
      4.17985    487.27683    329.89344    157.38339
      4.18985    478.65131    316.01558    162.63573
      4.19985    396.27534    299.42991     96.84542
      4.20985    346.06660    285.20904     60.85756
      4.21985    365.68414    276.48979     89.19435
      4.22985    382.68684    268.00021    114.68663
      4.23985    376.29377    257.26562    119.02815
      4.24985    385.85283    249.46305    136.38978
      4.25985    377.50144    243.14029    134.36115
      4.26985    330.70738    234.74914     95.95824
      4.27985    279.51712    225.62993     53.88719
      4.28985    287.32485    219.78235     67.54250
      4.29985    333.30293    218.01202    115.29091
      4.30985    345.68147    210.91707    134.76439
      4.31985    326.79964    205.56070    121.23893
      4.32985    332.19893    198.70041    133.49852
      4.33985    420.60172    198.29524    222.30648
      4.34985    429.80193    191.91772    237.88421
      4.35985    374.11499    188.86456    185.25043
      4.36985    387.15097    184.37744    202.77353
      4.37985    433.87977    184.80147    249.07829
      4.38985    398.02545    178.99344    219.03201
      4.39985    325.53782    172.81913    152.71869
      4.40985    347.51516    175.07156    172.44360
      4.41985    316.54887    164.83086    151.71801
      4.42985    269.76632    170.33420     99.43212
      4.43985    298.79935    156.89406    141.90529
      4.44985    379.09452    169.49627    209.59825
      4.45985    341.04660    157.04264    184.00396
      4.46985    286.82609    156.53039    130.29569
      4.47985    296.85258    157.57444    139.27813
      4.48985    283.77316    147.76589    136.00727
      4.49985    246.18476    154.14528     92.03948
      4.50985    235.27316    144.15313     91.12003
      4.51985    321.40204    147.74159    173.66045
      4.52985    366.85582    151.06095    215.79487
      4.53985    278.01587    141.55705    136.45881
      4.54985    232.93062    140.83125     92.09937
      4.55985    373.11572    151.87230    221.24343
      4.56985    550.18268    160.36587    389.81681
      4.57985    535.34593    159.92066    375.42526
      4.58985    451.95428    159.34329    292.61099
      4.59985    464.19776    147.43241    316.76536
      4.60985    537.15005    150.63486    386.51520
      4.61985    493.21417    157.06328    336.15088
      4.62985    350.22068    133.35438    216.86630
      4.63985    316.81163    137.42232    179.38931
      4.64985    385.14199    151.57856    233.56342
      4.65985    422.28918    129.13443    293.15475
      4.66985    418.54248    135.99392    282.54856
      4.67985    391.82521    148.51419    243.31102
      4.68985    317.90227    117.78938    200.11289
      4.69985    335.06257    128.74995    206.31262
      4.70985    377.94617    150.83972    227.10645
      4.71985    332.00707    115.00760    216.99947
      4.72985    303.49880    116.03860    187.46020
      4.73985    345.18883    149.62714    195.56168
      4.74985    370.26743    120.65110    249.61632
      4.75985    343.90776    105.97429    237.93346
      4.76985    349.04929    145.30486    203.74444
      4.77985    314.92583    126.32277    188.60306
      4.78985    258.73408     91.14956    167.58452
      4.79985    311.38324    132.28474    179.09849
      4.80985    318.60455    142.47311    176.13144
      4.81985    277.12381     91.19554    185.92828
      4.82985    358.42326    108.74788    249.67538
      4.83985    361.43671    150.11486    211.32185
      4.84985    274.69023    108.74014    165.95010
      4.85985    253.49354     81.78104    171.71250
      4.86985    322.43596    135.21172    187.22424
      4.87985    318.99344    139.12243    179.87100
      4.88985    216.92530     78.39926    138.52604
      4.89985    241.51383     94.09958    147.41425
      4.90985    341.65365    149.26562    192.38803
      4.91985    366.22022    116.61484    249.60538
      4.92985    309.95379     72.32421    237.62957
      4.93985    268.61539    115.46205    153.15334
      4.94985    253.45873    145.35047    108.10827
      4.95985    169.90465     83.96742     85.93723
      4.96985    206.83737     67.76406    139.07331
      4.97985    354.58194    135.47978    219.10216
      4.98985    393.75283    142.94460    250.80823
      4.99985    290.39642     73.20321    217.19321
      5.00985    195.41720     69.61245    125.80475
      5.01985    258.75784    138.69741    120.06043
      5.02985    296.08224    132.22176    163.86048
      5.03985    179.65205     60.31082    119.34123
      5.04985    181.83387     71.33488    110.49899
      5.05985    320.59543    143.91473    176.68070
      5.06985    327.05107    125.69350    201.35757
      5.07985    272.56075     58.48408    214.07667
      5.08985    269.10148     74.61654    194.48494
      5.09985    263.93331    141.95484    121.97848
      5.10985    241.39221    123.85551    117.53670
      5.11985    201.91238     53.98344    147.92894
      5.12985    179.66708     61.83578    117.83130
      5.13985    243.80474    135.85687    107.94787
      5.14985    265.18363    131.45735    133.72627
      5.15985    209.90886     57.53179    152.37707
      5.16985    255.12149     56.36453    198.75696
      5.17985    357.29964    131.03815    226.26149
      5.18985    298.99283    141.69564    157.29718
      5.19985    165.10069     63.57525    101.52544
      5.20985    211.68888     43.61424    168.07464
      5.21985    390.35914    116.10242    274.25672
      5.22985    454.75651    161.95218    292.80433
      5.23985    320.38491     91.60811    228.77680
      5.24985    152.06003     34.10613    117.95390
      5.25985    110.80793     71.47806     39.32987
      5.26985    193.32925    143.04144     50.28781
      5.27985    234.19141    114.03884    120.15256
      5.28985    205.99626     45.15479    160.84147
      5.29985    196.13238     50.91517    145.21721
      5.30985    294.71924    127.77996    166.93928
      5.31985    341.98508    143.86423    198.12085
      5.32985    219.76392     65.11536    154.64855
      5.33985    169.46286     33.79205    135.67081
      5.34985    250.84446     91.11776    159.72670
      5.35985    251.21669    149.15088    102.06582
      5.36985    152.51500     97.19715     55.31784
      5.37985    155.63164     34.76550    120.86614
      5.38985    265.92567     55.10507    210.82060
      5.39985    313.91817    130.91124    183.00693
      5.40985    275.68493    138.76845    136.91648
      5.41985    221.52020     63.45349    158.06671
      5.42985    191.54530     34.53607    157.00923
      5.43985    258.91155     89.66400    169.24755
      5.44985    307.78471    149.08612    158.69859
      5.45985    174.70431     99.87775     74.82657
      5.46985     88.35815     36.31435     52.04380
      5.47985    164.27666     56.87994    107.39672
      5.48985    292.05101    123.51901    168.53199
      5.49985    343.63654    133.14506    210.49148
      5.50985    299.53289     80.49383    219.03907
      5.51985    261.00049     69.61904    191.38145
      5.52985    237.21298     93.71901    143.49397
      5.53985    193.34641    102.56350     90.78292
      5.54985    192.36116    120.19732     72.16384
      5.55985    277.18163    119.76055    157.42108
      5.56985    308.80953     84.20970    224.59982
      5.57985    228.99941     84.52994    144.46947
      5.58985    240.58190    136.80697    103.77493
      5.59985    319.78761    127.80872    191.97889
      5.60985    301.31865     85.56055    215.75810
      5.61985    194.22804     85.73670    108.49134
      5.62985    135.00790     77.82060     57.18731
      5.63985    200.32264     85.67793    114.64470
      5.64985    298.79945    109.11605    189.68341
      5.65985    296.36882    107.70983    188.65899
      5.66985    232.62592     81.50839    151.11753
      5.67985    299.35521    120.11665    179.23856
      5.68985    519.43036    328.27442    191.15594
      5.69985    662.21414    494.13040    168.08374
      5.70985    518.84412    384.98285    133.86127
      5.71985    347.73808    231.94829    115.78978
      5.72985    379.12500    195.84634    183.27867
      5.73985    470.63044    210.17609    260.45435
      5.74985    484.61098    215.99558    268.61540
      5.75985    344.88393    158.94745    185.93649
      5.76985    251.54110    122.32555    129.21555
      5.77985    367.39287    194.15054    173.24233
      5.78985    420.76672    230.16407    190.60264
      5.79985    326.46361    162.48369    163.97992
      5.80985    280.68514     99.68328    181.00186
      5.81985    379.93480    122.75630    257.17851
      5.82985    469.27320    185.25839    284.01481
      5.83985    429.25914    205.55437    223.70476
      5.84985    402.48329    239.98316    162.50014
      5.85985    403.96288    211.51608    192.44680
      5.86985    496.38145    212.43751    283.94394
      5.87985    612.18228    248.51601    363.66626
      5.88985    523.72936    213.98311    309.74625
      5.89985    418.11257    188.90627    229.20630
      5.90985    364.97674    152.23667    212.74007
      5.91985    285.87157    135.66241    150.20915
      5.92985    175.81110    113.96216     61.84894
      5.93985     73.27987     58.39468     14.88520
      5.94985     17.22568     14.84337      2.38231
      5.95985     21.62394     17.80754      3.81640
      5.96985    123.54659     95.50370     28.04289
      5.97985    303.63975    212.23545     91.40430
      5.98985    351.64133    204.23404    147.40729
      5.99985    321.26055    161.46706    159.79348
      6.00985    301.04559    157.19239    143.85320
      6.01985    198.45543     86.16146    112.29396
      6.02985    113.21948     24.12881     89.09068
      6.03985     53.05449      5.84666     47.20783
      6.04985     12.07617      1.32635     10.74982
      6.05985      8.70025      4.60254      4.09771
      6.06985     64.02392     32.99644     31.02748
      6.07985    217.35375    102.09205    115.26170
      6.08985    319.61438    155.23627    164.37811
      6.09985    249.87212    155.69197     94.18015
      6.10985    191.10474    159.56486     31.53988
      6.11985    194.21758    172.97620     21.24138
      6.12985    155.01232    116.85968     38.15263
      6.13985    165.79702     68.34633     97.45070
      6.14985    288.34679    139.76195    148.58484
      6.15985    371.12023    242.21145    128.90878
      6.16985    371.13853    260.11465    111.02388
      6.17985    297.48274    189.63576    107.84698
      6.18985    222.98813    154.26586     68.72227
      6.19985    284.58849    235.56067     49.02782
      6.20985    272.46766    228.51237     43.95529
      6.21985    142.35151     99.32352     43.02800
      6.22985    120.79680     43.16378     77.63301
      6.23985    210.22201     98.47594    111.74607
      6.24985    319.37169    186.28916    133.08253
      6.25985    378.65358    240.37746    138.27612
      6.26985    352.08318    224.86181    127.22137
      6.27985    213.02294    133.09871     79.92423
      6.28985    163.44418    109.99041     53.45377
      6.29985    205.55252    125.71310     79.83942
      6.30985    187.25107    102.53338     84.71769
      6.31985    150.36241    103.07235     47.29007
      6.32985    153.90982    121.02403     32.88578
      6.33985    164.62118    105.21235     59.40883
      6.34985    274.30559    123.66178    150.64382
      6.35985    420.76225    183.63336    237.12889
      6.36985    396.39303    211.09688    185.29615
      6.37985    273.46732    193.40787     80.05945
      6.38985    167.09603    138.18558     28.91045
      6.39985    136.39145    103.90140     32.49005
      6.40985    181.75729    109.15075     72.60654
      6.41985    225.28326    138.49767     86.78559
      6.42985    197.93083    145.78051     52.15032
      6.43985    134.96905     99.62799     35.34106
      6.44985    156.96741     89.74807     67.21935
      6.45985    176.75046     89.82591     86.92454
      6.46985    203.74202    115.91484     87.82718
      6.47985    285.86539    163.11970    122.74658
      6.48985    277.22574    140.86870    136.40486
      6.49985    204.87284     94.87885    110.98119
      6.50985    247.45961    186.00229     69.46958
      6.51985    466.80076    442.64308     51.06691
      6.52985    532.11810    531.06477     42.35556
      6.53985    416.50300    401.21367     52.43340
      6.54985    475.13514    435.10222     80.70494
      6.55985    697.60185    688.55515     72.66713
      6.56985    824.13692    815.24329     82.50780
      6.57985    861.32084    808.10351    116.69670
      6.58985    821.28909    754.26597    120.15441
      6.59985    617.14998    567.66132     96.44173
      6.60985    385.93575    378.59656     46.13396
      6.61985    325.01448    327.09212     31.92207
      6.62985    450.19383    402.13921     85.06734
      6.63985    542.13985    447.89532    131.97583
      6.64985    481.53453    421.75900     94.77577
      6.65985    387.09280    387.07686     33.12230
      6.66985    384.71745    398.33304     20.75680
      6.67985    392.95047    370.44311     55.59403
      6.68985    381.69585    327.92044     81.08153
      6.69985    355.10387    331.46894     48.54454
      6.70985    353.47680    360.85304     20.44453
      6.71985    378.84578    359.31198     49.31600
      6.72985    433.49216    329.97909    132.33874
      6.73985    540.15326    369.06761    197.86936
      6.74985    539.12045    382.53594    177.73944
      6.75985    417.05157    344.75539     93.00118
      6.76985    348.58493    338.03376     36.50486
      6.77985    308.68720    318.17389     17.94634
      6.78985    284.63326    298.77002     11.28643
      6.79985    309.18087    307.78913     25.93341
      6.80985    383.74240    324.83238     82.09457
      6.81985    449.25478    324.87312    142.03306
      6.82985    427.87959    307.64572    138.97743
      6.83985    320.85193    253.36454     89.42516
      6.84985    233.71427    208.04699     46.72153
      6.85985    290.29197    248.37319     64.72973
      6.86985    317.82832    259.42933     78.51714
      6.87985    265.67825    249.34094     37.88759
      6.88985    204.38542    215.59860      8.80469
      6.89985    203.45903    213.56109      6.86411
      6.90985    251.29620    252.53040     18.74823
      6.91985    318.96827    260.66971     77.17674
      6.92985    464.67808    289.86235    190.56990
      6.93985    474.41585    265.48880    219.11672
      6.94985    274.13102    149.68142    128.20235
      6.95985    227.55989    144.20183     88.93094
      6.96985    378.83500    310.70448     85.18549
      6.97985    456.56071    439.43715     42.96923
      6.98985    375.45688    384.45530     13.44254
      6.99985    261.46751    265.69355     13.80920
      7.00985    290.19020    251.62881     58.24079
      7.01985    388.63889    270.67808    134.30624
      7.02985    379.22064    245.72298    141.93271
      7.03985    280.09185    220.72723     70.07029
      7.04985    212.24494    215.22196     16.67655
      7.05985    137.21643    140.17671     11.93139
      7.06985     94.35433     53.67454     45.48036
      7.07985    168.13733     92.91333     80.27222
      7.08985    338.01506    264.55090     87.29978
      7.09985    488.13624    394.27921    115.77489
      7.10985    483.30515    372.14850    137.00236
      7.11985    374.07132    259.44616    133.34528
      7.12985    292.24105    177.44525    123.83641
      7.13985    324.40118    235.03358    104.40516
      7.14985    348.64045    292.02752     79.11281
      7.15985    234.05439    207.93045     39.25996
      7.16985    170.19697    129.28224     45.83278
      7.17985    274.90616    180.38753    104.16939
      7.18985    346.36521    242.32197    121.67196
      7.19985    258.85236    206.53393     67.71210
      7.20985    176.73907    140.35232     42.66865
      7.21985    160.09153     83.90329     77.28891
      7.22985    184.15693     73.64076    110.62701
      7.23985    242.39586    117.22785    125.85231
      7.24985    314.83040    198.28104    121.66232
      7.25985    410.27252    302.58904    123.08697
      7.26985    459.68774    342.52039    138.18318
      7.27985    411.02559    302.63781    124.36850
      7.28985    319.84216    257.69145     74.87686
      7.29985    391.73151    331.25573     78.68746
      7.30985    611.01568    458.08592    172.78530
      7.31985    696.56955    468.93848    240.06488
      7.32985    542.66418    350.99393    199.34006
      7.33985    425.24623    251.19468    186.02210
      7.34985    433.25666    246.07363    203.11516
      7.35985    351.19845    228.05923    137.40144
      7.36985    218.89212    141.93220     84.58878
      7.37985    161.96141     78.93408     86.10635
      7.38985    218.76925    136.78133     88.18406
      7.39985    356.83426    288.75113     79.39695
      7.40985    438.54286    353.71614     97.25202
      7.41985    377.55867    259.87753    128.04336
      7.42985    300.97290    149.74629    155.82277
      7.43985    296.97264    119.19753    178.59216
      7.44985    224.50342     80.16948    144.39044
      7.45985    148.81698     64.08200     84.80781
      7.46985    228.59364    156.66028     72.77078
      7.47985    402.78334    308.00474     98.55478
      7.48985    455.35374    364.32439     98.29450
      7.49985    313.36675    262.99316     58.09099
      7.50985    190.76435    133.71404     62.33458
      7.51985    206.25491     80.75254    127.34051
      7.52985    314.22382    135.79793    178.69020
      7.53985    426.73472    230.00746    196.85089
      7.54985    404.99344    245.34850    160.66852
      7.55985    299.98053    224.35842     80.39982
      7.56985    336.59297    310.11829     40.83553
      7.57985    476.39167    427.74794     72.79790
      7.58985    439.52644    338.14701    120.37840
      7.59985    390.67190    219.91756    182.25723
      7.60985    469.55100    219.99220    262.00790
      7.61985    504.76845    245.87360    274.16425
      7.62985    426.51637    249.42173    191.10171
      7.63985    298.32283    221.46498     88.23290
      7.64985    207.77027    180.22640     35.39084
      7.65985    177.48232    158.89905     26.23800
      7.66985    221.21899    172.70427     61.32526
      7.67985    272.63355    188.10981     96.50621
      7.68985    269.55039    185.91368     93.69268
      7.69985    204.38436    139.73063     73.69715
      7.70985    216.72116    107.83565    114.20132
      7.71985    294.64700    147.45590    154.96736
      7.72985    252.84130    167.39258     97.95411
      7.73985    207.79980    152.96821     63.26834
      7.74985    227.45465    169.91962     62.65548
      7.75985    240.11008    204.95716     43.31704
      7.76985    201.87670    167.30084     41.82591
      7.77985    121.54977     78.77333     45.19000
      7.78985     50.08997     25.36723     25.04708
      7.79985     54.85540     28.24539     27.14924
      7.80985    165.97484    101.48878     68.04073
      7.81985    268.29341    182.69701     94.63489
      7.82985    297.02495    197.71854    109.40045
      7.83985    320.53041    217.24585    112.24641
      7.84985    267.52375    185.80423     89.00560
      7.85985    186.81698    108.55471     81.11327
      7.86985    154.95958     98.09295     57.29233
      7.87985    131.78750    102.40128     29.40971
      7.88985    111.62638     83.47841     28.14845
      7.89985    103.42785     51.70500     51.72298
      7.90985    130.88189     57.41586     73.47396
      7.91985    129.94644     83.29417     46.83233
      7.92985     87.10934     75.60261     13.00970
      7.93985     88.39914     90.07617      2.93872
      7.94985    133.36205    128.45214     10.14460
      7.95985    223.49087    185.85471     40.21418
      7.96985    393.83471    299.62569     97.60697
      7.97985    542.02210    402.33042    148.30618
      7.98985    484.14183    337.65213    155.55786
      7.99985    366.08659    236.60586    133.29923
      8.00985    283.73348    216.86552     68.13447
      8.01985    191.18841    173.19923     18.98560
      8.02985     97.88530     93.17488      6.94556
      8.03985    110.63793     95.43801     21.76977
      8.04985    203.46610    153.05368     59.37373
      8.05985    244.59650    188.01917     62.92219
      8.06985    166.89600    143.18045     26.53989
      8.07985     60.70466     55.11617      6.24822
      8.08985     45.87674     37.64754      8.29304
      8.09985    101.11206     82.32173     18.79267
      8.10985    158.68853    132.92734     25.76126
      8.11985    183.63393    149.58998     34.04761
      8.12985    163.17049    109.18556     54.08769
      8.13985    199.53345    107.02455     93.57135
      8.14985    288.57746    181.01222    111.61224
      8.15985    386.63527    287.73888    104.64757
      8.16985    370.43329    304.11912     69.71997
      8.17985    258.64790    212.91348     47.19808
      8.18985    230.81705    133.31416     98.15981
      8.19985    266.59303    106.25197    160.56255
      8.20985    279.01896    108.85111    171.14889
      8.21985    364.29849    183.13746    186.30277
      8.22985    416.78376    260.91469    166.32413
      8.23985    270.48993    197.68352     83.63338
      8.24985    198.49207    161.85075     48.80756
      8.25985    291.45022    222.63755     79.56404
      8.26985    376.47326    278.86530    101.62421
      8.27985    354.44537    267.73272     87.47916
      8.28985    286.44775    217.39289     70.30865
      8.29985    239.80688    189.46239     52.99314
      8.30985    219.28529    181.65975     39.82036
      8.31985    193.45360    162.53734     31.71261
      8.32985    154.99879    128.77119     26.52748
      8.33985    163.62698    118.92546     46.31122
      8.34985    172.07148    126.37007     52.57326
