cpu-bind=MASK - lcn1321, task  0  0 [1889319]: mask |BBBBBBBB|BBBBBBBB|BBBBBBBB|BBBBBBBB|BBBBBBBB|BBBBBBBB|BBBBBBBB|BBBBBBBB|BBBBBBBB|BBBBBBBB|BBBBBBBB|BBBBBBBB||||BBBBBBBB|BBBBBBBB|BBBBBBBB|BBBBBBBB|BBBBBBBB|BBBBBBBB|BBBBBBBB|BBBBBBBB|BBBBBBBB|BBBBBBBB|BBBBBBBB|BBBBBBBB|  set
Running "module reset". Resetting modules to system default. The following $MODULEPATH directories have been removed: None
Running "module reset". Resetting modules to system default. The following $MODULEPATH directories have been removed: None
corrupted double-linked list
corrupted double-linked list

Program received signal SIGABRT: Process abort signal.

Backtrace for this error:
corrupted double-linked list

Program received signal SIGABRT: Process abort signal.

Backtrace for this error:
corrupted double-linked list

Program received signal SIGABRT: Process abort signal.

Backtrace for this error:
corrupted double-linked list

Program received signal SIGABRT: Process abort signal.

Backtrace for this error:
corrupted double-linked list

Program received signal SIGABRT: Process abort signal.

Backtrace for this error:
corrupted double-linked list

Program received signal SIGABRT: Process abort signal.

Backtrace for this error:
corrupted double-linked list

Program received signal SIGABRT: Process abort signal.

Backtrace for this error:
corrupted double-linked list

Program received signal SIGABRT: Process abort signal.

Backtrace for this error:
corrupted double-linked list
corrupted double-linked list
corrupted double-linked list
corrupted double-linked list

Program received signal SIGABRT: Process abort signal.

Backtrace for this error:
corrupted double-linked list

Program received signal SIGABRT: Process abort signal.

Backtrace for this error:

Program received signal SIGABRT: Process abort signal.

Backtrace for this error:

Program received signal SIGABRT: Process abort signal.

Backtrace for this error:

Program received signal SIGABRT: Process abort signal.

Backtrace for this error:

Program received signal SIGABRT: Process abort signal.

Backtrace for this error:
corrupted double-linked list

Program received signal SIGABRT: Process abort signal.

Backtrace for this error:
corrupted double-linked list

Program received signal SIGABRT: Process abort signal.

Backtrace for this error:
corrupted double-linked list

Program received signal SIGABRT: Process abort signal.

Backtrace for this error:
corrupted double-linked list

Program received signal SIGABRT: Process abort signal.

Backtrace for this error:
corrupted double-linked list

Program received signal SIGABRT: Process abort signal.

Backtrace for this error:
corrupted double-linked list

Program received signal SIGABRT: Process abort signal.

Backtrace for this error:
malloc(): unsorted double linked list corrupted

Program received signal SIGABRT: Process abort signal.

Backtrace for this error:
#0  0x14ac8f654daf in ???
#1  0x14ac8f6a154c in ???
#2  0x14ac8f654d05 in ???
#3  0x14ac8f6287f2 in ???
#4  0x14ac8f62912f in ???
#5  0x14ac8f6ab616 in ???
#6  0x14ac8f6ac16b in ???
#7  0x14ac8f6ac2cd in ???
#8  0x14ac8f6ad32f in ???
#9  0x14ac8f6af954 in ???
#10  0x14ac903592dc in ???
#11  0x14ac902c78f9 in ???
#12  0x14ac902c8028 in ???
#13  0x14ac8f4b0cb9 in ???
#14  0x14ac8f4a60ee in ???
#15  0x14ac902f7259 in ???
#16  0x14ac902f9eab in ???
#17  0x14ac902fb424 in ???
#18  0x14ac902f37b0 in ???
#19  0x14ac8fdb98c8 in ???
#0  0x15217d254daf in ???
#1  0x15217d2a154c in ???
#2  0x15217d254d05 in ???
#3  0x15217d2287f2 in ???
#4  0x15217d22912f in ???
#5  0x15217d2ab616 in ???
#6  0x15217d2ac16b in ???
#7  0x15217d2ac2cd in ???
#8  0x15217d2ad32f in ???
#9  0x15217d2af954 in ???
#10  0x15217dfef088 in ???
#11  0x15217d45acb9 in ???
#12  0x15217d4500ee in ???
#13  0x15217e01e259 in ???
#14  0x15217e020eab in ???
#15  0x15217e022424 in ???
#16  0x15217e01a7b0 in ???
#17  0x15217dae08c8 in ???
#0  0x150280654daf in ???
#1  0x1502806a154c in ???
#2  0x150280654d05 in ???
#3  0x1502806287f2 in ???
#0  0x1477e5454daf in ???
#1  0x1477e54a154c in ???
#2  0x1477e5454d05 in ???
#3  0x1477e54287f2 in ???
#4  0x1477e542912f in ???
#4  0x15028062912f in ???
#5  0x1502806ab616 in ???
#6  0x1502806ac16b in ???
#7  0x1502806ac30f in ???
#8  0x1502806ad32f in ???
#9  0x1502806af954 in ???
#10  0x1502813522dc in ???
#11  0x1502812c08f9 in ???
#0  0x146b43454daf in ???
#1  0x146b434a154c in ???
#2  0x146b43454d05 in ???
#3  0x146b434287f2 in ???
#4  0x146b4342912f in ???
#5  0x146b434ab616 in ???
#6  0x146b434ac16b in ???
#7  0x146b434ad1ca in ???
#8  0x146b434af954 in ???
#0  0x14b676c54daf in ???
#1  0x14b676ca154c in ???
#2  0x14b676c54d05 in ???
#3  0x14b676c287f2 in ???
#4  0x14b676c2912f in ???
#5  0x14b676cab616 in ???
#6  0x14b676cac16b in ???
#7  0x14b676cac30f in ???
#8  0x14b676cad32f in ???
#9  0x14b676caf954 in ???
#10  0x14b677a49480 in ???
#11  0x14b677a0e2c8 in ???
#12  0x14b67797c8f9 in ???
#0  0x14e795454daf in ???
#1  0x14e7954a154c in ???
#2  0x14e795454d05 in ???
#3  0x14e7954287f2 in ???
#4  0x14e79542912f in ???
#5  0x14e7954ab616 in ???
#6  0x14e7954ac16b in ???
#7  0x14e7954ad1ca in ???
#8  0x14e7954af954 in ???
#9  0x14e7961e819e in ???
#10  0x14e7961568f9 in ???
#11  0x14e796157028 in ???
#12  0x14e7952b0cb9 in ???
#13  0x14e7952a60ee in ???
#14  0x14e796186259 in ???
#15  0x14e796188eab in ???
#16  0x14e79618a424 in ???
#5  0x1477e54ab616 in ???
#6  0x1477e54ac16b in ???
#7  0x1477e54ac30f in ???
#8  0x1477e54ad32f in ???
#9  0x1477e54af954 in ???
#10  0x1477e625b73f in ???
#11  0x1477e6294468 in ???
#12  0x1477e62592c8 in ???
#13  0x1477e61c78f9 in ???
#14  0x1477e61c8028 in ???
#15  0x1477e52b0cb9 in ???
#16  0x1477e52a60ee in ???
#17  0x1477e61f7259 in ???
#18  0x1477e61f9eab in ???
#19  0x1477e61fb424 in ???
#20  0x1477e61f37b0 in ???
#21  0x1477e5cb98c8 in ???
#12  0x1502812c1028 in ???
#13  0x1502804b0cb9 in ???
#14  0x1502804a60ee in ???
#15  0x1502812f0259 in ???
#16  0x1502812f2eab in ???
#17  0x1502812f4424 in ???
#18  0x1502812ec7b0 in ???
#19  0x150280db28c8 in ???
#9  0x146b441552dc in ???
#10  0x146b440c38f9 in ???
#11  0x146b440c4028 in ???
#12  0x146b432b0cb9 in ???
#13  0x146b432a60ee in ???
#14  0x146b440f3259 in ???
#15  0x146b440f5eab in ???
#16  0x146b440f7424 in ???
#17  0x146b440ef7b0 in ???
#18  0x146b43bb58c8 in ???
#13  0x14b67797d028 in ???
#14  0x14b676ab0cb9 in ???
#15  0x14b676aa60ee in ???
#16  0x14b6779ac259 in ???
#17  0x14b6779aeeab in ???
#18  0x14b6779b0424 in ???
#19  0x14b6779a87b0 in ???
#20  0x14b67746e8c8 in ???
#0  0x14e1aec54daf in ???
#1  0x14e1aeca154c in ???
#2  0x14e1aec54d05 in ???
#3  0x14e1aec287f2 in ???
#4  0x14e1aec2912f in ???
#5  0x14e1aecab616 in ???
#6  0x14e1aecac16b in ???
#7  0x14e1aecad1ca in ???
#8  0x14e1aecaf954 in ???
#9  0x14e1af9102dc in ???
#10  0x14e1af87e8f9 in ???
#11  0x14e1af87f028 in ???
#12  0x14e1aeab0cb9 in ???
#13  0x14e1aeaa60ee in ???
#14  0x14e1af8ae259 in ???
#15  0x14e1af8b0eab in ???
#16  0x14e1af8b2424 in ???
#17  0x14e1af8aa7b0 in ???
#18  0x14e1af3708c8 in ???
#17  0x14e7961827b0 in ???
#18  0x14e795c488c8 in ???
#20  0x3b1687f in __message_passing_MOD_mp_world_finalize
	at /pc2/users/e/eprop2d2/cp2k_dev/src/mpiwrap/message_passing.F:1250
#18  0x3b1687f in __message_passing_MOD_mp_world_finalize
	at /pc2/users/e/eprop2d2/cp2k_dev/src/mpiwrap/message_passing.F:1250
#19  0x3b1687f in __message_passing_MOD_mp_world_finalize
	at /pc2/users/e/eprop2d2/cp2k_dev/src/mpiwrap/message_passing.F:1250
#19  0x3b1687f in __message_passing_MOD_mp_world_finalize
	at /pc2/users/e/eprop2d2/cp2k_dev/src/mpiwrap/message_passing.F:1250
#22  0x3b1687f in __message_passing_MOD_mp_world_finalize
	at /pc2/users/e/eprop2d2/cp2k_dev/src/mpiwrap/message_passing.F:1250
#20  0x3b1687f in __message_passing_MOD_mp_world_finalize
	at /pc2/users/e/eprop2d2/cp2k_dev/src/mpiwrap/message_passing.F:1250
#21  0x3b1687f in __message_passing_MOD_mp_world_finalize
	at /pc2/users/e/eprop2d2/cp2k_dev/src/mpiwrap/message_passing.F:1250
#19  0x3b1687f in __message_passing_MOD_mp_world_finalize
	at /pc2/users/e/eprop2d2/cp2k_dev/src/mpiwrap/message_passing.F:1250
#21  0x169d274 in __f77_interface_MOD_finalize_cp2k
	at /pc2/users/e/eprop2d2/cp2k_dev/src/f77_interface.F:362
#19  0x169d274 in __f77_interface_MOD_finalize_cp2k
	at /pc2/users/e/eprop2d2/cp2k_dev/src/f77_interface.F:362
#20  0x169d274 in __f77_interface_MOD_finalize_cp2k
	at /pc2/users/e/eprop2d2/cp2k_dev/src/f77_interface.F:362
#20  0x169d274 in __f77_interface_MOD_finalize_cp2k
	at /pc2/users/e/eprop2d2/cp2k_dev/src/f77_interface.F:362
#23  0x169d274 in __f77_interface_MOD_finalize_cp2k
	at /pc2/users/e/eprop2d2/cp2k_dev/src/f77_interface.F:362
#21  0x169d274 in __f77_interface_MOD_finalize_cp2k
	at /pc2/users/e/eprop2d2/cp2k_dev/src/f77_interface.F:362
#22  0x169d274 in __f77_interface_MOD_finalize_cp2k
	at /pc2/users/e/eprop2d2/cp2k_dev/src/f77_interface.F:362
#20  0x169d274 in __f77_interface_MOD_finalize_cp2k
	at /pc2/users/e/eprop2d2/cp2k_dev/src/f77_interface.F:362
#22  0x6b177c in cp2k
	at /pc2/users/e/eprop2d2/cp2k_dev/src/start/cp2k.F:389
#20  0x6b177c in cp2k
	at /pc2/users/e/eprop2d2/cp2k_dev/src/start/cp2k.F:389
#21  0x6b177c in cp2k
	at /pc2/users/e/eprop2d2/cp2k_dev/src/start/cp2k.F:389
#24  0x6b177c in cp2k
	at /pc2/users/e/eprop2d2/cp2k_dev/src/start/cp2k.F:389
#22  0x6b177c in cp2k
	at /pc2/users/e/eprop2d2/cp2k_dev/src/start/cp2k.F:389
#21  0x6b177c in cp2k
	at /pc2/users/e/eprop2d2/cp2k_dev/src/start/cp2k.F:389
#23  0x6b177c in cp2k
	at /pc2/users/e/eprop2d2/cp2k_dev/src/start/cp2k.F:389
#21  0x6b177c in cp2k
	at /pc2/users/e/eprop2d2/cp2k_dev/src/start/cp2k.F:389
#22  0x5e600c in main
	at /pc2/users/e/eprop2d2/cp2k_dev/src/start/cp2k.F:44
#25  0x5e600c in main
	at /pc2/users/e/eprop2d2/cp2k_dev/src/start/cp2k.F:44
#23  0x5e600c in main
	at /pc2/users/e/eprop2d2/cp2k_dev/src/start/cp2k.F:44
#23  0x5e600c in main
	at /pc2/users/e/eprop2d2/cp2k_dev/src/start/cp2k.F:44
#21  0x5e600c in main
	at /pc2/users/e/eprop2d2/cp2k_dev/src/start/cp2k.F:44
#22  0x5e600c in main
	at /pc2/users/e/eprop2d2/cp2k_dev/src/start/cp2k.F:44
#24  0x5e600c in main
	at /pc2/users/e/eprop2d2/cp2k_dev/src/start/cp2k.F:44
#22  0x5e600c in main
	at /pc2/users/e/eprop2d2/cp2k_dev/src/start/cp2k.F:44
#0  0x15284c054daf in ???
#1  0x15284c0a154c in ???
#2  0x15284c054d05 in ???
#3  0x15284c0287f2 in ???
#4  0x15284c02912f in ???
#5  0x15284c0ab616 in ???
#6  0x15284c0ac16b in ???
#7  0x15284c0ad1ca in ???
#8  0x15284c0af954 in ???
#0  0x149fc3654daf in ???
#1  0x149fc36a154c in ???
#2  0x149fc3654d05 in ???
#3  0x149fc36287f2 in ???
#4  0x149fc362912f in ???
#5  0x149fc36ab616 in ???
#6  0x149fc36ac16b in ???
#7  0x149fc36ac30f in ???
#8  0x149fc36ad32f in ???
#9  0x149fc36af954 in ???
#10  0x149fc4288088 in ???
#11  0x149fc34b0cb9 in ???
#12  0x149fc34a60ee in ???
#13  0x149fc42b7259 in ???
#14  0x149fc42b9eab in ???
#15  0x149fc42bb424 in ???
#16  0x149fc42b37b0 in ???
#17  0x149fc3d798c8 in ???
#0  0x151757054daf in ???
#1  0x1517570a154c in ???
#2  0x151757054d05 in ???
#3  0x1517570287f2 in ???
#4  0x15175702912f in ???
#5  0x1517570ab616 in ???
#6  0x1517570ac16b in ???
#7  0x1517570ac30f in ???
#8  0x1517570ad32f in ???
#9  0x1517570af954 in ???
#10  0x151757da9088 in ???
#11  0x151756eb0cb9 in ???
#12  0x151756ea60ee in ???
#13  0x151757dd8259 in ???
#14  0x151757ddaeab in ???
#15  0x151757ddc424 in ???
#16  0x151757dd47b0 in ???
#17  0x15175789a8c8 in ???
#9  0x15284cdc8480 in ???
#10  0x15284cd8d2c8 in ???
#11  0x15284ccfb8f9 in ???
#12  0x15284ccfc028 in ???
#13  0x15284beb0cb9 in ???
#14  0x15284bea60ee in ???
#15  0x15284cd2b259 in ???
#16  0x15284cd2deab in ???
#17  0x15284cd2f424 in ???
#18  0x15284cd277b0 in ???
#19  0x15284c7ed8c8 in ???
#18  0x3b1687f in __message_passing_MOD_mp_world_finalize
	at /pc2/users/e/eprop2d2/cp2k_dev/src/mpiwrap/message_passing.F:1250
#20  0x3b1687f in __message_passing_MOD_mp_world_finalize
	at /pc2/users/e/eprop2d2/cp2k_dev/src/mpiwrap/message_passing.F:1250
#18  0x3b1687f in __message_passing_MOD_mp_world_finalize
	at /pc2/users/e/eprop2d2/cp2k_dev/src/mpiwrap/message_passing.F:1250
#19  0x169d274 in __f77_interface_MOD_finalize_cp2k
	at /pc2/users/e/eprop2d2/cp2k_dev/src/f77_interface.F:362
#21  0x169d274 in __f77_interface_MOD_finalize_cp2k
	at /pc2/users/e/eprop2d2/cp2k_dev/src/f77_interface.F:362
#19  0x169d274 in __f77_interface_MOD_finalize_cp2k
	at /pc2/users/e/eprop2d2/cp2k_dev/src/f77_interface.F:362
#20  0x6b177c in cp2k
	at /pc2/users/e/eprop2d2/cp2k_dev/src/start/cp2k.F:389
#22  0x6b177c in cp2k
	at /pc2/users/e/eprop2d2/cp2k_dev/src/start/cp2k.F:389
#20  0x6b177c in cp2k
	at /pc2/users/e/eprop2d2/cp2k_dev/src/start/cp2k.F:389
#21  0x5e600c in main
	at /pc2/users/e/eprop2d2/cp2k_dev/src/start/cp2k.F:44
#23  0x5e600c in main
	at /pc2/users/e/eprop2d2/cp2k_dev/src/start/cp2k.F:44
#21  0x5e600c in main
	at /pc2/users/e/eprop2d2/cp2k_dev/src/start/cp2k.F:44
#0  0x154a7d254daf in ???
#1  0x154a7d2a154c in ???
#2  0x154a7d254d05 in ???
#3  0x154a7d2287f2 in ???
#4  0x154a7d22912f in ???
#5  0x154a7d2ab616 in ???
#6  0x154a7d2ac16b in ???
#7  0x154a7d2ac30f in ???
#8  0x154a7d2ad32f in ???
#9  0x154a7d2af954 in ???
#0  0x15459b854daf in ???
#1  0x15459b8a154c in ???
#2  0x15459b854d05 in ???
#3  0x15459b8287f2 in ???
#4  0x15459b82912f in ???
#5  0x15459b8ab616 in ???
#6  0x15459b8ac16b in ???
#7  0x15459b8ad1ca in ???
#8  0x15459b8af954 in ???
#0  0x15362cc54daf in ???
#1  0x15362cca154c in ???
#2  0x15362cc54d05 in ???
#3  0x15362cc287f2 in ???
#4  0x15362cc2912f in ???
#5  0x15362ccab616 in ???
#6  0x15362ccac16b in ???
#7  0x15362ccad1ca in ???
#8  0x15362ccaf954 in ???
#0  0x14f079e54daf in ???
#1  0x14f079ea154c in ???
#2  0x14f079e54d05 in ???
#3  0x14f079e287f2 in ???
#4  0x14f079e2912f in ???
#5  0x14f079eab616 in ???
#6  0x14f079eae5eb in ???
#7  0x14f079eaf428 in ???
#8  0x14f0792e6c39 in ???
#9  0x14f079d57efd in ???
#10  0x154a7df12088 in ???
#10  0x14f07ac13790 in ???
#11  0x14f07aa6fc9c in ???
#11  0x154a7d0b0cb9 in ???
#12  0x154a7d0a60ee in ???
#13  0x154a7df41259 in ???
#14  0x154a7df43eab in ???
#15  0x154a7df45424 in ???
#16  0x154a7df3d7b0 in ???
#17  0x154a7da038c8 in ???
#12  0x14f079c76cb9 in ???
#13  0x14f079c6c0ee in ???
#14  0x14f07aa6e259 in ???
#15  0x14f07aa70eab in ???
#16  0x14f07aa72424 in ???
#17  0x14f07aa6a7b0 in ???
#18  0x14f07a5308c8 in ???
#9  0x15459c59a19e in ???
#10  0x15459c5088f9 in ???
#11  0x15459c509028 in ???
#12  0x15459b6b0cb9 in ???
#13  0x15459b6a60ee in ???
#14  0x15459c538259 in ???
#15  0x15459c53aeab in ???
#16  0x15459c53c424 in ???
#17  0x15459c5347b0 in ???
#18  0x15459bffa8c8 in ???
#9  0x15362d98b480 in ???
#10  0x15362d9502c8 in ???
#11  0x15362d8be8f9 in ???
#12  0x15362d8bf028 in ???
#13  0x15362cab0cb9 in ???
#14  0x15362caa60ee in ???
#15  0x15362d8ee259 in ???
#16  0x15362d8f0eab in ???
#17  0x15362d8f2424 in ???
#18  0x15362d8ea7b0 in ???
#19  0x15362d3b08c8 in ???
#18  0x3b1687f in __message_passing_MOD_mp_world_finalize
	at /pc2/users/e/eprop2d2/cp2k_dev/src/mpiwrap/message_passing.F:1250
#19  0x3b1687f in __message_passing_MOD_mp_world_finalize
	at /pc2/users/e/eprop2d2/cp2k_dev/src/mpiwrap/message_passing.F:1250
#20  0x3b1687f in __message_passing_MOD_mp_world_finalize
	at /pc2/users/e/eprop2d2/cp2k_dev/src/mpiwrap/message_passing.F:1250
#19  0x3b1687f in __message_passing_MOD_mp_world_finalize
	at /pc2/users/e/eprop2d2/cp2k_dev/src/mpiwrap/message_passing.F:1250
#19  0x169d274 in __f77_interface_MOD_finalize_cp2k
	at /pc2/users/e/eprop2d2/cp2k_dev/src/f77_interface.F:362
#20  0x169d274 in __f77_interface_MOD_finalize_cp2k
	at /pc2/users/e/eprop2d2/cp2k_dev/src/f77_interface.F:362
#20  0x169d274 in __f77_interface_MOD_finalize_cp2k
	at /pc2/users/e/eprop2d2/cp2k_dev/src/f77_interface.F:362
#21  0x169d274 in __f77_interface_MOD_finalize_cp2k
	at /pc2/users/e/eprop2d2/cp2k_dev/src/f77_interface.F:362
#20  0x6b177c in cp2k
	at /pc2/users/e/eprop2d2/cp2k_dev/src/start/cp2k.F:389
#21  0x6b177c in cp2k
	at /pc2/users/e/eprop2d2/cp2k_dev/src/start/cp2k.F:389
#22  0x6b177c in cp2k
	at /pc2/users/e/eprop2d2/cp2k_dev/src/start/cp2k.F:389
#21  0x6b177c in cp2k
	at /pc2/users/e/eprop2d2/cp2k_dev/src/start/cp2k.F:389
#21  0x5e600c in main
	at /pc2/users/e/eprop2d2/cp2k_dev/src/start/cp2k.F:44
#22  0x5e600c in main
	at /pc2/users/e/eprop2d2/cp2k_dev/src/start/cp2k.F:44
#23  0x5e600c in main
	at /pc2/users/e/eprop2d2/cp2k_dev/src/start/cp2k.F:44
#22  0x5e600c in main
	at /pc2/users/e/eprop2d2/cp2k_dev/src/start/cp2k.F:44
#0  0x15421f454daf in ???
#1  0x15421f4a154c in ???
#2  0x15421f454d05 in ???
#3  0x15421f4287f2 in ???
#4  0x15421f42912f in ???
#5  0x15421f4ab616 in ???
#6  0x15421f4ac16b in ???
#7  0x15421f4ad1ca in ???
#8  0x15421f4af954 in ???
#9  0x154220223480 in ???
#10  0x1542201e82c8 in ???
#11  0x1542201568f9 in ???
#12  0x154220157028 in ???
#13  0x15421f2b0cb9 in ???
#14  0x15421f2a60ee in ???
#15  0x154220186259 in ???
#16  0x154220188eab in ???
#0  0x153c30254daf in ???
#1  0x153c302a154c in ???
#2  0x153c30254d05 in ???
#3  0x153c302287f2 in ???
#17  0x15422018a424 in ???
#18  0x1542201827b0 in ???
#19  0x15421fc488c8 in ???
#4  0x153c3022912f in ???
#5  0x153c302ab616 in ???
#6  0x153c302ac16b in ???
#7  0x153c302ad1ca in ???
#8  0x153c302af954 in ???
#9  0x153c3018f608 in ???
#10  0x153c30eae028 in ???
#11  0x153c300b0cb9 in ???
#12  0x153c300a60ee in ???
#13  0x153c30edd259 in ???
#14  0x153c30edfeab in ???
#15  0x153c30ee1424 in ???
#16  0x153c30ed97b0 in ???
#17  0x153c3099f8c8 in ???
#0  0x1460f1654daf in ???
#1  0x1460f16a154c in ???
#2  0x1460f1654d05 in ???
#3  0x1460f16287f2 in ???
#4  0x1460f162912f in ???
#5  0x1460f16ab616 in ???
#6  0x1460f16ac16b in ???
#7  0x1460f16ad1ca in ???
#8  0x1460f16af954 in ???
#9  0x1460f23fa2dc in ???
#10  0x1460f23688f9 in ???
#11  0x1460f2369028 in ???
#12  0x1460f14b0cb9 in ???
#13  0x1460f14a60ee in ???
#14  0x1460f2398259 in ???
#15  0x1460f239aeab in ???
#0  0x146386254daf in ???
#1  0x1463862a154c in ???
#2  0x146386254d05 in ???
#3  0x1463862287f2 in ???
#4  0x14638622912f in ???
#5  0x1463862ab616 in ???
#6  0x1463862ac16b in ???
#7  0x1463862ac30f in ???
#8  0x1463862ad32f in ???
#9  0x1463862af954 in ???
#16  0x1460f239c424 in ???
#17  0x1460f23947b0 in ???
#18  0x1460f1e5a8c8 in ???
#10  0x146386e5a088 in ???
#11  0x1463860b0cb9 in ???
#12  0x1463860a60ee in ???
#13  0x146386e89259 in ???
#14  0x146386e8beab in ???
#15  0x146386e8d424 in ???
#16  0x146386e857b0 in ???
#0  0x14e1b1654daf in ???
#17  0x14638694b8c8 in ???
#1  0x14e1b16a154c in ???
#2  0x14e1b1654d05 in ???
#3  0x14e1b16287f2 in ???
#4  0x14e1b162912f in ???
#5  0x14e1b16ab616 in ???
#6  0x14e1b16ac16b in ???
#7  0x14e1b16ad1ca in ???
#8  0x14e1b16af954 in ???
#9  0x14e1b2473250 in ???
#10  0x14e1b24382c8 in ???
#11  0x14e1b23a68f9 in ???
#12  0x14e1b23a7028 in ???
#13  0x14e1b14b0cb9 in ???
#14  0x14e1b14a60ee in ???
#15  0x14e1b23d6259 in ???
#16  0x14e1b23d8eab in ???
#17  0x14e1b23da424 in ???
#18  0x14e1b23d27b0 in ???
#19  0x14e1b1e988c8 in ???
#0  0x1497bf854daf in ???
#1  0x1497bf8a154c in ???
#2  0x1497bf854d05 in ???
#3  0x1497bf8287f2 in ???
#4  0x1497bf82912f in ???
#5  0x1497bf8ab616 in ???
#6  0x1497bf8ac16b in ???
#7  0x1497bf8ad1ca in ???
#8  0x1497bf8af954 in ???
#9  0x1497c05fe2dc in ???
#10  0x1497c056c8f9 in ???
#11  0x1497c056d028 in ???
#12  0x1497bf6b0cb9 in ???
#13  0x1497bf6a60ee in ???
#14  0x1497c059c259 in ???
#15  0x1497c059eeab in ???
#16  0x1497c05a0424 in ???
#17  0x1497c05987b0 in ???
#18  0x1497c005e8c8 in ???
#19  0x3b1687f in __message_passing_MOD_mp_world_finalize
	at /pc2/users/e/eprop2d2/cp2k_dev/src/mpiwrap/message_passing.F:1250
#18  0x3b1687f in __message_passing_MOD_mp_world_finalize
	at /pc2/users/e/eprop2d2/cp2k_dev/src/mpiwrap/message_passing.F:1250
#20  0x3b1687f in __message_passing_MOD_mp_world_finalize
	at /pc2/users/e/eprop2d2/cp2k_dev/src/mpiwrap/message_passing.F:1250
#20  0x3b1687f in __message_passing_MOD_mp_world_finalize
	at /pc2/users/e/eprop2d2/cp2k_dev/src/mpiwrap/message_passing.F:1250
#18  0x3b1687f in __message_passing_MOD_mp_world_finalize
	at /pc2/users/e/eprop2d2/cp2k_dev/src/mpiwrap/message_passing.F:1250
#19  0x3b1687f in __message_passing_MOD_mp_world_finalize
	at /pc2/users/e/eprop2d2/cp2k_dev/src/mpiwrap/message_passing.F:1250
#20  0x169d274 in __f77_interface_MOD_finalize_cp2k
	at /pc2/users/e/eprop2d2/cp2k_dev/src/f77_interface.F:362
#19  0x169d274 in __f77_interface_MOD_finalize_cp2k
	at /pc2/users/e/eprop2d2/cp2k_dev/src/f77_interface.F:362
#21  0x169d274 in __f77_interface_MOD_finalize_cp2k
	at /pc2/users/e/eprop2d2/cp2k_dev/src/f77_interface.F:362
#20  0x169d274 in __f77_interface_MOD_finalize_cp2k
	at /pc2/users/e/eprop2d2/cp2k_dev/src/f77_interface.F:362
#21  0x169d274 in __f77_interface_MOD_finalize_cp2k
	at /pc2/users/e/eprop2d2/cp2k_dev/src/f77_interface.F:362
#19  0x169d274 in __f77_interface_MOD_finalize_cp2k
	at /pc2/users/e/eprop2d2/cp2k_dev/src/f77_interface.F:362
#21  0x6b177c in cp2k
	at /pc2/users/e/eprop2d2/cp2k_dev/src/start/cp2k.F:389
#20  0x6b177c in cp2k
	at /pc2/users/e/eprop2d2/cp2k_dev/src/start/cp2k.F:389
#22  0x6b177c in cp2k
	at /pc2/users/e/eprop2d2/cp2k_dev/src/start/cp2k.F:389
#21  0x6b177c in cp2k
	at /pc2/users/e/eprop2d2/cp2k_dev/src/start/cp2k.F:389
#22  0x6b177c in cp2k
	at /pc2/users/e/eprop2d2/cp2k_dev/src/start/cp2k.F:389
#20  0x6b177c in cp2k
	at /pc2/users/e/eprop2d2/cp2k_dev/src/start/cp2k.F:389
#22  0x5e600c in main
	at /pc2/users/e/eprop2d2/cp2k_dev/src/start/cp2k.F:44
#21  0x5e600c in main
	at /pc2/users/e/eprop2d2/cp2k_dev/src/start/cp2k.F:44
#23  0x5e600c in main
	at /pc2/users/e/eprop2d2/cp2k_dev/src/start/cp2k.F:44
#22  0x5e600c in main
	at /pc2/users/e/eprop2d2/cp2k_dev/src/start/cp2k.F:44
#23  0x5e600c in main
	at /pc2/users/e/eprop2d2/cp2k_dev/src/start/cp2k.F:44
#21  0x5e600c in main
	at /pc2/users/e/eprop2d2/cp2k_dev/src/start/cp2k.F:44
srun: error: lcn1322: task 19: Aborted (core dumped)
srun: Terminating StepId=854887.0
slurmstepd: error: *** STEP 854887.0 ON lcn1321 CANCELLED AT 2026-01-28T12:16:04 ***
srun: error: lcn1501: tasks 49-50,56-57,61: Terminated
srun: error: lcn1321: tasks 6,10,15: Terminated
srun: error: lcn1323: tasks 32-42,44-45: Terminated
srun: error: lcn1501: tasks 48,52-53,60,62: Terminated
srun: error: lcn1321: tasks 0,2,4,7,13: Terminated
srun: error: lcn1322: tasks 17-18,21-24,26-31: Terminated
srun: error: lcn1323: task 47: Aborted (core dumped)
slurmstepd: error:  mpi/pmix_v3: _errhandler: lcn1501 [3]: pmixp_client_v2.c:211: Error handler invoked: status = -25, source = [slurm.pmix.854887.0:57]
srun: Job step aborted: Waiting up to 32 seconds for job step to finish.
slurmstepd: error:  mpi/pmix_v3: _errhandler: lcn1322 [1]: pmixp_client_v2.c:211: Error handler invoked: status = -25, source = [slurm.pmix.854887.0:19]
slurmstepd: error:  mpi/pmix_v3: _errhandler: lcn1321 [0]: pmixp_client_v2.c:211: Error handler invoked: status = -25, source = [slurm.pmix.854887.0:6]
srun: error: lcn1323: task 46: Aborted (core dumped)
srun: error: lcn1321: task 1: Aborted (core dumped)
srun: error: lcn1322: task 16: Aborted (core dumped)
srun: error: lcn1322: task 25: Aborted (core dumped)
srun: error: lcn1323: task 43: Aborted (core dumped)
slurmstepd: error:  mpi/pmix_v3: _errhandler: lcn1321 [0]: pmixp_client_v2.c:211: Error handler invoked: status = -25, source = [slurm.pmix.854887.0:1]
srun: error: lcn1322: task 20: Aborted (core dumped)
srun: error: lcn1321: task 12: Aborted (core dumped)
slurmstepd: error:  mpi/pmix_v3: _errhandler: lcn1321 [0]: pmixp_client_v2.c:211: Error handler invoked: status = -25, source = [slurm.pmix.854887.0:12]
srun: error: lcn1321: task 11: Aborted (core dumped)
srun: error: lcn1321: tasks 3,8: Aborted (core dumped)
srun: error: lcn1321: tasks 5,9: Aborted (core dumped)
srun: error: lcn1321: task 14: Aborted (core dumped)
srun: error: lcn1501: task 63: Aborted (core dumped)
srun: error: lcn1501: task 59: Aborted (core dumped)
srun: error: lcn1501: tasks 54-55: Aborted (core dumped)
srun: error: lcn1501: task 51: Aborted (core dumped)
srun: error: lcn1501: task 58: Aborted (core dumped)
