Energy-E_F (eV)    DOS (1/eV)    PDOS (1/eV)  of atom type H  C  
     -6.84015    202.01192      9.99482    192.01710
     -6.83015    293.52756     22.64799    270.87957
     -6.82015    228.81771     22.29349    206.52421
     -6.81015    124.70408      9.60020    115.10388
     -6.80015     89.80754      2.87095     86.93658
     -6.79015     62.92946      1.30067     61.62879
     -6.78015     88.73011      1.65633     87.07378
     -6.77015    138.39929      2.83479    135.56449
     -6.76015    163.77396      7.86914    155.90483
     -6.75015    236.93150     24.23806    212.69344
     -6.74015    300.88771     38.37821    262.50950
     -6.73015    214.63673     27.74042    186.89632
     -6.72015    121.51685      9.76571    111.75114
     -6.71015     96.66804      4.32291     92.34513
     -6.70015    122.91480     10.04291    112.87189
     -6.69015    216.01398     18.27293    197.74106
     -6.68015    197.85278     13.60763    184.24515
     -6.67015     97.75141      6.81048     90.94093
     -6.66015    135.26413     15.36920    119.89494
     -6.65015    237.32815     27.62494    209.70321
     -6.64015    169.94334     18.88452    151.05882
     -6.63015     76.72522      5.29176     71.43346
     -6.62015    122.11828      2.39411    119.72417
     -6.61015    160.44339      3.67173    156.77166
     -6.60015    118.40897      9.45618    108.95279
     -6.59015    150.02647     22.68756    127.33891
     -6.58015    223.80999     30.42445    193.38554
     -6.57015    212.78797     26.08684    186.70113
     -6.56015    142.19054     15.33083    126.85971
     -6.55015    116.89804      6.31222    110.58582
     -6.54015    153.28115      3.21788    150.06327
     -6.53015    131.07142      3.71331    127.35811
     -6.52015    114.58475     13.72832    100.85643
     -6.51015    210.00896     33.66143    176.34753
     -6.50015    222.11564     32.42941    189.68623
     -6.49015    129.55100     15.58737    113.96362
     -6.48015    112.83755     10.27585    102.56170
     -6.47015    142.89103      7.45262    135.43841
     -6.46015    173.93809      5.74477    168.19332
     -6.45015    172.34066     13.84232    158.49834
     -6.44015    193.34797     29.16773    164.18024
     -6.43015    191.18508     26.63268    164.55239
     -6.42015    159.50322     16.35456    143.14867
     -6.41015    203.04771     28.48353    174.56418
     -6.40015    272.79176     43.05422    229.73754
     -6.39015    272.19901     35.25445    236.94456
     -6.38015    278.52963     24.67575    253.85388
     -6.37015    218.05281     17.47665    200.57616
     -6.36015    123.48036     12.24915    111.23121
     -6.35015     72.69760      5.96928     66.72832
     -6.34015     92.48446      4.70297     87.78149
     -6.33015    119.81129     11.19843    108.61286
     -6.32015    108.05522     15.62931     92.42591
     -6.31015     90.95323      9.23871     81.71451
     -6.30015    140.20813      4.22778    135.98035
     -6.29015    172.90667      6.65511    166.25156
     -6.28015    139.07360     13.22447    125.84913
     -6.27015    121.20298     18.24694    102.95604
     -6.26015    199.39546     30.39446    169.00099
     -6.25015    321.91909     44.48885    277.43023
     -6.24015    298.86039     41.19652    257.66387
     -6.23015    259.01046     41.19227    217.81819
     -6.22015    260.84899     39.07432    221.77467
     -6.21015    223.57449     26.05199    197.52250
     -6.20015    164.90180     13.55365    151.34815
     -6.19015    155.81650     16.14435    139.67215
     -6.18015    170.22001     22.46664    147.75337
     -6.17015    118.87713     14.74926    104.12786
     -6.16015    100.11275      9.76489     90.34786
     -6.15015    160.71796     18.15153    142.56643
     -6.14015    172.00065     19.44831    152.55234
     -6.13015    136.13944     10.30472    125.83471
     -6.12015    144.24515     12.57065    131.67450
     -6.11015    219.16553     22.92344    196.24209
     -6.10015    194.48887     17.98068    176.50819
     -6.09015     75.03533      5.48339     69.55194
     -6.08015     13.41880      0.71093     12.70787
     -6.07015     19.96491      0.97485     18.99006
     -6.06015    110.29928      7.22097    103.07831
     -6.05015    274.52624     23.65466    250.87157
     -6.04015    316.09580     35.16040    280.93539
     -6.03015    194.73784     27.04935    167.68849
     -6.02015     89.43323     12.87831     76.55491
     -6.01015    116.32990     10.63691    105.69300
     -6.00015    244.94452     18.26047    226.68405
     -5.99015    304.87813     19.52897    285.34916
     -5.98015    225.51054     12.48445    213.02609
     -5.97015     98.74223      5.38455     93.35768
     -5.96015     90.84658      8.97743     81.86915
     -5.95015    201.25295     24.82245    176.43049
     -5.94015    244.90239     34.72157    210.18082
     -5.93015    173.29149     25.25346    148.03803
     -5.92015     80.02776     10.46045     69.56731
     -5.91015     61.00956      8.17164     52.83793
     -5.90015    171.90961     25.33647    146.57314
     -5.89015    268.44503     40.66343    227.78160
     -5.88015    239.12507     34.87321    204.25187
     -5.87015    208.49605     29.57196    178.92409
     -5.86015    171.55350     24.31641    147.23709
     -5.85015    129.00021     13.72266    115.27755
     -5.84015    140.69980      9.14520    131.55460
     -5.83015    151.16489     13.11899    138.04590
     -5.82015    135.12511     20.84776    114.27735
     -5.81015    165.81948     29.72965    136.08983
     -5.80015    243.65863     31.23593    212.42270
     -5.79015    319.82369     30.09947    289.72422
     -5.78015    274.50970     24.19078    250.31892
     -5.77015    113.71725     10.04521    103.67204
     -5.76015     28.30795      2.63255     25.67541
     -5.75015     51.61934      5.22407     46.39528
     -5.74015    127.34967     13.01287    114.33679
     -5.73015    200.15108     22.02460    178.12648
     -5.72015    224.91171     24.31838    200.59333
     -5.71015    194.79154     16.80740    177.98415
     -5.70015    139.67985     12.47810    127.20175
     -5.69015    106.04696     15.68035     90.36661
     -5.68015    166.37090     25.71711    140.65379
     -5.67015    219.97248     25.34691    194.62557
     -5.66015    179.11540     19.44298    159.67241
     -5.65015    199.73751     28.25287    171.48464
     -5.64015    258.41002     33.41088    224.99914
     -5.63015    246.20697     22.26444    223.94253
     -5.62015    295.70083     23.33672    272.36411
     -5.61015    358.10564     32.75578    325.34986
     -5.60015    297.77840     31.84739    265.93101
     -5.59015    344.21737     44.16115    300.05622
     -5.58015    567.53857     74.31219    493.22638
     -5.57015    717.51656     91.20561    626.31095
     -5.56015    701.92991     90.46680    611.46311
     -5.55015    638.86065     77.50483    561.35582
     -5.54015    576.78563     62.01051    514.77512
     -5.53015    535.49248     59.50070    475.99178
     -5.52015    501.17125     55.21534    445.95592
     -5.51015    455.54148     46.59275    408.94873
     -5.50015    450.15301     44.29054    405.86247
     -5.49015    525.78397     56.47798    469.30599
     -5.48015    478.92924     59.12410    419.80513
     -5.47015    302.85832     46.52406    256.33426
     -5.46015    267.77662     47.19492    220.58170
     -5.45015    268.57439     39.36463    229.20976
     -5.44015    205.53597     23.02029    182.51569
     -5.43015    167.42429     18.80089    148.62339
     -5.42015    136.83453     23.35864    113.47589
     -5.41015     84.18678     19.58592     64.60086
     -5.40015     94.57399     24.87903     69.69496
     -5.39015    181.06992     45.74359    135.32633
     -5.38015    256.64972     52.48095    204.16877
     -5.37015    303.67863     40.47650    263.20213
     -5.36015    317.44222     38.27649    279.16573
     -5.35015    254.51455     37.75213    216.76241
     -5.34015    138.96929     21.86209    117.10720
     -5.33015     48.69168      6.78594     41.90573
     -5.32015     35.92269      1.55225     34.37044
     -5.31015     73.74028      1.51565     72.22463
     -5.30015     71.34729      1.44260     69.90468
     -5.29015     55.59744      1.71426     53.88318
     -5.28015    110.68322      6.34540    104.33782
     -5.27015    149.80618     12.33531    137.47087
     -5.26015    104.27151      9.53294     94.73857
     -5.25015     83.06866      3.80255     79.26611
     -5.24015     78.09331      1.78173     76.31158
     -5.23015     34.35139      0.72084     33.63055
     -5.22015     10.41834      0.71688      9.70146
     -5.21015     36.95986      4.18730     32.77256
     -5.20015    125.83465     11.79083    114.04383
     -5.19015    234.65040     17.32406    217.32634
     -5.18015    245.99243     16.97638    229.01605
     -5.17015    123.74439      9.16724    114.57715
     -5.16015     25.91319      2.07971     23.83348
     -5.15015      2.39921      0.18522      2.21399
     -5.14015      5.10200      0.10678      4.99522
     -5.13015     32.58738      0.66532     31.92206
     -5.12015     85.20979      2.06796     83.14184
     -5.11015    135.18661      6.38695    128.79965
     -5.10015    214.63373     17.92413    196.70961
     -5.09015    216.25395     22.91688    193.33707
     -5.08015     95.82200     11.32111     84.50089
     -5.07015     35.06062      2.47350     32.58713
     -5.06015     63.74859      1.40611     62.34248
     -5.05015     76.20139      1.53572     74.66567
     -5.04015     34.75435      0.70072     34.05363
     -5.03015     16.05770      0.44705     15.61064
     -5.02015     60.83480      2.83294     58.00186
     -5.01015    148.34039      9.53913    138.80126
     -5.00015    179.32264     12.85845    166.46419
     -4.99015    131.37550      7.32325    124.05225
     -4.98015     56.88447      2.00700     54.87747
     -4.97015     11.45857      0.28920     11.16937
     -4.96015      1.36691      0.02902      1.33789
     -4.95015      7.60472      0.15769      7.44703
     -4.94015     50.96759      1.21369     49.75389
     -4.93015    147.88098      5.01087    142.87011
     -4.92015    203.45467     11.29597    192.15870
     -4.91015    138.78230     11.69946    127.08284
     -4.90015     44.76948      4.85763     39.91185
     -4.89015     11.35596      0.86997     10.48598
     -4.88015     33.24898      0.72225     32.52673
     -4.87015     76.39088      1.62288     74.76800
     -4.86015     75.69221      2.22984     73.46237
     -4.85015     86.61648      5.15686     81.45962
     -4.84015    167.21104     11.29015    155.92089
     -4.83015    204.59367     15.35615    189.23752
     -4.82015    159.95116     12.48214    147.46902
     -4.81015    113.17917      5.67108    107.50808
     -4.80015     61.03237      1.72935     59.30302
     -4.79015     15.41918      0.34403     15.07515
     -4.78015      4.29343      0.08850      4.20493
     -4.77015     26.32569      0.54075     25.78494
     -4.76015    101.13924      2.40071     98.73853
     -4.75015    179.35473      6.77849    172.57624
     -4.74015    171.67922     11.97343    159.70579
     -4.73015    103.93992     10.40495     93.53497
     -4.72015    103.21768      7.30620     95.91148
     -4.71015    244.92293     11.03404    233.88889
     -4.70015    425.18653     14.77174    410.41479
     -4.69015    500.59221     14.84255    485.74965
     -4.68015    462.60152     12.50106    450.10046
     -4.67015    446.70142     11.82299    434.87843
     -4.66015    424.39805     15.11434    409.28371
     -4.65015    362.27238     18.69921    343.57317
     -4.64015    277.17649     14.34414    262.83235
     -4.63015    211.76162      7.74333    204.01829
     -4.62015    161.32204      4.69475    156.62729
     -4.61015    131.81725      3.71056    128.10669
     -4.60015    153.17227      4.85047    148.32180
     -4.59015    229.61356      9.05239    220.56117
     -4.58015    273.66083     12.10842    261.55241
     -4.57015    260.62242     14.01095    246.61147
     -4.56015    261.98378     16.29536    245.68842
     -4.55015    201.23026     10.86191    190.36835
     -4.54015    109.55504      4.18054    105.37450
     -4.53015     91.32711      2.61088     88.71623
     -4.52015     82.86264      2.14555     80.71710
     -4.51015     96.04224      2.12407     93.91818
     -4.50015    151.55280      3.68080    147.87200
     -4.49015    195.42270      6.99186    188.43084
     -4.48015    220.99330     13.47552    207.51778
     -4.47015    245.85709     18.04659    227.81050
     -4.46015    232.67892     13.89721    218.78171
     -4.45015    160.86850      6.60685    154.26164
     -4.44015     94.68610      2.74313     91.94297
     -4.43015     81.88021      2.19028     79.68993
     -4.42015     82.31265      2.23339     80.07925
     -4.41015     69.17630      2.18935     66.98694
     -4.40015    139.69404      6.62793    133.06612
     -4.39015    248.27026     14.35055    233.91971
     -4.38015    234.64628     13.33430    221.31198
     -4.37015    122.50760      5.68824    116.81935
     -4.36015     82.32958      3.53240     78.79718
     -4.35015    145.56265      7.03894    138.52371
     -4.34015    139.97649      7.09569    132.88080
     -4.33015     70.53210      3.16619     67.36590
     -4.32015     98.31432      3.55401     94.76032
     -4.31015    215.20219     10.50606    204.69613
     -4.30015    301.62923     16.06778    285.56144
     -4.29015    242.40194     10.63853    231.76341
     -4.28015    125.73793      3.69003    122.04791
     -4.27015    112.19033      2.53798    109.65236
     -4.26015    152.97217      3.26399    149.70818
     -4.25015    119.69407      2.82411    116.86996
     -4.24015    118.38318      5.00751    113.37567
     -4.23015    225.09664     11.65260    213.44404
     -4.22015    332.81809     17.85581    314.96228
     -4.21015    330.07634     15.81714    314.25920
     -4.20015    171.04002      6.68050    164.35952
     -4.19015     57.23209      1.71708     55.51501
     -4.18015     70.37595      1.80627     68.56967
     -4.17015    100.12234      2.37398     97.74836
     -4.16015    109.99591      2.28898    107.70694
     -4.15015    134.52451      4.05451    130.47001
     -4.14015    197.52958     10.62019    186.90939
     -4.13015    265.90456     16.87530    249.02926
     -4.12015    259.80048     14.48987    245.31061
     -4.11015    190.13354      7.88792    182.24562
     -4.10015    137.11412      3.57912    133.53500
     -4.09015    138.35968      2.89931    135.46037
     -4.08015    117.11071      2.72706    114.38365
     -4.07015     74.41131      2.58640     71.82491
     -4.06015    112.89671      7.01221    105.88450
     -4.05015    198.41297     13.42823    184.98475
     -4.04015    209.36663     11.32002    198.04661
     -4.03015    177.59839      5.95518    171.64321
     -4.02015    166.64157      5.62019    161.02138
     -4.01015    183.76112      7.33456    176.42656
     -4.00015    158.03180      5.61357    152.41823
     -3.99015    164.81848      4.85007    159.96841
     -3.98015    186.07559      7.95339    178.12220
     -3.97015    180.34132     12.50251    167.83881
     -3.96015    182.06427     11.21855    170.84572
     -3.95015    164.79295      5.86412    158.92883
     -3.94015    145.73204      3.51247    142.21956
     -3.93015    109.24776      2.60384    106.64392
     -3.92015     70.79212      2.73943     68.05268
     -3.91015     90.03075      5.42913     84.60161
     -3.90015    134.83774      9.01612    125.82162
     -3.89015    174.52503     12.91622    161.60881
     -3.88015    130.58246     10.46130    120.12115
     -3.87015     40.12092      3.41820     36.70271
     -3.86015      4.64546      0.41749      4.22797
     -3.85015      0.38953      0.02310      0.36643
     -3.84015      4.08294      0.11753      3.96541
     -3.83015     35.14027      1.41517     33.72510
     -3.82015    129.83727      7.40291    122.43436
     -3.81015    216.03962     15.92425    200.11536
     -3.80015    159.46758     13.42948    146.03811
     -3.79015     50.39556      4.33940     46.05616
     -3.78015     22.73454      0.84001     21.89452
     -3.77015     82.61393      1.58569     81.02824
     -3.76015    170.37218      3.28674    167.08544
     -3.75015    203.30784      4.90407    198.40376
     -3.74015    248.97281     10.06538    238.90743
     -3.73015    274.88574     14.92859    259.95715
     -3.72015    201.45424     11.47070    189.98354
     -3.71015    141.31703      7.28870    134.02833
     -3.70015    150.68588      5.37957    145.30630
     -3.69015    177.67141      4.13649    173.53492
     -3.68015    145.60075      3.14485    142.45590
     -3.67015    138.29906      5.04613    133.25293
     -3.66015    184.50500     11.25764    173.24736
     -3.65015    182.42572     12.41897    170.00674
     -3.64015    126.45314      6.30767    120.14547
     -3.63015    121.41789      3.91117    117.50672
     -3.62015    133.66532      5.31920    128.34612
     -3.61015    142.12767      5.49360    136.63406
     -3.60015    187.40861      5.77020    181.63842
     -3.59015    238.04045     10.22559    227.81486
     -3.58015    211.00937     13.43787    197.57150
     -3.57015    100.02895      7.76299     92.26595
     -3.56015     34.94094      2.04296     32.89798
     -3.55015     77.11785      1.89577     75.22208
     -3.54015    176.72993      4.81568    171.91424
     -3.53015    234.72237      8.09218    226.63019
     -3.52015    224.56408     10.93897    213.62511
     -3.51015    191.71553     13.48086    178.23467
     -3.50015    149.08611     10.02352    139.06259
     -3.49015     97.87488      3.99853     93.87636
     -3.48015     62.44001      1.46216     60.97785
     -3.47015     81.44751      1.66128     79.78622
     -3.46015    104.32605      3.32572    101.00034
     -3.45015    190.22893     10.06491    180.16402
     -3.44015    309.97713     17.74976    292.22737
     -3.43015    256.08923     13.24416    242.84507
     -3.42015    142.48433      5.01853    137.46580
     -3.41015     67.53257      1.57550     65.95707
     -3.40015     23.30644      0.58218     22.72426
     -3.39015     49.92215      2.30322     47.61893
     -3.38015    172.88265      9.56961    163.31304
     -3.37015    320.48638     17.51427    302.97211
     -3.36015    301.86297     14.09793    287.76504
     -3.35015    133.45100      5.10619    128.34481
     -3.34015     58.05198      1.54224     56.50973
     -3.33015     81.54055      2.09232     79.44823
     -3.32015     86.88224      4.46666     82.41557
     -3.31015    119.04580     10.35224    108.69356
     -3.30015    209.49141     13.58636    195.90506
     -3.29015    255.26475     10.59487    244.66988
     -3.28015    183.45534      6.01764    177.43770
     -3.27015    124.03494      3.27311    120.76183
     -3.26015    141.86294      4.43045    137.43248
     -3.25015    161.61686      9.35840    152.25846
     -3.24015    136.57058     12.17899    124.39159
     -3.23015    112.93521      8.29951    104.63570
     -3.22015    195.52474      7.07226    188.45248
     -3.21015    234.33334      6.89936    227.43398
     -3.20015    156.39516      4.99483    151.40033
     -3.19015    150.87877      8.49851    142.38026
     -3.18015    174.79507     12.85973    161.93533
     -3.17015    149.04054      9.17879    139.86175
     -3.16015    111.74133      4.73771    107.00362
     -3.15015    124.15243      4.88349    119.26893
     -3.14015    181.41045      6.70057    174.70988
     -3.13015    229.08492     11.12271    217.96221
     -3.12015    201.21351     13.34767    187.86585
     -3.11015    183.72901      9.06647    174.66254
     -3.10015    200.48263      6.04746    194.43517
     -3.09015    195.65670      6.59122    189.06548
     -3.08015    195.64299      9.22116    186.42182
     -3.07015    180.76516     12.71346    168.05170
     -3.06015    174.60553     11.80168    162.80385
     -3.05015    196.19974      7.53506    188.66468
     -3.04015    326.02462      9.27739    316.74723
     -3.03015    374.19623     12.39789    361.79834
     -3.02015    236.78296     13.36436    223.41860
     -3.01015    119.87476     12.25265    107.62210
     -3.00015     56.12256      6.06033     50.06223
     -2.99015     68.63794      2.66438     65.97356
     -2.98015    147.83827      5.55479    142.28348
     -2.97015    181.72417     11.35386    170.37031
     -2.96015    133.25430     12.92649    120.32782
     -2.95015     56.20553      6.69477     49.51076
     -2.94015     27.71047      2.20734     25.50313
     -2.93015     90.77527      4.98921     85.78607
     -2.92015    215.44403     12.59405    202.84998
     -2.91015    257.99303     14.47713    243.51590
     -2.90015    164.13570      7.47320    156.66251
     -2.89015     82.36294      3.50886     78.85407
     -2.88015    111.82274      7.73695    104.08580
     -2.87015    145.98041     13.30401    132.67640
     -2.86015     90.88270      9.80992     81.07277
     -2.85015     49.52370      4.04613     45.47757
     -2.84015    119.41529      6.49409    112.92120
     -2.83015    230.62771     13.68640    216.94131
     -2.82015    232.27034     13.31377    218.95658
     -2.81015    165.84981      6.94943    158.90038
     -2.80015    142.70408      6.99944    135.70464
     -2.79015    146.07580     12.07874    133.99706
     -2.78015    113.96891     11.66390    102.30501
     -2.77015    103.13378      7.25552     95.87826
     -2.76015    166.02625      9.13366    156.89259
     -2.75015    215.21091     13.99151    201.21940
     -2.74015    202.53604     12.43026    190.10579
     -2.73015    201.18845      9.04588    192.14257
     -2.72015    200.55195     11.70843    188.84352
     -2.71015    184.36491     14.07418    170.29074
     -2.70015    144.50346     10.21670    134.28675
     -2.69015    168.86317     11.56891    157.29426
     -2.68015    251.87573     16.14747    235.72827
     -2.67015    248.18514     13.70805    234.47709
     -2.66015    250.15553     14.59405    235.56149
     -2.65015    319.27784     18.17574    301.10210
     -2.64015    330.64847     16.87634    313.77213
     -2.63015    259.76662     16.66550    243.10111
     -2.62015    161.01031     14.07778    146.93254
     -2.61015    139.27433     12.50962    126.76471
     -2.60015    175.66264     14.40160    161.26104
     -2.59015    152.50027     13.97445    138.52582
     -2.58015    151.17947     15.02097    136.15851
     -2.57015    189.84004     16.26068    173.57936
     -2.56015    191.21470     18.00584    173.20886
     -2.55015    170.24874     20.28112    149.96762
     -2.54015    207.38993     24.80550    182.58443
     -2.53015    274.47245     28.94333    245.52912
     -2.52015    242.54783     24.32334    218.22449
     -2.51015    133.79216     11.52737    122.26479
     -2.50015     94.08908      3.17042     90.91866
     -2.49015     68.50570      0.93463     67.57106
     -2.48015     32.00501      0.39014     31.61487
     -2.47015     70.19307      1.02475     69.16832
     -2.46015    199.21984      2.97408    196.24576
     -2.45015    278.51525      4.11921    274.39604
     -2.44015    188.36664      2.71144    185.65520
     -2.43015     91.27047      1.24590     90.02457
     -2.42015    131.09641      1.72470    129.37171
     -2.41015    154.52382      2.05020    152.47362
     -2.40015     88.15874      1.26501     86.89373
     -2.39015     89.47754      1.51807     87.95947
     -2.38015    155.46809      2.51899    152.94909
     -2.37015    192.44747      2.97626    189.47121
     -2.36015    187.22567      3.63795    183.58772
     -2.35015    190.08892      5.04568    185.04324
     -2.34015    150.12548      4.15560    145.96988
     -2.33015    142.67801      2.78368    139.89432
     -2.32015    230.53892      3.65868    226.88023
     -2.31015    187.44040      2.93673    184.50367
     -2.30015     62.58547      1.03038     61.55510
     -2.29015     68.76989      1.83516     66.93473
     -2.28015    360.33210     10.36548    349.96662
     -2.27015    929.81550     27.25317    902.56233
     -2.26015   1231.23035     35.87185   1195.35850
     -2.25015   1011.77138     28.97379    982.79759
     -2.24015    635.56685     18.34443    617.22242
     -2.23015    429.52455     12.20011    417.32445
     -2.22015    460.96927     12.36217    448.60710
     -2.21015    490.10956     12.97859    477.13096
     -2.20015    394.57757     10.10405    384.47352
     -2.19015    392.84483      9.84773    382.99709
     -2.18015    501.13544     13.29393    487.84151
     -2.17015    471.63128     12.54454    459.08675
     -2.16015    292.69327      7.11606    285.57721
     -2.15015    145.15018      2.93563    142.21455
     -2.14015     97.19695      1.46991     95.72704
     -2.13015     66.47566      0.90405     65.57161
     -2.12015     24.03190      0.32215     23.70975
     -2.11015     33.01276      0.44074     32.57202
     -2.10015    105.54581      1.42758    104.11823
     -2.09015    149.22979      2.05165    147.17814
     -2.08015     87.78758      1.22600     86.56159
     -2.07015     21.79841      0.30869     21.48972
     -2.06015     11.24428      0.16669     11.07759
     -2.05015     48.25706      0.71267     47.54438
     -2.04015    107.70740      1.53335    106.17405
     -2.03015    125.04886      1.66174    123.38712
     -2.02015     81.82750      1.02586     80.80164
     -2.01015     37.10879      0.51435     36.59444
     -2.00015     92.93073      1.69361     91.23712
     -1.99015    316.45735      6.20625    310.25110
     -1.98015    605.09783     12.29452    592.80331
     -1.97015    748.72866     15.13695    733.59170
     -1.96015    714.71317     14.01263    700.70054
     -1.95015    552.77726     10.67723    542.10003
     -1.94015    428.13316      8.24667    419.88648
     -1.93015    477.31799      9.22356    468.09443
     -1.92015    585.72651     11.40264    574.32388
     -1.91015    541.26312     10.43274    530.83037
     -1.90015    503.28801      9.20710    494.08091
     -1.89015    589.78028     10.35431    579.42597
     -1.88015    542.16423      9.59615    532.56808
     -1.87015    339.24569      6.18115    333.06455
     -1.86015    240.08572      4.43318    235.65254
     -1.85015    216.40751      3.82566    212.58186
     -1.84015    179.39522      2.73897    176.65625
     -1.83015    174.05758      2.31808    171.73950
     -1.82015    151.95368      2.09996    149.85372
     -1.81015    113.59264      1.69011    111.90253
     -1.80015     64.62815      0.97523     63.65292
     -1.79015     47.17540      0.60807     46.56733
     -1.78015    108.07144      1.30867    106.76277
     -1.77015    147.69965      1.84818    145.85147
     -1.76015     86.46855      1.11930     85.34925
     -1.75015     21.87579      0.28862     21.58716
     -1.74015     13.89678      0.16468     13.73210
     -1.73015     60.89153      0.71649     60.17503
     -1.72015    131.82284      1.59298    130.22986
     -1.71015    129.58097      1.61401    127.96696
     -1.70015     71.42386      0.89056     70.53330
     -1.69015     72.39440      0.84005     71.55435
     -1.68015    113.25324      1.29764    111.95561
     -1.67015    141.89976      1.65906    140.24070
     -1.66015    146.83513      1.77137    145.06376
     -1.65015     90.34162      1.11718     89.22444
     -1.64015     28.39483      0.35307     28.04176
     -1.63015     32.80575      0.37934     32.42641
     -1.62015    130.03241      1.50193    128.53047
     -1.61015    224.89436      2.62951    222.26484
     -1.60015    159.52486      1.89483    157.63003
     -1.59015     47.73292      0.57602     47.15690
     -1.58015     15.95423      0.19039     15.76384
     -1.57015     65.66171      0.77076     64.89095
     -1.56015    161.53585      1.88943    159.64642
     -1.55015    178.65516      2.07897    176.57619
     -1.54015    123.82349      1.43748    122.38601
     -1.53015     77.57298      0.93885     76.63413
     -1.52015     88.78694      1.13523     87.65172
     -1.51015    115.77193      1.38579    114.38614
     -1.50015    111.21869      1.19644    110.02225
     -1.49015     95.97291      1.09832     94.87459
     -1.48015    133.32052      1.72670    131.59383
     -1.47015    150.31756      1.92709    148.39047
     -1.46015     88.99023      1.05067     87.93956
     -1.45015     84.19164      0.84024     83.35139
     -1.44015    134.08881      1.47722    132.61159
     -1.43015    120.47660      1.53732    118.93928
     -1.42015     59.83447      0.81421     59.02026
     -1.41015     61.31087      0.69660     60.61426
     -1.40015    122.14588      1.20728    120.93860
     -1.39015    131.76961      1.13343    130.63617
     -1.38015     68.36524      0.51929     67.84595
     -1.37015     27.12738      0.22429     26.90309
     -1.36015     71.06398      0.66184     70.40214
     -1.35015    164.92291      1.48734    163.43557
     -1.34015    218.54603      2.12931    216.41672
     -1.33015    279.79815      3.18705    276.61110
     -1.32015    274.99422      3.19134    271.80288
     -1.31015    148.89281      1.57261    147.32020
     -1.30015     86.87908      0.91764     85.96144
     -1.29015    166.20643      2.05547    164.15096
     -1.28015    230.77189      3.08218    227.68971
     -1.27015    197.47907      2.46012    195.01894
     -1.26015    185.19426      1.74624    183.44802
     -1.25015    148.16494      1.31681    146.84813
     -1.24015    135.46923      1.52537    133.94386
     -1.23015    164.49184      1.93930    162.55254
     -1.22015    109.60467      1.12599    108.47868
     -1.21015     85.64480      0.51466     85.13014
     -1.20015    139.73825      1.11945    138.61879
     -1.19015    184.75885      2.37136    182.38749
     -1.18015    141.20740      2.23998    138.96742
     -1.17015     48.22231      0.83833     47.38398
     -1.16015     11.43929      0.22312     11.21618
     -1.15015     32.69912      0.68391     32.01520
     -1.14015     82.21190      1.66192     80.54997
     -1.13015    104.20105      1.81022    102.39083
     -1.12015     99.69356      1.33231     98.36126
     -1.11015     68.95463      0.89258     68.06205
     -1.10015     60.04531      1.12553     58.91978
     -1.09015     81.07994      1.71451     79.36543
     -1.08015     53.09236      1.12549     51.96687
     -1.07015     23.25859      0.40498     22.85361
     -1.06015     61.21245      0.86027     60.35219
     -1.05015    137.84493      2.14383    135.70110
     -1.04015    130.81434      2.27129    128.54305
     -1.03015     51.49701      0.97652     50.52050
     -1.02015     11.85832      0.24419     11.61414
     -1.01015     28.41483      0.60658     27.80825
     -1.00015     83.94501      1.69193     82.25308
     -0.99015    122.13090      2.09428    120.03661
     -0.98015    105.13639      1.43172    103.70468
     -0.97015     55.77596      0.73839     55.03757
     -0.96015     51.14055      1.02587     50.11468
     -0.95015     79.85628      1.74982     78.10646
     -0.94015     57.37402      1.23634     56.13768
     -0.93015     36.34735      0.57046     35.77689
     -0.92015     83.05727      1.10741     81.94987
     -0.91015    134.89960      2.14363    132.75598
     -0.90015    109.43894      2.06912    107.36982
     -0.89015     42.19937      0.88140     41.31797
     -0.88015     12.28726      0.26681     12.02045
     -0.87015     38.97358      0.80413     38.16945
     -0.86015    110.85859      2.07049    108.78810
     -0.85015    141.11566      2.26080    138.85485
     -0.84015     82.59040      1.13167     81.45873
     -0.83015     33.91797      0.55329     33.36468
     -0.82015     56.35528      1.25571     55.09957
     -0.81015     80.99169      1.81744     79.17425
     -0.80015     59.38988      1.14528     58.24460
     -0.79015     72.45289      0.92015     71.53274
     -0.78015    109.69234      1.54499    108.14735
     -0.77015    112.15913      2.10486    110.05427
     -0.76015     72.06075      1.57066     70.49009
     -0.75015     23.64922      0.53035     23.11887
     -0.74015     26.51092      0.50780     26.00312
     -0.73015    100.10529      1.77789     98.32739
     -0.72015    157.34582      2.62661    154.71921
     -0.71015     94.08201      1.47480     92.60721
     -0.70015     28.52204      0.48372     28.03832
     -0.69015     42.11655      0.96794     41.14861
     -0.68015     83.95570      1.90041     82.05529
     -0.67015     89.99808      1.66944     88.32864
     -0.66015     94.36389      1.19975     93.16414
     -0.65015     91.70793      1.30535     90.40258
     -0.64015     90.78800      1.88842     88.89958
     -0.63015     72.41277      1.68751     70.72525
     -0.62015     32.45336      0.69939     31.75397
     -0.61015     54.05074      0.83779     53.21295
     -0.60015    137.10311      2.22828    134.87483
     -0.59015    140.95462      2.47886    138.47576
     -0.58015     56.53319      1.07439     55.45881
     -0.57015     22.57249      0.50702     22.06547
     -0.56015     62.86677      1.41601     61.45077
     -0.55015    120.50151      2.33033    118.17118
     -0.54015    122.30240      1.81622    120.48619
     -0.53015     75.85494      1.03338     74.82156
     -0.52015     66.09372      1.41786     64.67586
     -0.51015     83.06178      2.00637     81.05541
     -0.50015     65.08571      1.33145     63.75426
     -0.49015     83.84814      1.13191     82.71623
     -0.48015    129.65962      2.04798    127.61165
     -0.47015    114.79450      2.33023    112.46427
     -0.46015     52.93049      1.22445     51.70604
     -0.45015     35.67240      0.73343     34.93897
     -0.44015    105.86817      1.92958    103.93859
     -0.43015    158.06222      2.72521    155.33702
     -0.42015     91.43693      1.51799     89.91894
     -0.41015     42.85988      0.90262     41.95726
     -0.40015     79.57818      1.87633     77.70185
     -0.39015    119.31983      2.30148    117.01835
     -0.38015    115.03579      1.62609    113.40970
     -0.37015     93.16504      1.56988     91.59516
     -0.36015     92.09096      2.18445     89.90651
     -0.35015     79.11469      1.74764     77.36705
     -0.34015     95.39820      1.43504     93.96317
     -0.33015    140.05197      2.35285    137.69912
     -0.32015    113.68896      2.38352    111.30544
     -0.31015     59.90273      1.31580     58.58693
     -0.30015     96.19592      1.73761     94.45832
     -0.29015    159.84217      2.84602    156.99615
     -0.28015    110.04085      2.02273    108.01813
     -0.27015     69.64089      1.46270     68.17818
     -0.26015    128.27603      2.54452    125.73151
     -0.25015    148.09525      2.53543    145.55982
     -0.24015    100.47830      1.79893     98.67937
     -0.23015    114.71675      2.44286    112.27388
     -0.22015    145.70703      2.61051    143.09652
     -0.21015    128.71728      2.16811    126.54917
     -0.20015    132.00752      2.67333    129.33419
     -0.19015    149.54491      2.66627    146.87864
     -0.18015    147.17106      2.51884    144.65221
     -0.17015    162.92633      3.03411    159.89223
     -0.16015    172.08750      2.85814    169.22936
     -0.15015    192.19908      3.16899    189.03009
     -0.14015    219.62608      3.50465    216.12142
     -0.13015    199.39720      3.24335    196.15385
     -0.12015    149.10882      3.12103    145.98779
     -0.11015    100.63241      2.68754     97.94487
     -0.10015     97.90517      2.85557     95.04959
     -0.09015     98.25623      2.89204     95.36419
     -0.08015    104.61843      3.08493    101.53350
     -0.07015    108.90375      3.21320    105.69055
     -0.06015    115.97804      3.42145    112.55659
     -0.05015    122.93851      3.62215    119.31637
     -0.04015    132.31579      3.88860    128.42719
     -0.03015    141.30106      4.13611    137.16495
     -0.02015    141.78232      4.12773    137.65459
     -0.01015    128.27712      3.70447    124.57265
     -0.00015    103.64925      2.96944    100.67982
      0.00985     51.98412      1.48442     50.49969
      0.01985     11.25957      0.32127     10.93831
      0.02985      0.92982      0.02653      0.90330
      0.03985      0.02844      0.00081      0.02763
      0.04985      0.00032      0.00001      0.00031
      0.05985      0.00000      0.00000      0.00000
      0.06985      0.00000      0.00000      0.00000
      0.07985      0.00000      0.00000      0.00000
      0.08985      0.00000      0.00000      0.00000
      0.09985      0.00000      0.00000      0.00000
      0.10985      0.00000      0.00000      0.00000
      0.11985      0.00000      0.00000      0.00000
      0.12985      0.00000      0.00000      0.00000
      0.13985      0.00000      0.00000      0.00000
      0.14985      0.00000      0.00000      0.00000
      0.15985      0.00000      0.00000      0.00000
      0.16985      0.00000      0.00000      0.00000
      0.17985      0.00000      0.00000      0.00000
      0.18985      0.00000      0.00000      0.00000
      0.19985      0.00000      0.00000      0.00000
      0.20985      0.00000      0.00000      0.00000
      0.21985      0.00000      0.00000      0.00000
      0.22985      0.00000      0.00000      0.00000
      0.23985      0.00000      0.00000      0.00000
      0.24985      0.00000      0.00000      0.00000
      0.25985      0.00000      0.00000      0.00000
      0.26985      0.00000      0.00000      0.00000
      0.27985      0.00000      0.00000      0.00000
      0.28985      0.00000      0.00000      0.00000
      0.29985      0.00000      0.00000      0.00000
      0.30985      0.00000      0.00000      0.00000
      0.31985      0.00000      0.00000      0.00000
      0.32985      0.00000      0.00000      0.00000
      0.33985      0.00000      0.00000      0.00000
      0.34985      0.00000      0.00000      0.00000
      0.35985      0.00000      0.00000      0.00000
      0.36985      0.00000      0.00000      0.00000
      0.37985      0.00000      0.00000      0.00000
      0.38985      0.00000      0.00000      0.00000
      0.39985      0.00000      0.00000      0.00000
      0.40985      0.00000      0.00000      0.00000
      0.41985      0.00000      0.00000      0.00000
      0.42985      0.00000      0.00000      0.00000
      0.43985      0.00000      0.00000      0.00000
      0.44985      0.00000      0.00000      0.00000
      0.45985      0.00000      0.00000      0.00000
      0.46985      0.00000      0.00000      0.00000
      0.47985      0.00000      0.00000      0.00000
      0.48985      0.00000      0.00000      0.00000
      0.49985      0.00000      0.00000      0.00000
      0.50985      0.00000      0.00000      0.00000
      0.51985      0.00000      0.00000      0.00000
      0.52985      0.00000      0.00000      0.00000
      0.53985      0.00000      0.00000      0.00000
      0.54985      0.00000      0.00000      0.00000
      0.55985      0.00000      0.00000      0.00000
      0.56985      0.00000      0.00000      0.00000
      0.57985      0.00000      0.00000      0.00000
      0.58985      0.00000      0.00000      0.00000
      0.59985      0.00000      0.00000      0.00000
      0.60985      0.00000      0.00000      0.00000
      0.61985      0.00000      0.00000      0.00000
      0.62985      0.00000      0.00000      0.00000
      0.63985      0.00000      0.00000      0.00000
      0.64985      0.00000      0.00000      0.00000
      0.65985      0.00000      0.00000      0.00000
      0.66985      0.00000      0.00000      0.00000
      0.67985      0.00000      0.00000      0.00000
      0.68985      0.00000      0.00000      0.00000
      0.69985      0.00000      0.00000      0.00000
      0.70985      0.00000      0.00000      0.00000
      0.71985      0.00000      0.00000      0.00000
      0.72985      0.00000      0.00000      0.00000
      0.73985      0.00000      0.00000      0.00000
      0.74985      0.00000      0.00000      0.00000
      0.75985      0.00000      0.00000      0.00000
      0.76985      0.00000      0.00000      0.00000
      0.77985      0.00000      0.00000      0.00000
      0.78985      0.00000      0.00000      0.00000
      0.79985      0.00000      0.00000      0.00000
      0.80985      0.00000      0.00000      0.00000
      0.81985      0.00000      0.00000      0.00000
      0.82985      0.00000      0.00000      0.00000
      0.83985      0.00000      0.00000      0.00000
      0.84985      0.00000      0.00000      0.00000
      0.85985      0.00000      0.00000      0.00000
      0.86985      0.00000      0.00000      0.00000
      0.87985      0.00000      0.00000      0.00000
      0.88985      0.00000      0.00000      0.00000
      0.89985      0.00000      0.00000      0.00000
      0.90985      0.00000      0.00000      0.00000
      0.91985      0.00000      0.00000      0.00000
      0.92985      0.00000      0.00000      0.00000
      0.93985      0.00000      0.00000      0.00000
      0.94985      0.00000      0.00000      0.00000
      0.95985      0.00000      0.00000      0.00000
      0.96985      0.00000      0.00000      0.00000
      0.97985      0.00000      0.00000      0.00000
      0.98985      0.00000      0.00000      0.00000
      0.99985      0.00000      0.00000      0.00000
      1.00985      0.00000      0.00000      0.00000
      1.01985      0.00000      0.00000      0.00000
      1.02985      0.00000      0.00000      0.00000
      1.03985      0.00000      0.00000      0.00000
      1.04985      0.00000      0.00000      0.00000
      1.05985      0.00000      0.00000      0.00000
      1.06985      0.00000      0.00000      0.00000
      1.07985      0.00000      0.00000      0.00000
      1.08985      0.00000      0.00000      0.00000
      1.09985      0.00000      0.00000      0.00000
      1.10985      0.00000      0.00000      0.00000
      1.11985      0.00000      0.00000      0.00000
      1.12985      0.00000      0.00000      0.00000
      1.13985      0.00000      0.00000      0.00000
      1.14985      0.00000      0.00000      0.00000
      1.15985      0.00000      0.00000      0.00000
      1.16985      0.00000      0.00000      0.00000
      1.17985      0.00000      0.00000      0.00000
      1.18985      0.00000      0.00000      0.00000
      1.19985      0.00000      0.00000      0.00000
      1.20985      0.00000      0.00000      0.00000
      1.21985      0.00000      0.00000      0.00000
      1.22985      0.00000      0.00000      0.00000
      1.23985      0.00000      0.00000      0.00000
      1.24985      0.00000      0.00000      0.00000
      1.25985      0.00000      0.00000      0.00000
      1.26985      0.00000      0.00000      0.00000
      1.27985      0.00000      0.00000      0.00000
      1.28985      0.00000      0.00000      0.00000
      1.29985      0.00000      0.00000      0.00000
      1.30985      0.00000      0.00000      0.00000
      1.31985      0.00000      0.00000      0.00000
      1.32985      0.00000      0.00000      0.00000
      1.33985      0.00000      0.00000      0.00000
      1.34985      0.00000      0.00000      0.00000
      1.35985      0.00000      0.00000      0.00000
      1.36985      0.00000      0.00000      0.00000
      1.37985      0.00000      0.00000      0.00000
      1.38985      0.00000      0.00000      0.00000
      1.39985      0.00000      0.00000      0.00000
      1.40985      0.00000      0.00000      0.00000
      1.41985      0.00000      0.00000      0.00000
      1.42985      0.00000      0.00000      0.00000
      1.43985      0.00000      0.00000      0.00000
      1.44985      0.00000      0.00000      0.00000
      1.45985      0.00000      0.00000      0.00000
      1.46985      0.00000      0.00000      0.00000
      1.47985      0.00000      0.00000      0.00000
      1.48985      0.00000      0.00000      0.00000
      1.49985      0.00000      0.00000      0.00000
      1.50985      0.00000      0.00000      0.00000
      1.51985      0.00000      0.00000      0.00000
      1.52985      0.00000      0.00000      0.00000
      1.53985      0.00000      0.00000      0.00000
      1.54985      0.00000      0.00000      0.00000
      1.55985      0.00000      0.00000      0.00000
      1.56985      0.00000      0.00000      0.00000
      1.57985      0.00000      0.00000      0.00000
      1.58985      0.00000      0.00000      0.00000
      1.59985      0.00000      0.00000      0.00000
      1.60985      0.00000      0.00000      0.00000
      1.61985      0.00000      0.00000      0.00000
      1.62985      0.00000      0.00000      0.00000
      1.63985      0.00000      0.00000      0.00000
      1.64985      0.00000      0.00000      0.00000
      1.65985      0.00000      0.00000      0.00000
      1.66985      0.00000      0.00000      0.00000
      1.67985      0.00000      0.00000      0.00000
      1.68985      0.00000      0.00000      0.00000
      1.69985      0.00000      0.00000      0.00000
      1.70985      0.00000      0.00000      0.00000
      1.71985      0.00000      0.00000      0.00000
      1.72985      0.00000      0.00000      0.00000
      1.73985      0.00000      0.00000      0.00000
      1.74985      0.00000      0.00000      0.00000
      1.75985      0.00000      0.00000      0.00000
      1.76985      0.00000      0.00000      0.00000
      1.77985      0.00000      0.00000      0.00000
      1.78985      0.00000      0.00000      0.00000
      1.79985      0.00000      0.00000      0.00000
      1.80985      0.00000      0.00000      0.00000
      1.81985      0.00000      0.00000      0.00000
      1.82985      0.00000      0.00000      0.00000
      1.83985      0.00000      0.00000      0.00000
      1.84985      0.00000      0.00000      0.00000
      1.85985      0.00000      0.00000      0.00000
      1.86985      0.00000      0.00000      0.00000
      1.87985      0.00000      0.00000      0.00000
      1.88985      0.00000      0.00000      0.00000
      1.89985      0.00000      0.00000      0.00000
      1.90985      0.00000      0.00000      0.00000
      1.91985      0.00000      0.00000      0.00000
      1.92985      0.00000      0.00000      0.00000
      1.93985      0.00000      0.00000      0.00000
      1.94985      0.00000      0.00000      0.00000
      1.95985      0.00000      0.00000      0.00000
      1.96985      0.00000      0.00000      0.00000
      1.97985      0.00000      0.00000      0.00000
      1.98985      0.00000      0.00000      0.00000
      1.99985      0.00000      0.00000      0.00000
      2.00985      0.00000      0.00000      0.00000
      2.01985      0.00000      0.00000      0.00000
      2.02985      0.00000      0.00000      0.00000
      2.03985      0.00000      0.00000      0.00000
      2.04985      0.00000      0.00000      0.00000
      2.05985      0.00000      0.00000      0.00000
      2.06985      0.00000      0.00000      0.00000
      2.07985      0.00000      0.00000      0.00000
      2.08985      0.00000      0.00000      0.00000
      2.09985      0.00000      0.00000      0.00000
      2.10985      0.00000      0.00000      0.00000
      2.11985      0.00000      0.00000      0.00000
      2.12985      0.00000      0.00000      0.00000
      2.13985      0.00000      0.00000      0.00000
      2.14985      0.00000      0.00000      0.00000
      2.15985      0.00000      0.00000      0.00000
      2.16985      0.00000      0.00000      0.00000
      2.17985      0.00000      0.00000      0.00000
      2.18985      0.00000      0.00000      0.00000
      2.19985      0.00000      0.00000      0.00000
      2.20985      0.00000      0.00000      0.00000
      2.21985      0.00000      0.00000      0.00000
      2.22985      0.00000      0.00000      0.00000
      2.23985      0.00000      0.00000      0.00000
      2.24985      0.00000      0.00000      0.00000
      2.25985      0.00000      0.00000      0.00000
      2.26985      0.00000      0.00000      0.00000
      2.27985      0.00000      0.00000      0.00000
      2.28985      0.00000      0.00000      0.00000
      2.29985      0.00000      0.00000      0.00000
      2.30985      0.00000      0.00000      0.00000
      2.31985      0.00000      0.00000      0.00000
      2.32985      0.00000      0.00000      0.00000
      2.33985      0.00000      0.00000      0.00000
      2.34985      0.00000      0.00000      0.00000
      2.35985      0.00000      0.00000      0.00000
      2.36985      0.00000      0.00000      0.00000
      2.37985      0.00000      0.00000      0.00000
      2.38985      0.00000      0.00000      0.00000
      2.39985      0.00000      0.00000      0.00000
      2.40985      0.00000      0.00000      0.00000
      2.41985      0.00000      0.00000      0.00000
      2.42985      0.00000      0.00000      0.00000
      2.43985      0.00000      0.00000      0.00000
      2.44985      0.00000      0.00000      0.00000
      2.45985      0.00000      0.00000      0.00000
      2.46985      0.00000      0.00000      0.00000
      2.47985      0.00000      0.00000      0.00000
      2.48985      0.00000      0.00000      0.00000
      2.49985      0.00000      0.00000      0.00000
      2.50985      0.00000      0.00000      0.00000
      2.51985      0.00000      0.00000      0.00000
      2.52985      0.00000      0.00000      0.00000
      2.53985      0.00000      0.00000      0.00000
      2.54985      0.00000      0.00000      0.00000
      2.55985      0.00000      0.00000      0.00000
      2.56985      0.00000      0.00000      0.00000
      2.57985      0.00000      0.00000      0.00000
      2.58985      0.00000      0.00000      0.00000
      2.59985      0.00000      0.00000      0.00000
      2.60985      0.00000      0.00000      0.00000
      2.61985      0.00000      0.00000      0.00000
      2.62985      0.00000      0.00000      0.00000
      2.63985      0.00000      0.00000      0.00000
      2.64985      0.00000      0.00000      0.00000
      2.65985      0.00000      0.00000      0.00000
      2.66985      0.00000      0.00000      0.00000
      2.67985      0.00000      0.00000      0.00000
      2.68985      0.00000      0.00000      0.00000
      2.69985      0.00000      0.00000      0.00000
      2.70985      0.00000      0.00000      0.00000
      2.71985      0.00000      0.00000      0.00000
      2.72985      0.00000      0.00000      0.00000
      2.73985      0.00000      0.00000      0.00000
      2.74985      0.00000      0.00000      0.00000
      2.75985      0.00000      0.00000      0.00000
      2.76985      0.00000      0.00000      0.00000
      2.77985      0.00000      0.00000      0.00000
      2.78985      0.00000      0.00000      0.00000
      2.79985      0.00000      0.00000      0.00000
      2.80985      0.00000      0.00000      0.00000
      2.81985      0.00000      0.00000      0.00000
      2.82985      0.00000      0.00000      0.00000
      2.83985      0.00000      0.00000      0.00000
      2.84985      0.00000      0.00000      0.00000
      2.85985      0.00000      0.00000      0.00000
      2.86985      0.00000      0.00000      0.00000
      2.87985      0.00000      0.00000      0.00000
      2.88985      0.00000      0.00000      0.00000
      2.89985      0.00000      0.00000      0.00000
      2.90985      0.00000      0.00000      0.00000
      2.91985      0.00000      0.00000      0.00000
      2.92985      0.00000      0.00000      0.00000
      2.93985      0.00000      0.00000      0.00000
      2.94985      0.00000      0.00000      0.00000
      2.95985      0.00000      0.00000      0.00000
      2.96985      0.00000      0.00000      0.00000
      2.97985      0.00000      0.00000      0.00000
      2.98985      0.00000      0.00000      0.00000
      2.99985      0.00000      0.00000      0.00000
      3.00985      0.00000      0.00000      0.00000
      3.01985      0.00000      0.00000      0.00000
      3.02985      0.00000      0.00000      0.00000
      3.03985      0.00000      0.00000      0.00000
      3.04985      0.00000      0.00000      0.00000
      3.05985      0.00000      0.00000      0.00000
      3.06985      0.00000      0.00000      0.00000
      3.07985      0.00000      0.00000      0.00000
      3.08985      0.00000      0.00000      0.00000
      3.09985      0.00000      0.00000      0.00000
      3.10985      0.00000      0.00000      0.00000
      3.11985      0.00000      0.00000      0.00000
      3.12985      0.00000      0.00000      0.00000
      3.13985      0.00000      0.00000      0.00000
      3.14985      0.00000      0.00000      0.00000
      3.15985      0.00000      0.00000      0.00000
      3.16985      0.00000      0.00000      0.00000
      3.17985      0.00000      0.00000      0.00000
      3.18985      0.00000      0.00000      0.00000
      3.19985      0.00000      0.00000      0.00000
      3.20985      0.00000      0.00000      0.00000
      3.21985      0.00000      0.00000      0.00000
      3.22985      0.00000      0.00000      0.00000
      3.23985      0.00000      0.00000      0.00000
      3.24985      0.00000      0.00000      0.00000
      3.25985      0.00000      0.00000      0.00000
      3.26985      0.00000      0.00000      0.00000
      3.27985      0.00000      0.00000      0.00000
      3.28985      0.00000      0.00000      0.00000
      3.29985      0.00000      0.00000      0.00000
      3.30985      0.02420      0.00026      0.02394
      3.31985      0.89053      0.00965      0.88087
      3.32985     12.60501      0.13709     12.46792
      3.33985     71.30705      0.78015     70.52690
      3.34985    174.40100      1.93150    172.46950
      3.35985    218.75034      2.48518    216.26516
      3.36985    191.74324      2.27917    189.46408
      3.37985    160.48000      2.01953    158.46047
      3.38985    141.63644      1.88625    139.75019
      3.39985    129.81692      1.82590    127.99102
      3.40985    120.71129      1.78865    118.92265
      3.41985    114.79055      1.78889    113.00166
      3.42985    108.19546      1.77069    106.42477
      3.43985    106.73714      1.82964    104.90750
      3.44985    114.31433      2.04925    112.26508
      3.45985    164.14030      3.01440    161.12589
      3.46985    216.29199      4.01579    212.27621
      3.47985    226.57149      4.28727    222.28422
      3.48985    195.92467      3.79079    192.13388
      3.49985    186.45819      3.72411    182.73408
      3.50985    159.95265      3.28094    156.67171
      3.51985    164.30256      3.44727    160.85530
      3.52985    159.81017      3.44228    156.36789
      3.53985    125.39719      2.81020    122.58699
      3.54985    160.26849      3.61849    156.65000
      3.55985    145.37863      3.30585    142.07278
      3.56985    110.33423      2.72945    107.60478
      3.57985    138.68000      3.41050    135.26951
      3.58985    145.49463      3.42882    142.06582
      3.59985    124.35231      3.23018    121.12213
      3.60985    101.86671      2.82879     99.03792
      3.61985    118.90602      3.06126    115.84476
      3.62985    159.36495      4.15538    155.20957
      3.63985    110.85820      3.09379    107.76440
      3.64985     76.46535      2.37002     74.09533
      3.65985    126.02436      3.72574    122.29863
      3.66985    144.12786      3.86680    140.26106
      3.67985    112.54009      3.23687    109.30323
      3.68985     96.72644      3.32661     93.39983
      3.69985     80.69702      2.69175     78.00527
      3.70985    119.72499      3.53389    116.19110
      3.71985    158.00238      4.79266    153.20972
      3.72985     94.88564      3.10352     91.78211
      3.73985     63.43125      2.45050     60.98075
      3.74985    101.52823      3.81978     97.70845
      3.75985    124.99810      3.92587    121.07223
      3.76985    126.40439      3.84486    122.55954
      3.77985    111.60551      4.20217    107.40333
      3.78985     69.90816      2.96370     66.94447
      3.79985     60.93947      2.46841     58.47106
      3.80985    130.06364      4.74827    125.31537
      3.81985    147.98889      4.97710    143.01179
      3.82985     86.66746      3.06016     83.60730
      3.83985     78.26275      3.62199     74.64075
      3.84985     80.30469      3.82852     76.47617
      3.85985     75.00977      2.92273     72.08704
      3.86985    134.29964      4.80859    129.49105
      3.87985    145.42159      5.65041    139.77118
      3.88985     70.50873      3.06555     67.44318
      3.89985     52.21348      2.73395     49.47953
      3.90985     88.19664      4.55627     83.64037
      3.91985    101.94698      4.26020     97.68678
      3.92985    119.76943      4.16217    115.60726
      3.93985    126.06807      5.40558    120.66250
      3.94985     85.15465      4.42906     80.72559
      3.95985     41.25873      2.33710     38.92163
      3.96985     66.71792      3.66818     63.04975
      3.97985    124.10664      5.87192    118.23471
      3.98985    127.73922      4.85842    122.88081
      3.99985     94.69109      3.90785     90.78324
      4.00985     89.43633      5.10636     84.32997
      4.01985     66.12717      4.07969     62.04747
      4.02985     41.80777      2.41794     39.38983
      4.03985     97.35219      4.92516     92.42703
      4.04985    157.62005      8.91568    148.70436
      4.05985    133.84018     31.51385    102.32633
      4.06985    229.96814    158.95587     71.01227
      4.07985    494.83549    381.83602    112.99947
      4.08985    565.50115    453.98853    111.51262
      4.09985    494.76568    397.73077     97.03492
      4.10985    615.12669    446.86869    168.25800
      4.11985    753.99366    547.19381    206.79985
      4.12985    658.57844    527.77130    130.80714
      4.13985    540.59970    452.05699     88.54271
      4.14985    515.21419    402.11580    113.09839
      4.15985    483.03142    370.20427    112.82715
      4.16985    454.96522    345.94412    109.02110
      4.17985    487.23985    329.87024    157.36961
      4.18985    478.62394    315.99107    162.63287
      4.19985    396.27557    299.41637     96.85920
      4.20985    346.05724    285.19181     60.86543
      4.21985    365.66865    276.47102     89.19763
      4.22985    382.67226    267.98534    114.68692
      4.23985    376.27474    257.24823    119.02651
      4.24985    385.82343    249.44862    136.37481
      4.25985    377.47945    243.13364    134.34580
      4.26985    330.70039    234.73625     95.96414
      4.27985    279.51645    225.62309     53.89336
      4.28985    287.32382    219.78655     67.53727
      4.29985    333.28994    218.01442    115.27552
      4.30985    345.64677    210.89781    134.74896
      4.31985    326.82729    205.55354    121.27375
      4.32985    332.30896    198.69852    133.61044
      4.33985    420.70166    198.29136    222.41031
      4.34985    429.70076    191.87457    237.82619
      4.35985    373.98250    188.84029    185.14221
      4.36985    387.13903    184.41240    202.72662
      4.37985    433.88716    184.82747    249.05969
      4.38985    398.05156    178.99667    219.05489
      4.39985    325.60261    172.82006    152.78255
      4.40985    347.57558    175.08978    172.48580
      4.41985    316.53943    164.85224    151.68719
      4.42985    269.79184    170.34135     99.45049
      4.43985    298.74655    156.84011    141.90644
      4.44985    378.96256    169.49390    209.46867
      4.45985    341.00541    157.03848    183.96693
      4.46985    286.92465    156.53533    130.38932
      4.47985    296.91800    157.58530    139.33270
      4.48985    283.71216    147.72349    135.98867
      4.49985    246.18989    154.18640     92.00349
      4.50985    235.18170    144.11504     91.06666
      4.51985    321.30802    147.75822    173.54980
      4.52985    366.84520    151.07238    215.77282
      4.53985    278.06179    141.50561    136.55618
      4.54985    233.08739    140.90127     92.18612
      4.55985    373.22506    151.84924    221.37582
      4.56985    550.29762    160.37871    389.91891
      4.57985    535.30382    159.97010    375.33372
      4.58985    451.63141    159.24797    292.38344
      4.59985    463.97679    147.46418    316.51261
      4.60985    537.13263    150.66582    386.46681
      4.61985    493.31684    157.00511    336.31173
      4.62985    350.40474    133.43229    216.97246
      4.63985    316.74985    137.41773    179.33212
      4.64985    384.83171    151.49861    233.33310
      4.65985    422.11089    129.20089    292.91000
      4.66985    418.44163    135.98116    282.46047
      4.67985    391.91674    148.46554    243.45120
      4.68985    318.16607    117.87503    200.29104
      4.69985    335.01033    128.72739    206.28294
      4.70985    377.75774    150.76163    226.99611
      4.71985    332.10108    115.10335    216.99773
      4.72985    303.60615    116.06236    187.54380
      4.73985    344.84416    149.51679    195.32737
      4.74985    370.07633    120.68026    249.39608
      4.75985    344.05617    105.97827    238.07790
      4.76985    348.98865    145.19014    203.79851
      4.77985    315.08280    126.38941    188.69339
      4.78985    258.95661     91.26912    167.68749
      4.79985    311.29869    132.24067    179.05802
      4.80985    318.63870    142.45865    176.18006
      4.81985    276.95654     91.25782    185.69872
      4.82985    358.32271    108.72326    249.59945
      4.83985    361.64535    150.05755    211.58781
      4.84985    274.72600    108.79519    165.93082
      4.85985    253.46576     81.82521    171.64056
      4.86985    322.30737    135.14031    187.16706
      4.87985    319.11122    139.11831    179.99291
      4.88985    217.19157     78.48551    138.70606
      4.89985    241.46180     94.08709    147.37471
      4.90985    341.32094    149.17701    192.14393
      4.91985    365.94367    116.63762    249.30606
      4.92985    310.30232     72.39977    237.90256
      4.93985    268.99822    115.43790    153.56032
      4.94985    253.55339    145.31508    108.23830
      4.95985    169.88360     84.02438     85.85922
      4.96985    206.55927     67.77169    138.78758
      4.97985    354.41332    135.41635    218.99696
      4.98985    393.75457    142.94138    250.81319
      4.99985    290.69786     73.27892    217.41894
      5.00985    195.67750     69.62808    126.04943
      5.01985    258.61007    138.62576    119.98431
      5.02985    296.04752    132.22588    163.82164
      5.03985    179.83676     60.37814    119.45862
      5.04985    181.68595     71.32497    110.36098
      5.05985    320.30764    143.84902    176.45862
      5.06985    327.17938    125.71510    201.46428
      5.07985    272.73492     58.53842    214.19650
      5.08985    269.20525     74.62456    194.58069
      5.09985    264.06142    141.92741    122.13401
      5.10985    241.35364    123.85940    117.49424
      5.11985    201.79770     54.00850    147.78920
      5.12985    179.87052     61.84817    118.02235
      5.13985    243.97840    135.83700    108.14140
      5.14985    264.95793    131.44482    133.51311
      5.15985    209.81414     57.55400    152.26014
      5.16985    255.42330     56.39956    199.02373
      5.17985    357.47746    131.04472    226.43274
      5.18985    298.95059    141.67818    157.27241
      5.19985    165.27802     63.58908    101.68894
      5.20985    211.98440     43.64516    168.33924
      5.21985    390.32702    116.10862    274.21840
      5.22985    454.41934    161.92272    292.49662
      5.23985    320.09205     91.58620    228.50585
      5.24985    151.98915     34.10598    117.88317
      5.25985    110.85616     71.49593     39.36023
      5.26985    193.38743    143.04878     50.33865
      5.27985    234.30465    114.02939    120.27526
      5.28985    206.22925     45.16036    161.06890
      5.29985    196.42994     50.93843    145.49152
      5.30985    294.62521    127.78476    166.84045
      5.31985    341.66920    143.84084    197.82837
      5.32985    219.67052     65.09994    154.57057
      5.33985    169.65594     33.79948    135.85646
      5.34985    250.83594     91.10893    159.72701
      5.35985    250.95104    149.12813    101.82291
      5.36985    152.51547     97.20462     55.31085
      5.37985    156.03081     34.79881    121.23200
      5.38985    266.32883     55.13997    211.18886
      5.39985    313.67654    130.88810    182.78844
      5.40985    275.36268    138.73286    136.62982
      5.41985    221.46967     63.46172    158.00796
      5.42985    191.63444     34.57626    157.05818
      5.43985    259.08700     89.69944    169.38756
      5.44985    307.52992    149.01874    158.51118
      5.45985    174.45454     99.84000     74.61454
      5.46985     88.50672     36.36108     52.14564
      5.47985    164.78926     56.95657    107.83269
      5.48985    292.54436    123.48731    169.05704
      5.49985    343.47300    133.06481    210.40820
      5.50985    299.13242     80.54896    218.58346
      5.51985    260.88467     69.72480    191.15987
      5.52985    237.11282     93.66994    143.44288
      5.53985    193.09539    102.42404     90.67135
      5.54985    192.81468    120.29615     72.51853
      5.55985    278.11399    119.90856    158.20543
      5.56985    308.54622     84.16323    224.38299
      5.57985    228.22505     84.47882    143.74623
      5.58985    240.57959    136.72470    103.85488
      5.59985    320.21636    127.79116    192.42520
      5.60985    301.18390     85.66178    215.52212
      5.61985    193.81189     85.75792    108.05398
      5.62985    135.10871     77.71844     57.39027
      5.63985    200.90042     85.64218    115.25824
      5.64985    299.23004    109.24888    189.98116
      5.65985    296.08870    107.79465    188.29405
      5.66985    232.52184     81.50541    151.01643
      5.67985    299.50303    120.15210    179.35092
      5.68985    518.87430    327.95083    190.92347
      5.69985    661.87568    494.09904    167.77663
      5.70985    518.51200    384.84290    133.66910
      5.71985    347.94061    231.91636    116.02425
      5.72985    380.15789    196.39999    183.75791
      5.73985    470.46410    209.81551    260.64859
      5.74985    483.55070    215.15719    268.39351
      5.75985    344.45855    159.02168    185.43687
      5.76985    252.23918    123.04651    129.19266
      5.77985    367.95515    194.40710    173.54805
      5.78985    420.61297    230.17731    190.43566
      5.79985    326.25934    162.48242    163.77692
      5.80985    280.57891     99.27240    181.30651
      5.81985    379.31637    121.89463    257.42174
      5.82985    468.68913    185.00961    283.67952
      5.83985    428.60120    205.36806    223.23314
      5.84985    401.59504    239.40432    162.19072
      5.85985    404.10846    211.82772    192.28074
      5.86985    496.11137    212.48046    283.63091
      5.87985    612.68761    249.14073    363.54687
      5.88985    525.14207    214.80324    310.33883
      5.89985    418.77341    188.82043    229.95299
      5.90985    364.53377    151.50406    213.02971
      5.91985    285.31742    135.46742    149.85000
      5.92985    175.92769    114.52020     61.40749
      5.93985     73.74018     58.95043     14.78974
      5.94985     17.42869     15.03599      2.39270
      5.95985     21.48929     17.64226      3.84702
      5.96985    122.97138     94.74480     28.22658
      5.97985    303.31391    211.58649     91.72743
      5.98985    351.88211    204.45540    147.42671
      5.99985    321.00142    161.30355    159.69787
      6.00985    301.35999    157.52752    143.83247
      6.01985    199.18736     87.03681    112.15055
      6.02985    113.40924     24.45508     88.95416
      6.03985     52.97091      5.87386     47.09704
      6.04985     12.02305      1.31698     10.70606
      6.05985      8.59850      4.52157      4.07692
      6.06985     63.68635     32.71736     30.96899
      6.07985    217.21469    101.99258    115.22211
      6.08985    319.87375    155.45281    164.42094
      6.09985    249.86411    155.65477     94.20934
      6.10985    191.42941    159.84523     31.58419
      6.11985    194.62330    173.26803     21.35527
      6.12985    155.27361    116.76194     38.51167
      6.13985    166.09014     68.34835     97.74178
      6.14985    287.94187    139.78715    148.15472
      6.15985    369.92667    241.57375    128.35292
      6.16985    370.02041    259.39688    110.62352
      6.17985    298.00687    190.07652    107.93035
      6.18985    223.87107    154.81447     69.05660
      6.19985    284.83929    235.69018     49.14912
      6.20985    272.61756    228.60512     44.01244
      6.21985    142.37008     99.31040     43.05968
      6.22985    121.04319     43.25428     77.78891
      6.23985    211.03507     98.79288    112.24220
      6.24985    319.73728    186.57142    133.16585
      6.25985    377.83800    240.45304    137.38496
      6.26985    351.31869    224.56066    126.75802
      6.27985    213.15604    132.85013     80.30591
      6.28985    163.83251    110.05992     53.77259
      6.29985    205.65736    125.72041     79.93695
      6.30985    187.15746    102.49155     84.66591
      6.31985    150.30375    103.09510     47.20865
      6.32985    153.68081    120.87196     32.80884
      6.33985    164.32034    105.10776     59.21259
      6.34985    274.10274    123.73149    150.37125
      6.35985    420.78628    183.66295    237.12333
      6.36985    396.63393    211.07990    185.55403
      6.37985    273.81397    193.55121     80.26275
      6.38985    167.33520    138.37160     28.96360
      6.39985    136.39136    104.04427     32.34709
      6.40985    181.46599    109.09363     72.37236
      6.41985    225.49517    138.55936     86.93580
      6.42985    197.99703    145.68985     52.30718
      6.43985    134.34072     99.36529     34.97542
      6.44985    156.29593     89.62220     66.67372
      6.45985    176.77665     89.64902     87.12763
      6.46985    203.84573    115.71212     88.13361
      6.47985    286.08011    163.15420    122.92680
      6.48985    278.25778    141.12134    137.18452
      6.49985    205.51625     95.23344    111.27397
      6.50985    248.12701    187.02506     69.13541
      6.51985    467.25014    443.32756     50.86816
      6.52985    530.84360    530.22076     41.92928
      6.53985    414.78578    400.18746     51.69479
      6.54985    474.32859    434.29155     80.61470
      6.55985    697.79651    688.01149     73.32369
      6.56985    824.94325    815.64290     82.91799
      6.57985    862.57400    809.08895    116.99427
      6.58985    821.53698    754.30761    120.38190
      6.59985    616.24340    566.94680     96.26210
      6.60985    385.23379    378.25958     45.77092
      6.61985    324.59583    327.12495     31.48582
      6.62985    449.55804    402.24256     84.34940
      6.63985    541.91705    447.89914    131.74321
      6.64985    482.26174    421.80412     95.44794
      6.65985    387.69614    387.17464     33.62784
      6.66985    384.75955    398.47639     20.65576
      6.67985    393.33774    371.13880     55.28999
      6.68985    382.80064    328.80626     81.31455
      6.69985    354.82497    330.86407     48.87765
      6.70985    352.69143    359.99026     20.51325
      6.71985    378.80801    359.25137     49.33424
      6.72985    433.69335    330.60974    131.90891
      6.73985    540.23558    369.72178    197.30174
      6.74985    538.82184    382.06529    177.91677
      6.75985    417.27236    344.39847     93.58376
      6.76985    348.76416    337.94597     36.76390
      6.77985    308.35597    317.87928     17.90231
      6.78985    284.53134    298.70941     11.24387
      6.79985    309.47771    308.11502     25.91260
      6.80985    383.78711    325.05727     81.91652
      6.81985    448.61337    324.58092    141.69372
      6.82985    427.37235    307.33877    138.78165
      6.83985    321.19746    253.39229     89.74890
      6.84985    234.28284    208.05357     47.27504
      6.85985    290.83565    248.51142     65.13852
      6.86985    317.76947    259.52555     78.37493
      6.87985    265.24470    249.23758     37.55809
      6.88985    204.24441    215.54889      8.70706
      6.89985    203.52361    213.59807      6.87910
      6.90985    252.01582    253.18398     18.82720
      6.91985    320.13425    261.77617     77.24038
      6.92985    465.41866    290.41599    190.74807
      6.93985    473.94438    264.89542    219.25305
      6.94985    273.21854    149.09146    127.89282
      6.95985    227.91559    144.73248     88.75739
      6.96985    378.61944    310.44218     85.22222
      6.97985    455.62320    438.49048     42.96194
      6.98985    375.28496    384.29449     13.43589
      6.99985    262.11143    266.26752     13.88699
      7.00985    291.24348    252.60159     58.31082
      7.01985    388.83800    270.95963    134.22749
      7.02985    379.04697    245.48545    142.00866
      7.03985    279.15662    219.79696     70.06148
      7.04985    211.36866    214.46549     16.55534
      7.05985    137.07914    140.08065     11.89968
      7.06985     94.44008     53.74455     45.50202
      7.07985    168.52845     93.20141     80.38077
      7.08985    339.01577    265.21735     87.64510
      7.09985    489.01479    394.78076    116.16511
      7.10985    482.73534    371.78605    136.79360
      7.11985    372.91008    258.72145    132.89070
      7.12985    291.89469    177.19677    123.72980
      7.13985    324.48002    235.06344    104.45501
      7.14985    348.64310    292.08041     79.06359
      7.15985    233.95720    207.89307     39.19785
      7.16985    170.37948    129.28617     46.00942
      7.17985    275.64076    180.61121    104.68348
      7.18985    346.43006    242.35043    121.71991
      7.19985    258.12158    206.28819     67.22735
      7.20985    176.47779    140.23389     42.51577
      7.21985    160.64097     84.27892     77.45875
      7.22985    185.21480     74.44162    110.88370
      7.23985    242.48404    117.29771    125.87250
      7.24985    314.24882    197.85248    121.51926
      7.25985    410.36137    302.66353    123.12059
      7.26985    460.02085    342.92766    138.11763
      7.27985    410.55353    302.38638    124.13398
      7.28985    319.44308    257.25427     74.90848
      7.29985    393.14574    331.93154     79.44125
      7.30985    613.34450    459.28387    173.92168
      7.31985    696.00666    468.58816    239.83310
      7.32985    540.44650    349.78485    198.32724
      7.33985    424.97523    251.14659    185.81328
      7.34985    433.81835    246.69273    203.06820
      7.35985    350.48330    227.63308    137.10508
      7.36985    218.25631    141.10577     84.75749
      7.37985    162.57135     78.87840     86.76494
      7.38985    218.91243    137.09536     88.02040
      7.39985    357.18568    289.41368     79.09521
      7.40985    439.36985    354.17851     97.62520
      7.41985    377.73085    259.62316    128.46130
      7.42985    301.85084    150.11865    156.31228
      7.43985    296.40182    119.15064    178.06302
      7.44985    222.11628     79.02815    143.14414
      7.45985    148.29293     63.75676     84.60945
      7.46985    229.94881    157.40658     73.38345
      7.47985    404.17402    308.53747     99.42244
      7.48985    454.58814    363.78283     98.07735
      7.49985    312.18555    262.44427     57.45730
      7.50985    191.16312    133.56487     62.87291
      7.51985    207.49068     80.86705    128.45387
      7.52985    315.00327    136.29124    178.97451
      7.53985    426.11450    230.38100    195.85722
      7.54985    402.94498    244.68555    159.28623
      7.55985    299.44317    224.07503     80.17175
      7.56985    338.10813    311.04286     41.49955
      7.57985    478.21829    428.56912     73.82781
      7.58985    439.28060    337.53259    120.68098
      7.59985    390.54941    219.52783    182.50101
      7.60985    470.10082    220.20830    262.37710
      7.61985    504.42311    245.91010    273.80089
      7.62985    424.92123    248.96464    189.92762
      7.63985    297.33288    221.19272     87.48905
      7.64985    207.71833    180.28575     35.27663
      7.65985    178.08993    159.15970     26.62565
      7.66985    221.62931    172.73381     61.72867
      7.67985    271.61855    187.66399     95.90166
      7.68985    268.75807    185.66252     93.13592
      7.69985    204.13409    139.40845     73.75614
      7.70985    216.13034    107.35005    114.09963
      7.71985    294.93203    147.83402    154.92111
      7.72985    254.19643    168.30158     98.40426
      7.73985    208.75642    153.41330     63.73169
      7.74985    227.34640    169.88229     62.57397
      7.75985    239.59415    204.68376     43.08129
      7.76985    201.55759    166.93499     41.85886
      7.77985    121.16385     78.45113     45.11421
      7.78985     49.77002     25.18045     24.91210
      7.79985     54.97762     28.25123     27.27319
      7.80985    166.27721    101.71071     68.15157
      7.81985    267.96912    182.79734     94.23374
      7.82985    296.18691    197.27940    108.98226
      7.83985    320.24634    216.92356    112.26956
      7.84985    267.73328    185.94952     89.05677
      7.85985    187.16029    108.81981     81.17986
      7.86985    154.98220     97.96012     57.44487
      7.87985    131.06537    101.71203     29.37660
      7.88985    111.70696     83.46705     28.24038
      7.89985    104.28325     52.27653     52.00686
      7.90985    131.13502     57.62054     73.52247
      7.91985    129.81456     83.30466     46.69083
      7.92985     87.12674     75.68623     12.94803
      7.93985     88.52784     90.21034      2.93861
      7.94985    133.44352    128.51400     10.16090
      7.95985    223.10091    185.52301     40.15575
      7.96985    393.15277    299.04350     97.53033
      7.97985    542.84671    402.86582    148.61992
      7.98985    485.17218    338.21396    156.00575
      7.99985    366.04375    236.63940    133.19772
      8.00985    283.47562    216.97536     67.76183
      8.01985    190.88928    173.04142     18.84557
      8.02985     97.82134     93.08948      6.98335
      8.03985    111.14563     95.68322     22.05606
      8.04985    203.68737    152.99215     59.64606
      8.05985    244.01590    187.67964     62.65842
      8.06985    166.39335    142.97191     26.23601
      8.07985     60.34152     54.87625      6.12252
      8.08985     44.95748     36.92755      8.09345
      8.09985    100.65756     81.96842     18.69146
      8.10985    159.45853    133.55155     25.90706
      8.11985    184.08908    149.99745     34.09535
      8.12985    163.15854    109.27603     53.98665
      8.13985    199.94386    107.33234     93.68316
      8.14985    289.63956    181.68296    112.01948
      8.15985    387.07088    287.99394    104.82369
      8.16985    369.70658    303.63901     69.45747
      8.17985    257.57084    212.29793     46.73100
      8.18985    229.60905    132.79619     97.46923
      8.19985    265.87270    106.00275    160.09244
      8.20985    278.99818    108.97434    171.01513
      8.21985    364.96965    183.62760    186.51354
      8.22985    418.05817    261.42032    167.10894
      8.23985    271.20128    197.86092     84.17412
      8.24985    198.30317    161.59435     48.89255
      8.25985    289.94741    221.34299     79.32128
      8.26985    375.62014    278.19294    101.40613
      8.27985    355.16238    268.48869     87.43370
      8.28985    287.32348    218.24679     70.33697
      8.29985    240.09841    189.64383     53.10633
      8.30985    219.02144    181.36128     39.84796
      8.31985    193.65064    162.63091     31.81142
      8.32985    155.06950    128.93823     26.43279
      8.33985    163.32601    118.91266     46.04204
      8.34985    172.63715    126.76849     52.78077
