Energy-E_F (eV)    DOS (1/eV)    PDOS (1/eV)  of atom type H  C  
     -6.51526     26.56183      3.49936     23.06247
     -6.50526      4.45874      0.60525      3.85349
     -6.49526     12.66271      1.89881     10.76390
     -6.48526     52.73471      7.96769     44.76702
     -6.47526     89.46731     14.10845     75.35886
     -6.46526     91.13906     16.86747     74.27158
     -6.45526     89.00718     18.84896     70.15822
     -6.44526     51.19195     11.16024     40.03171
     -6.43526     11.78148      2.57832      9.20316
     -6.42526      1.00807      0.22073      0.78734
     -6.41526      0.04966      0.01047      0.03918
     -6.40526      0.72640      0.13438      0.59202
     -6.39526     11.20027      1.89827      9.30200
     -6.38526     66.95442      9.96227     56.99216
     -6.37526    166.76083     19.71184    147.04900
     -6.36526    220.13256     15.87949    204.25307
     -6.35526    215.45347      7.27231    208.18116
     -6.34526    163.74341      3.54993    160.19347
     -6.33526    104.11096      2.08878    102.02219
     -6.32526     49.85033      1.01853     48.83180
     -6.31526     48.12781      1.47324     46.65457
     -6.30526     99.08821      6.32090     92.76730
     -6.29526    123.78351     16.07596    107.70755
     -6.28526     91.34337     17.52085     73.82252
     -6.27526     35.66143      7.40458     28.25685
     -6.26526     27.56714      2.10080     25.46634
     -6.25526     91.82753      5.26216     86.56536
     -6.24526    150.72895     11.22082    139.50813
     -6.23526    101.82112      9.40128     92.41985
     -6.22526     28.49612      3.03400     25.46212
     -6.21526     10.90151      0.96334      9.93817
     -6.20526     41.49691      3.19262     38.30430
     -6.19526     84.64328      6.21128     78.43201
     -6.18526     93.62371      5.09507     88.52864
     -6.17526    118.11300      3.35285    114.76015
     -6.16526    136.02737      3.18489    132.84248
     -6.15526     91.17803      2.38519     88.79284
     -6.14526     50.77795      2.76940     48.00855
     -6.13526     72.12238      6.09024     66.03214
     -6.12526     72.17874      6.31059     65.86815
     -6.11526     30.99621      3.15312     27.84309
     -6.10526     32.35397      6.10491     26.24906
     -6.09526     97.20486     16.62593     80.57893
     -6.08526    143.94930     18.14444    125.80486
     -6.07526     98.44188      8.26247     90.17941
     -6.06526     49.02823      5.61489     43.41334
     -6.05526     69.55633     13.27548     56.28086
     -6.04526     84.40526     16.15404     68.25122
     -6.03526     77.21392     12.33049     64.88343
     -6.02526     84.48528     11.54352     72.94175
     -6.01526     50.98027      6.79093     44.18934
     -6.00526     12.06619      1.58189     10.48431
     -5.99526      4.78325      0.21335      4.56990
     -5.98526     27.09031      0.56428     26.52603
     -5.97526     72.66008      1.55879     71.10129
     -5.96526     83.20626      2.36853     80.83773
     -5.95526     81.64570      4.28032     77.36538
     -5.94526    103.66098      5.99772     97.66326
     -5.93526    108.15360      4.52740    103.62620
     -5.92526     82.84051      2.41876     80.42175
     -5.91526     31.73691      0.81354     30.92337
     -5.90526      4.80399      0.11985      4.68415
     -5.89526      0.27131      0.00673      0.26458
     -5.88526      0.04013      0.00086      0.03928
     -5.87526      1.07153      0.02227      1.04925
     -5.86526     12.26279      0.25683     12.00597
     -5.85526     52.13686      1.15849     50.97837
     -5.84526     89.08325      2.96584     86.11740
     -5.83526     99.24895      8.78609     90.46286
     -5.82526    138.62547     20.47900    118.14647
     -5.81526    149.11638     26.01722    123.09916
     -5.80526    140.67389     28.75572    111.91817
     -5.79526    172.69149     37.96238    134.72911
     -5.78526    144.62021     31.58392    113.03629
     -5.77526    104.06160     21.54764     82.51396
     -5.76526     70.46857     14.16767     56.30089
     -5.75526     23.76823      4.79871     18.96951
     -5.74526     13.17412      3.16456     10.00956
     -5.73526     48.97069     11.98210     36.98859
     -5.72526     96.34818     20.50805     75.84013
     -5.71526    113.45850     13.92998     99.52852
     -5.70526    121.59040      5.51762    116.07277
     -5.69526    114.18364      3.40141    110.78222
     -5.68526     71.45871      2.20313     69.25558
     -5.67526     24.99879      1.20871     23.79008
     -5.66526     31.51401      3.90984     27.60417
     -5.65526     73.78664      9.73147     64.05518
     -5.64526     76.94553     10.72485     66.22068
     -5.63526     80.42496     14.69679     65.72818
     -5.62526    140.93751     29.88707    111.05043
     -5.61526    133.71461     30.11319    103.60141
     -5.60526     52.07678     12.27870     39.79808
     -5.59526      8.15871      1.96773      6.19097
     -5.58526      3.24414      0.20362      3.04052
     -5.57526     28.12638      0.82292     27.30346
     -5.56526    107.92957      3.04523    104.88435
     -5.55526    156.40062      4.25651    152.14410
     -5.54526     85.61733      2.24713     83.37020
     -5.53526     18.38996      0.53893     17.85103
     -5.52526     10.69411      1.23789      9.45622
     -5.51526     45.00013      5.81919     39.18093
     -5.50526     81.26027     10.73236     70.52791
     -5.49526     68.29650     11.09379     57.20270
     -5.48526     71.37196     17.37164     54.00032
     -5.47526     79.01959     20.98090     58.03868
     -5.46526     39.56811     10.41138     29.15673
     -5.45526     23.21221      4.56288     18.64933
     -5.44526     59.42962      9.99164     49.43798
     -5.43526     77.85155     13.03071     64.82084
     -5.42526     38.12529      6.34126     31.78402
     -5.41526     13.63462      1.55015     12.08447
     -5.40526     54.38169      4.22736     50.15433
     -5.39526    168.68815     16.79655    151.89159
     -5.38526    218.48765     28.07498    190.41267
     -5.37526    120.54050     19.19684    101.34366
     -5.36526     28.34241      5.24674     23.09568
     -5.35526      4.37903      0.81555      3.56347
     -5.34526     16.28092      2.58859     13.69233
     -5.33526     58.56410      9.29090     49.27320
     -5.32526     78.10589     12.38691     65.71897
     -5.31526     40.80571      6.37967     34.42604
     -5.30526     28.45224      3.73310     24.71915
     -5.29526     66.39165      8.14571     58.24594
     -5.28526     74.18849      9.08448     65.10402
     -5.27526     31.31774      3.83956     27.47818
     -5.26526     14.86927      1.80372     13.06556
     -5.25526     63.01399      6.89516     56.11883
     -5.24526    150.55450     14.33975    136.21475
     -5.23526    163.39549     12.11536    151.28013
     -5.22526    144.98908      7.97039    137.01869
     -5.21526    144.81550     10.08647    134.72903
     -5.20526     92.69892      8.53537     84.16355
     -5.19526     36.39149      3.89929     32.49221
     -5.18526     47.84626      5.35575     42.49051
     -5.17526     79.92987      8.94824     70.98163
     -5.16526     56.69418      6.32606     50.36813
     -5.15526     43.66029      4.73508     38.92521
     -5.14526     92.09635      9.82599     82.27036
     -5.13526    151.64635     16.01282    135.63353
     -5.12526    182.49137     19.08541    163.40596
     -5.11526    144.22557     15.04580    129.17977
     -5.10526    116.12867     12.65667    103.47200
     -5.09526    119.58449     15.15210    104.43239
     -5.08526    100.88117     14.79597     86.08521
     -5.07526     50.24003      7.63539     42.60464
     -5.06526     34.71754      3.52998     31.18756
     -5.05526    104.59156      8.78947     95.80209
     -5.04526    158.93643     13.83244    145.10399
     -5.03526     89.72535      8.12333     81.60202
     -5.02526     18.73948      1.75878     16.98070
     -5.01526      2.81008      0.17642      2.63366
     -5.00526     14.44639      0.38574     14.06065
     -4.99526     55.58400      1.47253     54.11147
     -4.98526     78.89911      2.09020     76.80892
     -4.97526     41.20026      1.09148     40.10878
     -4.96526      7.91468      0.20968      7.70500
     -4.95526      0.55934      0.01482      0.54452
     -4.94526      0.01454      0.00039      0.01416
     -4.93526      0.00000      0.00000      0.00000
     -4.92526      0.00154      0.00003      0.00150
     -4.91526      0.09850      0.00222      0.09628
     -4.90526      2.32122      0.05222      2.26900
     -4.89526     20.12811      0.45340     19.67471
     -4.88526     64.40343      1.47666     62.92677
     -4.87526     79.46871      2.30626     77.16245
     -4.86526     61.20492      4.94800     56.25692
     -4.85526     77.90478     10.80311     67.10167
     -4.84526     68.12499      9.97093     58.15406
     -4.83526     23.26971      3.41781     19.85190
     -4.82526      2.93539      0.43125      2.50414
     -4.81526      0.13626      0.02002      0.11624
     -4.80526      0.00693      0.00046      0.00646
     -4.79526      0.23146      0.00608      0.22538
     -4.78526      4.28472      0.11253      4.17219
     -4.77526     29.17911      0.76633     28.41278
     -4.76526     73.10162      1.91985     71.18177
     -4.75526     67.37461      1.76944     65.60517
     -4.74526     22.93218      0.60192     22.33026
     -4.73526      5.00811      0.12318      4.88493
     -4.72526     19.36249      0.43415     18.92833
     -4.71526     63.08086      1.41314     61.66772
     -4.70526     77.65907      1.75057     75.90850
     -4.69526     52.38480      1.32377     51.06103
     -4.68526     90.91719      3.14507     87.77212
     -4.67526    181.51416      8.86108    172.65308
     -4.66526    218.32064     14.87589    203.44475
     -4.65526    201.33742     13.22994    188.10748
     -4.64526    167.58143      7.14563    160.43580
     -4.63526     95.77948      2.99675     92.78273
     -4.62526     30.51021      1.12513     29.38508
     -4.61526     29.72733      2.68752     27.03981
     -4.60526     71.83456      6.96788     64.86668
     -4.59526     79.00752      7.08610     71.92142
     -4.58526     72.13305      3.78553     68.34752
     -4.57526    104.32023      3.13961    101.18061
     -4.56526    118.44763      3.24943    115.19821
     -4.55526     86.99434      2.34008     84.65426
     -4.54526     31.95692      0.85431     31.10261
     -4.53526      4.74327      0.12661      4.61666
     -4.52526      0.26716      0.00740      0.25976
     -4.51526      0.14352      0.01969      0.12383
     -4.50526      2.96320      0.41956      2.54364
     -4.49526     23.40451      3.31306     20.09145
     -4.48526     68.30227      9.63238     58.66989
     -4.47526     78.68844     10.44854     68.23990
     -4.46526     71.05868      5.20516     65.85352
     -4.45526    124.77599      3.90491    120.87108
     -4.44526    143.34766      3.99959    139.34807
     -4.43526     71.45117      1.99522     69.45595
     -4.42526     14.64298      0.41081     14.23217
     -4.41526      1.18705      0.03340      1.15365
     -4.40526      0.03689      0.00104      0.03585
     -4.39526      0.00042      0.00001      0.00041
     -4.38526      0.00000      0.00000      0.00000
     -4.37526      0.01035      0.00028      0.01007
     -4.36526      0.45007      0.01322      0.43685
     -4.35526      7.30088      0.23505      7.06583
     -4.34526     46.75550      1.76940     44.98610
     -4.33526    129.17556      6.09844    123.07712
     -4.32526    189.25068     11.14785    178.10283
     -4.31526    201.63933     14.62426    187.01507
     -4.30526    154.01146     13.86286    140.14860
     -4.29526     60.60884      6.47870     54.13014
     -4.28526     10.11370      1.21079      8.90291
     -4.27526      0.66630      0.08544      0.58086
     -4.26526      0.01680      0.00224      0.01456
     -4.25526      0.00000      0.00000      0.00000
     -4.24526      0.02320      0.00039      0.02281
     -4.23526      0.79622      0.01346      0.78277
     -4.22526     10.05092      0.16985      9.88107
     -4.21526     46.67487      0.78876     45.88611
     -4.20526     79.74109      1.34757     78.39353
     -4.19526     50.29305      0.85149     49.44156
     -4.18526     15.51079      0.29946     15.21133
     -4.17526     34.57094      0.97121     33.59973
     -4.16526    119.58221      4.20963    115.37258
     -4.15526    195.52573     10.30343    185.22231
     -4.14526    163.12881     13.26616    149.86265
     -4.13526     69.48307      7.53870     61.94437
     -4.12526     13.53468      1.69223     11.84245
     -4.11526      1.89273      0.20135      1.69137
     -4.10526     10.26874      0.73385      9.53489
     -4.09526     47.12058      3.35700     43.76358
     -4.08526     80.22254      5.69181     74.53073
     -4.07526     56.62432      3.66761     52.95671
     -4.06526     49.76974      1.51699     48.25275
     -4.05526     79.01299      1.50366     77.50932
     -4.04526     58.41684      1.07584     57.34100
     -4.03526     16.11200      0.30164     15.81036
     -4.02526      2.92184      0.20927      2.71256
     -4.01526     13.92729      1.92128     12.00601
     -4.00526     54.61317      7.56236     47.05081
     -3.99526     79.12497     10.95668     68.16829
     -3.98526     42.17371      5.83993     36.33379
     -3.97526      8.26943      1.14509      7.12434
     -3.96526      0.59651      0.08260      0.51391
     -3.95526      0.01583      0.00219      0.01364
     -3.94526      0.00430      0.00009      0.00420
     -3.93526      0.21959      0.00480      0.21479
     -3.92526      4.13436      0.09040      4.04396
     -3.91526     28.89949      0.63741     28.26208
     -3.90526     79.69746      1.87236     77.82510
     -3.89526    120.50251      3.69101    116.81150
     -3.88526    172.36776      7.48847    164.87929
     -3.87526    185.77678     11.77105    174.00573
     -3.86526    137.73878     13.25345    124.48533
     -3.85526    100.18282      8.62796     91.55486
     -3.84526     92.42333      3.44645     88.97688
     -3.83526     60.02897      1.30023     58.72874
     -3.82526     16.30329      0.31554     15.98776
     -3.81526      1.65723      0.03159      1.62564
     -3.80526      0.06210      0.00118      0.06092
     -3.79526      0.00296      0.00027      0.00269
     -3.78526      0.14210      0.01593      0.12617
     -3.77526      3.62604      0.37278      3.25326
     -3.76526     35.85964      3.25920     32.60045
     -3.75526    140.71232     10.78169    129.93063
     -3.74526    225.00418     13.81092    211.19326
     -3.73526    152.09417      7.24847    144.84570
     -3.72526     64.71949      2.77777     61.94172
     -3.71526     72.91368      3.75105     69.16264
     -3.70526     72.52030      3.82645     68.69385
     -3.69526     28.16815      1.48913     26.67902
     -3.68526      4.49257      0.27617      4.21640
     -3.67526      7.13919      0.96089      6.17830
     -3.66526     38.33547      5.25548     33.07998
     -3.65526     78.03443     10.69855     67.33588
     -3.64526     58.47822      8.01306     50.46516
     -3.63526     17.23116      2.22929     15.00187
     -3.62526     14.31854      0.46845     13.85009
     -3.61526     52.72241      1.02897     51.69344
     -3.60526     85.72235      1.80415     83.91820
     -3.59526     94.47014      3.52908     90.94106
     -3.58526    174.08561     10.65729    163.42833
     -3.57526    224.99128     16.04761    208.94367
     -3.56526    124.57746      9.41561    115.16185
     -3.55526     31.38299      2.19692     29.18607
     -3.54526     30.27020      0.91644     29.35376
     -3.53526     74.16380      2.17135     71.99245
     -3.52526     87.05654      4.31762     82.73892
     -3.51526     85.96484      9.09085     76.87399
     -3.50526     79.77664     10.54539     69.23125
     -3.49526     37.78772      4.87555     32.91217
     -3.48526     28.56203      1.72168     26.84036
     -3.47526     67.61411      2.78773     64.82638
     -3.46526     73.20114      2.98164     70.21950
     -3.45526     29.30328      1.19327     28.11001
     -3.44526      4.31650      0.17576      4.14074
     -3.43526      0.28294      0.01062      0.27232
     -3.42526      1.42744      0.03243      1.39501
     -3.41526     15.67132      0.36648     15.30484
     -3.40526     68.97206      1.73205     67.24001
     -3.39526    133.90567      3.78835    130.11732
     -3.38526    136.78291      4.33568    132.44723
     -3.37526    114.35852      3.56377    110.79475
     -3.36526    118.17375      3.18475    114.98900
     -3.35526    113.31060      2.57201    110.73859
     -3.34526     72.75204      1.47788     71.27416
     -3.33526     21.90304      0.42953     21.47351
     -3.32526      2.58190      0.05023      2.53167
     -3.31526      0.11338      0.00220      0.11118
     -3.30526      0.00184      0.00004      0.00180
     -3.29526      0.00000      0.00000      0.00000
     -3.28526      0.00000      0.00000      0.00000
     -3.27526      0.00000      0.00000      0.00000
     -3.26526      0.00000      0.00000      0.00000
     -3.25526      0.00000      0.00000      0.00000
     -3.24526      0.00000      0.00000      0.00000
     -3.23526      0.00000      0.00000      0.00000
     -3.22526      0.00000      0.00000      0.00000
     -3.21526      0.00000      0.00000      0.00000
     -3.20526      0.00729      0.00017      0.00712
     -3.19526      0.33002      0.00759      0.32242
     -3.18526      5.49803      0.12648      5.37155
     -3.17526     33.69642      0.77517     32.92124
     -3.16526     75.97419      1.74776     74.22643
     -3.15526     63.01645      1.44967     61.56678
     -3.14526     19.22858      0.44235     18.78624
     -3.13526      2.15883      0.04966      2.10917
     -3.12526      0.12020      0.00266      0.11754
     -3.11526      0.99227      0.01942      0.97285
     -3.10526     11.62870      0.22750     11.40119
     -3.09526     50.20315      0.98218     49.22097
     -3.08526     79.73268      1.55990     78.17278
     -3.07526     46.58512      0.91140     45.67373
     -3.06526     10.01299      0.19590      9.81709
     -3.05526      0.79175      0.01549      0.77626
     -3.04526      0.02303      0.00045      0.02258
     -3.03526      0.00000      0.00000      0.00000
     -3.02526      0.00000      0.00000      0.00000
     -3.01526      0.00000      0.00000      0.00000
     -3.00526      0.00000      0.00000      0.00000
     -2.99526      0.00000      0.00000      0.00000
     -2.98526      0.00000      0.00000      0.00000
     -2.97526      0.00000      0.00000      0.00000
     -2.96526      0.00035      0.00001      0.00034
     -2.95526      0.03046      0.00067      0.02980
     -2.94526      0.97653      0.02132      0.95521
     -2.93526     11.51655      0.25145     11.26510
     -2.92526     49.96480      1.09093     48.87387
     -2.91526     79.74641      1.74117     78.00524
     -2.90526     46.82349      1.02234     45.80115
     -2.89526     10.11397      0.22083      9.89315
     -2.88526      0.80368      0.01755      0.78614
     -2.87526      0.02349      0.00051      0.02298
     -2.86526      0.00000      0.00000      0.00000
     -2.85526      0.01061      0.00021      0.01040
     -2.84526      0.44004      0.00883      0.43121
     -2.83526      6.71338      0.13475      6.57862
     -2.82526     37.67836      0.75629     36.92207
     -2.81526     77.79444      1.56151     76.23293
     -2.80526     59.08954      1.18606     57.90347
     -2.79526     16.51118      0.33142     16.17976
     -2.78526      1.71093      0.03433      1.67660
     -2.77526      0.64595      0.01247      0.63348
     -2.76526      9.41419      0.17833      9.23586
     -2.75526     58.53404      1.08726     57.44678
     -2.74526    141.36550      2.56440    138.80111
     -2.73526    133.44337      2.35952    131.08385
     -2.72526     49.21263      0.84909     48.36354
     -2.71526      7.04091      0.11896      6.92195
     -2.70526      0.38658      0.00643      0.38015
     -2.69526      0.00805      0.00013      0.00792
     -2.68526      0.00000      0.00000      0.00000
     -2.67526      0.00000      0.00000      0.00000
     -2.66526      0.00000      0.00000      0.00000
     -2.65526      0.00000      0.00000      0.00000
     -2.64526      0.00858      0.00026      0.00832
     -2.63526      0.38016      0.01163      0.36852
     -2.62526      6.28882      0.19225      6.09657
     -2.61526     40.49874      1.23505     39.26369
     -2.60526    111.49569      3.38350    108.11218
     -2.59526    166.90163      5.04642    161.85521
     -2.58526    220.12915      6.69660    213.43255
     -2.57526    294.93753      8.88733    286.05020
     -2.56526    318.27589      9.15649    309.11939
     -2.55526    334.34431      9.11828    325.22602
     -2.54526    348.71447      9.10925    339.60522
     -2.53526    245.90377      6.03221    239.87156
     -2.52526     93.99111      2.11493     91.87618
     -2.51526     26.52738      0.63179     25.89559
     -2.50526     45.90982      1.35181     44.55801
     -2.49526     79.57441      2.36735     77.20706
     -2.48526     52.30053      1.55626     50.74427
     -2.47526     12.65287      0.37650     12.27636
     -2.46526      1.12611      0.03351      1.09260
     -2.45526      0.03687      0.00110      0.03577
     -2.44526      0.00044      0.00001      0.00043
     -2.43526      0.00000      0.00000      0.00000
     -2.42526      0.00000      0.00000      0.00000
     -2.41526      0.00000      0.00000      0.00000
     -2.40526      0.00000      0.00000      0.00000
     -2.39526      0.00000      0.00000      0.00000
     -2.38526      0.00000      0.00000      0.00000
     -2.37526      0.00401      0.00008      0.00394
     -2.36526      0.26637      0.00521      0.26116
     -2.35526      6.52524      0.12938      6.39586
     -2.34526     60.91070      1.22448     59.68622
     -2.33526    218.95323      4.46618    214.48704
     -2.32526    306.22476      6.33788    299.88688
     -2.31526    168.06171      3.52524    164.53646
     -2.30526     40.19985      0.84572     39.35413
     -2.29526     33.48746      0.65825     32.82921
     -2.28526     96.45975      1.89331     94.56645
     -2.27526    162.28300      3.21811    159.06490
     -2.26526    187.97175      3.73295    184.23880
     -2.25526    164.22880      3.24045    160.98835
     -2.24526    108.90148      2.14419    106.75729
     -2.23526     57.62414      1.13236     56.49178
     -2.22526     66.92288      1.30646     65.61641
     -2.21526     79.46183      1.54325     77.91859
     -2.20526     53.13822      0.97212     52.16610
     -2.19526     65.58473      1.04991     64.53483
     -2.18526     78.14219      1.22325     76.91894
     -2.17526     37.53662      0.58689     36.94973
     -2.16526      6.66453      0.10419      6.56033
     -2.15526      0.43620      0.00682      0.42938
     -2.14526      0.06885      0.00108      0.06776
     -2.13526      1.58293      0.02492      1.55800
     -2.12526     15.78898      0.24861     15.54037
     -2.11526     57.93659      0.91227     57.02433
     -2.10526     78.20912      1.23148     76.97764
     -2.09526     38.83894      0.61156     38.22738
     -2.08526      7.09550      0.11173      6.98377
     -2.07526      0.47755      0.00752      0.47003
     -2.06526      0.06316      0.00111      0.06205
     -2.05526      1.44032      0.02601      1.41432
     -2.04526     14.85626      0.26824     14.58802
     -2.03526     56.37207      1.01784     55.35423
     -2.02526     78.69082      1.42082     77.26999
     -2.01526     40.41007      0.72963     39.68044
     -2.00526      7.63415      0.13784      7.49631
     -1.99526      0.53056      0.00958      0.52098
     -1.98526      0.01356      0.00024      0.01332
     -1.97526      0.00000      0.00000      0.00000
     -1.96526      0.00000      0.00000      0.00000
     -1.95526      0.00000      0.00000      0.00000
     -1.94526      0.00047      0.00001      0.00047
     -1.93526      0.03888      0.00060      0.03828
     -1.92526      1.17150      0.01806      1.15344
     -1.91526     12.98545      0.20023     12.78523
     -1.90526     52.95433      0.81652     52.13782
     -1.89526     79.59814      1.22710     78.37104
     -1.88526     47.20138      0.72260     46.47878
     -1.87526     34.17349      0.48779     33.68570
     -1.86526     70.49636      0.97884     69.51751
     -1.85526     70.99866      0.98481     70.01385
     -1.84526     26.54177      0.36815     26.17362
     -1.83526      3.65113      0.05064      3.60048
     -1.82526      0.18477      0.00256      0.18221
     -1.81526      0.01608      0.00021      0.01587
     -1.80526      0.50297      0.00659      0.49638
     -1.79526      7.35985      0.09644      7.26341
     -1.78526     39.61914      0.51916     39.09998
     -1.77526     78.46047      1.02814     77.43233
     -1.76526     57.21991      0.75017     56.46974
     -1.75526     16.93026      0.23173     16.69853
     -1.74526     17.47702      0.32697     17.15005
     -1.73526     58.27950      1.12089     57.15862
     -1.72526     78.11105      1.50275     76.60829
     -1.71526     38.54916      0.74164     37.80752
     -1.70526      6.99885      0.13465      6.86421
     -1.69526      0.46746      0.00899      0.45847
     -1.68526      0.01149      0.00022      0.01126
     -1.67526      0.00000      0.00000      0.00000
     -1.66526      0.00000      0.00000      0.00000
     -1.65526      0.00000      0.00000      0.00000
     -1.64526      0.00000      0.00000      0.00000
     -1.63526      0.00000      0.00000      0.00000
     -1.62526      0.01128      0.00032      0.01096
     -1.61526      0.46094      0.01295      0.44798
     -1.60526      6.93553      0.19484      6.74069
     -1.59526     38.58733      1.07963     37.50770
     -1.58526     83.37158      2.23798     81.13360
     -1.57526    101.99406      2.02312     99.97094
     -1.56526    147.91569      1.65363    146.26206
     -1.55526    149.36381      1.44684    147.91698
     -1.54526     61.38349      0.60583     60.77767
     -1.53526      9.42811      0.09630      9.33181
     -1.52526      0.53666      0.00567      0.53099
     -1.51526      0.01131      0.00012      0.01119
     -1.50526      0.00000      0.00000      0.00000
     -1.49526      0.00000      0.00000      0.00000
     -1.48526      0.00000      0.00000      0.00000
     -1.47526      0.00000      0.00000      0.00000
     -1.46526      0.00000      0.00000      0.00000
     -1.45526      0.00000      0.00000      0.00000
     -1.44526      0.00000      0.00000      0.00000
     -1.43526      0.00763      0.00025      0.00739
     -1.42526      0.34203      0.01111      0.33092
     -1.41526      5.63691      0.18314      5.45377
     -1.40526     34.17615      1.11037     33.06578
     -1.39526     76.22726      2.47660     73.75066
     -1.38526     62.54650      2.03211     60.51438
     -1.37526     18.87997      0.61340     18.26656
     -1.36526      2.09655      0.06812      2.02843
     -1.35526      0.08565      0.00278      0.08286
     -1.34526      0.00129      0.00004      0.00125
     -1.33526      0.00000      0.00000      0.00000
     -1.32526      0.00000      0.00000      0.00000
     -1.31526      0.00000      0.00000      0.00000
     -1.30526      0.00000      0.00000      0.00000
     -1.29526      0.01438      0.00019      0.01419
     -1.28526      0.55469      0.00733      0.54736
     -1.27526      7.86975      0.10396      7.76579
     -1.26526     41.07494      0.54259     40.53235
     -1.25526     78.86758      1.04182     77.82576
     -1.24526     55.70903      0.73590     54.97313
     -1.23526     14.47720      0.19126     14.28595
     -1.22526      1.44758      0.02051      1.42707
     -1.21526      1.73673      0.05970      1.67703
     -1.20526     16.45445      0.57567     15.87878
     -1.19526     58.99975      2.06419     56.93556
     -1.18526     77.82860      2.72294     75.10566
     -1.17526     37.76885      1.32139     36.44745
     -1.16526      6.74270      0.23590      6.50680
     -1.15526      0.44283      0.01549      0.42734
     -1.14526      0.01070      0.00037      0.01032
     -1.13526      0.00000      0.00000      0.00000
     -1.12526      0.00000      0.00000      0.00000
     -1.11526      0.00000      0.00000      0.00000
     -1.10526      0.00000      0.00000      0.00000
     -1.09526      0.00000      0.00000      0.00000
     -1.08526      0.00000      0.00000      0.00000
     -1.07526      0.00000      0.00000      0.00000
     -1.06526      0.00000      0.00000      0.00000
     -1.05526      0.00000      0.00000      0.00000
     -1.04526      0.00000      0.00000      0.00000
     -1.03526      0.00000      0.00000      0.00000
     -1.02526      0.00714      0.00026      0.00688
     -1.01526      0.32502      0.01197      0.31305
     -1.00526      5.43973      0.20038      5.23935
     -0.99526     33.51340      1.23398     32.27942
     -0.98526     76.58720      2.80333     73.78387
     -0.97526     72.63718      2.44379     70.19339
     -0.96526     64.53221      1.26601     63.26619
     -0.95526     81.79460      1.05407     80.74053
     -0.94526     51.72489      0.63479     51.09010
     -0.93526     12.32157      0.15072     12.17085
     -0.92526      1.08144      0.01323      1.06821
     -0.91526      0.03492      0.00043      0.03449
     -0.90526      0.00041      0.00001      0.00041
     -0.89526      0.00000      0.00000      0.00000
     -0.88526      0.00000      0.00000      0.00000
     -0.87526      0.00000      0.00000      0.00000
     -0.86526      0.00000      0.00000      0.00000
     -0.85526      0.00000      0.00000      0.00000
     -0.84526      0.00000      0.00000      0.00000
     -0.83526      0.00000      0.00000      0.00000
     -0.82526      0.00777      0.00030      0.00747
     -0.81526      0.34651      0.01328      0.33323
     -0.80526      5.68826      0.21800      5.47025
     -0.79526     34.35175      1.31652     33.03523
     -0.78526     76.31752      2.92486     73.39266
     -0.77526     62.37421      2.39048     59.98373
     -0.76526     18.75389      0.71874     18.03515
     -0.75526      2.07436      0.07950      1.99486
     -0.74526      0.08441      0.00323      0.08117
     -0.73526      0.00126      0.00005      0.00122
     -0.72526      0.00000      0.00000      0.00000
     -0.71526      0.00649      0.00007      0.00642
     -0.70526      0.30179      0.00330      0.29848
     -0.69526      5.16472      0.05653      5.10819
     -0.68526     32.51609      0.35592     32.16017
     -0.67526     75.31041      0.82434     74.48607
     -0.66526     64.16783      0.70238     63.46545
     -0.65526     20.11338      0.22016     19.89323
     -0.64526      2.31931      0.02539      2.29392
     -0.63526      0.10932      0.00151      0.10781
     -0.62526      0.45168      0.01779      0.43389
     -0.61526      6.81932      0.26928      6.55004
     -0.60526     38.00414      1.50070     36.50344
     -0.59526     77.91596      3.07673     74.83923
     -0.58526     58.76619      2.32055     56.44564
     -0.57526     16.30550      0.64387     15.66163
     -0.56526      1.66436      0.06572      1.59863
     -0.55526      0.06250      0.00247      0.06003
     -0.54526      0.00086      0.00003      0.00083
     -0.53526      0.00000      0.00000      0.00000
     -0.52526      0.00000      0.00000      0.00000
     -0.51526      0.00000      0.00000      0.00000
     -0.50526      0.00000      0.00000      0.00000
     -0.49526      0.00000      0.00000      0.00000
     -0.48526      0.00000      0.00000      0.00000
     -0.47526      0.00000      0.00000      0.00000
     -0.46526      0.01319      0.00024      0.01294
     -0.45526      0.60114      0.01193      0.58921
     -0.44526     10.17171      0.21619      9.95552
     -0.43526     63.90793      1.45199     62.45594
     -0.42526    149.14455      3.61311    145.53143
     -0.41526    129.30705      3.32858    125.97847
     -0.40526     41.64733      1.13442     40.51291
     -0.39526      4.98206      0.14293      4.83913
     -0.38526      0.22127      0.00665      0.21462
     -0.37526      0.00365      0.00011      0.00353
     -0.36526      0.00000      0.00000      0.00000
     -0.35526      0.00000      0.00000      0.00000
     -0.34526      0.00000      0.00000      0.00000
     -0.33526      0.00000      0.00000      0.00000
     -0.32526      0.00000      0.00000      0.00000
     -0.31526      0.00157      0.00006      0.00151
     -0.30526      0.10014      0.00395      0.09619
     -0.29526      2.34927      0.09275      2.25652
     -0.28526     20.27504      0.80045     19.47460
     -0.27526     64.37548      2.54140     61.83407
     -0.26526     75.37407      2.96983     72.40424
     -0.25526     36.00315      1.30531     34.69784
     -0.24526     31.84766      0.41776     31.42990
     -0.23526     71.45002      0.58685     70.86316
     -0.22526     69.65532      0.56322     69.09209
     -0.21526     25.08079      0.20273     24.87806
     -0.20526      3.32256      0.02686      3.29571
     -0.19526      0.16192      0.00131      0.16062
     -0.18526      0.00330      0.00004      0.00327
     -0.17526      0.03400      0.00125      0.03275
     -0.16526      1.06015      0.03912      1.02103
     -0.15526     12.15970      0.44872     11.71098
     -0.14526     51.30789      1.89339     49.41449
     -0.13526     79.64361      2.93906     76.70456
     -0.12526     45.48029      1.67834     43.80195
     -0.11526      9.55435      0.35258      9.20177
     -0.10526      0.73839      0.02725      0.71114
     -0.09526      0.02099      0.00077      0.02022
     -0.08526      0.00000      0.00000      0.00000
     -0.07526      0.00000      0.00000      0.00000
     -0.06526      0.00000      0.00000      0.00000
     -0.05526      0.00000      0.00000      0.00000
     -0.04526      0.00285      0.00009      0.00276
     -0.03526      0.15942      0.00504      0.15439
     -0.02526      3.28573      0.10380      3.18193
     -0.01526     24.91255      0.78700     24.12555
     -0.00526     69.48806      2.19516     67.29290
      0.00474     71.30297      2.25249     69.05048
      0.01474     26.91601      0.85029     26.06572
      0.02474      3.73783      0.11808      3.61975
      0.03474      0.19096      0.00603      0.18492
      0.04474      0.00359      0.00011      0.00348
      0.05474      0.00000      0.00000      0.00000
      0.06474      0.00000      0.00000      0.00000
      0.07474      0.00000      0.00000      0.00000
      0.08474      0.00000      0.00000      0.00000
      0.09474      0.00000      0.00000      0.00000
      0.10474      0.00000      0.00000      0.00000
      0.11474      0.00000      0.00000      0.00000
      0.12474      0.00000      0.00000      0.00000
      0.13474      0.00000      0.00000      0.00000
      0.14474      0.00000      0.00000      0.00000
      0.15474      0.00000      0.00000      0.00000
      0.16474      0.00000      0.00000      0.00000
      0.17474      0.00000      0.00000      0.00000
      0.18474      0.00000      0.00000      0.00000
      0.19474      0.00000      0.00000      0.00000
      0.20474      0.00000      0.00000      0.00000
      0.21474      0.00000      0.00000      0.00000
      0.22474      0.00000      0.00000      0.00000
      0.23474      0.00000      0.00000      0.00000
      0.24474      0.00000      0.00000      0.00000
      0.25474      0.00000      0.00000      0.00000
      0.26474      0.00000      0.00000      0.00000
      0.27474      0.00000      0.00000      0.00000
      0.28474      0.00000      0.00000      0.00000
      0.29474      0.00000      0.00000      0.00000
      0.30474      0.00000      0.00000      0.00000
      0.31474      0.00000      0.00000      0.00000
      0.32474      0.00000      0.00000      0.00000
      0.33474      0.00000      0.00000      0.00000
      0.34474      0.00000      0.00000      0.00000
      0.35474      0.00000      0.00000      0.00000
      0.36474      0.00000      0.00000      0.00000
      0.37474      0.00000      0.00000      0.00000
      0.38474      0.00000      0.00000      0.00000
      0.39474      0.00000      0.00000      0.00000
      0.40474      0.00000      0.00000      0.00000
      0.41474      0.00000      0.00000      0.00000
      0.42474      0.00000      0.00000      0.00000
      0.43474      0.00000      0.00000      0.00000
      0.44474      0.00000      0.00000      0.00000
      0.45474      0.00000      0.00000      0.00000
      0.46474      0.00000      0.00000      0.00000
      0.47474      0.00000      0.00000      0.00000
      0.48474      0.00000      0.00000      0.00000
      0.49474      0.00000      0.00000      0.00000
      0.50474      0.00000      0.00000      0.00000
      0.51474      0.00000      0.00000      0.00000
      0.52474      0.00000      0.00000      0.00000
      0.53474      0.00000      0.00000      0.00000
      0.54474      0.00000      0.00000      0.00000
      0.55474      0.00000      0.00000      0.00000
      0.56474      0.00000      0.00000      0.00000
      0.57474      0.00000      0.00000      0.00000
      0.58474      0.00000      0.00000      0.00000
      0.59474      0.00000      0.00000      0.00000
      0.60474      0.00000      0.00000      0.00000
      0.61474      0.00000      0.00000      0.00000
      0.62474      0.00000      0.00000      0.00000
      0.63474      0.00000      0.00000      0.00000
      0.64474      0.00000      0.00000      0.00000
      0.65474      0.00000      0.00000      0.00000
      0.66474      0.00000      0.00000      0.00000
      0.67474      0.00000      0.00000      0.00000
      0.68474      0.00000      0.00000      0.00000
      0.69474      0.00000      0.00000      0.00000
      0.70474      0.00000      0.00000      0.00000
      0.71474      0.00000      0.00000      0.00000
      0.72474      0.00000      0.00000      0.00000
      0.73474      0.00000      0.00000      0.00000
      0.74474      0.00000      0.00000      0.00000
      0.75474      0.00000      0.00000      0.00000
      0.76474      0.00000      0.00000      0.00000
      0.77474      0.00000      0.00000      0.00000
      0.78474      0.00000      0.00000      0.00000
      0.79474      0.00000      0.00000      0.00000
      0.80474      0.00000      0.00000      0.00000
      0.81474      0.00000      0.00000      0.00000
      0.82474      0.00000      0.00000      0.00000
      0.83474      0.00000      0.00000      0.00000
      0.84474      0.00000      0.00000      0.00000
      0.85474      0.00000      0.00000      0.00000
      0.86474      0.00000      0.00000      0.00000
      0.87474      0.00000      0.00000      0.00000
      0.88474      0.00000      0.00000      0.00000
      0.89474      0.00000      0.00000      0.00000
      0.90474      0.00000      0.00000      0.00000
      0.91474      0.00000      0.00000      0.00000
      0.92474      0.00000      0.00000      0.00000
      0.93474      0.00000      0.00000      0.00000
      0.94474      0.00000      0.00000      0.00000
      0.95474      0.00000      0.00000      0.00000
      0.96474      0.00000      0.00000      0.00000
      0.97474      0.00000      0.00000      0.00000
      0.98474      0.00000      0.00000      0.00000
      0.99474      0.00000      0.00000      0.00000
      1.00474      0.00000      0.00000      0.00000
      1.01474      0.00000      0.00000      0.00000
      1.02474      0.00000      0.00000      0.00000
      1.03474      0.00000      0.00000      0.00000
      1.04474      0.00000      0.00000      0.00000
      1.05474      0.00000      0.00000      0.00000
      1.06474      0.00000      0.00000      0.00000
      1.07474      0.00000      0.00000      0.00000
      1.08474      0.00000      0.00000      0.00000
      1.09474      0.00000      0.00000      0.00000
      1.10474      0.00000      0.00000      0.00000
      1.11474      0.00000      0.00000      0.00000
      1.12474      0.00000      0.00000      0.00000
      1.13474      0.00000      0.00000      0.00000
      1.14474      0.00000      0.00000      0.00000
      1.15474      0.00000      0.00000      0.00000
      1.16474      0.00000      0.00000      0.00000
      1.17474      0.00000      0.00000      0.00000
      1.18474      0.00000      0.00000      0.00000
      1.19474      0.00000      0.00000      0.00000
      1.20474      0.00000      0.00000      0.00000
      1.21474      0.00000      0.00000      0.00000
      1.22474      0.00000      0.00000      0.00000
      1.23474      0.00000      0.00000      0.00000
      1.24474      0.00000      0.00000      0.00000
      1.25474      0.00000      0.00000      0.00000
      1.26474      0.00000      0.00000      0.00000
      1.27474      0.00000      0.00000      0.00000
      1.28474      0.00000      0.00000      0.00000
      1.29474      0.00000      0.00000      0.00000
      1.30474      0.00000      0.00000      0.00000
      1.31474      0.00000      0.00000      0.00000
      1.32474      0.00000      0.00000      0.00000
      1.33474      0.00000      0.00000      0.00000
      1.34474      0.00000      0.00000      0.00000
      1.35474      0.00000      0.00000      0.00000
      1.36474      0.00000      0.00000      0.00000
      1.37474      0.00000      0.00000      0.00000
      1.38474      0.00000      0.00000      0.00000
      1.39474      0.00000      0.00000      0.00000
      1.40474      0.00000      0.00000      0.00000
      1.41474      0.00000      0.00000      0.00000
      1.42474      0.00000      0.00000      0.00000
      1.43474      0.00000      0.00000      0.00000
      1.44474      0.00000      0.00000      0.00000
      1.45474      0.00000      0.00000      0.00000
      1.46474      0.00000      0.00000      0.00000
      1.47474      0.00000      0.00000      0.00000
      1.48474      0.00000      0.00000      0.00000
      1.49474      0.00000      0.00000      0.00000
      1.50474      0.00000      0.00000      0.00000
      1.51474      0.00000      0.00000      0.00000
      1.52474      0.00000      0.00000      0.00000
      1.53474      0.00000      0.00000      0.00000
      1.54474      0.00000      0.00000      0.00000
      1.55474      0.00000      0.00000      0.00000
      1.56474      0.00000      0.00000      0.00000
      1.57474      0.00000      0.00000      0.00000
      1.58474      0.00000      0.00000      0.00000
      1.59474      0.00000      0.00000      0.00000
      1.60474      0.00000      0.00000      0.00000
      1.61474      0.00000      0.00000      0.00000
      1.62474      0.00000      0.00000      0.00000
      1.63474      0.00000      0.00000      0.00000
      1.64474      0.00000      0.00000      0.00000
      1.65474      0.00000      0.00000      0.00000
      1.66474      0.00000      0.00000      0.00000
      1.67474      0.00000      0.00000      0.00000
      1.68474      0.00000      0.00000      0.00000
      1.69474      0.00000      0.00000      0.00000
      1.70474      0.00000      0.00000      0.00000
      1.71474      0.00000      0.00000      0.00000
      1.72474      0.00000      0.00000      0.00000
      1.73474      0.00000      0.00000      0.00000
      1.74474      0.00000      0.00000      0.00000
      1.75474      0.00000      0.00000      0.00000
      1.76474      0.00000      0.00000      0.00000
      1.77474      0.00000      0.00000      0.00000
      1.78474      0.00000      0.00000      0.00000
      1.79474      0.00000      0.00000      0.00000
      1.80474      0.00000      0.00000      0.00000
      1.81474      0.00000      0.00000      0.00000
      1.82474      0.00000      0.00000      0.00000
      1.83474      0.00000      0.00000      0.00000
      1.84474      0.00000      0.00000      0.00000
      1.85474      0.00000      0.00000      0.00000
      1.86474      0.00000      0.00000      0.00000
      1.87474      0.00000      0.00000      0.00000
      1.88474      0.00000      0.00000      0.00000
      1.89474      0.00000      0.00000      0.00000
      1.90474      0.00000      0.00000      0.00000
      1.91474      0.00000      0.00000      0.00000
      1.92474      0.00000      0.00000      0.00000
      1.93474      0.00000      0.00000      0.00000
      1.94474      0.00000      0.00000      0.00000
      1.95474      0.00000      0.00000      0.00000
      1.96474      0.00000      0.00000      0.00000
      1.97474      0.00000      0.00000      0.00000
      1.98474      0.00000      0.00000      0.00000
      1.99474      0.00000      0.00000      0.00000
      2.00474      0.00000      0.00000      0.00000
      2.01474      0.00000      0.00000      0.00000
      2.02474      0.00000      0.00000      0.00000
      2.03474      0.00000      0.00000      0.00000
      2.04474      0.00000      0.00000      0.00000
      2.05474      0.00000      0.00000      0.00000
      2.06474      0.00000      0.00000      0.00000
      2.07474      0.00000      0.00000      0.00000
      2.08474      0.00000      0.00000      0.00000
      2.09474      0.00000      0.00000      0.00000
      2.10474      0.00000      0.00000      0.00000
      2.11474      0.00000      0.00000      0.00000
      2.12474      0.00000      0.00000      0.00000
      2.13474      0.00000      0.00000      0.00000
      2.14474      0.00000      0.00000      0.00000
      2.15474      0.00000      0.00000      0.00000
      2.16474      0.00000      0.00000      0.00000
      2.17474      0.00000      0.00000      0.00000
      2.18474      0.00000      0.00000      0.00000
      2.19474      0.00000      0.00000      0.00000
      2.20474      0.00000      0.00000      0.00000
      2.21474      0.00000      0.00000      0.00000
      2.22474      0.00000      0.00000      0.00000
      2.23474      0.00000      0.00000      0.00000
      2.24474      0.00000      0.00000      0.00000
      2.25474      0.00000      0.00000      0.00000
      2.26474      0.00000      0.00000      0.00000
      2.27474      0.00000      0.00000      0.00000
      2.28474      0.00000      0.00000      0.00000
      2.29474      0.00000      0.00000      0.00000
      2.30474      0.00000      0.00000      0.00000
      2.31474      0.00000      0.00000      0.00000
      2.32474      0.00000      0.00000      0.00000
      2.33474      0.00000      0.00000      0.00000
      2.34474      0.00000      0.00000      0.00000
      2.35474      0.00000      0.00000      0.00000
      2.36474      0.00000      0.00000      0.00000
      2.37474      0.00000      0.00000      0.00000
      2.38474      0.00000      0.00000      0.00000
      2.39474      0.00000      0.00000      0.00000
      2.40474      0.00000      0.00000      0.00000
      2.41474      0.00000      0.00000      0.00000
      2.42474      0.00000      0.00000      0.00000
      2.43474      0.00000      0.00000      0.00000
      2.44474      0.00000      0.00000      0.00000
      2.45474      0.00000      0.00000      0.00000
      2.46474      0.00000      0.00000      0.00000
      2.47474      0.00000      0.00000      0.00000
      2.48474      0.00000      0.00000      0.00000
      2.49474      0.00000      0.00000      0.00000
      2.50474      0.00000      0.00000      0.00000
      2.51474      0.00000      0.00000      0.00000
      2.52474      0.00000      0.00000      0.00000
      2.53474      0.00000      0.00000      0.00000
      2.54474      0.00000      0.00000      0.00000
      2.55474      0.00000      0.00000      0.00000
      2.56474      0.00000      0.00000      0.00000
      2.57474      0.00000      0.00000      0.00000
      2.58474      0.00000      0.00000      0.00000
      2.59474      0.00000      0.00000      0.00000
      2.60474      0.00000      0.00000      0.00000
      2.61474      0.00000      0.00000      0.00000
      2.62474      0.00000      0.00000      0.00000
      2.63474      0.00000      0.00000      0.00000
      2.64474      0.00000      0.00000      0.00000
      2.65474      0.00000      0.00000      0.00000
      2.66474      0.00000      0.00000      0.00000
      2.67474      0.00000      0.00000      0.00000
      2.68474      0.00000      0.00000      0.00000
      2.69474      0.00000      0.00000      0.00000
      2.70474      0.00000      0.00000      0.00000
      2.71474      0.00000      0.00000      0.00000
      2.72474      0.00000      0.00000      0.00000
      2.73474      0.00000      0.00000      0.00000
      2.74474      0.00000      0.00000      0.00000
      2.75474      0.00000      0.00000      0.00000
      2.76474      0.00000      0.00000      0.00000
      2.77474      0.00000      0.00000      0.00000
      2.78474      0.00000      0.00000      0.00000
      2.79474      0.00000      0.00000      0.00000
      2.80474      0.00000      0.00000      0.00000
      2.81474      0.00000      0.00000      0.00000
      2.82474      0.00000      0.00000      0.00000
      2.83474      0.00000      0.00000      0.00000
      2.84474      0.00000      0.00000      0.00000
      2.85474      0.00000      0.00000      0.00000
      2.86474      0.00000      0.00000      0.00000
      2.87474      0.00000      0.00000      0.00000
      2.88474      0.00000      0.00000      0.00000
      2.89474      0.00000      0.00000      0.00000
      2.90474      0.00000      0.00000      0.00000
      2.91474      0.00000      0.00000      0.00000
      2.92474      0.00000      0.00000      0.00000
      2.93474      0.00000      0.00000      0.00000
      2.94474      0.00000      0.00000      0.00000
      2.95474      0.00000      0.00000      0.00000
      2.96474      0.00000      0.00000      0.00000
      2.97474      0.00000      0.00000      0.00000
      2.98474      0.00000      0.00000      0.00000
      2.99474      0.00000      0.00000      0.00000
      3.00474      0.00000      0.00000      0.00000
      3.01474      0.00000      0.00000      0.00000
      3.02474      0.00000      0.00000      0.00000
      3.03474      0.00000      0.00000      0.00000
      3.04474      0.00000      0.00000      0.00000
      3.05474      0.00000      0.00000      0.00000
      3.06474      0.00000      0.00000      0.00000
      3.07474      0.00000      0.00000      0.00000
      3.08474      0.00000      0.00000      0.00000
      3.09474      0.00000      0.00000      0.00000
      3.10474      0.00000      0.00000      0.00000
      3.11474      0.00000      0.00000      0.00000
      3.12474      0.00000      0.00000      0.00000
      3.13474      0.00000      0.00000      0.00000
      3.14474      0.00000      0.00000      0.00000
      3.15474      0.00000      0.00000      0.00000
      3.16474      0.00000      0.00000      0.00000
      3.17474      0.00000      0.00000      0.00000
      3.18474      0.00000      0.00000      0.00000
      3.19474      0.00000      0.00000      0.00000
      3.20474      0.00000      0.00000      0.00000
      3.21474      0.00000      0.00000      0.00000
      3.22474      0.00000      0.00000      0.00000
      3.23474      0.00000      0.00000      0.00000
      3.24474      0.00000      0.00000      0.00000
      3.25474      0.00000      0.00000      0.00000
      3.26474      0.00000      0.00000      0.00000
      3.27474      0.00000      0.00000      0.00000
      3.28474      0.00000      0.00000      0.00000
      3.29474      0.00000      0.00000      0.00000
      3.30474      0.00000      0.00000      0.00000
      3.31474      0.00000      0.00000      0.00000
      3.32474      0.00000      0.00000      0.00000
      3.33474      0.00000      0.00000      0.00000
      3.34474      0.00000      0.00000      0.00000
      3.35474      0.00000      0.00000      0.00000
      3.36474      0.00000      0.00000      0.00000
      3.37474      0.00000      0.00000      0.00000
      3.38474      0.00000      0.00000      0.00000
      3.39474      0.00000      0.00000      0.00000
      3.40474      0.00000      0.00000      0.00000
      3.41474      0.00000      0.00000      0.00000
      3.42474      0.00000      0.00000      0.00000
      3.43474      0.00000      0.00000      0.00000
      3.44474      0.00000      0.00000      0.00000
      3.45474      0.00000      0.00000      0.00000
      3.46474      0.00000      0.00000      0.00000
      3.47474      0.00000      0.00000      0.00000
      3.48474      0.00000      0.00000      0.00000
      3.49474      0.00000      0.00000      0.00000
      3.50474      0.00000      0.00000      0.00000
      3.51474      0.00000      0.00000      0.00000
      3.52474      0.00000      0.00000      0.00000
      3.53474      0.00000      0.00000      0.00000
      3.54474      0.00000      0.00000      0.00000
      3.55474      0.00000      0.00000      0.00000
      3.56474      0.00000      0.00000      0.00000
      3.57474      0.00000      0.00000      0.00000
      3.58474      0.00000      0.00000      0.00000
      3.59474      0.00000      0.00000      0.00000
      3.60474      0.00000      0.00000      0.00000
      3.61474      0.00000      0.00000      0.00000
      3.62474      0.00000      0.00000      0.00000
      3.63474      0.00000      0.00000      0.00000
      3.64474      0.00000      0.00000      0.00000
      3.65474      0.00000      0.00000      0.00000
      3.66474      0.00000      0.00000      0.00000
      3.67474      0.00000      0.00000      0.00000
      3.68474      0.00000      0.00000      0.00000
      3.69474      0.00000      0.00000      0.00000
      3.70474      0.00000      0.00000      0.00000
      3.71474      0.00000      0.00000      0.00000
      3.72474      0.00000      0.00000      0.00000
      3.73474      0.00000      0.00000      0.00000
      3.74474      0.00000      0.00000      0.00000
      3.75474      0.00000      0.00000      0.00000
      3.76474      0.00000      0.00000      0.00000
      3.77474      0.00000      0.00000      0.00000
      3.78474      0.00000      0.00000      0.00000
      3.79474      0.00000      0.00000      0.00000
      3.80474      0.00000      0.00000      0.00000
      3.81474      0.00000      0.00000      0.00000
      3.82474      0.00000      0.00000      0.00000
      3.83474      0.00000      0.00000      0.00000
      3.84474      0.00000      0.00000      0.00000
      3.85474      0.00000      0.00000      0.00000
      3.86474      0.00000      0.00000      0.00000
      3.87474      0.00000      0.00000      0.00000
      3.88474      0.00000      0.00000      0.00000
      3.89474      0.00000      0.00000      0.00000
      3.90474      0.00000      0.00000      0.00000
      3.91474      0.00000      0.00000      0.00000
      3.92474      0.00000      0.00000      0.00000
      3.93474      0.00000      0.00000      0.00000
      3.94474      0.00000      0.00000      0.00000
      3.95474      0.00000      0.00000      0.00000
      3.96474      0.00000      0.00000      0.00000
      3.97474      0.00000      0.00000      0.00000
      3.98474      0.01303      0.00017      0.01286
      3.99474      0.51450      0.00655      0.50795
      4.00474      7.47512      0.09514      7.37998
      4.01474     39.95376      0.50852     39.44524
      4.02474     78.56024      0.99989     77.56034
      4.03474     56.82683      0.72328     56.10355
      4.04474     15.12201      0.19247     14.92954
      4.05474      1.48037      0.01884      1.46153
      4.06474      0.05331      0.00068      0.05264
      4.07474      0.00383      0.00007      0.00376
      4.08474      0.17133      0.00317      0.16816
      4.09474      3.45951      0.06408      3.39544
      4.10474     25.69823      0.47597     25.22226
      4.11474     70.22591      1.30069     68.92522
      4.12474     70.59874      1.30759     69.29115
      4.13474     26.10971      0.48359     25.62613
      4.14474      3.55233      0.06579      3.48653
      4.15474      0.17780      0.00329      0.17451
      4.16474      0.00327      0.00006      0.00321
      4.17474      0.00000      0.00000      0.00000
      4.18474      0.00422      0.00009      0.00413
      4.19474      0.24805      0.00535      0.24270
      4.20474      5.41279      0.11891      5.29388
      4.21474     43.84797      0.98095     42.86702
      4.22474    131.91199      3.00593    128.90606
      4.23474    147.40572      3.42099    143.98474
      4.24474     61.18554      1.44554     59.74001
      4.25474      9.43228      0.22668      9.20560
      4.26474      0.53985      0.01318      0.52666
      4.27474      0.01147      0.00028      0.01118
      4.28474      0.00000      0.00000      0.00000
      4.29474      0.00000      0.00000      0.00000
      4.30474      0.00000      0.00000      0.00000
      4.31474      0.01419      0.00055      0.01364
      4.32474      0.54903      0.02112      0.52792
      4.33474      7.81486      0.30060      7.51426
      4.34474     40.92120      1.57406     39.34715
      4.35474     78.82812      3.03216     75.79596
      4.36474     55.86238      2.14878     53.71361
      4.37474     14.58077      0.56056     14.02021
      4.38474      2.03623      0.06738      1.96884
      4.39474      8.71900      0.18704      8.53196
      4.40474     43.23996      0.92342     42.31654
      4.41474     79.33375      1.69421     77.63954
      4.42474     53.54792      1.14354     52.40437
      4.43474     13.29636      0.28395     13.01241
      4.44474      1.22043      0.02624      1.19419
      4.45474      0.31940      0.01528      0.30412
      4.46474      4.88324      0.25254      4.63071
      4.47474     31.48348      1.62826     29.85522
      4.48474     74.68053      3.86231     70.81822
      4.49474     65.16848      3.37037     61.79811
      4.50474     20.92056      1.08197     19.83859
      4.51474      2.47175      0.12877      2.34298
      4.52474      0.19345      0.08493      0.10851
      4.53474      2.52913      2.33008      0.19905
      4.54474     27.29074     25.15898      2.13175
      4.55474    108.40753     99.93953      8.46800
      4.56474    158.41970    146.04511     12.37459
      4.57474     85.16823     78.51500      6.65322
      4.58474     17.00900     15.64099      1.36801
      4.59474      5.20664      3.66219      1.54445
      4.60474     35.83279     20.88428     14.94850
      4.61474    120.81733     63.42513     57.39221
      4.62474    155.67534     72.42412     83.25123
      4.63474    105.70547     45.82640     59.87907
      4.64474    157.41067     84.28831     73.12235
      4.65474    237.90546    144.79376     93.11170
      4.66474    146.41121     97.11476     49.29645
      4.67474     42.56517     31.89156     10.67361
      4.68474     62.67752     55.97162      6.70590
      4.69474    147.30634    132.55886     14.74748
      4.70474    133.41740    120.06679     13.35061
      4.71474     45.32179     40.78416      4.53763
      4.72474     17.32188     15.42821      1.89367
      4.73474     67.72781     57.54539     10.18242
      4.74474    168.81541    128.10305     40.71236
      4.75474    201.46367    121.53441     79.92925
      4.76474    117.76026     51.14429     66.61598
      4.77474     46.97024     23.87438     23.09586
      4.78474     63.30552     54.99671      8.30881
      4.79474     85.21522     76.99985      8.21537
      4.80474     77.18799     69.67551      7.51248
      4.81474     86.70043     78.09923      8.60120
      4.82474     73.12856     65.94563      7.18293
      4.83474     73.15132     66.24730      6.90403
      4.84474     79.67992     72.26064      7.41928
      4.85474     38.99981     35.35500      3.64481
      4.86474     10.94138      9.30441      1.63697
      4.87474     37.76082     26.32864     11.43218
      4.88474    144.49716     93.63380     50.86336
      4.89474    228.95961    141.34909     87.61052
      4.90474    160.48892     90.76773     69.72119
      4.91474     93.78252     25.62114     68.16138
      4.92474     82.47919      4.88871     77.59048
      4.93474     42.31676      2.98014     39.33663
      4.94474     26.11200     17.05049      9.06150
      4.95474     73.49200     66.27380      7.21820
      4.96474    129.25537    117.16218     12.09319
      4.97474    115.86081    104.81063     11.05018
      4.98474     51.05427     46.11987      4.93441
      4.99474      9.69291      8.74568      0.94724
      5.00474      1.62133      1.22455      0.39679
      5.01474     13.52238      8.09921      5.42317
      5.02474     74.88047     41.63978     33.24069
      5.03474    155.07851     79.68677     75.39174
      5.04474    127.11572     63.23377     63.88195
      5.05474     76.71421     53.09781     23.61640
      5.06474     82.85997     72.99262      9.86735
      5.07474     54.11214     48.81211      5.30003
      5.08474     13.64030     12.32383      1.31646
      5.09474      3.91341      3.55195      0.36147
      5.10474     21.97914     19.99091      1.98824
      5.11474     66.36491     60.36229      6.00261
      5.12474     73.87474     67.19279      6.68195
      5.13474     30.84911     28.05561      2.79350
      5.14474     12.95651     11.73413      1.22239
      5.15474     43.08269     38.69172      4.39097
      5.16474     84.56705     71.98125     12.58580
      5.17474     87.55611     51.34897     36.20714
      5.18474     90.96128     17.93453     73.02675
      5.19474     83.92199     11.67485     72.24714
      5.20474    108.81239     36.37029     72.44210
      5.21474    159.04168     73.14213     85.89954
      5.22474    104.44007     56.23249     48.20758
      5.23474     26.29622     16.01192     10.28430
      5.24474      3.57097      2.64686      0.92411
      5.25474     12.46457     11.16743      1.29714
      5.26474     53.94357     46.68344      7.26013
      5.27474    100.19902     72.59948     27.59954
      5.28474    110.02322     42.78610     67.23711
      5.29474     85.14508     11.35060     73.79448
      5.30474     42.23989     10.20709     32.03281
      5.31474     52.59546     41.50588     11.08959
      5.32474     99.47830     73.45560     26.02269
      5.33474    114.89028     50.22680     64.66348
      5.34474     87.95117     15.26449     72.68668
      5.35474     34.41194      2.88124     31.53071
      5.36474      7.65539      2.36107      5.29432
      5.37474     20.05866     17.86636      2.19229
      5.38474     63.71928     57.59021      6.12907
      5.39474     76.42081     68.42495      7.99586
      5.40474     43.34119     30.75734     12.58385
      5.41474     53.61822      9.79313     43.82510
      5.42474     92.25307     18.15089     74.10218
      5.43474    100.87818     50.86783     50.01036
      5.44474     91.02609     73.31428     17.71181
      5.45474     48.26141     41.46122      6.80020
      5.46474     28.75127      9.65940     19.09187
      5.47474     80.30932      5.11867     75.19065
      5.48474    143.36338      9.22452    134.13886
      5.49474    138.99531     13.75620    125.23911
      5.50474    167.91281     37.84029    130.07252
      5.51474    240.66147     77.13726    163.52421
      5.52474    162.16964     62.63734     99.53229
      5.53474     43.27228     19.09039     24.18189
      5.54474     18.91039      4.69889     14.21150
      5.55474     69.52385     19.14184     50.38201
      5.56474    137.75123     59.66091     78.09032
      5.57474    121.53265     74.51758     47.01507
      5.58474     47.15815     35.59729     11.56087
      5.59474      7.59816      6.36342      1.23474
      5.60474      0.49457      0.42317      0.07140
      5.61474      0.59142      0.09676      0.49466
      5.62474      9.00982      1.85150      7.15832
      5.63474     54.73923     16.20882     38.53041
      5.64474    134.04020     56.43097     77.60923
      5.65474    135.26799     75.91943     59.34857
      5.66474     56.28753     38.64653     17.64100
      5.67474     10.10160      7.52066      2.58094
      5.68474     11.22884      3.93994      7.28891
      5.69474     64.53756     25.05526     39.48230
      5.70474    152.34801     68.44222     83.90579
      5.71474    162.92964     70.88372     92.04592
      5.72474    144.98823     31.98381    113.00442
      5.73474    144.55459     12.88110    131.67350
      5.74474     90.17371      6.78852     83.38520
      5.75474     26.01119      2.03386     23.97733
      5.76474      3.70136      0.81940      2.88196
      5.77474      8.79666      7.82942      0.96724
      5.78474     43.26912     39.02262      4.24650
      5.79474     80.95369     71.71400      9.23968
      5.80474     69.70881     49.11316     20.59565
      5.81474     73.54933     14.79665     58.75267
      5.82474     97.41096      6.58150     90.82947
      5.83474    108.19947     14.84275     93.35672
      5.84474    128.94867     46.89035     82.05832
      5.85474    116.29756     74.97695     41.32061
      5.86474     58.29372     47.65089     10.64283
      5.87474     13.04440     11.38408      1.66032
      5.88474      4.06937      1.23007      2.83931
      5.89474     23.41044      1.84007     21.57037
      5.90474     68.73501      5.93770     62.79731
      5.91474     82.93122     14.86289     68.06832
      5.92474     76.40251     45.04383     31.35868
      5.93474     92.85973     73.41786     19.44187
      5.94474     93.86437     48.31835     45.54603
      5.95474     90.83672     16.09832     74.73841
      5.96474     53.86759      4.71010     49.15749
      5.97474     15.45137      1.22531     14.22606
      5.98474     24.59664      3.98469     20.61196
      5.99474     88.46399     25.23494     63.22905
      6.00474    144.88520     67.35932     77.52589
      6.01474    118.25270     80.11151     38.14119
      6.02474     88.40206     77.35414     11.04792
      6.03474     93.14118     87.02472      6.11646
      6.04474     89.66930     84.52782      5.14148
      6.05474    103.16107     86.80825     16.35282
      6.06474    108.60510     54.45510     54.15001
      6.07474     90.56486     17.18509     73.37977
      6.08474     40.85830      3.75453     37.10377
      6.09474      7.51632      0.58258      6.93374
      6.10474      2.30490      1.24749      1.05741
      6.11474     21.45195     13.45120      8.00074
      6.12474     95.53533     55.05282     40.48251
      6.13474    160.77154     83.27533     77.49620
      6.14474    119.15718     48.22545     70.93173
      6.15474     99.33214     23.71401     75.61813
      6.16474    131.03309     51.90646     79.12663
      6.17474    127.62417     82.21200     45.41217
      6.18474    129.91089     85.33508     44.57581
      6.19474    166.20309     90.98777     75.21532
      6.20474    113.83858     56.52574     57.31284
      6.21474     30.21550     13.92568     16.28981
      6.22474      3.13698      1.28451      1.85248
      6.23474      3.36490      0.24401      3.12089
      6.24474     24.97365      1.54309     23.43055
      6.25474     73.40554      4.56606     68.83948
      6.26474     99.98598      6.62054     93.36544
      6.27474    104.27339     11.04890     93.22449
      6.28474    103.10515     33.21600     69.88915
      6.29474     98.27897     69.23338     29.04559
      6.30474     68.62399     59.77013      8.85385
      6.31474     23.20521     21.01694      2.18827
      6.32474     20.29796     19.07937      1.21859
      6.33474     67.32205     63.35281      3.96924
      6.34474    115.56674    107.53634      8.03040
      6.35474    114.46062    104.64846      9.81216
      6.36474     64.83446     58.60911      6.22535
      6.37474     16.77331     14.92055      1.85276
      6.38474      5.91856      1.85711      4.06145
      6.39474     30.45915      3.50299     26.95617
      6.40474     90.72004     18.46764     72.25240
      6.41474    151.82402     57.17657     94.64745
      6.42474    185.35727     81.69268    103.66459
      6.43474    167.16536     58.64465    108.52071
      6.44474    163.27758     61.72054    101.55705
      6.45474    138.22949     74.73624     63.49325
      6.46474     57.85592     39.41417     18.44174
      6.47474     12.02460      7.91857      4.10604
      6.48474     18.91691      1.60742     17.30949
      6.49474     62.34486      4.06478     58.28008
      6.50474     86.70594     12.71644     73.98950
      6.51474     92.52997     48.66032     43.86965
      6.52474    156.79876    111.00807     45.79069
      6.53474    202.98646    121.07150     81.91496
      6.54474    138.76446     64.56347     74.20099
      6.55474     68.54093     38.13848     30.40245
      6.56474     77.78477     63.50528     14.27949
      6.57474     67.57288     57.41221     10.16068
      6.58474     24.49217     19.52755      4.96462
      6.59474     22.94282      3.86834     19.07448
      6.60474     90.51986      7.55996     82.95990
      6.61474    156.44293     15.15386    141.28906
      6.62474    112.21252     18.99059     93.22194
      6.63474     70.45024     43.14308     27.30716
      6.64474     82.03653     72.43291      9.60362
      6.65474     52.64078     47.68448      4.95630
      6.66474     12.77941     11.59296      1.18645
      6.67474      1.16985      1.05878      0.11107
      6.68474      1.03229      0.77876      0.25353
      6.69474     14.47797      9.45094      5.02703
      6.70474     84.70096     44.54019     40.16076
      6.71474    204.80192     78.61416    126.18775
      6.72474    216.77826     53.44795    163.33031
      6.73474    138.53011     17.51555    121.01456
      6.74474     97.93290     11.70099     86.23191
      6.75474     96.39164     43.69390     52.69774
      6.76474    201.09458    122.25443     78.84015
      6.77474    285.41384    135.99651    149.41733
      6.78474    193.03384     59.47477    133.55906
      6.79474     81.85110     26.09070     55.76040
      6.80474     75.05035     50.95247     24.09788
      6.81474     75.39639     56.67567     18.72071
      6.82474     43.23689     33.46251      9.77437
      6.83474     57.89184     46.99773     10.89411
      6.84474     79.67185     64.99874     14.67310
      6.85474     45.08670     35.64138      9.44532
      6.86474     25.22472      9.14506     16.07966
      6.87474     60.70076      8.42655     52.27421
      6.88474     89.84578     18.11516     71.73062
      6.89474     88.74429     41.41845     47.32585
      6.90474     86.41114     58.38781     28.02333
      6.91474     46.23969     33.14657     13.09312
      6.92474      9.70622      7.00923      2.69699
      6.93474      1.21012      0.95542      0.25470
      6.94474      6.90963      6.21422      0.69541
      6.95474     38.21432     34.38946      3.82485
      6.96474     78.03985     70.21971      7.82013
      6.97474     60.13986     53.74564      6.39422
      6.98474     35.80991     26.58697      9.22293
      6.99474     94.10477     53.45813     40.64664
      7.00474    174.53468     92.81253     81.72216
      7.01474    162.32880     94.98400     67.34496
      7.02474    102.98350     74.44650     28.54763
      7.03474     44.19322     34.41805     10.03138
      7.04474     46.72118     28.71058     20.28387
      7.05474    128.64575     76.00185     60.07434
      7.06474    154.22640     93.12263     70.29597
      7.07474    100.09795     65.36610     41.37715
      7.08474    146.15905    105.15963     52.03496
      7.09474    218.11613    166.42592     69.17719
      7.10474    153.82820    130.61892     36.94095
      7.11474     62.01908     58.57693      8.67877
      7.12474     76.22420     72.73330      6.87460
      7.13474    146.26748    144.58368     10.29614
      7.14474    140.31223    145.75822      6.12375
      7.15474    103.62737    112.56254      1.35178
      7.16474     86.71978     94.82852      0.35014
      7.17474     70.05587     72.38968      2.46666
      7.18474    135.43654    129.72882     12.08831
      7.19474    217.31865    198.77004     29.43383
      7.20474    182.37177    160.16004     32.05994
      7.21474    126.55045    122.32877     14.20813
      7.22474    118.66408    124.28342      3.53492
      7.23474    114.86035    116.22799      2.72355
      7.24474    109.63359    110.02811      2.92758
      7.25474    137.40715    137.32744      5.86274
      7.26474    143.99731    135.11217     13.25485
      7.27474    100.71990     70.16110     32.01209
      7.28474    105.72094     41.01117     67.10294
      7.29474    136.90776     83.25350     62.12847
      7.30474    140.23091    130.43280     24.37799
      7.31474    147.62728    131.89985     30.75586
      7.32474    181.90372     89.01319    101.93388
      7.33474    173.76114     38.69013    137.50921
      7.34474     80.35657     11.59526     69.01641
      7.35474     14.79788      1.94236     12.87115
      7.36474      2.24778      1.52487      0.89220
      7.37474     13.50783     15.29835      0.05593
      7.38474     56.33863     63.00093      0.75329
      7.39474    103.25452    107.85840      6.37368
      7.40474    133.89633    120.00286     20.24190
      7.41474    179.15336    157.93076     24.92440
      7.42474    182.25813    175.30002     12.92491
      7.43474    107.23411    106.01432      6.28543
      7.44474     62.64834     42.76987     21.48263
      7.45474    108.93696     59.08413     50.04000
      7.46474    148.04525    101.08191     46.98228
      7.47474    144.66951    109.75541     35.13782
      7.48474    192.81568    138.45264     56.10180
      7.49474    268.45675    209.04000     65.12142
      7.50474    266.22939    232.37619     43.90307
      7.51474    223.28053    184.50766     49.68440
      7.52474    212.14036    121.95939     96.07999
      7.53474    162.10147     64.76346     98.62981
      7.54474    104.40462     24.21996     80.29643
      7.55474     84.70289     11.81139     73.05423
      7.56474     51.22921     18.72828     34.28710
      7.57474     59.76154     60.62499      6.49563
      7.58474     86.32091     91.76311      5.71200
      7.59474     80.90194     56.60947     30.51201
      7.60474     86.44508     23.18792     64.53358
      7.61474     61.18628     11.03447     50.27877
      7.62474     23.31471      8.14764     15.73588
      7.63474     47.90119     37.16279     14.58027
      7.64474    132.75685     95.92431     46.42363
      7.65474    144.96117     93.17173     60.59788
      7.66474     62.03697     34.18261     30.83169
      7.67474     28.33698      7.52234     21.24087
      7.68474     70.79794     17.13003     54.57800
      7.69474    133.95496     70.19452     68.97011
      7.70474    199.11346    169.66606     40.62479
      7.71474    217.14864    200.09535     25.87595
      7.72474    153.27589    133.26294     22.57485
      7.73474    141.90983    107.72115     34.46235
      7.74474    193.22857    125.13538     68.10394
      7.75474    173.05600    105.43740     67.61875
      7.76474     79.34429     50.25882     29.08594
      7.77474     16.71554     11.21939      5.52115
      7.78474     10.58775      6.49134      4.58502
      7.79474     76.71991     43.03296     37.20009
      7.80474    243.16759    127.55141    124.90966
      7.81474    298.38071    147.55892    159.90914
      7.82474    148.57385     73.65029     78.91725
      7.83474     60.94914     50.66110     15.38276
      7.84474     83.45363     89.14658      4.92129
      7.85474     97.61574     83.33679     23.12270
      7.86474    100.46416     50.61312     52.56685
      7.87474     96.48421     48.05028     48.74075
      7.88474     93.96275     66.26260     27.71290
      7.89474     70.05123     53.49237     16.55906
      7.90474     43.66974     20.99456     22.67517
      7.91474     69.69507     14.43079     55.26428
      7.92474     73.34045     13.66595     59.67487
      7.93474     30.27867      6.22799     24.07132
      7.94474     19.29001     13.78362      5.93461
      7.95474     91.74868     82.50346     12.51228
      7.96474    220.40464    205.60842     23.96591
      7.97474    227.30276    216.62181     20.14897
      7.98474    142.87644    133.91303     12.55982
      7.99474     76.60345     69.24951      7.85662
      8.00474     29.96781     24.36790      5.63406
      8.01474     52.41957     29.37009     23.25509
      8.02474    163.90188     89.56928     76.19327
      8.03474    274.58476    158.72781    122.06592
      8.04474    219.29394    139.29501     87.62102
      8.05474     74.56139     52.48315     25.52042
      8.06474     10.09259      7.81879      2.84567
      8.07474      0.53481      0.44643      0.12333
      8.08474      0.29803      0.07038      0.22844
      8.09474      4.99141      1.05636      3.93505
      8.10474     31.88592      6.74834     25.13758
      8.11474     74.98060     15.88092     59.09968
      8.12474     66.19166     14.36878     51.82288
      8.13474     35.66902     11.57718     24.09184
      8.14474     65.46592     33.36792     32.09882
      8.15474    118.18711     74.94958     43.27726
      8.16474    123.78386    100.85490     23.64101
      8.17474     96.11120     95.38392      5.42142
      8.18474     90.29849    101.05453      0.62816
      8.19474     67.70353     77.78969      0.07059
      8.20474     23.04775     25.51788      0.86347
      8.21474     16.55327      7.74362      9.21283
      8.22474     55.43088     19.26134     36.21254
      8.23474     87.52460     35.49962     52.37122
      8.24474     85.65753     59.29805     28.11204
      8.25474    102.24442     96.74440      8.76620
      8.26474    131.89704    117.69503     16.44130
      8.27474    166.65584    137.91418     29.30646
      8.28474    117.60548     97.36924     20.28864
      8.29474     33.90221     28.54451      5.35949
      8.30474      3.76097      3.21824      0.54275
      8.31474      0.35607      0.28957      0.06650
      8.32474      3.83880      2.95680      0.88200
      8.33474     27.33566     21.05319      6.28248
      8.34474     71.65681     55.18834     16.46849
      8.35474     69.16486     53.28188     15.88436
      8.36474     26.37165     20.61669      5.79223
      8.37474     23.90114     20.62577      3.64581
      8.38474     92.89419     73.80117     20.44753
      8.39474    181.34483    125.73070     57.43616
      8.40474    178.11297    108.29374     70.72087
      8.41474     96.19578     55.35030     41.00995
      8.42474     26.16730     15.23433     10.95963
      8.43474      7.81184      6.85354      1.23403
      8.44474     31.58134     33.30078      0.06220
      8.45474     77.34829     81.33477      0.25289
      8.46474     93.54828     94.24799      3.01127
      8.47474    129.71558    117.57727     13.33335
      8.48474    159.29204    137.58975     21.84386
      8.49474     84.96699     71.74826     13.22490
      8.50474     17.61080     14.65048      2.96042
      8.51474      7.54040      7.22502      0.31538
      8.52474     36.19731     35.77382      0.42349
      8.53474     77.25359     76.34697      0.90662
      8.54474     62.57674     61.40268      1.17406
      8.55474     35.72858     31.13970      4.58888
      8.56474     63.49924     48.63935     14.85988
      8.57474     76.76033     58.29844     18.46189
      8.58474     35.10027     26.65080      8.44947
      8.59474      5.91113      4.48849      1.42268
      8.60474      0.47684      0.38389      0.09536
      8.61474      3.07333      2.85261      0.27974
      8.62474     32.90795     29.47594      3.96344
      8.63474    139.04064    119.76143     21.07416
      8.64474    237.53530    198.48022     41.81429
      8.65474    190.07501    163.21504     31.30465
      8.66474    123.89988    117.68319     13.52768
      8.67474    101.10218     78.29722     28.20846
      8.68474     94.66463     40.57162     55.58939
      8.69474     62.96847     19.63836     43.48278
      8.70474     39.62184     12.00205     27.62552
      8.71474     69.73353     21.57162     48.16199
      8.72474     72.56665     22.47994     50.08671
      8.73474     28.39531      8.79720     19.59811
      8.74474      4.13506      1.30842      2.82664
      8.75474      1.51257      1.26515      0.24741
      8.76474     13.87444     12.82482      1.04963
      8.77474     54.63402     50.50076      4.13326
      8.78474     79.71055     73.30244      6.40811
      8.79474     50.61501     41.29382      9.32119
      8.80474     56.08901     23.22903     32.85998
      8.81474    123.13257     54.78114     68.35143
      8.82474    185.39953    104.88688     80.51265
      8.83474    205.40844    119.59124     85.81720
      8.84474    194.07440    108.98759     85.08680
      8.85474    170.75111     93.18358     77.56753
      8.86474    139.01890     84.74728     54.27163
      8.87474    119.05279     77.23600     41.81679
      8.88474    106.50572     53.14748     53.35824
      8.89474     73.41269     28.94814     44.46726
      8.90474     24.70445      9.71980     15.07579
      8.91474     13.43510     12.65340      1.91126
      8.92474     47.70378     52.76439      0.08937
      8.93474     79.77912     88.41546      0.00154
      8.94474     49.22471     54.55455      0.00000
      8.95474     11.19924     12.40770      0.00138
      8.96474      1.78976      1.84462      0.04617
      8.97474     10.58420     10.01848      0.56882
      8.98474     47.84608     45.26778      2.57833
      8.99474     79.78610     75.48535      4.30074
      9.00474     49.09834     46.38527      2.71307
      9.01474     14.27705     12.11286      2.16419
      9.02474     25.58259     13.55922     12.02337
