Energy-E_F (eV)    DOS (1/eV)    PDOS (1/eV)  of atom type H  C  
     -6.84682    202.19079     10.31617    191.87462
     -6.83682    297.02408     22.93363    274.09045
     -6.82682    229.95704     22.03025    207.92679
     -6.81682    121.62183      9.24803    112.37380
     -6.80682     89.97024      2.80503     87.16521
     -6.79682     63.54810      1.30984     62.23826
     -6.78682     85.34376      1.60542     83.73834
     -6.77682    136.90873      2.86151    134.04721
     -6.76682    166.41105      8.11249    158.29856
     -6.75682    241.45527     24.74111    216.71415
     -6.74682    304.81679     38.57522    266.24156
     -6.73682    212.04989     27.26216    184.78773
     -6.72682    116.95426      9.37544    107.57881
     -6.71682     97.22769      4.34725     92.88044
     -6.70682    122.21761     10.22537    111.99225
     -6.69682    212.27329     18.24658    194.02671
     -6.68682    200.37763     13.47034    186.90729
     -6.67682    102.31750      6.89607     95.42143
     -6.66682    135.88533     15.65100    120.23433
     -6.65682    236.81536     27.67357    209.14178
     -6.64682    170.15053     18.60557    151.54496
     -6.63682     73.45732      5.08595     68.37137
     -6.62682    115.84215      2.27740    113.56476
     -6.61682    162.53176      3.72986    158.80190
     -6.60682    124.37353      9.63508    114.73846
     -6.59682    150.07438     22.83932    127.23506
     -6.58682    224.10332     30.58962    193.51370
     -6.57682    216.72601     26.17915    190.54686
     -6.56682    140.79888     15.10620    125.69268
     -6.55682    109.22296      5.99097    103.23199
     -6.54682    149.73457      3.12643    146.60814
     -6.53682    136.57589      3.87059    132.70530
     -6.52682    118.57974     14.05050    104.52924
     -6.51682    208.39688     33.82057    174.57631
     -6.50682    222.54758     32.24167    190.30591
     -6.49682    133.51616     15.59423    117.92193
     -6.48682    111.20424     10.22949    100.97475
     -6.47682    134.53946      7.17494    127.36452
     -6.46682    173.20928      5.91834    167.29094
     -6.45682    183.20990     14.82222    168.38768
     -6.44682    197.40394     29.60548    167.79846
     -6.43682    183.30642     25.74704    157.55937
     -6.42682    158.36472     15.96581    142.39891
     -6.41682    209.35873     28.84734    180.51138
     -6.40682    272.62487     43.14267    229.48221
     -6.39682    263.27117     35.00007    228.27110
     -6.38682    273.11914     24.32025    248.79889
     -6.37682    223.11093     17.20811    205.90282
     -6.36682    127.55556     12.23818    115.31738
     -6.35682     70.71592      6.00949     64.70643
     -6.34682     90.36638      4.80243     85.56394
     -6.33682    124.54088     11.52258    113.01830
     -6.32682    110.30438     15.65056     94.65382
     -6.31682     84.79696      8.92013     75.87684
     -6.30682    132.54479      4.03431    128.51048
     -6.29682    177.19822      6.81513    170.38309
     -6.28682    147.65524     13.49994    134.15530
     -6.27682    123.62939     18.38573    105.24366
     -6.26682    197.83006     30.58429    167.24577
     -6.25682    318.43032     44.38776    274.04255
     -6.24682    299.81890     41.02728    258.79162
     -6.23682    258.37888     41.02740    217.35149
     -6.22682    255.13596     38.72990    216.40607
     -6.21682    221.08711     25.97264    195.11448
     -6.20682    168.44164     13.82981    154.61184
     -6.19682    164.32268     16.65344    147.66923
     -6.18682    173.36625     22.53473    150.83152
     -6.17682    114.39104     14.31704    100.07399
     -6.16682     92.92926      9.35129     83.57798
     -6.15682    157.82708     17.95947    139.86761
     -6.14682    173.14185     19.61403    153.52783
     -6.13682    139.65227     10.61820    129.03406
     -6.12682    149.31291     12.97529    136.33762
     -6.11682    216.82935     22.95932    193.87004
     -6.10682    192.42477     17.63192    174.79285
     -6.09682     78.47305      5.36355     73.10949
     -6.08682     14.96414      0.71343     14.25071
     -6.07682     17.62603      0.94892     16.67711
     -6.06682    103.36686      7.15893     96.20794
     -6.05682    271.34472     23.65235    247.69237
     -6.04682    322.98691     35.36725    287.61966
     -6.03682    200.61454     27.18068    173.43386
     -6.02682     88.05589     12.73523     75.32066
     -6.01682    109.64168     10.53302     99.10866
     -6.00682    239.35293     18.25327    221.09966
     -5.99682    306.48473     19.56043    286.92430
     -5.98682    230.71579     12.45190    218.26389
     -5.97682    102.73118      5.39664     97.33454
     -5.96682     88.49944      8.96952     79.52993
     -5.95682    197.93408     24.61230    173.32178
     -5.94682    249.58729     34.72197    214.86532
     -5.93682    178.13413     25.53272    152.60141
     -5.92682     79.28712     10.42594     68.86118
     -5.91682     55.98823      7.81815     48.17008
     -5.90682    165.20620     24.86087    140.34533
     -5.89682    272.48321     40.98512    231.49809
     -5.88682    248.10343     35.64823    212.45520
     -5.87682    210.42007     29.76723    180.65284
     -5.86682    168.29025     24.07676    144.21349
     -5.85682    122.64163     13.46602    109.17561
     -5.84682    139.35326      9.14849    130.20477
     -5.83682    156.02455     13.05575    142.96880
     -5.82682    135.19133     20.38798    114.80335
     -5.81682    162.51845     29.68730    132.83115
     -5.80682    238.87535     31.66466    207.21069
     -5.79682    318.88999     30.41850    288.47149
     -5.78682    279.91816     24.18046    255.73770
     -5.77682    118.70518      9.92980    108.77537
     -5.76682     30.06212      2.64203     27.42009
     -5.75682     51.60140      5.28115     46.32025
     -5.74682    121.03168     12.63108    108.40060
     -5.73682    190.53741     21.30884    169.22857
     -5.72682    225.15718     24.51574    200.64144
     -5.71682    202.96541     17.49434    185.47107
     -5.70682    145.21688     12.50649    132.71039
     -5.69682    103.24571     15.03397     88.21174
     -5.68682    160.70583     25.48159    135.22424
     -5.67682    220.18419     25.85169    194.33250
     -5.66682    183.41583     19.50729    163.90854
     -5.65682    200.25068     27.98614    172.26454
     -5.64682    256.91281     33.69663    223.21619
     -5.63682    245.23824     22.92044    222.31780
     -5.62682    297.40642     23.76966    273.63676
     -5.61682    357.38480     32.24369    325.14111
     -5.60682    297.21725     30.97885    266.23840
     -5.59682    345.53529     43.67432    301.86097
     -5.58682    574.53237     74.83489    499.69748
     -5.57682    717.44998     91.31864    626.13134
     -5.56682    690.13559     89.62797    600.50762
     -5.55682    636.04269     78.15399    557.88870
     -5.54682    584.32162     62.96806    521.35356
     -5.53682    545.11903     59.91617    485.20285
     -5.52682    506.27282     55.47575    450.79707
     -5.51682    452.72652     46.45208    406.27444
     -5.50682    441.57398     43.62995    397.94403
     -5.49682    523.11651     55.70489    467.41162
     -5.48682    481.47999     58.79037    422.68962
     -5.47682    295.85310     45.52539    250.32771
     -5.46682    259.95661     46.87633    213.08028
     -5.45682    271.76545     40.62937    231.13608
     -5.44682    206.45155     23.39684    183.05470
     -5.43682    165.40275     17.96038    147.44237
     -5.42682    142.20771     23.11581    119.09190
     -5.41682     88.46152     19.87993     68.58159
     -5.40682     89.95841     23.57992     66.37850
     -5.39682    173.94187     44.48486    129.45701
     -5.38682    250.39143     53.30541    197.08602
     -5.37682    300.86435     41.80334    259.06101
     -5.36682    326.50468     38.65603    287.84865
     -5.35682    265.51538     38.30659    227.20880
     -5.34682    143.89757     22.50928    121.38829
     -5.33682     48.80715      6.99274     41.81441
     -5.32682     30.75906      1.48041     29.27865
     -5.31682     68.98810      1.42381     67.56429
     -5.30682     75.25845      1.52869     73.72976
     -5.29682     56.10452      1.76206     54.34246
     -5.28682    106.93648      6.30397    100.63251
     -5.27682    153.28469     12.36621    140.91849
     -5.26682    105.34294      9.51798     95.82496
     -5.25682     78.00242      3.69615     74.30628
     -5.24682     80.74301      1.83452     78.90849
     -5.23682     40.75238      0.84646     39.90592
     -5.22682     12.13475      0.72704     11.40770
     -5.21682     34.58764      4.05159     30.53606
     -5.20682    116.91272     11.57298    105.33974
     -5.19682    224.38711     17.20989    207.17722
     -5.18682    250.97860     17.11002    233.86859
     -5.17682    135.72920      9.41558    126.31362
     -5.16682     30.47854      2.18015     28.29840
     -5.15682      2.83671      0.19566      2.64105
     -5.14682      3.63035      0.07740      3.55295
     -5.13682     26.43804      0.54195     25.89609
     -5.12682     78.65955      1.92332     76.73623
     -5.11682    133.25620      6.23086    127.02535
     -5.10682    214.84483     17.70606    197.13877
     -5.09682    224.27068     23.13024    201.14044
     -5.08682    101.58756     11.64561     89.94195
     -5.07682     32.13431      2.48583     29.64849
     -5.06682     57.18660      1.28112     55.90547
     -5.05682     78.82783      1.58884     77.23900
     -5.04682     41.23975      0.83281     40.40695
     -5.03682     15.78974      0.45364     15.33611
     -5.02682     53.56123      2.69057     50.87066
     -5.01682    142.83445      9.35568    133.47877
     -5.00682    178.96247     12.82211    166.14035
     -4.99682    135.01048      7.45166    127.55882
     -4.98682     65.00129      2.19587     62.80542
     -4.97682     15.20583      0.36765     14.83818
     -4.96682      1.69301      0.03579      1.65722
     -4.95682      5.33717      0.11393      5.22324
     -4.94682     41.09451      1.02522     40.06929
     -4.93682    136.38552      4.75901    131.62652
     -4.92682    208.73225     11.29950    197.43274
     -4.91682    151.40591     11.95351    139.45240
     -4.90682     49.80318      5.03985     44.76333
     -4.89682     10.47136      0.87894      9.59242
     -4.88682     26.92349      0.59474     26.32876
     -4.87682     71.78625      1.52763     70.25862
     -4.86682     80.96330      2.33407     78.62923
     -4.85682     87.35071      5.16551     82.18520
     -4.84682    159.88277     11.08561    148.79716
     -4.83682    203.80854     15.22196    188.58658
     -4.82682    161.08635     12.55056    148.53579
     -4.81682    113.73773      5.78723    107.95050
     -4.80682     68.56884      1.91388     66.65496
     -4.79682     20.12961      0.44403     19.68558
     -4.78682      4.04195      0.08402      3.95792
     -4.77682     19.50209      0.40823     19.09386
     -4.76682     87.08343      2.12306     84.96037
     -4.75682    176.58512      6.60737    169.97774
     -4.74682    184.02486     12.06416    171.96070
     -4.73682    111.48219     10.64918    100.83301
     -4.72682     93.94673      7.16769     86.77904
     -4.71682    212.30056     10.16389    202.13667
     -4.70682    385.34369     13.61678    371.72691
     -4.69682    492.10870     14.61434    477.49436
     -4.68682    473.88849     12.97965    460.90884
     -4.67682    450.99056     11.97480    439.01575
     -4.66682    438.08810     15.15450    422.93359
     -4.65682    378.33880     18.96083    359.37796
     -4.64682    286.72185     14.79171    271.93014
     -4.63682    216.61339      8.01066    208.60273
     -4.62682    169.87254      4.95871    164.91383
     -4.61682    134.83456      3.82567    131.00890
     -4.60682    150.14197      4.82079    145.32118
     -4.59682    221.63791      8.79796    212.83995
     -4.58682    270.71732     11.90538    258.81194
     -4.57682    261.04003     13.78954    247.25049
     -4.56682    261.40142     16.25390    245.14753
     -4.55682    212.81437     11.40693    201.40744
     -4.54682    118.90771      4.53760    114.37011
     -4.53682     91.10549      2.62117     88.48432
     -4.52682     85.23846      2.25905     82.97941
     -4.51682     88.77249      2.00197     86.77052
     -4.50682    140.78232      3.35186    137.43047
     -4.49682    193.09370      6.71013    186.38357
     -4.48682    227.57922     13.33811    214.24111
     -4.47682    247.72444     18.13486    229.58959
     -4.46682    232.49846     14.18359    218.31487
     -4.45682    166.05244      6.89410    159.15835
     -4.44682    101.02146      2.91428     98.10718
     -4.43682     79.80804      2.11478     77.69326
     -4.42682     85.25882      2.31542     82.94340
     -4.41682     69.47244      2.18727     67.28517
     -4.40682    123.38872      5.99071    117.39801
     -4.39682    237.03167     13.82829    223.20338
     -4.38682    244.63985     13.80082    230.83903
     -4.37682    139.80760      6.34088    133.46672
     -4.36682     83.30598      3.54225     79.76372
     -4.35682    139.54552      6.82533    132.72019
     -4.34682    147.61998      7.34768    140.27230
     -4.33682     72.93422      3.31459     69.61963
     -4.32682     83.31947      3.09699     80.22248
     -4.31682    195.52166      9.65215    185.86952
     -4.30682    295.75798     15.93310    279.82487
     -4.29682    259.44187     11.45645    247.98542
     -4.28682    140.09702      4.14547    135.95155
     -4.27682    103.63567      2.34105    101.29462
     -4.26682    149.39468      3.23426    146.16042
     -4.25682    133.24425      3.09112    130.15313
     -4.24682    117.37296      4.81987    112.55309
     -4.23682    206.40713     10.90794    195.49919
     -4.22682    312.69709     17.16953    295.52756
     -4.21682    337.21334     16.29596    320.91738
     -4.20682    201.54672      7.67649    193.87023
     -4.19682     66.62526      1.97189     64.65337
     -4.18682     61.76948      1.59021     60.17927
     -4.17682     97.11370      2.35985     94.75385
     -4.16682    108.56193      2.32021    106.24172
     -4.15682    130.00097      3.73142    126.26954
     -4.14682    188.53771      9.88166    178.65605
     -4.13682    263.34153     16.71468    246.62685
     -4.12682    265.75371     15.03660    250.71711
     -4.11682    196.95769      8.36145    188.59624
     -4.10682    136.96309      3.70509    133.25800
     -4.09682    135.98406      2.80947    133.17460
     -4.08682    125.61539      2.84797    122.76742
     -4.07682     81.36865      2.61319     78.75546
     -4.06682    101.48694      6.31193     95.17500
     -4.05682    187.25673     12.97815    174.27858
     -4.04682    207.83505     11.75976    196.07530
     -4.03682    183.27284      6.39862    176.87421
     -4.02682    172.09899      5.67797    166.42102
     -4.01682    184.20914      7.31022    176.89891
     -4.00682    156.47812      5.63302    150.84510
     -3.99682    153.30387      4.48877    148.81510
     -3.98682    189.55984      7.59547    181.96436
     -3.97682    185.95980     12.36097    173.59882
     -3.96682    179.17082     11.62174    167.54908
     -3.95682    163.74078      6.19129    157.54948
     -3.94682    148.70581      3.63401    145.07180
     -3.93682    120.98635      2.85050    118.13585
     -3.92682     81.67882      2.87783     78.80100
     -3.91682     88.96811      5.21978     83.74833
     -3.90682    123.68449      8.41540    115.26909
     -3.89682    167.22615     12.46917    154.75698
     -3.88682    144.19254     11.18971    133.00283
     -3.87682     51.79781      4.10247     47.69534
     -3.86682      6.97837      0.56194      6.41642
     -3.85682      0.43168      0.03047      0.40121
     -3.84682      2.32515      0.07314      2.25200
     -3.83682     25.16564      1.06231     24.10333
     -3.82682    113.19332      6.41576    106.77756
     -3.81682    217.03784     15.45061    201.58723
     -3.80682    176.05070     14.37994    161.67076
     -3.79682     58.87906      5.07868     53.80038
     -3.78682     17.70285      0.86131     16.84154
     -3.77682     62.09982      1.20507     60.89474
     -3.76682    153.94435      2.95840    150.98595
     -3.75682    199.14339      4.57458    194.56881
     -3.74682    239.07099      9.16102    229.90997
     -3.73682    281.80080     14.86114    266.93967
     -3.72682    225.68644     12.48988    213.19655
     -3.71682    150.09813      7.77169    142.32644
     -3.70682    135.67843      5.26558    130.41284
     -3.69682    169.81806      4.07474    165.74332
     -3.68682    155.88695      3.30084    152.58611
     -3.67682    135.83325      4.50872    131.32454
     -3.66682    178.88595     10.43051    168.45544
     -3.65682    190.18352     12.91279    177.27073
     -3.64682    133.80515      7.14160    126.66355
     -3.63682    121.90641      4.01245    117.89396
     -3.62682    138.12655      5.29985    132.82670
     -3.61682    133.47930      5.39265    128.08665
     -3.60682    167.42554      5.21072    162.21482
     -3.59682    232.72572      9.36404    223.36168
     -3.58682    229.56696     13.66161    215.90534
     -3.57682    123.66158      9.00992    114.65166
     -3.56682     37.84740      2.49835     35.34905
     -3.55682     59.11644      1.54499     57.57144
     -3.54682    158.56776      4.30906    154.25870
     -3.53682    233.96613      7.79805    226.16809
     -3.52682    228.37692     10.38718    217.98974
     -3.51682    197.91193     13.27449    184.63744
     -3.50682    155.31121     10.89211    144.41910
     -3.49682    107.83520      4.76680    103.06840
     -3.48682     65.39590      1.64866     63.74724
     -3.47682     74.72540      1.51555     73.20984
     -3.46682    102.25180      2.95414     99.29766
     -3.45682    168.39180      8.66415    159.72765
     -3.44682    293.17234     17.02090    276.15143
     -3.43682    273.93002     14.53213    259.39789
     -3.42682    160.73625      6.02803    154.70822
     -3.41682     83.57560      2.00852     81.56708
     -3.40682     29.48598      0.66934     28.81664
     -3.39682     35.78822      1.63504     34.15318
     -3.38682    140.32917      7.90005    132.42912
     -3.37682    299.31474     16.82560    282.48914
     -3.36682    324.69728     15.53850    309.15878
     -3.35682    166.37499      6.37313    160.00186
     -3.34682     59.25063      1.65176     57.59887
     -3.33682     74.16999      1.81735     72.35265
     -3.32682     89.85689      3.86387     85.99302
     -3.31682    108.18280      9.23764     98.94516
     -3.30682    188.56650     13.56752    174.99898
     -3.29682    256.18734     11.43581    244.75153
     -3.28682    203.03051      6.76172    196.26879
     -3.27682    123.80627      3.32276    120.48351
     -3.26682    133.71067      3.82574    129.88493
     -3.25682    163.23805      8.34297    154.89508
     -3.24682    150.14647     12.38990    137.75657
     -3.23682    111.32364      9.19125    102.13239
     -3.22682    170.32161      6.92573    163.39588
     -3.21682    237.19046      7.10719    230.08327
     -3.20682    170.72746      5.03434    165.69313
     -3.19682    144.38096      7.30557    137.07539
     -3.18682    174.34144     12.56690    161.77454
     -3.17682    158.02326     10.37552    147.64775
     -3.16682    122.49672      5.41799    117.07873
     -3.15682    119.13034      4.75970    114.37065
     -3.14682    158.65515      5.92456    152.73059
     -3.13682    220.05545      9.89714    210.15832
     -3.12682    213.75107     13.56041    200.19066
     -3.11682    178.00801     10.01029    167.99772
     -3.10682    200.68689      6.41399    194.27291
     -3.09682    203.31945      6.48462    196.83484
     -3.08682    196.87234      8.51437    188.35797
     -3.07682    181.44570     12.00384    169.44186
     -3.06682    172.16167     12.49526    159.66642
     -3.05682    175.03746      7.83647    167.20099
     -3.04682    282.79645      8.18724    274.60921
     -3.03682    393.87186     12.29855    381.57332
     -3.02682    284.47416     13.48808    270.98608
     -3.01682    142.07491     12.97147    129.10344
     -3.00682     64.53152      7.48728     57.04424
     -2.99682     55.84457      2.82080     53.02377
     -2.98682    131.84531      4.60829    127.23702
     -2.97682    184.78050     10.12075    174.65975
     -2.96682    147.71118     13.23943    134.47175
     -2.95682     70.87228      8.32156     62.55072
     -2.94682     28.01816      2.67560     25.34256
     -2.93682     70.11102      3.83340     66.27762
     -2.92682    184.43876     10.78770    173.65106
     -2.91682    255.64103     14.87180    240.76923
     -2.90682    192.55283      9.28516    183.26767
     -2.89682     97.75217      3.83913     93.91304
     -2.88682    102.27309      6.29342     95.97967
     -2.87682    144.02584     12.47878    131.54707
     -2.86682    105.65503     11.30159     94.35345
     -2.85682     51.32773      4.90622     46.42151
     -2.84682     94.09782      5.17357     88.92425
     -2.83682    205.33512     12.05146    193.28366
     -2.82682    239.97420     14.31873    225.65547
     -2.81682    183.98659      8.36269    175.62390
     -2.80682    148.34743      6.31888    142.02855
     -2.79682    146.22808     10.82957    135.39851
     -2.78682    122.36955     12.49206    109.87750
     -2.77682    100.29105      8.13407     92.15698
     -2.76682    144.44997      7.91273    136.53723
     -2.75682    205.31542     12.93107    192.38435
     -2.74682    210.56730     13.59962    196.96769
     -2.73682    200.23884      9.49629    190.74255
     -2.72682    201.25524     10.42666    190.82858
     -2.71682    193.93278     14.23284    179.69994
     -2.70682    154.81802     11.31814    143.49987
     -2.69682    149.58987     10.23450    139.35537
     -2.68682    233.63536     15.53252    218.10285
     -2.67682    257.19831     14.66595    242.53236
     -2.66682    243.12235     13.62222    229.50013
     -2.65682    302.26178     17.74504    284.51674
     -2.64682    339.42893     17.41438    322.01455
     -2.63682    280.59689     16.43174    264.16515
     -2.62682    178.29834     14.88150    163.41684
     -2.61682    127.69587     12.06658    115.62929
     -2.60682    168.21914     14.02483    154.19432
     -2.59682    163.42693     14.10527    149.32166
     -2.58682    145.74810     14.64277    131.10532
     -2.57682    178.71313     15.84341    162.86972
     -2.56682    197.06870     17.46204    179.60667
     -2.55682    171.77716     19.29988    152.47728
     -2.54682    186.81624     22.98902    163.82722
     -2.53682    256.62164     28.06013    228.56151
     -2.52682    268.62115     27.15067    241.47049
     -2.51682    165.22363     15.63384    149.58978
     -2.50682     99.29069      4.87003     94.42066
     -2.49682     80.31705      1.31053     79.00652
     -2.48682     38.81928      0.45734     38.36194
     -2.47682     45.58106      0.64648     44.93458
     -2.46682    152.23440      2.26786    149.96654
     -2.45682    269.71128      4.01235    265.69893
     -2.44682    231.62812      3.36798    228.26013
     -2.43682    109.54226      1.52888    108.01338
     -2.42682    108.93774      1.43789    107.49985
     -2.41682    160.80366      2.12290    158.68075
     -2.40682    109.08694      1.49670    107.59025
     -2.39682     76.80654      1.26362     75.54292
     -2.38682    134.02041      2.23089    131.78952
     -2.37682    189.22668      2.95212    186.27457
     -2.36682    199.55973      3.58964    195.97010
     -2.35682    200.18603      4.99328    195.19275
     -2.34682    160.58694      4.51660    156.07034
     -2.33682    118.28576      2.59866    115.68710
     -2.32682    201.65392      3.24321    198.41071
     -2.31682    221.98543      3.47589    218.50954
     -2.30682     96.55215      1.52866     95.02349
     -2.29682     42.46560      0.98152     41.48407
     -2.28682    214.39733      6.07161    208.32572
     -2.27682    726.44211     21.18641    705.25571
     -2.26682   1198.85430     35.11694   1163.73736
     -2.25682   1136.26000     32.71253   1103.54746
     -2.24682    756.53294     21.73053    734.80240
     -2.23682    468.26328     13.49153    454.77175
     -2.22682    432.05150     11.74835    420.30315
     -2.21682    496.83767     13.18732    483.65035
     -2.20682    427.42849     11.13197    416.29652
     -2.19682    374.62509      9.34675    365.27834
     -2.18682    466.29647     12.14901    454.14745
     -2.17682    502.39162     13.47429    488.91733
     -2.16682    357.73941      9.05446    348.68495
     -2.15682    187.51554      4.12230    183.39324
     -2.14682    106.56178      1.78075    104.78103
     -2.13682     80.70177      1.11832     79.58345
     -2.12682     35.13504      0.47263     34.66242
     -2.11682     21.90331      0.29196     21.61134
     -2.10682     77.21400      1.03921     76.17479
     -2.09682    146.48223      2.00260    144.47963
     -2.08682    115.83111      1.60957    114.22154
     -2.07682     37.96539      0.53489     37.43050
     -2.06682      9.12929      0.13295      8.99634
     -2.05682     30.50466      0.45300     30.05166
     -2.04682     89.03947      1.28840     87.75106
     -2.03682    126.83962      1.72896    125.11065
     -2.02682    101.46128      1.29121    100.17008
     -2.01682     45.80922      0.58376     45.22546
     -2.00682     54.83902      0.94177     53.89725
     -1.99682    215.65924      4.13416    211.52508
     -1.98682    505.84081     10.19281    495.64801
     -1.97682    719.54692     14.64216    704.90477
     -1.96682    748.54796     14.84274    733.70522
     -1.95682    621.34176     12.03277    609.30898
     -1.94682    457.24454      8.82152    448.42302
     -1.93682    443.19416      8.53798    434.65618
     -1.92682    559.27426     10.87362    548.40064
     -1.91682    569.58491     11.05604    558.52887
     -1.90682    494.35449      9.25370    485.10079
     -1.89682    557.63799      9.86498    547.77301
     -1.88682    587.46461     10.33186    577.13275
     -1.87682    410.73253      7.40185    403.33068
     -1.86682    256.73421      4.74753    251.98668
     -1.85682    226.28924      4.09364    222.19560
     -1.84682    193.35008      3.16119    190.18888
     -1.83682    176.08196      2.41624    173.66572
     -1.82682    164.64504      2.22054    162.42450
     -1.81682    128.21826      1.86709    126.35116
     -1.80682     82.37262      1.24981     81.12282
     -1.79682     43.70939      0.60977     43.09962
     -1.78682     80.44626      0.97194     79.47432
     -1.77682    145.31878      1.79487    143.52391
     -1.76682    115.70444      1.48077    114.22367
     -1.75682     38.85568      0.51109     38.34459
     -1.74682     10.41893      0.12990     10.28903
     -1.73682     37.53371      0.43901     37.09470
     -1.72682    109.56785      1.31004    108.25781
     -1.71682    142.40259      1.75540    140.64719
     -1.70682     90.77803      1.14064     89.63739
     -1.69682     63.80737      0.75776     63.04961
     -1.68682     99.30886      1.13652     98.17234
     -1.67682    131.11127      1.51824    129.59303
     -1.66682    150.54889      1.79602    148.75287
     -1.65682    116.86198      1.43393    115.42805
     -1.64682     45.88475      0.57211     45.31263
     -1.63682     21.24494      0.25146     20.99348
     -1.62682     85.54074      0.98504     84.55570
     -1.61682    204.58952      2.38001    202.20951
     -1.60682    199.67346      2.35770    197.31577
     -1.59682     81.33815      0.97655     80.36159
     -1.58682     17.71888      0.21429     17.50460
     -1.57682     37.61393      0.44251     37.17141
     -1.56682    128.43401      1.50445    126.92955
     -1.55682    186.63379      2.17630    184.45749
     -1.54682    147.31359      1.70880    145.60478
     -1.53682     88.73773      1.04717     87.69056
     -1.52682     77.27275      0.98176     76.29099
     -1.51682    108.37660      1.34613    107.03048
     -1.50682    116.54719      1.29633    115.25087
     -1.49682     98.69988      1.07026     97.62962
     -1.48682    114.02639      1.43820    112.58818
     -1.47682    156.33020      2.02606    154.30414
     -1.46682    112.51020      1.39237    111.11782
     -1.45682     72.88682      0.75746     72.12936
     -1.44682    117.03181      1.21935    115.81246
     -1.43682    136.34571      1.65167    134.69404
     -1.42682     81.16536      1.09815     80.06720
     -1.41682     50.35576      0.62276     49.73300
     -1.40682     99.05785      1.02825     98.02961
     -1.39682    138.41558      1.25712    137.15846
     -1.38682     95.44090      0.75224     94.68866
     -1.37682     34.50545      0.26000     34.24545
     -1.36682     43.08472      0.40176     42.68296
     -1.35682    129.93934      1.18367    128.75567
     -1.34682    202.33618      1.87384    200.46234
     -1.33682    255.05377      2.76634    252.28743
     -1.32682    294.61822      3.45245    291.16577
     -1.31682    201.19925      2.22130    198.97795
     -1.30682     91.69672      0.92396     90.77276
     -1.29682    123.45446      1.45847    121.99599
     -1.28682    219.26604      2.86661    216.39943
     -1.27682    215.24179      2.84457    212.39722
     -1.26682    187.61397      1.97119    185.64278
     -1.25682    167.98019      1.46142    166.51877
     -1.24682    127.55488      1.31158    126.24330
     -1.23682    158.70583      1.89248    156.81335
     -1.22682    138.80711      1.54562    137.26150
     -1.21682     83.05504      0.62328     82.43176
     -1.20682    114.66400      0.74120    113.92280
     -1.19682    174.79999      1.91789    172.88210
     -1.18682    171.33985      2.55097    168.78887
     -1.17682     81.66405      1.37962     80.28442
     -1.16682     17.68915      0.32412     17.36504
     -1.15682     18.34389      0.38277     17.96112
     -1.14682     62.74093      1.29495     61.44598
     -1.13682    100.30136      1.89085     98.41051
     -1.12682    104.41695      1.54032    102.87663
     -1.11682     83.19163      1.03676     82.15487
     -1.10682     55.94915      0.89942     55.04973
     -1.09682     75.09009      1.55905     73.53105
     -1.08682     70.45925      1.49937     68.95988
     -1.07682     29.52749      0.59379     28.93370
     -1.06682     36.56469      0.51491     36.04978
     -1.05682    109.35792      1.62148    107.73644
     -1.04682    148.30505      2.46642    145.83863
     -1.03682     83.91700      1.54244     82.37456
     -1.02682     20.61202      0.40883     20.20319
     -1.01682     15.23891      0.32644     14.91247
     -1.00682     58.79004      1.22201     57.56803
     -0.99682    113.10028      2.10075    110.99952
     -0.98682    119.68147      1.78680    117.89467
     -0.97682     74.78226      0.94906     73.83320
     -0.96682     43.36986      0.74267     42.62719
     -0.95682     70.26496      1.52328     68.74167
     -0.94682     73.38561      1.60677     71.77884
     -0.93682     38.50916      0.74075     37.76842
     -0.92682     56.84673      0.74296     56.10377
     -0.91682    119.02850      1.73708    117.29142
     -0.90682    129.56801      2.29631    127.27170
     -0.89682     69.80957      1.41422     68.39535
     -0.88682     18.39364      0.39646     17.99717
     -0.87682     19.95954      0.42281     19.53673
     -0.86682     77.71754      1.52202     76.19552
     -0.85682    140.60843      2.41800    138.19043
     -0.84682    114.55320      1.67257    112.88063
     -0.83682     46.19160      0.63602     45.55558
     -0.82682     39.02699      0.81840     38.20859
     -0.81682     76.38489      1.72491     74.65998
     -0.80682     70.79225      1.52181     69.27044
     -0.79682     59.78667      0.88527     58.90140
     -0.78682     95.41716      1.21235     94.20481
     -0.77682    115.03636      1.91210    113.12426
     -0.76682     94.57939      1.97145     92.60795
     -0.75682     42.20241      0.94711     41.25530
     -0.74682     16.59512      0.34468     16.25045
     -0.73682     59.43571      1.07879     58.35691
     -0.72682    144.74662      2.48145    142.26517
     -0.71682    133.93137      2.16488    131.76649
     -0.70682     48.96294      0.76403     48.19891
     -0.69682     26.63225      0.56890     26.06335
     -0.68682     66.59717      1.53920     65.05797
     -0.67682     91.44391      1.92794     89.51597
     -0.66682     91.91084      1.36682     90.54403
     -0.65682     94.48358      1.17452     93.30906
     -0.64682     88.26882      1.57827     86.69055
     -0.63682     86.59668      1.96587     84.63080
     -0.62682     49.16879      1.14187     48.02692
     -0.61682     32.64481      0.56011     32.08470
     -0.60682     96.85383      1.50965     95.34418
     -0.59682    156.37917      2.64960    153.72957
     -0.58682     97.76185      1.79714     95.96471
     -0.57682     28.09814      0.57436     27.52378
     -0.56682     35.58980      0.82372     34.76608
     -0.55682     95.76930      2.02178     93.74752
     -0.54682    131.62735      2.23979    129.38755
     -0.53682     99.56761      1.33028     98.23733
     -0.52682     60.99367      1.04024     59.95343
     -0.51682     77.11314      1.83112     75.28202
     -0.50682     76.42604      1.78136     74.64468
     -0.49682     67.01325      1.06710     65.94615
     -0.48682    109.74417      1.52447    108.21969
     -0.47682    130.95662      2.37246    128.58416
     -0.46682     84.49717      1.86936     82.62781
     -0.45682     33.79609      0.77342     33.02267
     -0.44682     61.40831      1.15602     60.25229
     -0.43682    145.49642      2.57267    142.92375
     -0.42682    135.22497      2.28152    132.94344
     -0.41682     55.37308      0.97281     54.40028
     -0.40682     52.87649      1.25385     51.62263
     -0.39682    103.76444      2.27699    101.48746
     -0.38682    123.30335      2.02809    121.27526
     -0.37682    102.33972      1.43037    100.90935
     -0.36682     89.69160      1.86584     87.82576
     -0.35682     88.10852      2.13673     85.97179
     -0.34682     79.38294      1.44126     77.94168
     -0.33682    119.13996      1.78324    117.35672
     -0.32682    137.62207      2.58840    135.03367
     -0.31682     83.68740      1.87478     81.81261
     -0.30682     62.61170      1.23281     61.37889
     -0.29682    133.40452      2.35991    131.04462
     -0.28682    149.99378      2.69871    147.29507
     -0.27682     78.49553      1.52294     76.97259
     -0.26682     88.36550      1.85655     86.50896
     -0.25682    150.93564      2.79907    148.13657
     -0.24682    126.38660      2.10043    124.28617
     -0.23682     95.44614      1.92588     93.52026
     -0.22682    134.11131      2.70329    131.40802
     -0.21682    141.59396      2.35111    139.24285
     -0.20682    122.70379      2.27829    120.42551
     -0.19682    141.71993      2.80761    138.91231
     -0.18682    148.53069      2.49213    146.03856
     -0.17682    148.95955      2.71606    146.24349
     -0.16682    167.75708      3.02376    164.73332
     -0.15682    173.96353      2.83345    171.13009
     -0.14682    206.48091      3.41111    203.06981
     -0.13682    217.59979      3.38892    214.21088
     -0.12682    183.18594      3.22748    179.95846
     -0.11682    125.47255      2.92468    122.54787
     -0.10682     95.17833      2.68364     92.49469
     -0.09682     98.57525      2.89252     95.68273
     -0.08682     99.07036      2.91836     96.15200
     -0.07682    106.96962      3.15490    103.81472
     -0.06682    111.23833      3.28179    107.95654
     -0.05682    118.56011      3.49587    115.06424
     -0.04682    125.23640      3.68635    121.55005
     -0.03682    133.44642      3.91629    129.53012
     -0.02682    140.69642      4.11115    136.58527
     -0.01682    137.32916      3.98865    133.34051
     -0.00682    122.78493      3.53564    119.24929
      0.00318     89.29930      2.55498     86.74433
      0.01318     34.64658      0.98917     33.65741
      0.02318      5.46883      0.15606      5.31277
      0.03318      0.32463      0.00926      0.31537
      0.04318      0.00712      0.00020      0.00692
      0.05318      0.00000      0.00000      0.00000
      0.06318      0.00000      0.00000      0.00000
      0.07318      0.00000      0.00000      0.00000
      0.08318      0.00000      0.00000      0.00000
      0.09318      0.00000      0.00000      0.00000
      0.10318      0.00000      0.00000      0.00000
      0.11318      0.00000      0.00000      0.00000
      0.12318      0.00000      0.00000      0.00000
      0.13318      0.00000      0.00000      0.00000
      0.14318      0.00000      0.00000      0.00000
      0.15318      0.00000      0.00000      0.00000
      0.16318      0.00000      0.00000      0.00000
      0.17318      0.00000      0.00000      0.00000
      0.18318      0.00000      0.00000      0.00000
      0.19318      0.00000      0.00000      0.00000
      0.20318      0.00000      0.00000      0.00000
      0.21318      0.00000      0.00000      0.00000
      0.22318      0.00000      0.00000      0.00000
      0.23318      0.00000      0.00000      0.00000
      0.24318      0.00000      0.00000      0.00000
      0.25318      0.00000      0.00000      0.00000
      0.26318      0.00000      0.00000      0.00000
      0.27318      0.00000      0.00000      0.00000
      0.28318      0.00000      0.00000      0.00000
      0.29318      0.00000      0.00000      0.00000
      0.30318      0.00000      0.00000      0.00000
      0.31318      0.00000      0.00000      0.00000
      0.32318      0.00000      0.00000      0.00000
      0.33318      0.00000      0.00000      0.00000
      0.34318      0.00000      0.00000      0.00000
      0.35318      0.00000      0.00000      0.00000
      0.36318      0.00000      0.00000      0.00000
      0.37318      0.00000      0.00000      0.00000
      0.38318      0.00000      0.00000      0.00000
      0.39318      0.00000      0.00000      0.00000
      0.40318      0.00000      0.00000      0.00000
      0.41318      0.00000      0.00000      0.00000
      0.42318      0.00000      0.00000      0.00000
      0.43318      0.00000      0.00000      0.00000
      0.44318      0.00000      0.00000      0.00000
      0.45318      0.00000      0.00000      0.00000
      0.46318      0.00000      0.00000      0.00000
      0.47318      0.00000      0.00000      0.00000
      0.48318      0.00000      0.00000      0.00000
      0.49318      0.00000      0.00000      0.00000
      0.50318      0.00000      0.00000      0.00000
      0.51318      0.00000      0.00000      0.00000
      0.52318      0.00000      0.00000      0.00000
      0.53318      0.00000      0.00000      0.00000
      0.54318      0.00000      0.00000      0.00000
      0.55318      0.00000      0.00000      0.00000
      0.56318      0.00000      0.00000      0.00000
      0.57318      0.00000      0.00000      0.00000
      0.58318      0.00000      0.00000      0.00000
      0.59318      0.00000      0.00000      0.00000
      0.60318      0.00000      0.00000      0.00000
      0.61318      0.00000      0.00000      0.00000
      0.62318      0.00000      0.00000      0.00000
      0.63318      0.00000      0.00000      0.00000
      0.64318      0.00000      0.00000      0.00000
      0.65318      0.00000      0.00000      0.00000
      0.66318      0.00000      0.00000      0.00000
      0.67318      0.00000      0.00000      0.00000
      0.68318      0.00000      0.00000      0.00000
      0.69318      0.00000      0.00000      0.00000
      0.70318      0.00000      0.00000      0.00000
      0.71318      0.00000      0.00000      0.00000
      0.72318      0.00000      0.00000      0.00000
      0.73318      0.00000      0.00000      0.00000
      0.74318      0.00000      0.00000      0.00000
      0.75318      0.00000      0.00000      0.00000
      0.76318      0.00000      0.00000      0.00000
      0.77318      0.00000      0.00000      0.00000
      0.78318      0.00000      0.00000      0.00000
      0.79318      0.00000      0.00000      0.00000
      0.80318      0.00000      0.00000      0.00000
      0.81318      0.00000      0.00000      0.00000
      0.82318      0.00000      0.00000      0.00000
      0.83318      0.00000      0.00000      0.00000
      0.84318      0.00000      0.00000      0.00000
      0.85318      0.00000      0.00000      0.00000
      0.86318      0.00000      0.00000      0.00000
      0.87318      0.00000      0.00000      0.00000
      0.88318      0.00000      0.00000      0.00000
      0.89318      0.00000      0.00000      0.00000
      0.90318      0.00000      0.00000      0.00000
      0.91318      0.00000      0.00000      0.00000
      0.92318      0.00000      0.00000      0.00000
      0.93318      0.00000      0.00000      0.00000
      0.94318      0.00000      0.00000      0.00000
      0.95318      0.00000      0.00000      0.00000
      0.96318      0.00000      0.00000      0.00000
      0.97318      0.00000      0.00000      0.00000
      0.98318      0.00000      0.00000      0.00000
      0.99318      0.00000      0.00000      0.00000
      1.00318      0.00000      0.00000      0.00000
      1.01318      0.00000      0.00000      0.00000
      1.02318      0.00000      0.00000      0.00000
      1.03318      0.00000      0.00000      0.00000
      1.04318      0.00000      0.00000      0.00000
      1.05318      0.00000      0.00000      0.00000
      1.06318      0.00000      0.00000      0.00000
      1.07318      0.00000      0.00000      0.00000
      1.08318      0.00000      0.00000      0.00000
      1.09318      0.00000      0.00000      0.00000
      1.10318      0.00000      0.00000      0.00000
      1.11318      0.00000      0.00000      0.00000
      1.12318      0.00000      0.00000      0.00000
      1.13318      0.00000      0.00000      0.00000
      1.14318      0.00000      0.00000      0.00000
      1.15318      0.00000      0.00000      0.00000
      1.16318      0.00000      0.00000      0.00000
      1.17318      0.00000      0.00000      0.00000
      1.18318      0.00000      0.00000      0.00000
      1.19318      0.00000      0.00000      0.00000
      1.20318      0.00000      0.00000      0.00000
      1.21318      0.00000      0.00000      0.00000
      1.22318      0.00000      0.00000      0.00000
      1.23318      0.00000      0.00000      0.00000
      1.24318      0.00000      0.00000      0.00000
      1.25318      0.00000      0.00000      0.00000
      1.26318      0.00000      0.00000      0.00000
      1.27318      0.00000      0.00000      0.00000
      1.28318      0.00000      0.00000      0.00000
      1.29318      0.00000      0.00000      0.00000
      1.30318      0.00000      0.00000      0.00000
      1.31318      0.00000      0.00000      0.00000
      1.32318      0.00000      0.00000      0.00000
      1.33318      0.00000      0.00000      0.00000
      1.34318      0.00000      0.00000      0.00000
      1.35318      0.00000      0.00000      0.00000
      1.36318      0.00000      0.00000      0.00000
      1.37318      0.00000      0.00000      0.00000
      1.38318      0.00000      0.00000      0.00000
      1.39318      0.00000      0.00000      0.00000
      1.40318      0.00000      0.00000      0.00000
      1.41318      0.00000      0.00000      0.00000
      1.42318      0.00000      0.00000      0.00000
      1.43318      0.00000      0.00000      0.00000
      1.44318      0.00000      0.00000      0.00000
      1.45318      0.00000      0.00000      0.00000
      1.46318      0.00000      0.00000      0.00000
      1.47318      0.00000      0.00000      0.00000
      1.48318      0.00000      0.00000      0.00000
      1.49318      0.00000      0.00000      0.00000
      1.50318      0.00000      0.00000      0.00000
      1.51318      0.00000      0.00000      0.00000
      1.52318      0.00000      0.00000      0.00000
      1.53318      0.00000      0.00000      0.00000
      1.54318      0.00000      0.00000      0.00000
      1.55318      0.00000      0.00000      0.00000
      1.56318      0.00000      0.00000      0.00000
      1.57318      0.00000      0.00000      0.00000
      1.58318      0.00000      0.00000      0.00000
      1.59318      0.00000      0.00000      0.00000
      1.60318      0.00000      0.00000      0.00000
      1.61318      0.00000      0.00000      0.00000
      1.62318      0.00000      0.00000      0.00000
      1.63318      0.00000      0.00000      0.00000
      1.64318      0.00000      0.00000      0.00000
      1.65318      0.00000      0.00000      0.00000
      1.66318      0.00000      0.00000      0.00000
      1.67318      0.00000      0.00000      0.00000
      1.68318      0.00000      0.00000      0.00000
      1.69318      0.00000      0.00000      0.00000
      1.70318      0.00000      0.00000      0.00000
      1.71318      0.00000      0.00000      0.00000
      1.72318      0.00000      0.00000      0.00000
      1.73318      0.00000      0.00000      0.00000
      1.74318      0.00000      0.00000      0.00000
      1.75318      0.00000      0.00000      0.00000
      1.76318      0.00000      0.00000      0.00000
      1.77318      0.00000      0.00000      0.00000
      1.78318      0.00000      0.00000      0.00000
      1.79318      0.00000      0.00000      0.00000
      1.80318      0.00000      0.00000      0.00000
      1.81318      0.00000      0.00000      0.00000
      1.82318      0.00000      0.00000      0.00000
      1.83318      0.00000      0.00000      0.00000
      1.84318      0.00000      0.00000      0.00000
      1.85318      0.00000      0.00000      0.00000
      1.86318      0.00000      0.00000      0.00000
      1.87318      0.00000      0.00000      0.00000
      1.88318      0.00000      0.00000      0.00000
      1.89318      0.00000      0.00000      0.00000
      1.90318      0.00000      0.00000      0.00000
      1.91318      0.00000      0.00000      0.00000
      1.92318      0.00000      0.00000      0.00000
      1.93318      0.00000      0.00000      0.00000
      1.94318      0.00000      0.00000      0.00000
      1.95318      0.00000      0.00000      0.00000
      1.96318      0.00000      0.00000      0.00000
      1.97318      0.00000      0.00000      0.00000
      1.98318      0.00000      0.00000      0.00000
      1.99318      0.00000      0.00000      0.00000
      2.00318      0.00000      0.00000      0.00000
      2.01318      0.00000      0.00000      0.00000
      2.02318      0.00000      0.00000      0.00000
      2.03318      0.00000      0.00000      0.00000
      2.04318      0.00000      0.00000      0.00000
      2.05318      0.00000      0.00000      0.00000
      2.06318      0.00000      0.00000      0.00000
      2.07318      0.00000      0.00000      0.00000
      2.08318      0.00000      0.00000      0.00000
      2.09318      0.00000      0.00000      0.00000
      2.10318      0.00000      0.00000      0.00000
      2.11318      0.00000      0.00000      0.00000
      2.12318      0.00000      0.00000      0.00000
      2.13318      0.00000      0.00000      0.00000
      2.14318      0.00000      0.00000      0.00000
      2.15318      0.00000      0.00000      0.00000
      2.16318      0.00000      0.00000      0.00000
      2.17318      0.00000      0.00000      0.00000
      2.18318      0.00000      0.00000      0.00000
      2.19318      0.00000      0.00000      0.00000
      2.20318      0.00000      0.00000      0.00000
      2.21318      0.00000      0.00000      0.00000
      2.22318      0.00000      0.00000      0.00000
      2.23318      0.00000      0.00000      0.00000
      2.24318      0.00000      0.00000      0.00000
      2.25318      0.00000      0.00000      0.00000
      2.26318      0.00000      0.00000      0.00000
      2.27318      0.00000      0.00000      0.00000
      2.28318      0.00000      0.00000      0.00000
      2.29318      0.00000      0.00000      0.00000
      2.30318      0.00000      0.00000      0.00000
      2.31318      0.00000      0.00000      0.00000
      2.32318      0.00000      0.00000      0.00000
      2.33318      0.00000      0.00000      0.00000
      2.34318      0.00000      0.00000      0.00000
      2.35318      0.00000      0.00000      0.00000
      2.36318      0.00000      0.00000      0.00000
      2.37318      0.00000      0.00000      0.00000
      2.38318      0.00000      0.00000      0.00000
      2.39318      0.00000      0.00000      0.00000
      2.40318      0.00000      0.00000      0.00000
      2.41318      0.00000      0.00000      0.00000
      2.42318      0.00000      0.00000      0.00000
      2.43318      0.00000      0.00000      0.00000
      2.44318      0.00000      0.00000      0.00000
      2.45318      0.00000      0.00000      0.00000
      2.46318      0.00000      0.00000      0.00000
      2.47318      0.00000      0.00000      0.00000
      2.48318      0.00000      0.00000      0.00000
      2.49318      0.00000      0.00000      0.00000
      2.50318      0.00000      0.00000      0.00000
      2.51318      0.00000      0.00000      0.00000
      2.52318      0.00000      0.00000      0.00000
      2.53318      0.00000      0.00000      0.00000
      2.54318      0.00000      0.00000      0.00000
      2.55318      0.00000      0.00000      0.00000
      2.56318      0.00000      0.00000      0.00000
      2.57318      0.00000      0.00000      0.00000
      2.58318      0.00000      0.00000      0.00000
      2.59318      0.00000      0.00000      0.00000
      2.60318      0.00000      0.00000      0.00000
      2.61318      0.00000      0.00000      0.00000
      2.62318      0.00000      0.00000      0.00000
      2.63318      0.00000      0.00000      0.00000
      2.64318      0.00000      0.00000      0.00000
      2.65318      0.00000      0.00000      0.00000
      2.66318      0.00000      0.00000      0.00000
      2.67318      0.00000      0.00000      0.00000
      2.68318      0.00000      0.00000      0.00000
      2.69318      0.00000      0.00000      0.00000
      2.70318      0.00000      0.00000      0.00000
      2.71318      0.00000      0.00000      0.00000
      2.72318      0.00000      0.00000      0.00000
      2.73318      0.00000      0.00000      0.00000
      2.74318      0.00000      0.00000      0.00000
      2.75318      0.00000      0.00000      0.00000
      2.76318      0.00000      0.00000      0.00000
      2.77318      0.00000      0.00000      0.00000
      2.78318      0.00000      0.00000      0.00000
      2.79318      0.00000      0.00000      0.00000
      2.80318      0.00000      0.00000      0.00000
      2.81318      0.00000      0.00000      0.00000
      2.82318      0.00000      0.00000      0.00000
      2.83318      0.00000      0.00000      0.00000
      2.84318      0.00000      0.00000      0.00000
      2.85318      0.00000      0.00000      0.00000
      2.86318      0.00000      0.00000      0.00000
      2.87318      0.00000      0.00000      0.00000
      2.88318      0.00000      0.00000      0.00000
      2.89318      0.00000      0.00000      0.00000
      2.90318      0.00000      0.00000      0.00000
      2.91318      0.00000      0.00000      0.00000
      2.92318      0.00000      0.00000      0.00000
      2.93318      0.00000      0.00000      0.00000
      2.94318      0.00000      0.00000      0.00000
      2.95318      0.00000      0.00000      0.00000
      2.96318      0.00000      0.00000      0.00000
      2.97318      0.00000      0.00000      0.00000
      2.98318      0.00000      0.00000      0.00000
      2.99318      0.00000      0.00000      0.00000
      3.00318      0.00000      0.00000      0.00000
      3.01318      0.00000      0.00000      0.00000
      3.02318      0.00000      0.00000      0.00000
      3.03318      0.00000      0.00000      0.00000
      3.04318      0.00000      0.00000      0.00000
      3.05318      0.00000      0.00000      0.00000
      3.06318      0.00000      0.00000      0.00000
      3.07318      0.00000      0.00000      0.00000
      3.08318      0.00000      0.00000      0.00000
      3.09318      0.00000      0.00000      0.00000
      3.10318      0.00000      0.00000      0.00000
      3.11318      0.00000      0.00000      0.00000
      3.12318      0.00000      0.00000      0.00000
      3.13318      0.00000      0.00000      0.00000
      3.14318      0.00000      0.00000      0.00000
      3.15318      0.00000      0.00000      0.00000
      3.16318      0.00000      0.00000      0.00000
      3.17318      0.00000      0.00000      0.00000
      3.18318      0.00000      0.00000      0.00000
      3.19318      0.00000      0.00000      0.00000
      3.20318      0.00000      0.00000      0.00000
      3.21318      0.00000      0.00000      0.00000
      3.22318      0.00000      0.00000      0.00000
      3.23318      0.00000      0.00000      0.00000
      3.24318      0.00000      0.00000      0.00000
      3.25318      0.00000      0.00000      0.00000
      3.26318      0.00000      0.00000      0.00000
      3.27318      0.00000      0.00000      0.00000
      3.28318      0.00000      0.00000      0.00000
      3.29318      0.00613      0.00007      0.00607
      3.30318      0.31153      0.00338      0.30815
      3.31318      6.03664      0.06562      5.97102
      3.32318     45.92545      0.50165     45.42381
      3.33318    145.26776      1.60196    143.66580
      3.34318    217.26329      2.44412    214.81917
      3.35318    200.94104      2.34990    198.59114
      3.36318    165.02396      2.03915    162.98481
      3.37318    144.24536      1.88665    142.35871
      3.38318    132.02332      1.82336    130.19997
      3.39318    122.86281      1.78692    121.07588
      3.40318    115.97816      1.77636    114.20180
      3.41318    109.58427      1.76000    107.82428
      3.42318    106.50404      1.79679    104.70725
      3.43318    106.94331      1.88404    105.05926
      3.44318    140.18353      2.56128    137.62225
      3.45318    200.01988      3.69270    196.32719
      3.46318    230.57806      4.32773    226.25033
      3.47318    207.37879      3.97236    203.40643
      3.48318    187.66562      3.70118    183.96444
      3.49318    170.38860      3.46448    166.92412
      3.50318    153.85368      3.20127    150.65241
      3.51318    170.33307      3.62563    166.70745
      3.52318    131.91023      2.90801    129.00222
      3.53318    140.48715      3.18153    137.30562
      3.54318    163.32152      3.67941    159.64212
      3.55318    116.88744      2.76909    114.11835
      3.56318    122.62748      3.08325    119.54423
      3.57318    147.78452      3.50869    144.27582
      3.58318    134.31494      3.28867    131.02627
      3.59318    110.93258      3.05476    107.87782
      3.60318    101.64696      2.71433     98.93263
      3.61318    147.28447      3.77324    143.51123
      3.62318    142.79007      3.84109    138.94898
      3.63318     79.61385      2.36084     77.25301
      3.64318     97.79847      3.01503     94.78344
      3.65318    145.02103      4.05471    140.96632
      3.66318    127.48209      3.41740    124.06469
      3.67318    102.98821      3.30500     99.68320
      3.68318     86.39601      3.02060     83.37541
      3.69318     90.11323      2.76528     87.34795
      3.70318    150.58498      4.46687    146.11811
      3.71318    133.51770      4.17360    129.34410
      3.72318     66.51743      2.36239     64.15504
      3.73318     79.71113      3.13160     76.57953
      3.74318    116.68262      4.05290    112.62972
      3.75318    127.06219      3.74933    123.31286
      3.76318    122.19216      4.11335    118.07881
      3.77318     93.28071      3.79036     89.49036
      3.78318     54.47834      2.31526     52.16309
      3.79318     89.28044      3.42771     85.85274
      3.80318    153.88559      5.38788    148.49771
      3.81318    118.67145      3.92683    114.74462
      3.82318     73.90808      3.01851     70.88957
      3.83318     84.05677      4.04682     80.00995
      3.84318     71.59159      3.20608     68.38551
      3.85318     96.85603      3.46950     93.38653
      3.86318    155.00831      5.74397    149.26434
      3.87318    112.25166      4.55777    107.69388
      3.88318     49.75911      2.37378     47.38533
      3.89318     68.40979      3.64252     64.76727
      3.90318     96.86599      4.68244     92.18354
      3.91318    107.67828      3.93457    103.74372
      3.92318    127.42952      4.75158    122.67794
      3.93318    113.09332      5.38064    107.71268
      3.94318     59.85907      3.26368     56.59539
      3.95318     42.87432      2.44406     40.43026
      3.96318     94.20640      4.91712     89.28927
      3.97318    134.19676      5.75631    128.44045
      3.98318    112.22992      4.11202    108.11789
      3.99318     89.35463      4.36851     84.98612
      4.00318     84.61692      5.09876     79.51815
      4.01318     49.05469      3.01345     46.04125
      4.02318     55.28077      2.97669     52.30407
      4.03318    132.31800      6.43008    125.88791
      4.04318    147.79608      9.18004    138.61604
      4.05318    116.59255     41.55598     75.03658
      4.06318    281.83477    201.24418     80.59058
      4.07318    547.65251    427.81666    119.83585
      4.08318    555.82290    455.52105    100.30184
      4.09318    517.96698    400.44872    117.51826
      4.10318    675.91227    478.07429    197.83798
      4.11318    735.53919    553.48005    182.05915
      4.12318    608.14715    505.17975    102.96740
      4.13318    531.01916    434.83866     96.18050
      4.14318    511.98418    392.38872    119.59546
      4.15318    468.45504    362.63582    105.81922
      4.16318    467.07145    341.36942    125.70203
      4.17318    497.96201    326.97322    170.98879
      4.18318    451.51435    311.77048    139.74387
      4.19318    368.99782    295.04408     73.95374
      4.20318    349.86996    282.90121     66.96874
      4.21318    378.86445    274.85257    104.01187
      4.22318    380.71802    265.04571    115.67231
      4.23318    380.22597    254.67694    125.54903
      4.24318    387.52514    247.95393    139.57120
      4.25318    365.09324    241.49771    123.59554
      4.26318    307.15675    231.47352     75.68323
      4.27318    275.91012    224.28203     51.62809
      4.28318    305.94526    219.68115     86.26411
      4.29318    344.65488    217.16659    127.48829
      4.30318    341.03300    208.86667    132.16633
      4.31318    323.25306    203.90488    119.34818
      4.32318    367.73296    198.30837    169.42459
      4.33318    445.34240    197.90701    247.43539
      4.34318    403.16512    189.61211    213.55301
      4.35318    370.93104    188.99016    181.94088
      4.36318    405.00816    183.14166    221.86650
      4.37318    434.92837    185.72461    249.20377
      4.38318    359.93475    174.47319    185.46156
      4.39318    328.91681    175.58080    153.33600
      4.40318    347.60711    171.32366    176.28346
      4.41318    289.89655    166.39754    123.49901
      4.42318    272.22636    167.37277    104.85359
      4.43318    331.69678    158.48208    173.21470
      4.44318    380.74797    169.95964    210.78833
      4.45318    310.75099    152.85088    157.90012
      4.46318    289.18309    159.60120    129.58189
      4.47318    297.89190    153.88062    144.01128
      4.48318    268.90877    148.97291    119.93586
      4.49318    233.56664    152.80340     80.76324
      4.50318    259.96844    143.16382    116.80462
      4.51318    353.19374    150.61359    202.58015
      4.52318    344.03615    148.64903    195.38711
      4.53318    244.17571    139.73122    104.44449
      4.54318    269.26640    144.21441    125.05199
      4.55318    461.55803    157.62429    303.93374
      4.56318    571.00472    161.37059    409.63413
      4.57318    491.83904    158.77068    333.06836
      4.58318    438.46604    156.40788    282.05816
      4.59318    491.75771    145.92081    345.83690
      4.60318    539.47716    153.98245    385.49472
      4.61318    440.35554    151.92524    288.43030
      4.62318    318.76449    129.56193    189.20256
      4.63318    334.20787    143.36881    190.83906
      4.64318    410.69043    148.58881    262.10162
      4.65318    420.81347    125.73882    295.07465
      4.66318    409.70059    141.81487    267.88572
      4.67318    368.74846    142.97687    225.77158
      4.68318    310.92625    114.48818    196.43807
      4.69318    353.91886    137.67268    216.24618
      4.70318    373.26704    145.65210    227.61494
      4.71318    315.02534    108.23971    206.78562
      4.72318    305.42859    125.48853    179.94005
      4.73318    363.80152    148.89306    214.90846
      4.74318    366.03030    111.12780    254.90250
      4.75318    336.50924    113.42154    223.08769
      4.76318    346.88888    148.22797    198.66091
      4.77318    294.86352    114.11819    180.74532
      4.78318    261.27153     95.08521    166.18631
      4.79318    325.51417    142.58600    182.92817
      4.80318    301.82337    131.26998    170.55339
      4.81318    297.43559     87.10065    210.33494
      4.82318    370.29926    121.72333    248.57593
      4.83318    335.74717    147.18622    188.56094
      4.84318    262.30343     95.88619    166.41724
      4.85318    265.19310     89.61917    175.57392
      4.86318    335.65983    145.40013    190.25970
      4.87318    290.58306    125.42499    165.15808
      4.88318    206.15796     72.48414    133.67382
      4.89318    267.87265    109.00786    158.86479
      4.90318    363.77681    150.85440    212.92241
      4.91318    362.84367    102.11440    260.72927
      4.92318    282.87630     74.29283    208.58347
      4.93318    261.59233    129.13937    132.45296
      4.94318    233.66925    136.32738     97.34186
      4.95318    165.50965     71.56319     93.94646
      4.96318    248.57942     79.94577    168.63365
      4.97318    381.17222    147.27097    233.90125
      4.98318    379.68553    128.97626    250.70927
      4.99318    249.97336     62.54239    187.43097
      5.00318    190.84886     82.76830    108.08056
      5.01318    287.96527    148.62825    139.33702
      5.02318    274.05122    115.81253    158.23868
      5.03318    156.41409     52.34776    104.06632
      5.04318    218.17049     87.73037    130.44012
      5.05318    340.96053    150.89054    190.06998
      5.06318    313.38443    108.95917    204.42526
      5.07318    269.87897     53.41207    216.46690
      5.08318    259.19258     89.12944    170.06314
      5.09318    257.63936    148.14675    109.49261
      5.10318    240.14651    107.60476    132.54175
      5.11318    189.84550     46.57502    143.27049
      5.12318    182.59048     76.18825    106.40223
      5.13318    262.43297    146.22165    116.21132
      5.14318    255.65582    115.60953    140.04629
      5.15318    212.30163     48.52570    163.77594
      5.16318    284.56205     69.71751    214.84454
      5.17318    355.21966    143.58472    211.63494
      5.18318    256.98981    126.87094    130.11887
      5.19318    162.79106     50.97469    111.81638
      5.20318    259.86673     54.25350    205.61323
      5.21318    426.10758    134.86617    291.24142
      5.22318    432.60836    153.77155    278.83681
      5.23318    268.38521     72.08853    196.29668
      5.24318    116.37356     33.32423     83.04933
      5.25318    121.55845     89.13918     32.41926
      5.26318    217.32652    147.80267     69.52385
      5.27318    240.41181     97.43606    142.97576
      5.28318    195.62040     38.21091    157.40949
      5.29318    208.38052     63.91659    144.46393
      5.30318    323.32460    142.02991    181.29469
      5.31318    323.22963    130.35775    192.87187
      5.32318    189.43596     50.58277    138.85319
      5.33318    186.44108     39.89774    146.54333
      5.34318    257.45626    108.46370    148.99256
      5.35318    224.71298    146.65376     78.05922
      5.36318    144.66627     79.53586     65.13040
      5.37318    189.46270     32.42154    157.04116
      5.38318    283.47747     69.24095    214.23652
      5.39318    302.51638    142.23782    160.27856
      5.40318    265.99142    125.53390    140.45752
      5.41318    212.78026     50.59610    162.18416
      5.42318    195.25781     39.67566    155.58216
      5.43318    281.79314    107.01455    174.77859
      5.44318    282.13857    147.37393    134.76464
      5.45318    139.08782     81.99810     57.08972
      5.46318     98.70914     33.45207     65.25707
      5.47318    197.72950     70.37112    127.35838
      5.48318    317.24043    133.49795    183.74248
      5.49318    341.95467    124.27717    217.67750
      5.50318    286.14915     71.91193    214.23722
      5.51318    250.57389     73.99420    176.57969
      5.52318    223.36799     96.10715    127.26084
      5.53318    181.38464    104.93756     76.44709
      5.54318    210.43770    122.60397     87.83374
      5.55318    306.94127    114.78850    192.15277
      5.56318    289.37480     77.89936    211.47544
      5.57318    208.50965     92.54063    115.96902
      5.58318    266.10190    143.18700    122.91491
      5.59318    336.07510    118.61706    217.45804
      5.60318    270.30426     81.41967    188.88459
      5.61318    164.71124     85.50040     79.21084
      5.62318    144.39601     78.09661     66.29940
      5.63318    233.00889     91.94544    141.06345
      5.64318    309.97590    109.93603    200.03987
      5.65318    276.50987    102.86965    173.64021
      5.66318    233.19022     79.43272    153.75750
      5.67318    335.48411    147.83965    187.64446
      5.68318    558.53688    374.50907    184.02781
      5.69318    651.91219    492.10955    159.80264
      5.70318    471.41186    347.70365    123.70821
      5.71318    345.00479    217.43982    127.56497
      5.72318    409.22576    198.89762    210.32814
      5.73318    485.88398    215.05541    270.82857
      5.74318    459.03161    207.08104    251.95057
      5.75318    303.99732    145.39094    158.60638
      5.76318    266.19940    130.41851    135.78090
      5.77318    395.20546    209.92158    185.28387
      5.78318    408.02346    224.22080    183.80266
      5.79318    308.90730    147.84559    161.06171
      5.80318    294.36544     94.08293    200.28251
      5.81318    405.86036    132.75457    273.10579
      5.82318    460.31347    187.07058    273.24290
      5.83318    404.38438    204.77862    199.60576
      5.84318    401.47064    239.92114    161.54950
      5.85318    424.71372    209.62455    215.08917
      5.86318    536.37448    223.44992    312.92456
      5.87318    608.86078    245.46290    363.39789
      5.88318    485.06024    207.42847    277.63177
      5.89318    406.83245    184.71953    222.11292
      5.90318    351.05046    147.26314    203.78732
      5.91318    256.70290    132.36203    124.34087
      5.92318    151.25932    107.28315     43.97617
      5.93318     61.51112     51.41242     10.09870
      5.94318     14.54204     12.63127      1.91077
      5.95318     28.85894     22.56202      6.29693
      5.96318    151.65456    111.46282     40.19174
      5.97318    331.46102    221.49505    109.96597
      5.98318    354.25411    199.12519    155.12892
      5.99318    322.67691    164.43927    158.23765
      6.00318    286.13186    149.92568    136.20618
      6.01318    178.53312     72.23867    106.29444
      6.02318     99.31837     18.78435     80.53403
      6.03318     39.04419      4.17035     34.87384
      6.04318      7.29933      0.94344      6.35590
      6.05318     11.87202      5.74645      6.12557
      6.06318     85.28515     39.54299     45.74217
      6.07318    251.94494    114.94346    137.00147
      6.08318    317.68169    161.73462    155.94707
      6.09318    228.92653    155.53955     73.38698
      6.10318    190.97121    165.25427     25.71695
      6.11318    193.10137    169.84455     23.25682
      6.12318    151.46745    101.37593     50.09153
      6.13318    187.69701     72.55902    115.13799
      6.14318    308.20655    160.91639    147.29016
      6.15318    366.50486    248.70009    117.80477
      6.16318    358.53319    247.82710    110.70609
      6.17318    278.82270    176.74525    102.07745
      6.18318    222.78898    162.92313     59.86585
      6.19318    292.50210    245.33285     47.16925
      6.20318    256.04048    212.15878     43.88171
      6.21318    134.67776     84.05311     50.62465
      6.22318    136.14347     48.10636     88.03712
      6.23318    234.39000    116.49447    117.89553
      6.24318    333.13967    198.65102    134.48866
      6.25318    377.55088    242.77735    134.77353
      6.26318    328.73736    209.47692    119.26044
      6.27318    190.97083    121.12921     69.84162
      6.28318    171.30351    114.22144     57.08207
      6.29318    211.12093    124.35441     86.76652
      6.30318    174.98510     97.78882     77.19628
      6.31318    140.79164    102.62411     38.16752
      6.32318    148.11592    115.11719     32.99873
      6.33318    178.98564    104.85941     74.12622
      6.34318    311.76163    135.20303    176.55860
      6.35318    429.74617    191.69651    238.04965
      6.36318    371.35237    210.87535    160.47702
      6.37318    254.04570    188.95818     65.08753
      6.38318    158.46064    131.67128     26.78935
      6.39318    142.45636    102.90128     39.55508
      6.40318    193.34245    112.94357     80.39889
      6.41318    225.45254    143.97662     81.47592
      6.42318    184.12724    139.52107     44.60617
      6.43318    132.86609     94.76951     38.09657
      6.44318    164.93309     90.86700     74.06609
      6.45318    176.29513     89.89741     86.39773
      6.46318    217.12837    124.11871     93.00966
      6.47318    295.43400    164.93053    130.50592
      6.48318    268.40348    132.57534    135.93423
      6.49318    197.21429     97.31591    101.65943
      6.50318    277.59190    229.85697     59.30819
      6.51318    506.71680    490.75912     47.86821
      6.52318    520.23873    518.68343     43.08798
      6.53318    407.09306    383.64831     59.12299
      6.54318    519.47744    481.92193     82.43061
      6.55318    742.14227    738.06867     72.28259
      6.56318    829.16427    810.47587     90.90047
      6.57318    850.71655    791.03112    120.04931
      6.58318    792.26844    725.18521    118.55729
      6.59318    570.52316    528.64992     87.22127
      6.60318    355.93141    355.80925     37.13817
      6.61318    339.82686    336.67715     37.41947
      6.62318    476.45293    416.72930     97.40221
      6.63318    537.99111    444.77156    130.54249
      6.64318    459.21024    411.43063     82.12549
      6.65318    380.92380    387.17319     26.93299
      6.66318    388.70131    398.52781     24.73270
      6.67318    391.58133    359.84584     63.81536
      6.68318    376.20600    323.87921     78.57785
      6.69318    351.32234    336.08013     40.46261
      6.70318    357.61617    364.84265     21.26368
      6.71318    385.54329    352.72952     62.49047
      6.72318    452.99314    333.05845    148.57711
      6.73318    552.55360    376.44969    201.80071
      6.74318    518.06847    374.49148    163.90308
      6.75318    393.52717    338.61039     76.55177
      6.76318    341.72861    337.60632     30.94145
      6.77318    303.27244    313.78853     16.60133
      6.78318    286.26816    299.21939     12.12123
      6.79318    317.75828    309.92983     32.34370
      6.80318    394.48878    322.94225     93.75945
      6.81318    448.84318    320.86908    144.97189
      6.82318    419.65193    306.25145    133.20160
      6.83318    301.80385    242.58915     80.93924
      6.84318    236.37331    210.93586     46.78116
      6.85318    302.26559    253.45086     71.38629
      6.86318    311.16962    257.47478     73.55851
      6.87318    254.63665    246.88009     29.70352
      6.88318    195.97756    208.02351      6.94760
      6.89318    211.08421    220.84112      7.61997
      6.90318    259.17959    255.71848     23.70845
      6.91318    338.10923    261.80548     94.52679
      6.92318    483.28049    291.40621    206.87617
      6.93318    447.68216    248.04065    208.36503
      6.94318    247.11915    136.00355    114.37164
      6.95318    247.10701    164.72839     89.51281
      6.96318    403.04430    342.76682     79.67275
      6.97318    451.73257    442.24026     35.55616
      6.98318    352.70921    362.52047     11.45919
      6.99318    255.20118    255.90536     17.43714
      7.00318    305.95511    255.19941     70.48809
      7.01318    393.81978    266.33609    142.25106
      7.02318    364.71394    239.70040    132.74475
      7.03318    269.92490    223.89758     58.54898
      7.04318    204.51416    211.27478     13.33928
      7.05318    122.58497    119.80938     15.47485
      7.06318     97.86282     48.44905     53.30116
      7.07318    189.44887    113.51222     82.07853
      7.08318    366.45671    293.44463     88.54029
      7.09318    496.29765    399.45307    120.02397
      7.10318    466.79016    357.11334    135.34270
      7.11318    351.98384    236.48136    131.85314
      7.12318    293.50496    179.54036    122.81536
      7.13318    342.30023    255.73074    103.79962
      7.14318    338.04268    287.22058     72.72182
      7.15318    209.45619    186.08455     34.17350
      7.16318    169.58236    124.97363     49.49123
      7.17318    293.91431    194.17618    111.08053
      7.18318    348.70259    247.22186    119.64688
      7.19318    244.89947    197.21911     61.55078
      7.20318    170.01824    129.33671     45.57462
      7.21318    160.07640     77.22900     83.57699
      7.22318    189.17258     75.88855    113.38797
      7.23318    250.33809    125.82260    125.54183
      7.24318    329.36926    215.56423    120.35522
      7.25318    425.81110    316.76190    126.14952
      7.26318    456.78087    339.94506    137.59611
      7.27318    395.59140    292.95666    117.48480
      7.28318    318.64474    260.85312     71.03730
      7.29318    417.58842    348.52311     88.28759
      7.30318    627.91373    461.21164    185.73982
      7.31318    679.68082    454.12177    236.53732
      7.32318    523.27438    337.90183    193.26582
      7.33318    429.72024    250.72464    191.99894
      7.34318    428.14139    246.34791    197.84021
      7.35318    330.63107    217.95161    126.06554
      7.36318    206.69138    128.89947     84.20210
      7.37318    167.45756     80.30585     90.24183
      7.38318    234.31678    155.44412     86.08634
      7.39318    370.39653    304.16223     77.97282
      7.40318    437.71584    348.33829    101.66209
      7.41318    364.99025    242.19253    132.36551
      7.42318    296.74778    140.57448    159.87892
      7.43318    291.51004    115.57209    176.50094
      7.44318    212.54180     76.47679    136.10082
      7.45318    153.88103     71.56338     82.42689
      7.46318    249.91487    174.61826     76.39919
      7.47318    418.38120    322.24276    100.48854
      7.48318    445.56478    359.83229     93.26907
      7.49318    291.65516    245.57163     53.60981
      7.50318    185.57242    120.83068     69.51321
      7.51318    214.74318     79.73939    136.47622
      7.52318    326.96734    145.32928    181.82664
      7.53318    430.69736    237.22894    193.62990
      7.54318    392.90637    243.94099    150.26951
      7.55318    296.48745    229.84389     72.45394
      7.56318    357.51105    331.43884     42.48271
      7.57318    484.49079    429.17457     79.79113
      7.58318    424.82553    316.13993    125.96743
      7.59318    397.21723    216.06487    192.34548
      7.60318    479.11797    223.89921    268.37110
      7.61318    498.67642    246.51996    267.61331
      7.62318    410.40808    246.58546    177.21334
      7.63318    287.45566    218.42533     79.88890
      7.64318    199.65320    175.23238     31.83202
      7.65318    181.18433    161.01926     28.66287
      7.66318    228.96423    175.62760     66.58203
      7.67318    272.34877    187.23265     96.42500
      7.68318    262.74271    182.41165     90.31942
      7.69318    196.57872    130.70298     74.37703
      7.70318    223.50288    107.67786    121.01723
      7.71318    299.07687    155.37405    152.57568
      7.72318    247.30879    167.52696     92.22172
      7.73318    208.80712    151.55475     64.60291
      7.74318    230.97853    174.83401     61.40520
      7.75318    236.85180    204.91990     40.41933
      7.76318    191.04053    155.55902     42.06141
      7.77318    111.78000     69.63866     44.03917
      7.78318     46.71327     23.04068     23.92311
      7.79318     64.21995     33.83634     31.15983
      7.80318    183.32303    114.92590     72.81533
      7.81318    272.80786    187.82075     94.61701
      7.82318    294.78306    194.87172    109.66076
      7.83318    316.93872    216.02017    109.71312
      7.84318    257.46087    177.09906     87.11137
      7.85318    181.96494    103.96148     80.34086
      7.86318    151.97789     97.92666     54.35676
      7.87318    127.45024     99.50010     27.96487
      7.88318    111.06784     81.13609     29.93201
      7.89318    108.47299     52.30149     56.17172
      7.90318    134.10667     61.01868     73.10022
      7.91318    125.98515     84.08068     42.15032
      7.92318     85.00181     76.01325     10.80614
      7.93318     91.83752     94.05844      2.72322
      7.94318    134.45806    128.57665     10.85810
      7.95318    226.71735    187.29387     41.78759
      7.96318    404.50907    308.24032    100.15292
      7.97318    551.72196    408.81893    152.02047
      7.98318    483.04363    331.98238    159.61423
      7.99318    361.59173    234.73560    130.14494
      8.00318    276.97631    216.53492     61.63274
      8.01318    180.19838    164.61785     16.60723
      8.02318     93.80698     89.12430      7.29013
      8.03318    119.87273    101.60202     25.38139
      8.04318    211.69938    157.93959     62.59622
      8.05318    240.33757    186.54296     59.69675
      8.06318    153.89203    133.43877     22.93649
      8.07318     53.21830     48.40700      5.34153
      8.08318     45.52765     37.20282      8.37090
      8.09318    104.94439     85.69005     19.25585
      8.10318    165.17717    138.40482     26.77244
      8.11318    184.14066    149.09072     35.05527
      8.12318    162.99471    106.61530     56.51502
      8.13318    207.62371    111.70565     97.18705
      8.14318    298.32139    190.37730    112.32043
      8.15318    389.62475    293.34834    101.92771
      8.16318    362.48659    299.87149     65.74570
      8.17318    248.38783    203.48091     46.27086
      8.18318    221.77197    125.22182     97.14457
      8.19318    264.51889    104.03136    160.71660
      8.20318    292.82488    115.86510    178.25213
      8.21318    383.92631    197.72120    192.17621
      8.22318    414.34973    262.52793    162.61176
      8.23318    254.46102    188.65600     76.64870
      8.24318    196.14206    161.48048     47.08245
      8.25318    294.91948    222.64340     82.20212
      8.26318    381.00103    280.24059    104.00824
      8.27318    356.24274    268.71320     88.19127
      8.28318    285.92992    217.62978     69.72738
      8.29318    230.48355    184.77369     48.43175
      8.30318    210.66517    175.97877     36.71464
      8.31318    193.39262    161.61684     32.46003
      8.32318    160.35014    131.03614     29.64802
      8.33318    167.72743    120.82888     48.94875
