Energy-E_F (eV)    DOS (1/eV)    PDOS (1/eV)  of atom type H  C  
     -6.83999    203.33093     10.13391    193.19702
     -6.82999    293.88158     22.76170    271.11988
     -6.81999    227.27756     22.16570    205.11185
     -6.80999    123.94970      9.46575    114.48396
     -6.79999     89.44385      2.83349     86.61036
     -6.78999     62.75861      1.29448     61.46413
     -6.77999     89.25321      1.66529     87.58791
     -6.76999    138.76849      2.85789    135.91060
     -6.75999    164.26419      7.99937    156.26482
     -6.74999    238.26213     24.49729    213.76483
     -6.73999    300.87815     38.41407    262.46408
     -6.72999    213.00537     27.48516    185.52021
     -6.71999    120.74325      9.60576    111.13749
     -6.70999     96.66006      4.33960     92.32046
     -6.69999    123.97902     10.18310    113.79592
     -6.68999    216.80697     18.31112    198.49585
     -6.67999    196.64003     13.47133    183.16870
     -6.66999     97.15613      6.81035     90.34578
     -6.65999    136.65167     15.58298    121.06869
     -6.64999    237.68171     27.66475    210.01696
     -6.63999    168.34794     18.65828    149.68966
     -6.62999     76.31457      5.17953     71.13504
     -6.61999    122.82327      2.39253    120.43074
     -6.60999    160.35780      3.70824    156.64956
     -6.59999    118.40881      9.60380    108.80501
     -6.58999    150.95568     22.84973    128.10595
     -6.57999    224.19816     30.41733    193.78083
     -6.56999    212.24513     25.98113    186.26400
     -6.55999    141.39339     15.19661    126.19678
     -6.54999    116.86690      6.23115    110.63575
     -6.53999    153.49485      3.20299    150.29186
     -6.52999    130.67641      3.76507    126.91134
     -6.51999    115.36026     13.98134    101.37893
     -6.50999    211.13449     33.85854    177.27594
     -6.49999    221.12679     32.21053    188.91625
     -6.48999    128.86249     15.42847    113.43402
     -6.47999    112.97723     10.24761    102.72962
     -6.46999    143.11728      7.41030    135.70698
     -6.45999    174.85957      5.91020    168.94937
     -6.44999    174.92770     14.46442    160.46328
     -6.43999    194.47539     29.45286    165.02253
     -6.42999    188.32638     26.06530    162.26108
     -6.41999    158.06017     16.09634    141.96383
     -6.40999    204.10952     28.71634    175.39318
     -6.39999    273.18265     43.09433    230.08832
     -6.38999    271.82977     35.07124    236.75854
     -6.37999    276.85817     24.36970    252.48847
     -6.36999    214.65623     17.07746    197.57877
     -6.35999    123.28884     12.24795    111.04089
     -6.34999     74.73688      6.19454     68.54234
     -6.33999     93.70260      4.84951     88.85309
     -6.32999    120.20615     11.33174    108.87441
     -6.31999    107.77888     15.60851     92.17037
     -6.30999     90.89248      9.11530     81.77718
     -6.29999    140.80027      4.20300    136.59727
     -6.28999    172.78448      6.71512    166.06937
     -6.27999    138.77593     13.30220    125.47373
     -6.26999    121.61409     18.35197    103.26213
     -6.25999    201.26882     30.67135    170.59747
     -6.24999    322.51204     44.53938    277.97266
     -6.23999    297.91349     41.09678    256.81670
     -6.22999    259.02069     41.21522    217.80547
     -6.21999    260.70208     38.97516    221.72692
     -6.20999    222.58814     25.84689    196.74125
     -6.19999    164.37034     13.48211    150.88823
     -6.18999    156.45085     16.28603    140.16483
     -6.17999    170.13515     22.45851    147.67664
     -6.16999    117.81564     14.58639    103.22925
     -6.15999    100.31040      9.79626     90.51414
     -6.14999    161.45268     18.27005    143.18263
     -6.13999    171.96502     19.35831    152.60671
     -6.12999    135.88800     10.23118    125.65683
     -6.11999    145.02544     12.72271    132.30273
     -6.10999    219.81121     22.99432    196.81688
     -6.09999    193.01855     17.79246    175.22608
     -6.08999     73.67677      5.35468     68.32209
     -6.07999     13.11803      0.68965     12.42838
     -6.06999     20.35611      1.00317     19.35294
     -6.05999    112.03703      7.37832    104.65871
     -6.04999    276.58778     23.91228    252.67550
     -6.03999    315.52210     35.18932    280.33277
     -6.02999    192.83025     26.84604    165.98421
     -6.01999     88.47649     12.72010     75.75639
     -6.00999    117.05549     10.67525    106.38023
     -5.99999    246.24394     18.33953    227.90441
     -5.98999    305.17489     19.50790    285.66699
     -5.97999    224.20217     12.37940    211.82276
     -5.96999     97.67993      5.34262     92.33731
     -5.95999     91.65510      9.12896     82.52614
     -5.94999    202.58088     25.05493    177.52595
     -5.93999    244.82898     34.72380    210.10518
     -5.92999    172.17320     25.04299    147.13021
     -5.91999     78.97441     10.30772     68.66669
     -5.90999     61.40856      8.26603     53.14253
     -5.89999    173.54894     25.63035    147.91860
     -5.88999    268.96812     40.71977    228.24835
     -5.87999    238.89771     34.77456    204.12315
     -5.86999    208.09599     29.51585    178.58014
     -5.85999    170.57901     24.17160    146.40741
     -5.84999    128.46552     13.60082    114.86470
     -5.83999    141.14348      9.17560    131.96788
     -5.82999    151.39992     13.20852    138.19140
     -5.81999    135.17093     20.96020    114.21072
     -5.80999    166.37670     29.78363    136.59306
     -5.79999    244.63378     31.22581    213.40797
     -5.78999    320.37338     30.11422    290.25916
     -5.77999    272.99475     24.03778    248.95697
     -5.76999    111.94769      9.86261    102.08507
     -5.75999     28.09804      2.61138     25.48666
     -5.74999     52.48537      5.31654     47.16883
     -5.73999    128.17980     13.12614    115.05366
     -5.72999    200.43314     22.10739    178.32575
     -5.71999    224.73869     24.26378    200.47491
     -5.70999    194.60846     16.73211    177.87635
     -5.69999    139.18376     12.46165    126.72211
     -5.68999    106.08757     15.76934     90.31823
     -5.67999    167.39602     25.81922    141.57680
     -5.66999    219.71088     25.23242    194.47846
     -5.65999    177.06984     19.22233    157.84751
     -5.64999    197.98503     28.03290    169.95212
     -5.63999    259.83215     33.49159    226.34057
     -5.62999    251.05089     22.80129    228.24960
     -5.61999    299.44600     23.77756    275.66844
     -5.60999    353.59155     32.23905    321.35251
     -5.59999    290.70359     31.10001    259.60358
     -5.58999    344.25598     44.27449    299.98148
     -5.57999    574.93643     75.19499    499.74144
     -5.56999    722.00264     91.71963    630.28301
     -5.55999    702.55111     90.56069    611.99041
     -5.54999    638.66539     77.35266    561.31272
     -5.53999    575.98068     61.86510    514.11558
     -5.52999    535.09641     59.46227    475.63413
     -5.51999    501.25681     55.17441    446.08240
     -5.50999    455.42801     46.54541    408.88260
     -5.49999    450.93861     44.38236    406.55625
     -5.48999    526.92042     56.68766    470.23277
     -5.47999    476.51303     58.95048    417.56255
     -5.46999    299.47254     46.29783    253.17471
     -5.45999    267.20020     47.17331    220.02689
     -5.44999    267.89030     39.12737    228.76293
     -5.43999    204.76064     22.80988    181.95076
     -5.42999    166.96322     18.77872    148.18450
     -5.41999    136.18061     23.35722    112.82339
     -5.40999     83.90582     19.58185     64.32397
     -5.39999     95.54111     25.13819     70.40291
     -5.38999    182.75308     46.12578    136.62730
     -5.37999    257.61375     52.52929    205.08446
     -5.36999    303.25155     40.18530    263.06626
     -5.35999    316.63579     38.15406    278.48173
     -5.34999    253.21642     37.58841    215.62801
     -5.33999    137.78903     21.66489    116.12414
     -5.32999     48.27784      6.70228     41.57556
     -5.31999     36.28656      1.54487     34.74169
     -5.30999     74.08112      1.52131     72.55980
     -5.29999     70.97519      1.43709     69.53810
     -5.28999     55.65487      1.73896     53.91591
     -5.27999    111.46671      6.43971    105.02700
     -5.26999    149.86597     12.37036    137.49561
     -5.25999    103.73044      9.44435     94.28609
     -5.24999     83.06593      3.75103     79.31490
     -5.23999     77.77303      1.76696     76.00607
     -5.22999     33.87952      0.71113     33.16839
     -5.21999     10.30778      0.71631      9.59147
     -5.20999     37.15289      4.19980     32.95309
     -5.19999    126.68076     11.84045    114.84031
     -5.18999    235.94284     17.42206    218.52078
     -5.17999    245.71106     16.97510    228.73596
     -5.16999    122.32901      9.05645    113.27256
     -5.15999     25.31697      2.02724     23.28973
     -5.14999      2.33318      0.17852      2.15467
     -5.13999      5.19212      0.10835      5.08378
     -5.12999     32.93422      0.67224     32.26198
     -5.11999     85.51520      2.07552     83.43969
     -5.10999    135.29688      6.40908    128.88780
     -5.09999    214.92551     17.98364    196.94187
     -5.08999    215.97468     22.91099    193.06369
     -5.07999     95.24278     11.25076     83.99202
     -5.06999     35.05943      2.44775     32.61168
     -5.05999     64.02813      1.40868     62.61945
     -5.04999     76.03599      1.53228     74.50371
     -5.03999     34.45843      0.69505     33.76338
     -5.02999     16.13931      0.45541     15.68390
     -5.01999     61.51716      2.89256     58.62460
     -5.00999    149.16519      9.63231    139.53287
     -4.99999    179.17965     12.83014    166.34950
     -4.98999    130.60841      7.23158    123.37683
     -4.97999     56.29688      1.96986     54.32702
     -4.96999     11.27560      0.28306     10.99254
     -4.95999      1.35407      0.02869      1.32538
     -4.94999      7.69961      0.16009      7.53952
     -4.93999     51.39877      1.23165     50.16712
     -4.92999    148.64702      5.07925    143.56778
     -4.91999    203.76184     11.37178    192.39006
     -4.90999    138.06030     11.64470    126.41560
     -4.89999     44.07367      4.77288     39.30080
     -4.88999     11.22224      0.84756     10.37468
     -4.87999     33.37631      0.72330     32.65301
     -4.86999     76.50181      1.62718     74.87463
     -4.85999     75.83962      2.25114     73.58848
     -4.84999     87.33458      5.22527     82.10931
     -4.83999    167.87885     11.36527    156.51358
     -4.82999    204.40721     15.36967    189.03754
     -4.81999    159.10940     12.39294    146.71646
     -4.80999    112.58746      5.59359    106.99387
     -4.79999     60.86215      1.71099     59.15116
     -4.78999     15.38439      0.34224     15.04215
     -4.77999      4.28155      0.08824      4.19332
     -4.76999     26.31277      0.54160     25.77117
     -4.75999    101.33596      2.42144     98.91452
     -4.74999    180.02996      6.85889    173.17107
     -4.73999    172.02136     12.02680    159.99456
     -4.72999    103.54653     10.34591     93.20062
     -4.71999    103.38274      7.29189     96.09085
     -4.70999    245.06232     11.03699    234.02533
     -4.69999    424.78134     14.72774    410.05359
     -4.68999    500.75018     14.82811    485.92207
     -4.67999    463.01824     12.51086    450.50738
     -4.66999    447.17452     11.85845    435.31607
     -4.65999    425.08124     15.20287    409.87837
     -4.64999    362.34000     18.72449    343.61551
     -4.63999    276.42353     14.25542    262.16811
     -4.62999    211.27478      7.68811    203.58667
     -4.61999    161.03487      4.68032    156.35455
     -4.60999    131.74583      3.71181    128.03403
     -4.59999    153.48750      4.88050    148.60700
     -4.58999    230.35698      9.10431    221.25267
     -4.57999    273.72385     12.12422    261.59963
     -4.56999    260.67637     14.05293    246.62344
     -4.55999    261.85652     16.28228    245.57424
     -4.54999    200.29956     10.76730    189.53226
     -4.53999    109.06095      4.13751    104.92344
     -4.52999     91.27861      2.60594     88.67267
     -4.51999     82.71108      2.14049     80.57059
     -4.50999     96.15641      2.12663     94.02978
     -4.49999    151.94542      3.69955    148.24587
     -4.48999    195.94083      7.05369    188.88714
     -4.47999    221.71479     13.57581    208.13898
     -4.46999    246.19090     18.05323    228.13767
     -4.45999    231.88781     13.80101    218.08680
     -4.44999    159.94031      6.53405    153.40626
     -4.43999     94.40179      2.72515     91.67664
     -4.42999     81.98786      2.19267     79.79518
     -4.41999     82.20660      2.23148     79.97512
     -4.40999     69.27188      2.20626     67.06561
     -4.39999    140.57804      6.70956    133.86848
     -4.38999    248.89189     14.40655    234.48534
     -4.37999    233.95648     13.26015    220.69633
     -4.36999    121.76651      5.62560    116.14091
     -4.35999     82.72123      3.55566     79.16557
     -4.34999    146.16615      7.07720    139.08895
     -4.33999    139.32899      7.05967    132.26932
     -4.32999     69.91502      3.12891     66.78612
     -4.31999     98.67000      3.58690     95.08310
     -4.30999    216.10250     10.59401    205.50849
     -4.29999    301.41944     16.06106    285.35838
     -4.28999    241.33116     10.54762    230.78354
     -4.27999    125.51835      3.65593    121.86242
     -4.26999    112.25091      2.53732    109.71358
     -4.25999    152.76428      3.26110    149.50318
     -4.24999    119.98221      2.84129    117.14092
     -4.23999    119.41549      5.07062    114.34487
     -4.22999    225.91350     11.72697    214.18652
     -4.21999    332.76750     17.87206    314.89544
     -4.20999    329.17774     15.73329    313.44444
     -4.19999    170.21693      6.60824    163.60868
     -4.18999     57.02758      1.70112     55.32645
     -4.17999     70.39263      1.80601     68.58662
     -4.16999    100.07565      2.37309     97.70256
     -4.15999    110.01756      2.29389    107.72367
     -4.14999    134.99967      4.09811    130.90156
     -4.13999    198.35724     10.70875    187.64849
     -4.12999    266.29829     16.89967    249.39862
     -4.11999    259.43734     14.42966    245.00767
     -4.10999    189.26124      7.81867    181.44258
     -4.09999    136.57712      3.54839    133.02873
     -4.08999    138.27331      2.89444    135.37887
     -4.07999    117.18222      2.73011    114.45211
     -4.06999     74.65594      2.61243     72.04351
     -4.05999    113.47636      7.08561    106.39076
     -4.04999    198.56911     13.45037    185.11874
     -4.03999    208.84241     11.24953    197.59288
     -4.02999    177.54634      5.93010    171.61625
     -4.01999    167.21154      5.65466    161.55688
     -4.00999    183.81994      7.33595    176.48399
     -3.99999    157.68945      5.58035    152.10910
     -3.98999    164.90161      4.85456    160.04705
     -3.97999    186.28820      8.00979    178.27841
     -3.96999    180.44290     12.53786    167.90504
     -3.95999    181.76076     11.16016    170.60060
     -3.94999    164.65228      5.81889    158.83339
     -3.93999    145.65457      3.50302    142.15155
     -3.92999    109.11682      2.60510    106.51172
     -3.91999     71.06813      2.76617     68.30195
     -3.90999     90.48968      5.46747     85.02221
     -3.89999    134.92025      9.04949    125.87076
     -3.88999    174.44530     12.93253    161.51277
     -3.87999    129.97656     10.39656    119.58000
     -3.86999     39.67403      3.36510     36.30893
     -3.85999      4.55915      0.40693      4.15222
     -3.84999      0.38746      0.02255      0.36491
     -3.83999      4.14044      0.12021      4.02023
     -3.82999     35.54806      1.44282     34.10525
     -3.81999    130.91557      7.49736    123.41821
     -3.80999    216.55817     15.98124    200.57694
     -3.79999    158.42700     13.33877    145.08823
     -3.78999     49.52977      4.26345     45.26633
     -3.77999     22.39038      0.82189     21.56849
     -3.76999     82.17642      1.57674     80.59968
     -3.75999    170.38865      3.28956    167.09910
     -3.74999    204.00703      4.94037    199.06666
     -3.73999    249.39757     10.13093    239.26664
     -3.72999    274.94230     14.94242    259.99988
     -3.71999    201.71559     11.44138    190.27421
     -3.70999    141.32889      7.26827    134.06062
     -3.69999    149.94513      5.33947    144.60566
     -3.68999    177.38640      4.11800    173.26840
     -3.67999    146.07270      3.15935    142.91335
     -3.66999    138.93583      5.09879    133.83704
     -3.65999    184.79913     11.31202    173.48710
     -3.64999    181.98402     12.37834    169.60568
     -3.63999    126.06189      6.25447    119.80742
     -3.62999    121.75870      3.92303    117.83567
     -3.61999    134.06401      5.34103    128.72298
     -3.60999    141.99505      5.47640    136.51865
     -3.59999    187.55273      5.77870    181.77403
     -3.58999    238.30432     10.28111    228.02321
     -3.57999    210.61020     13.43207    197.17812
     -3.56999     99.34075      7.69589     91.64487
     -3.55999     34.81584      2.01645     32.79940
     -3.54999     77.57698      1.90744     75.66954
     -3.53999    177.50564      4.85099    172.65465
     -3.52999    235.16570      8.12600    227.03970
     -3.51999    224.41451     10.96574    213.44877
     -3.50999    191.27641     13.47744    177.79896
     -3.49999    148.54179      9.96283    138.57896
     -3.48999     97.46977      3.95946     93.51031
     -3.47999     62.34957      1.45513     60.89444
     -3.46999     81.59012      1.66722     79.92290
     -3.45999    104.87010      3.36491    101.50519
     -3.44999    191.58584     10.16032    181.42552
     -3.43999    310.15532     17.76494    292.39038
     -3.42999    254.92221     13.15289    241.76932
     -3.41999    141.80430      4.96731    136.83700
     -3.40999     67.13482      1.56200     65.57282
     -3.39999     23.20815      0.58273     22.62543
     -3.38999     50.40059      2.33648     48.06411
     -3.37999    174.10729      9.65463    164.45266
     -3.36999    321.31160     17.54836    303.76324
     -3.35999    300.86584     14.02170    286.84415
     -3.34999    132.28561      5.04347    127.24215
     -3.33999     57.98593      1.53350     56.45243
     -3.32999     81.69465      2.10182     79.59283
     -3.31999     86.95112      4.50177     82.44936
     -3.30999    119.60766     10.40408    109.20358
     -3.29999    210.23549     13.58691    196.64858
     -3.28999    255.24772     10.56466    244.68306
     -3.27999    182.54038      5.97591    176.56447
     -3.26999    123.70015      3.25748    120.44267
     -3.25999    142.08871      4.45662    137.63210
     -3.24999    161.81034      9.40992    152.40042
     -3.23999    136.35532     12.17181    124.18352
     -3.22999    113.20703      8.27031    104.93672
     -3.21999    196.32724      7.08129    189.24595
     -3.20999    233.85014      6.87788    226.97226
     -3.19999    155.81914      4.98974    150.82939
     -3.18999    151.13248      8.54762    142.58487
     -3.17999    174.81902     12.86382    161.95520
     -3.16999    148.76575      9.13146    139.63430
     -3.15999    111.83918      4.73202    107.10716
     -3.14999    124.50790      4.89600    119.61190
     -3.13999    181.57379      6.71006    174.86373
     -3.12999    229.01201     11.15364    217.85837
     -3.11999    200.80938     13.33217    187.47721
     -3.10999    183.64504      9.02667    174.61838
     -3.09999    200.69942      6.04777    194.65165
     -3.08999    195.97889      6.61497    189.36392
     -3.07999    195.53369      9.24292    186.29078
     -3.06999    180.63535     12.72818    167.90716
     -3.05999    174.35372     11.76216    162.59156
     -3.04999    195.89729      7.49838    188.39891
     -3.03999    326.53563      9.29538    317.24026
     -3.02999    374.56484     12.43431    362.13052
     -3.01999    236.34189     13.38257    222.95932
     -3.00999    119.30778     12.22181    107.08597
     -2.99999     55.88635      6.01549     49.87086
     -2.98999     69.17164      2.66935     66.50229
     -2.97999    148.52980      5.59854    142.93126
     -2.96999    181.58357     11.38884    170.19473
     -2.95999    132.55021     12.89704    119.65317
     -2.94999     55.70508      6.64155     49.06353
     -2.93999     27.90026      2.20447     25.69579
     -2.92999     91.73530      5.04164     86.69365
     -2.91999    216.23109     12.64290    203.58819
     -2.90999    257.57426     14.44203    243.13223
     -2.89999    163.23041      7.41762    155.81279
     -2.88999     82.27185      3.51359     78.75826
     -2.87999    112.30393      7.78317    104.52076
     -2.86999    145.72404     13.30644    132.41760
     -2.85999     90.30191      9.76202     80.53989
     -2.84999     49.69517      4.03728     45.65789
     -2.83999    120.29371      6.53881    113.75490
     -2.82999    230.89953     13.71021    217.18932
     -2.81999    231.70889     13.27470    218.43419
     -2.80999    165.65387      6.92926    158.72460
     -2.79999    142.89410      7.02561    135.86849
     -2.78999    145.85563     12.09069    133.76494
     -2.77999    113.69560     11.63891    102.05669
     -2.76999    103.49027      7.25233     96.23794
     -2.75999    166.44611      9.15930    157.28681
     -2.74999    215.13819     13.99933    201.13887
     -2.73999    202.38700     12.40998    189.97702
     -2.72999    201.08767      9.04193    192.04573
     -2.71999    200.54733     11.73158    188.81575
     -2.70999    184.36461     14.06804    170.29657
     -2.69999    144.29307     10.19253    134.10055
     -2.68999    169.25793     11.58860    157.66933
     -2.67999    252.11868     16.14954    235.96914
     -2.66999    247.83786     13.68992    234.14794
     -2.65999    250.46188     14.61624    235.84563
     -2.64999    320.77800     18.22285    302.55515
     -2.63999    331.71524     16.91318    314.80205
     -2.62999    258.50947     16.63133    241.87814
     -2.61999    159.28928     14.01085    145.27843
     -2.60999    139.06273     12.49821    126.56452
     -2.59999    175.64058     14.39950    161.24109
     -2.58999    152.16179     13.96561    138.19618
     -2.57999    151.10200     15.00997    136.09203
     -2.56999    189.75806     16.23973    173.51833
     -2.55999    190.88432     17.98163    172.90269
     -2.54999    170.17600     20.27949    149.89651
     -2.53999    208.55501     24.93239    183.62262
     -2.52999    276.18931     29.14838    247.04093
     -2.51999    242.08632     24.28859    217.79773
     -2.50999    132.32763     11.34362    120.98402
     -2.49999     93.54285      3.09140     90.45145
     -2.48999     68.29896      0.92265     67.37632
     -2.47999     31.93496      0.38917     31.54579
     -2.46999     70.40130      1.02835     69.37295
     -2.45999    199.56764      2.97987    196.58778
     -2.44999    278.46478      4.11815    274.34663
     -2.43999    188.03161      2.70595    185.32566
     -2.42999     91.19773      1.24457     89.95316
     -2.41999    131.21911      1.72631    129.49280
     -2.40999    154.46438      2.04959    152.41479
     -2.39999     88.14190      1.26553     86.87637
     -2.38999     89.64357      1.52129     88.12228
     -2.37999    155.42967      2.51808    152.91159
     -2.36999    192.37141      2.97549    189.39591
     -2.35999    187.38769      3.64457    183.74313
     -2.34999    190.18307      5.05013    185.13294
     -2.33999    149.88647      4.14886    145.73761
     -2.32999    142.62142      2.78072    139.84070
     -2.31999    230.60212      3.65958    226.94253
     -2.30999    187.29472      2.93375    184.36097
     -2.29999     62.43202      1.02700     61.40502
     -2.28999     68.48749      1.82700     66.66049
     -2.27999    360.01974     10.35603    349.66371
     -2.26999    931.56782     27.30581    904.26201
     -2.25999   1234.30924     35.96536   1198.34389
     -2.24999   1011.97699     28.98071    982.99628
     -2.23999    633.53277     18.28296    615.24981
     -2.22999    427.22926     12.13119    415.09807
     -2.21999    459.20946     12.30836    446.90111
     -2.20999    490.09040     12.97581    477.11459
     -2.19999    396.41999     10.15829    386.26170
     -2.18999    396.78045      9.96507    386.81538
     -2.17999    500.60317     13.28053    487.32264
     -2.16999    466.83563     12.40542    454.43020
     -2.15999    292.52181      7.11112    285.41068
     -2.14999    146.24077      2.96617    143.27460
     -2.13999     97.48399      1.47764     96.00635
     -2.12999     66.49625      0.90469     65.59156
     -2.11999     24.02025      0.32202     23.69824
     -2.10999     32.97435      0.44023     32.53411
     -2.09999    105.52013      1.42724    104.09289
     -2.08999    149.27508      2.05225    147.22282
     -2.07999     87.81666      1.22637     86.59029
     -2.06999     21.79771      0.30867     21.48904
     -2.05999     11.24077      0.16664     11.07412
     -2.04999     48.24059      0.71248     47.52811
     -2.03999    107.65478      1.53274    106.12204
     -2.02999    125.01164      1.66129    123.35036
     -2.01999     81.87703      1.02641     80.85063
     -2.00999     37.11869      0.51402     36.60467
     -1.99999     92.62256      1.68666     90.93591
     -1.98999    315.73409      6.19053    309.54356
     -1.97999    605.13629     12.29500    592.84129
     -1.96999    749.71096     15.15755    734.55341
     -1.95999    715.21613     14.02330    701.19283
     -1.94999    552.72526     10.67626    542.04899
     -1.93999    427.47611      8.23398    419.24213
     -1.92999    475.40681      9.18680    466.22001
     -1.91999    584.95667     11.38843    573.56824
     -1.90999    543.00330     10.46720    532.53610
     -1.89999    504.40716      9.22925    495.17791
     -1.88999    590.42394     10.36658    580.05736
     -1.87999    542.78700      9.60777    533.17923
     -1.86999    338.75548      6.17168    332.58381
     -1.85999    238.84853      4.40830    234.44023
     -1.84999    216.40798      3.82300    212.58498
     -1.83999    179.94003      2.74767    177.19236
     -1.82999    174.36858      2.32311    172.04547
     -1.81999    152.46456      2.10839    150.35617
     -1.80999    113.70262      1.69273    112.00989
     -1.79999     64.07319      0.96727     63.10593
     -1.78999     46.89573      0.60379     46.29193
     -1.77999    108.09790      1.30892    106.78898
     -1.76999    147.70233      1.84825    145.85407
     -1.75999     86.39378      1.11832     85.27546
     -1.74999     21.83764      0.28811     21.54953
     -1.73999     13.91792      0.16492     13.75301
     -1.72999     60.97466      0.71750     60.25716
     -1.71999    131.88357      1.59378    130.28980
     -1.70999    129.49557      1.61301    127.88256
     -1.69999     71.17568      0.88762     70.28806
     -1.68999     72.11488      0.83683     71.27805
     -1.67999    113.43093      1.29969    112.13125
     -1.66999    142.28349      1.66351    140.61998
     -1.65999    146.89031      1.77204    145.11827
     -1.64999     90.23282      1.11585     89.11697
     -1.63999     28.32721      0.35223     27.97498
     -1.62999     32.72618      0.37843     32.34775
     -1.61999    129.89592      1.50044    128.39548
     -1.60999    224.94758      2.63020    222.31738
     -1.59999    159.66941      1.89643    157.77298
     -1.58999     47.75820      0.57624     47.18196
     -1.57999     15.97936      0.19066     15.78870
     -1.56999     65.75999      0.77188     64.98811
     -1.55999    161.47884      1.88878    159.59006
     -1.54999    178.26593      2.07452    176.19141
     -1.53999    123.75149      1.43669    122.31480
     -1.52999     77.87865      0.94243     76.93622
     -1.51999     88.98620      1.13750     87.84870
     -1.50999    115.86066      1.38656    114.47411
     -1.49999    111.20915      1.19633    110.01282
     -1.48999     95.86157      1.09754     94.76403
     -1.47999    133.12575      1.72479    131.40095
     -1.46999    150.21253      1.92564    148.28689
     -1.45999     89.15293      1.05228     88.10065
     -1.44999     84.40332      0.84284     83.56048
     -1.43999    134.24833      1.47979    132.76854
     -1.42999    120.38550      1.53645    118.84905
     -1.41999     59.52962      0.81023     58.71939
     -1.40999     60.93510      0.69196     60.24314
     -1.39999    122.14301      1.20695    120.93606
     -1.38999    132.11571      1.13736    130.97835
     -1.37999     68.49885      0.52109     67.97776
     -1.36999     27.27232      0.22615     27.04618
     -1.35999     71.45665      0.66657     70.79008
     -1.34999    164.87738      1.48725    163.39013
     -1.33999    217.70786      2.12022    215.58764
     -1.32999    279.37844      3.18215    276.19629
     -1.31999    275.37649      3.19489    272.18160
     -1.30999    149.30342      1.57664    147.72677
     -1.29999     87.24307      0.92170     86.32137
     -1.28999    166.12866      2.05508    164.07358
     -1.27999    230.37064      3.07739    227.29325
     -1.26999    197.55384      2.45929    195.09455
     -1.25999    185.35272      1.74711    183.60562
     -1.24999    148.17633      1.31736    146.85897
     -1.23999    135.58380      1.52570    134.05809
     -1.22999    164.50724      1.93956    162.56768
     -1.21999    109.48944      1.12605    108.36339
     -1.20999     85.66658      0.51465     85.15192
     -1.19999    139.59777      1.11814    138.47962
     -1.18999    184.56106      2.37013    182.19093
     -1.17999    141.24292      2.24104    139.00188
     -1.16999     48.28899      0.83942     47.44956
     -1.15999     11.44220      0.22312     11.21908
     -1.14999     32.65565      0.68302     31.97264
     -1.13999     82.17181      1.66124     80.51057
     -1.12999    104.20294      1.81067    102.39227
     -1.11999     99.71289      1.33285     98.38005
     -1.10999     68.98278      0.89278     68.08999
     -1.09999     60.02449      1.12486     58.89963
     -1.08999     81.07755      1.71445     79.36310
     -1.07999     53.13733      1.12647     52.01086
     -1.06999     23.27706      0.40538     22.87168
     -1.05999     61.18833      0.85975     60.32857
     -1.04999    137.80130      2.14291    135.65838
     -1.03999    130.82973      2.27165    128.55808
     -1.02999     51.54054      0.97747     50.56306
     -1.01999     11.86577      0.24435     11.62142
     -1.00999     28.38829      0.60597     27.78232
     -0.99999     83.94378      1.69164     82.25213
     -0.98999    122.21047      2.09549    120.11498
     -0.97999    105.15880      1.43229    103.72651
     -0.96999     55.72467      0.73782     54.98685
     -0.95999     51.10133      1.02524     50.07609
     -0.94999     79.85012      1.74972     78.10039
     -0.93999     57.40183      1.23688     56.16495
     -0.92999     36.40251      0.57119     35.83132
     -0.91999     83.11784      1.10815     82.00969
     -0.90999    134.87374      2.14346    132.73028
     -0.89999    109.38020      2.06847    107.31173
     -0.88999     42.17666      0.88108     41.29558
     -0.87999     12.29066      0.26689     12.02377
     -0.86999     39.01084      0.80478     38.20606
     -0.85999    110.92683      2.07138    108.85545
     -0.84999    141.12189      2.26066    138.86123
     -0.83999     82.52273      1.13082     81.39191
     -0.82999     33.90084      0.55337     33.34747
     -0.81999     56.39388      1.25668     55.13721
     -0.80999     80.98907      1.81732     79.17175
     -0.79999     59.38886      1.14475     58.24411
     -0.78999     72.52214      0.92092     71.60122
     -0.77999    109.74060      1.54642    108.19418
     -0.76999    112.14094      2.10529    110.03564
     -0.75999     71.96685      1.56879     70.39806
     -0.74999     23.59540      0.52914     23.06626
     -0.73999     26.55665      0.50882     26.04783
     -0.72999    100.20236      1.78002     98.42234
     -0.71999    157.31883      2.62597    154.69286
     -0.70999     93.98706      1.47275     92.51431
     -0.69999     28.51944      0.48375     28.03569
     -0.68999     42.20615      0.97007     41.23608
     -0.67999     83.97753      1.90102     82.07651
     -0.66999     89.88734      1.66710     88.22024
     -0.65999     94.31844      1.19883     93.11961
     -0.64999     91.80430      1.30740     90.49690
     -0.63999     90.87656      1.89035     88.98621
     -0.62999     72.33611      1.68568     70.65043
     -0.61999     32.37306      0.69758     31.67547
     -0.60999     54.06644      0.83853     53.22790
     -0.59999    137.17043      2.23012    134.94031
     -0.58999    140.93828      2.47814    138.46015
     -0.57999     56.47440      1.07271     55.40170
     -0.56999     22.59646      0.50759     22.08887
     -0.55999     62.93835      1.41796     61.52039
     -0.54999    120.44719      2.32956    118.11763
     -0.53999    122.21262      1.81416    120.39845
     -0.52999     75.90404      1.03406     74.86998
     -0.51999     66.20325      1.42029     64.78296
     -0.50999     83.05123      2.00616     81.04507
     -0.49999     64.96827      1.32900     63.63927
     -0.48999     83.80121      1.13140     82.66981
     -0.47999    129.73959      2.04968    127.68991
     -0.46999    114.82787      2.33043    112.49745
     -0.45999     52.88077      1.22306     51.65771
     -0.44999     35.65655      0.73335     34.92320
     -0.43999    105.86471      1.93029    103.93442
     -0.42999    158.04399      2.72480    155.31919
     -0.41999     91.44031      1.51732     89.92299
     -0.40999     42.87915      0.90280     41.97635
     -0.39999     79.57842      1.87660     77.70182
     -0.38999    119.26891      2.30084    116.96807
     -0.37999    115.02606      1.62590    113.40016
     -0.36999     93.22820      1.57088     91.65732
     -0.35999     92.11994      2.18491     89.93503
     -0.34999     79.09654      1.74705     77.34949
     -0.33999     95.39830      1.43490     93.96339
     -0.32999    140.05817      2.35311    137.70506
     -0.31999    113.67591      2.38332    111.29259
     -0.30999     59.90045      1.31547     58.58498
     -0.29999     96.22239      1.73752     94.48487
     -0.28999    159.84264      2.84599    156.99665
     -0.27999    110.00822      2.02261    107.98561
     -0.26999     69.63515      1.46240     68.17274
     -0.25999    128.32328      2.54471    125.77857
     -0.24999    148.11084      2.53589    145.57495
     -0.23999    100.45437      1.79881     98.65556
     -0.22999    114.81697      2.44353    112.37344
     -0.21999    145.80146      2.61108    143.19038
     -0.20999    128.58140      2.16585    126.41555
     -0.19999    132.03478      2.67279    129.36198
     -0.18999    149.71884      2.66841    147.05043
     -0.17999    147.14506      2.51836    144.62670
     -0.16999    163.08803      3.03514    160.05290
     -0.15999    172.23697      2.85914    169.37783
     -0.14999    192.32700      3.16895    189.15806
     -0.13999    219.66626      3.50526    216.16100
     -0.12999    199.03516      3.24035    195.79481
     -0.11999    148.72568      3.11793    145.60775
     -0.10999    100.49464      2.68625     97.80839
     -0.09999     97.85390      2.85421     94.99969
     -0.08999     98.18268      2.88963     95.29305
     -0.07999    104.50296      3.08120    101.42177
     -0.06999    108.72595      3.20754    105.51842
     -0.05999    115.75506      3.41433    112.34072
     -0.04999    122.73946      3.61561    119.12385
     -0.03999    132.48208      3.89271    128.58937
     -0.02999    142.27051      4.16382    138.10669
     -0.01999    142.99652      4.16293    138.83359
     -0.00999    128.66030      3.71569    124.94461
      0.00001    103.16250      2.95584    100.20666
      0.01001     51.10367      1.45955     49.64413
      0.02001     10.90246      0.31114     10.59133
      0.03001      0.88615      0.02529      0.86087
      0.04001      0.02668      0.00076      0.02592
      0.05001      0.00000      0.00000      0.00000
      0.06001      0.00000      0.00000      0.00000
      0.07001      0.00000      0.00000      0.00000
      0.08001      0.00000      0.00000      0.00000
      0.09001      0.00000      0.00000      0.00000
      0.10001      0.00000      0.00000      0.00000
      0.11001      0.00000      0.00000      0.00000
      0.12001      0.00000      0.00000      0.00000
      0.13001      0.00000      0.00000      0.00000
      0.14001      0.00000      0.00000      0.00000
      0.15001      0.00000      0.00000      0.00000
      0.16001      0.00000      0.00000      0.00000
      0.17001      0.00000      0.00000      0.00000
      0.18001      0.00000      0.00000      0.00000
      0.19001      0.00000      0.00000      0.00000
      0.20001      0.00000      0.00000      0.00000
      0.21001      0.00000      0.00000      0.00000
      0.22001      0.00000      0.00000      0.00000
      0.23001      0.00000      0.00000      0.00000
      0.24001      0.00000      0.00000      0.00000
      0.25001      0.00000      0.00000      0.00000
      0.26001      0.00000      0.00000      0.00000
      0.27001      0.00000      0.00000      0.00000
      0.28001      0.00000      0.00000      0.00000
      0.29001      0.00000      0.00000      0.00000
      0.30001      0.00000      0.00000      0.00000
      0.31001      0.00000      0.00000      0.00000
      0.32001      0.00000      0.00000      0.00000
      0.33001      0.00000      0.00000      0.00000
      0.34001      0.00000      0.00000      0.00000
      0.35001      0.00000      0.00000      0.00000
      0.36001      0.00000      0.00000      0.00000
      0.37001      0.00000      0.00000      0.00000
      0.38001      0.00000      0.00000      0.00000
      0.39001      0.00000      0.00000      0.00000
      0.40001      0.00000      0.00000      0.00000
      0.41001      0.00000      0.00000      0.00000
      0.42001      0.00000      0.00000      0.00000
      0.43001      0.00000      0.00000      0.00000
      0.44001      0.00000      0.00000      0.00000
      0.45001      0.00000      0.00000      0.00000
      0.46001      0.00000      0.00000      0.00000
      0.47001      0.00000      0.00000      0.00000
      0.48001      0.00000      0.00000      0.00000
      0.49001      0.00000      0.00000      0.00000
      0.50001      0.00000      0.00000      0.00000
      0.51001      0.00000      0.00000      0.00000
      0.52001      0.00000      0.00000      0.00000
      0.53001      0.00000      0.00000      0.00000
      0.54001      0.00000      0.00000      0.00000
      0.55001      0.00000      0.00000      0.00000
      0.56001      0.00000      0.00000      0.00000
      0.57001      0.00000      0.00000      0.00000
      0.58001      0.00000      0.00000      0.00000
      0.59001      0.00000      0.00000      0.00000
      0.60001      0.00000      0.00000      0.00000
      0.61001      0.00000      0.00000      0.00000
      0.62001      0.00000      0.00000      0.00000
      0.63001      0.00000      0.00000      0.00000
      0.64001      0.00000      0.00000      0.00000
      0.65001      0.00000      0.00000      0.00000
      0.66001      0.00000      0.00000      0.00000
      0.67001      0.00000      0.00000      0.00000
      0.68001      0.00000      0.00000      0.00000
      0.69001      0.00000      0.00000      0.00000
      0.70001      0.00000      0.00000      0.00000
      0.71001      0.00000      0.00000      0.00000
      0.72001      0.00000      0.00000      0.00000
      0.73001      0.00000      0.00000      0.00000
      0.74001      0.00000      0.00000      0.00000
      0.75001      0.00000      0.00000      0.00000
      0.76001      0.00000      0.00000      0.00000
      0.77001      0.00000      0.00000      0.00000
      0.78001      0.00000      0.00000      0.00000
      0.79001      0.00000      0.00000      0.00000
      0.80001      0.00000      0.00000      0.00000
      0.81001      0.00000      0.00000      0.00000
      0.82001      0.00000      0.00000      0.00000
      0.83001      0.00000      0.00000      0.00000
      0.84001      0.00000      0.00000      0.00000
      0.85001      0.00000      0.00000      0.00000
      0.86001      0.00000      0.00000      0.00000
      0.87001      0.00000      0.00000      0.00000
      0.88001      0.00000      0.00000      0.00000
      0.89001      0.00000      0.00000      0.00000
      0.90001      0.00000      0.00000      0.00000
      0.91001      0.00000      0.00000      0.00000
      0.92001      0.00000      0.00000      0.00000
      0.93001      0.00000      0.00000      0.00000
      0.94001      0.00000      0.00000      0.00000
      0.95001      0.00000      0.00000      0.00000
      0.96001      0.00000      0.00000      0.00000
      0.97001      0.00000      0.00000      0.00000
      0.98001      0.00000      0.00000      0.00000
      0.99001      0.00000      0.00000      0.00000
      1.00001      0.00000      0.00000      0.00000
      1.01001      0.00000      0.00000      0.00000
      1.02001      0.00000      0.00000      0.00000
      1.03001      0.00000      0.00000      0.00000
      1.04001      0.00000      0.00000      0.00000
      1.05001      0.00000      0.00000      0.00000
      1.06001      0.00000      0.00000      0.00000
      1.07001      0.00000      0.00000      0.00000
      1.08001      0.00000      0.00000      0.00000
      1.09001      0.00000      0.00000      0.00000
      1.10001      0.00000      0.00000      0.00000
      1.11001      0.00000      0.00000      0.00000
      1.12001      0.00000      0.00000      0.00000
      1.13001      0.00000      0.00000      0.00000
      1.14001      0.00000      0.00000      0.00000
      1.15001      0.00000      0.00000      0.00000
      1.16001      0.00000      0.00000      0.00000
      1.17001      0.00000      0.00000      0.00000
      1.18001      0.00000      0.00000      0.00000
      1.19001      0.00000      0.00000      0.00000
      1.20001      0.00000      0.00000      0.00000
      1.21001      0.00000      0.00000      0.00000
      1.22001      0.00000      0.00000      0.00000
      1.23001      0.00000      0.00000      0.00000
      1.24001      0.00000      0.00000      0.00000
      1.25001      0.00000      0.00000      0.00000
      1.26001      0.00000      0.00000      0.00000
      1.27001      0.00000      0.00000      0.00000
      1.28001      0.00000      0.00000      0.00000
      1.29001      0.00000      0.00000      0.00000
      1.30001      0.00000      0.00000      0.00000
      1.31001      0.00000      0.00000      0.00000
      1.32001      0.00000      0.00000      0.00000
      1.33001      0.00000      0.00000      0.00000
      1.34001      0.00000      0.00000      0.00000
      1.35001      0.00000      0.00000      0.00000
      1.36001      0.00000      0.00000      0.00000
      1.37001      0.00000      0.00000      0.00000
      1.38001      0.00000      0.00000      0.00000
      1.39001      0.00000      0.00000      0.00000
      1.40001      0.00000      0.00000      0.00000
      1.41001      0.00000      0.00000      0.00000
      1.42001      0.00000      0.00000      0.00000
      1.43001      0.00000      0.00000      0.00000
      1.44001      0.00000      0.00000      0.00000
      1.45001      0.00000      0.00000      0.00000
      1.46001      0.00000      0.00000      0.00000
      1.47001      0.00000      0.00000      0.00000
      1.48001      0.00000      0.00000      0.00000
      1.49001      0.00000      0.00000      0.00000
      1.50001      0.00000      0.00000      0.00000
      1.51001      0.00000      0.00000      0.00000
      1.52001      0.00000      0.00000      0.00000
      1.53001      0.00000      0.00000      0.00000
      1.54001      0.00000      0.00000      0.00000
      1.55001      0.00000      0.00000      0.00000
      1.56001      0.00000      0.00000      0.00000
      1.57001      0.00000      0.00000      0.00000
      1.58001      0.00000      0.00000      0.00000
      1.59001      0.00000      0.00000      0.00000
      1.60001      0.00000      0.00000      0.00000
      1.61001      0.00000      0.00000      0.00000
      1.62001      0.00000      0.00000      0.00000
      1.63001      0.00000      0.00000      0.00000
      1.64001      0.00000      0.00000      0.00000
      1.65001      0.00000      0.00000      0.00000
      1.66001      0.00000      0.00000      0.00000
      1.67001      0.00000      0.00000      0.00000
      1.68001      0.00000      0.00000      0.00000
      1.69001      0.00000      0.00000      0.00000
      1.70001      0.00000      0.00000      0.00000
      1.71001      0.00000      0.00000      0.00000
      1.72001      0.00000      0.00000      0.00000
      1.73001      0.00000      0.00000      0.00000
      1.74001      0.00000      0.00000      0.00000
      1.75001      0.00000      0.00000      0.00000
      1.76001      0.00000      0.00000      0.00000
      1.77001      0.00000      0.00000      0.00000
      1.78001      0.00000      0.00000      0.00000
      1.79001      0.00000      0.00000      0.00000
      1.80001      0.00000      0.00000      0.00000
      1.81001      0.00000      0.00000      0.00000
      1.82001      0.00000      0.00000      0.00000
      1.83001      0.00000      0.00000      0.00000
      1.84001      0.00000      0.00000      0.00000
      1.85001      0.00000      0.00000      0.00000
      1.86001      0.00000      0.00000      0.00000
      1.87001      0.00000      0.00000      0.00000
      1.88001      0.00000      0.00000      0.00000
      1.89001      0.00000      0.00000      0.00000
      1.90001      0.00000      0.00000      0.00000
      1.91001      0.00000      0.00000      0.00000
      1.92001      0.00000      0.00000      0.00000
      1.93001      0.00000      0.00000      0.00000
      1.94001      0.00000      0.00000      0.00000
      1.95001      0.00000      0.00000      0.00000
      1.96001      0.00000      0.00000      0.00000
      1.97001      0.00000      0.00000      0.00000
      1.98001      0.00000      0.00000      0.00000
      1.99001      0.00000      0.00000      0.00000
      2.00001      0.00000      0.00000      0.00000
      2.01001      0.00000      0.00000      0.00000
      2.02001      0.00000      0.00000      0.00000
      2.03001      0.00000      0.00000      0.00000
      2.04001      0.00000      0.00000      0.00000
      2.05001      0.00000      0.00000      0.00000
      2.06001      0.00000      0.00000      0.00000
      2.07001      0.00000      0.00000      0.00000
      2.08001      0.00000      0.00000      0.00000
      2.09001      0.00000      0.00000      0.00000
      2.10001      0.00000      0.00000      0.00000
      2.11001      0.00000      0.00000      0.00000
      2.12001      0.00000      0.00000      0.00000
      2.13001      0.00000      0.00000      0.00000
      2.14001      0.00000      0.00000      0.00000
      2.15001      0.00000      0.00000      0.00000
      2.16001      0.00000      0.00000      0.00000
      2.17001      0.00000      0.00000      0.00000
      2.18001      0.00000      0.00000      0.00000
      2.19001      0.00000      0.00000      0.00000
      2.20001      0.00000      0.00000      0.00000
      2.21001      0.00000      0.00000      0.00000
      2.22001      0.00000      0.00000      0.00000
      2.23001      0.00000      0.00000      0.00000
      2.24001      0.00000      0.00000      0.00000
      2.25001      0.00000      0.00000      0.00000
      2.26001      0.00000      0.00000      0.00000
      2.27001      0.00000      0.00000      0.00000
      2.28001      0.00000      0.00000      0.00000
      2.29001      0.00000      0.00000      0.00000
      2.30001      0.00000      0.00000      0.00000
      2.31001      0.00000      0.00000      0.00000
      2.32001      0.00000      0.00000      0.00000
      2.33001      0.00000      0.00000      0.00000
      2.34001      0.00000      0.00000      0.00000
      2.35001      0.00000      0.00000      0.00000
      2.36001      0.00000      0.00000      0.00000
      2.37001      0.00000      0.00000      0.00000
      2.38001      0.00000      0.00000      0.00000
      2.39001      0.00000      0.00000      0.00000
      2.40001      0.00000      0.00000      0.00000
      2.41001      0.00000      0.00000      0.00000
      2.42001      0.00000      0.00000      0.00000
      2.43001      0.00000      0.00000      0.00000
      2.44001      0.00000      0.00000      0.00000
      2.45001      0.00000      0.00000      0.00000
      2.46001      0.00000      0.00000      0.00000
      2.47001      0.00000      0.00000      0.00000
      2.48001      0.00000      0.00000      0.00000
      2.49001      0.00000      0.00000      0.00000
      2.50001      0.00000      0.00000      0.00000
      2.51001      0.00000      0.00000      0.00000
      2.52001      0.00000      0.00000      0.00000
      2.53001      0.00000      0.00000      0.00000
      2.54001      0.00000      0.00000      0.00000
      2.55001      0.00000      0.00000      0.00000
      2.56001      0.00000      0.00000      0.00000
      2.57001      0.00000      0.00000      0.00000
      2.58001      0.00000      0.00000      0.00000
      2.59001      0.00000      0.00000      0.00000
      2.60001      0.00000      0.00000      0.00000
      2.61001      0.00000      0.00000      0.00000
      2.62001      0.00000      0.00000      0.00000
      2.63001      0.00000      0.00000      0.00000
      2.64001      0.00000      0.00000      0.00000
      2.65001      0.00000      0.00000      0.00000
      2.66001      0.00000      0.00000      0.00000
      2.67001      0.00000      0.00000      0.00000
      2.68001      0.00000      0.00000      0.00000
      2.69001      0.00000      0.00000      0.00000
      2.70001      0.00000      0.00000      0.00000
      2.71001      0.00000      0.00000      0.00000
      2.72001      0.00000      0.00000      0.00000
      2.73001      0.00000      0.00000      0.00000
      2.74001      0.00000      0.00000      0.00000
      2.75001      0.00000      0.00000      0.00000
      2.76001      0.00000      0.00000      0.00000
      2.77001      0.00000      0.00000      0.00000
      2.78001      0.00000      0.00000      0.00000
      2.79001      0.00000      0.00000      0.00000
      2.80001      0.00000      0.00000      0.00000
      2.81001      0.00000      0.00000      0.00000
      2.82001      0.00000      0.00000      0.00000
      2.83001      0.00000      0.00000      0.00000
      2.84001      0.00000      0.00000      0.00000
      2.85001      0.00000      0.00000      0.00000
      2.86001      0.00000      0.00000      0.00000
      2.87001      0.00000      0.00000      0.00000
      2.88001      0.00000      0.00000      0.00000
      2.89001      0.00000      0.00000      0.00000
      2.90001      0.00000      0.00000      0.00000
      2.91001      0.00000      0.00000      0.00000
      2.92001      0.00000      0.00000      0.00000
      2.93001      0.00000      0.00000      0.00000
      2.94001      0.00000      0.00000      0.00000
      2.95001      0.00000      0.00000      0.00000
      2.96001      0.00000      0.00000      0.00000
      2.97001      0.00000      0.00000      0.00000
      2.98001      0.00000      0.00000      0.00000
      2.99001      0.00000      0.00000      0.00000
      3.00001      0.00000      0.00000      0.00000
      3.01001      0.00000      0.00000      0.00000
      3.02001      0.00000      0.00000      0.00000
      3.03001      0.00000      0.00000      0.00000
      3.04001      0.00000      0.00000      0.00000
      3.05001      0.00000      0.00000      0.00000
      3.06001      0.00000      0.00000      0.00000
      3.07001      0.00000      0.00000      0.00000
      3.08001      0.00000      0.00000      0.00000
      3.09001      0.00000      0.00000      0.00000
      3.10001      0.00000      0.00000      0.00000
      3.11001      0.00000      0.00000      0.00000
      3.12001      0.00000      0.00000      0.00000
      3.13001      0.00000      0.00000      0.00000
      3.14001      0.00000      0.00000      0.00000
      3.15001      0.00000      0.00000      0.00000
      3.16001      0.00000      0.00000      0.00000
      3.17001      0.00000      0.00000      0.00000
      3.18001      0.00000      0.00000      0.00000
      3.19001      0.00000      0.00000      0.00000
      3.20001      0.00000      0.00000      0.00000
      3.21001      0.00000      0.00000      0.00000
      3.22001      0.00000      0.00000      0.00000
      3.23001      0.00000      0.00000      0.00000
      3.24001      0.00000      0.00000      0.00000
      3.25001      0.00000      0.00000      0.00000
      3.26001      0.00000      0.00000      0.00000
      3.27001      0.00000      0.00000      0.00000
      3.28001      0.00000      0.00000      0.00000
      3.29001      0.00000      0.00000      0.00000
      3.30001      0.00000      0.00000      0.00000
      3.31001      0.02479      0.00027      0.02453
      3.32001      0.90758      0.00984      0.89774
      3.33001     12.77984      0.13900     12.64084
      3.34001     71.94018      0.78717     71.15302
      3.35001    175.15889      1.94022    173.21867
      3.36001    218.87083      2.48720    216.38363
      3.37001    191.39816      2.27592    189.12224
      3.38001    160.15820      2.01635    158.14185
      3.39001    141.45479      1.88457    139.57022
      3.40001    129.71403      1.82507    127.88896
      3.41001    120.62537      1.78795    118.83741
      3.42001    114.73599      1.78856    112.94743
      3.43001    108.17874      1.77097    106.40777
      3.44001    106.71961      1.82980    104.88981
      3.45001    114.36024      2.05063    112.30962
      3.46001    164.26864      3.01708    161.25155
      3.47001    216.44944      4.01912    212.43032
      3.48001    226.64107      4.28897    222.35210
      3.49001    195.99005      3.79268    192.19737
      3.50001    186.46994      3.72506    182.74489
      3.51001    159.75041      3.27727    156.47314
      3.52001    164.38213      3.44949    160.93264
      3.53001    159.58070      3.43801    156.14269
      3.54001    125.37870      2.81049    122.56820
      3.55001    160.41248      3.62184    156.79064
      3.56001    145.11635      3.30050    141.81585
      3.57001    110.36601      2.73130    107.63471
      3.58001    138.81171      3.41283    135.39889
      3.59001    145.41950      3.42748    141.99202
      3.60001    124.25968      3.22989    121.02978
      3.61001    101.79009      2.82625     98.96383
      3.62001    119.12662      3.06613    116.06049
      3.63001    159.35761      4.15629    155.20132
      3.64001    110.52661      3.08621    107.44040
      3.65001     76.59086      2.37459     74.21628
      3.66001    126.30978      3.73235    122.57743
      3.67001    144.01285      3.86261    140.15024
      3.68001    112.39418      3.23607    109.15810
      3.69001     96.64927      3.32555     93.32372
      3.70001     80.74028      2.69068     78.04960
      3.71001    120.12836      3.54489    116.58347
      3.72001    157.87497      4.79051    153.08446
      3.73001     94.44224      3.09173     91.35051
      3.74001     63.48250      2.45403     61.02847
      3.75001    101.76111      3.82557     97.93554
      3.76001    125.11251      3.92559    121.18692
      3.77001    126.32520      3.84553    122.47967
      3.78001    111.39627      4.19932    107.19696
      3.79001     69.71349      2.95653     66.75697
      3.80001     61.17351      2.47591     58.69760
      3.81001    130.48212      4.76062    125.72150
      3.82001    147.76974      4.96863    142.80112
      3.83001     86.37820      3.05469     83.32351
      3.84001     78.32117      3.62808     74.69309
      3.85001     80.22950      3.82354     76.40597
      3.86001     75.19244      2.92532     72.26713
      3.87001    134.64749      4.82205    129.82544
      3.88001    145.11700      5.64213    139.47488
      3.89001     70.14789      3.05327     67.09463
      3.90001     52.32691      2.74143     49.58548
      3.91001     88.35453      4.56181     83.79271
      3.92001    102.05774      4.25751     97.80023
      3.93001    119.89315      4.16787    115.72529
      3.94001    125.93297      5.40788    120.52509
      3.95001     84.84033      4.41648     80.42385
      3.96001     41.18659      2.33372     38.85287
      3.97001     67.02906      3.68307     63.34599
      3.98001    124.35103      5.87656    118.47447
      3.99001    127.60769      4.84948    122.75821
      4.00001     94.55545      3.91070     90.64475
      4.01001     89.41063      5.11050     84.30013
      4.02001     65.89796      4.06605     61.83190
      4.03001     41.84798      2.41801     39.42997
      4.04001     97.78944      4.94262     92.84682
      4.05001    157.61082      8.87937    148.73145
      4.06001    133.16491     31.24223    101.92268
      4.07001    229.60192    158.61717     70.98475
      4.08001    495.84246    382.66826    113.17420
      4.09001    566.69651    455.22767    111.46884
      4.10001    495.64608    398.40746     97.23862
      4.11001    616.78154    448.01336    168.76818
      4.12001    754.40704    547.74396    206.66308
      4.13001    657.39923    527.05495    130.34427
      4.14001    539.73627    451.23545     88.50082
      4.15001    514.83343    401.64843    113.18500
      4.16001    482.69376    369.97613    112.71763
      4.17001    454.99567    345.84721    109.14846
      4.18001    487.41698    329.82348    157.59350
      4.19001    478.39700    315.96576    162.43124
      4.20001    395.93845    299.39704     96.54141
      4.21001    346.03216    285.16937     60.86280
      4.22001    365.83340    276.45605     89.37736
      4.23001    382.69026    267.95559    114.73467
      4.24001    376.34006    257.21613    119.12394
      4.25001    385.89399    249.43814    136.45585
      4.26001    377.38515    243.13408    134.25107
      4.27001    330.43276    234.73213     95.70063
      4.28001    279.44360    225.63856     53.80504
      4.29001    287.55832    219.78666     67.77166
      4.30001    333.50351    218.01830    115.48521
      4.31001    345.63271    210.89659    134.73612
      4.32001    326.71328    205.55110    121.16218
      4.33001    332.52946    198.69152    133.83793
      4.34001    420.97786    198.29762    222.68024
      4.35001    429.47593    191.86516    237.61077
      4.36001    374.05826    188.87715    185.18111
      4.37001    387.39597    184.34220    203.05377
      4.38001    434.03555    184.84154    249.19401
      4.39001    397.50640    178.88864    218.61776
      4.40001    325.48258    172.87187    152.61071
      4.41001    347.59906    174.99713    172.60193
      4.42001    316.24005    164.87253    151.36752
      4.43001    269.63254    170.27775     99.35478
      4.44001    299.21500    156.87812    142.33689
      4.45001    379.29483    169.53566    209.75917
      4.46001    340.56619    156.94426    183.62193
      4.47001    286.78153    156.61228    130.16925
      4.48001    296.87664    157.47783    139.39881
      4.49001    283.66919    147.78713    135.88207
      4.50001    245.92744    154.13090     91.79654
      4.51001    235.40864    144.10227     91.30638
      4.52001    321.86669    147.79690    174.06980
      4.53001    366.70444    151.01984    215.68459
      4.54001    277.53282    141.52239    136.01043
      4.55001    233.20256    140.87102     92.33154
      4.56001    374.33279    151.94461    222.38818
      4.57001    550.94582    160.39444    390.55137
      4.58001    534.93410    159.94369    374.99040
      4.59001    451.45873    159.29221    292.16652
      4.60001    464.25178    147.34420    316.90758
      4.61001    537.23635    150.70014    386.53621
      4.62001    492.48998    156.97687    335.51311
      4.63001    349.63247    133.24996    216.38251
      4.64001    316.96551    137.55544    179.41007
      4.65001    385.34287    151.50577    233.83711
      4.66001    422.29563    129.03900    293.25663
      4.67001    418.55997    136.15836    282.40161
      4.68001    391.51791    148.41467    243.10324
      4.69001    317.74290    117.67803    200.06487
      4.70001    335.43824    128.97065    206.46759
      4.71001    377.91135    150.75005    227.16130
      4.72001    331.75251    114.82123    216.93128
      4.73001    303.64083    116.27749    187.36334
      4.74001    345.39107    149.64493    195.74614
      4.75001    370.09911    120.38402    249.71510
      4.76001    343.90004    106.12878    237.77126
      4.77001    349.11190    145.41844    203.69347
      4.78001    314.55616    126.02542    188.53074
      4.79001    258.74415     91.20145    167.54270
      4.80001    311.74562    132.56742    179.17820
      4.81001    318.26302    142.23693    176.02608
      4.82001    277.16995     91.03574    186.13421
      4.83001    358.84897    109.07424    249.77472
      4.84001    361.16454    150.10418    211.06036
      4.85001    274.33875    108.39837    165.94039
      4.86001    253.69121     81.93176    171.75945
      4.87001    322.75476    135.50178    187.25298
      4.88001    318.52177    138.82088    179.70088
      4.89001    216.66772     78.20774    138.45998
      4.90001    242.06362     94.46579    147.59784
      4.91001    341.97186    149.35098    192.62088
      4.92001    365.98248    116.22543    249.75704
      4.93001    309.64638     72.32560    237.32079
      4.94001    268.70483    115.81873    152.88610
      4.95001    253.15628    145.19257    107.96371
      4.96001    169.57158     83.62618     85.94540
      4.97001    207.42947     68.00146    139.42801
      4.98001    355.11348    135.81885    219.29463
      4.99001    393.46640    142.64375    250.82265
      5.00001    289.82649     72.91261    216.91388
      5.01001    195.47299     69.91458    125.55841
      5.02001    259.29555    138.98778    120.30776
      5.03001    295.70167    131.84645    163.85522
      5.04001    179.13734     60.06416    119.07318
      5.05001    182.38980     71.69568    110.69411
      5.06001    321.01792    144.14783    176.87009
      5.07001    326.71880    125.29618    201.42261
      5.08001    272.48535     58.29945    214.18590
      5.09001    269.18625     74.97216    194.21408
      5.10001    263.93047    142.18746    121.74301
      5.11001    241.13935    123.45838    117.68096
      5.12001    201.62045     53.73831    147.88214
      5.13001    179.84674     62.13834    117.70840
      5.14001    244.26143    136.15419    108.10723
      5.15001    264.87798    131.11491    133.76307
      5.16001    209.71111     57.26435    152.44676
      5.17001    255.72745     56.65262    199.07483
      5.18001    357.69578    131.42936    226.26642
      5.19001    298.23665    141.39517    156.84148
      5.20001    164.59578     63.18842    101.40736
      5.21001    212.17263     43.76832    168.40431
      5.22001    391.10924    116.56267    274.54657
      5.23001    454.68562    161.86048    292.82514
      5.24001    319.57582     91.14755    228.42827
      5.25001    151.50726     34.05320    117.45405
      5.26001    111.09741     71.89674     39.20068
      5.27001    193.71713    143.21664     50.50049
      5.28001    234.08228    113.62463    120.45765
      5.29001    205.82324     44.94119    160.88206
      5.30001    196.47668     51.19585    145.28083
      5.31001    295.34382    128.16803    167.17579
      5.32001    341.66736    143.59629    198.07107
      5.33001    219.07092     64.72661    154.34431
      5.34001    169.71577     33.88182    135.83395
      5.35001    251.23250     91.55272    159.67978
      5.36001    250.81587    149.17909    101.63678
      5.37001    152.06295     96.75299     55.30996
      5.38001    156.00423     34.64023    121.36400
      5.39001    266.43834     55.43068    211.00766
      5.40001    313.96904    131.26588    182.70316
      5.41001    275.38107    138.48014    136.90092
      5.42001    221.22832     63.08542    158.14289
      5.43001    191.56485     34.61303    156.95182
      5.44001    259.47460     90.10243    169.37217
      5.45001    307.56196    149.14413    158.41783
      5.46001    173.92096     99.43173     74.48923
      5.47001     88.36764     36.17101     52.19664
      5.48001    164.93750     57.16795    107.76956
      5.49001    292.67804    123.80166    168.87638
      5.50001    343.55081    132.96978    210.58103
      5.51001    299.01559     80.23115    218.78444
      5.52001    260.77855     69.67989    191.09866
      5.53001    237.14903     93.81786    143.33116
      5.54001    193.27641    102.66766     90.60875
      5.55001    192.56997    120.22302     72.34696
      5.56001    277.58427    119.59794    157.98633
      5.57001    308.52488     84.03331    224.49157
      5.58001    228.56873     84.63408    143.93465
      5.59001    240.85449    136.99900    103.85550
      5.60001    319.93717    127.63971    192.29746
      5.61001    300.83769     85.32656    215.51113
      5.62001    193.84768     85.70166    108.14602
      5.63001    135.38447     77.99914     57.38532
      5.64001    200.99957     85.91392    115.08565
      5.65001    298.74048    108.97647    189.76401
      5.66001    295.81075    107.48068    188.33008
      5.67001    232.66363     81.63913    151.02450
      5.68001    300.73348    121.24504    179.48844
      5.69001    521.49291    330.18970    191.30321
      5.70001    662.06028    494.12758    167.93270
      5.71001    516.80292    383.24543    133.55749
      5.72001    346.91640    231.11193    115.80447
      5.73001    379.50428    195.87639    183.62789
      5.74001    470.75639    210.01948    260.73691
      5.75001    483.80483    215.18609    268.61874
      5.76001    344.10706    158.62364    185.48341
      5.77001    251.38923    122.42712    128.96211
      5.78001    367.21784    194.00335    173.21449
      5.79001    421.36196    230.65405    190.70792
      5.80001    327.05297    162.89484    164.15813
      5.81001    280.43396     99.15116    181.28280
      5.82001    379.03849    121.61233    257.42616
      5.83001    467.90758    184.05773    283.84985
      5.84001    426.15807    203.02567    223.13241
      5.85001    401.41476    238.96070    162.45406
      5.86001    408.99870    215.69948    193.29923
      5.87001    500.85403    216.58030    284.27373
      5.88001    611.53200    248.85471    362.67729
      5.89001    521.85831    212.55849    309.29982
      5.90001    417.79500    188.16184    229.63316
      5.91001    364.10010    151.41738    212.68272
      5.92001    283.76675    134.02111    149.74564
      5.93001    175.04591    113.42868     61.61724
      5.94001     74.88871     59.85958     15.02913
      5.95001     18.14266     15.66160      2.48106
      5.96001     21.06683     17.29893      3.76790
      5.97001    121.66602     93.71691     27.94911
      5.98001    303.68605    212.03379     91.65226
      5.99001    355.64592    207.68046    147.96546
      6.00001    325.09100    164.85503    160.23597
      6.01001    299.90706    156.24905    143.65800
      6.02001    195.71491     83.80635    111.90857
      6.03001    112.29383     23.39983     88.89399
      6.04001     52.76153      5.76045     47.00108
      6.05001     11.94379      1.28554     10.65825
      6.06001      8.25928      4.22281      4.03648
      6.07001     62.50586     31.59589     30.90996
      6.08001    216.84540    101.44963    115.39578
      6.09001    322.02336    157.35405    164.66931
      6.10001    251.62178    157.43035     94.19143
      6.11001    191.03379    159.57878     31.45500
      6.12001    193.63828    172.44691     21.19138
      6.13001    154.53234    116.32926     38.20309
      6.14001    166.26192     68.58189     97.68003
      6.15001    290.66552    141.70218    148.96334
      6.16001    373.03774    243.94826    129.08948
      6.17001    368.07689    257.67939    110.39750
      6.18001    294.91083    187.52165    107.38918
      6.19001    222.96363    154.27831     68.68532
      6.20001    283.53069    234.75922     48.77146
      6.21001    272.26135    228.27881     43.98254
      6.22001    143.81736    100.31792     43.49943
      6.23001    122.79724     44.62723     78.17001
      6.24001    214.05445    101.54796    112.50649
      6.25001    322.10375    188.59316    133.51058
      6.26001    378.51509    240.52443    137.99067
      6.27001    349.34272    222.75845    126.58427
      6.28001    210.43243    130.93122     79.50121
      6.29001    163.01265    109.59668     53.41596
      6.30001    204.50775    124.88751     79.62025
      6.31001    185.68286    101.34674     84.33611
      6.32001    146.20418     99.95162     46.25257
      6.33001    148.47407    116.84897     31.62510
      6.34001    165.68030    105.88058     59.79972
      6.35001    276.99880    125.54916    151.44964
      6.36001    422.36405    184.82591    237.53814
      6.37001    396.78052    211.52163    185.25889
      6.38001    275.34016    194.93240     80.40776
      6.39001    169.32365    139.89214     29.43151
      6.40001    137.15756    104.47820     32.67936
      6.41001    182.23180    109.53342     72.69838
      6.42001    226.23245    139.31742     86.91503
      6.43001    197.69756    145.59188     52.10569
      6.44001    133.92451     98.71332     35.21120
      6.45001    157.19531     89.81327     67.38204
      6.46001    179.45636     91.67146     87.78490
      6.47001    207.01793    118.19318     88.82474
      6.48001    283.58276    161.53483    122.04884
      6.49001    273.97509    138.50540    135.51830
      6.50001    203.45982     93.94946    110.50976
      6.51001    245.35290    185.05752     68.37480
      6.52001    465.36916    442.16491     50.23361
      6.53001    534.37439    532.57820     43.13026
      6.54001    418.77550    402.59855     53.28304
      6.55001    477.68236    437.54015     80.93966
      6.56001    701.84712    692.80612     72.93719
      6.57001    826.36086    816.66603     83.39622
      6.58001    858.07519    804.18565    117.25036
      6.59001    815.82732    749.38389    119.48093
      6.60001    615.99563    567.06528     95.83356
      6.61001    386.30066    379.16260     45.90581
      6.62001    325.64740    327.88052     31.82699
      6.63001    450.50706    402.63473     84.97892
      6.64001    541.36454    447.13629    131.97383
      6.65001    481.01352    421.09199     94.89790
      6.66001    387.04713    386.92825     33.21548
      6.67001    384.97898    398.55390     20.80578
      6.68001    393.74843    371.14090     55.69228
      6.69001    382.47258    328.59954     81.18024
      6.70001    354.74001    331.19659     48.48591
      6.71001    352.75505    360.18368     20.41564
      6.72001    379.33011    359.44957     49.65990
      6.73001    438.22282    333.05700    133.98832
      6.74001    548.24109    374.40452    200.60509
      6.75001    536.82936    381.11496    176.85587
      6.76001    408.21811    339.03693     89.91193
      6.77001    345.14768    335.74514     35.37327
      6.78001    309.12726    318.50057     18.04139
      6.79001    285.71619    299.61199     11.51558
      6.80001    310.68572    308.95165     26.27676
      6.81001    384.74053    325.59457     82.31476
      6.82001    447.68204    323.68121    141.64066
      6.83001    426.57901    306.68793    138.66387
      6.84001    320.53688    253.06103     89.41606
      6.85001    233.76249    208.02863     46.78317
      6.86001    290.51748    248.52562     64.79322
      6.87001    317.76757    259.37162     78.49835
      6.88001    265.47607    249.19733     37.82782
      6.89001    204.28719    215.48889      8.79685
      6.90001    203.91574    213.95395      6.93741
      6.91001    252.76159    253.68096     19.07939
      6.92001    320.82670    262.04760     77.65107
      6.93001    464.45655    289.67962    190.51735
      6.94001    472.60268    264.07451    218.68645
      6.95001    273.05699    148.85985    127.93232
      6.96001    228.24582    144.86735     88.96670
      6.97001    379.22588    311.15053     85.17536
      6.98001    455.88698    438.91748     42.84705
      6.99001    374.53892    383.57562     13.39009
      7.00001    261.53112    265.72507     13.83732
      7.01001    290.89901    252.28114     58.29675
      7.02001    388.77528    270.79847    134.29409
      7.03001    378.74570    245.31053    141.85791
      7.04001    279.72702    220.45229     70.02262
      7.05001    212.12024    215.12047     16.67558
      7.06001    136.80141    139.72203     11.92605
      7.07001     94.41543     53.60189     45.58113
      7.08001    170.11706     94.12015     81.02790
      7.09001    340.55521    266.12570     88.25457
      7.10001    485.96859    392.95443    114.96220
      7.11001    480.56717    370.50205    135.93313
      7.12001    374.01670    259.40026    133.30232
      7.13001    292.74612    177.81917    123.96371
      7.14001    325.05302    235.67348    104.46432
      7.15001    348.92384    292.32789     79.09166
      7.16001    233.26226    207.26898     39.07954
      7.17001    167.47812    127.39189     44.99792
      7.18001    272.27134    178.81155    103.14864
      7.19001    348.50133    243.80051    122.35940
      7.20001    261.78675    208.40402     68.75073
      7.21001    177.23684    140.57284     42.90652
      7.22001    159.78315     83.56215     77.30886
      7.23001    184.38224     73.72911    110.76286
      7.24001    242.68615    117.39359    125.97943
      7.25001    314.82470    198.23864    121.70885
      7.26001    410.04630    302.44860    123.01022
      7.27001    459.84102    342.87708    137.98030
      7.28001    411.56008    303.14614    124.39730
      7.29001    321.11563    257.94049     75.90993
      7.30001    393.86824    331.97781     80.10560
      7.31001    609.08035    457.57117    171.35239
      7.32001    691.85410    467.31908    236.95921
      7.33001    541.74877    350.57297    198.86629
      7.34001    427.05403    251.81486    187.23725
      7.35001    434.09410    246.26626    203.75795
      7.36001    350.75094    227.52674    137.46496
      7.37001    218.69898    141.55958     84.74300
      7.38001    163.68983     79.92709     86.84608
      7.39001    222.33526    139.65199     88.91298
      7.40001    358.69284    290.40393     79.60430
      7.41001    435.43453    351.17611     96.65071
      7.42001    375.26317    257.88065    127.72843
      7.43001    300.96157    149.66047    155.89463
      7.44001    296.92483    119.29407    178.44762
      7.45001    226.28573     81.13987    145.20240
      7.46001    156.28480     68.02976     88.32910
      7.47001    231.63463    158.35893     74.12189
      7.48001    395.65804    304.42044     95.03057
      7.49001    450.75839    361.94206     96.08075
      7.50001    312.29427    262.24628     57.75144
      7.51001    190.76251    133.58231     62.45426
      7.52001    207.77472     81.70946    127.89832
      7.53001    317.37612    138.01048    179.62898
      7.54001    427.31558    230.49926    196.94178
      7.55001    401.94239    243.42313    159.55452
      7.56001    298.70377    223.69873     79.81614
      7.57001    337.28400    310.81248     40.89099
      7.58001    476.47664    427.72706     72.91943
      7.59001    438.48609    337.06053    120.36666
      7.60001    390.15303    219.34572    182.28091
      7.61001    469.46731    219.95377    261.97437
      7.62001    505.14594    246.18456    274.23740
      7.63001    429.02809    250.91789    192.09623
      7.64001    299.84344    222.40872     88.79494
      7.65001    205.41142    178.91371     34.34821
      7.66001    175.79154    157.95897     25.51308
      7.67001    220.85528    172.57259     61.10692
      7.68001    272.20553    188.03951     96.12981
      7.69001    269.32564    185.76728     93.60539
      7.70001    204.98099    139.95242     74.06532
      7.71001    217.98465    108.82434    114.48353
      7.72001    295.36368    148.01711    155.16189
      7.73001    254.59896    168.15247     98.95750
      7.74001    212.25137    155.36487     65.28808
      7.75001    226.67549    169.44570     62.34604
      7.76001    235.01788    201.97174     41.21858
      7.77001    199.68183    165.91299     41.00526
      7.78001    121.13762     78.47074     45.06823
      7.79001     50.02487     25.33893     25.00936
      7.80001     55.33288     28.64041     27.25137
      7.81001    167.11904    102.56030     68.19235
      7.82001    268.93507    183.28063     94.75735
      7.83001    296.91531    197.26684    109.69338
      7.84001    319.82432    216.64872    112.09408
      7.85001    266.27875    185.13518     88.40690
      7.86001    186.33012    108.26773     80.89614
      7.87001    154.94707     97.97584     57.39261
      7.88001    131.51055    102.10768     29.42601
      7.89001    111.63220     83.47905     28.15362
      7.90001    103.77594     52.01559     51.76048
      7.91001    131.22162     57.71763     73.51214
      7.92001    130.08867     83.40834     46.86399
      7.93001     87.15554     75.67470     13.00267
      7.94001     88.41190     90.16595      2.88532
      7.95001    132.08942    127.46751      9.84396
      7.96001    220.61473    183.83244     39.32712
      7.97001    390.20763    297.36357     96.18140
      7.98001    541.91637    402.02757    148.44374
      7.99001    489.61958    340.95703    157.76027
      8.00001    369.50667    239.19405    134.18677
      8.01001    283.72645    217.23944     67.78406
      8.02001    190.13571    172.32255     18.81192
      8.03001     97.44554     92.62242      7.04083
      8.04001    111.03250     95.43667     22.15099
      8.05001    204.34044    153.60828     59.71772
      8.06001    244.44155    188.22512     62.58610
      8.07001    166.11256    142.76819     26.16037
      8.08001     60.30078     54.81305      6.13896
      8.09001     45.46387     37.31370      8.21260
      8.10001    101.19955     82.34305     18.85876
      8.11001    160.00210    133.86876     26.13341
      8.12001    184.01081    150.01898     33.99540
      8.13001    162.07830    108.59128     53.58806
      8.14001    200.65280    107.24494     94.45851
      8.15001    289.06310    180.60379    112.48451
      8.16001    384.50094    286.74373    103.51212
      8.17001    370.29458    304.95205     68.77331
      8.18001    256.58219    212.64634     45.41131
      8.19001    221.90237    130.27642     92.28132
      8.20001    262.84727    104.96483    158.10423
      8.21001    287.99144    111.65494    177.33999
      8.22001    372.07686    185.95497    191.32936
      8.23001    418.63826    261.67734    167.44465
      8.24001    267.62866    196.38572     82.05029
      8.25001    195.10888    160.42795     46.85337
      8.26001    293.34877    223.51662     80.54197
      8.27001    381.42493    281.17892    104.21900
      8.28001    355.86644    268.38421     88.24733
      8.29001    285.90635    217.23623     69.95294
      8.30001    234.70073    186.71270     50.65433
      8.31001    213.85040    178.17868     37.84338
      8.32001    195.44968    163.68982     32.53775
      8.33001    159.15399    131.40425     28.05061
      8.34001    165.06797    119.74268     46.97060
      8.35001    171.34122    126.20543     52.08426
