Energy-E_F (eV)    DOS (1/eV)    PDOS (1/eV)  of atom type H  C  
     -6.84000    203.34430     10.13389    193.21041
     -6.83000    293.86087     22.76114    271.09973
     -6.82000    227.21905     22.16478    205.05427
     -6.81000    123.93392      9.46575    114.46817
     -6.80000     89.43971      2.83350     86.60621
     -6.79000     62.76526      1.29461     61.47066
     -6.78000     89.28279      1.66576     87.61703
     -6.77000    138.77787      2.85787    135.91999
     -6.76000    164.24080      7.99892    156.24188
     -6.75000    238.23860     24.49689    213.74171
     -6.74000    300.86767     38.41385    262.45381
     -6.73000    213.01300     27.48544    185.52756
     -6.72000    120.75865      9.60617    111.15248
     -6.71000     96.64985      4.33929     92.31056
     -6.70000    123.95927     10.18233    113.77694
     -6.69000    216.78875     18.31067    198.47809
     -6.68000    196.63652     13.47161    183.16491
     -6.67000     97.15895      6.81037     90.34857
     -6.66000    136.62969     15.58198    121.04770
     -6.65000    237.67481     27.66457    210.01024
     -6.64000    168.37091     18.65934    149.71157
     -6.63000     76.30468      5.17971     71.12497
     -6.62000    122.78694      2.39202    120.39492
     -6.61000    160.37112      3.70838    156.66274
     -6.60000    118.43062      9.60367    108.82695
     -6.59000    150.91794     22.84848    128.06946
     -6.58000    224.18051     30.41700    193.76351
     -6.57000    212.29373     25.98256    186.31116
     -6.56000    141.41114     15.19731    126.21383
     -6.55000    116.84042      6.23070    110.60972
     -6.54000    153.49667      3.20303    150.29365
     -6.53000    130.70301      3.76544    126.93757
     -6.52000    115.34341     13.98040    101.36301
     -6.51000    211.08942     33.85721    177.23221
     -6.50000    221.14519     32.21147    188.93372
     -6.49000    128.90904     15.42993    113.47911
     -6.48000    112.98937     10.24791    102.74146
     -6.47000    143.13000      7.41031    135.71969
     -6.46000    174.88583      5.91055    168.97528
     -6.45000    174.91552     14.46448    160.45104
     -6.44000    194.43770     29.45240    164.98530
     -6.43000    188.28690     26.06446    162.22243
     -6.42000    158.06709     16.09629    141.97080
     -6.41000    204.14088     28.71686    175.42401
     -6.40000    273.17185     43.09425    230.07761
     -6.39000    271.77566     35.07022    236.70544
     -6.38000    276.85857     24.36962    252.48895
     -6.37000    214.71181     17.07863    197.63318
     -6.36000    123.30047     12.24824    111.05223
     -6.35000     74.69187      6.19362     68.49825
     -6.34000     93.66797      4.84873     88.81924
     -6.33000    120.25028     11.33246    108.91782
     -6.32000    107.82194     15.60935     92.21260
     -6.31000     90.90383      9.11552     81.78832
     -6.30000    140.78527      4.20262    136.58265
     -6.29000    172.77273      6.71489    166.05784
     -6.28000    138.78827     13.30245    125.48582
     -6.27000    121.62268     18.35223    103.27045
     -6.26000    201.27113     30.67123    170.59990
     -6.25000    322.51254     44.53919    277.97336
     -6.24000    297.91447     41.09673    256.81775
     -6.23000    259.03387     41.21529    217.81858
     -6.22000    260.71345     38.97551    221.73794
     -6.21000    222.55623     25.84665    196.70957
     -6.20000    164.34725     13.48186    150.86539
     -6.19000    156.46523     16.28624    140.17899
     -6.18000    170.14389     22.45870    147.68518
     -6.17000    117.80118     14.58619    103.21499
     -6.16000    100.27598      9.79537     90.48062
     -6.15000    161.46908     18.26997    143.19911
     -6.14000    172.03351     19.35958    152.67394
     -6.13000    135.90060     10.23172    125.66888
     -6.12000    144.98818     12.72229    132.26589
     -6.11000    219.78434     22.99390    196.79045
     -6.10000    193.01985     17.79255    175.22730
     -6.09000     73.69063      5.35498     68.33564
     -6.08000     13.12367      0.68976     12.43391
     -6.07000     20.36410      1.00325     19.36086
     -6.06000    112.08098      7.37870    104.70228
     -6.05000    276.65060     23.91283    252.73778
     -6.04000    315.49183     35.18903    280.30279
     -6.03000    192.76644     26.84545    165.92099
     -6.02000     88.45664     12.71978     75.73686
     -6.01000    117.05211     10.67478    106.37733
     -6.00000    246.24830     18.33950    227.90881
     -5.99000    305.18791     19.50855    285.67936
     -5.98000    224.20333     12.37970    211.82363
     -5.97000     97.66891      5.34240     92.32651
     -5.96000     91.64835      9.12851     82.51984
     -5.95000    202.57797     25.05443    177.52354
     -5.94000    244.82962     34.72390    210.10572
     -5.93000    172.17568     25.04351    147.13218
     -5.92000     78.97713     10.30799     68.66914
     -5.91000     61.41580      8.26597     53.14983
     -5.90000    173.55682     25.62990    147.92692
     -5.89000    268.96156     40.71957    228.24200
     -5.88000    238.88840     34.77482    204.11357
     -5.87000    208.09239     29.51572    178.57666
     -5.86000    170.58507     24.17166    146.41342
     -5.85000    128.48767     13.60161    114.88606
     -5.84000    141.15013      9.17592    131.97421
     -5.83000    151.38047     13.20808    138.17239
     -5.82000    135.16074     20.95980    114.20093
     -5.81000    166.38271     29.78347    136.59924
     -5.80000    244.64147     31.22568    213.41578
     -5.79000    320.36188     30.11398    290.24790
     -5.78000    272.98661     24.03807    248.94853
     -5.77000    111.95021      9.86303    102.08717
     -5.76000     28.09904      2.61146     25.48758
     -5.75000     52.48362      5.31640     47.16722
     -5.74000    128.17695     13.12573    115.05122
     -5.73000    200.44829     22.10707    178.34121
     -5.72000    224.77945     24.26451    200.51494
     -5.71000    194.60648     16.73265    177.87383
     -5.70000    139.15061     12.46137    126.68923
     -5.69000    106.08758     15.76922     90.31836
     -5.68000    167.43324     25.81995    141.61328
     -5.67000    219.72094     25.23289    194.48805
     -5.66000    177.03208     19.22165    157.81044
     -5.65000    197.97166     28.03254    169.93912
     -5.64000    259.86381     33.49194    226.37187
     -5.63000    251.08698     22.80166    228.28532
     -5.62000    299.43649     23.77737    275.65912
     -5.61000    353.55925     32.23852    321.32073
     -5.60000    290.67083     31.09907    259.57176
     -5.59000    344.24084     44.27334    299.96750
     -5.58000    574.93910     75.19502    499.74408
     -5.57000    722.02647     91.72111    630.30536
     -5.56000    702.59558     90.56183    612.03375
     -5.55000    638.69295     77.35293    561.34002
     -5.54000    575.95549     61.86444    514.09105
     -5.53000    535.05244     59.46179    475.59065
     -5.52000    501.24327     55.17479    446.06848
     -5.51000    455.43628     46.54585    408.89042
     -5.50000    450.95289     44.38230    406.57058
     -5.49000    526.91378     56.68677    470.22702
     -5.48000    476.49785     58.94966    417.54819
     -5.47000    299.49203     46.29714    253.19489
     -5.46000    267.25209     47.17362    220.07847
     -5.45000    267.88700     39.12826    228.75874
     -5.44000    204.72518     22.81032    181.91486
     -5.43000    166.94545     18.77858    148.16687
     -5.42000    136.16417     23.35693    112.80724
     -5.41000     83.90057     19.58212     64.31845
     -5.40000     95.54177     25.13796     70.40381
     -5.39000    182.77529     46.12503    136.65026
     -5.38000    257.70079     52.53026    205.17053
     -5.37000    303.30141     40.18638    263.11503
     -5.36000    316.54822     38.15224    278.39598
     -5.35000    253.14730     37.58763    215.55966
     -5.34000    137.78159     21.66582    116.11577
     -5.33000     48.28957      6.70318     41.58639
     -5.32000     36.31808      1.54566     34.77243
     -5.31000     74.10320      1.52176     72.58144
     -5.30000     70.95206      1.43657     69.51549
     -5.29000     55.65301      1.73859     53.91442
     -5.28000    111.48068      6.43944    105.04123
     -5.27000    149.84746     12.37005    137.47741
     -5.26000    103.74062      9.44512     94.29550
     -5.25000     83.10422      3.75207     79.35215
     -5.24000     77.74967      1.76654     75.98313
     -5.23000     33.83663      0.71026     33.12636
     -5.22000     10.29414      0.71588      9.57826
     -5.21000     37.14664      4.19905     32.94759
     -5.20000    126.68096     11.83977    114.84119
     -5.19000    235.96049     17.42232    218.53817
     -5.18000    245.71752     16.97566    228.74185
     -5.17000    122.31778      9.05699    113.26079
     -5.16000     25.31133      2.02746     23.28388
     -5.15000      2.33346      0.17856      2.15490
     -5.14000      5.20404      0.10859      5.09545
     -5.13000     32.97830      0.67311     32.30519
     -5.12000     85.55019      2.07604     83.47415
     -5.11000    135.28094      6.40789    128.87306
     -5.10000    214.89525     17.98192    196.91333
     -5.09000    215.94074     22.91087    193.02988
     -5.08000     95.24044     11.25190     83.98853
     -5.07000     35.10989      2.44916     32.66073
     -5.06000     64.09578      1.41008     62.68571
     -5.05000     75.99894      1.53154     74.46740
     -5.04000     34.39035      0.69367     33.69667
     -5.03000     16.12731      0.45501     15.67230
     -5.02000     61.53402      2.89215     58.64187
     -5.01000    149.17139      9.63154    139.53985
     -5.00000    179.18267     12.83072    166.35195
     -4.99000    130.60423      7.23247    123.37175
     -4.98000     56.27545      1.96972     54.30573
     -4.97000     11.26590      0.28289     10.98301
     -4.96000      1.35379      0.02868      1.32511
     -4.95000      7.70956      0.16029      7.54927
     -4.94000     51.43039      1.23223     50.19816
     -4.93000    148.65933      5.07921    143.58012
     -4.92000    203.72825     11.37076    192.35749
     -4.91000    138.03983     11.64451    126.39532
     -4.90000     44.07269      4.77321     39.29948
     -4.89000     11.22727      0.84776     10.37951
     -4.88000     33.39247      0.72364     32.66884
     -4.87000     76.51081      1.62737     74.88343
     -4.86000     75.82140      2.25081     73.57059
     -4.85000     87.30558      5.22477     82.08081
     -4.84000    167.84915     11.36438    156.48477
     -4.83000    204.43179     15.36954    189.06225
     -4.82000    159.19220     12.39486    146.79734
     -4.81000    112.61539      5.59462    107.02077
     -4.80000     60.81016      1.71003     59.10014
     -4.79000     15.35312      0.34160     15.01152
     -4.78000      4.27917      0.08819      4.19098
     -4.77000     26.32082      0.54181     25.77902
     -4.76000    101.32623      2.42119     98.90505
     -4.75000    179.99206      6.85716    173.13490
     -4.74000    172.02041     12.02584    159.99457
     -4.73000    103.55807     10.34694     93.21113
     -4.72000    103.30955      7.29072     96.01883
     -4.71000    244.82795     11.03062    233.79733
     -4.70000    424.57303     14.72160    409.85143
     -4.69000    500.91279     14.83259    486.08020
     -4.68000    463.32927     12.51972    450.80955
     -4.67000    447.35428     11.86314    435.49114
     -4.66000    425.12163     15.20283    409.91880
     -4.65000    362.32190     18.72364    343.59826
     -4.64000    276.46307     14.25767    262.20540
     -4.63000    211.30452      7.68960    203.61492
     -4.62000    160.97507      4.67878    156.29629
     -4.61000    131.67696      3.70997    127.96699
     -4.60000    153.42434      4.87875    148.54559
     -4.59000    230.36518      9.10422    221.26096
     -4.58000    273.75560     12.12446    261.63115
     -4.57000    260.67676     14.05194    246.62481
     -4.56000    261.84955     16.28223    245.56731
     -4.55000    200.28259     10.76798    189.51461
     -4.54000    109.06562      4.13813    104.92750
     -4.53000     91.28392      2.60616     88.67775
     -4.52000     82.67981      2.13970     80.54010
     -4.51000     96.12675      2.12591     94.00083
     -4.50000    151.95231      3.69961    148.25270
     -4.49000    195.96357      7.05387    188.90970
     -4.48000    221.70552     13.57497    208.13055
     -4.47000    246.16603     18.05240    228.11363
     -4.46000    231.89143     13.80162    218.08981
     -4.45000    159.95740      6.53499    153.42241
     -4.44000     94.41781      2.72571     91.69210
     -4.43000     82.00146      2.19305     79.80841
     -4.42000     82.19404      2.23117     79.96287
     -4.41000     69.23184      2.20515     67.02668
     -4.40000    140.55104      6.70809    133.84295
     -4.39000    248.91670     14.40641    234.51029
     -4.38000    233.97944     13.26146    220.71798
     -4.37000    121.77424      5.62647    116.14777
     -4.36000     82.72773      3.55576     79.17197
     -4.35000    146.16706      7.07701    139.09005
     -4.34000    139.32511      7.05975    132.26536
     -4.33000     69.91569      3.12906     66.78662
     -4.32000     98.67748      3.58647     95.09102
     -4.31000    216.10583     10.59276    205.51307
     -4.30000    301.38716     16.06067    285.32649
     -4.29000    241.30203     10.54848    230.75355
     -4.28000    125.53677      3.65672    121.88005
     -4.27000    112.25387      2.53740    109.71647
     -4.26000    152.75645      3.26099    149.49546
     -4.25000    119.99914      2.84157    117.15757
     -4.24000    119.42750      5.07053    114.35698
     -4.23000    225.89899     11.72531    214.17368
     -4.22000    332.75162     17.87068    314.88093
     -4.21000    329.19907     15.73508    313.46399
     -4.20000    170.23640      6.60980    163.62660
     -4.19000     57.04187      1.70168     55.34019
     -4.18000     70.40746      1.80644     68.60102
     -4.17000    100.04573      2.37248     97.67325
     -4.16000    109.96865      2.29276    107.67589
     -4.15000    134.96943      4.09673    130.87269
     -4.14000    198.34342     10.70704    187.63638
     -4.13000    266.32523     16.90032    249.42491
     -4.12000    259.46953     14.43162    245.03791
     -4.11000    189.25364      7.81919    181.43444
     -4.10000    136.54764      3.54802    132.99962
     -4.09000    138.29246      2.89478    135.39768
     -4.08000    117.21510      2.73062    114.48448
     -4.07000     74.64298      2.61184     72.03114
     -4.06000    113.42591      7.08372    106.34220
     -4.05000    198.53266     13.44927    185.08339
     -4.04000    208.82324     11.25002    197.57322
     -4.03000    177.56749      5.93121    171.63629
     -4.02000    167.26682      5.65575    161.61107
     -4.01000    183.84502      7.33635    176.50866
     -4.00000    157.67564      5.57999    152.09564
     -3.99000    164.86138      4.85330    160.00809
     -3.98000    186.29316      8.00875    178.28441
     -3.97000    180.46933     12.53784    167.93150
     -3.96000    181.77672     11.16172    170.61500
     -3.95000    164.65417      5.81982    158.83435
     -3.94000    145.63741      3.50278    142.13463
     -3.93000    109.12899      2.60530    106.52369
     -3.92000     71.08864      2.76629     68.32235
     -3.91000     90.47877      5.46676     85.01201
     -3.90000    134.88026      9.04800    125.83226
     -3.89000    174.42913     12.93177    161.49736
     -3.88000    130.02537     10.39856    119.62682
     -3.87000     39.70785      3.36665     36.34120
     -3.86000      4.56501      0.40723      4.15778
     -3.85000      0.38736      0.02255      0.36481
     -3.84000      4.13421      0.12006      4.01415
     -3.83000     35.51753      1.44173     34.07580
     -3.82000    130.87443      7.49467    123.37976
     -3.81000    216.56997     15.98035    200.58962
     -3.80000    158.46977     13.34144    145.12834
     -3.79000     49.54412      4.26516     45.27896
     -3.78000     22.34251      0.82125     21.52126
     -3.77000     82.03663      1.57412     80.46251
     -3.76000    170.31222      3.28809    167.02413
     -3.75000    204.03407      4.94027    199.09380
     -3.74000    249.36545     10.12872    239.23673
     -3.73000    274.97365     14.94285    260.03080
     -3.72000    201.85043     11.44549    190.40494
     -3.71000    141.36959      7.26974    134.09985
     -3.70000    149.84598      5.33756    144.50842
     -3.69000    177.36860      4.11765    173.25095
     -3.68000    146.18197      3.16129    143.02068
     -3.67000    138.97605      5.09837    133.87768
     -3.66000    184.77608     11.31014    173.46594
     -3.65000    181.97852     12.37923    169.59929
     -3.64000    126.04846      6.25577    119.79269
     -3.63000    121.76860      3.92370    117.84490
     -3.62000    134.11600      5.34209    128.77391
     -3.61000    142.02274      5.47677    136.54598
     -3.60000    187.54899      5.77802    181.77097
     -3.59000    238.26626     10.27922    227.98705
     -3.58000    210.60284     13.43193    197.17091
     -3.57000     99.36756      7.69756     91.67000
     -3.56000     34.82096      2.01706     32.80390
     -3.55000     77.55386      1.90704     75.64682
     -3.54000    177.48115      4.85046    172.63069
     -3.53000    235.18612      8.12603    227.06010
     -3.52000    224.44256     10.96522    213.47734
     -3.51000    191.29279     13.47743    177.81536
     -3.50000    148.56611      9.96443    138.60168
     -3.49000     97.46479      3.96001     93.50478
     -3.48000     62.34358      1.45507     60.88850
     -3.47000     81.59361      1.66720     79.92641
     -3.46000    104.85494      3.36394    101.49100
     -3.45000    191.57524     10.15828    181.41696
     -3.44000    310.17079     17.76475    292.40604
     -3.43000    254.94661     13.15522    241.79139
     -3.42000    141.80590      4.96843    136.83748
     -3.41000     67.11105      1.56169     65.54936
     -3.40000     23.20086      0.58250     22.61836
     -3.39000     50.42458      2.33618     48.08840
     -3.38000    174.14762      9.65354    164.49408
     -3.37000    321.35284     17.54896    303.80387
     -3.36000    300.84283     14.02309    286.81974
     -3.35000    132.23481      5.04344    127.19137
     -3.34000     58.00713      1.53412     56.47301
     -3.33000     81.70886      2.10179     79.60707
     -3.32000     86.89903      4.49895     82.40008
     -3.31000    119.60207     10.40203    109.20004
     -3.30000    210.31141     13.58976    196.72166
     -3.29000    255.26643     10.56698    244.69945
     -3.28000    182.51254      5.97596    176.53659
     -3.27000    123.72604      3.25806    120.46798
     -3.26000    142.09785      4.45632    137.64153
     -3.25000    161.75660      9.40779    152.34881
     -3.24000    136.30962     12.17101    124.13861
     -3.23000    113.25904      8.27252    104.98652
     -3.22000    196.41963      7.08365    189.33598
     -3.21000    233.81863      6.87702    226.94161
     -3.20000    155.74195      4.98727    150.75468
     -3.19000    151.10409      8.54518    142.55890
     -3.18000    174.83471     12.86414    161.97057
     -3.17000    148.78450      9.13373    139.65077
     -3.16000    111.80546      4.73206    107.07340
     -3.15000    124.50653      4.89589    119.61064
     -3.14000    181.61574      6.71035    174.90540
     -3.13000    229.00534     11.15250    217.85285
     -3.12000    200.80361     13.33236    187.47126
     -3.11000    183.69904      9.02895    174.67009
     -3.10000    200.68047      6.04775    194.63271
     -3.09000    195.91976      6.61336    189.30640
     -3.08000    195.50506      9.24041    186.26464
     -3.07000    180.64155     12.72647    167.91508
     -3.06000    174.39253     11.76461    162.62793
     -3.05000    195.91897      7.50090    188.41808
     -3.04000    326.54948      9.29603    317.25345
     -3.03000    374.51896     12.43201    362.08695
     -3.02000    236.28098     13.37895    222.90203
     -3.01000    119.30427     12.22230    107.08198
     -3.00000     55.92485      6.01852     49.90632
     -2.99000     69.22809      2.67114     66.55694
     -2.98000    148.53346      5.59790    142.93556
     -2.97000    181.51856     11.38570    170.13286
     -2.96000    132.52273     12.89660    119.62612
     -2.95000     55.71636      6.64364     49.07272
     -2.94000     27.90504      2.20507     25.69997
     -2.93000     91.72314      5.03966     86.68348
     -2.92000    216.21986     12.63977    203.58010
     -2.91000    257.60710     14.44374    243.16336
     -2.90000    163.24620      7.42082    155.82537
     -2.89000     82.25536      3.51410     78.74126
     -2.88000    112.29341      7.78259    104.51082
     -2.87000    145.72093     13.30612    132.41481
     -2.86000     90.30663      9.76256     80.54407
     -2.85000     49.70686      4.03749     45.66937
     -2.84000    120.31922      6.53732    113.78189
     -2.83000    230.91605     13.70811    217.20794
     -2.82000    231.70557     13.27614    218.42943
     -2.81000    165.63648      6.93114    158.70535
     -2.80000    142.86263      7.02453    135.83810
     -2.79000    145.83512     12.08895    133.74616
     -2.78000    113.70992     11.64031    102.06960
     -2.77000    103.51574      7.25372     96.26202
     -2.76000    166.43557      9.15634    157.27924
     -2.75000    215.11416     13.99689    201.11727
     -2.74000    202.40525     12.41283    189.99242
     -2.73000    201.09737      9.04235    192.05502
     -2.72000    200.52038     11.72869    188.79170
     -2.71000    184.37115     14.06967    170.30148
     -2.70000    144.30997     10.19566    134.11431
     -2.69000    169.27107     11.58935    157.68172
     -2.68000    252.13942     16.14994    235.98949
     -2.67000    247.83203     13.68921    234.14281
     -2.66000    250.44804     14.61425    235.83378
     -2.65000    320.79136     18.22354    302.56782
     -2.64000    331.71794     16.91458    314.80336
     -2.63000    258.48436     16.63047    241.85389
     -2.62000    159.25848     14.00850    145.24998
     -2.61000    139.03598     12.49443    126.54155
     -2.60000    175.64219     14.39970    161.24249
     -2.59000    152.16904     13.96743    138.20161
     -2.58000    151.10929     15.01140    136.09789
     -2.57000    189.77113     16.24159    173.52955
     -2.56000    190.88988     17.98238    172.90750
     -2.55000    170.17100     20.27901    149.89198
     -2.54000    208.52732     24.92956    183.59777
     -2.53000    276.16821     29.14627    247.02194
     -2.52000    242.11399     24.29139    217.82260
     -2.51000    132.35889     11.34662    121.01227
     -2.50000     93.55228      3.09224     90.46004
     -2.49000     68.29652      0.92270     67.37382
     -2.48000     31.93115      0.38915     31.54200
     -2.47000     70.40273      1.02847     69.37426
     -2.46000    199.56804      2.98000    196.58804
     -2.45000    278.44295      4.11778    274.32517
     -2.44000    188.03067      2.70580    185.32487
     -2.43000     91.20005      1.24455     89.95550
     -2.42000    131.20336      1.72608    129.47728
     -2.41000    154.47481      2.04975    152.42505
     -2.40000     88.17386      1.26604     86.90782
     -2.39000     89.65807      1.52158     88.13649
     -2.38000    155.39651      2.51757    152.87894
     -2.37000    192.34163      2.97491    189.36673
     -2.36000    187.38407      3.64415    183.73991
     -2.35000    190.18523      5.04996    185.13528
     -2.34000    149.90428      4.14941    145.75486
     -2.33000    142.61793      2.78086    139.83707
     -2.32000    230.59384      3.65947    226.93436
     -2.31000    187.31350      2.93407    184.37943
     -2.30000     62.44077      1.02708     61.41369
     -2.29000     68.43317      1.82540     66.60777
     -2.28000    359.84890     10.35105    349.49786
     -2.27000    931.44228     27.30242    904.13986
     -2.26000   1234.39100     35.96839   1198.42261
     -2.25000   1012.14774     28.98555    983.16219
     -2.24000    633.64597     18.28579    615.36018
     -2.23000    427.27362     12.13257    415.14105
     -2.22000    459.23871     12.30938    446.92934
     -2.21000    490.08698     12.97562    477.11136
     -2.20000    396.41409     10.15807    386.25602
     -2.19000    396.85202      9.96696    386.88506
     -2.18000    500.65193     13.28172    487.37021
     -2.17000    466.72695     12.40239    454.32456
     -2.16000    292.43663      7.10868    285.32796
     -2.15000    146.24353      2.96603    143.27749
     -2.14000     97.49332      1.47780     96.01552
     -2.13000     66.49223      0.90464     65.58759
     -2.12000     24.01432      0.32194     23.69238
     -2.11000     32.96329      0.44009     32.52320
     -2.10000    105.50818      1.42708    104.08110
     -2.09000    149.28256      2.05235    147.23021
     -2.08000     87.82927      1.22654     86.60273
     -2.07000     21.80177      0.30872     21.49305
     -2.06000     11.24214      0.16666     11.07548
     -2.05000     48.24524      0.71254     47.53269
     -2.04000    107.66626      1.53288    106.13339
     -2.03000    125.01852      1.66136    123.35716
     -2.02000     81.86434      1.02625     80.83809
     -2.01000     37.09651      0.51371     36.58280
     -2.00000     92.58448      1.68606     90.89842
     -1.99000    315.70309      6.18992    309.51317
     -1.98000    605.11525     12.29433    592.82091
     -1.97000    749.67745     15.15665    734.52080
     -1.96000    715.22234     14.02338    701.19896
     -1.95000    552.76155     10.67711    542.08444
     -1.94000    427.50492      8.23465    419.27027
     -1.93000    475.40940      9.18693    466.22246
     -1.92000    584.96420     11.38862    573.57558
     -1.91000    543.04686     10.46802    532.57884
     -1.90000    504.44175      9.22988    495.21187
     -1.89000    590.43598     10.36679    580.06919
     -1.88000    542.81472      9.60831    533.20641
     -1.87000    338.76804      6.17194    332.59610
     -1.86000    238.83985      4.40811    234.43174
     -1.85000    216.38859      3.82257    212.56602
     -1.84000    179.93013      2.74738    177.18274
     -1.83000    174.35933      2.32294    172.03639
     -1.82000    152.42542      2.10783    150.31759
     -1.81000    113.68265      1.69245    111.99020
     -1.80000     64.09061      0.96754     63.12308
     -1.79000     46.91287      0.60404     46.30883
     -1.78000    108.11170      1.30910    106.80259
     -1.77000    147.70320      1.84827    145.85492
     -1.76000     86.38141      1.11816     85.26325
     -1.75000     21.83094      0.28802     21.54292
     -1.74000     13.91773      0.16491     13.75282
     -1.73000     60.97678      0.71753     60.25925
     -1.72000    131.88405      1.59378    130.29027
     -1.71000    129.48975      1.61294    127.87681
     -1.70000     71.14871      0.88731     70.26140
     -1.69000     72.07114      0.83633     71.23481
     -1.68000    113.44240      1.29982    112.14258
     -1.67000    142.33272      1.66408    140.66864
     -1.66000    146.91572      1.77233    145.14339
     -1.65000     90.22879      1.11579     89.11300
     -1.64000     28.31861      0.35212     27.96649
     -1.63000     32.71629      0.37831     32.33798
     -1.62000    129.88209      1.50029    128.38180
     -1.61000    224.95723      2.63032    222.32690
     -1.60000    159.68451      1.89660    157.78791
     -1.59000     47.75853      0.57623     47.18229
     -1.58000     15.98325      0.19071     15.79254
     -1.57000     65.77653      0.77208     65.00445
     -1.56000    161.47176      1.88870    159.58306
     -1.55000    178.20823      2.07384    176.13438
     -1.54000    123.73938      1.43654    122.30283
     -1.53000     77.91991      0.94292     76.97699
     -1.52000     89.00185      1.13770     87.86415
     -1.51000    115.84179      1.38636    114.45543
     -1.50000    111.20212      1.19625    110.00587
     -1.49000     95.87439      1.09769     94.77671
     -1.48000    133.11225      1.72465    131.38761
     -1.47000    150.20173      1.92548    148.27624
     -1.46000     89.16952      1.05246     88.11706
     -1.45000     84.41125      0.84296     83.56829
     -1.44000    134.25911      1.47993    132.77917
     -1.43000    120.39060      1.53647    118.85413
     -1.42000     59.51221      0.81000     58.70222
     -1.41000     60.89517      0.69152     60.20366
     -1.40000    122.12399      1.20680    120.91720
     -1.39000    132.14531      1.13772    131.00759
     -1.38000     68.52957      0.52138     68.00819
     -1.37000     27.28505      0.22626     27.05879
     -1.36000     71.46521      0.66665     70.79856
     -1.35000    164.86598      1.48710    163.37887
     -1.34000    217.65361      2.11959    215.53402
     -1.33000    279.34807      3.18180    276.16628
     -1.32000    275.41320      3.19535    272.21785
     -1.31000    149.34053      1.57709    147.76345
     -1.30000     87.25520      0.92181     86.33339
     -1.29000    166.12146      2.05495    164.06651
     -1.28000    230.35736      3.07723    227.28013
     -1.27000    197.54136      2.45921    195.08215
     -1.26000    185.34946      1.74710    183.60236
     -1.25000    148.18982      1.31744    146.87238
     -1.24000    135.58342      1.52558    134.05784
     -1.23000    164.51087      1.93961    162.57126
     -1.22000    109.50064      1.12629    108.37436
     -1.21000     85.66029      0.51462     85.14568
     -1.20000    139.56456      1.11767    138.44689
     -1.19000    184.54138      2.36977    182.17160
     -1.18000    141.27550      2.24149    139.03402
     -1.17000     48.31664      0.83986     47.47678
     -1.16000     11.44355      0.22312     11.22042
     -1.15000     32.63947      0.68267     31.95680
     -1.14000     82.16111      1.66102     80.50009
     -1.13000    104.21744      1.81099    102.40645
     -1.12000     99.72477      1.33310     98.39167
     -1.11000     68.98075      0.89273     68.08802
     -1.10000     60.01047      1.12456     58.88591
     -1.09000     81.07564      1.71441     79.36123
     -1.08000     53.15220      1.12679     52.02541
     -1.07000     23.28230      0.40550     22.87679
     -1.06000     61.17839      0.85957     60.31882
     -1.05000    137.78777      2.14262    135.64515
     -1.04000    130.83714      2.27178    128.56537
     -1.03000     51.55499      0.97777     50.57722
     -1.02000     11.86735      0.24438     11.62297
     -1.01000     28.37601      0.60570     27.77031
     -1.00000     83.93480      1.69142     82.24338
     -0.99000    122.22678      2.09580    120.13098
     -0.98000    105.17017      1.43255    103.73763
     -0.97000     55.71762      0.73772     54.97990
     -0.96000     51.08496      1.02490     50.06006
     -0.95000     79.84663      1.74965     78.09698
     -0.94000     57.41741      1.23721     56.18019
     -0.93000     36.41395      0.57139     35.84256
     -0.92000     83.11777      1.10808     82.00969
     -0.91000    134.86032      2.14320    132.71712
     -0.90000    109.37879      2.06850    107.31029
     -0.89000     42.18517      0.88129     41.30388
     -0.88000     12.29235      0.26692     12.02543
     -0.87000     39.00827      0.80468     38.20358
     -0.86000    110.93373      2.07141    108.86232
     -0.85000    141.13255      2.26084    138.87171
     -0.84000     82.51679      1.13081     81.38599
     -0.83000     33.89266      0.55327     33.33939
     -0.82000     56.38918      1.25658     55.13259
     -0.81000     80.98939      1.81734     79.17206
     -0.80000     59.39027      1.14481     58.24547
     -0.79000     72.51948      0.92090     71.59858
     -0.78000    109.73899      1.54637    108.19261
     -0.77000    112.14224      2.10528    110.03696
     -0.76000     71.97077      1.56887     70.40190
     -0.75000     23.59794      0.52919     23.06875
     -0.74000     26.55799      0.50883     26.04916
     -0.73000    100.20555      1.78004     98.42551
     -0.72000    157.32018      2.62599    154.69419
     -0.71000     93.98415      1.47274     92.51142
     -0.70000     28.51989      0.48379     28.03611
     -0.69000     42.21286      0.97024     41.24263
     -0.68000     83.98003      1.90107     82.07896
     -0.67000     89.88231      1.66696     88.21535
     -0.66000     94.31728      1.19879     93.11848
     -0.65000     91.81013      1.30756     90.50257
     -0.64000     90.88227      1.89051     88.99176
     -0.63000     72.32834      1.68550     70.64284
     -0.62000     32.36560      0.69743     31.66817
     -0.61000     54.07054      0.83871     53.23184
     -0.60000    137.18274      2.23047    134.95228
     -0.59000    140.93570      2.47800    138.45770
     -0.58000     56.46349      1.07239     55.39110
     -0.57000     22.59827      0.50762     22.09065
     -0.56000     62.94686      1.41820     61.52866
     -0.55000    120.43891      2.32944    118.10947
     -0.54000    122.20087      1.81390    120.38697
     -0.53000     75.91174      1.03417     74.87757
     -0.52000     66.21815      1.42060     64.79755
     -0.51000     83.05056      2.00614     81.04442
     -0.50000     64.95698      1.32872     63.62826
     -0.49000     83.80340      1.13146     82.67194
     -0.48000    129.75426      2.05004    127.70421
     -0.47000    114.82637      2.33038    112.49599
     -0.46000     52.86660      1.22271     51.64389
     -0.45000     35.65450      0.73334     34.92115
     -0.44000    105.86857      1.93048    103.93809
     -0.43000    158.04021      2.72471    155.31551
     -0.42000     91.43671      1.51713     89.91958
     -0.41000     42.88328      0.90286     41.98042
     -0.40000     79.58495      1.87673     77.70821
     -0.39000    119.26890      2.30078    116.96812
     -0.38000    115.02195      1.62579    113.39616
     -0.37000     93.22534      1.57087     91.65446
     -0.36000     92.11831      2.18491     89.93341
     -0.35000     79.09115      1.74696     77.34419
     -0.34000     95.39250      1.43482     93.95768
     -0.33000    140.05910      2.35310    137.70600
     -0.32000    113.67966      2.38335    111.29631
     -0.31000     59.89813      1.31541     58.58272
     -0.30000     96.21224      1.73732     94.47492
     -0.29000    159.84104      2.84595    156.99508
     -0.28000    110.01571      2.02272    107.99299
     -0.27000     69.63313      1.46220     68.17093
     -0.26000    128.32850      2.54461    125.78389
     -0.25000    148.11645      2.53606    145.58038
     -0.24000    100.42479      1.79828     98.62651
     -0.23000    114.78464      2.44297    112.34167
     -0.22000    145.81273      2.61159    143.20115
     -0.21000    128.60819      2.16632    126.44187
     -0.20000    132.05600      2.67294    129.38305
     -0.19000    149.72836      2.66845    147.05992
     -0.18000    147.12134      2.51781    144.60353
     -0.17000    163.08346      3.03503    160.04843
     -0.16000    172.24903      2.85939    169.38965
     -0.15000    192.32662      3.16880    189.15782
     -0.14000    219.66825      3.50539    216.16286
     -0.13000    199.02230      3.24025    195.78206
     -0.12000    148.71982      3.11793    145.60189
     -0.11000    100.49885      2.68642     97.81243
     -0.10000     97.85205      2.85416     94.99789
     -0.09000     98.17590      2.88943     95.28647
     -0.08000    104.50084      3.08113    101.41971
     -0.07000    108.73502      3.20780    105.52722
     -0.06000    115.75780      3.41441    112.34339
     -0.05000    122.73559      3.61550    119.12009
     -0.04000    132.47790      3.89259    128.58531
     -0.03000    142.27627      4.16399    138.11228
     -0.02000    143.00257      4.16312    138.83945
     -0.01000    128.64532      3.71527    124.93005
      0.00000    103.16304      2.95586    100.20718
      0.01000     51.12515      1.46016     49.66499
      0.02000     10.91206      0.31141     10.60065
      0.03000      0.88733      0.02532      0.86202
      0.04000      0.02672      0.00076      0.02596
      0.05000      0.00000      0.00000      0.00000
      0.06000      0.00000      0.00000      0.00000
      0.07000      0.00000      0.00000      0.00000
      0.08000      0.00000      0.00000      0.00000
      0.09000      0.00000      0.00000      0.00000
      0.10000      0.00000      0.00000      0.00000
      0.11000      0.00000      0.00000      0.00000
      0.12000      0.00000      0.00000      0.00000
      0.13000      0.00000      0.00000      0.00000
      0.14000      0.00000      0.00000      0.00000
      0.15000      0.00000      0.00000      0.00000
      0.16000      0.00000      0.00000      0.00000
      0.17000      0.00000      0.00000      0.00000
      0.18000      0.00000      0.00000      0.00000
      0.19000      0.00000      0.00000      0.00000
      0.20000      0.00000      0.00000      0.00000
      0.21000      0.00000      0.00000      0.00000
      0.22000      0.00000      0.00000      0.00000
      0.23000      0.00000      0.00000      0.00000
      0.24000      0.00000      0.00000      0.00000
      0.25000      0.00000      0.00000      0.00000
      0.26000      0.00000      0.00000      0.00000
      0.27000      0.00000      0.00000      0.00000
      0.28000      0.00000      0.00000      0.00000
      0.29000      0.00000      0.00000      0.00000
      0.30000      0.00000      0.00000      0.00000
      0.31000      0.00000      0.00000      0.00000
      0.32000      0.00000      0.00000      0.00000
      0.33000      0.00000      0.00000      0.00000
      0.34000      0.00000      0.00000      0.00000
      0.35000      0.00000      0.00000      0.00000
      0.36000      0.00000      0.00000      0.00000
      0.37000      0.00000      0.00000      0.00000
      0.38000      0.00000      0.00000      0.00000
      0.39000      0.00000      0.00000      0.00000
      0.40000      0.00000      0.00000      0.00000
      0.41000      0.00000      0.00000      0.00000
      0.42000      0.00000      0.00000      0.00000
      0.43000      0.00000      0.00000      0.00000
      0.44000      0.00000      0.00000      0.00000
      0.45000      0.00000      0.00000      0.00000
      0.46000      0.00000      0.00000      0.00000
      0.47000      0.00000      0.00000      0.00000
      0.48000      0.00000      0.00000      0.00000
      0.49000      0.00000      0.00000      0.00000
      0.50000      0.00000      0.00000      0.00000
      0.51000      0.00000      0.00000      0.00000
      0.52000      0.00000      0.00000      0.00000
      0.53000      0.00000      0.00000      0.00000
      0.54000      0.00000      0.00000      0.00000
      0.55000      0.00000      0.00000      0.00000
      0.56000      0.00000      0.00000      0.00000
      0.57000      0.00000      0.00000      0.00000
      0.58000      0.00000      0.00000      0.00000
      0.59000      0.00000      0.00000      0.00000
      0.60000      0.00000      0.00000      0.00000
      0.61000      0.00000      0.00000      0.00000
      0.62000      0.00000      0.00000      0.00000
      0.63000      0.00000      0.00000      0.00000
      0.64000      0.00000      0.00000      0.00000
      0.65000      0.00000      0.00000      0.00000
      0.66000      0.00000      0.00000      0.00000
      0.67000      0.00000      0.00000      0.00000
      0.68000      0.00000      0.00000      0.00000
      0.69000      0.00000      0.00000      0.00000
      0.70000      0.00000      0.00000      0.00000
      0.71000      0.00000      0.00000      0.00000
      0.72000      0.00000      0.00000      0.00000
      0.73000      0.00000      0.00000      0.00000
      0.74000      0.00000      0.00000      0.00000
      0.75000      0.00000      0.00000      0.00000
      0.76000      0.00000      0.00000      0.00000
      0.77000      0.00000      0.00000      0.00000
      0.78000      0.00000      0.00000      0.00000
      0.79000      0.00000      0.00000      0.00000
      0.80000      0.00000      0.00000      0.00000
      0.81000      0.00000      0.00000      0.00000
      0.82000      0.00000      0.00000      0.00000
      0.83000      0.00000      0.00000      0.00000
      0.84000      0.00000      0.00000      0.00000
      0.85000      0.00000      0.00000      0.00000
      0.86000      0.00000      0.00000      0.00000
      0.87000      0.00000      0.00000      0.00000
      0.88000      0.00000      0.00000      0.00000
      0.89000      0.00000      0.00000      0.00000
      0.90000      0.00000      0.00000      0.00000
      0.91000      0.00000      0.00000      0.00000
      0.92000      0.00000      0.00000      0.00000
      0.93000      0.00000      0.00000      0.00000
      0.94000      0.00000      0.00000      0.00000
      0.95000      0.00000      0.00000      0.00000
      0.96000      0.00000      0.00000      0.00000
      0.97000      0.00000      0.00000      0.00000
      0.98000      0.00000      0.00000      0.00000
      0.99000      0.00000      0.00000      0.00000
      1.00000      0.00000      0.00000      0.00000
      1.01000      0.00000      0.00000      0.00000
      1.02000      0.00000      0.00000      0.00000
      1.03000      0.00000      0.00000      0.00000
      1.04000      0.00000      0.00000      0.00000
      1.05000      0.00000      0.00000      0.00000
      1.06000      0.00000      0.00000      0.00000
      1.07000      0.00000      0.00000      0.00000
      1.08000      0.00000      0.00000      0.00000
      1.09000      0.00000      0.00000      0.00000
      1.10000      0.00000      0.00000      0.00000
      1.11000      0.00000      0.00000      0.00000
      1.12000      0.00000      0.00000      0.00000
      1.13000      0.00000      0.00000      0.00000
      1.14000      0.00000      0.00000      0.00000
      1.15000      0.00000      0.00000      0.00000
      1.16000      0.00000      0.00000      0.00000
      1.17000      0.00000      0.00000      0.00000
      1.18000      0.00000      0.00000      0.00000
      1.19000      0.00000      0.00000      0.00000
      1.20000      0.00000      0.00000      0.00000
      1.21000      0.00000      0.00000      0.00000
      1.22000      0.00000      0.00000      0.00000
      1.23000      0.00000      0.00000      0.00000
      1.24000      0.00000      0.00000      0.00000
      1.25000      0.00000      0.00000      0.00000
      1.26000      0.00000      0.00000      0.00000
      1.27000      0.00000      0.00000      0.00000
      1.28000      0.00000      0.00000      0.00000
      1.29000      0.00000      0.00000      0.00000
      1.30000      0.00000      0.00000      0.00000
      1.31000      0.00000      0.00000      0.00000
      1.32000      0.00000      0.00000      0.00000
      1.33000      0.00000      0.00000      0.00000
      1.34000      0.00000      0.00000      0.00000
      1.35000      0.00000      0.00000      0.00000
      1.36000      0.00000      0.00000      0.00000
      1.37000      0.00000      0.00000      0.00000
      1.38000      0.00000      0.00000      0.00000
      1.39000      0.00000      0.00000      0.00000
      1.40000      0.00000      0.00000      0.00000
      1.41000      0.00000      0.00000      0.00000
      1.42000      0.00000      0.00000      0.00000
      1.43000      0.00000      0.00000      0.00000
      1.44000      0.00000      0.00000      0.00000
      1.45000      0.00000      0.00000      0.00000
      1.46000      0.00000      0.00000      0.00000
      1.47000      0.00000      0.00000      0.00000
      1.48000      0.00000      0.00000      0.00000
      1.49000      0.00000      0.00000      0.00000
      1.50000      0.00000      0.00000      0.00000
      1.51000      0.00000      0.00000      0.00000
      1.52000      0.00000      0.00000      0.00000
      1.53000      0.00000      0.00000      0.00000
      1.54000      0.00000      0.00000      0.00000
      1.55000      0.00000      0.00000      0.00000
      1.56000      0.00000      0.00000      0.00000
      1.57000      0.00000      0.00000      0.00000
      1.58000      0.00000      0.00000      0.00000
      1.59000      0.00000      0.00000      0.00000
      1.60000      0.00000      0.00000      0.00000
      1.61000      0.00000      0.00000      0.00000
      1.62000      0.00000      0.00000      0.00000
      1.63000      0.00000      0.00000      0.00000
      1.64000      0.00000      0.00000      0.00000
      1.65000      0.00000      0.00000      0.00000
      1.66000      0.00000      0.00000      0.00000
      1.67000      0.00000      0.00000      0.00000
      1.68000      0.00000      0.00000      0.00000
      1.69000      0.00000      0.00000      0.00000
      1.70000      0.00000      0.00000      0.00000
      1.71000      0.00000      0.00000      0.00000
      1.72000      0.00000      0.00000      0.00000
      1.73000      0.00000      0.00000      0.00000
      1.74000      0.00000      0.00000      0.00000
      1.75000      0.00000      0.00000      0.00000
      1.76000      0.00000      0.00000      0.00000
      1.77000      0.00000      0.00000      0.00000
      1.78000      0.00000      0.00000      0.00000
      1.79000      0.00000      0.00000      0.00000
      1.80000      0.00000      0.00000      0.00000
      1.81000      0.00000      0.00000      0.00000
      1.82000      0.00000      0.00000      0.00000
      1.83000      0.00000      0.00000      0.00000
      1.84000      0.00000      0.00000      0.00000
      1.85000      0.00000      0.00000      0.00000
      1.86000      0.00000      0.00000      0.00000
      1.87000      0.00000      0.00000      0.00000
      1.88000      0.00000      0.00000      0.00000
      1.89000      0.00000      0.00000      0.00000
      1.90000      0.00000      0.00000      0.00000
      1.91000      0.00000      0.00000      0.00000
      1.92000      0.00000      0.00000      0.00000
      1.93000      0.00000      0.00000      0.00000
      1.94000      0.00000      0.00000      0.00000
      1.95000      0.00000      0.00000      0.00000
      1.96000      0.00000      0.00000      0.00000
      1.97000      0.00000      0.00000      0.00000
      1.98000      0.00000      0.00000      0.00000
      1.99000      0.00000      0.00000      0.00000
      2.00000      0.00000      0.00000      0.00000
      2.01000      0.00000      0.00000      0.00000
      2.02000      0.00000      0.00000      0.00000
      2.03000      0.00000      0.00000      0.00000
      2.04000      0.00000      0.00000      0.00000
      2.05000      0.00000      0.00000      0.00000
      2.06000      0.00000      0.00000      0.00000
      2.07000      0.00000      0.00000      0.00000
      2.08000      0.00000      0.00000      0.00000
      2.09000      0.00000      0.00000      0.00000
      2.10000      0.00000      0.00000      0.00000
      2.11000      0.00000      0.00000      0.00000
      2.12000      0.00000      0.00000      0.00000
      2.13000      0.00000      0.00000      0.00000
      2.14000      0.00000      0.00000      0.00000
      2.15000      0.00000      0.00000      0.00000
      2.16000      0.00000      0.00000      0.00000
      2.17000      0.00000      0.00000      0.00000
      2.18000      0.00000      0.00000      0.00000
      2.19000      0.00000      0.00000      0.00000
      2.20000      0.00000      0.00000      0.00000
      2.21000      0.00000      0.00000      0.00000
      2.22000      0.00000      0.00000      0.00000
      2.23000      0.00000      0.00000      0.00000
      2.24000      0.00000      0.00000      0.00000
      2.25000      0.00000      0.00000      0.00000
      2.26000      0.00000      0.00000      0.00000
      2.27000      0.00000      0.00000      0.00000
      2.28000      0.00000      0.00000      0.00000
      2.29000      0.00000      0.00000      0.00000
      2.30000      0.00000      0.00000      0.00000
      2.31000      0.00000      0.00000      0.00000
      2.32000      0.00000      0.00000      0.00000
      2.33000      0.00000      0.00000      0.00000
      2.34000      0.00000      0.00000      0.00000
      2.35000      0.00000      0.00000      0.00000
      2.36000      0.00000      0.00000      0.00000
      2.37000      0.00000      0.00000      0.00000
      2.38000      0.00000      0.00000      0.00000
      2.39000      0.00000      0.00000      0.00000
      2.40000      0.00000      0.00000      0.00000
      2.41000      0.00000      0.00000      0.00000
      2.42000      0.00000      0.00000      0.00000
      2.43000      0.00000      0.00000      0.00000
      2.44000      0.00000      0.00000      0.00000
      2.45000      0.00000      0.00000      0.00000
      2.46000      0.00000      0.00000      0.00000
      2.47000      0.00000      0.00000      0.00000
      2.48000      0.00000      0.00000      0.00000
      2.49000      0.00000      0.00000      0.00000
      2.50000      0.00000      0.00000      0.00000
      2.51000      0.00000      0.00000      0.00000
      2.52000      0.00000      0.00000      0.00000
      2.53000      0.00000      0.00000      0.00000
      2.54000      0.00000      0.00000      0.00000
      2.55000      0.00000      0.00000      0.00000
      2.56000      0.00000      0.00000      0.00000
      2.57000      0.00000      0.00000      0.00000
      2.58000      0.00000      0.00000      0.00000
      2.59000      0.00000      0.00000      0.00000
      2.60000      0.00000      0.00000      0.00000
      2.61000      0.00000      0.00000      0.00000
      2.62000      0.00000      0.00000      0.00000
      2.63000      0.00000      0.00000      0.00000
      2.64000      0.00000      0.00000      0.00000
      2.65000      0.00000      0.00000      0.00000
      2.66000      0.00000      0.00000      0.00000
      2.67000      0.00000      0.00000      0.00000
      2.68000      0.00000      0.00000      0.00000
      2.69000      0.00000      0.00000      0.00000
      2.70000      0.00000      0.00000      0.00000
      2.71000      0.00000      0.00000      0.00000
      2.72000      0.00000      0.00000      0.00000
      2.73000      0.00000      0.00000      0.00000
      2.74000      0.00000      0.00000      0.00000
      2.75000      0.00000      0.00000      0.00000
      2.76000      0.00000      0.00000      0.00000
      2.77000      0.00000      0.00000      0.00000
      2.78000      0.00000      0.00000      0.00000
      2.79000      0.00000      0.00000      0.00000
      2.80000      0.00000      0.00000      0.00000
      2.81000      0.00000      0.00000      0.00000
      2.82000      0.00000      0.00000      0.00000
      2.83000      0.00000      0.00000      0.00000
      2.84000      0.00000      0.00000      0.00000
      2.85000      0.00000      0.00000      0.00000
      2.86000      0.00000      0.00000      0.00000
      2.87000      0.00000      0.00000      0.00000
      2.88000      0.00000      0.00000      0.00000
      2.89000      0.00000      0.00000      0.00000
      2.90000      0.00000      0.00000      0.00000
      2.91000      0.00000      0.00000      0.00000
      2.92000      0.00000      0.00000      0.00000
      2.93000      0.00000      0.00000      0.00000
      2.94000      0.00000      0.00000      0.00000
      2.95000      0.00000      0.00000      0.00000
      2.96000      0.00000      0.00000      0.00000
      2.97000      0.00000      0.00000      0.00000
      2.98000      0.00000      0.00000      0.00000
      2.99000      0.00000      0.00000      0.00000
      3.00000      0.00000      0.00000      0.00000
      3.01000      0.00000      0.00000      0.00000
      3.02000      0.00000      0.00000      0.00000
      3.03000      0.00000      0.00000      0.00000
      3.04000      0.00000      0.00000      0.00000
      3.05000      0.00000      0.00000      0.00000
      3.06000      0.00000      0.00000      0.00000
      3.07000      0.00000      0.00000      0.00000
      3.08000      0.00000      0.00000      0.00000
      3.09000      0.00000      0.00000      0.00000
      3.10000      0.00000      0.00000      0.00000
      3.11000      0.00000      0.00000      0.00000
      3.12000      0.00000      0.00000      0.00000
      3.13000      0.00000      0.00000      0.00000
      3.14000      0.00000      0.00000      0.00000
      3.15000      0.00000      0.00000      0.00000
      3.16000      0.00000      0.00000      0.00000
      3.17000      0.00000      0.00000      0.00000
      3.18000      0.00000      0.00000      0.00000
      3.19000      0.00000      0.00000      0.00000
      3.20000      0.00000      0.00000      0.00000
      3.21000      0.00000      0.00000      0.00000
      3.22000      0.00000      0.00000      0.00000
      3.23000      0.00000      0.00000      0.00000
      3.24000      0.00000      0.00000      0.00000
      3.25000      0.00000      0.00000      0.00000
      3.26000      0.00000      0.00000      0.00000
      3.27000      0.00000      0.00000      0.00000
      3.28000      0.00000      0.00000      0.00000
      3.29000      0.00000      0.00000      0.00000
      3.30000      0.00000      0.00000      0.00000
      3.31000      0.02489      0.00027      0.02462
      3.32000      0.91019      0.00987      0.90032
      3.33000     12.80409      0.13926     12.66483
      3.34000     72.01252      0.78796     71.22456
      3.35000    175.21017      1.94080    173.26937
      3.36000    218.84475      2.48696    216.35780
      3.37000    191.35723      2.27550    189.08173
      3.38000    160.12975      2.01605    158.11370
      3.39000    141.44252      1.88445    139.55807
      3.40000    129.70929      1.82503    127.88426
      3.41000    120.61247      1.78778    118.82469
      3.42000    114.72281      1.78837    112.93444
      3.43000    108.16792      1.77080    106.39712
      3.44000    106.71759      1.82978    104.88781
      3.45000    114.36797      2.05077    112.31720
      3.46000    164.27982      3.01730    161.26252
      3.47000    216.45668      4.01929    212.43739
      3.48000    226.63163      4.28880    222.34283
      3.49000    195.96132      3.79208    192.16924
      3.50000    186.45493      3.72474    182.73020
      3.51000    159.75400      3.27737    156.47663
      3.52000    164.38433      3.44956    160.93477
      3.53000    159.59180      3.43821    156.15359
      3.54000    125.39035      2.81066    122.57970
      3.55000    160.42030      3.62197    156.79833
      3.56000    145.11955      3.30067    141.81889
      3.57000    110.36327      2.73138    107.63189
      3.58000    138.79024      3.41241    135.37783
      3.59000    145.41619      3.42738    141.98882
      3.60000    124.27924      3.23029    121.04895
      3.61000    101.79236      2.82626     98.96610
      3.62000    119.12485      3.06611    116.05874
      3.63000    159.35952      4.15635    155.20317
      3.64000    110.52110      3.08599    107.43511
      3.65000     76.58094      2.37424     74.20671
      3.66000    126.30795      3.73228    122.57567
      3.67000    144.01920      3.86282    140.15637
      3.68000    112.39560      3.23613    109.15948
      3.69000     96.64855      3.32554     93.32301
      3.70000     80.73646      2.69058     78.04588
      3.71000    120.11846      3.54458    116.57388
      3.72000    157.87644      4.79053    153.08591
      3.73000     94.45024      3.09195     91.35829
      3.74000     63.47979      2.45387     61.02592
      3.75000    101.76390      3.82561     97.93829
      3.76000    125.12554      3.92605    121.19950
      3.77000    126.32889      3.84575    122.48314
      3.78000    111.39289      4.19927    107.19362
      3.79000     69.70633      2.95624     66.75010
      3.80000     61.15725      2.47521     58.68204
      3.81000    130.46946      4.76014    125.70932
      3.82000    147.78205      4.96918    142.81287
      3.83000     86.39022      3.05514     83.33508
      3.84000     78.32216      3.62808     74.69408
      3.85000     80.23198      3.82365     76.40833
      3.86000     75.19615      2.92548     72.27067
      3.87000    134.64909      4.82212    129.82698
      3.88000    145.11627      5.64211    139.47416
      3.89000     70.14752      3.05327     67.09425
      3.90000     52.32855      2.74152     49.58703
      3.91000     88.35559      4.56185     83.79374
      3.92000    102.05904      4.25755     97.80149
      3.93000    119.90021      4.16827    115.73194
      3.94000    125.93847      5.40825    120.53022
      3.95000     84.83359      4.41612     80.41747
      3.96000     41.18664      2.33375     38.85289
      3.97000     67.04126      3.68384     63.35742
      3.98000    124.34606      5.87634    118.46972
      3.99000    127.59541      4.84876    122.74665
      4.00000     94.56145      3.91101     90.65044
      4.01000     89.41608      5.11080     84.30527
      4.02000     65.89027      4.06557     61.82471
      4.03000     41.85054      2.41816     39.43239
      4.04000     97.80452      4.94348     92.86104
      4.05000    157.60702      8.87896    148.72806
      4.06000    133.14593     31.23823    101.90769
      4.07000    229.57548    158.59642     70.97906
      4.08000    495.80190    382.63123    113.17066
      4.09000    566.69021    455.22325    111.46695
      4.10000    495.68414    398.43642     97.24772
      4.11000    616.82898    448.04638    168.78259
      4.12000    754.41906    547.75945    206.65960
      4.13000    657.38504    527.05396    130.33109
      4.14000    539.72080    451.23152     88.48928
      4.15000    514.82417    401.64592    113.17824
      4.16000    482.69128    369.96962    112.72166
      4.17000    454.99168    345.84536    109.14633
      4.18000    487.42200    329.83545    157.58655
      4.19000    478.40786    315.97144    162.43641
      4.20000    395.94741    299.39473     96.55268
      4.21000    346.03602    285.16828     60.86774
      4.22000    365.82870    276.45116     89.37753
      4.23000    382.68266    267.95213    114.73053
      4.24000    376.33557    257.21828    119.11729
      4.25000    385.89989    249.44296    136.45692
      4.26000    377.39921    243.14188    134.25733
      4.27000    330.43107    234.72823     95.70284
      4.28000    279.43458    225.63219     53.80238
      4.29000    287.55791    219.79274     67.76517
      4.30000    333.50910    218.02184    115.48726
      4.31000    345.63786    210.88951    134.74835
      4.32000    326.71865    205.54638    121.17227
      4.33000    332.56574    198.69765    133.86810
      4.34000    421.01453    198.30452    222.71001
      4.35000    429.46813    191.86618    237.60195
      4.36000    374.05148    188.87337    185.17812
      4.37000    387.39367    184.34102    203.05265
      4.38000    434.03779    184.84593    249.19186
      4.39000    397.48751    178.89157    218.59593
      4.40000    325.46057    172.87466    152.58591
      4.41000    347.58757    174.99207    172.59550
      4.42000    316.22933    164.86559    151.36375
      4.43000    269.62915    170.27758     99.35158
      4.44000    299.23014    156.88844    142.34170
      4.45000    379.30409    169.53658    209.76751
      4.46000    340.55802    156.93488    183.62314
      4.47000    286.78318    156.60942    130.17377
      4.48000    296.88043    157.48278    139.39765
      4.49000    283.66814    147.79450    135.87364
      4.50000    245.92921    154.12819     91.80102
      4.51000    235.44582    144.10681     91.33902
      4.52000    321.90307    147.79805    174.10501
      4.53000    366.68440    151.01523    215.66917
      4.54000    277.48944    141.51910    135.97034
      4.55000    233.19110    140.86343     92.32767
      4.56000    374.35464    151.95217    222.40247
      4.57000    550.93154    160.39756    390.53399
      4.58000    534.88485    159.93198    374.95287
      4.59000    451.42550    159.28409    292.14142
      4.60000    464.25963    147.34133    316.91830
      4.61000    537.28449    150.70967    386.57482
      4.62000    492.50890    156.98939    335.51951
      4.63000    349.61864    133.24712    216.37152
      4.64000    316.97241    137.55901    179.41340
      4.65000    385.37021    151.50929    233.86092
      4.66000    422.30977    129.02779    293.28198
      4.67000    418.56513    136.15530    282.40984
      4.68000    391.51095    148.41648    243.09447
      4.69000    317.73407    117.67344    200.06063
      4.70000    335.46457    128.97625    206.48831
      4.71000    377.95051    150.75831    227.19220
      4.72000    331.74735    114.81185    216.93550
      4.73000    303.60313    116.26704    187.33610
      4.74000    345.39573    149.64453    195.75120
      4.75000    370.10638    120.38637    249.72000
      4.76000    343.90477    106.13425    237.77053
      4.77000    349.15167    145.43094    203.72073
      4.78000    314.54331    126.02334    188.51996
      4.79000    258.69849     91.19532    167.50317
      4.80000    311.73981    132.57315    179.16666
      4.81000    318.26777    142.23474    176.03303
      4.82000    277.20673     91.02543    186.18130
      4.83000    358.84737    109.06675    249.78062
      4.84000    361.12097    150.10503    211.01594
      4.85000    274.32757    108.40116    165.92641
      4.86000    253.69563     81.93323    171.76240
      4.87000    322.79130    135.51119    187.28012
      4.88000    318.51532    138.82166    179.69366
      4.89000    216.61175     78.19498    138.41677
      4.90000    242.01960     94.45342    147.56618
      4.91000    341.97493    149.34980    192.62513
      4.92000    366.03337    116.23538    249.79799
      4.93000    309.65243     72.33313    237.31930
      4.94000    268.68440    115.82781    152.85659
      4.95000    253.14607    145.19386    107.95221
      4.96000    169.56243     83.61615     85.94628
      4.97000    207.43431     67.99819    139.43612
      4.98000    355.10236    135.82070    219.28166
      4.99000    393.46931    142.64307    250.82624
      5.00000    289.83626     72.90817    216.92809
      5.01000    195.45607     69.90724    125.54883
      5.02000    259.29487    138.98652    120.30835
      5.03000    295.70932    131.85264    163.85669
      5.04000    179.12889     60.06700    119.06189
      5.05000    182.39791     71.70033    110.69759
      5.06000    321.03703    144.15456    176.88246
      5.07000    326.66873    125.29028    201.37846
      5.08000    272.44690     58.29034    214.15656
      5.09000    269.20599     74.96656    194.23943
      5.10000    263.94937    142.18555    121.76382
      5.11000    241.16324    123.46461    117.69863
      5.12000    201.64863     53.74578    147.90285
      5.13000    179.82748     62.14723    117.68025
      5.14000    244.22733    136.16074    108.06659
      5.15000    264.87820    131.10680    133.77140
      5.16000    209.73039     57.25592    152.47447
      5.17000    255.74665     56.64970    199.09695
      5.18000    357.71795    131.42873    226.28922
      5.19000    298.21874    141.39596    156.82278
      5.20000    164.52890     63.18632    101.34258
      5.21000    212.10135     43.76421    168.33714
      5.22000    391.10532    116.56322    274.54211
      5.23000    454.71696    161.86339    292.85357
      5.24000    319.59743     91.14842    228.44900
      5.25000    151.55366     34.05709    117.49657
      5.26000    111.12182     71.90362     39.21820
      5.27000    193.68697    143.21681     50.47017
      5.28000    233.99603    113.61362    120.38241
      5.29000    205.79003     44.93590    160.85413
      5.30000    196.48650     51.19696    145.28954
      5.31000    295.31117    128.16721    167.14396
      5.32000    341.66773    143.59589    198.07184
      5.33000    219.14999     64.73043    154.41956
      5.34000    169.74286     33.88619    135.85667
      5.35000    251.25371     91.56268    159.69103
      5.36000    250.85056    149.18274    101.66783
      5.37000    152.02839     96.74242     55.28597
      5.38000    155.92284     34.63039    121.29245
      5.39000    266.44220     55.42695    211.01525
      5.40000    314.01962    131.26692    182.75270
      5.41000    275.36876    138.48302    136.88574
      5.42000    221.22649     63.08738    158.13911
      5.43000    191.53442     34.61139    156.92303
      5.44000    259.39770     90.10130    169.29640
      5.45000    307.62793    149.15225    158.47568
      5.46000    174.00855     99.43331     74.57524
      5.47000     88.35353     36.16437     52.18916
      5.48000    164.90413     57.16256    107.74158
      5.49000    292.66874    123.81095    168.85779
      5.50000    343.55545    132.97788    210.57757
      5.51000    299.05146     80.22634    218.82512
      5.52000    260.79795     69.67807    191.11988
      5.53000    237.15828     93.82342    143.33486
      5.54000    193.30631    102.67830     90.62801
      5.55000    192.58650    120.22078     72.36572
      5.56000    277.58775    119.58859    157.99916
      5.57000    308.52782     84.03616    224.49166
      5.58000    228.57851     84.65048    143.92803
      5.59000    240.85541    137.00425    103.85116
      5.60000    319.90053    127.62967    192.27086
      5.61000    300.83704     85.33678    215.50026
      5.62000    193.86680     85.70851    108.15830
      5.63000    135.34502     77.97946     57.36556
      5.64000    201.00459     85.90919    115.09541
      5.65000    298.82844    108.99472    189.83372
      5.66000    295.76888    107.48323    188.28565
      5.67000    232.47111     81.58808    150.88304
      5.68000    300.62578    121.16077    179.46501
      5.69000    521.55577    330.20735    191.34842
      5.70000    662.25278    494.26332    167.98946
      5.71000    516.93893    383.32018    133.61875
      5.72000    346.97920    231.12621    115.85299
      5.73000    379.46315    195.82836    183.63479
      5.74000    470.62648    209.99887    260.62762
      5.75000    483.73943    215.21566    268.52378
      5.76000    344.16905    158.61702    185.55203
      5.77000    251.53939    122.44041    129.09898
      5.78000    367.32271    194.05804    173.26467
      5.79000    421.24577    230.58751    190.65825
      5.80000    326.94119    162.81439    164.12680
      5.81000    280.49394     99.19695    181.29698
      5.82000    379.15929    121.75402    257.40527
      5.83000    467.95759    184.11039    283.84720
      5.84000    426.24608    203.07095    223.17513
      5.85000    401.55345    239.04207    162.51137
      5.86000    408.98721    215.65264    193.33457
      5.87000    500.91905    216.63429    284.28476
      5.88000    611.34768    248.73018    362.61750
      5.89000    521.47560    212.29964    309.17596
      5.90000    417.75340    188.13902    229.61438
      5.91000    364.28500    151.54222    212.74277
      5.92000    283.77533    134.02801    149.74732
      5.93000    174.95732    113.35374     61.60358
      5.94000     74.85175     59.82604     15.02571
      5.95000     18.13684     15.65674      2.48010
      5.96000     21.06766     17.30904      3.75862
      5.97000    121.63392     93.74413     27.88979
      5.98000    303.59301    212.03284     91.56017
      5.99000    355.61775    207.63120    147.98655
      6.00000    325.07220    164.79089    160.28131
      6.01000    299.88476    156.23883    143.64593
      6.02000    195.72938     83.85157    111.87780
      6.03000    112.33876     23.42524     88.91352
      6.04000     52.85039      5.77121     47.07918
      6.05000     11.98246      1.28930     10.69317
      6.06000      8.26029      4.22480      4.03550
      6.07000     62.46915     31.59668     30.87247
      6.08000    216.74991    101.42208    115.32783
      6.09000    321.95903    157.27907    164.67996
      6.10000    251.62977    157.37853     94.25123
      6.11000    191.12267    159.63859     31.48408
      6.12000    193.71676    172.51686     21.19989
      6.13000    154.53711    116.34486     38.19224
      6.14000    166.21346     68.57776     97.63570
      6.15000    290.70713    141.75765    148.94949
      6.16000    373.27717    244.09478    129.18239
      6.17000    368.16132    257.68622    110.47511
      6.18000    294.77617    187.40620    107.36997
      6.19000    222.86367    154.22636     68.63731
      6.20000    283.52952    234.77040     48.75911
      6.21000    272.22748    228.26601     43.96147
      6.22000    143.72254    100.29075     43.43179
      6.23000    122.75184     44.63195     78.11988
      6.24000    214.14159    101.58988    112.55171
      6.25000    322.12898    188.55315    133.57583
      6.26000    378.43677    240.36557    138.07120
      6.27000    349.38931    222.77027    126.61905
      6.28000    210.64396    131.16311     79.48085
      6.29000    163.10257    109.69286     53.40972
      6.30000    204.36966    124.77032     79.59934
      6.31000    185.57101    101.26721     84.30380
      6.32000    146.14114     99.91772     46.22342
      6.33000    148.43563    116.82637     31.60926
      6.34000    165.69497    105.90162     59.79335
      6.35000    276.97602    125.55395    151.42208
      6.36000    422.23696    184.72652    237.51044
      6.37000    396.69662    211.42037    185.27625
      6.38000    275.43089    194.98986     80.44103
      6.39000    169.32724    139.88574     29.44150
      6.40000    137.05643    104.36076     32.69567
      6.41000    182.29496    109.55191     72.74305
      6.42000    226.19608    139.31230     86.88378
      6.43000    197.70422    145.64453     52.05969
      6.44000    134.02677     98.85342     35.17335
      6.45000    157.20023     89.87316     67.32707
      6.46000    179.60223     91.74492     87.85731
      6.47000    207.19610    118.24264     88.95346
      6.48000    283.49025    161.47015    122.02101
      6.49000    273.70754    138.44696    135.30911
      6.50000    203.34922     93.89803    110.44950
      6.51000    245.25254    184.84724     68.47848
      6.52000    465.23911    441.97948     50.27789
      6.53000    534.56242    532.73420     43.16145
      6.54000    418.96403    402.79474     53.28409
      6.55000    477.71974    437.58511     80.93664
      6.56000    701.81390    692.77742     72.93415
      6.57000    826.16593    816.52998     83.33835
      6.58000    857.84536    804.00508    117.20249
      6.59000    815.93521    749.48256    119.49119
      6.60000    616.29438    567.30188     95.89680
      6.61000    386.46744    379.25507     45.98090
      6.62000    325.72828    327.87522     31.91111
      6.63000    450.59928    402.63363     85.07149
      6.64000    541.35804    447.15754    131.94906
      6.65000    480.92721    421.09983     94.80641
      6.66000    386.97471    386.89480     33.17526
      6.67000    384.94508    398.49446     20.82798
      6.68000    393.65353    371.00715     55.73034
      6.69000    382.29741    328.46762     81.13918
      6.70000    354.84402    331.34717     48.44248
      6.71000    352.90813    360.35214     20.40268
      6.72000    379.34954    359.49519     49.63443
      6.73000    438.34684    333.07842    134.09056
      6.74000    548.45556    374.40584    200.81535
      6.75000    536.75490    381.06196    176.83191
      6.76000    407.91260    338.92848     89.71580
      6.77000    345.01887    335.70647     35.28501
      6.78000    309.26684    318.62208     18.06188
      6.79000    285.81401    299.68792     11.53922
      6.80000    310.62044    308.85889     26.30248
      6.81000    384.69475    325.48532     82.37701
      6.82000    447.73420    323.74124    141.63430
      6.83000    426.63051    306.80845    138.59768
      6.84000    320.53287    253.07540     89.39395
      6.85000    233.70623    207.99067     46.75943
      6.86000    290.47780    248.52293     64.75556
      6.87000    317.82436    259.41443     78.51677
      6.88000    265.54171    249.22754     37.86708
      6.89000    204.28607    215.47700      8.80776
      6.90000    203.89061    213.93823      6.92960
      6.91000    252.58831    253.56449     19.02016
      6.92000    320.49859    261.86549     77.50186
      6.93000    464.35902    289.64829    190.45062
      6.94000    472.86902    264.19618    218.82947
      6.95000    273.33160    148.97401    128.09149
      6.96000    228.34185    144.88337     89.04653
      6.97000    379.20581    311.16019     85.14644
      6.98000    455.86908    438.95340     42.79398
      6.99000    374.53487    383.58473     13.37630
      7.00000    261.53635    265.73238     13.83772
      7.01000    290.89372    252.29656     58.28255
      7.02000    388.61232    270.69911    134.22948
      7.03000    378.61587    245.20676    141.82807
      7.04000    279.91329    220.58564     70.08066
      7.05000    212.27881    215.23733     16.71955
      7.06000    136.79978    139.68312     11.95600
      7.07000     94.41998     53.55911     45.62379
      7.08000    170.00669     94.04724     80.98886
      7.09000    340.27695    265.99237     88.10898
      7.10000    485.80506    392.91122    114.84588
      7.11000    480.69483    370.59647    135.97079
      7.12000    374.19106    259.47671    133.39735
      7.13000    292.82781    177.82528    124.03492
      7.14000    325.11453    235.68107    104.51524
      7.15000    348.97870    292.38199     79.09251
      7.16000    233.27366    207.30222     39.06058
      7.17000    167.39392    127.36067     44.94982
      7.18000    272.12893    178.77171    103.05228
      7.19000    348.51010    243.80041    122.36458
      7.20000    261.92009    208.43556     68.84581
      7.21000    177.31355    140.59725     42.95811
      7.22000    159.79797     83.55770     77.32855
      7.23000    184.38046     73.71779    110.77245
      7.24000    242.68077    117.37956    125.98773
      7.25000    314.81156    198.20347    121.72958
      7.26000    410.00640    302.37170    123.04754
      7.27000    459.72421    342.77991    137.96421
      7.28000    411.55124    303.18348    124.35124
      7.29000    321.11857    258.02797     75.82364
      7.30000    393.57851    331.87247     79.92001
      7.31000    608.73246    457.41138    171.16343
      7.32000    692.02553    467.40820    237.04199
      7.33000    542.15899    350.73471    199.11550
      7.34000    427.11329    251.77948    187.33253
      7.35000    433.93300    246.14809    203.71579
      7.36000    350.82494    227.60792    137.45783
      7.37000    218.84855    141.70559     84.74588
      7.38000    163.74986     80.01084     86.82238
      7.39000    222.55013    139.81702     88.96342
      7.40000    358.67507    290.38414     79.60481
      7.41000    434.96348    350.84186     96.51066
      7.42000    375.12776    257.80180    127.67234
      7.43000    300.95075    149.66951    155.87710
      7.44000    296.96847    119.30804    178.47807
      7.45000    226.52621     81.26415    145.31868
      7.46000    156.38730     68.07114     88.39021
      7.47000    231.47230    158.23764     74.08070
      7.48000    395.48279    304.31831     94.95695
      7.49000    450.87676    362.03195     96.10866
      7.50000    312.43889    262.35089     57.79133
      7.51000    190.70096    133.62152     62.35414
      7.52000    207.69106     81.78382    127.74089
      7.53000    317.52366    138.13991    179.64721
      7.54000    427.44341    230.47072    197.09799
      7.55000    401.94508    243.29604    159.68328
      7.56000    298.62169    223.59838     79.83167
      7.57000    337.09022    310.68384     40.82129
      7.58000    476.25180    427.61117     72.80867
      7.59000    438.47230    337.09092    120.32233
      7.60000    390.08301    219.35921    182.19500
      7.61000    469.38526    219.99400    261.85818
      7.62000    505.20602    246.21435    274.27377
      7.63000    429.24052    250.94008    192.28566
      7.64000    300.03074    222.46125     88.92867
      7.65000    205.49282    178.95451     34.39041
      7.66000    175.80817    157.99662     25.49371
      7.67000    220.89726    172.61262     61.10904
      7.68000    272.38128    188.06646     96.27628
      7.69000    269.38495    185.75917     93.67019
      7.70000    204.91656    139.96772     73.98654
      7.71000    218.05329    108.88641    114.49051
      7.72000    295.32965    147.98192    155.15942
      7.73000    254.39111    168.03728     98.86452
      7.74000    212.10500    155.29333     65.21696
      7.75000    226.66288    169.42822     62.35082
      7.76000    235.01214    201.96833     41.21502
      7.77000    199.63827    165.92676     40.94997
      7.78000    121.22110     78.53214     45.09209
      7.79000     50.14272     25.40225     25.06419
      7.80000     55.28561     28.64336     27.20035
      7.81000    167.03559    102.52881     68.13726
      7.82000    269.07088    183.29271     94.87918
      7.83000    297.11265    197.35117    109.81076
      7.84000    319.86661    216.70534    112.08391
      7.85000    266.25423    185.10597     88.41098
      7.86000    186.28762    108.22322     80.89656
      7.87000    154.93295     97.99942     57.35450
      7.88000    131.60895    102.20817     29.42389
      7.89000    111.62466     83.47154     28.15358
      7.90000    103.67277     51.92129     51.75162
      7.91000    131.17488     57.68044     73.50258
      7.92000    130.06169     83.39697     46.84805
      7.93000     87.12079     75.64509     12.99585
      7.94000     88.36799     90.12274      2.88267
      7.95000    132.06267    127.44779      9.83827
      7.96000    220.65224    183.87107     39.32755
      7.97000    390.25580    297.42797     96.16350
      7.98000    541.78400    401.96146    148.37545
      7.99000    489.56247    340.93499    157.72709
      8.00000    369.57636    239.21882    134.23388
      8.01000    283.77205    217.22842     67.84115
      8.02000    190.16805    172.33797     18.82892
      8.03000     97.46858     92.65310      7.03303
      8.04000    110.98814     95.44290     22.10044
      8.05000    204.30231    153.61996     59.66934
      8.06000    244.48905    188.22848     62.63104
      8.07000    166.15758    142.75910     26.21337
      8.08000     60.33010     54.82609      6.15452
      8.09000     45.50303     37.34378      8.22156
      8.10000    101.19140     82.33395     18.85971
      8.11000    159.91343    133.79517     26.11833
      8.12000    183.98739    150.00215     33.98880
      8.13000    162.08728    108.60794     53.58003
      8.14000    200.55536    107.18352     94.42010
      8.15000    288.94632    180.49984    112.46750
      8.16000    384.48682    286.71316    103.52966
      8.17000    370.42380    305.05036     68.80837
      8.18000    256.74367    212.76522     45.45539
      8.19000    222.08577    130.36654     92.37479
      8.20000    263.04231    105.03693    158.22726
      8.21000    288.13058    111.68917    177.44550
      8.22000    372.04707    185.93094    191.32525
      8.23000    418.37170    261.58972    167.26523
      8.24000    267.39446    196.28932     81.90648
      8.25000    195.01189    160.37977     46.79949
      8.26000    293.47741    223.62836     80.56257
      8.27000    381.66115    281.33978    104.29879
      8.28000    355.93526    268.37873     88.32250
      8.29000    285.83951    217.15147     69.97042
      8.30000    234.60012    186.66916     50.59703
      8.31000    213.84068    178.19326     37.81956
      8.32000    195.39818    163.65962     32.51680
      8.33000    159.16720    131.39061     28.07764
      8.34000    165.17813    119.78792     47.03618
      8.35000    171.26211    126.18821     52.02369
